2026-09-28T16:37:35Z archive.org advancedsearch bowdoin temple
2026-09-28T16:37:42Z archive.org metadata bowdointemplepap00bowdrich
2026-09-28T16:37:52Z archive.org download bt djvu.txt
2026-09-28T16:38:01Z archive.org advancedsearch MHS coll 7th ser
2026-09-28T16:38:13Z archive.org advancedsearch x2
2026-09-28T16:38:25Z archive.org download collectionsofmas00mass_17 djvu
2026-09-28T16:39:53Z archivesspace.bowdoin.edu search resource 166 q=Armstrong
2026-09-28T16:39:56Z archivesspace.bowdoin.edu search resource 166 q=cipher
2026-09-28T16:39:58Z archivesspace.bowdoin.edu search resource 166 q=cypher
2026-09-28T16:41:11Z archivesspace.bowdoin.edu browser search Armstrong
2026-09-28T16:41:36Z web.archive.org cdx bowdoin archivesspace
2026-09-28T16:41:52Z digitalcollections.bowdoin.edu https://digitalcollections.bowdoin.edu/
2026-09-28T16:41:55Z digitalcollections.bowdoin.edu https://digitalcollections.bowdoin.edu/search?search_api_fulltext=Bowdoin+letterbook
2026-09-28T16:42:11Z digitalcollections.bowdoin.edu browse POST q=James Bowdoin letterbook
2026-09-28T16:42:14Z digitalcollections.bowdoin.edu browse POST q=Armstrong cipher
2026-09-28T16:42:17Z digitalcollections.bowdoin.edu browse POST q=Bowdoin Armstrong 1807
2026-09-28T16:42:35Z founders.archives.gov browser search Armstrong cypher 1806-08
2026-09-28T16:42:49Z founders.archives.gov browser results Armstrong cypher
2026-09-28T16:43:10Z founders.archives.gov browser results r=11
2026-09-28T16:43:19Z founders.archives.gov browser results r=21
2026-09-28T16:43:35Z founders.archives.gov browser doc r=2
2026-09-28T16:43:44Z founders.archives.gov browser doc r=4
2026-09-28T16:43:52Z founders.archives.gov browser doc r=5
2026-09-28T16:44:01Z founders.archives.gov browser doc r=6
2026-09-28T16:44:09Z founders.archives.gov browser doc r=10
2026-09-28T16:44:18Z founders.archives.gov browser doc r=12
2026-09-28T16:44:26Z founders.archives.gov browser doc r=13
2026-09-28T16:44:35Z founders.archives.gov browser doc r=14
2026-09-28T16:44:43Z founders.archives.gov browser doc r=15
2026-09-28T16:44:51Z founders.archives.gov browser doc r=18
2026-09-28T16:44:59Z founders.archives.gov browser doc r=20
2026-09-28T16:45:08Z founders.archives.gov browser doc r=21
2026-09-28T16:46:03Z catalog.archives.gov browser id/188671172
2026-09-28T16:46:13Z catalog.archives.gov iiif info r13 f40
2026-09-28T16:46:19Z catalog.archives.gov HEAD M34-013.pdf
2026-09-28T16:46:26Z catalog.archives.gov GET M34-013.pdf (91 MB)
2026-09-28T16:48:30Z www.loc.gov monroe papers q=armstrong
2026-09-28T16:48:33Z www.loc.gov monroe papers q=armstrong cipher
2026-09-28T16:49:09Z tile.loc.gov monroe r3 f0300 pct20
2026-09-28T16:49:13Z tile.loc.gov monroe r3 f0320 pct20
2026-09-28T16:49:15Z tile.loc.gov monroe r3 f0340 pct20
2026-09-28T16:49:17Z tile.loc.gov monroe r3 f0360 pct20
2026-09-28T16:49:19Z tile.loc.gov monroe r3 f0380 pct20
2026-09-28T16:49:21Z tile.loc.gov monroe r3 f0400 pct20
2026-09-28T16:49:23Z tile.loc.gov monroe r3 f0420 pct20
2026-09-28T16:49:25Z tile.loc.gov monroe r3 f0440 pct20
2026-09-28T16:49:27Z tile.loc.gov monroe r3 f0460 pct20
2026-09-28T16:49:29Z tile.loc.gov monroe r3 f0480 pct20
2026-09-28T16:49:31Z tile.loc.gov monroe r3 f0500 pct20
2026-09-28T16:49:33Z tile.loc.gov monroe r3 f0520 pct20
2026-09-28T16:49:35Z tile.loc.gov monroe r3 f0540 pct20
2026-09-28T16:49:37Z tile.loc.gov monroe r3 f0560 pct20
2026-09-28T16:49:40Z tile.loc.gov monroe r3 f0580 pct20
2026-09-28T16:49:41Z tile.loc.gov monroe r3 f0600 pct20
2026-09-28T16:49:43Z tile.loc.gov monroe r3 f0620 pct20
2026-09-28T16:49:46Z tile.loc.gov monroe r3 f0640 pct20
2026-09-28T16:50:07Z tile.loc.gov monroe r3 f0562 pct15
2026-09-28T16:50:09Z tile.loc.gov monroe r3 f0565 pct15
2026-09-28T16:50:11Z tile.loc.gov monroe r3 f0568 pct15
2026-09-28T16:50:13Z tile.loc.gov monroe r3 f0571 pct15
2026-09-28T16:50:15Z tile.loc.gov monroe r3 f0574 pct15
2026-09-28T16:50:19Z tile.loc.gov monroe r3 f0577 pct15
2026-09-28T16:50:21Z tile.loc.gov monroe r3 f0580 pct15
2026-09-28T16:50:23Z tile.loc.gov monroe r3 f0583 pct15
2026-09-28T16:50:26Z tile.loc.gov monroe r3 f0586 pct15
2026-09-28T16:50:28Z tile.loc.gov monroe r3 f0589 pct15
2026-09-28T16:50:30Z tile.loc.gov monroe r3 f0592 pct15
2026-09-28T16:50:32Z tile.loc.gov monroe r3 f0595 pct15
2026-09-28T16:50:34Z tile.loc.gov monroe r3 f0598 pct15
2026-09-28T16:50:36Z tile.loc.gov monroe r3 f0601 pct15
2026-09-28T16:50:38Z tile.loc.gov monroe r3 f0604 pct15
2026-09-28T16:50:40Z tile.loc.gov monroe r3 f0607 pct15
2026-09-28T16:50:42Z tile.loc.gov monroe r3 f0610 pct15
2026-09-28T16:50:45Z tile.loc.gov monroe r3 f0613 pct15
2026-09-28T16:50:47Z tile.loc.gov monroe r3 f0616 pct15
2026-09-28T16:50:49Z tile.loc.gov monroe r3 f0619 pct15
2026-09-28T16:50:51Z tile.loc.gov monroe r3 f0622 pct15
2026-09-28T16:50:53Z tile.loc.gov monroe r3 f0625 pct15
2026-09-28T16:50:55Z tile.loc.gov monroe r3 f0628 pct15
2026-09-28T16:50:59Z tile.loc.gov monroe r3 f0631 pct15
2026-09-28T16:51:01Z tile.loc.gov monroe r3 f0634 pct15
2026-09-28T16:51:04Z tile.loc.gov monroe r3 f0637 pct15
2026-09-28T16:51:05Z tile.loc.gov monroe r3 f0640 pct15
2026-09-28T16:51:08Z tile.loc.gov monroe r3 f0643 pct15
2026-09-28T16:51:10Z tile.loc.gov monroe r3 f0646 pct15
2026-09-28T16:51:12Z tile.loc.gov monroe r3 f0649 pct15
2026-09-28T16:51:14Z tile.loc.gov monroe r3 f0652 pct15
2026-09-28T16:51:17Z tile.loc.gov monroe r3 f0655 pct15
2026-09-28T16:51:19Z tile.loc.gov monroe r3 f0658 pct15
2026-09-28T16:51:21Z tile.loc.gov monroe r3 f0661 pct15
2026-09-28T16:51:22Z tile.loc.gov monroe r3 f0664 pct15
2026-09-28T16:51:24Z tile.loc.gov monroe r3 f0667 pct15
2026-09-28T16:51:26Z tile.loc.gov monroe r3 f0670 pct15
2026-09-28T16:51:28Z tile.loc.gov monroe r3 f0673 pct15
2026-09-28T16:51:31Z tile.loc.gov monroe r3 f0676 pct15
2026-09-28T16:51:33Z tile.loc.gov monroe r3 f0679 pct15
2026-09-28T16:51:35Z tile.loc.gov monroe r3 f0682 pct15
2026-09-28T16:51:37Z tile.loc.gov monroe r3 f0685 pct15
2026-09-28T16:51:39Z tile.loc.gov monroe r3 f0688 pct15
2026-09-28T16:51:41Z tile.loc.gov monroe r3 f0691 pct15
2026-09-28T16:51:43Z tile.loc.gov monroe r3 f0694 pct15
2026-09-28T16:51:45Z tile.loc.gov monroe r3 f0697 pct15
2026-09-28T16:51:48Z tile.loc.gov monroe r3 f0700 pct15
2026-09-28T16:52:10Z tile.loc.gov monroe r3 f0626 pct15
2026-09-28T16:52:12Z tile.loc.gov monroe r3 f0627 pct15
2026-09-28T16:52:14Z tile.loc.gov monroe r3 f0629 pct15
2026-09-28T16:52:16Z tile.loc.gov monroe r3 f0630 pct15
2026-09-28T16:52:19Z tile.loc.gov monroe r3 f0632 pct15
2026-09-28T16:52:21Z tile.loc.gov monroe r3 f0633 pct15
2026-09-28T16:52:23Z tile.loc.gov monroe r3 f0635 pct15
2026-09-28T16:52:25Z tile.loc.gov monroe r3 f0636 pct15
2026-09-28T16:52:28Z tile.loc.gov monroe r3 f0638 pct15
2026-09-28T16:52:30Z tile.loc.gov monroe r3 f0639 pct15
2026-09-28T16:52:32Z tile.loc.gov monroe r3 f0641 pct15
2026-09-28T16:52:34Z tile.loc.gov monroe r3 f0642 pct15
2026-09-28T16:52:36Z tile.loc.gov monroe r3 f0644 pct15
2026-09-28T16:52:38Z tile.loc.gov monroe r3 f0645 pct15
2026-09-28T16:52:40Z tile.loc.gov monroe r3 f0647 pct15
2026-09-28T16:52:43Z tile.loc.gov monroe r3 f0648 pct15
2026-09-28T16:52:50Z tile.loc.gov monroe r3 f0650 pct15
2026-09-28T16:52:52Z tile.loc.gov monroe r3 f0631 pct50
2026-09-28T16:53:06Z tile.loc.gov monroe r3 f0638 pct40
2026-09-28T16:53:28Z digitalcollections.nypl.org search Armstrong Monroe 1805
2026-09-28T16:53:40Z archive.org advancedsearch writings of james monroe
2026-09-28T16:53:55Z archive.org djvu head writingsjamesmo01monrgoog
2026-09-28T16:53:58Z archive.org djvu head writingsjamesmo05monrgoog
2026-09-28T16:54:04Z archive.org djvu head writingsjamesmo11monrgoog
2026-09-28T16:54:08Z archive.org djvu head bub_gb_7w4Oq30-moQC
2026-09-28T16:54:28Z archive.org djvu head writingsjamesmo07monrgoog
2026-09-28T16:54:33Z archive.org djvu head bub_gb_k2c2XroonwoC
2026-09-28T16:54:37Z archive.org djvu head writingsjamesmo09monrgoog
2026-09-28T16:54:42Z archive.org djvu head writingsjamesmo03monrgoog
2026-09-28T16:54:49Z archive.org djvu head writingsjamesmo00hamigoog
2026-09-28T16:54:54Z archive.org djvu head writingsjamesmo10monrgoog
2026-09-28T16:55:07Z archive.org djvu head writingsjamesmo07monrgoog
2026-09-28T16:55:10Z archive.org djvu head writingsjamesmo03monrgoog
2026-09-28T16:55:13Z archive.org djvu head writingsjamesmo08monrgoog
2026-09-28T16:55:34Z archive.org djvu head writingsjamesmo06monrgoog
2026-09-28T16:55:38Z archive.org djvu head writingsjamesmo04monrgoog
2026-09-28T16:55:41Z archive.org djvu head writingsofjamesm0003monr
2026-09-28T16:55:45Z archive.org djvu head writingsjamesmo00unkngoog
2026-09-28T16:55:58Z archive.org djvu full writingsjamesmo07monrgoog
2026-09-28T16:56:01Z archive.org djvu full writingsjamesmo03monrgoog
2026-09-28T16:56:08Z archive.org djvu full writingsjamesmo06monrgoog
2026-09-28T16:56:12Z archive.org djvu full writingsjamesmo04monrgoog
2026-09-28T16:56:59Z archive.org advancedsearch NYPL bulletin 1900
2026-09-28T16:57:07Z archive.org djvu bulletinnewyork34librgoog
2026-09-28T16:57:12Z archive.org djvu bulletinnewyork11librgoog
2026-09-28T16:57:56Z contact page https://library.bowdoin.edu/arch/
2026-09-28T16:57:58Z contact page https://library.bowdoin.edu/arch/contact-us.shtml
2026-09-28T16:58:00Z contact page https://www.fdrlibrary.org/research-contact
2026-09-28T16:58:02Z contact page https://www.fdrlibrary.org/contact
2026-09-28T16:58:04Z contact page https://www.nyhistory.org/library/contact
2026-09-28T16:58:06Z contact page https://www.nyhistory.org/library/ask-a-librarian
2026-09-28 ARM-MONROE-CAT: academics.umw.edu catalogue page 1 (headless Chromium, 200); fms14.longtermsolutions.com WebDirect 1 (sign-in screen reached; sign-in not submitted -- permission policy refused it). No other requests.
