blind pass matches reconciler sign reads at 190/252 positions (0.754); rv=1 words 36/56
L01	omtrent	7/7
L01	den	2/3
L01	staat	3/5
L01	der	3/3
L02	permitteren	2/11
L02	de	2/2
L02	omstandigheeden	7/15
L02	niet	4/4
L03	mij	2/2
L03	per	2/3
L03	deeze	3/5
L03	in	2/2
L06	dat	2/3
L06	niets	4/5
L06	versuymd	7/8
L06	is	2/2
L06	om	2/2
L06	dezelve	5/7
L06	in	2/2
L07	soodaanige	8/10
L07	staat	5/5
L07	te	2/2
L07	dat	2/3
L07	den	2/3
L07	vyand	4/5
L08	er	2/2
L08	sig	3/3
L08	niet	4/4
L08	gemakkelijk	8/10
L08	van	3/3
L08	sal	2/3
L08	maaken	5/6
L09	dat	2/3
L09	men	3/3
L09	nog	1/3
L09	beezig	6/6
L09	is	2/2
L09	te	2/2
M01	verbeteren	2/10
M01	en	2/2
M01	dat	1/3
M01	niets	3/5
M01	versuimd	8/8
M01	word	3/4
M02	wat	3/3
M02	tyd	2/3
M02	en	2/2
M02	omstandigheeden	10/15
M02	toelaa	5/6
M03	ten	3/3
M03	om	2/2
M03	alles	5/5
M03	op	1/2
M03	een	2/3
M04	stellen	7/7
