370	12	NL-HaNA_1.05.03_370_0012.tif	200 image/jpeg
370	43	NL-HaNA_1.05.03_370_0043.tif	200 image/jpeg
370	75	NL-HaNA_1.05.03_370_0075.tif	200 image/jpeg
370	106	NL-HaNA_1.05.03_370_0106.tif	200 image/jpeg
370	137	NL-HaNA_1.05.03_370_0137.tif	200 image/jpeg
370	168	NL-HaNA_1.05.03_370_0168.tif	200 image/jpeg
370	199	NL-HaNA_1.05.03_370_0199.tif	200 image/jpeg
370	231	NL-HaNA_1.05.03_370_0231.tif	200 image/jpeg
370	262	NL-HaNA_1.05.03_370_0262.tif	200 image/jpeg
370	293	NL-HaNA_1.05.03_370_0293.tif	200 image/jpeg
370	324	NL-HaNA_1.05.03_370_0324.tif	200 image/jpeg
370	356	NL-HaNA_1.05.03_370_0356.tif	200 image/jpeg
370	387	NL-HaNA_1.05.03_370_0387.tif	200 image/jpeg
370	418	NL-HaNA_1.05.03_370_0418.tif	200 image/jpeg
370	449	NL-HaNA_1.05.03_370_0449.tif	200 image/jpeg
370	481	NL-HaNA_1.05.03_370_0481.tif	200 image/jpeg
370	512	NL-HaNA_1.05.03_370_0512.tif	200 image/jpeg
370	543	NL-HaNA_1.05.03_370_0543.tif	200 image/jpeg
370	575	NL-HaNA_1.05.03_370_0575.tif	200 image/jpeg
370	605	NL-HaNA_1.05.03_370_0605.tif	200 image/jpeg
370	637	NL-HaNA_1.05.03_370_0637.tif	200 image/jpeg
370	668	NL-HaNA_1.05.03_370_0668.tif	200 image/jpeg
370	699	NL-HaNA_1.05.03_370_0699.tif	200 image/jpeg
370	730	NL-HaNA_1.05.03_370_0730.tif	200 image/jpeg
370	762	NL-HaNA_1.05.03_370_0762.tif	200 image/jpeg
370	793	NL-HaNA_1.05.03_370_0793.tif	200 image/jpeg
371	10	NL-HaNA_1.05.03_371_0010.tif	200 image/jpeg
371	36	NL-HaNA_1.05.03_371_0036.tif	200 image/jpeg
371	61	NL-HaNA_1.05.03_371_0061.tif	200 image/jpeg
371	87	NL-HaNA_1.05.03_371_0087.tif	200 image/jpeg
371	112	NL-HaNA_1.05.03_371_0112.tif	200 image/jpeg
371	138	NL-HaNA_1.05.03_371_0138.tif	200 image/jpeg
371	163	NL-HaNA_1.05.03_371_0163.tif	200 image/jpeg
371	189	NL-HaNA_1.05.03_371_0189.tif	200 image/jpeg
371	215	NL-HaNA_1.05.03_371_0215.tif	200 image/jpeg
371	240	NL-HaNA_1.05.03_371_0240.tif	200 image/jpeg
371	266	NL-HaNA_1.05.03_371_0266.tif	200 image/jpeg
371	291	NL-HaNA_1.05.03_371_0291.tif	200 image/jpeg
371	317	NL-HaNA_1.05.03_371_0317.tif	200 image/jpeg
371	342	NL-HaNA_1.05.03_371_0342.tif	200 image/jpeg
371	368	NL-HaNA_1.05.03_371_0368.tif	200 image/jpeg
371	394	NL-HaNA_1.05.03_371_0394.tif	200 image/jpeg
371	419	NL-HaNA_1.05.03_371_0419.tif	200 image/jpeg
371	445	NL-HaNA_1.05.03_371_0445.tif	200 image/jpeg
371	471	NL-HaNA_1.05.03_371_0471.tif	200 image/jpeg
371	496	NL-HaNA_1.05.03_371_0496.tif	200 image/jpeg
371	522	NL-HaNA_1.05.03_371_0522.tif	200 image/jpeg
371	547	NL-HaNA_1.05.03_371_0547.tif	200 image/jpeg
371	573	NL-HaNA_1.05.03_371_0573.tif	200 image/jpeg
371	598	NL-HaNA_1.05.03_371_0598.tif	200 image/jpeg
371	624	NL-HaNA_1.05.03_371_0624.tif	200 image/jpeg
371	649	NL-HaNA_1.05.03_371_0649.tif	200 image/jpeg
378	7	NL-HaNA_1.05.03_378_0007.tif	200 image/jpeg
378	24	NL-HaNA_1.05.03_378_0024.tif	200 image/jpeg
378	41	NL-HaNA_1.05.03_378_0041.tif	200 image/jpeg
378	58	NL-HaNA_1.05.03_378_0058.tif	200 image/jpeg
378	76	NL-HaNA_1.05.03_378_0076.tif	200 image/jpeg
378	92	NL-HaNA_1.05.03_378_0092.tif	200 image/jpeg
378	109	NL-HaNA_1.05.03_378_0109.tif	200 image/jpeg
378	126	NL-HaNA_1.05.03_378_0126.tif	200 image/jpeg
378	143	NL-HaNA_1.05.03_378_0143.tif	200 image/jpeg
378	161	NL-HaNA_1.05.03_378_0161.tif	200 image/jpeg
378	178	NL-HaNA_1.05.03_378_0178.tif	200 image/jpeg
378	196	NL-HaNA_1.05.03_378_0196.tif	200 image/jpeg
378	212	NL-HaNA_1.05.03_378_0212.tif	200 image/jpeg
378	229	NL-HaNA_1.05.03_378_0229.tif	200 image/jpeg
378	246	NL-HaNA_1.05.03_378_0246.tif	200 image/jpeg
378	263	NL-HaNA_1.05.03_378_0263.tif	200 image/jpeg
378	280	NL-HaNA_1.05.03_378_0280.tif	200 image/jpeg
378	297	NL-HaNA_1.05.03_378_0297.tif	200 image/jpeg
378	314	NL-HaNA_1.05.03_378_0314.tif	200 image/jpeg
378	331	NL-HaNA_1.05.03_378_0331.tif	200 image/jpeg
378	348	NL-HaNA_1.05.03_378_0348.tif	200 image/jpeg
378	365	NL-HaNA_1.05.03_378_0365.tif	200 image/jpeg
378	383	NL-HaNA_1.05.03_378_0383.tif	200 image/jpeg
378	400	NL-HaNA_1.05.03_378_0400.tif	200 image/jpeg
378	417	NL-HaNA_1.05.03_378_0417.tif	200 image/jpeg
378	434	NL-HaNA_1.05.03_378_0434.tif	200 image/jpeg
379	15	NL-HaNA_1.05.03_379_0015.tif	200 image/jpeg
379	56	NL-HaNA_1.05.03_379_0056.tif	200 image/jpeg
379	96	NL-HaNA_1.05.03_379_0096.tif	200 image/jpeg
379	137	NL-HaNA_1.05.03_379_0137.tif	200 image/jpeg
379	177	NL-HaNA_1.05.03_379_0177.tif	200 image/jpeg
379	218	NL-HaNA_1.05.03_379_0218.tif	200 image/jpeg
379	258	NL-HaNA_1.05.03_379_0258.tif	200 image/jpeg
379	298	NL-HaNA_1.05.03_379_0296.tif	200 image/jpeg
379	339	NL-HaNA_1.05.03_379_0337.tif	200 image/jpeg
379	379	NL-HaNA_1.05.03_379_0377.tif	200 image/jpeg
379	420	NL-HaNA_1.05.03_379_0418.tif	200 image/jpeg
379	460	NL-HaNA_1.05.03_379_0458.tif	200 image/jpeg
379	501	NL-HaNA_1.05.03_379_0499.tif	200 image/jpeg
379	541	NL-HaNA_1.05.03_379_0539.tif	200 image/jpeg
379	581	NL-HaNA_1.05.03_379_0579.tif	200 image/jpeg
379	622	NL-HaNA_1.05.03_379_0620.tif	200 image/jpeg
379	662	NL-HaNA_1.05.03_379_0660.tif	200 image/jpeg
379	703	NL-HaNA_1.05.03_379_0693.tif	200 image/jpeg
379	743	NL-HaNA_1.05.03_379_0733.tif	200 image/jpeg
379	783	NL-HaNA_1.05.03_379_0773.tif	200 image/jpeg
379	824	NL-HaNA_1.05.03_379_0814.tif	200 image/jpeg
379	864	NL-HaNA_1.05.03_379_0854.tif	200 image/jpeg
379	905	NL-HaNA_1.05.03_379_0893.tif	200 image/jpeg
379	945	NL-HaNA_1.05.03_379_0933.tif	200 image/jpeg
379	986	NL-HaNA_1.05.03_379_0974.tif	200 image/jpeg
379	1026	NL-HaNA_1.05.03_379_1014.tif	200 image/jpeg
380	5	NL-HaNA_1.05.03_380_0005.tif	200 image/jpeg
380	18	NL-HaNA_1.05.03_380_0018.tif	200 image/jpeg
380	32	NL-HaNA_1.05.03_380_0032.tif	200 image/jpeg
380	45	NL-HaNA_1.05.03_380_0045.tif	200 image/jpeg
380	59	NL-HaNA_1.05.03_380_0059.tif	200 image/jpeg
380	71	NL-HaNA_1.05.03_380_0071.tif	200 image/jpeg
380	84	NL-HaNA_1.05.03_380_0084.tif	200 image/jpeg
380	97	NL-HaNA_1.05.03_380_0097.tif	200 image/jpeg
380	110	NL-HaNA_1.05.03_380_0110.tif	200 image/jpeg
380	123	NL-HaNA_1.05.03_380_0123.tif	200 image/jpeg
380	137	NL-HaNA_1.05.03_380_0137.tif	200 image/jpeg
380	151	NL-HaNA_1.05.03_380_0151.tif	200 image/jpeg
380	163	NL-HaNA_1.05.03_380_0163.tif	200 image/jpeg
380	176	NL-HaNA_1.05.03_380_0176.tif	200 image/jpeg
380	189	NL-HaNA_1.05.03_380_0189.tif	200 image/jpeg
380	202	NL-HaNA_1.05.03_380_0202.tif	200 image/jpeg
380	215	NL-HaNA_1.05.03_380_0215.tif	200 image/jpeg
380	228	NL-HaNA_1.05.03_380_0228.tif	200 image/jpeg
380	241	NL-HaNA_1.05.03_380_0241.tif	200 image/jpeg
380	255	NL-HaNA_1.05.03_380_0255.tif	200 image/jpeg
380	268	NL-HaNA_1.05.03_380_0268.tif	200 image/jpeg
380	281	NL-HaNA_1.05.03_380_0281.tif	200 image/jpeg
380	294	NL-HaNA_1.05.03_380_0294.tif	200 image/jpeg
380	307	NL-HaNA_1.05.03_380_0307.tif	200 image/jpeg
380	320	NL-HaNA_1.05.03_380_0320.tif	200 image/jpeg
380	333	NL-HaNA_1.05.03_380_0333.tif	200 image/jpeg
371	87	NL-HaNA_1.05.03_371_0087.tif	200 image/jpeg	look1200
378	76	NL-HaNA_1.05.03_378_0076.tif	200 image/jpeg	look1200
379	15	NL-HaNA_1.05.03_379_0015.tif	200 image/jpeg	look1200
380	97	NL-HaNA_1.05.03_380_0097.tif	200 image/jpeg	look1200
380	137	NL-HaNA_1.05.03_380_0137.tif	200 image/jpeg	look1200
