370	23	NL-HaNA_1.05.03_370_0023.tif	200 image/jpeg
370	60	NL-HaNA_1.05.03_370_0060.tif	200 image/jpeg
370	96	NL-HaNA_1.05.03_370_0096.tif	200 image/jpeg
370	133	NL-HaNA_1.05.03_370_0133.tif	200 image/jpeg
370	170	NL-HaNA_1.05.03_370_0170.tif	200 image/jpeg
370	207	NL-HaNA_1.05.03_370_0207.tif	200 image/jpeg
370	243	NL-HaNA_1.05.03_370_0243.tif	200 image/jpeg
370	280	NL-HaNA_1.05.03_370_0280.tif	200 image/jpeg
370	317	NL-HaNA_1.05.03_370_0317.tif	200 image/jpeg
370	353	NL-HaNA_1.05.03_370_0353.tif	200 image/jpeg
370	390	NL-HaNA_1.05.03_370_0390.tif	200 image/jpeg
370	427	NL-HaNA_1.05.03_370_0427.tif	200 image/jpeg
370	464	NL-HaNA_1.05.03_370_0464.tif	200 image/jpeg
370	500	NL-HaNA_1.05.03_370_0500.tif	200 image/jpeg
370	537	NL-HaNA_1.05.03_370_0537.tif	200 image/jpeg
370	574	NL-HaNA_1.05.03_370_0574.tif	200 image/jpeg
370	611	NL-HaNA_1.05.03_370_0611.tif	200 image/jpeg
370	647	NL-HaNA_1.05.03_370_0647.tif	200 image/jpeg
370	684	NL-HaNA_1.05.03_370_0684.tif	200 image/jpeg
370	721	NL-HaNA_1.05.03_370_0721.tif	200 image/jpeg
370	757	NL-HaNA_1.05.03_370_0757.tif	200 image/jpeg
370	794	NL-HaNA_1.05.03_370_0794.tif	200 image/jpeg
371	20	NL-HaNA_1.05.03_371_0020.tif	200 image/jpeg
371	50	NL-HaNA_1.05.03_371_0050.tif	200 image/jpeg
371	80	NL-HaNA_1.05.03_371_0080.tif	200 image/jpeg
371	110	NL-HaNA_1.05.03_371_0110.tif	200 image/jpeg
371	140	NL-HaNA_1.05.03_371_0140.tif	200 image/jpeg
371	170	NL-HaNA_1.05.03_371_0170.tif	200 image/jpeg
371	200	NL-HaNA_1.05.03_371_0200.tif	200 image/jpeg
371	230	NL-HaNA_1.05.03_371_0230.tif	200 image/jpeg
371	260	NL-HaNA_1.05.03_371_0260.tif	200 image/jpeg
371	290	NL-HaNA_1.05.03_371_0290.tif	200 image/jpeg
371	320	NL-HaNA_1.05.03_371_0320.tif	200 image/jpeg
371	350	NL-HaNA_1.05.03_371_0350.tif	200 image/jpeg
371	380	NL-HaNA_1.05.03_371_0380.tif	200 image/jpeg
371	410	NL-HaNA_1.05.03_371_0410.tif	200 image/jpeg
371	440	NL-HaNA_1.05.03_371_0440.tif	200 image/jpeg
371	470	NL-HaNA_1.05.03_371_0470.tif	200 image/jpeg
371	500	NL-HaNA_1.05.03_371_0500.tif	200 image/jpeg
371	530	NL-HaNA_1.05.03_371_0530.tif	200 image/jpeg
371	560	NL-HaNA_1.05.03_371_0560.tif	200 image/jpeg
371	590	NL-HaNA_1.05.03_371_0590.tif	200 image/jpeg
371	620	NL-HaNA_1.05.03_371_0620.tif	200 image/jpeg
371	650	NL-HaNA_1.05.03_371_0650.tif	200 image/jpeg
372	25	NL-HaNA_1.05.03_372_0025.tif	200 image/jpeg
372	66	NL-HaNA_1.05.03_372_0066.tif	200 image/jpeg
372	107	NL-HaNA_1.05.03_372_0107.tif	200 image/jpeg
372	148	NL-HaNA_1.05.03_372_0148.tif	200 image/jpeg
372	189	NL-HaNA_1.05.03_372_0189.tif	200 image/jpeg
372	231	NL-HaNA_1.05.03_372_0231.tif	200 image/jpeg
372	272	NL-HaNA_1.05.03_372_0272.tif	200 image/jpeg
372	313	NL-HaNA_1.05.03_372_0313.tif	200 image/jpeg
372	354	NL-HaNA_1.05.03_372_0354.tif	200 image/jpeg
372	395	NL-HaNA_1.05.03_372_0395.tif	200 image/jpeg
372	436	NL-HaNA_1.05.03_372_0436.tif	200 image/jpeg
372	477	NL-HaNA_1.05.03_372_0477.tif	200 image/jpeg
372	518	NL-HaNA_1.05.03_372_0518.tif	200 image/jpeg
372	559	NL-HaNA_1.05.03_372_0559.tif	200 image/jpeg
372	600	NL-HaNA_1.05.03_372_0600.tif	200 image/jpeg
372	641	NL-HaNA_1.05.03_372_0637.tif	200 image/jpeg
372	683	NL-HaNA_1.05.03_372_0679.tif	200 image/jpeg
372	724	NL-HaNA_1.05.03_372_0720.tif	200 image/jpeg
372	765	NL-HaNA_1.05.03_372_0761.tif	200 image/jpeg
372	806	NL-HaNA_1.05.03_372_0802.tif	200 image/jpeg
372	847	NL-HaNA_1.05.03_372_0843.tif	200 image/jpeg
372	888	NL-HaNA_1.05.03_372_0884.tif	200 image/jpeg
378	15	NL-HaNA_1.05.03_378_0015.tif	200 image/jpeg
378	35	NL-HaNA_1.05.03_378_0035.tif	200 image/jpeg
378	55	NL-HaNA_1.05.03_378_0055.tif	200 image/jpeg
378	75	NL-HaNA_1.05.03_378_0075.tif	200 image/jpeg
378	95	NL-HaNA_1.05.03_378_0095.tif	200 image/jpeg
378	115	NL-HaNA_1.05.03_378_0115.tif	200 image/jpeg
378	135	NL-HaNA_1.05.03_378_0135.tif	200 image/jpeg
378	155	NL-HaNA_1.05.03_378_0155.tif	200 image/jpeg
378	175	NL-HaNA_1.05.03_378_0175.tif	200 image/jpeg
378	195	NL-HaNA_1.05.03_378_0195.tif	200 image/jpeg
378	215	NL-HaNA_1.05.03_378_0215.tif	200 image/jpeg
378	235	NL-HaNA_1.05.03_378_0235.tif	200 image/jpeg
378	255	NL-HaNA_1.05.03_378_0255.tif	200 image/jpeg
378	275	NL-HaNA_1.05.03_378_0275.tif	200 image/jpeg
378	295	NL-HaNA_1.05.03_378_0295.tif	200 image/jpeg
378	315	NL-HaNA_1.05.03_378_0315.tif	200 image/jpeg
378	335	NL-HaNA_1.05.03_378_0335.tif	200 image/jpeg
378	355	NL-HaNA_1.05.03_378_0355.tif	200 image/jpeg
378	375	NL-HaNA_1.05.03_378_0375.tif	200 image/jpeg
378	395	NL-HaNA_1.05.03_378_0395.tif	200 image/jpeg
378	415	NL-HaNA_1.05.03_378_0415.tif	200 image/jpeg
378	435	NL-HaNA_1.05.03_378_0435.tif	200 image/jpeg
379	28	NL-HaNA_1.05.03_379_0028.tif	200 image/jpeg
379	76	NL-HaNA_1.05.03_379_0076.tif	200 image/jpeg
379	123	NL-HaNA_1.05.03_379_0123.tif	200 image/jpeg
379	171	NL-HaNA_1.05.03_379_0171.tif	200 image/jpeg
379	219	NL-HaNA_1.05.03_379_0219.tif	200 image/jpeg
379	266	NL-HaNA_1.05.03_379_0266.tif	200 image/jpeg
379	314	NL-HaNA_1.05.03_379_0312.tif	200 image/jpeg
379	361	NL-HaNA_1.05.03_379_0359.tif	200 image/jpeg
379	409	NL-HaNA_1.05.03_379_0407.tif	200 image/jpeg
379	457	NL-HaNA_1.05.03_379_0455.tif	200 image/jpeg
379	504	NL-HaNA_1.05.03_379_0502.tif	200 image/jpeg
379	552	NL-HaNA_1.05.03_379_0550.tif	200 image/jpeg
379	599	NL-HaNA_1.05.03_379_0597.tif	200 image/jpeg
379	647	NL-HaNA_1.05.03_379_0645.tif	200 image/jpeg
379	695	NL-HaNA_1.05.03_379_0685_deelopname02.tif	200 image/jpeg
379	742	NL-HaNA_1.05.03_379_0732.tif	200 image/jpeg
379	790	NL-HaNA_1.05.03_379_0780.tif	200 image/jpeg
379	837	NL-HaNA_1.05.03_379_0827.tif	200 image/jpeg
379	885	NL-HaNA_1.05.03_379_0874_deelopname01.tif	200 image/jpeg
379	933	NL-HaNA_1.05.03_379_0921.tif	200 image/jpeg
379	980	NL-HaNA_1.05.03_379_0968.tif	200 image/jpeg
379	1028	NL-HaNA_1.05.03_379_1016.tif	200 image/jpeg
380	12	NL-HaNA_1.05.03_380_0012.tif	200 image/jpeg
380	27	NL-HaNA_1.05.03_380_0027.tif	200 image/jpeg
380	43	NL-HaNA_1.05.03_380_0043.tif	200 image/jpeg
380	58	NL-HaNA_1.05.03_380_0058.tif	200 image/jpeg
380	73	NL-HaNA_1.05.03_380_0073.tif	200 image/jpeg
380	89	NL-HaNA_1.05.03_380_0089.tif	200 image/jpeg
380	104	NL-HaNA_1.05.03_380_0104.tif	200 image/jpeg
380	119	NL-HaNA_1.05.03_380_0119.tif	200 image/jpeg
380	135	NL-HaNA_1.05.03_380_0135.tif	200 image/jpeg
380	150	NL-HaNA_1.05.03_380_0150.tif	200 image/jpeg
380	165	NL-HaNA_1.05.03_380_0165.tif	200 image/jpeg
380	181	NL-HaNA_1.05.03_380_0181.tif	200 image/jpeg
380	196	NL-HaNA_1.05.03_380_0196.tif	200 image/jpeg
380	211	NL-HaNA_1.05.03_380_0211.tif	200 image/jpeg
380	227	NL-HaNA_1.05.03_380_0227.tif	200 image/jpeg
380	242	NL-HaNA_1.05.03_380_0242.tif	200 image/jpeg
380	257	NL-HaNA_1.05.03_380_0257.tif	200 image/jpeg
380	273	NL-HaNA_1.05.03_380_0273.tif	200 image/jpeg
380	288	NL-HaNA_1.05.03_380_0288.tif	200 image/jpeg
380	303	NL-HaNA_1.05.03_380_0303.tif	200 image/jpeg
380	319	NL-HaNA_1.05.03_380_0319.tif	200 image/jpeg
380	334	NL-HaNA_1.05.03_380_0334.tif	200 image/jpeg
372	184	NL-HaNA_1.05.03_372_0184.tif	200 image/jpeg	nb
372	185	NL-HaNA_1.05.03_372_0185.tif	200 image/jpeg	nb
372	186	NL-HaNA_1.05.03_372_0186.tif	200 image/jpeg	nb
372	187	NL-HaNA_1.05.03_372_0187.tif	200 image/jpeg	nb
372	188	NL-HaNA_1.05.03_372_0188.tif	200 image/jpeg	nb
372	190	NL-HaNA_1.05.03_372_0190.tif	200 image/jpeg	nb
372	191	NL-HaNA_1.05.03_372_0191.tif	200 image/jpeg	nb
372	192	NL-HaNA_1.05.03_372_0192.tif	200 image/jpeg	nb
372	193	NL-HaNA_1.05.03_372_0193.tif	200 image/jpeg	nb
372	194	NL-HaNA_1.05.03_372_0194.tif	200 image/jpeg	nb
379	28	NL-HaNA_1.05.03_379_0028.tif	200 image/jpeg	nb
380	319	NL-HaNA_1.05.03_380_0319.tif	200 image/jpeg	nb
