  stage 1: 45749 candidates; top [(0.3, 'ontbijt', 'both'), (-0.8, 'vingertoppen', 'plain'), (-1.1, 'aarzelde', 'full'), (-1.2, 'verwandeln', 'plain'), (-1.3, 'bevond', 'both'), (-1.5, 'verfolgungen', 'plain'), (-1.6, 'noodig', 'both'), (-1.7, 'verfolgten', 'plain'), (-1.9, 'wohnhaus', 'key'), (-1.9, 'verwijtend', 'plain'), (-1.9, 'verwildering', 'plain'), (-1.9, 'verwijtingen', 'plain'), (-1.9, 'veulentje', 'plain'), (-2.0, 'verbrijzeld', 'plain'), (-2.1, 'verzamelen', 'plain'), (-2.1, 'rahels', 'full'), (-2.2, 'verkaufen', 'plain'), (-2.3, 'ratelde', 'full'), (-2.4, 'rangen', 'full'), (-2.5, 'verflachung', 'plain'), (-2.5, 'verzeih', 'plain'), (-2.5, 'wegzonk', 'plain'), (-2.6, 'dorschvlegel', 'both'), (-2.6, 'oolijk', 'both'), (-2.7, 'spoorbrug', 'key'), (-2.7, 'verlaten', 'plain'), (-2.8, 'konzert', 'plain'), (-2.8, 'fragend', 'full'), (-2.8, 'gevonden', 'both'), (-2.9, 'verjahrung', 'plain')]; standard tableau -18.7 nats (rank 24648)
  stage 2: mixed:ontbijt:both:beau stage1 0.3 -> msg1 joint ll/letter -3.522
  stage 2: mixed:vingertoppen:plain:beau stage1 -0.8 -> msg1 joint ll/letter -3.594
  stage 2: mixed:aarzelde:full:beau stage1 -1.1 -> msg1 joint ll/letter -3.435
  stage 2: mixed:verwandeln:plain:beau stage1 -1.2 -> msg1 joint ll/letter -3.559
  stage 2: mixed:bevond:both:beau stage1 -1.3 -> msg1 joint ll/letter -3.527
  stage 2: mixed:verfolgungen:plain:beau stage1 -1.5 -> msg1 joint ll/letter -3.537
  stage 2: mixed:noodig:both:beau stage1 -1.6 -> msg1 joint ll/letter -3.533
  stage 2: mixed:verfolgten:plain:beau stage1 -1.7 -> msg1 joint ll/letter -3.506
  stage 2: mixed:wohnhaus:key:beau stage1 -1.9 -> msg1 joint ll/letter -3.540
  stage 2: mixed:verwijtend:plain:beau stage1 -1.9 -> msg1 joint ll/letter -3.539
  stage 2: mixed:verwildering:plain:beau stage1 -1.9 -> msg1 joint ll/letter -3.490
  stage 2: mixed:verwijtingen:plain:beau stage1 -1.9 -> msg1 joint ll/letter -3.515
  stage 2: mixed:veulentje:plain:beau stage1 -1.9 -> msg1 joint ll/letter -3.565
  stage 2: mixed:verbrijzeld:plain:beau stage1 -2.0 -> msg1 joint ll/letter -3.565
  stage 2: mixed:verzamelen:plain:beau stage1 -2.1 -> msg1 joint ll/letter -3.575
  stage 2: mixed:rahels:full:beau stage1 -2.1 -> msg1 joint ll/letter -3.556
  stage 2: mixed:verkaufen:plain:beau stage1 -2.2 -> msg1 joint ll/letter -3.563
  stage 2: mixed:ratelde:full:beau stage1 -2.3 -> msg1 joint ll/letter -3.519
  stage 2: mixed:rangen:full:beau stage1 -2.4 -> msg1 joint ll/letter -3.476
  stage 2: mixed:verflachung:plain:beau stage1 -2.5 -> msg1 joint ll/letter -3.566
  stage 2: mixed:verzeih:plain:beau stage1 -2.5 -> msg1 joint ll/letter -3.523
  stage 2: mixed:wegzonk:plain:beau stage1 -2.5 -> msg1 joint ll/letter -3.549
  stage 2: mixed:dorschvlegel:both:beau stage1 -2.6 -> msg1 joint ll/letter -3.520
  stage 2: mixed:oolijk:both:beau stage1 -2.6 -> msg1 joint ll/letter -3.560
  stage 2: mixed:spoorbrug:key:beau stage1 -2.7 -> msg1 joint ll/letter -3.547
  stage 2: mixed:verlaten:plain:beau stage1 -2.7 -> msg1 joint ll/letter -3.514
  stage 2: mixed:konzert:plain:beau stage1 -2.8 -> msg1 joint ll/letter -3.570
  stage 2: mixed:fragend:full:beau stage1 -2.8 -> msg1 joint ll/letter -3.521
  stage 2: mixed:gevonden:both:beau stage1 -2.8 -> msg1 joint ll/letter -3.518
  stage 2: mixed:verjahrung:plain:beau stage1 -2.9 -> msg1 joint ll/letter -3.590
u1: uniform seed 1 -> pooled joint ll/letter -3.5071 tabula mixed:aarzelde:full:beau stage1 -1.15 nats (374s)
  stage 1: 45749 candidates; top [(0.7, 'choix', 'key'), (0.7, 'palais', 'key'), (0.7, 'tapijt', 'key'), (-0.6, 'opzag', 'key'), (-0.9, 'zijn', 'key'), (-1.0, 'glanz', 'key'), (-1.0, 'altijd', 'plain'), (-1.2, 'kains', 'key'), (-1.3, 'fips', 'key'), (-1.4, 'hwang', 'key'), (-1.5, 'auge', 'plain'), (-1.6, 'wijn', 'key'), (-1.6, 'tage', 'plain'), (-1.7, 'mirambo', 'key'), (-1.8, 'sage', 'plain'), (-1.8, 'schemel', 'plain'), (-1.8, 'arger', 'plain'), (-1.9, 'galant', 'key'), (-1.9, 'bring', 'key'), (-2.0, 'ihrem', 'plain'), (-2.0, 'acte', 'plain'), (-2.1, 'phull', 'key'), (-2.1, 'quarts', 'full'), (-2.1, 'adieu', 'plain'), (-2.2, 'datte', 'plain'), (-2.2, 'gasse', 'plain'), (-2.2, 'zalig', 'key'), (-2.2, 'sopha', 'key'), (-2.3, 'josephine', 'key'), (-2.3, 'prior', 'key')]; standard tableau -25.8 nats (rank 35297)
  stage 2: mixed:choix:key:beau stage1 0.7 -> msg1 joint ll/letter -3.529
  stage 2: mixed:palais:key:beau stage1 0.7 -> msg1 joint ll/letter -3.540
  stage 2: mixed:tapijt:key:beau stage1 0.7 -> msg1 joint ll/letter -3.519
  stage 2: mixed:opzag:key:beau stage1 -0.6 -> msg1 joint ll/letter -3.511
  stage 2: mixed:zijn:key:beau stage1 -0.9 -> msg1 joint ll/letter -3.452
  stage 2: mixed:glanz:key:beau stage1 -1.0 -> msg1 joint ll/letter -3.509
  stage 2: mixed:altijd:plain:beau stage1 -1.0 -> msg1 joint ll/letter -3.563
  stage 2: mixed:kains:key:beau stage1 -1.2 -> msg1 joint ll/letter -3.471
  stage 2: mixed:fips:key:beau stage1 -1.3 -> msg1 joint ll/letter -3.534
  stage 2: mixed:hwang:key:beau stage1 -1.4 -> msg1 joint ll/letter -3.512
  stage 2: mixed:auge:plain:beau stage1 -1.5 -> msg1 joint ll/letter -3.515
  stage 2: mixed:wijn:key:beau stage1 -1.6 -> msg1 joint ll/letter -3.493
  stage 2: mixed:tage:plain:beau stage1 -1.6 -> msg1 joint ll/letter -3.490
  stage 2: mixed:mirambo:key:beau stage1 -1.7 -> msg1 joint ll/letter -3.484
  stage 2: mixed:sage:plain:beau stage1 -1.8 -> msg1 joint ll/letter -3.511
  stage 2: mixed:schemel:plain:beau stage1 -1.8 -> msg1 joint ll/letter -3.529
  stage 2: mixed:arger:plain:beau stage1 -1.8 -> msg1 joint ll/letter -3.490
  stage 2: mixed:galant:key:beau stage1 -1.9 -> msg1 joint ll/letter -3.483
  stage 2: mixed:bring:key:beau stage1 -1.9 -> msg1 joint ll/letter -3.504
  stage 2: mixed:ihrem:plain:beau stage1 -2.0 -> msg1 joint ll/letter -3.541
  stage 2: mixed:acte:plain:beau stage1 -2.0 -> msg1 joint ll/letter -3.533
  stage 2: mixed:phull:key:beau stage1 -2.1 -> msg1 joint ll/letter -3.515
  stage 2: mixed:quarts:full:beau stage1 -2.1 -> msg1 joint ll/letter -3.445
  stage 2: mixed:adieu:plain:beau stage1 -2.1 -> msg1 joint ll/letter -3.472
  stage 2: mixed:datte:plain:beau stage1 -2.2 -> msg1 joint ll/letter -3.532
  stage 2: mixed:gasse:plain:beau stage1 -2.2 -> msg1 joint ll/letter -3.542
  stage 2: mixed:zalig:key:beau stage1 -2.2 -> msg1 joint ll/letter -3.511
  stage 2: mixed:sopha:key:beau stage1 -2.2 -> msg1 joint ll/letter -3.459
  stage 2: mixed:josephine:key:beau stage1 -2.3 -> msg1 joint ll/letter -3.550
  stage 2: mixed:prior:key:beau stage1 -2.3 -> msg1 joint ll/letter -3.575
u2: uniform seed 2 -> pooled joint ll/letter -3.5282 tabula mixed:quarts:full:beau stage1 -2.14 nats (378s)
  stage 1: 45749 candidates; top [(3.1, 'schurk', 'full'), (1.8, 'slaapkamer', 'full'), (1.7, 'schwantikow', 'full'), (0.1, 'siegel', 'full'), (-0.2, 'strich', 'full'), (-0.6, 'strick', 'full'), (-0.8, 'slank', 'full'), (-1.0, 'wechgebleven', 'plain'), (-1.1, 'schuld', 'full'), (-1.1, 'stattliche', 'full'), (-1.2, 'sechzehn', 'full'), (-1.2, 'schiff', 'full'), (-1.2, 'sing', 'full'), (-1.3, 'skandal', 'full'), (-1.3, 'schritt', 'full'), (-1.3, 'sichtbar', 'full'), (-1.5, 'schwach', 'full'), (-1.5, 'sints', 'full'), (-1.6, 'schade', 'full'), (-1.7, 'terugkomende', 'plain'), (-1.7, 'angekommen', 'plain'), (-1.7, 'schulzeit', 'full'), (-1.9, 'sagt', 'full'), (-1.9, 'strik', 'full'), (-1.9, 'seligen', 'full'), (-2.0, 'sitt', 'full'), (-2.0, 'gepiqueerd', 'plain'), (-2.1, 'kritik', 'full'), (-2.1, 'sechste', 'full'), (-2.1, 'teruggekomen', 'plain')]; standard tableau -21.5 nats (rank 27169)
  stage 2: mixed:schurk:full:beau stage1 3.1 -> msg1 joint ll/letter -3.491
  stage 2: mixed:slaapkamer:full:beau stage1 1.8 -> msg1 joint ll/letter -3.515
  stage 2: mixed:schwantikow:full:beau stage1 1.7 -> msg1 joint ll/letter -3.538
  stage 2: mixed:siegel:full:beau stage1 0.1 -> msg1 joint ll/letter -3.545
  stage 2: mixed:strich:full:beau stage1 -0.2 -> msg1 joint ll/letter -3.534
  stage 2: mixed:strick:full:beau stage1 -0.6 -> msg1 joint ll/letter -3.565
  stage 2: mixed:slank:full:beau stage1 -0.8 -> msg1 joint ll/letter -3.546
  stage 2: mixed:wechgebleven:plain:beau stage1 -1.0 -> msg1 joint ll/letter -3.551
  stage 2: mixed:schuld:full:beau stage1 -1.1 -> msg1 joint ll/letter -3.492
  stage 2: mixed:stattliche:full:beau stage1 -1.1 -> msg1 joint ll/letter -3.536
  stage 2: mixed:sechzehn:full:beau stage1 -1.2 -> msg1 joint ll/letter -3.555
  stage 2: mixed:schiff:full:beau stage1 -1.2 -> msg1 joint ll/letter -3.553
  stage 2: mixed:sing:full:beau stage1 -1.2 -> msg1 joint ll/letter -3.557
  stage 2: mixed:skandal:full:beau stage1 -1.3 -> msg1 joint ll/letter -3.584
  stage 2: mixed:schritt:full:beau stage1 -1.3 -> msg1 joint ll/letter -3.501
  stage 2: mixed:sichtbar:full:beau stage1 -1.3 -> msg1 joint ll/letter -3.541
  stage 2: mixed:schwach:full:beau stage1 -1.5 -> msg1 joint ll/letter -3.482
  stage 2: mixed:sints:full:beau stage1 -1.5 -> msg1 joint ll/letter -3.489
  stage 2: mixed:schade:full:beau stage1 -1.6 -> msg1 joint ll/letter -3.526
  stage 2: mixed:terugkomende:plain:beau stage1 -1.7 -> msg1 joint ll/letter -3.555
  stage 2: mixed:angekommen:plain:beau stage1 -1.7 -> msg1 joint ll/letter -3.556
  stage 2: mixed:schulzeit:full:beau stage1 -1.7 -> msg1 joint ll/letter -3.485
  stage 2: mixed:sagt:full:beau stage1 -1.9 -> msg1 joint ll/letter -3.528
  stage 2: mixed:strik:full:beau stage1 -1.9 -> msg1 joint ll/letter -3.499
  stage 2: mixed:seligen:full:beau stage1 -1.9 -> msg1 joint ll/letter -3.591
  stage 2: mixed:sitt:full:beau stage1 -2.0 -> msg1 joint ll/letter -3.574
  stage 2: mixed:gepiqueerd:plain:beau stage1 -2.0 -> msg1 joint ll/letter -3.550
  stage 2: mixed:kritik:full:beau stage1 -2.1 -> msg1 joint ll/letter -3.511
  stage 2: mixed:sechste:full:beau stage1 -2.1 -> msg1 joint ll/letter -3.516
  stage 2: mixed:teruggekomen:plain:beau stage1 -2.1 -> msg1 joint ll/letter -3.582
u3: uniform seed 3 -> pooled joint ll/letter -3.5481 tabula mixed:schwach:full:beau stage1 -1.48 nats (372s)
  stage 1: 45749 candidates; top [(13.4, 'rijpende', 'plain'), (12.5, 'hevig', 'plain'), (12.4, 'raar', 'plain'), (12.3, 'aufgabe', 'plain'), (12.2, 'wijde', 'plain'), (12.2, 'tijdje', 'plain'), (12.2, 'gabriele', 'plain'), (12.0, 'invallende', 'plain'), (11.8, 'lichtelijk', 'plain'), (11.7, 'rijke', 'plain'), (11.6, 'kalmte', 'plain'), (11.5, 'invitatie', 'plain'), (11.4, 'zijn', 'full'), (11.3, 'wijkend', 'plain'), (11.3, 'bevalligheid', 'plain'), (11.2, 'invloed', 'plain'), (11.2, 'lijve', 'plain'), (11.0, 'hikte', 'plain'), (10.8, 'wijfje', 'plain'), (10.8, 'dichte', 'plain'), (10.7, 'wijle', 'plain'), (10.6, 'gezaaid', 'plain'), (10.6, 'gejuich', 'plain'), (10.6, 'zijde', 'plain'), (10.5, 'kamperfoelie', 'plain'), (10.5, 'tact', 'plain'), (10.5, 'tikje', 'plain'), (10.3, 'cijfer', 'plain'), (10.2, 'amazone', 'plain'), (10.2, 'lijven', 'plain')]; standard tableau -21.9 nats (rank 35851)
  stage 2: mixed:rijpende:plain:beau stage1 13.4 -> msg1 joint ll/letter -3.544
  stage 2: mixed:hevig:plain:beau stage1 12.5 -> msg1 joint ll/letter -3.550
  stage 2: mixed:raar:plain:beau stage1 12.4 -> msg1 joint ll/letter -3.466
  stage 2: mixed:aufgabe:plain:beau stage1 12.3 -> msg1 joint ll/letter -3.497
  stage 2: mixed:wijde:plain:beau stage1 12.2 -> msg1 joint ll/letter -3.466
  stage 2: mixed:tijdje:plain:beau stage1 12.2 -> msg1 joint ll/letter -3.476
  stage 2: mixed:gabriele:plain:beau stage1 12.2 -> msg1 joint ll/letter -3.512
  stage 2: mixed:invallende:plain:beau stage1 12.0 -> msg1 joint ll/letter -3.467
  stage 2: mixed:lichtelijk:plain:beau stage1 11.8 -> msg1 joint ll/letter -3.499
  stage 2: mixed:rijke:plain:beau stage1 11.7 -> msg1 joint ll/letter -3.540
  stage 2: mixed:kalmte:plain:beau stage1 11.6 -> msg1 joint ll/letter -3.502
  stage 2: mixed:invitatie:plain:beau stage1 11.5 -> msg1 joint ll/letter -3.510
  stage 2: mixed:zijn:full:beau stage1 11.4 -> msg1 joint ll/letter -3.481
  stage 2: mixed:wijkend:plain:beau stage1 11.3 -> msg1 joint ll/letter -3.519
  stage 2: mixed:bevalligheid:plain:beau stage1 11.3 -> msg1 joint ll/letter -3.562
  stage 2: mixed:invloed:plain:beau stage1 11.2 -> msg1 joint ll/letter -3.528
  stage 2: mixed:lijve:plain:beau stage1 11.2 -> msg1 joint ll/letter -3.505
  stage 2: mixed:hikte:plain:beau stage1 11.0 -> msg1 joint ll/letter -3.497
  stage 2: mixed:wijfje:plain:beau stage1 10.8 -> msg1 joint ll/letter -3.486
  stage 2: mixed:dichte:plain:beau stage1 10.8 -> msg1 joint ll/letter -3.531
  stage 2: mixed:wijle:plain:beau stage1 10.7 -> msg1 joint ll/letter -3.511
  stage 2: mixed:gezaaid:plain:beau stage1 10.6 -> msg1 joint ll/letter -3.570
  stage 2: mixed:gejuich:plain:beau stage1 10.6 -> msg1 joint ll/letter -3.552
  stage 2: mixed:zijde:plain:beau stage1 10.6 -> msg1 joint ll/letter -3.509
  stage 2: mixed:kamperfoelie:plain:beau stage1 10.5 -> msg1 joint ll/letter -3.519
  stage 2: mixed:tact:plain:beau stage1 10.5 -> msg1 joint ll/letter -3.495
  stage 2: mixed:tikje:plain:beau stage1 10.5 -> msg1 joint ll/letter -3.468
  stage 2: mixed:cijfer:plain:beau stage1 10.3 -> msg1 joint ll/letter -3.530
  stage 2: mixed:amazone:plain:beau stage1 10.2 -> msg1 joint ll/letter -3.523
  stage 2: mixed:lijven:plain:beau stage1 10.2 -> msg1 joint ll/letter -3.498
s1: shuffle seed 1 -> pooled joint ll/letter -3.5266 tabula mixed:raar:plain:beau stage1 12.4 nats (355s)
  stage 1: 45749 candidates; top [(13.4, 'rijpende', 'plain'), (12.5, 'hevig', 'plain'), (12.4, 'raar', 'plain'), (12.3, 'aufgabe', 'plain'), (12.2, 'wijde', 'plain'), (12.2, 'tijdje', 'plain'), (12.2, 'gabriele', 'plain'), (12.0, 'invallende', 'plain'), (11.8, 'lichtelijk', 'plain'), (11.7, 'rijke', 'plain'), (11.6, 'kalmte', 'plain'), (11.5, 'invitatie', 'plain'), (11.4, 'zijn', 'full'), (11.3, 'wijkend', 'plain'), (11.3, 'bevalligheid', 'plain'), (11.2, 'invloed', 'plain'), (11.2, 'lijve', 'plain'), (11.0, 'hikte', 'plain'), (10.8, 'wijfje', 'plain'), (10.8, 'dichte', 'plain'), (10.7, 'wijle', 'plain'), (10.6, 'gezaaid', 'plain'), (10.6, 'gejuich', 'plain'), (10.6, 'zijde', 'plain'), (10.5, 'kamperfoelie', 'plain'), (10.5, 'tact', 'plain'), (10.5, 'tikje', 'plain'), (10.3, 'cijfer', 'plain'), (10.2, 'amazone', 'plain'), (10.2, 'lijven', 'plain')]; standard tableau -21.9 nats (rank 35851)
  stage 2: mixed:rijpende:plain:beau stage1 13.4 -> msg1 joint ll/letter -3.462
  stage 2: mixed:hevig:plain:beau stage1 12.5 -> msg1 joint ll/letter -3.544
  stage 2: mixed:raar:plain:beau stage1 12.4 -> msg1 joint ll/letter -3.503
  stage 2: mixed:aufgabe:plain:beau stage1 12.3 -> msg1 joint ll/letter -3.511
  stage 2: mixed:wijde:plain:beau stage1 12.2 -> msg1 joint ll/letter -3.488
  stage 2: mixed:tijdje:plain:beau stage1 12.2 -> msg1 joint ll/letter -3.417
  stage 2: mixed:gabriele:plain:beau stage1 12.2 -> msg1 joint ll/letter -3.523
  stage 2: mixed:invallende:plain:beau stage1 12.0 -> msg1 joint ll/letter -3.549
  stage 2: mixed:lichtelijk:plain:beau stage1 11.8 -> msg1 joint ll/letter -3.552
  stage 2: mixed:rijke:plain:beau stage1 11.7 -> msg1 joint ll/letter -3.504
  stage 2: mixed:kalmte:plain:beau stage1 11.6 -> msg1 joint ll/letter -3.506
  stage 2: mixed:invitatie:plain:beau stage1 11.5 -> msg1 joint ll/letter -3.539
  stage 2: mixed:zijn:full:beau stage1 11.4 -> msg1 joint ll/letter -3.516
  stage 2: mixed:wijkend:plain:beau stage1 11.3 -> msg1 joint ll/letter -3.512
  stage 2: mixed:bevalligheid:plain:beau stage1 11.3 -> msg1 joint ll/letter -3.528
  stage 2: mixed:invloed:plain:beau stage1 11.2 -> msg1 joint ll/letter -3.540
  stage 2: mixed:lijve:plain:beau stage1 11.2 -> msg1 joint ll/letter -3.504
  stage 2: mixed:hikte:plain:beau stage1 11.0 -> msg1 joint ll/letter -3.476
  stage 2: mixed:wijfje:plain:beau stage1 10.8 -> msg1 joint ll/letter -3.505
  stage 2: mixed:dichte:plain:beau stage1 10.8 -> msg1 joint ll/letter -3.580
  stage 2: mixed:wijle:plain:beau stage1 10.7 -> msg1 joint ll/letter -3.524
  stage 2: mixed:gezaaid:plain:beau stage1 10.6 -> msg1 joint ll/letter -3.518
  stage 2: mixed:gejuich:plain:beau stage1 10.6 -> msg1 joint ll/letter -3.600
  stage 2: mixed:zijde:plain:beau stage1 10.6 -> msg1 joint ll/letter -3.493
  stage 2: mixed:kamperfoelie:plain:beau stage1 10.5 -> msg1 joint ll/letter -3.468
  stage 2: mixed:tact:plain:beau stage1 10.5 -> msg1 joint ll/letter -3.498
  stage 2: mixed:tikje:plain:beau stage1 10.5 -> msg1 joint ll/letter -3.539
  stage 2: mixed:cijfer:plain:beau stage1 10.3 -> msg1 joint ll/letter -3.495
  stage 2: mixed:amazone:plain:beau stage1 10.2 -> msg1 joint ll/letter -3.548
  stage 2: mixed:lijven:plain:beau stage1 10.2 -> msg1 joint ll/letter -3.505
s2: shuffle seed 2 -> pooled joint ll/letter -3.4995 tabula mixed:tijdje:plain:beau stage1 12.18 nats (367s)
