  stage 1: 45749 candidates; top [(2.8, 'vrijpostig', 'key'), (0.5, 'magd', 'key'), (0.4, 'fraze', 'full'), (0.0, 'jagd', 'key'), (-0.1, 'wonach', 'plain'), (-0.5, 'jany', 'full'), (-0.6, 'terecht', 'full'), (-0.6, 'ontzaglijk', 'key'), (-0.8, 'gutes', 'full'), (-0.9, 'voegen', 'plain'), (-1.1, 'zondag', 'plain'), (-1.1, 'fing', 'full'), (-1.2, 'taumelten', 'full'), (-1.3, 'trotzdem', 'full'), (-1.4, 'glad', 'key'), (-1.4, 'juni', 'full'), (-1.4, 'overgelaten', 'plain'), (-1.5, 'vindt', 'plain'), (-1.6, 'kung', 'plain'), (-1.7, 'taels', 'full'), (-1.7, 'lunch', 'plain'), (-1.7, 'fantazie', 'full'), (-1.7, 'jesus', 'full'), (-1.7, 'vorzuglich', 'key'), (-1.8, 'kwang', 'plain'), (-1.9, 'offenem', 'plain'), (-1.9, 'woedend', 'plain'), (-1.9, 'spanning', 'both'), (-2.0, 'monch', 'plain'), (-2.1, 'bekommen', 'full')]; standard tableau -19.7 nats (rank 21601)
  stage 2: mixed:vrijpostig:key:beau stage1 2.8 -> msg1 joint ll/letter -3.529
  stage 2: mixed:magd:key:beau stage1 0.5 -> msg1 joint ll/letter -3.578
  stage 2: mixed:fraze:full:beau stage1 0.4 -> msg1 joint ll/letter -3.523
  stage 2: mixed:jagd:key:beau stage1 0.0 -> msg1 joint ll/letter -3.526
  stage 2: mixed:wonach:plain:beau stage1 -0.1 -> msg1 joint ll/letter -3.566
  stage 2: mixed:jany:full:beau stage1 -0.5 -> msg1 joint ll/letter -3.518
  stage 2: mixed:terecht:full:beau stage1 -0.6 -> msg1 joint ll/letter -3.607
  stage 2: mixed:ontzaglijk:key:beau stage1 -0.6 -> msg1 joint ll/letter -3.546
  stage 2: mixed:gutes:full:beau stage1 -0.8 -> msg1 joint ll/letter -3.552
  stage 2: mixed:voegen:plain:beau stage1 -0.9 -> msg1 joint ll/letter -3.531
  stage 2: mixed:zondag:plain:beau stage1 -1.1 -> msg1 joint ll/letter -3.592
  stage 2: mixed:fing:full:beau stage1 -1.1 -> msg1 joint ll/letter -3.538
  stage 2: mixed:taumelten:full:beau stage1 -1.2 -> msg1 joint ll/letter -3.558
  stage 2: mixed:trotzdem:full:beau stage1 -1.3 -> msg1 joint ll/letter -3.617
  stage 2: mixed:glad:key:beau stage1 -1.4 -> msg1 joint ll/letter -3.595
  stage 2: mixed:juni:full:beau stage1 -1.4 -> msg1 joint ll/letter -3.604
  stage 2: mixed:overgelaten:plain:beau stage1 -1.4 -> msg1 joint ll/letter -3.547
  stage 2: mixed:vindt:plain:beau stage1 -1.5 -> msg1 joint ll/letter -3.597
  stage 2: mixed:kung:plain:beau stage1 -1.6 -> msg1 joint ll/letter -3.548
  stage 2: mixed:taels:full:beau stage1 -1.7 -> msg1 joint ll/letter -3.649
  stage 2: mixed:lunch:plain:beau stage1 -1.7 -> msg1 joint ll/letter -3.557
  stage 2: mixed:fantazie:full:beau stage1 -1.7 -> msg1 joint ll/letter -3.562
  stage 2: mixed:jesus:full:beau stage1 -1.7 -> msg1 joint ll/letter -3.571
  stage 2: mixed:vorzuglich:key:beau stage1 -1.7 -> msg1 joint ll/letter -3.564
  stage 2: mixed:kwang:plain:beau stage1 -1.8 -> msg1 joint ll/letter -3.605
  stage 2: mixed:offenem:plain:beau stage1 -1.9 -> msg1 joint ll/letter -3.559
  stage 2: mixed:woedend:plain:beau stage1 -1.9 -> msg1 joint ll/letter -3.604
  stage 2: mixed:spanning:both:beau stage1 -1.9 -> msg1 joint ll/letter -3.599
  stage 2: mixed:monch:plain:beau stage1 -2.0 -> msg1 joint ll/letter -3.584
  stage 2: mixed:bekommen:full:beau stage1 -2.1 -> msg1 joint ll/letter -3.481
u4: uniform seed 4 -> pooled joint ll/letter -3.5474 tabula mixed:bekommen:full:beau stage1 -2.07 nats (352s)
  stage 1: 45749 candidates; top [(1.7, 'bleekheid', 'full'), (1.6, 'vrijpostig', 'key'), (1.0, 'laufe', 'full'), (0.8, 'poezie', 'full'), (0.6, 'tatsachlich', 'key'), (0.4, 'sichtlich', 'key'), (0.3, 'bismarck', 'key'), (0.3, 'wichtig', 'key'), (0.2, 'zwijg', 'key'), (0.0, 'bequem', 'full'), (-0.1, 'lauge', 'full'), (-0.1, 'richtig', 'key'), (-0.3, 'grijs', 'key'), (-0.3, 'koppig', 'key'), (-0.3, 'prior', 'full'), (-0.4, 'bleekblauwe', 'full'), (-0.7, 'haastig', 'key'), (-0.8, 'stijl', 'key'), (-0.9, 'krokodil', 'key'), (-1.0, 'lastig', 'key'), (-1.2, 'uberschritt', 'plain'), (-1.4, 'schlagt', 'key'), (-1.4, 'schrik', 'key'), (-1.4, 'tabakspot', 'key'), (-1.5, 'tweehoog', 'full'), (-1.5, 'parasol', 'key'), (-1.5, 'ontzag', 'key'), (-1.5, 'uitkijk', 'key'), (-1.5, 'frisch', 'key'), (-1.7, 'april', 'plain')]; standard tableau -12.6 nats (rank 5515)
  stage 2: mixed:bleekheid:full:beau stage1 1.7 -> msg1 joint ll/letter -3.576
  stage 2: mixed:vrijpostig:key:beau stage1 1.6 -> msg1 joint ll/letter -3.540
  stage 2: mixed:laufe:full:beau stage1 1.0 -> msg1 joint ll/letter -3.504
  stage 2: mixed:poezie:full:beau stage1 0.8 -> msg1 joint ll/letter -3.577
  stage 2: mixed:tatsachlich:key:beau stage1 0.6 -> msg1 joint ll/letter -3.585
  stage 2: mixed:sichtlich:key:beau stage1 0.4 -> msg1 joint ll/letter -3.532
  stage 2: mixed:bismarck:key:beau stage1 0.3 -> msg1 joint ll/letter -3.562
  stage 2: mixed:wichtig:key:beau stage1 0.3 -> msg1 joint ll/letter -3.522
  stage 2: mixed:zwijg:key:beau stage1 0.2 -> msg1 joint ll/letter -3.561
  stage 2: mixed:bequem:full:beau stage1 0.0 -> msg1 joint ll/letter -3.476
  stage 2: mixed:lauge:full:beau stage1 -0.1 -> msg1 joint ll/letter -3.530
  stage 2: mixed:richtig:key:beau stage1 -0.1 -> msg1 joint ll/letter -3.551
  stage 2: mixed:grijs:key:beau stage1 -0.3 -> msg1 joint ll/letter -3.557
  stage 2: mixed:koppig:key:beau stage1 -0.3 -> msg1 joint ll/letter -3.515
  stage 2: mixed:prior:full:beau stage1 -0.3 -> msg1 joint ll/letter -3.568
  stage 2: mixed:bleekblauwe:full:beau stage1 -0.4 -> msg1 joint ll/letter -3.519
  stage 2: mixed:haastig:key:beau stage1 -0.7 -> msg1 joint ll/letter -3.558
  stage 2: mixed:stijl:key:beau stage1 -0.8 -> msg1 joint ll/letter -3.509
  stage 2: mixed:krokodil:key:beau stage1 -0.9 -> msg1 joint ll/letter -3.537
  stage 2: mixed:lastig:key:beau stage1 -1.0 -> msg1 joint ll/letter -3.584
  stage 2: mixed:uberschritt:plain:beau stage1 -1.2 -> msg1 joint ll/letter -3.508
  stage 2: mixed:schlagt:key:beau stage1 -1.4 -> msg1 joint ll/letter -3.538
  stage 2: mixed:schrik:key:beau stage1 -1.4 -> msg1 joint ll/letter -3.477
  stage 2: mixed:tabakspot:key:beau stage1 -1.4 -> msg1 joint ll/letter -3.544
  stage 2: mixed:tweehoog:full:beau stage1 -1.5 -> msg1 joint ll/letter -3.599
  stage 2: mixed:parasol:key:beau stage1 -1.5 -> msg1 joint ll/letter -3.564
  stage 2: mixed:ontzag:key:beau stage1 -1.5 -> msg1 joint ll/letter -3.540
  stage 2: mixed:uitkijk:key:beau stage1 -1.5 -> msg1 joint ll/letter -3.486
  stage 2: mixed:frisch:key:beau stage1 -1.5 -> msg1 joint ll/letter -3.556
  stage 2: mixed:april:plain:beau stage1 -1.7 -> msg1 joint ll/letter -3.515
u5: uniform seed 5 -> pooled joint ll/letter -3.5340 tabula mixed:bequem:full:beau stage1 0.01 nats (365s)
  stage 1: 45749 candidates; top [(1.5, 'ahnlichkeit', 'key'), (1.2, 'obdachlose', 'key'), (1.0, 'spoorlijn', 'key'), (0.9, 'alsof', 'key'), (0.8, 'klebrigen', 'key'), (0.5, 'rondom', 'key'), (0.4, 'boomstronk', 'plain'), (0.4, 'slank', 'key'), (0.3, 'slang', 'key'), (0.3, 'kanals', 'key'), (0.3, 'allons', 'key'), (0.2, 'arnold', 'key'), (0.2, 'schokolade', 'key'), (0.1, 'mannschaften', 'key'), (0.1, 'langs', 'key'), (0.1, 'mirambo', 'key'), (0.0, 'glans', 'key'), (-0.0, 'dorf', 'key'), (-0.1, 'krola', 'key'), (-0.2, 'drong', 'key'), (-0.3, 'francoise', 'key'), (-0.3, 'prostitution', 'key'), (-0.4, 'gansch', 'key'), (-0.5, 'konfirmation', 'key'), (-0.5, 'vrouwtje', 'plain'), (-0.5, 'impromptus', 'key'), (-0.5, 'schok', 'key'), (-0.5, 'sonst', 'key'), (-0.6, 'klos', 'key'), (-0.6, 'kramp', 'key')]; standard tableau -24.6 nats (rank 38121)
  stage 2: mixed:ahnlichkeit:key:beau stage1 1.5 -> msg1 joint ll/letter -3.566
  stage 2: mixed:obdachlose:key:beau stage1 1.2 -> msg1 joint ll/letter -3.559
  stage 2: mixed:spoorlijn:key:beau stage1 1.0 -> msg1 joint ll/letter -3.538
  stage 2: mixed:alsof:key:beau stage1 0.9 -> msg1 joint ll/letter -3.586
  stage 2: mixed:klebrigen:key:beau stage1 0.8 -> msg1 joint ll/letter -3.520
  stage 2: mixed:rondom:key:beau stage1 0.5 -> msg1 joint ll/letter -3.621
  stage 2: mixed:boomstronk:plain:beau stage1 0.4 -> msg1 joint ll/letter -3.546
  stage 2: mixed:slank:key:beau stage1 0.4 -> msg1 joint ll/letter -3.529
  stage 2: mixed:slang:key:beau stage1 0.3 -> msg1 joint ll/letter -3.551
  stage 2: mixed:kanals:key:beau stage1 0.3 -> msg1 joint ll/letter -3.580
  stage 2: mixed:allons:key:beau stage1 0.3 -> msg1 joint ll/letter -3.578
  stage 2: mixed:arnold:key:beau stage1 0.2 -> msg1 joint ll/letter -3.565
  stage 2: mixed:schokolade:key:beau stage1 0.2 -> msg1 joint ll/letter -3.559
  stage 2: mixed:mannschaften:key:beau stage1 0.1 -> msg1 joint ll/letter -3.500
  stage 2: mixed:langs:key:beau stage1 0.1 -> msg1 joint ll/letter -3.589
  stage 2: mixed:mirambo:key:beau stage1 0.1 -> msg1 joint ll/letter -3.547
  stage 2: mixed:glans:key:beau stage1 0.0 -> msg1 joint ll/letter -3.561
  stage 2: mixed:dorf:key:beau stage1 -0.0 -> msg1 joint ll/letter -3.541
  stage 2: mixed:krola:key:beau stage1 -0.1 -> msg1 joint ll/letter -3.548
  stage 2: mixed:drong:key:beau stage1 -0.2 -> msg1 joint ll/letter -3.528
  stage 2: mixed:francoise:key:beau stage1 -0.3 -> msg1 joint ll/letter -3.493
  stage 2: mixed:prostitution:key:beau stage1 -0.3 -> msg1 joint ll/letter -3.572
  stage 2: mixed:gansch:key:beau stage1 -0.4 -> msg1 joint ll/letter -3.553
  stage 2: mixed:konfirmation:key:beau stage1 -0.5 -> msg1 joint ll/letter -3.503
  stage 2: mixed:vrouwtje:plain:beau stage1 -0.5 -> msg1 joint ll/letter -3.547
  stage 2: mixed:impromptus:key:beau stage1 -0.5 -> msg1 joint ll/letter -3.542
  stage 2: mixed:schok:key:beau stage1 -0.5 -> msg1 joint ll/letter -3.585
  stage 2: mixed:sonst:key:beau stage1 -0.5 -> msg1 joint ll/letter -3.527
  stage 2: mixed:klos:key:beau stage1 -0.6 -> msg1 joint ll/letter -3.625
  stage 2: mixed:kramp:key:beau stage1 -0.6 -> msg1 joint ll/letter -3.591
u6: uniform seed 6 -> pooled joint ll/letter -3.5328 tabula mixed:francoise:key:beau stage1 -0.31 nats (366s)
  stage 1: 45749 candidates; top [(13.4, 'rijpende', 'plain'), (12.5, 'hevig', 'plain'), (12.4, 'raar', 'plain'), (12.3, 'aufgabe', 'plain'), (12.2, 'wijde', 'plain'), (12.2, 'tijdje', 'plain'), (12.2, 'gabriele', 'plain'), (12.0, 'invallende', 'plain'), (11.8, 'lichtelijk', 'plain'), (11.7, 'rijke', 'plain'), (11.6, 'kalmte', 'plain'), (11.5, 'invitatie', 'plain'), (11.4, 'zijn', 'full'), (11.3, 'wijkend', 'plain'), (11.3, 'bevalligheid', 'plain'), (11.2, 'invloed', 'plain'), (11.2, 'lijve', 'plain'), (11.0, 'hikte', 'plain'), (10.8, 'wijfje', 'plain'), (10.8, 'dichte', 'plain'), (10.7, 'wijle', 'plain'), (10.6, 'gezaaid', 'plain'), (10.6, 'gejuich', 'plain'), (10.6, 'zijde', 'plain'), (10.5, 'kamperfoelie', 'plain'), (10.5, 'tact', 'plain'), (10.5, 'tikje', 'plain'), (10.3, 'cijfer', 'plain'), (10.2, 'amazone', 'plain'), (10.2, 'lijven', 'plain')]; standard tableau -21.9 nats (rank 35851)
  stage 2: mixed:rijpende:plain:beau stage1 13.4 -> msg1 joint ll/letter -3.515
  stage 2: mixed:hevig:plain:beau stage1 12.5 -> msg1 joint ll/letter -3.550
  stage 2: mixed:raar:plain:beau stage1 12.4 -> msg1 joint ll/letter -3.495
  stage 2: mixed:aufgabe:plain:beau stage1 12.3 -> msg1 joint ll/letter -3.550
  stage 2: mixed:wijde:plain:beau stage1 12.2 -> msg1 joint ll/letter -3.573
  stage 2: mixed:tijdje:plain:beau stage1 12.2 -> msg1 joint ll/letter -3.519
  stage 2: mixed:gabriele:plain:beau stage1 12.2 -> msg1 joint ll/letter -3.537
  stage 2: mixed:invallende:plain:beau stage1 12.0 -> msg1 joint ll/letter -3.574
  stage 2: mixed:lichtelijk:plain:beau stage1 11.8 -> msg1 joint ll/letter -3.553
  stage 2: mixed:rijke:plain:beau stage1 11.7 -> msg1 joint ll/letter -3.578
  stage 2: mixed:kalmte:plain:beau stage1 11.6 -> msg1 joint ll/letter -3.540
  stage 2: mixed:invitatie:plain:beau stage1 11.5 -> msg1 joint ll/letter -3.572
  stage 2: mixed:zijn:full:beau stage1 11.4 -> msg1 joint ll/letter -3.482
  stage 2: mixed:wijkend:plain:beau stage1 11.3 -> msg1 joint ll/letter -3.471
  stage 2: mixed:bevalligheid:plain:beau stage1 11.3 -> msg1 joint ll/letter -3.535
  stage 2: mixed:invloed:plain:beau stage1 11.2 -> msg1 joint ll/letter -3.586
  stage 2: mixed:lijve:plain:beau stage1 11.2 -> msg1 joint ll/letter -3.536
  stage 2: mixed:hikte:plain:beau stage1 11.0 -> msg1 joint ll/letter -3.567
  stage 2: mixed:wijfje:plain:beau stage1 10.8 -> msg1 joint ll/letter -3.545
  stage 2: mixed:dichte:plain:beau stage1 10.8 -> msg1 joint ll/letter -3.551
  stage 2: mixed:wijle:plain:beau stage1 10.7 -> msg1 joint ll/letter -3.528
  stage 2: mixed:gezaaid:plain:beau stage1 10.6 -> msg1 joint ll/letter -3.535
  stage 2: mixed:gejuich:plain:beau stage1 10.6 -> msg1 joint ll/letter -3.518
  stage 2: mixed:zijde:plain:beau stage1 10.6 -> msg1 joint ll/letter -3.492
  stage 2: mixed:kamperfoelie:plain:beau stage1 10.5 -> msg1 joint ll/letter -3.507
  stage 2: mixed:tact:plain:beau stage1 10.5 -> msg1 joint ll/letter -3.565
  stage 2: mixed:tikje:plain:beau stage1 10.5 -> msg1 joint ll/letter -3.559
  stage 2: mixed:cijfer:plain:beau stage1 10.3 -> msg1 joint ll/letter -3.491
  stage 2: mixed:amazone:plain:beau stage1 10.2 -> msg1 joint ll/letter -3.551
  stage 2: mixed:lijven:plain:beau stage1 10.2 -> msg1 joint ll/letter -3.519
s3: shuffle seed 3 -> pooled joint ll/letter -3.4944 tabula mixed:wijkend:plain:beau stage1 11.3 nats (350s)
  stage 1: 45749 candidates; top [(13.4, 'rijpende', 'plain'), (12.5, 'hevig', 'plain'), (12.4, 'raar', 'plain'), (12.3, 'aufgabe', 'plain'), (12.2, 'wijde', 'plain'), (12.2, 'tijdje', 'plain'), (12.2, 'gabriele', 'plain'), (12.0, 'invallende', 'plain'), (11.8, 'lichtelijk', 'plain'), (11.7, 'rijke', 'plain'), (11.6, 'kalmte', 'plain'), (11.5, 'invitatie', 'plain'), (11.4, 'zijn', 'full'), (11.3, 'wijkend', 'plain'), (11.3, 'bevalligheid', 'plain'), (11.2, 'invloed', 'plain'), (11.2, 'lijve', 'plain'), (11.0, 'hikte', 'plain'), (10.8, 'wijfje', 'plain'), (10.8, 'dichte', 'plain'), (10.7, 'wijle', 'plain'), (10.6, 'gezaaid', 'plain'), (10.6, 'gejuich', 'plain'), (10.6, 'zijde', 'plain'), (10.5, 'kamperfoelie', 'plain'), (10.5, 'tact', 'plain'), (10.5, 'tikje', 'plain'), (10.3, 'cijfer', 'plain'), (10.2, 'amazone', 'plain'), (10.2, 'lijven', 'plain')]; standard tableau -21.9 nats (rank 35851)
  stage 2: mixed:rijpende:plain:beau stage1 13.4 -> msg1 joint ll/letter -3.509
  stage 2: mixed:hevig:plain:beau stage1 12.5 -> msg1 joint ll/letter -3.529
  stage 2: mixed:raar:plain:beau stage1 12.4 -> msg1 joint ll/letter -3.515
  stage 2: mixed:aufgabe:plain:beau stage1 12.3 -> msg1 joint ll/letter -3.474
  stage 2: mixed:wijde:plain:beau stage1 12.2 -> msg1 joint ll/letter -3.540
  stage 2: mixed:tijdje:plain:beau stage1 12.2 -> msg1 joint ll/letter -3.530
  stage 2: mixed:gabriele:plain:beau stage1 12.2 -> msg1 joint ll/letter -3.536
  stage 2: mixed:invallende:plain:beau stage1 12.0 -> msg1 joint ll/letter -3.553
  stage 2: mixed:lichtelijk:plain:beau stage1 11.8 -> msg1 joint ll/letter -3.534
  stage 2: mixed:rijke:plain:beau stage1 11.7 -> msg1 joint ll/letter -3.497
  stage 2: mixed:kalmte:plain:beau stage1 11.6 -> msg1 joint ll/letter -3.531
  stage 2: mixed:invitatie:plain:beau stage1 11.5 -> msg1 joint ll/letter -3.517
  stage 2: mixed:zijn:full:beau stage1 11.4 -> msg1 joint ll/letter -3.461
  stage 2: mixed:wijkend:plain:beau stage1 11.3 -> msg1 joint ll/letter -3.500
  stage 2: mixed:bevalligheid:plain:beau stage1 11.3 -> msg1 joint ll/letter -3.531
  stage 2: mixed:invloed:plain:beau stage1 11.2 -> msg1 joint ll/letter -3.497
  stage 2: mixed:lijve:plain:beau stage1 11.2 -> msg1 joint ll/letter -3.519
  stage 2: mixed:hikte:plain:beau stage1 11.0 -> msg1 joint ll/letter -3.523
  stage 2: mixed:wijfje:plain:beau stage1 10.8 -> msg1 joint ll/letter -3.561
  stage 2: mixed:dichte:plain:beau stage1 10.8 -> msg1 joint ll/letter -3.528
  stage 2: mixed:wijle:plain:beau stage1 10.7 -> msg1 joint ll/letter -3.508
  stage 2: mixed:gezaaid:plain:beau stage1 10.6 -> msg1 joint ll/letter -3.500
  stage 2: mixed:gejuich:plain:beau stage1 10.6 -> msg1 joint ll/letter -3.469
  stage 2: mixed:zijde:plain:beau stage1 10.6 -> msg1 joint ll/letter -3.519
  stage 2: mixed:kamperfoelie:plain:beau stage1 10.5 -> msg1 joint ll/letter -3.527
  stage 2: mixed:tact:plain:beau stage1 10.5 -> msg1 joint ll/letter -3.531
  stage 2: mixed:tikje:plain:beau stage1 10.5 -> msg1 joint ll/letter -3.531
  stage 2: mixed:cijfer:plain:beau stage1 10.3 -> msg1 joint ll/letter -3.529
  stage 2: mixed:amazone:plain:beau stage1 10.2 -> msg1 joint ll/letter -3.520
  stage 2: mixed:lijven:plain:beau stage1 10.2 -> msg1 joint ll/letter -3.557
s4: shuffle seed 4 -> pooled joint ll/letter -3.5330 tabula mixed:zijn:full:beau stage1 11.39 nats (373s)
