family homophonic: homophonic substitution (homophonic_anneal.py, control = make_control at the target's N and K; --param profile=target matches the target's own sign-count profile; --param noise=p redraws a share p of control tokens at the target's own type frequencies)
spec specs/lodewijk-4612.json slug lodewijk-van-nassau-1573-74
ciphertext: 20 message(s), N=775 signs, K=100 distinct, tokens=space (target letters shuffled, seed 1, false-positive floor)
corpora: tools/data/fr16/lettresdecatheri01cathuoft_djvu.txt.gz, tools/data/fr16/lettresdecatheri02cathuoft_djvu.txt.gz, tools/data/fr16/lettresindites00marg_djvu.txt.gz
control seeds [1, 2, 3], restarts 8, gate 0.6, params profile=target,shuffle_target=1
row -> ciphers/lodewijk-van-nassau-1573-74/HYPOTHESES.md; decode -> ciphers/lodewijk-van-nassau-1573-74/families/homophonic-1-shuffle1-profile=target-ax4612h3shufflef.txt
CONTROL seed 1: N=775 K=91 recovery 0.959 score -1593.03
CONTROL seed 2: N=775 K=87 recovery 0.443 score -1846.55
CONTROL seed 3: N=775 K=93 recovery 0.579 score -1828.29
TARGET best score -1921.249; decode -> ciphers/lodewijk-van-nassau-1573-74/families/homophonic-1-shuffle1-profile=target-ax4612h3shufflef.txt; judge: FAIL language: score=-1.217, null_p99=-1.718, real_p05=-0.944, real_median=-0.818, mode=both, N=775
row appended to ciphers/lodewijk-van-nassau-1573-74/HYPOTHESES.md
exit 0
family homophonic: homophonic substitution (homophonic_anneal.py, control = make_control at the target's N and K; --param profile=target matches the target's own sign-count profile; --param noise=p redraws a share p of control tokens at the target's own type frequencies)
spec specs/lodewijk-4612.json slug lodewijk-van-nassau-1573-74
ciphertext: 4 message(s), N=775 signs, K=96 distinct, tokens=tsv
corpora: tools/data/fr16/lettresdecatheri01cathuoft_djvu.txt.gz, tools/data/fr16/lettresdecatheri02cathuoft_djvu.txt.gz, tools/data/fr16/lettresindites00marg_djvu.txt.gz
control seeds [1, 2, 3], restarts 8, gate 0.6, params profile=target
row -> ciphers/lodewijk-van-nassau-1573-74/HYPOTHESES.md; decode -> ciphers/lodewijk-van-nassau-1573-74/families/homophonic-1-profile=target-ax4612h3real5811.txt
CONTROL seed 1: N=775 K=82 recovery 0.915 score -1607.70
CONTROL seed 2: N=775 K=83 recovery 0.317 score -1903.14
CONTROL seed 3: N=775 K=87 recovery 0.454 score -1838.69
CONTROL BELOW GATE: mean 0.562 < 0.6; target not run; row appended to ciphers/lodewijk-van-nassau-1573-74/HYPOTHESES.md
exit 3
