key: key.tsv; spans 9
== L deciding (left page, every span): spans 9; code tokens 43; keyed 42
S = 24/42 keyed (0.571); control (1000 permutations, seed 490): mean 6.33, p95 10, p99 12, max 14; control >= real 0/1000
GATE (S > p99 and S >= 0.5 x keyed): PASS
== L + R pooled (reported only; R = MANT-0490 deciding spans): spans 25; code tokens 135; keyed 134
S = 85/134 keyed (0.634); control (1000 permutations, seed 490): mean 20.40, p95 28, p99 31, max 35; control >= real 0/1000
GATE (S > p99 and S >= 0.5 x keyed): PASS

per span (code:op:gloss-letters):
LG02	L	une treve à trepadorff	9/14	6:match:u 21:match:n 35:match:e 59:match:t 60:match:re 5:match:v 10:match:e 66:match:a 1:miss:t 27:match:r 9:miss:e 51:miss:p 2:miss:ado 14:miss:rff
LG04	L	veillant et attentif	6/15	3:miss:v 55:miss:ei 44:match:l 12:match:l 9:miss:a 32:match:n 7:miss:t 1000:match:et 25:match:a 91:miss:tt 35:match:e 9:miss:n 55:miss:t 16:miss:i 11:miss:f
LG05a	L	le f.m. en une bien vive	3/3	103:match:le 1:match:f 31:match:m
LG05b	L	du nord	3/4	108:miss:d 6:match:u 14:match:n 33:match:o
LG06	L	mettre a discerner certaines choses qu'on luy cachoit	0/1	160:miss:oit
LG07a	L	le Roy de Prusse	1/1	257:match:leroideprusse
LG07b	L	S.M.	0/1	150:miss:sm
LG07c	L	le Roy oyal	1/3	96:match:le 34:miss:oio 26:miss:yal
LG08	L	le Roy de Prusse	1/1	257:match:leroideprusse

distinct codes: 35; matched on every instance: 19
unkeyed codes and their slots: 108=d
keyed codes with a non-match slot: 1(f)=miss:t; 2(e)=miss:ado; 3(w)=miss:v; 7(g)=miss:t; 9(i)=miss:e,miss:a,miss:n; 11(k)=miss:f; 14(n)=miss:rff; 16(o|ou|ous)=miss:i; 26(r)=miss:yal; 34(p)=miss:oio; 51(s|sa)=miss:p; 55(b|[a])=miss:ei,miss:t; 91(st)=miss:tt; 150(le Roi de Pologne)=miss:sm; 160(Manteuffel)=miss:oit
