target	tokens 37	letters 38	real -1.477	p95 -1.731	PASS	getadsatisxactiondespbrsisbelligerantd
SUMMARY	shuffled decodes PASS 19/200 (void if > 10/200)	median shuffled real -1.925	max -1.464	shuffles >= target real 1/200	verdict VOID
shuffle_1	real -1.922	p95 -1.715	FAIL	ntaxsetreaecsiasladoipirggdtbtbnleidss
shuffle_2	real -1.938	p95 -1.719	FAIL	dasxresnlbiasglgoecdtbinrsetitespaitad
shuffle_3	real -1.828	p95 -1.705	FAIL	axddcsroietialaasetrbblstietdegpsgisnn
shuffle_4	real -1.898	p95 -1.733	FAIL	aisinbdliotsalrsdascedietseetgraxgbtpn
shuffle_5	real -1.935	p95 -1.704	FAIL	lsgorbxparsdtasitgiseetiecdalnbnietasd
shuffle_6	real -2.099	p95 -1.725	FAIL	tblaisrbetogteixpdeitlsnacisnsrsgadead
shuffle_7	real -1.771	p95 -1.695	FAIL	aposrdlteggtiananserisiialedetsctsdbxb
shuffle_8	real -2.043	p95 -1.703	FAIL	pxagcaeieaisdletsltnrndgbrtdbiseatssio
shuffle_9	real -2.030	p95 -1.732	FAIL	bssrsnitbxaereddtilatetslngapodagcseii
shuffle_10	real -1.839	p95 -1.714	FAIL	tersasdnsbtsxpreicitaldetabsineoigglad
shuffle_11	real -1.722	p95 -1.736	PASS	isieitssganlrcaseeteasxodgpbndbatrditl
shuffle_12	real -1.641	p95 -1.706	PASS	datstareletiridlaiesdtipnobbsncgsxsaeg
shuffle_13	real -1.981	p95 -1.717	FAIL	tlsadetbnnsidetgepsrligriteasaibaxocsd
shuffle_14	real -1.838	p95 -1.734	FAIL	sdepagetsnbiriestbcaisdgtllxoraisdenat
shuffle_15	real -2.071	p95 -1.722	FAIL	ngsbxeitldspdeaetsiordicssrblettnaaagi
shuffle_16	real -2.100	p95 -1.700	FAIL	aetrsetlcandndtbasapxidbissrligeoestgi
shuffle_17	real -1.867	p95 -1.709	FAIL	ltetabnlexorgadnstadbitigdsreisscsipea
shuffle_18	real -2.108	p95 -1.720	FAIL	gsietbsaensedipatedadstsoxlaibrgtnrlic
shuffle_19	real -1.963	p95 -1.682	FAIL	dtrenaenegtetloiglbisaisdspssxdcbtriaa
shuffle_20	real -1.752	p95 -1.715	FAIL	lacesdgtlspistereibaniosnrsdagietabtdx
shuffle_21	real -2.119	p95 -1.718	FAIL	netxspsetidtrbdoisaeacsgilladrnbigstea
shuffle_22	real -1.555	p95 -1.731	PASS	rsgltoitdedtssxgsieapandeabrabiicletns
shuffle_23	real -1.957	p95 -1.702	FAIL	nxselgtdbteiabrinadreaigostiscdslpetas
shuffle_24	real -1.952	p95 -1.718	FAIL	pselsitbetrbeintnadediogxlsdsagrataics
shuffle_25	real -2.077	p95 -1.728	FAIL	sitrteeabneroilcaadtsibdnsxetsdlagpigs
shuffle_26	real -2.139	p95 -1.701	FAIL	eocleaarnabndsxsessgtiitbadprietgsdlit
shuffle_27	real -1.644	p95 -1.688	PASS	dxstlieteobirlgbdipnansiaacdatesrstseg
shuffle_28	real -2.117	p95 -1.736	FAIL	ixeaddnreaassietdlggbplatsetisrbtocnsi
shuffle_29	real -2.291	p95 -1.733	FAIL	ellsirdasxpgderbtieanacibodetgitnassst
shuffle_30	real -1.914	p95 -1.732	FAIL	essatnpdblaxertlciiaesirgoasbgtddietsn
shuffle_31	real -1.786	p95 -1.729	FAIL	napssecdatdtbriiollieretatssnedsaxbigg
shuffle_32	real -1.735	p95 -1.728	FAIL	sntsaraiotsltbisdegacrbledadetigenpxis
shuffle_33	real -2.233	p95 -1.711	FAIL	itdaetisastesegsisibarxnnlrtdplbcgeoad
shuffle_34	real -2.083	p95 -1.704	FAIL	lrreidpntlbeaetiitggsbsdsdaxiacsnoetsa
shuffle_35	real -1.836	p95 -1.736	FAIL	srptaoeatgnaislebgadlcbisdietenisxdsrt
shuffle_36	real -1.834	p95 -1.713	FAIL	oxeslasnasttpgltnbadeeciiisirbdgasetdr
shuffle_37	real -1.675	p95 -1.718	PASS	ebslsigdgdsdenacetsnetsiiatxbportliara
shuffle_38	real -1.830	p95 -1.707	FAIL	iebtadesgdonbdsaitnxlrsagsarpetciistle
shuffle_39	real -1.795	p95 -1.717	FAIL	aleintdpsngaeitdesaxlacrsbbgsirotetsdi
shuffle_40	real -2.203	p95 -1.700	FAIL	diextldprtlneseaarbtbetgdgoiscssisnaai
shuffle_41	real -1.882	p95 -1.717	FAIL	tpnsiadietblxcdgaabsnetigeriltsesdaors
shuffle_42	real -1.806	p95 -1.726	FAIL	abtxselssiaeracplddtbgtisangrdisoneeti
shuffle_43	real -1.737	p95 -1.705	FAIL	rebnslaissgdebrdetatselctidganpotiixsa
shuffle_44	real -1.696	p95 -1.719	PASS	ilitreensoabssetrapbtidadlsdggxtscinae
shuffle_45	real -2.010	p95 -1.719	FAIL	liosatrsgrtctiidsslnetbsbxdinagapadeee
shuffle_46	real -1.928	p95 -1.739	FAIL	spadiartessliiscntildredgetbategnxoabs
shuffle_47	real -1.843	p95 -1.730	FAIL	oscatgeiasnlitxabensddgribetpatedrilss
shuffle_48	real -2.066	p95 -1.709	FAIL	lgneaxloacaetgiiesedtidndrbsaisstrpsbt
shuffle_49	real -1.945	p95 -1.730	FAIL	albisnnagttapegtcxaderilodsisetrdbiess
shuffle_50	real -1.857	p95 -1.714	FAIL	essndigtabetaboxpstllsdcsridiatargniee
shuffle_51	real -1.909	p95 -1.710	FAIL	rdtxaaaiessietgpbslcsnbegsitetlidodarn
shuffle_52	real -2.047	p95 -1.712	FAIL	nesnsxtaldisaptrstdagboclibasieteigrde
shuffle_53	real -1.937	p95 -1.723	FAIL	sdepxtenassbdadtoibrelssacaetlgntigrii
shuffle_54	real -1.905	p95 -1.717	FAIL	badigadcbrndsslxtaienetrettisaoisegpls
shuffle_55	real -1.718	p95 -1.730	PASS	rsitebasigolbdgsetsiasdltenrieancdpxta
shuffle_56	real -1.811	p95 -1.713	FAIL	ntxaiindllobesesetirdtssbaarcdisepaggt
shuffle_57	real -2.048	p95 -1.724	FAIL	ssitnlraeldiassgdsbcpdatgteeixnbroetia
shuffle_58	real -2.025	p95 -1.747	FAIL	sbidlsietsageaeiartngdsetposbxcrlnadit
shuffle_59	real -2.060	p95 -1.733	FAIL	iatlisrcdsielgaddbastxebtnnergspsetiao
shuffle_60	real -1.568	p95 -1.701	PASS	bdacdtetesesinnsiigiltsarabetalrgodxsp
shuffle_61	real -2.007	p95 -1.709	FAIL	netixdpissigetrldsdlraaotaetngsbasbice
shuffle_62	real -1.974	p95 -1.717	FAIL	oitesngeteaaxritseaidsbsgbldatrlpinscd
shuffle_63	real -2.104	p95 -1.717	FAIL	rssneobdiicgaeenasietpsblxtrtaitagdsdl
shuffle_64	real -2.197	p95 -1.711	FAIL	padsstxrtcnadaeigeorasldtslbniseietbig
shuffle_65	real -1.870	p95 -1.724	FAIL	dgixnstadbscrsipetntselaiibaegdalortse
shuffle_66	real -1.946	p95 -1.709	FAIL	bieesxtittetrggasircaddoaaidebnsslnlps
shuffle_67	real -2.141	p95 -1.712	FAIL	abctllrgsddtdaseoisxaretbtsanipgenieis
shuffle_68	real -1.837	p95 -1.698	FAIL	tdebnstedaxsgsipaletdbsaceoartisglniri
shuffle_69	real -2.029	p95 -1.724	FAIL	scgartixddnretptaeendissoielblgibssata
shuffle_70	real -2.187	p95 -1.714	FAIL	gairxoecgnetbsntadaedtiastplresdbslisi
shuffle_71	real -1.748	p95 -1.738	FAIL	nseebgiidiasstreadsocinllpetatastxdgrb
shuffle_72	real -1.981	p95 -1.699	FAIL	resdletnidbtrtaeexasaoligbdtiagnspiscs
shuffle_73	real -1.867	p95 -1.697	FAIL	raaletaesdlsstipnebisgdotbdtnasxicgrie
shuffle_74	real -2.102	p95 -1.709	FAIL	nsneisdtgxraeiaetgisaassdbodetllcptbir
shuffle_75	real -1.807	p95 -1.710	FAIL	aiseitetdsixdogtpsbnbsaaedcsterngraill
shuffle_76	real -1.864	p95 -1.712	FAIL	srsdcbdsaegartegetbstaalnonlxieidptsii
shuffle_77	real -2.183	p95 -1.744	FAIL	egsdrcboetasasiltaiisgdrtlsepeaxinntbd
shuffle_78	real -1.862	p95 -1.712	FAIL	xdinbetssireoaaicaigeenstrsdglsbaldptt
shuffle_79	real -1.914	p95 -1.709	FAIL	sebtoiasdpsiletgebriadtdtgcasenirnaslx
shuffle_80	real -1.826	p95 -1.711	FAIL	atanorslisdbaxssldaetetpiisggctdrienbe
shuffle_81	real -1.992	p95 -1.715	FAIL	isetebiddldesnlbtatsicxagpanosaetgsrir
shuffle_82	real -1.785	p95 -1.701	FAIL	nipibggdoeibtltalssedtdanietsasracsrex
shuffle_83	real -1.998	p95 -1.726	FAIL	psatirdeoatgrdsinlebcsigdxnltbetassaie
shuffle_84	real -2.217	p95 -1.715	FAIL	etatrisdxderaibtiangdslspciselnotbgeas
shuffle_85	real -2.140	p95 -1.718	FAIL	aensdlaixntetsagdirpebsearisclgsiodbtt
shuffle_86	real -2.103	p95 -1.710	FAIL	rsanasxeilsibrnadcetsaoilddtgiepsgbtet
shuffle_87	real -2.157	p95 -1.701	FAIL	diiobaeslisetpsieagdnatsgcdlasrbretntx
shuffle_88	real -1.464	p95 -1.718	PASS	tsxletasdebdetanisiigapesdisonalrgcrtb
shuffle_89	real -1.873	p95 -1.727	FAIL	ictbendgeetbnstiprigodsalraetailxsssda
shuffle_90	real -1.828	p95 -1.704	FAIL	bttrabilagddnsrdoitetseacinsxeeslspgai
shuffle_91	real -1.680	p95 -1.721	PASS	igssdeteeniddslbxrsatrantptisegolibaca
shuffle_92	real -1.691	p95 -1.716	PASS	dssitxdtonslsciinplabgietebrsardagteae
shuffle_93	real -1.980	p95 -1.700	FAIL	enbgisossddnarltaricilepetsgbdtaxtaise
shuffle_94	real -1.935	p95 -1.717	FAIL	slgbdetsadtsadtaoeibsiasrixtnrgelpeicn
shuffle_95	real -1.929	p95 -1.697	FAIL	loiesgnixaeartiscdildsttabapgbsetesdrn
shuffle_96	real -1.919	p95 -1.715	FAIL	ionrelpdegtsixnldsecdsaataagsetsrtibbi
shuffle_97	real -2.323	p95 -1.702	FAIL	sedsbirsripttdsaxiaanobegcsenlgaetdilt
shuffle_98	real -1.834	p95 -1.718	FAIL	diioslsbsripalaensgcbetttnteraixgdedas
shuffle_99	real -1.706	p95 -1.718	PASS	axglgetiibdasardeiteplesrdnisatsnoctsb
shuffle_100	real -1.976	p95 -1.723	FAIL	bsgegsrntnaalespdiatetsoialedrdisbctix
shuffle_101	real -1.864	p95 -1.722	FAIL	etsbelegilgdsdarcerassaoatbtnxipidisnt
shuffle_102	real -1.814	p95 -1.725	FAIL	insltnbdbdaagtesriotargedietleipsscasx
shuffle_103	real -2.243	p95 -1.708	FAIL	egadpobsetbttcrxiesetgsanandrlaldsisii
shuffle_104	real -2.107	p95 -1.728	FAIL	siietnglniprxldstdcabasidaeeassgrbotet
shuffle_105	real -2.038	p95 -1.726	FAIL	etdeaaetbnesbxaiinodiiltrdssgclasrpgts
shuffle_106	real -1.923	p95 -1.708	FAIL	rigrtalslptsseeasesiixboicnntabdddaetg
shuffle_107	real -1.762	p95 -1.704	FAIL	dnigbieoicatisldsbataersetaxrdsetspgln
shuffle_108	real -1.853	p95 -1.717	FAIL	sodetrlbnigsicdperbiagideaslttxatnesas
shuffle_109	real -1.990	p95 -1.717	FAIL	ceipsdstregasbetarlaisbtgansxnditdlioe
shuffle_110	real -1.704	p95 -1.707	PASS	pxdbltssctbtaarsiingoealdetiadirsegens
shuffle_111	real -1.953	p95 -1.702	FAIL	anetxiasdlgnrgcdissasoliedsttarpebtebi
shuffle_112	real -1.804	p95 -1.698	FAIL	drbaeinetlsaxsnbrastcssledttgodiiaeipg
shuffle_113	real -1.958	p95 -1.734	FAIL	tidosndeasicsrittaabrebpsxalglinsgdeet
shuffle_114	real -1.796	p95 -1.713	FAIL	gsapetiilitlssabebtosraceaseingdxddrtn
shuffle_115	real -1.758	p95 -1.703	FAIL	dpigaettsboadecsalilsseetnagxbirdrnits
shuffle_116	real -1.882	p95 -1.701	FAIL	xesdsdcabltirtletitdasoabesiranegsigpn
shuffle_117	real -1.944	p95 -1.710	FAIL	sixsplarggtirtdaiesetbotesdldsaenbiacn
shuffle_118	real -1.964	p95 -1.719	FAIL	dosidsiaeeabtagnlbrssriedntglaxetsitpc
shuffle_119	real -2.076	p95 -1.727	FAIL	eeosdxtipsrgaadaetistgdnrbseibilatlncs
shuffle_120	real -1.914	p95 -1.708	FAIL	laestgsgiaetneordepsxsddcaislitbbaitnr
shuffle_121	real -2.087	p95 -1.715	FAIL	dssleisrnttiadgoasngsepieettbldxracbia
shuffle_122	real -1.890	p95 -1.728	FAIL	balsdgbtnctetlsisaanteigxdasdreeoispir
shuffle_123	real -1.568	p95 -1.704	PASS	sdpndboicgxregaissssniiabrtetllatteaed
shuffle_124	real -2.278	p95 -1.708	FAIL	dibogesslsaripltirsndnixtaaetabsedcgte
shuffle_125	real -1.906	p95 -1.729	FAIL	satretiateseltbiaisdiddslragbgenxscpon
shuffle_126	real -2.361	p95 -1.723	FAIL	ettasslpisestogditrbexeanbsraialgcnidd
shuffle_127	real -2.183	p95 -1.717	FAIL	isbnssgstoedigacdpsdrbaaellrxiitenetta
shuffle_128	real -1.918	p95 -1.741	FAIL	aiotdstatpildietcsedaxesrlnebasggsirbn
shuffle_129	real -1.858	p95 -1.709	FAIL	nxpaiacggttiddetbrnilssesstsdielrobaea
shuffle_130	real -1.956	p95 -1.723	FAIL	eodssxsipebnaatbiggtndsdrtrasicetilela
shuffle_131	real -2.306	p95 -1.710	FAIL	netisiradtxlaegsdtnoeiaslpecdstgsbarib
shuffle_132	real -2.071	p95 -1.713	FAIL	dirletesbscnrgpinitastsoigebslataaddxe
shuffle_133	real -2.043	p95 -1.729	FAIL	dcbpetioneaasnetssiaidtgtlsrxldiarbgse
shuffle_134	real -1.875	p95 -1.721	FAIL	sibrlerssatciiasabtdxdgoeplnindeetstag
shuffle_135	real -2.084	p95 -1.745	FAIL	sirrtaaaetntoldidtpndgsbsbcseagxliseei
shuffle_136	real -1.627	p95 -1.719	PASS	tinaoclaesgidrxseigprbetnbassitsetdald
shuffle_137	real -1.963	p95 -1.720	FAIL	ptsadeteiaiaierxlsssidgbladrngtnotbecs
shuffle_138	real -1.845	p95 -1.707	FAIL	raxsdletddrtcgbsgnbenatsiaioesaieiplst
shuffle_139	real -2.131	p95 -1.715	FAIL	atrdgeietsetolbiaadalnxiisbtssscerdpng
shuffle_140	real -2.182	p95 -1.706	FAIL	aaslsnribrcsnsgieilpiaaxebtsddgodteett
shuffle_141	real -2.315	p95 -1.701	FAIL	ettatsssbodxisplalnddniiareebsrgicgeta
shuffle_142	real -1.912	p95 -1.710	FAIL	rsobgtaidtiilscginlnpteaaxdetsberssdae
shuffle_143	real -1.910	p95 -1.715	FAIL	daerngstiiadsbaptlsdlrbgesseiitnxoetac
shuffle_144	real -1.898	p95 -1.723	FAIL	gdbertxalptgscesidsetdesnoisnirtbaaial
shuffle_145	real -2.161	p95 -1.721	FAIL	teeiidcnpattisxsoarasdsdsngrebibetlgal
shuffle_146	real -2.021	p95 -1.715	FAIL	tasgtnpedbdloigeirsaiexintetbcalsasrds
shuffle_147	real -1.921	p95 -1.734	FAIL	lbitndasetsidtegeitsarsgaradsoeipcnlbx
shuffle_148	real -1.874	p95 -1.702	FAIL	nigetixleaaosscdptglaiirrestbntdessdab
shuffle_149	real -2.147	p95 -1.722	FAIL	eeaociberilpinsaadntdxiltgsabgetrssdts
shuffle_150	real -2.153	p95 -1.706	FAIL	tsdldrdsgliietrcnseetnasaxieaiasgpotbb
shuffle_151	real -1.766	p95 -1.698	FAIL	setedtngtbaspdilsbeclarxrtdgaanoiissie
shuffle_152	real -1.815	p95 -1.746	FAIL	ieteaaslidsrgsdetasiorpnncgibdletatsxb
shuffle_153	real -1.844	p95 -1.716	FAIL	dtelsetxsnogtcasisngditprarabilibedase
shuffle_154	real -1.862	p95 -1.712	FAIL	deagptnanacssxiilerdietstbatbsorgldesi
shuffle_155	real -1.992	p95 -1.731	FAIL	ecsiaisstpnlgoxdisdiraadgtetlbtbeaesnr
shuffle_156	real -1.790	p95 -1.698	FAIL	idadcbtsnirbitsetsgpralatdeislagoxsnee
shuffle_157	real -1.932	p95 -1.714	FAIL	sgndtlessrlrbitbxpitdgdiaasenicsaetaoe
shuffle_158	real -2.102	p95 -1.716	FAIL	icastsgndldibiatrssplsexegnaaetbiredto
shuffle_159	real -1.867	p95 -1.714	FAIL	sandcpaditosbgdeitxilierseteassgrtnlab
shuffle_160	real -1.617	p95 -1.724	PASS	psangsttxsiaboaedetadsgliitendlescbrri
shuffle_161	real -1.811	p95 -1.714	FAIL	enxdsaritcsslttdgbepbrdetlenisisagoaia
shuffle_162	real -1.955	p95 -1.710	FAIL	ncigalssirditsetsbnaebatdagloxpseetrid
shuffle_163	real -2.139	p95 -1.709	FAIL	tdrtlgdbasniisxeorsbaaetpalsegtdisecin
shuffle_164	real -1.856	p95 -1.713	FAIL	nsnisrretlbielacetaogbaxsdsgtiadseidpt
shuffle_165	real -1.672	p95 -1.721	PASS	idgnssxpscrietetbibalatdnsariagoesldet
shuffle_166	real -1.939	p95 -1.698	FAIL	bdoetpnlesiieatsisrtsdgaatrxdsinabglec
shuffle_167	real -1.996	p95 -1.725	FAIL	stcdretealibsasngxsadetinspigdietblrao
shuffle_168	real -2.080	p95 -1.718	FAIL	bbenetagdssraxearisdtslpntdgliteocsiai
shuffle_169	real -2.108	p95 -1.704	FAIL	iliaxbndieadltrbotetgsgpatsnsesesircad
shuffle_170	real -2.013	p95 -1.733	FAIL	setleeorgaiiapasicdlrixdtgebtdssnnatbs
shuffle_171	real -2.251	p95 -1.705	FAIL	soagrgbsendlrsietbdtipedasnlaaxtciiest
shuffle_172	real -1.960	p95 -1.737	FAIL	aadbgrncasiblasgnesxeetristleotiddpits
shuffle_173	real -1.863	p95 -1.710	FAIL	psadixnlrdtetsaedbatitsogslicgsaenireb
shuffle_174	real -1.980	p95 -1.724	FAIL	atsxptiansdntsdoeebasrcbiardglisieetlg
shuffle_175	real -1.851	p95 -1.695	FAIL	ditcsgasiensraisbbxeagsetoietalpdtrdnl
shuffle_176	real -1.625	p95 -1.736	PASS	asdlsdettenarraiisilacpxbgtnsgebsiodet
shuffle_177	real -2.251	p95 -1.723	FAIL	nragdassraettisosgceldtsxipbilndabteei
shuffle_178	real -2.148	p95 -1.732	FAIL	secdbgptesilaretltsdniasbedsoaaxgrniti
shuffle_179	real -1.822	p95 -1.732	FAIL	stceigdiadariorabnneaxsgtslbsetelpdsit
shuffle_180	real -2.031	p95 -1.751	FAIL	daecgssorateiissnaitetlbbndsetprlidgax
shuffle_181	real -1.829	p95 -1.722	FAIL	sbbsiinatsraddeeescxetggaliloiasptnrdt
shuffle_182	real -1.956	p95 -1.725	FAIL	eiiinasdtissaregctpgladretsebaxdtbnosl
shuffle_183	real -2.106	p95 -1.708	FAIL	sdtasirsdnxtaclebeisriietbnldaegopsgat
shuffle_184	real -2.200	p95 -1.723	FAIL	ieicaxgstaseetdnaasdstsotdpillibrrbnge
shuffle_185	real -1.761	p95 -1.706	FAIL	dosnaetablenracbdritleissdssgatigeptxi
shuffle_186	real -1.904	p95 -1.696	FAIL	diearbxasspitslinsdntsetcodeabagigtler
shuffle_187	real -2.040	p95 -1.725	FAIL	gbsadeetdnrtipbtalrsiaiclsasodienetxgs
shuffle_188	real -1.912	p95 -1.693	FAIL	etaegrasrpetasdibiilbatnsdixclstesngdo
shuffle_189	real -1.670	p95 -1.736	PASS	arlsdsaibctaanisopedtlintssetredgbixeg
shuffle_190	real -2.185	p95 -1.730	FAIL	iglbpnsgtdaetrbaixcseesetdsldatnoiiras
shuffle_191	real -1.909	p95 -1.712	FAIL	dgraetdolassgseiaiiicltedpetnsbsbxnrta
shuffle_192	real -1.871	p95 -1.738	FAIL	agneetsaexddbsgrstoebdtsncirsilaltiapi
shuffle_193	real -2.102	p95 -1.717	FAIL	aetiglsbdaltbdsinasednstairresxgoepcit
shuffle_194	real -1.882	p95 -1.724	FAIL	tgtrgesnetnipasaetraadbdciieolbildssxs
shuffle_195	real -1.711	p95 -1.707	FAIL	reorclegigsnetlndsadetisaitpssxbaditab
shuffle_196	real -1.847	p95 -1.716	FAIL	gttiaegnltsidorancbsieadpsdssxeablietr
shuffle_197	real -1.816	p95 -1.712	FAIL	taesisalcbxeddbresapiiltiongrdstetasgn
shuffle_198	real -1.803	p95 -1.714	FAIL	abeaicsloiretlrebsassenpgstainxddittgd
shuffle_199	real -1.837	p95 -1.710	FAIL	oetsibidetallxaaenrtirtnassiscddggpebs
shuffle_200	real -1.983	p95 -1.718	FAIL	dbirnrltsdspbnactadtiessielagosgexetia
