groups 111, distinct 78; registered gate: NON-TEST (no plain side: H undefined without a slip)
C-code occurrences in passage: {'22': 5, '66': 3, '279': 1, '722': 1, '31': 1, '628': 1, '172': 1} total 13
338/534/722: {'338': 0, '534': 0, '722': 1}
key.tsv codes present: 20 of 50, occurrences K = 36 of 111 groups (32.4%)
  22	de	C	x5
  208	se	C	x4
  121	s	C	x4
  10	a	M	x4
  66	r	C	x3
  746	des	M	x2
  279	plus	C	x1
  722	ti	C	x1
  31	la reine	C	x1
  628	hongrie	C	x1
  172	quils	C	x1
  306	les	M	x1
  65	cette	M	x1
  24	in	M	x1
  347	con	M	x1
  476	nu	M	x1
  781	e	C	x1
  824	don	M	x1
  114	ner	M	x1
  188	lar	M	x1
repeated codes: {'755': 2, '253': 2, '311': 2, '14': 3, '10': 4, '276': 3, '63': 3, '121': 4, '208': 4, '242': 2, '66': 3, '52': 4, '605': 2, '22': 5, '359': 2, '488': 2, '746': 2, '79': 2}
CONTROL (a uniform 1..850, n=200): mean 6.32, p95 10, max 13, >= real 0 (p = 0.0050)
CONTROL (b vocabulary of 287 other-passage codes (7 files), n=200): mean 20.02, p95 27, max 32, >= real 0 (p = 0.0050)
SECONDARY (unregistered, vocabulary-level, no key change can follow): K above both p95 (K=36, p95s {'a uniform 1..850': 10, 'b vocabulary of 287 other-passage codes (7 files)': 27})
