all pins present {'22': 'de', '66': 'r', '279': 'plus', '722': 'ti', '31': 'lareine', '628': 'hongrie', '172': 'quils'} -> consistent: False
no pins -> consistent: False (True / False proved / None timed out)
  10 x4 made distinct -> None (40.0 s)
  14 x3 made distinct -> False (12.1 s)
  22 x5 made distinct -> False (28.9 s)
  52 x4 made distinct -> None (40.0 s)
  63 x3 made distinct -> False (13.5 s)
  66 x3 made distinct -> True (5.1 s)
  79 x2 made distinct -> False (15.5 s)
  121 x4 made distinct -> False (13.0 s)
  208 x4 made distinct -> False (35.8 s)
  242 x2 made distinct -> True (4.2 s)
  253 x2 made distinct -> True (2.3 s)
  276 x3 made distinct -> None (40.0 s)
  311 x2 made distinct -> False (16.3 s)
  359 x2 made distinct -> False (15.6 s)
  488 x2 made distinct -> False (15.1 s)
  605 x2 made distinct -> False (15.2 s)
  746 x2 made distinct -> False (15.8 s)
  755 x2 made distinct -> False (19.3 s)
exit 0
