# f213 minus g73: 83 groups, 262 letters, pins {'22': 'de', '722': 'ti', '501': 'et'}; base NOFIT
# idx(after drop 73; idx>=73 is original idx+1)	code	edit	result	sec
42	588	D	NOFIT	1.1
42	588	R	NOFIT	2.1
43	713	D	NOFIT	1.0
43	713	R	NOFIT	2.1
44	376	D	NOFIT	1.1
44	376	R	NOFIT	2.0
45	810	D	NOFIT	1.0
45	810	R	NOFIT	2.0
46	420	D	NOFIT	1.1
46	420	R	NOFIT	2.1
47	268	D	NOFIT	1.1
47	268	R	NOFIT	2.1
48	444	D	FIT	0.4
48	444	R	FIT	0.4
49	664	D	FIT	0.4
49	664	R	FIT	0.2
50	63	D	FIT	0.4
50	63	R	FIT	0.2
51	306	D	FIT	0.5
51	306	R	FIT	0.8
52	165	D	NOFIT	1.1
52	165	R	NOFIT	2.1
53	468	D	NOFIT	1.2
53	468	R	NOFIT	2.1
54	368	D	NOFIT	0.7
54	368	R	NOFIT	2.1
55	46	D	NOFIT	1.1
55	46	R	NOFIT	1.2
56	501	D	NOFIT	3.4
56	501	R	NOFIT	3.4
57	781	D	NOFIT	0.6
57	781	R	NOFIT	2.1
58	664	D	FIT	0.2
58	664	R	FIT	0.2
59	746	D	NOFIT	1.4
59	746	R	NOFIT	2.2
60	317	D	NOFIT	4.0
60	317	R	NOFIT	5.5
61	755	D	NOFIT	1.8
61	755	R	NOFIT	2.1
62	552	D	NOFIT	1.7
62	552	R	NOFIT	2.1
63	22	D	NOFIT	1.3
63	22	R	NOFIT	1.4
64	95	D	NOFIT	2.2
64	95	R	NOFIT	2.1
65	572	D	NOFIT	2.2
65	572	R	NOFIT	2.2
66	270	D	NOFIT	2.2
66	270	R	NOFIT	2.1
67	121	D	NOFIT	2.3
67	121	R	NOFIT	2.4
68	360	D	NOFIT	1.5
68	360	R	NOFIT	2.1
69	444	D	FIT	0.4
69	444	R	FIT	0.4
70	329	D	FIT	0.5
70	329	R	NOFIT	2.0
71	207	D	FIT	0.5
71	207	R	NOFIT	2.3
72	10	D	FIT	0.5
72	10	R	NOFIT	2.3
73	426	D	FIT	0.5
73	426	R	NOFIT	2.2
74	90	D	FIT	0.4
74	90	R	NOFIT	1.9
75	689	D	FIT	0.3
75	689	R	NOFIT	3.9
76	24	D	NOFIT	0.1
76	24	R	NOFIT	2.0
77	722	D	NOFIT	0.2
77	722	R	NOFIT	1.2
78	121	D	NOFIT	0.0
78	121	R	NOFIT	2.8
79	317	D	NOFIT	0.1
79	317	R	NOFIT	2.2
80	52	D	NOFIT	2.6
80	52	R	NOFIT	2.5
81	645	D	NOFIT	0.1
81	645	R	NOFIT	2.2
82	605	D	NOFIT	0.1
82	605	R	NOFIT	3.4
