# f213 minus g73: 83 groups, 262 letters, pins {'22': 'de', '722': 'ti', '501': 'et'}; base NOFIT
# idx(after drop 73; idx>=73 is original idx+1)	code	edit	result	sec
0	317	D	NOFIT	0.1
0	317	R	NOFIT	2.2
1	52	D	NOFIT	1.5
1	52	R	NOFIT	2.1
2	347	D	NOFIT	0.5
2	347	R	NOFIT	2.0
3	63	D	FIT	0.2
3	63	R	FIT	0.2
4	834	D	NOFIT	1.9
4	834	R	NOFIT	2.1
5	746	D	NOFIT	2.1
5	746	R	NOFIT	2.2
6	2	D	NOFIT	0.4
6	2	R	NOFIT	2.1
7	835	D	TIMEOUT	6.0
7	835	R	TIMEOUT	6.0
8	826	D	NOFIT	0.2
8	826	R	NOFIT	2.1
9	306	D	NOFIT	5.8
9	306	R	NOFIT	5.9
10	835	D	NOFIT	1.2
10	835	R	TIMEOUT	6.0
11	52	D	NOFIT	2.0
11	52	R	TIMEOUT	6.0
12	605	D	NOFIT	0.1
12	605	R	NOFIT	3.2
13	22	D	NOFIT	2.2
13	22	R	NOFIT	2.1
14	739	D	NOFIT	0.0
14	739	R	NOFIT	2.0
15	90	D	NOFIT	1.7
15	90	R	NOFIT	1.8
16	689	D	NOFIT	0.4
16	689	R	NOFIT	3.8
17	24	D	NOFIT	0.1
17	24	R	NOFIT	2.1
18	722	D	NOFIT	1.2
18	722	R	NOFIT	1.3
19	573	D	NOFIT	2.0
19	573	R	NOFIT	2.1
20	594	D	NOFIT	2.0
20	594	R	NOFIT	2.1
21	52	D	NOFIT	2.6
21	52	R	NOFIT	2.4
22	55	D	NOFIT	2.0
22	55	R	NOFIT	2.2
23	745	D	NOFIT	2.1
23	745	R	NOFIT	2.1
24	576	D	NOFIT	2.0
24	576	R	NOFIT	2.0
25	506	D	NOFIT	2.2
25	506	R	NOFIT	2.1
26	22	D	NOFIT	1.3
26	22	R	NOFIT	1.5
27	338	D	NOFIT	0.1
27	338	R	NOFIT	2.1
28	121	D	NOFIT	1.1
28	121	R	NOFIT	4.0
29	306	D	NOFIT	1.4
29	306	R	NOFIT	4.1
30	62	D	NOFIT	0.4
30	62	R	NOFIT	2.1
31	121	D	NOFIT	1.2
31	121	R	NOFIT	2.6
32	468	D	NOFIT	0.1
32	468	R	NOFIT	2.1
33	46	D	NOFIT	0.5
33	46	R	NOFIT	1.1
34	746	D	NOFIT	2.7
34	746	R	TIMEOUT	6.0
35	130	D	NOFIT	1.1
35	130	R	NOFIT	2.0
36	567	D	NOFIT	1.0
36	567	R	NOFIT	2.0
37	65	D	NOFIT	1.0
37	65	R	NOFIT	2.1
38	837	D	NOFIT	1.0
38	837	R	NOFIT	2.0
39	25	D	NOFIT	1.0
39	25	R	NOFIT	2.0
40	484	D	NOFIT	1.0
40	484	R	NOFIT	1.9
41	725	D	NOFIT	1.0
41	725	R	NOFIT	2.0
