# part1 f213 minus g73: 83 groups, 262 letters, pins {'22': 'de', '501': 'et'}; 722 x2; feasible candidates (>=2 occurrences in slip) 65; ti feasible True
V	a	NOFIT	0.1
V	b	NOFIT	0.0
V	c	NOFIT	0.0
V	d	NOFIT	0.0
V	e	NOFIT	0.1
V	g	NOFIT	0.0
V	i	FIT	1.1
V	l	NOFIT	0.1
V	n	NOFIT	0.0
V	o	NOFIT	0.0
V	p	NOFIT	0.1
V	r	NOFIT	0.1
V	s	NOFIT	0.1
V	t	NOFIT	0.1
V	u	NOFIT	0.0
V	an	NOFIT	0.0
V	ar	NOFIT	0.1
V	de	NOFIT	0.0
V	ed	NOFIT	0.0
V	en	NOFIT	0.0
V	ep	NOFIT	0.0
V	er	NOFIT	0.0
V	es	NOFIT	0.0
V	ga	NOFIT	0.0
V	is	NOFIT	0.1
V	it	NOFIT	0.0
V	la	NOFIT	0.0
V	le	NOFIT	0.0
V	nt	NOFIT	0.1
V	oi	NOFIT	0.0
V	pu	NOFIT	0.0
V	ra	NOFIT	0.0
V	re	NOFIT	0.0
V	se	NOFIT	0.0
V	ti	NOFIT	1.6
V	ub	NOFIT	0.0
V	ant	NOFIT	0.1
V	ara	NOFIT	0.0
V	ede	NOFIT	0.0
V	epu	NOFIT	0.0
V	gar	NOFIT	0.0
V	ise	NOFIT	0.0
V	nti	NOFIT	0.8
V	pub	NOFIT	0.0
V	ran	NOFIT	0.0
V	rep	NOFIT	0.0
V	tis	NOFIT	0.0
V	anti	NOFIT	0.4
V	aran	NOFIT	0.0
V	epub	NOFIT	0.0
V	gara	NOFIT	0.0
V	ntis	NOFIT	0.0
V	rant	NOFIT	0.1
V	repu	NOFIT	0.0
V	antis	NOFIT	0.0
V	arant	NOFIT	0.1
V	garan	NOFIT	0.0
V	ranti	NOFIT	0.1
V	repub	NOFIT	0.0
V	aranti	NOFIT	0.1
V	garant	NOFIT	0.0
V	rantis	NOFIT	0.0
V	arantis	NOFIT	0.0
V	garanti	NOFIT	0.0
V	garantis	NOFIT	0.0
PART1: FIT ['i']; TIMEOUT []
