start s 10-14 13:55:38
end s 10-14 14:05:52
start s 15-19 14:05:52
end s 15-19 14:14:03 (driver 1 killed during this block; python finished it)
note: s 10-14 output lost (file rewritten by an intermediate commit's rebase while open); re-run below
start s 10-14 14:14:03
end s 10-14 14:23:43
start s 20-24 14:23:43
end s 20-24 14:38:54
start s 25-29 14:38:54
end s 25-29 14:52:00
start s 30-34 14:52:00
end s 30-34 15:04:58
start s 35-39 15:04:58
end s 35-39 15:15:13
start g 0-4 15:15:13
end g 0-4 15:24:06
start g 5-9 15:24:06
end g 5-9 15:32:09
start g 10-14 15:32:09
end g 10-14 15:38:37
start g 15-19 15:38:37
end g 15-19 15:52:08
start g 20-24 15:52:08
killed g 20-24 at 15:52:22 by the worker: started 15:52, block times 6.5-15 min, likely to cross the 16:04 80 pct line (PREREG-FT4w stop rule); not scored
