draw s 0 J nofit
draw s 1 J nofit
draw s 2 J nofit
draw s 3 J nofit
draw s 4 J nofit
draw s 5 J nofit
draw s 6 J nofit
draw s 7 J nofit
draw s 8 J nofit
draw s 9 J nofit
draw s 10 J nofit
draw s 11 J nofit
draw s 12 J nofit
draw s 13 J nofit
draw s 14 J nofit
draw s 15 J nofit
draw s 16 J nofit
draw s 17 J nofit
draw s 18 J nofit
draw s 19 J nofit
draw s 20 J nofit
draw s 21 J nofit
draw s 22 J nofit
draw s 23 J nofit
draw s 24 J nofit
draw s 25 J nofit
draw s 26 J nofit
draw s 27 J nofit
draw s 28 J nofit
draw s 29 J nofit
draw s 30 J nofit
draw s 31 J nofit
draw s 32 J nofit
draw s 33 J nofit
draw s 34 J nofit
draw s 35 J nofit
draw s 36 J nofit
draw s 37 J nofit
draw s 38 J nofit
draw s 39 J nofit
CONTROL s blocks ['S1']: fit-or-unresolved 0/40 share 0.000; unresolved 0

real	0m2.946s
user	0m8.432s
sys	0m1.645s
