pair3 f213: dropping groups [73] = ['368']
pair1 62 groups / 192 letters, maxlen 9
pair2 79 groups / 245 letters, maxlen 12
pair3 83 groups / 262 letters, maxlen 12
shared non-C codes (occurrences per passage): {'10': (1, 2, 1), '24': (1, 0, 2), '52': (0, 1, 4), '63': (0, 2, 2), '65': (1, 0, 1), '90': (0, 1, 2), '95': (0, 1, 1), '121': (1, 5, 4), '208': (1, 1, 0), '306': (1, 1, 3), '317': (0, 2, 3), '338': (1, 2, 1), '347': (1, 0, 1), '360': (1, 0, 1), '420': (1, 1, 1), '444': (1, 2, 2), '468': (0, 2, 2), '506': (0, 1, 1), '567': (0, 2, 1), '594': (0, 1, 1), '605': (0, 1, 2), '713': (0, 1, 1), '739': (0, 1, 1), '746': (1, 0, 3), '781': (1, 2, 1), '824': (1, 1, 0), '834': (1, 0, 1)} total 91
REAL: Hp = 0; tied {}; timed out: True
  forced-check 10: 10 joint chunk(s) ['a', 'e', 'es', 'i', 'l', 'n', 'o', 'p', 'r', 's']
  forced-check 24: 1 joint chunk(s) ['n']
  forced-check 52: 5 joint chunk(s) ['a', 'e', 'l', 'la', 'u']
  forced-check 63: 3 joint chunk(s) ['q', 'qu', 'que']
  forced-check 65: 7 joint chunk(s) ['c', 'ce', 'cet', 'cett', 'cette', 'cettep', 'cettepr']
  forced-check 90: 6 joint chunk(s) ['a', 'e', 'g', 'ga', 'n', 'r']
  forced-check 95: 1 joint chunk(s) ['s']
  forced-check 121: 1 joint chunk(s) ['s']
  forced-check 208: 1 joint chunk(s) ['se']
  forced-check 306: 3 joint chunk(s) ['es', 'les', 's']
  forced-check 317: 3 joint chunk(s) ['p', 'pa', 'par']
  forced-check 338: 1 joint chunk(s) ['t']
  forced-check 347: 1 joint chunk(s) ['con']
  forced-check 360: 19 joint chunk(s) ['a', 'ai', 'e', 'ee', 'es', 'esp', 'i', 'is', 'l', 'n']
  forced-check 420: 6 joint chunk(s) ['a', 'c', 'e', 't', 'ta', 'tt']
  forced-check 444: 4 joint chunk(s) ['a', 'e', 'n', 's']
  forced-check 468: 15 joint chunk(s) ['a', 'e', 'es', 'g', 'i', 'l', 'n', 'o', 'p', 'q']
  forced-check 506: 5 joint chunk(s) ['e', 'elle', 'le', 'lle', 't']
  forced-check 567: 19 joint chunk(s) ['a', 'an', 'c', 'd', 'da', 'dan', 'e', 'en', 'er', 'i']
  forced-check 594: 3 joint chunk(s) ['it', 'oit', 't']
  forced-check 605: 10 joint chunk(s) ['blique', 'e', 'epublique', 'ique', 'lique', 'publique', 'que', 'republique', 'ublique', 'ue']
  forced-check 713: 43 joint chunk(s) ['a', 'ai', 'an', 'ans', 'c', 'ce', 'd', 'da', 'dan', 'dans']
  forced-check 739: 6 joint chunk(s) ['v', 've', 'ven', 'veni', 'venis', 'venise']
  forced-check 746: 14 joint chunk(s) ['a', 'ar', 'd', 'de', 'des', 'e', 'es', 'i', 'l', 'n']
  forced-check 781: 1 joint chunk(s) ['e']
  forced-check 824: 4 joint chunk(s) ['d', 'do', 'don', 'donn']
  forced-check 834: 0 joint chunk(s) []
CONTROL (a value permutation, n=100): mean 58.27, p95 67, max 70, timeouts (counted high) 100, >= real 100 (p = 1.0000)
  distribution: [(45, 1), (46, 1), (47, 1), (48, 2), (50, 5), (51, 3), (52, 6), (53, 4), (54, 4), (55, 5), (56, 4), (57, 7), (58, 7), (59, 7), (60, 6), (61, 4), (62, 8), (63, 4), (64, 8), (65, 4), (66, 1), (67, 5), (68, 1), (70, 2)]
CONTROL (b pairing shuffle, n=100): mean 0.00, p95 0, max 0, timeouts (counted high) 0, >= real 100 (p = 1.0000)
  distribution: [(0, 100)]
GATE FAIL (Hp=0 >= 5 and > p95 of (a) 67 and (b) 0)
REAL-(c) (pair 3 unpinned, real slip): Hc = 0; timed out: True
CONTROL (c wrong-slip decoy from slips f206r+f217r, pair 3 unpinned; reported, not gated, n=100): mean 80.73, p95 87, max 89, timeouts (counted high) 100, >= real 100 (p = 1.0000)
  distribution: [(75, 10), (77, 8), (78, 3), (79, 12), (80, 22), (81, 5), (82, 10), (83, 6), (84, 14), (85, 3), (87, 6), (89, 1)]
(c) real NOT above p95 (Hc=0, p95 87)
