# AUD2-LEDGER14-1 gb4 (10 Oct 2026)
"cannot carry the state without them" Delaware | 4
    States at War, Volume 4 2015-02-03 ['Richard F. Miller'] [VeE7BgAAQBAJ] | A Reference Guide for <b>Delaware</b>, Maryland, and New Jersey in the Civil War Richard F. Miller. election . “ We <b>cannot carry the state without them</b> , ” he explains.792 CSS Albemarle is sunk off North Carolina . 28 : One way or another&nbsp;...
    Delaware During the Civil War 1961 ['Harold Bell Hancock'] [-QlQAQAAIAAJ] | ... <b>Delaware</b> publicly interpreted the platform and statements of McClellan as endorsing an immediate peace and ... <b>Delaware</b> Infantry be granted a short furlough at the time of the election , for we <b>cannot carry the state without them</b>&nbsp;...
    Election Day 2008-05 ['Kate Kelly'] [ALF7AGTVlcYC] | ... <b>Delaware</b> , the Union men staged a torchlight procession to help kindle party enthusiasm and to welcome soldiers ... <b>cannot carry the state without them</b> . Two days before the election the troops arrived in Wilmington on a ten - day&nbsp;...
    Delaware History 1964 None [MOEyAQAAIAAJ] | ... <b>Delaware</b> Regiments be given a fur- lough at election time , frankly stating , we <b>cannot carry the state without them</b> . &quot; Two days before election the troops ar- rived in Wilmington on a ten - day leave ; they were entertained at City&nbsp;...
"cannot carry the state without them" cavalry | 1
    States at War, Volume 4 2015-02-03 ['Richard F. Miller'] [VeE7BgAAQBAJ] | ... <b>cannot carry the state without them</b> , ” he explains.792 CSS Albemarle is sunk off North Carolina . 28 : One way or ... <b>Cavalry</b> , now guarding the fords of the Potomac in the neighborhood of the mouth of the Monocacy , can be&nbsp;...
"cannot carry the state without them" Wallace | 3
    States at War, Volume 4 2015-02-03 ['Richard F. Miller'] [VeE7BgAAQBAJ] | ... <b>cannot carry the state without them</b> , ” he explains.792 CSS Albemarle is sunk off North Carolina . 28 : One way or ... <b>Wallace</b> for help . “ As the Executive of this State charged with the preservation of its peace and the&nbsp;...
    Delaware History 1958 None [7hIRAAAAIAAJ] | ... <b>cannot carry the state without them</b> . &quot; On October 28 , he informed Major - General Lew <b>Wallace</b> that at the election &quot; a fair and free expression of the popular will may be prevented . In my judgment , every necessary precaution should&nbsp;...
    Delaware During the Civil War 1961 ['Harold Bell Hancock'] [-QlQAQAAIAAJ] | ... <b>cannot carry the state without them</b> . &quot; On October 28 , he informed Major - General Lew <b>Wallace</b> that at the election a fair and free expression of the popular will may be prevented . In my judgment , every necessary precaution should be&nbsp;...
"guarding the fords of the Potomac" "First Delaware Cavalry" | 6
    The War of the rebellion: a compilation of the off 1893 ['United States dept. of war'] [T96D6pL8k8IC] | 
    The War of the Rebellion: v. 1-53 [serial no. 1-11 1893 ['United States. War Department'] [1bM9AAAAYAAJ] | ... <b>First Delaware Cavalry</b> , now <b>guarding the fords of the Potomac</b> in the neigh- borhood of the mouth of the Monocacy , can be relieved temporarily by other troops ? If this can be done by some command from Major - Gen-. eral. Augur. or. by.
    The War of the Rebellion 1893 ['United States. War Department'] [DiXC4ptLOXAC] | ... <b>First Delaware Cavalry</b> , now <b>guarding the fords of the Potomac</b> in the neigh- borhood of the mouth of the Monocacy , can be relieved temporarily by other troops ? If this can be done by some command from Major - Gen- eral Augur or by&nbsp;...
    States at War, Volume 4 2015-02-03 ['Richard F. Miller'] [VeE7BgAAQBAJ] | ... <b>First Delaware Cavalry</b> , now <b>guarding the fords of the Potomac</b> in the neighborhood of the mouth of the Monocacy , can be relieved temporarily by other troops ? If this can be done . . . the request of Governor Cannon can be complied&nbsp;...
    House documents 1895 None [bQGDjJYLdhEC] | ... <b>First Delaware Cavalry</b> , now <b>guarding the fords of the Potomac</b> in the neigh- borhood of the mouth of the Monocacy , can be relieved temporarily by other troops ? If this can be done by some command from Major - Gen- eral Augur or by&nbsp;...
"First Delaware Cavalry" furlough election 1864 Smithers | 3
    History of Delaware, 1609-1888 1990 ['John Thomas Scharf'] [ZM8wAQAAMAAJ] | ... <b>1864</b> , and the troops were known as &quot; Emergency Men . &quot; The regi- ment ... <b>Smithers</b> , on the Concord Pike , in Brandywine Hundred . Before the regiment ... <b>furlough</b> to come home to <b>vote</b> , but returned to go into winter - quarters&nbsp;...
    The Union Army: States and regiments 1908 None [71JLAAAAYAAJ] | ... <b>Delaware</b> , ге- maining there until Aug. 23 , 1863 , and the week following ... <b>1864</b> , and the troops were known as &quot; Emergency Men . &quot; The regiment ... <b>Smithers</b> , on the Concord Pike , in Brandywine Hundred . Before the regiment&nbsp;...
    Harper's Weekly 1864 None [ETTc2RLUkHQC] | ... <b>Smithers</b> , of <b>Delaware</b> , spoke at length upon the Confiscation act . He was in favor of punishing the leaders of the ... <b>election</b> in Louisiana , concluding with a resolution that Mr. Field , who claims to have been elected from New&nbsp;...
    The First Delaware Cavalry 1961* ['William P. Frank', 'William T. Mahoney', 'John S. Spruance', 'Carroll County Historical Society (Md.)'] [6IkFtwAACAAJ] | 
"short furlough at the time of the election" | 2
    Delaware During the Civil War 1961 ['Harold Bell Hancock'] [-QlQAQAAIAAJ] | ... <b>short furlough at the time of the election</b> , for we cannot carry the state without them . &quot; On October 28 , he informed Major - General Lew Wallace that at the election a fair and free expression of the popular will may be prevented&nbsp;...
    Delaware History 1958 None [7hIRAAAAIAAJ] | ... <b>short furlough at the time of the election</b> , for we cannot carry the state without them . &quot; On October 28 , he informed Major - General Lew Wallace that at the election &quot; a fair and free expression of the popular will may be prevented&nbsp;...
"Delaware" "furlough" "Lew Wallace" "October 28" 1864 | 2
    Delaware During the Civil War 1961 ['Harold Bell Hancock'] [-QlQAQAAIAAJ] | ... <b>Delaware</b> publicly interpreted the platform and statements of McClellan as ... <b>furlough</b> at the time of the election , for we cannot carry the state without them . &quot; On <b>October 28</b> , he informed Major - General <b>Lew Wallace</b> ... <b>1864</b> ( 2&nbsp;...
    Delaware History 1958 None [7hIRAAAAIAAJ] | ... <b>Delaware</b> Infantry be granted a short <b>furlough</b> at the time of the election , for we cannot carry the state without them . &quot; On <b>October 28</b> , he informed Major - General <b>Lew Wallace</b> ... <b>1864</b> ( 2 letters ) , Stanton Papers ( LC ) ; William Cannon&nbsp;...
"Delaware cavalry" furloughed vote November 1864 election Delaware | 2
    States at War, Volume 4 2015-02-03 ['Richard F. Miller'] [weA7BgAAQBAJ] | ... <b>election</b> , and to prevent any violation of the laws . ” 793 Wallace wastes no time in trying to satisfy Cannon . He writes to Townsend at the War Department , “ Is it possible to make arrangement by which the First <b>Delaware Cavalry</b>&nbsp;...
    Lincoln's Plan of Reconstruction 1960 ['William Best Hesseltine'] [UqY6AQAAIAAJ] | ... <b>election</b> officials in the camps . Without exception , the rejected ballots ... <b>vote</b> as cast . Actually , the Secretary of State gave McClellan a better ... <b>Delaware cavalry</b> guarding the Baltimore and But Ohio Railroad . &quot; Without&nbsp;...
