CA 'Boulware arrested' 1865-05-01/1865-06-30 3
    1865-05-22 | ['alexandria gazette (alexandria, d.c.) 1834-1974'] | http://www.loc.gov/resource/sn85025007/1865-05-22/ed-1/?sp=2
    1865-05-15 | ['evening star (washington, d.c.) 1854-1972'] | http://www.loc.gov/resource/sn83045462/1865-05-15/ed-1/?sp=2
    1865-06-21 | ['edgefield advertiser (edgefield, s.c.) 1836-current'] | http://www.loc.gov/resource/sn84026897/1865-06-21/ed-1/?sp=2
CA 'Boulware King Queen' 1865-05-01/1865-07-31 0
CA 'Campbell arrested Augusta Knoxville' 1865-05-20/1865-07-15 15
    1865-05-24 | ["brownlow's knoxville whig, and rebel ventilator (knoxville, tenn.) 1863-1866"] | http://www.loc.gov/resource/sn83045586/1865-05-24/ed-1/?sp=2
    1865-07-05 | ["brownlow's knoxville whig, and rebel ventilator (knoxville, tenn.) 1863-1866"] | http://www.loc.gov/resource/sn83045586/1865-07-05/ed-1/?sp=2
    1865-05-29 | ['daily national intelligencer (washington city [d.c.]) 1813-1869'] | http://www.loc.gov/resource/sn83026172/1865-05-29/ed-1/?sp=5
    1865-07-13 | ['the new york herald (new york [n.y.]) 1840-1920'] | http://www.loc.gov/resource/sn83030313/1865-07-13/ed-1/?sp=4
    1865-07-11 | ['the nashville daily union (nashville, tenn.) 1862-1866'] | http://www.loc.gov/resource/sn83025718/1865-07-11/ed-1/?sp=3
    1865-05-27 | ['chicago tribune (chicago, ill.) 1864-1872'] | http://www.loc.gov/resource/sn82014064/1865-05-27/ed-1/?sp=1
    1865-06-01 | ['the willimantic journal (willimantic, conn.) 185?-1911'] | http://www.loc.gov/resource/sn82016399/1865-06-01/ed-1/?sp=2
    1865-07-07 | ['daily national intelligencer (washington city [d.c.]) 1813-1869'] | http://www.loc.gov/resource/sn83026172/1865-07-07/ed-1/?sp=3
    1865-06-21 | ['the new york herald (new york [n.y.]) 1840-1920'] | http://www.loc.gov/resource/sn83030313/1865-06-21/ed-1/?sp=1
    1865-06-16 | ['the daily gate city (keokuk, iowa) 1855-1916'] | http://www.loc.gov/resource/sn83025182/1865-06-16/ed-1/?sp=1
    1865-07-13 | ['civilian & telegraph (cumberland, md.) 1859-1875'] | http://www.loc.gov/resource/sn83016179/1865-07-13/ed-1/?sp=1
    1865-06-05 | ['the new york herald (new york [n.y.]) 1840-1920'] | http://www.loc.gov/resource/sn83030313/1865-06-05/ed-1/?sp=8
CA 'Campbell confiscating Knoxville' 1865-05-01/1865-08-31 24
    1865-08-05 | ['arkansas state gazette (little rock, ark.) 1859-1866'] | http://www.loc.gov/resource/sn82016480/1865-08-05/ed-1/?sp=2
    1865-07-24 | ['chicago tribune (chicago, ill.) 1864-1872'] | http://www.loc.gov/resource/sn82014064/1865-07-24/ed-1/?sp=4
    1865-05-27 | ['chicago tribune (chicago, ill.) 1864-1872'] | http://www.loc.gov/resource/sn82014064/1865-05-27/ed-1/?sp=1
    1865-08-09 | ["brownlow's knoxville whig, and rebel ventilator (knoxville, tenn.) 1863-1866"] | http://www.loc.gov/resource/sn83045586/1865-08-09/ed-1/?sp=2
    1865-05-29 | ['daily national intelligencer (washington city [d.c.]) 1813-1869'] | http://www.loc.gov/resource/sn83026172/1865-05-29/ed-1/?sp=5
    1865-08-04 | ['new-york daily tribune (new-york [n.y.]) 1842-1866'] | http://www.loc.gov/resource/sn83030213/1865-08-04/ed-1/?sp=1
    1865-08-22 | ['the potter journal (coudersport, pa.) 1857-1872'] | http://www.loc.gov/resource/sn86081096/1865-08-22/ed-1/?sp=2
    1865-08-24 | ['the jeffersonian (stroudsburg, pa.) 1853-1911'] | http://www.loc.gov/resource/sn84026399/1865-08-24/ed-1/?sp=2
    1865-05-29 | ['the western democrat (charlotte, n.c.) 1852-1870'] | http://www.loc.gov/resource/sn84020712/1865-05-29/ed-1/?sp=3
    1865-08-12 | ['new-york daily tribune (new-york [n.y.]) 1842-1866'] | http://www.loc.gov/resource/sn83030213/1865-08-12/ed-1/?sp=1
    1865-06-09 | ['new-york daily tribune (new-york [n.y.]) 1842-1866'] | http://www.loc.gov/resource/sn83030213/1865-06-09/ed-1/?sp=1
    1865-08-03 | ['the willimantic journal (willimantic, conn.) 185?-1911'] | http://www.loc.gov/resource/sn82016399/1865-08-03/ed-1/?sp=2
CA 'Campbell receiver Knoxville arrested' 1865-05-20/1865-08-31 4
    1865-08-15 | ['delaware state journal and statesman (wilmington, del.) 1855-1870'] | http://www.loc.gov/resource/sn84038112/1865-08-15/ed-1/?sp=2
    1865-07-21 | ['daily national intelligencer (washington city [d.c.]) 1813-1869'] | http://www.loc.gov/resource/sn83026172/1865-07-21/ed-1/?sp=2
    1865-08-12 | ['chicago tribune (chicago, ill.) 1864-1872'] | http://www.loc.gov/resource/sn82014064/1865-08-12/ed-1/?sp=1
    1865-05-25 | ['chicago tribune (chicago, ill.) 1864-1872'] | http://www.loc.gov/resource/sn82014064/1865-05-25/ed-1/?sp=2
CA 'McCallum forage horses rail Sherman' 1864-09-01/1864-09-30 0
IA 'title:("report of bvt. brig. gen. D. C. McCallum")' [('unitedstatesmili00unit', 'United States military railroads. Report of Bvt. B', None, '1866')]
IA 'McCallum AND "military railroads" AND date:[1866 TO 1867]' [('unitedstatesmili00unit', 'United States military railroads. Report of Bvt. B', None, '1866'), ('reportsofbvtbrig00unit', 'Reports of Bvt. Brig. Gen. D. C. McCallum, Directo', None, '1866')]
IA 'title:("war of the rebellion") AND "series III" AND "volume 5"' []
IA 'title:("papers of andrew johnson")' [('papersofandrewjo0005unse', 'The papers of Andrew Johnson / Vol. 5, 1861-1862', '5', '1979'), ('papersofandrewjo0004unse', 'the papers of andrew johnson', '4', '1976'), ('papersofandrewjo0003john_j9k7', 'The papers of Andrew Johnson', '3', '1967'), ('papersofandrewjo0013unse', 'The papers of Andrew Johnson', '13', '1996'), ('papersofandrewjo0002john', 'The papers of Andrew Johnson', '2', '1967'), ('papersofandrewjo0011unse', 'The papers of Andrew Johnson. Editors: LeRoy P. Gr', '11', '1967'), ('papersofandrewjo0012unse', 'The papers of Andrew Johnson. Vol.12, February-Aug', '12', '1995'), ('papersofandrewjo0015john', 'The papers of Andrew Johnson', '15', '1967'), ('papersofandrewjo0002unse', 'The papers of Andrew Johnson / Vol. 2, 1852-1857', '2', '1970'), ('papersofandrewjo0001john', 'The papers of Andrew Johnson', '1', '1967'), ('papersofandrewjo0009john', 'The papers of Andrew Johnson', '9', '1967'), ('papersofandrewjo0008unse', 'The papers of Andrew Johnson. Editors: LeRoy P. Gr', '8', '1967'), ('papersofandrewjo0010unse', 'The papers of Andrew Johnson. Editors: LeRoy P. Gr', '10', '1967'), ('papersofandrewjo0001unse', 'papers of andrew johnson', '1', '1967'), ('papersofandrewjo0003john', 'The papers of Andrew Johnson', '3', '1967')]
IA 'title:("lincoln assassination") AND creator:(Steers)' [('lincolnassassina0000stee', 'The Lincoln assassination encyclopedia', None, '2010')]
BEG '"William Boulware"' {"aggregations": {"top-languages": {"sum_other_doc_count": 0, "buckets": [{"key": "English", "doc_count": 531}, {"key": "French", "doc_count": 3}, {"key": "Multiple", "doc_count": 2}, {"key": "Dutch", "doc_count": 1}], "doc_count_error_upper_bound": 0}, "top-creator": {"sum_other_doc_count": 230, "buckets": [{"key": "united states. dept. of state", "doc_count": 16}, {"key": "united states. department of state", "doc_count": 15}, {"key": "various", "doc_count": 13}, {"key": "lee enterprises", "doc_count": 12}, {"key": "adams, john, 1735-1826, former owner. brl", "doc_count": 9}, {"key": "southern planter", "doc_count": 9}, {"key": "united states. president", "doc_count": 9}, {"key": "college of william and mary", "doc_count": 8}, {"key": "united states. civil service commission. [from old catalog]", "doc_count": 8}, {"key": "american almanac collection (library of congress) dlc", "doc_count": 5}, {"key": "bagby, alfred", "doc_count": 4}, {"key": "george washington university", "doc_count": 4}, {"key": "godfrey, wm.", "doc_count": 4}, {"key": "lanman, charles, 1819-1895", "doc_count": 4}, {"key": "maclean, john, 1800-1886", "doc_count": 4}, {"key": "robert seager ii", "doc_count": 4}, {"key": "williams, edwin, 1797-1854", "doc_count": 4}, {"key": "american whig society", "doc_count": 3}, {"key": "howard r. marraro", "doc_count": 3}, {"key": "john maclean", "doc_count": 3}], "doc_count_error_upper_bound": 0}, "top-subject": {"sum_other_doc_count": 1062, "buckets": [{"key": "micr
BEG '"Thomas J. Campbell" confiscating' {"aggregations": {"top-languages": {"sum_other_doc_count": 0, "buckets": [{"key": "English", "doc_count": 245}, {"key": "Engeng", "doc_count": 1}, {"key": "undetermined", "doc_count": 1}], "doc_count_error_upper_bound": 0}, "top-creator": {"sum_other_doc_count": 78, "buckets": [{"key": "u.s. congress", "doc_count": 20}, {"key": "united states. congress", "doc_count": 12}, {"key": "giddings, joshua r. (joshua reed), 1795-1864", "doc_count": 5}, {"key": "various", "doc_count": 5}, {"key": "r.r. palmer", "doc_count": 4}, {"key": "various author", "doc_count": 4}, {"key": "cluskey, m. w. (michael w.)", "doc_count": 3}, {"key": "dodd, mead and company", "doc_count": 3}, {"key": "juan de mariana", "doc_count": 3}, {"key": "paulist fathers", "doc_count": 3}, {"key": "[new york,america press]", "doc_count": 2}, {"key": "apostleship of prayer (organization)", "doc_count": 2}, {"key": "bulletin co.", "doc_count": 2}, {"key": "charles buxton going", "doc_count": 2}, {"key": "ellis, franklin, 1828-1885, ed", "doc_count": 2}, {"key": "eric jon phelps", "doc_count": 2}, {"key": "flinn, frank k", "doc_count": 2}, {"key": "giddings, joshua r. (joshua reed), 1795-1864, author", "doc_count": 2}, {"key": "herbermann, charles george, 1840-1916", "doc_count": 2}, {"key": "magill, frank n. (frank northen), 1907-1997", "doc_count": 2}], "doc_count_error_upper_bound": 0}, "top-subject": {"sum_other_doc_count": 382, "buckets": [{"key": "microfilm", "doc_count": 26}, {"key": "Catholic Church", "doc_co
BEG '"Masury and Whiton" McCallum' {"aggregations": {"top-languages": {"sum_other_doc_count": 0, "buckets": [], "doc_count_error_upper_bound": 0}, "top-creator": {"sum_other_doc_count": 0, "buckets": [], "doc_count_error_upper_bound": 0}, "top-subject": {"sum_other_doc_count": 0, "buckets": [], "doc_count_error_upper_bound": 0}, "top-collection": {"sum_other_doc_count": 0, "buckets": [], "doc_count_error_upper_bound": 0}, "top-mediatype": {"sum_other_doc_count": 0, "buckets": [], "doc_count_error_upper_bound": 0}, "top-year": {"sum_other_doc_count": 0, "buckets": [], "doc_count_error_upper_bound": 0}}, "timed_out": false, "hits": {"max_score": null, "hits": [], "total": 0}, "fts-api": {"commit": "master - a7592427", "auth": {"type": "None", "email": ""}, "version": "v3.16.0", "cached": false, "query_type": "dsl", "host": "be-api.us.archive.org"}, "took": 1180, "ia-pub-fts-api-wrapper": true}
S2 'William Boulware arrest 1865 King and Queen' 1 [('List of Entries', 2021)]
CORE 'William Boulware arrest 1865 King and Queen' 0 []
OA 'William Boulware arrest 1865 King and Queen' 2 ['African American historic places in South Carolina', 'South Carolina African American history calendar 2021']
S2 'Thomas J. Campbell Confederate receiver Knoxville sequestration' 0 []
CORE 'Thomas J. Campbell Confederate receiver Knoxville sequestration' 21223272 ["'To live and die [for] Dixie': Irish civilians and the Confe", 'Thomas J. Raney', 'Just the High Spots of Knoxville and East Tennessee', 'Letter: William J. Campbell to Ida M. Tarbell, January 4, 19', 'Thomas, J. R., 1838- : Confederate Service Record, 1908.']
OA 'Thomas J. Campbell Confederate receiver Knoxville sequestration' 1 ['Parallel Identities: Southern Appalachia and the Southern Co']
S2 'McCallum military railroads forage Sherman 1864' HTTP Error 429:  []
CORE 'McCallum military railroads forage Sherman 1864' 1266979 ['Commentary on "targeting versus instrument rules for monetar', 'W. B. McCallum', 'Speech by Hon. John Sherman, of Ohio, on emancipation as a c', 'William T. Sherman and staff photograph', 'Virginia Military Institute Annual Report, 1864']
OA 'McCallum military railroads forage Sherman 1864' 2 ['Civil War Supply and Strategy: Feeding Men and Moving Armies', "Man's past and present impact on the status and distribution"]
requests {'loc.gov': 6, 'archive.org': 5, 'be-api': 3, 'semanticscholar': 3, 'core': 3, 'openalex': 3}
