## "Delaware cavalry" | 1
    to Wallace, Oct. 26, 1864, M473 (furlough {{{Delaware cavalry}}}); Can- non to Stanton, Oct. 27, 1864, Edwin
    Stanton Papers, LC, box 43, image 50 (furlough {{{Delaware cavalry}}}); Grant to Stanton, Nov. 1, 1864, OR, vol
## "go home and vote" | 1
    to go for Seymour unless the soldiers could {{{go home and vote}}}.” Stanton said he would grant the furloughs
    to let her soldiers, or any part of them, {{{go home and vote}}} at the State election, will be greatly in
## Cannon Delaware furlough | 1
    other generals asking them to send {{{Delaware}}} troops home on {{{furlough}}} to vote. Grant reluctantly agreed
    Stanton to Wallace, Oct. 26, 1864, M473 ({{{furlough}}} {{{Delaware}}} cavalry); Can- non to Stanton, Oct. 27, 1864
    Edwin Stanton Papers, LC, box 43, image 50 ({{{furlough}}} {{{Delaware}}} cavalry); Grant to Stanton, Nov. 1, 1864,
    speeches and bands and “Obstinate Democrat” — 43 {{{cannon}}}; men and women cheered and wept. Then the volunteers
    Carolina governor Francis Pickens threatens to fire a {{{cannon}}} (aimed at himself) if Buchanan does not surrender
## "cannot carry" | 0
## Wallace Delaware | 1
    Emancipation, PA EA Stanton to {{{Wallace}}}, Oct. 26, 1864, M473 (furlough {{{Delaware}}} cavalry); Can- non to Stanton
    de- fendants. In the Middle Department, covering {{{Delaware}}} and Maryland, there were no military commissions
    direct telegraphic communication with Gen. Lew {{{Wallace}}}, the future author of Ben Hur, at Frederick, Maryland
    Garrett, in Bal- timore, for this brief report from {{{Wallace}}}: “My troops are engaging the enemy to the west
    Another, even more worrisome message arrived from {{{Wallace}}} through Garrett at about nine that evening: “I
## "Delaware" election troops | 1
    Lincoln’s {{{election}}} and expect to come 104 — STANTON here to the inauguration. The {{{election}}} of Lincoln
    Washington: transporting {{{troops}}} home so they could vote, getting ballots to {{{troops}}} “Put Forth Every Energy”
    Stanton both for additional {{{troops}}} and for control over all western {{{troops}}}. Stan- ton drafted but did
    Pennsylvania, asking for federal {{{troops}}}, asking for state control of the federal {{{troops}}} at Carlisle, asking whether
    to think that his {{{troops}}} would have been killed, and defeated, as Burnside’s {{{troops}}} were killed by entrenched
## M473 | 1
    1863, ibid., 889 (his hand {{{M473}}}); Stanton to Schenck, July 14, 1863, {{{M473}}}; Jay to Stanton, July 14, 1863
    Apr. 7, 1865, {{{M473}}}; New York Times, Apr. 8, 1865; Stanton to Dix, Apr. 8, 1865, {{{M473}}}; Dana to Stanton
    telegrams sent from the secretary’s office, on microfilm {{{M473}}}, especially useful. Printed primary sources were
    York Times, 1 have cited these sources rather than {{{M473}}}. I have modernized spelling and punctu- ation but
    Society of Pennsylvania LC: Library of Congress {{{M473}}}: Records of the Office of the Secretary of War,
## "Delaware troops home on furlough" | 1
    other generals asking them to send {{{Delaware troops home on furlough}}} to vote. Grant reluctantly agreed
## "Grant reluctantly agreed" | 1
    Delaware troops home on furlough to vote. {{{Grant reluctantly agreed}}} but asked Stanton to keep the furloughs
## "asking them to send Delaware" | 1
    mes- sages to Grant and other generals {{{asking them to send Delaware}}} troops home on furlough to vote. Grant
## "mes- sages to Grant" | 1
    Delaware depend upon the result.” Stanton sent {{{mes- sages to Grant}}} and other generals asking them to send Delaware
## "sent mes"  Delaware furlough | 1
    Congress, and emancipation in {{{Delaware}}} depend upon the result.” Stanton {{{sent mes}}}- sages to Grant and other
    other generals asking them to send {{{Delaware}}} troops home on {{{furlough}}} to vote. Grant reluctantly agreed but
    Stanton to Wallace, Oct. 26, 1864, M473 ({{{furlough}}} {{{Delaware}}} cavalry); Can- non to Stanton, Oct. 27, 1864
    Edwin Stanton Papers, LC, box 43, image 50 ({{{furlough}}} {{{Delaware}}} cavalry); Grant to Stanton, Nov. 1, 1864,
    several other New Hampshire regiments, home on {{{furlough}}} so that they could vote in early March. The Democrat
## "cannot carry the state" | 0
