GB '"Mouthrey" OR "Monthny" Lasalle 1864' 2
    8ASqIMsVOiYC | Official Records of the Union and Confederate Navies in the War of the | 1907 | ... <b>1864</b> .. Page . 405 , 417 , 418 , 422 , 425 , 426 , 428 , 429 , 440 , 443 , 450 , 457 , 463 , 474 , 478 , 508 , 521 , 522 , 533 ... <b>Mouthrey</b> de
    gTlAAAAAYAAJ | Official Records of the Union and Confederate Navies in the War of the | 1906 | ... <b>1864</b> .... Mentioned .... Page . 405 , 417 , 418 , 422 , 425 , 426 , 428 , 429 , 440 , 443 , 450 , 457 , 463 ... <b>Mouthrey</b> de <b>Lasalle</b> , D
GB '"Captain Edwards" Havana plot steamer 1864 Dix' 16
    V-zUEQAAQBAJ | William Watson and the Rob Roy | 2026-01-22 | ... <b>Captain</b> Law- rence. She was at Tampico Oct–Nov <b>1864</b>, and at the Rio Grande in Jan 1865, but there is no evidence of ... <b>Havana</b> captured
    z_XmdDqNu5QC | Olympians of the Sawdust Circle | 1998-01-01 | ... <b>1864</b>- 65. ALL Arabian attendant of Bucheet, the 2-year old, 1,000 pound hippopotamus that arrived in the USA aboard the <b>steamer</b> ... <b>Havana<
    Wh4_AQAAMAAJ | The United States Army and Navy Journal and Gazette of the Regular and | 1864 | ... <b>1864</b> . Liutenant - Colonel James M. Sanderson , <b>Captain</b> Commissary Subsistence , United States Volunteers , to date ... <b>steamer</b> Geraniu
    CG1FAQAAMAAJ | The Journal of the Armed Forces | 1863 | ... <b>1864</b> . Liutenant - Colonel James M. Sanderson , <b>Captain</b> Commissary Subsistence , United States Volunteers , to date ... <b>steamer</b> Ticonde
    FtMxAQAAMAAJ | The Index | 1864 | ... <b>Dix</b> , and after a full examination of the treasonable correspondence of Manhattan , &#39; would have cared to put that ... ( <b>steamer</b> ) , The E
    naw0AQAAMAAJ | Armed Forces Journal International | 1864 | ... <b>CAPTAIN</b> Hulse , ambulance officer of the Fifth corps , has been mustered out of the service , his term having ... <b>1864</b> , War Department , Adju
    Y9cYAQAAMAAJ | Finley Findings International | 1991 | ... <b>Captain</b> STEINE , 20 , baker , b Bavaria ; ( <b>10</b> ) Philip STEINE , 23 , baker ... <b>1864</b> , he was a blockade runner . It was the custom of 
    14U-AQAAMAAJ | Harper's Weekly | 1857 | ... <b>1864</b> . This House is conducted upon the same system that has distinguished it hitherto . A Restaurant has been added ... <b>Havana</b> smoke which ha
GB 'Phelps Havana steamer plot 1864 New York arrested' 3
    8ASqIMsVOiYC | Official Records of the Union and Confederate Navies in the War of the | 1907 | ... <b>steamer</b> , but was taken sick . These parties have a rendezvous in <b>New York</b> or its neighborhood , and several of the ... <b>plot</b> against th
    gTlAAAAAYAAJ | Official Records of the Union and Confederate Navies in the War of the | 1906 | ... <b>steamer</b> , but was taken sick . These parties have a rendezvous in <b>New York</b> or its neighborhood , and several of the ... <b>plot</b> against th
    7vo-AQAAMAAJ | The United States Army and Navy Journal and Gazette of the Regular and | 1898 | ... <b>New York</b> City . Maj . Gen. J. R. Brooke , U. S. A. , since his return from ... <b>Havana</b> , on the transport Mobile , to ascertain by personal obs
GB '"Berrien" Pittsburgh powder 1864 navy ordnance' 1
    XmvhAAAAMAAJ | Who was who in America | 1968 | ... ( <b>Berrien</b> ) A .; ed . pvt . sch . , West Chester , Pa . , and Mt. Pleasant Mil ... <b>Navy</b> during Spanish - Am . War , 1898 . Episcopalian , Demo
GB '"Pennock" Cairo powder 1864 "Berrien"' 0
GB '"Wise" "Bureau of Ordnance" Pennock powder Cairo 1864' 0
GB '"Alberger" Lynchburg 1865' 2
    xajH1cquOlQC | The Commonwealth | 1936 | ... <b>Lynchburg</b> , the com- munity was the center of travel , agriculture , banking ... <b>Alberger</b> , SR . Mosby , Thomas E. Merrell , Kashitton 9. Hant
    WzUwAAAAYAAJ | Virginia Municipal Review | 1936 | ... <b>Lynchburg</b> , the com- munity was the center of travel , agriculture , banking ... <b>Alberger</b> , Stratton , Clinton De Witt , James saklion , hadde
GB '"Morris H. Alberger"' 67
    3OInAAAAYAAJ | American Bell Telephone Company: Preliminary injunction | 1885 | 
    mniwmEnYG9YC | Specifications and Drawings of Patents Relating to Electricity | 1881 | ... <b>MORRIS H. ALBERGER</b> , of Philadelphia , Pennsylvania , have invented a new and useful Improvement in Wires and Bars and in the Mode of Making the Same
    LmEUAAAAYAAJ | Chronicles of the Twenty-first Regiment New York State Volunteers | 1887 | ... <b>Morris H. Alberger</b> ; 4th Sergeant - Henry C. Beebee . Ist Corporal - Ogden ell ; 2d Corporal - Willett H. Fargo ; 3d Corporal - Charles L. De Forrest
    TfA2AQAAMAAJ | The Electrician and Electrical Engineer | 1886 | ... <b>Morris H. Alberger</b> , Daniel L. Hutchinson , C. E. Williams , and the Penn Overland Telephone and Telegraph company , <b>Morris H. Alberger</b> , Char
    Za9IAQAAMAAJ | Public Statutes at Large of the United States of America | 1909 | ... <b>Morris H. Alberger</b> , late major and quartermaster , United States Volunteers , and pay him a pension at the rate of thirty dollars per month in lieu 
    HFRGAAAAYAAJ | Preservation of Niagara Falls | 1911 | ... <b>MORRIS H. ALBERGER</b> , OF BUFFALO , N. Y. The CHAIRMAN . Please give your name to the stenographer , your residence , and whom you represent . Mr. ALBE
    k95HAQAAMAAJ | Constitution and By-laws | 1881 | ... <b>MORRIS H. ALBERGER</b> , U. S. Vols . - 5 , 1875 . Brevet Colonel <b>MORRIS H. ALBERGER</b> , U. S. Vols . -у 3 , 1876 . Major IVAN TAILOF , U. S. Vols .
    6wm4wavLZY4C | Journal of the Executive Proceedings of the Senate of the United State | 1887 | ... <b>Morris H. Alberger</b> , Rufus K. Case , Samuel F. Gibson , Benjamin Coonly , James E. Fuller , Charles H. Reynolds , David J. Williamson , Valentine Sax
GB '"Alberger" Baker detective 1865 safe' 2
    3vc-AQAAMAAJ | The United States Army and Navy Journal and Gazette of the Regular and | 1866 | ... <b>ALBERGER</b> , WILLIAM S. MORSE , MANAGING DIRECTORS . TREASURY DEPARTMENT , OFFICE OF INTERNAL REVENUE , WASHINGTON ... <b>BAKER</b> &amp; MCKENNEY , Ma
    xsE6AQAAMAAJ | The Legislative Record: Containing the Debates and Proceedings of the  | 1866 | ... <b>detective</b> horse company of the city and county of Philadelphia for the recovery of stolen horses and other ... <b>Alberger</b> , an old old soldier o
CA 'Havana plot steamer' 1864-05-25/1864-06-10 15
    1864-05-31 | ['the portland daily press (portland, me.) 1862-1921'] | http://www.loc.gov/resource/sn83016025/1864-05-31/ed-1/?sp=2
    1864-06-02 | ['new-york daily tribune (new-york [n.y.]) 1842-1866'] | http://www.loc.gov/resource/sn83030213/1864-06-02/ed-1/?sp=3
    1864-05-30 | ['the new york herald (new york [n.y.]) 1840-1920'] | http://www.loc.gov/resource/sn83030313/1864-05-30/ed-1/?sp=6
    1864-06-09 | ['the portland daily press (portland, me.) 1862-1921'] | http://www.loc.gov/resource/sn83016025/1864-06-09/ed-1/?sp=2
    1864-05-27 | ['the new york herald (new york [n.y.]) 1840-1920'] | http://www.loc.gov/resource/sn83030313/1864-05-27/ed-1/?sp=3
    1864-05-25 | ['new-york daily tribune (new-york [n.y.]) 1842-1866'] | http://www.loc.gov/resource/sn83030213/1864-05-25/ed-1/?sp=6
    1864-06-06 | ['the new york herald (new york [n.y.]) 1840-1920'] | http://www.loc.gov/resource/sn83030313/1864-06-06/ed-1/?sp=5
    1864-05-31 | ['daily national republican (washington, d.c.) 1862-1866'] | http://www.loc.gov/resource/sn86053570/1864-05-31/ed-1/?sp=3
    1864-05-26 | ['the new york herald (new york [n.y.]) 1840-1920'] | http://www.loc.gov/resource/sn83030313/1864-05-26/ed-1/?sp=4
    1864-05-25 | ['new-york daily tribune (new-york [n.y.]) 1842-1866'] | http://www.loc.gov/resource/sn83030213/1864-05-25/ed-1/?sp=7
    1864-05-31 | ['the new york herald (new york [n.y.]) 1840-1920'] | ttp://www.loc.gov/resource/sn83030313/1864-05-31/ed-1/?sp=10
    1864-05-29 | ['the new york herald (new york [n.y.]) 1840-1920'] | http://www.loc.gov/resource/sn83030313/1864-05-29/ed-1/?sp=7
CA 'Phelps Havana' 1864-05-25/1864-06-15 17
    1864-06-02 | ['new-york daily tribune (new-york [n.y.]) 1842-1866'] | http://www.loc.gov/resource/sn83030213/1864-06-02/ed-1/?sp=3
    1864-06-06 | ['the daily register (wheeling, w. va.) 1863-1864'] | http://www.loc.gov/resource/sn86092517/1864-06-06/ed-1/?sp=4
    1864-05-31 | ['new-york daily tribune (new-york [n.y.]) 1842-1866'] | http://www.loc.gov/resource/sn83030213/1864-05-31/ed-1/?sp=6
    1864-06-04 | ['the portland daily press (portland, me.) 1862-1921'] | http://www.loc.gov/resource/sn83016025/1864-06-04/ed-1/?sp=2
    1864-05-28 | ['the daily register (wheeling, w. va.) 1863-1864'] | http://www.loc.gov/resource/sn86092517/1864-05-28/ed-1/?sp=3
    1864-05-27 | ['chicago daily tribune (chicago, ill.) 1860-1864'] | http://www.loc.gov/resource/sn84031490/1864-05-27/ed-1/?sp=2
    1864-06-04 | ['new-york daily tribune (new-york [n.y.]) 1842-1866'] | http://www.loc.gov/resource/sn83030213/1864-06-04/ed-1/?sp=8
    1864-06-03 | ['fremont journal (fremont, sandusky county [ohio]) 1853-1866'] | http://www.loc.gov/resource/sn85026050/1864-06-03/ed-1/?sp=3
    1864-06-02 | ['new-york daily tribune (new-york [n.y.]) 1842-1866'] | http://www.loc.gov/resource/sn83030213/1864-06-02/ed-1/?sp=4
    1864-05-30 | ['new-york daily tribune (new-york [n.y.]) 1842-1866'] | http://www.loc.gov/resource/sn83030213/1864-05-30/ed-1/?sp=6
    1864-06-15 | ['worcester daily spy (worcester [mass.]) 1850-1888'] | http://www.loc.gov/resource/sn83021205/1864-06-15/ed-1/?sp=2
    1864-06-15 | ['chicago daily tribune (chicago, ill.) 1860-1864'] | http://www.loc.gov/resource/sn84031490/1864-06-15/ed-1/?sp=1
CA 'Edwards Havana rebels' 1864-05-25/1864-06-15 19
    1864-05-28 | ['the portland daily press (portland, me.) 1862-1921'] | http://www.loc.gov/resource/sn83016025/1864-05-28/ed-1/?sp=3
    1864-05-27 | ['the portland daily press (portland, me.) 1862-1921'] | http://www.loc.gov/resource/sn83016025/1864-05-27/ed-1/?sp=2
    1864-05-27 | ['evening star (washington, d.c.) 1854-1972'] | http://www.loc.gov/resource/sn83045462/1864-05-27/ed-1/?sp=2
    1864-06-11 | ['the new york herald (new york [n.y.]) 1840-1920'] | http://www.loc.gov/resource/sn83030313/1864-06-11/ed-1/?sp=1
    1864-05-25 | ['worcester daily spy (worcester [mass.]) 1850-1888'] | http://www.loc.gov/resource/sn83021205/1864-05-25/ed-1/?sp=2
    1864-06-09 | ['chicago daily tribune (chicago, ill.) 1860-1864'] | http://www.loc.gov/resource/sn84031490/1864-06-09/ed-1/?sp=2
    1864-05-26 | ['worcester daily spy (worcester [mass.]) 1850-1888'] | http://www.loc.gov/resource/sn83021205/1864-05-26/ed-1/?sp=2
    1864-06-09 | ['rutland weekly herald (rutland, vt.) 1859-1877'] | http://www.loc.gov/resource/sn84022367/1864-06-09/ed-1/?sp=6
    1864-05-28 | ['worcester daily spy (worcester [mass.]) 1850-1888'] | http://www.loc.gov/resource/sn83021205/1864-05-28/ed-1/?sp=2
    1864-05-26 | ['the new york herald (new york [n.y.]) 1840-1920'] | http://www.loc.gov/resource/sn83030313/1864-05-26/ed-1/?sp=4
    1864-06-03 | ['chicago daily tribune (chicago, ill.) 1860-1864'] | http://www.loc.gov/resource/sn84031490/1864-06-03/ed-1/?sp=1
    1864-05-26 | ['the new york herald (new york [n.y.]) 1840-1920'] | http://www.loc.gov/resource/sn83030313/1864-05-26/ed-1/?sp=2
CA 'Berrien powder' 1864-03-25/1864-04-30 IncompleteRead(15492 bytes read, 1863137 more expected)
CA 'powder Cairo Pittsburgh' 1864-03-25/1864-04-30 34
    1864-04-04 | ['cleveland morning leader (cleveland [ohio]) 1854-1865'] | http://www.loc.gov/resource/sn83035143/1864-04-04/ed-1/?sp=1
    1864-04-26 | ['cleveland morning leader (cleveland [ohio]) 1854-1865'] | http://www.loc.gov/resource/sn83035143/1864-04-26/ed-1/?sp=1
    1864-04-19 | ['cleveland morning leader (cleveland [ohio]) 1854-1865'] | http://www.loc.gov/resource/sn83035143/1864-04-19/ed-1/?sp=3
    1864-04-18 | ['cleveland morning leader (cleveland [ohio]) 1854-1865'] | http://www.loc.gov/resource/sn83035143/1864-04-18/ed-1/?sp=1
    1864-04-06 | ['american citizen (butler, butler county, pa.) 1863-1872'] | http://www.loc.gov/resource/sn86053370/1864-04-06/ed-1/?sp=2
    1864-04-29 | ['cleveland morning leader (cleveland [ohio]) 1854-1865'] | http://www.loc.gov/resource/sn83035143/1864-04-29/ed-1/?sp=1
    1864-04-06 | ['cleveland morning leader (cleveland [ohio]) 1854-1865'] | http://www.loc.gov/resource/sn83035143/1864-04-06/ed-1/?sp=1
    1864-04-12 | ['cleveland morning leader (cleveland [ohio]) 1854-1865'] | http://www.loc.gov/resource/sn83035143/1864-04-12/ed-1/?sp=1
    1864-03-30 | ['new-york daily tribune (new-york [n.y.]) 1842-1866'] | http://www.loc.gov/resource/sn83030213/1864-03-30/ed-1/?sp=4
    1864-03-25 | ['cleveland morning leader (cleveland [ohio]) 1854-1865'] | http://www.loc.gov/resource/sn83035143/1864-03-25/ed-1/?sp=1
    1864-04-15 | ['the jeffersonian democrat (chardon, ohio) 1854-1865'] | http://www.loc.gov/resource/sn84028083/1864-04-15/ed-1/?sp=2
    1864-03-31 | ['belmont chronicle (st. clairsville, ohio) 1855-1973'] | http://www.loc.gov/resource/sn85026241/1864-03-31/ed-1/?sp=2
CA 'Alberger' 1865-09-15/1865-12-31 67
    1865-10-14 | ['the montana post (virginia city, montana territory [i.e. mont.]) 1864-1869'] | http://www.loc.gov/resource/sn83025293/1865-10-14/ed-1/?sp=1
    1865-10-03 | ['cairo evening times (cairo, ill.) 1865-1866'] | http://www.loc.gov/resource/sn84038364/1865-10-03/ed-1/?sp=1
    1865-10-21 | ['keowee courier (pickens court house, s.c.) 1849-current'] | http://www.loc.gov/resource/sn84026912/1865-10-21/ed-1/?sp=3
    1865-10-03 | ['the daily gate city (keokuk, iowa) 1855-1916'] | http://www.loc.gov/resource/sn83025182/1865-10-03/ed-1/?sp=1
    1865-10-05 | ['the weekly ottumwa courier (ottumwa, iowa) 1857-1872'] | http://www.loc.gov/resource/sn84027352/1865-10-05/ed-1/?sp=2
    1865-10-09 | ['canton weekly register (canton, ill.) 1850-1872'] | http://www.loc.gov/resource/sn84038367/1865-10-09/ed-1/?sp=2
    1865-10-25 | ['the newberry herald (newberry, s.c.) 1865-1884'] | http://www.loc.gov/resource/sn84026909/1865-10-25/ed-1/?sp=2
    1865-10-13 | ['the weekly pioneer and democrat (saint paul, minn. territory) 1855-1865'] | http://www.loc.gov/resource/sn83016751/1865-10-13/ed-1/?sp=1
    1865-10-03 | ['daily ohio statesman (columbus, ohio) 1855-1870'] | http://www.loc.gov/resource/sn84028645/1865-10-03/ed-1/?sp=3
    1865-10-12 | ['der demokrat (davenport, iowa) 186?-1868'] | http://www.loc.gov/resource/sn87058145/1865-10-12/ed-1/?sp=4
    1865-10-25 | ['american citizen (butler, butler county, pa.) 1863-1872'] | http://www.loc.gov/resource/sn86053370/1865-10-25/ed-1/?sp=1
    1865-10-05 | ['the norfolk post (norfolk, va.) 1865-1866'] | http://www.loc.gov/resource/sn85038624/1865-10-05/ed-1/?sp=1
CA 'Alberger' 1866-01-01/1866-12-31 149
    1866-09-11 | ['the evansville journal (evansville, ind.) 1866-1870'] | http://www.loc.gov/resource/sn82014296/1866-09-11/ed-1/?sp=2
    1866-08-31 | ['the evansville journal (evansville, ind.) 1866-1870'] | http://www.loc.gov/resource/sn82014296/1866-08-31/ed-1/?sp=5
    1866-09-03 | ['the evansville journal (evansville, ind.) 1866-1870'] | http://www.loc.gov/resource/sn82014296/1866-09-03/ed-1/?sp=2
    1866-12-27 | ['alexandria gazette (alexandria, d.c.) 1834-1974'] | http://www.loc.gov/resource/sn85025007/1866-12-27/ed-1/?sp=1
    1866-09-10 | ['the evansville journal (evansville, ind.) 1866-1870'] | http://www.loc.gov/resource/sn82014296/1866-09-10/ed-1/?sp=2
    1866-10-08 | ['baltimore wecker (baltimore [md.]) 1851-1867'] | http://www.loc.gov/resource/sn85025148/1866-10-08/ed-1/?sp=4
    1866-09-21 | ['baltimore wecker (baltimore [md.]) 1851-1867'] | http://www.loc.gov/resource/sn85025148/1866-09-21/ed-1/?sp=3
    1866-08-03 | ['chicago tribune (chicago, ill.) 1864-1872'] | http://www.loc.gov/resource/sn82014064/1866-08-03/ed-1/?sp=3
    1866-10-23 | ['chicago tribune (chicago, ill.) 1864-1872'] | http://www.loc.gov/resource/sn82014064/1866-10-23/ed-1/?sp=3
    1866-09-18 | ['chicago tribune (chicago, ill.) 1864-1872'] | http://www.loc.gov/resource/sn82014064/1866-09-18/ed-1/?sp=3
    1866-10-13 | ['chicago tribune (chicago, ill.) 1864-1872'] | http://www.loc.gov/resource/sn82014064/1866-10-13/ed-1/?sp=3
    1866-11-10 | ['chicago tribune (chicago, ill.) 1864-1872'] | http://www.loc.gov/resource/sn82014064/1866-11-10/ed-1/?sp=3
S2 'Havana Confederate plot seize steamer 1864' 0 []
S2 'Lafayette C. Baker secret service Lynchburg 1865' 1 [('Book Review: Death to Traitors. The Story of General Lafayet', 1961)]
S2 'Navy Bureau of Ordnance Cairo powder 1864 Pennock' 0 []
CORE '"Thomas Savage" Havana consul 1864 plot steamers' 618579 ['Oath of Allegiance signed by Thomas O. Moore before Thomas S', 'Phantoms of Anglo-Confederate commerce : an historical and a', 'Phantoms of Anglo-Confederate commerce : an historical and a', 'Phantoms of Anglo-Confederate commerce : an historical and a', 'Portrait of the Very Rev. Dean Michael John Dwyer O.S.B., 18']
CORE 'Alberger Lynchburg 1865' 856068 ['The clipper barque Monkchester, 549 tons, off Sydney, 1865 [', 'Confederate Lynchburg, 1861-1865', 'These left Their Mark on Lynchburg, by Gene Hansley (August ', 'Portrait of Gilbert, the bushranger [1865] [picture] /', 'Deed, College Lake Dam, 28 November 1933']
OA 'Confederate plot Havana New York steamers 1864' 47 ['Controlling the California Gold Steamers: The Panama Route i', 'New Orleans Picayune, January 3, 1863-March 7, 1865', 'Louise Destrehan Harvey: A Pioneer Business Woman in the Nin', 'The Robles Family during the Civil War in Tampa', 'Introduction']
OA 'Lafayette Baker detective Lynchburg 1865' 4 ['Mississippi miscellaneous titles, 1860-1865', 'The Capital (Sunday, March 3, 1878)', 'The Civil War and the Constitution', 'News from Hope College, Volume 25.6: June, 1994']
requests {'googleapis': 9, 'loc.gov': 7, 'semanticscholar': 3, 'core': 2, 'openalex': 2}
