Q Ferry Memphis arrest Stanton intitle:"With Malice Toward Some"
  total 0
Q Ferry Louisville quartermaster McClellan intitle:"With Malice Toward Some"
  total 0
Q "Ferry" Allen "not satisfied" intitle:"With Malice Toward Some"
  total 0
Q Ferry quartermaster Louisville Memphis 1864 Blair
  total 2
  - With Malice Toward Some | 2014 | 9oVgAwAAQBAJ | ... <b>1864</b>, ALP. For related letters, see Conkling to Lincoln, October 8, 20, 22; Isaac P. Langworthy to Edgar Conkling ... <b>Ferry</b> to George B. McClellan, Office Chief <b>Quartermaster</b> Depot, <b>Louisville</b>, Ky., Octo- ber 3, <b>1864</b>, ree
  - Manufacturers Record | 1931 | IuUwWchRRa0C | ... <b>Louisville</b> - Third English Lutheran Church , 1612 Story Ave. , Rev. J. Earl Spaid , Pastor , has permit for $ 61,000 bldg . <b>1864</b> ... <b>Memphis</b> - Redeemer Lutheran Church , 1008 E. McLemore Ave. , Rev. H. F. ... <b>Ferry</b> sec- tion ; b
  - List of Quartermaster's Stores | 1864 | WFantgAACAAJ | List of supplies, many unfit for service, transferred by Lt. William Keely to Lt. J.M. Shaw at Fort Macomb, Louisiana. Both officers were acting assistant quartermasters in the regiment.
Q "John H. Ferry" quartermaster
  total 23
  - Official Army Register for ... | 1864 | VSQqAAAAYAAJ | ... <b>Quartermaster</b> , ( Brevet Major , ) May 18 , 1865 . Captain George S. Atkinson , Assistant <b>Quartermaster</b> , March ... <b>John H. Ferry</b> , Assistant <b>Quartermaster</b> , May 27 , 1865 . Captain James L. Fisk , Assistant <b>Quartermaster</b>
  - Official Army Register | 1866 | 0SJJAQAAIAAJ | ... <b>Quartermaster</b> , ( Brevet Major , ) May 18 , 1865 . Captain George S. Atkinson , Assistant <b>Quartermaster</b> , March ... <b>John H. Ferry</b> , Assistant <b>Quartermaster</b> , May 27 , 1865 . Captain James L. Fisk , Assistant <b>Quartermaster</b>
  - U.S. Army Register | 1866 | _cMcAQAAIAAJ | ... <b>Quartermaster</b> , ( Brevet Major , ) May 18 , 1865 . Captain George S. Atkinson , Assistant <b>Quartermaster</b> , March ... <b>John H. Ferry</b> , Assistant <b>Quartermaster</b> , May 27 , 1865 . Captain James L. Fisk , Assistant <b>Quartermaster</b>
  - Senate documents | 1895 | Ioij1s3RjR4C | ... <b>quartermaster</b> at Louisville , Capt . <b>John H. Ferry</b> , being in immediate need of a steamer to send stores to Nash- ville , sent his clerk , James W. Wheelan , to the master of the steamer , Captain Logan , with instructions that the boat&nbsp;
  - House documents | 1877 | YFnpTun1zecC | ... <b>John H. Ferry</b> , late captain and assistant <b>quartermaster</b> of volunteers , in his ccounts as said <b>quartermaster</b> . 4 2d Session . ELDRIDGE WEAVER . No. 195 . 44TH CONGRESS , REPORT HOUSE OF REPRESENTATIVES . REPORT: ...
  - The Army & Navy Official Gazette | 1865 | 9b1OAQAAMAAJ | ... <b>JOHN H. FERRY</b> , A. Q. M. volunteers , May 27 , 1865 . Captain M. D. WICKERSHAM . [ Assigned as Chief Asst . Q. M. Dep&#39;t Cumberland . ] Is hereby announced as Chief Assistant <b>Quartermaster</b> Department of the Cum- berland , and will be&nbsp;
  - Army & Navy Official Gazette | 1865 | ePkVZ9RSsacC | ... <b>Quartermaster</b> Sixth Army corps , with the rank and pay of Lieutenant Col- onel . Special Orders , No. 254 ... <b>JOHN H. FERRY</b> , A. Q. M. volunteers , May 27 , 1865 . Captain M. D. WICKERSHAM . [ Assigned as Chief Asst . Q. M.&nbsp;...
  - The Business of Civil War | 2002 | 5nwRAQAAMAAJ | ... <b>Quartermaster&#39;s</b> Department were not confined to Tennessee . In Louisville in 1864 , <b>quartermaster John H. Ferry</b> oversaw a harness shop and a wagon shop , each of which had about sixty civilian employees . At the same time , in&nbsp;...
  - Journal of the House of Representatives of the United States | 1876 | 2AFFAQAAMAAJ | ... <b>John H. Ferry</b> , late captain and assistant <b>quartermaster</b> of volunteers . By Mr. Alpheus S. Williams , from the same committee : A bill ( H. R. 567 ) granting relief to Leverett H. Town . Also , a bill ( H. R. 1746 ) authorizing the&nbsp;...
  - The Mereness Calendar | 1971 | tVoPAQAAMAAJ | 
Q "John H. Ferry" Memphis
  total 9
  - House Documents | 1865 | 1fNUAAAAcAAJ | ... <b>Memphis</b> , Tenn . , of 200,000 bushels of coal , at 42 cents per bushel ; and at Vicksburg , Miss . , of 100,000 ... <b>John H. Ferry</b> , A. Q. M. , with- R. A. Robinson . 2508 Quincy , 111 do ..... do .. Mar. 28 , 1864 do . J. M. Orr&nbsp;...
  - Annual Report of the Quartermaster-General to the Secretary of War for | 1880 | 2QSxkxE2fNkC | ... <b>John H. Ferry</b> , until October , 1864 , since which time Captain J. R. Del Vecchio . In charge of river ... <b>Memphis</b> was ably conducted by Captain A. R. Eddy , and subsequently by Colonel R. E. Clary ; at Cairo by Captain A. C.&nbsp;...
  - Report of the Secretary of War, which Accompanied the Annual Message o | 1866 | OeuqO9UOOZIC | ... <b>John H. Ferry</b> , until October , 1864 , since which time Captain J. R. Del Vecchio . In charge of river ... <b>Memphis</b> was ably conducted by Captain A. R. Eddy , and subsequently by Colonel R. E. Clary ; at Cairo by Captain A. C.&nbsp;...
  - The War of the Rebellion | 1898 | 635ZAAAAYAAJ | ... <b>John H. Ferry</b> , until October , 1864 , since which time Capt . J. R. Del Vecchio ; in charge of river transportation ... <b>Memphis</b> was ably conducted by Capt . A. R. Eddy and , subsequently , Col. R. E. Clary ; at Cairo by Capt&nbsp;...
  - Annual Report of the Secretary of War | 1866 | Vqa5u5IXtaoC | ... <b>John H. Ferry</b> , until October , 1864 , since which time Captain J. R. Del Vecchio . In charge of river ... <b>Memphis</b> was ably conducted by Captain A. R. Eddy , and subsequently by Colonel R. E. Clary ; at Cairo by Captain A. C.&nbsp;...
  - Tracks | 1941 | NTkOAQAAIAAJ | 
  - Sportsmen's Review | 1930 | kBNBI_mUKIUC | ... <b>Memphis</b> , Tenn . , broke 192 Wednesday , getting straights of 25 in events 3 ... <b>Memphis</b> , Tenn .; Fred Tomlin , Glassboro , N. J .; C. C. Mitchell ... <b>John H. Ferry</b> , Lima , O. , broke 95 out of each 100 targets August 20th&nbsp;...
  - The War of the rebellion: a compilation of the official records of the | 1902 | SqeRtQDpW88C | 
  - The Spectator | 1902 | gf4gAQAAMAAJ | ... <b>Memphis</b> , Tenn . , has been incorporated to do a general insurance business ... <b>Memphis</b> , Mo. , has elected the following officers : William P. Pile ... <b>John H. Ferry</b> of Chicago , Ill . The concern will do business under the&nbsp;...
Q "J. H. Ferry" quartermaster Louisville Memphis
  total 8
  - The Army & Navy Official Gazette | 1865 | 9b1OAQAAMAAJ | ... <b>Quartermaster</b> and by letter to command- ing General Department of the South , Hilton Head , South Carolina , for ... <b>J. H. FERRY</b> . [ To <b>Memphis</b> , Tennes- see . ] Relieved from duty as Chief Quar- termaster of Depot at <b>Louisville</b>
  - Army and Navy Official Gazette |  | dQpJAQAAIAAJ | ... <b>Quartermaster</b> and by letter to command- ing General Department of the South , Hilton Head , South Carolina , for ... <b>J. H. FERRY</b> . [ TO <b>Memphis</b> , Tennes- see . ] Relieved from duty as Chief Quar- termaster of Depot at <b>Louisville</b>
  - Army & Navy Official Gazette | 1865 | ePkVZ9RSsacC | ... <b>Quartermaster</b> and by letter to command- ing General Department of the South , Hilton Head , South Carolina , for ... <b>J. H. FERRY</b> . [ TO <b>Memphis</b> , Tennes- see . ] Relieved from duty as Chief Quar- termaster of Depot at <b>Louisville</b>
  - House Documents | 1865 | zfBUAAAAcAAJ | ... <b>Quartermaster&#39;s</b> Department , under the tenth , eleventh , and twelfth sections of the act approved July 4 ... <b>J. H. Ferry</b> . George F. Clark R. M. Newport D. H. Vinton W. W. McKim Joseph A. Potter Raymond Burr P. P. Pitkin Joel&nbsp;...
  - House Documents, Otherwise Publ. as Executive Documents | 1865 | G5sFAAAAQAAJ | ... <b>quartermaster</b> principal depot , <b>Louisville</b> , Ky .... do . ... do .... ..do . do . do .. do .. do .. do . do .. do .. do . .do . .do . ..do . .do . do .. .do .. .do .. .do .. do ... G. S. Dodge <b>J. H. Ferry</b> .. George F. Clark R. M.&nbsp;
  - Army, Navy, Air Force Journal & Register | 1864 | vmxFAQAAMAAJ | ... <b>Quartermaster</b> General United States from duty at Davenport , Iowa , and will ... <b>Memphis</b> , Tenn . ) To proceed to <b>Memphis</b> , duty at Boston ... <b>J. H. Ferry</b> . ( To <b>Louisville</b> , Kentucky . ) To enter at once Assislant&nbsp;.
  - General Orders ... | 1863 | j1Hb41TKg8QC | 
  - Manufacturers Record | 1932 | OYm5akWEmaQC | ... <b>Quartermaster</b> , San Antonio . See Want System - Electric Distributing Sys ... <b>Louisville</b> - <b>Louisville</b> Gas &amp; Oil Ex- ploration Corp. , capital $ 110,000 ... <b>J. H. Ferry</b> , Electrical Engr . Ky . , Lexington - Phoenix Hotel Co.
Q Ferry Allen Stanton Memphis "Historical File" 1864 November
  total 0
Q "Robert Allen" "November 1" 1864 Stanton Ferry
  total 71
  - History of Pennsylvania Volunteers, 1861-5 | 1870 | 0e-mbonpXMMC | ... <b>1864</b> - grave , 2,831 . Not on muster - out roll . Deserted October 25 , 1862 . Sept. <b>1</b> , &#39;62 , | Captured - died at ... <b>November 1</b> , 1862 . Not on muster - out roll . Mustered out with company , Aug. 24 , 1865 . do Aug. 17 , &#39;6
  - History of Pennsylvania Volunteers, 1861-5 | 1994 | 0YcdAQAAMAAJ | ... <b>Robert</b> do Sept. <b>1</b> , &#39;62 , Oyler . Joseph do Sept. 11 , 162 , O&#39;Conner ... <b>1864</b> - grave , 241 . Deserted <b>November 1</b> , 1862 . Not on muster - out roll ... <b>Allen</b>.do Mar. 9 , &#39;64 , Mustered out with company , Aug.
  - The Law Times | 1863 | CTtHAQAAMAAJ | ... <b>1</b> , Parish - street , Southwark- J. Hunton , Richmond , Yorkshire Hurrell , John Square , 16 , Great Ormond - street ... <b>Robert</b> Henry , 5 , Langton - place , Vassall - road , Brixton - A . Turner , 68 , Aldermanbury Lawrence&nbsp;...
  - The Men of Lafayette, 1826-1893 | 1891 | 2JLOAAAAMAAJ | ... <b>Nov</b>. 23 , 1867 , at Easton ; Gen. Sci . Fr. Slagle , William C. H. b . April 24 , <b>1864</b> , at Lewistown : Sp . Sci . Fr. two terms . <b>Stanton</b> , Howard Grain mer . b . May 23 , 1867 , at Philadelphia ; Gen. Sci Fr. Stewart , <b>Robert</b> 
  - Record of the Massachusetts Volunteers, 1861-1865 | 1870 | guSR7gl6uRkC | ... <b>Robert</b> J. , <b>1st</b> Sergt . , 19 Springfield ,. 13 , &#39;62 , May 25 , 1863 , Captain 55th Inf . Wood , Charles J. , <b>1st</b> Sergt . , 27 Worcester , 31 , &#39;62 , Second Lieut . , Sept. 20 , <b>1864</b> ... <b>Allen</b> E. , Sergt . , 32 Ba
  - The Timberclads in the Civil War | 2008-10-07 | p35glH_2z-AC | ... <b>Robert Allen&#39;s</b> St. Louis river transportation deputy (Parker, 250–254; Ulysses S. Grant, The Papers of Ulysses S. Grant, October <b>1</b> ... (<b>November</b> 1870): 839; “Alex,” “Our Western Letter,” Philadelphia Inquirer, <b>August</b> 30, 186
  - Official List of Officers of the Officers' Reserve Corps of the Army o | 1920 | Jr5BAAAAIAAJ | ... <b>1864</b> Mar. 27 , 1890 Apr. 27 , <b>1864</b> Νον . 21 , 1880 July 15 , 1874 Feb. 24 , 1886 Feb. 12 , 1889 July 29 , 1885 May 4 ... <b>1</b> Date of birth . Mar. 3 , 1876 <b>Nov</b>. 17. INDIANA - Continued . Address . Name , section , and rank . MEDICA
  - Supplement to Descendants of Robert Burdick of Rhode Island | 1953 | yDo7AAAAMAAJ | ... <b>Stanton</b> Burdick , m . ( <b>1</b> ) <b>Nov</b>. 23,18 ] Their ch.l. Frank Fierce Burdick ... <b>Ferry</b> ( 1835-1910 ) m.1868P.187.No.422 Sarah Elizabeth Blair , 1850.dau ... <b>1864</b> ( Cr . S.D.B.Rec . ) P.188.No.425 B ) Nancyd . May 22,1847 , a
  - Abraham Lincoln Portrayed in the Collections of the Indiana Historical | 2006 | 7VpAAQAAIAAJ | ... <b>November</b> 19 , 1861 . Abraham Lincoln Papers , 1840–1866 ( M 0567 ) , Box <b>1</b> , Folder 6 . 1862 [ Certificate for appointment of Lew Wallace to position of brig- adier general , signed by Lincoln and <b>Stanton</b> ... <b>Ferry</b> , Virginia . 
  - The Men of Lafayette, 1828-1893 | 1890 | ArMWAAAAIAAJ | ... <b>Nov</b>. 23 , 1867 , at Easton ; Gen. Sci . Fr. Slagle , William C. H. b . April 24 , <b>1864</b> , at Lewistown ; Sp . Sci . Fr. two terms . <b>Stanton</b> , Howard Grain mer . b . May 23 , 1867 , at Philadelphia ; Gen. Sci Fr. Stewart , <b>Robert</b> 
Q "Ferry" Memphis "without a day's delay"
  total 347
  - Army and Navy Official Gazette |  | dQpJAQAAIAAJ | ... <b>No</b>. 309 , Adjutant General&#39;s Office , September 17 , 1864 . Captain J. H. <b>FERRY</b> . [ TO <b>Memphis</b> , Tennes- see . ] Relieved from duty as Chief Quar- termaster <b>of</b> Depot at Louisville , Ken- tucky , with rank <b>of</b> Colonel .
  - Army & Navy Official Gazette | 1865 | ePkVZ9RSsacC | ... <b>No</b>. 309 , Adjutant General&#39;s Office , September 17 , 1864 . Captain J. H. <b>FERRY</b> . [ TO <b>Memphis</b> , Tennes- see . ] Relieved from duty as Chief Quar- termaster <b>of</b> Depot at Louisville , Ken- tucky , with rank <b>of</b> Colonel .
  - The Army & Navy Official Gazette | 1865 | 9b1OAQAAMAAJ | ... <b>No</b>. 309 , Adjutant General&#39;s Office , September 17 , 1864 . Captain J. H. <b>FERRY</b> . [ To <b>Memphis</b> , Tennes- see . ] Relieved from duty as Chief Quar- termaster <b>of</b> Depot at Louisville , Ken- tucky , with rank <b>of</b> Colonel .
  - Armed Forces Journal International | 1864 | naw0AQAAMAAJ | ... <b>without delay</b> to Brigadier - General Ingalls , Chief Quar- termaster <b>of</b> armies before Richmond , for assignment to duty . Special Orders <b>No</b>. 279 , Adjutant - General&#39;s office , August 24 , 1864 . Colonel R. C. Webster . [ To Depart
  - Chickasaw Removal | 2010 | m6MnAQAAMAAJ | ... <b>of</b> Cache to Little Rock was completed , the road from Arkansas Post was rerouted to connect with that road at Mrs. Mary Black&#39;s public house near present - <b>day</b> Tollville . In 1827 , fifteen miles <b>of</b> road from Little Rock to the Bay
  - The United States Army and Navy Journal and Gazette of the Regular and | 1865 | 3x4_AQAAMAAJ | ... <b>Memphis</b> , Tenn . , to relieve Colonel A. R. Eddy , Depot Quartermaster . Special Orders <b>No</b>. 279 , Adjutant General&#39;s Office , August 24 , 1864 . Colonel J. H. <b>Ferry</b> ... <b>without delay</b> to Brigadier General Palmer , 9 , 1863 , 
  - The War of the Rebellion: v. 1-53 [serial no. 1-111] Formal reports, b | 1886 | JWqMGIkWIOMC | ... <b>of</b> May ; within two or three <b>days</b> from this time Wood&#39;s division <b>of</b> the Army <b>of</b> the Ohio was by order <b>of</b> General Halleck pushed to the east and along the <b>Memphis</b> and Charleston Railroad , with orders to repair 
  - The Butterfield Overland Mail | 2018-12-05 | tvSREQAAQBAJ | ... <b>No</b>. 1. ] [ Sep. 16th , 1858 . OVERLAND MAIL COMPANY . ST . LOUIS , THROUGH TIME SCHEDULE BETWEEN <b>MEMPHIS</b> , MENN . } &amp; SAN FRANCISCO , CAL . GOING WEST . GOING EAST . Avas LEAVE . <b>DAYS</b> . Hour . LEAVE . <b>DAYS</b> . Hour . allowed .
  - Battles and Leaders of the Civil War | 1888 | POMSAAAAYAAJ | 
  - Traffic World and Traffic Bulletin | 1942 | jE9DAQAAIAAJ | ... <b>of</b> 20 <b>days</b> from date <b>of</b> service <b>of</b> reports ( unless otherwise stated ) , become effective unless exceptions have been filed within the 20 - <b>day</b> period or exceptions have been seasonably filed by other parties , or the ord
