GB '"W. P. Smith" Grant Monocacy car August 1864' 3
    lfBKT1EOzsEC | The Baltimore and Ohio | 1951 | ... <b>Monocacy</b> , Harper&#39;s Ferry , Martinsburg and other points , as these had been ... <b>W. P. Smith</b> had the B &amp; O line in operation all the way from Baltimore to Wheeling and Parker
    xWo_AQAAMAAJ | Harper's Pictorial History of the Civil War | 1862 | ... <b>1864</b> , 601 . Dana , N. J. T. , expedition of , for the occupation of the Rio Grande , 579 . Dana , United States ... <b>Monocacy</b> , 707 ; threatens Wash- ington , 707 ; is repulsed at Fo
    AzxNAAAAcAAJ | Harper's Pictorial History of the Great Rebellion | 1862 | ... <b>Car</b>- olina , attacked by Sherman and Dupont , No- vember 7 , 1861 , 181 . Fort Blakely , Alabama , capture of , 748 ... <b>August</b> , 1861 , 181 , Fisher&#39;s Hill , Virginia , battle of
GB '"master of transportation" Smith Grant Monocacy 1864 car' 2
    W3lCAQAAIAAJ | Railway Age | 1935 | ... <b>car</b> from the Missouri - Kansas - Texas , and the veteran of the rails now ... <b>1864</b>. The first was sent on the fifth day of the month , and read : &quot; You ... <b>master of transpor
    lfBKT1EOzsEC | The Baltimore and Ohio | 1951 | ... <b>Monocacy</b> , Harper&#39;s Ferry , Martinsburg and other points , as these had been ... <b>Master of Transportation</b> W. P. <b>Smith</b> had the B &amp; O line in operation all the ... <b>18
GB 'Grant "Relay House" Monocacy "August 5" 1864' 1
    eaRwEAAAQBAJ | The Last Battle of Winchester | 2013-07-19 | ... <b>Relay House</b> , Maryland , <b>Grant</b> stepped onto the wooden platform wearing a simple coat adorned with three stars ... <b>August 5</b> , he telegraphed Halleck , “ Send Sheridan by morni
GB 'Meigs Donaldson Crane "disbursing officer" 1864 Nashville' 2
    9b1OAQAAMAAJ | The Army & Navy Official Gazette | 1865 | ... <b>disbursing officer</b> from obedience to it . While it stands it must be obeyed , and it can be modified or repealed ... <b>MEIGS</b> , Quartermaster General . Orders and Instructions . [ Gener
    ePkVZ9RSsacC | Army & Navy Official Gazette | 1865 | ... <b>disbursing officer</b> from obedience to it . While it stands it must be obeyed , and it can be modified or repealed ... <b>MEIGS</b> , Quartermaster General . Orders and Instructions . [ Gener
GB '"J. C. Crane" "Inspector" quartermaster "military railroads"' 8
    ePkVZ9RSsacC | Army & Navy Official Gazette | 1865 | ... <b>J. C. Crane</b> , <b>Inspector Quartermaster&#39;s</b> Depart- ment , of the duties of Disbursing Officer of the United States <b>Military Railroads</b> of the West . Unauthorized Printing . [ 
    9b1OAQAAMAAJ | The Army & Navy Official Gazette | 1865 | ... <b>J. C. Crane</b> , <b>Inspector Quartermaster&#39;s</b> Depart- ment , of the duties of Disbursing Officer of the United States <b>Military Railroads</b> of the West . Colonel <b>J. C. CRANE</b>
    dQpJAQAAIAAJ | Army and Navy Official Gazette | None | ... <b>J. C. Crane</b> , <b>Inspector Quartermaster&#39;s</b> Depart- ment , of the duties of Disbursing Officer of the United States <b>Military Railroads</b> of the West . Colonel <b>J. C. CRANE</b>
    CGSvyiYg_bIC | The War of the Rebellion: v. 1-53 [serial no. 1-111] Formal reports, b | 1880 | ... <b>inspector quartermaster&#39;s</b> department , commanding : Fourth Regiment , <b>Quartermaster&#39;s</b> Forces- Col. <b>J. C. Crane</b> ... <b>Military Railroads</b> , and cannot consent to re
    btAtAAAAIAAJ | The War of the Rebellion | 1898 | ... <b>inspector quartermaster&#39;s</b> department , commanding : Fourth Regiment , <b>Quartermaster&#39;s</b> Forces- Col. <b>J. C. Crane</b> ... <b>Military Railroads</b> , and cannot consent to re
    SqeRtQDpW88C | The War of the rebellion: a compilation of the official records of the | 1902 | 
    vmxFAQAAMAAJ | Army, Navy, Air Force Journal & Register | 1864 | ... <b>Quartermaster</b> Department of the Cumberland , for assignment to duty ... <b>J. C. Crane</b> , <b>Inspector</b> Quartermas- ringer , A.Q M. United States army , is ... <b>military railroads</
    pvH4yF0SxFEC | General Orders ... | 1865 | 
GB '"incompatible" Meigs Crane inspector disbursing' 0
GB '"A. G. Brackett" "Special Inspector" cavalry 1864' 9
    btAtAAAAIAAJ | The War of the Rebellion | 1898 | ... <b>Cavalry</b> , 1 ; Company M , Fourteenth New York <b>Cavalry</b> , 1. Each wagon will take 10 spades , 15 axes , and 2 crowbars ... <b>1864</b> . ADJUTANT : In obedience to orders from colonel 
    CGSvyiYg_bIC | The War of the Rebellion: v. 1-53 [serial no. 1-111] Formal reports, b | 1880 | ... <b>Cavalry</b> , 1 ; Company M , Fourteenth New York <b>Cavalry</b> , 1. Each wagon will take 10 spades , 15 axes , and 2 crowbars ... <b>1864</b> . ADJUTANT : In obedience to orders from colonel 
    SqeRtQDpW88C | The War of the rebellion: a compilation of the official records of the | 1902 | 
    3x4_AQAAMAAJ | The United States Army and Navy Journal and Gazette of the Regular and | 1865 | ... <b>Brackett</b> , Major First United States <b>Cavalry</b> , Colonel Ninth Illinois Vol- unteer <b>Cavalry</b> , late Caiet of <b>Cavalry</b> of the Depart meut of Missouri , <b>Special Inspector<
    hHgIkFoDKAwC | Annual Report of the Adjutant General of Missouri | 1864 | ... <b>SPECIAL</b> ORDERS , No. 216 . } } I .... Eighty - three of the unassigned recruits enlisted for the 5th Regiment of ... <b>A. G. Brackett</b> , 9th Illinois <b>Cavalry</b> , will , at an early
    dEtGAQAAMAAJ | Report | 1864 | ... <b>SPECIAL</b> ORDERS , No. 216. :) ST . LOUIS , December 3 , 1863 . I .... Eighty - three of the unassigned recruits ... <b>A. G. Brackett</b> , 9th Illinois <b>Cavalry</b> , will , at an early d
    CG1FAQAAMAAJ | The Journal of the Armed Forces | 1863 | ... <b>Inspector</b> , Department of the Tennessee . Surgeon Madison Mills , U. S. A. , is assigned to duty as Medical surgeon ... <b>special</b> orders No. 244 from the War Department , June 1 , 1863
    ePkVZ9RSsacC | Army & Navy Official Gazette | 1865 | ... <b>1864</b> ) 13 AUSTRIAN . the , pontoon ............... AWARDS . report of , of medals of honor ... BAIL . 51 162 , 194 , 226 , 323 , 339 , 499 , 547 , 611 , 691 B. contractors &#39; assignees o
GB '"Redwood Price" "Cavalry Bureau" November 1864 Brackett' 0
GB 'Grierson Pleasonton "St. Louis" remount November 1864 horses Brackett' 0
CA 'Grant Monocacy' 1864-08-05/1864-08-12 18
    1864-08-12 | ['daily intelligencer (wheeling, va. [w. va.]) 1859-1865'] | http://www.loc.gov/resource/sn84026845/1864-08-12/ed-1/?sp=1
    1864-08-11 | ['daily ohio statesman (columbus, ohio) 1855-1870'] | http://www.loc.gov/resource/sn84028645/1864-08-11/ed-1/?sp=2
    1864-08-11 | ['daily national intelligencer (washington city [d.c.]) 1813-1869'] | http://www.loc.gov/resource/sn83026172/1864-08-11/ed-1/?sp=3
    1864-08-11 | ['worcester daily spy (worcester [mass.]) 1850-1888'] | http://www.loc.gov/resource/sn83021205/1864-08-11/ed-1/?sp=1
    1864-08-12 | ['chicago daily tribune (chicago, ill.) 1860-1864'] | http://www.loc.gov/resource/sn84031490/1864-08-12/ed-1/?sp=2
    1864-08-05 | ['the caledonian (st. johnsbury, vt.) 1837-1867'] | http://www.loc.gov/resource/sn84023252/1864-08-05/ed-1/?sp=2
    1864-08-06 | ['the pacific commercial advertiser (honolulu, hawaiian islands) 1856-1888'] | http://www.loc.gov/resource/sn82015418/1864-08-06/ed-1/?sp=2
    1864-08-10 | ['baltimore wecker (baltimore [md.]) 1851-1867'] | http://www.loc.gov/resource/sn85025148/1864-08-10/ed-1/?sp=2
    1864-08-05 | ['the wyandot pioneer (upper sandusky, ohio) 1853-1868'] | http://www.loc.gov/resource/sn87076863/1864-08-05/ed-1/?sp=1
    1864-08-12 | ['richmond whig (richmond, va.) 1862-1865'] | http://www.loc.gov/resource/sn84024669/1864-08-12/ed-1/?sp=1
    1864-08-12 | ['richmond whig (richmond, va.) 1862-1865'] | http://www.loc.gov/resource/sn84024669/1864-08-12/ed-1/?sp=2
    1864-08-06 | ['the pacific commercial advertiser (honolulu, hawaiian islands) 1856-1888'] | http://www.loc.gov/resource/sn82015418/1864-08-06/ed-1/?sp=3
CA 'Grant Relay House' 1864-08-05/1864-08-12 14
    1864-08-11 | ['daily ohio statesman (columbus, ohio) 1855-1870'] | http://www.loc.gov/resource/sn84028645/1864-08-11/ed-1/?sp=2
    1864-08-10 | ['the new york herald (new york [n.y.]) 1840-1920'] | http://www.loc.gov/resource/sn83030313/1864-08-10/ed-1/?sp=5
    1864-08-09 | ['evening star (washington, d.c.) 1854-1972'] | http://www.loc.gov/resource/sn83045462/1864-08-09/ed-1/?sp=1
    1864-08-11 | ['the new york herald (new york [n.y.]) 1840-1920'] | http://www.loc.gov/resource/sn83030313/1864-08-11/ed-1/?sp=4
    1864-08-10 | ['evening star (washington, d.c.) 1854-1972'] | http://www.loc.gov/resource/sn83045462/1864-08-10/ed-1/?sp=1
    1864-08-09 | ['the hillsdale standard (hillsdale, mich.) 1851-1909'] | http://www.loc.gov/resource/sn85033637/1864-08-09/ed-1/?sp=2
    1864-08-12 | ['chicago daily tribune (chicago, ill.) 1860-1864'] | http://www.loc.gov/resource/sn84031490/1864-08-12/ed-1/?sp=2
    1864-08-12 | ['evening star (washington, d.c.) 1854-1972'] | http://www.loc.gov/resource/sn83045462/1864-08-12/ed-1/?sp=4
    1864-08-05 | ['the wyandot pioneer (upper sandusky, ohio) 1853-1868'] | http://www.loc.gov/resource/sn87076863/1864-08-05/ed-1/?sp=1
    1864-08-12 | ['the new york herald (new york [n.y.]) 1840-1920'] | http://www.loc.gov/resource/sn83030313/1864-08-12/ed-1/?sp=3
    1864-08-08 | ['daily national intelligencer (washington city [d.c.]) 1813-1869'] | http://www.loc.gov/resource/sn83026172/1864-08-08/ed-1/?sp=1
    1864-08-08 | ['the portland daily press (portland, me.) 1862-1921'] | http://www.loc.gov/resource/sn83016025/1864-08-08/ed-1/?sp=4
CA 'Lieutenant General Grant Baltimore Monocacy' 1864-08-05/1864-08-12 5
    1864-08-10 | ['new-york daily tribune (new-york [n.y.]) 1842-1866'] | http://www.loc.gov/resource/sn83030213/1864-08-10/ed-1/?sp=1
    1864-08-11 | ['daily ohio statesman (columbus, ohio) 1855-1870'] | http://www.loc.gov/resource/sn84028645/1864-08-11/ed-1/?sp=2
    1864-08-12 | ['chicago daily tribune (chicago, ill.) 1860-1864'] | http://www.loc.gov/resource/sn84031490/1864-08-12/ed-1/?sp=2
    1864-08-10 | ['the new york herald (new york [n.y.]) 1840-1920'] | http://www.loc.gov/resource/sn83030313/1864-08-10/ed-1/?sp=5
    1864-08-05 | ['evening star (washington, d.c.) 1854-1972'] | http://www.loc.gov/resource/sn83045462/1864-08-05/ed-1/?sp=2
CA 'Colonel Crane quartermaster Nashville' 1864-09-10/1864-11-30 4
    1864-11-15 | ['the nashville daily union (nashville, tenn.) 1862-1866'] | http://www.loc.gov/resource/sn83025718/1864-11-15/ed-1/?sp=2
    1864-11-24 | ['the nashville daily union (nashville, tenn.) 1862-1866'] | http://www.loc.gov/resource/sn83025718/1864-11-24/ed-1/?sp=4
    1864-11-01 | ['evening star (washington, d.c.) 1854-1972'] | http://www.loc.gov/resource/sn83045462/1864-11-01/ed-1/?sp=2
    1864-10-21 | ['evening star (washington, d.c.) 1854-1972'] | http://www.loc.gov/resource/sn83045462/1864-10-21/ed-1/?sp=1
CA 'Crane disbursing officer' 1864-09-10/1864-12-31 24
    1864-12-01 | ['the nashville daily union (nashville, tenn.) 1862-1866'] | http://www.loc.gov/resource/sn83025718/1864-12-01/ed-1/?sp=4
    1864-10-04 | ['cleveland morning leader (cleveland [ohio]) 1854-1865'] | http://www.loc.gov/resource/sn83035143/1864-10-04/ed-1/?sp=1
    1864-12-31 | ['daily national intelligencer (washington city [d.c.]) 1813-1869'] | http://www.loc.gov/resource/sn83026172/1864-12-31/ed-1/?sp=5
    1864-12-03 | ['the nashville daily union (nashville, tenn.) 1862-1866'] | http://www.loc.gov/resource/sn83025718/1864-12-03/ed-1/?sp=4
    1864-10-18 | ['cleveland morning leader (cleveland [ohio]) 1854-1865'] | http://www.loc.gov/resource/sn83035143/1864-10-18/ed-1/?sp=4
    1864-11-15 | ['the nashville daily union (nashville, tenn.) 1862-1866'] | http://www.loc.gov/resource/sn83025718/1864-11-15/ed-1/?sp=4
    1864-11-17 | ['the nashville daily union (nashville, tenn.) 1862-1866'] | http://www.loc.gov/resource/sn83025718/1864-11-17/ed-1/?sp=4
    1864-10-12 | ['the nashville daily union (nashville, tenn.) 1862-1866'] | http://www.loc.gov/resource/sn83025718/1864-10-12/ed-1/?sp=4
    1864-11-24 | ['daily national intelligencer (washington city [d.c.]) 1813-1869'] | http://www.loc.gov/resource/sn83026172/1864-11-24/ed-1/?sp=1
    1864-12-02 | ['delaware state journal and statesman (wilmington, del.) 1855-1870'] | http://www.loc.gov/resource/sn84038112/1864-12-02/ed-1/?sp=2
    1864-10-15 | ['daily intelligencer (wheeling, va. [w. va.]) 1859-1865'] | http://www.loc.gov/resource/sn84026845/1864-10-15/ed-1/?sp=2
    1864-11-22 | ['daily national intelligencer (washington city [d.c.]) 1813-1869'] | http://www.loc.gov/resource/sn83026172/1864-11-22/ed-1/?sp=1
CA 'Brackett cavalry inspector' 1864-11-01/1864-12-15 6
    1864-11-02 | ['the grand haven news (grand haven, mich.) 1858-18??'] | http://www.loc.gov/resource/sn85033622/1864-11-02/ed-1/?sp=2
    1864-11-28 | ['chicago tribune (chicago, ill.) 1864-1872'] | http://www.loc.gov/resource/sn82014064/1864-11-28/ed-1/?sp=1
    1864-11-18 | ['chicago tribune (chicago, ill.) 1864-1872'] | http://www.loc.gov/resource/sn82014064/1864-11-18/ed-1/?sp=1
    1864-12-02 | ['the portland daily press (portland, me.) 1862-1921'] | http://www.loc.gov/resource/sn83016025/1864-12-02/ed-1/?sp=2
    1864-11-19 | ['sioux city register (sioux city, iowa) 1858-1871'] | http://www.loc.gov/resource/sn84031042/1864-11-19/ed-1/?sp=1
    1864-11-07 | ['the portland daily press (portland, me.) 1862-1921'] | http://www.loc.gov/resource/sn83016025/1864-11-07/ed-1/?sp=2
CA 'Price Cavalry Bureau' 1864-11-01/1864-12-15 387
    1864-11-29 | ['the daily confederate (raleigh, n.c.) 1864-1865'] | http://www.loc.gov/resource/sn83025813/1864-11-29/ed-1/?sp=1
    1864-11-25 | ['the camden daily journal (camden, s.c.) 1864-1864'] | http://www.loc.gov/resource/sn84027852/1864-11-25/ed-1/?sp=1
    1864-11-12 | ['dallas herald (dallas, tex.) 1849-1873'] | http://www.loc.gov/resource/sn84022278/1864-11-12/ed-1/?sp=1
    1864-12-10 | ['new orleans tribune (new orleans [la.]) 1864-187?'] | http://www.loc.gov/resource/sn83016710/1864-12-10/ed-1/?sp=1
    1864-11-02 | ['the daily confederate (raleigh, n.c.) 1864-1865'] | http://www.loc.gov/resource/sn83025813/1864-11-02/ed-1/?sp=1
    1864-11-17 | ['nebraska advertiser (brownville, nemaha county, n.t. [neb.]) 1856-1882'] | http://www.loc.gov/resource/sn84020109/1864-11-17/ed-1/?sp=1
    1864-11-18 | ['new orleans tribune (new orleans [la.]) 1864-187?'] | http://www.loc.gov/resource/sn83016710/1864-11-18/ed-1/?sp=1
    1864-11-30 | ['the daily confederate (raleigh, n.c.) 1864-1865'] | http://www.loc.gov/resource/sn83025813/1864-11-30/ed-1/?sp=1
    1864-12-09 | ['chicago tribune (chicago, ill.) 1864-1872'] | http://www.loc.gov/resource/sn82014064/1864-12-09/ed-1/?sp=1
    1864-12-01 | ['new orleans tribune (new orleans [la.]) 1864-187?'] | http://www.loc.gov/resource/sn83016710/1864-12-01/ed-1/?sp=1
    1864-12-09 | ['the daily confederate (raleigh, n.c.) 1864-1865'] | http://www.loc.gov/resource/sn83025813/1864-12-09/ed-1/?sp=2
    1864-11-26 | ['the cecil whig (elkton, md.) 1841-current'] | http://www.loc.gov/resource/sn83016348/1864-11-26/ed-1/?sp=2
CA 'Grierson St. Louis horses' 1864-11-01/1864-12-15 3
    1864-11-11 | ['the nashville daily union (nashville, tenn.) 1862-1866'] | http://www.loc.gov/resource/sn83025718/1864-11-11/ed-1/?sp=3
    1864-11-24 | ['the nashville daily union (nashville, tenn.) 1862-1866'] | http://www.loc.gov/resource/sn83025718/1864-11-24/ed-1/?sp=3
    1864-11-26 | ['the nashville daily union (nashville, tenn.) 1862-1866'] | http://www.loc.gov/resource/sn83025718/1864-11-26/ed-1/?sp=3
IA 'title:("army and navy official gazette")' []
IA 'title:(official records) AND title:(series III) AND volume:4' []
IA 'title:("war of the rebellion") AND title:(ser. 3)' [('officialrecordso10unitiala', 'Official records of the Union and Confederate navi', '10'), ('officialrecordso02unitiala', 'Official records of the Union and Confederate navi', '2'), ('officialrecordso0002unit', 'Official records of the Union and Confederate navi', '2'), ('officialrecordso16unitiala', 'Official records of the Union and Confederate navi', '16')]
BE papersofulyssess0011gran 'Smith Baltimore' HTTP Error 502: Bad Gateway
BE papersofulyssess0011gran 'Relay House' {"aggregations": {"top-languages": {"sum_other_doc_count": 0, "buckets": [], "doc_count_error_upper_bound": 0}, "top-creator": {"sum_other_doc_count": 0, "buckets": [], "doc_count_error_upper_bound": 0}, "top-subject": {"sum_other_doc_count": 0, "buckets": [], "doc_count_error_upper_bound": 0}, "top-collection": {"sum_other_doc_count": 0, "buckets": [], "doc_count_error_upper_bound": 0}, "top-mediatype": {"sum_other_doc_count": 0, "buckets": [], "doc_count_error_upper_bound": 0}, "top-year": {"sum_other_doc_count": 0, "buckets": [], "doc_count_error_upper_bound": 0}}, "timed_out": false, "hits": {"max_score": null, "hits": [], "total": 0}, "fts-api": {"commit": "master - a7592427", "auth": {"type": "None", "email": ""}, "version": "v3.16.0", "cached": false, "query_type": "dsl", "host": "be-api.us.archive.org"}, "took": 2320, "ia-pub-fts-api-wrapper": true}
BE papersofulyssess0011gran 'special car' {"aggregations": {"top-languages": {"sum_other_doc_count": 0, "buckets": [], "doc_count_error_upper_bound": 0}, "top-creator": {"sum_other_doc_count": 0, "buckets": [], "doc_count_error_upper_bound": 0}, "top-subject": {"sum_other_doc_count": 0, "buckets": [], "doc_count_error_upper_bound": 0}, "top-collection": {"sum_other_doc_count": 0, "buckets": [], "doc_count_error_upper_bound": 0}, "top-mediatype": {"sum_other_doc_count": 0, "buckets": [], "doc_count_error_upper_bound": 0}, "top-year": {"sum_other_doc_count": 0, "buckets": [], "doc_count_error_upper_bound": 0}}, "timed_out": false, "hits": {"max_score": null, "hits": [], "total": 0}, "fts-api": {"commit": "master - a7592427", "auth": {"type": "None", "email": ""}, "version": "v3.16.0", "cached": false, "query_type": "dsl", "host": "be-api.us.archive.org"}, "took": 2830, "ia-pub-fts-api-wrapper": true}
BE papersofulyssess0011gran 'Garrett' HTTP Error 502: Bad Gateway
BE papersofulyssess0012gran 'Donaldson' {"aggregations": {"top-languages": {"sum_other_doc_count": 0, "buckets": [{"key": "English", "doc_count": 1}], "doc_count_error_upper_bound": 0}, "top-creator": {"sum_other_doc_count": 0, "buckets": [{"key": "grant, ulysses s. (ulysses simpson), 1822-1885", "doc_count": 1}], "doc_count_error_upper_bound": 0}, "top-subject": {"sum_other_doc_count": 0, "buckets": [{"key": "15.85 history of America", "doc_count": 1}, {"key": "E\u0301tats-Unis -- Histoire -- 1861-1865 (Guerre de Se\u0301cession) -- Campagnes et batailles", "doc_count": 1}, {"key": "E\u0301tats-Unis -- Politique et gouvernement -- 1869-1877", "doc_count": 1}, {"key": "Grant, Ulysses S. (Ulysses Simpson), 1822-1885", "doc_count": 1}, {"key": "Grant, Ulysses S. (Ulysses Simpson), 1822-1885 -- Manuscripts", "doc_count": 1}, {"key": "Grant, Ulysses S., 1822-1885", "doc_count": 1}, {"key": "Manuscripts, American", "doc_count": 1},
BE papersofulyssess0012gran 'Brackett' {"aggregations": {"top-languages": {"sum_other_doc_count": 0, "buckets": [], "doc_count_error_upper_bound": 0}, "top-creator": {"sum_other_doc_count": 0, "buckets": [], "doc_count_error_upper_bound": 0}, "top-subject": {"sum_other_doc_count": 0, "buckets": [], "doc_count_error_upper_bound": 0}, "top-collection": {"sum_other_doc_count": 0, "buckets": [], "doc_count_error_upper_bound": 0}, "top-mediatype": {"sum_other_doc_count": 0, "buckets": [], "doc_count_error_upper_bound": 0}, "top-year": {"sum_other_doc_count": 0, "buckets": [], "doc_count_error_upper_bound": 0}}, "timed_out": false, "hits": {"max_score": null, "hits": [], "total": 0}, "fts-api": {"commit": "master - a7592427", "auth": {"type": "None", "email": ""}, "version": "v3.16.0", "cached": false, "query_type": "dsl", "host": "be-api.us.archive.org"}, "took": 2635, "ia-pub-fts-api-wrapper": true}
BE papersofulyssess0012gran 'Grierson horses' HTTP Error 502: Bad Gateway
BE papersofulyssess0013gran 'Brackett' {"aggregations": {"top-languages": {"sum_other_doc_count": 0, "buckets": [], "doc_count_error_upper_bound": 0}, "top-creator": {"sum_other_doc_count": 0, "buckets": [], "doc_count_error_upper_bound": 0}, "top-subject": {"sum_other_doc_count": 0, "buckets": [], "doc_count_error_upper_bound": 0}, "top-collection": {"sum_other_doc_count": 0, "buckets": [], "doc_count_error_upper_bound": 0}, "top-mediatype": {"sum_other_doc_count": 0, "buckets": [], "doc_count_error_upper_bound": 0}, "top-year": {"sum_other_doc_count": 0, "buckets": [], "doc_count_error_upper_bound": 0}}, "timed_out": false, "hits": {"max_score": null, "hits": [], "total": 0}, "fts-api": {"commit": "master - a7592427", "auth": {"type": "None", "email": ""}, "version": "v3.16.0", "cached": false, "query_type": "dsl", "host": "be-api.us.archive.org"}, "took": 2456, "ia-pub-fts-api-wrapper": true}
S2 'Grant Monocacy August 1864 Baltimore and Ohio railroad secret' 0 []
S2 'Cavalry Bureau 1864 remounts inspection Price' 0 []
S2 'Union quartermaster military railroads Nashville 1864 disbursing' 3 [('Sir John Frizzell / C. C. Giers, 43 & 45 Union St., Nashvill', None), ('Long Road to Liberty: The Odyssey of a German Regiment in th', 2008), ('Soldiering with Sherman: Civil War Letters of George F Cram', 2002)]
CORE '"Cavalry Bureau" 1864 remount Price Brackett' 1439870 ['Portrait of the Very Rev. Dean Michael John Dwyer O.S.B., 18', 'Interview with Lanford Brackett - VHP 092', 'Interview with Lanford Brackett - VHP 092', 'Land Grant Application- Brackett, John (Harrison)', 'Land Grant Application- Brackett, James (Westbrook)']
CORE 'Grant Monocacy Hunter Sheridan August 1864 railroad' 2889899 ["Freedom's Crucible: The Underground Railroad in Lawrence and", "Freedom's Crucible: The Underground Railroad in Lawrence and", 'Philip H. Sheridan on horseback illustration', 'Sheridan Creates', 'F. F. Hunter to Horace Kephart, June 10, 1914']
OA 'Cavalry Bureau Civil War remounts 1864' 25 ["Ector's Brigade in the Civil War", '"Smile and Carry On:" Canadian Cavalry on the Western Front,', "Major's Confederate cavalry brigade", "A bird's eye view of our Civil War", 'Jefferson Davis as Secretary of War: a reappraisal']
OA 'military railroads quartermaster Nashville 1864 Donaldson' 13 ["Maneuver as a response to technological innovation: Sherman'", 'A Most Unpleasant Part of Your Duties: Military Occupation i', 'Public Archives Division', "'We Are Abolitionizing The West': The Union Army and the Imp", 'Wagon Tracks. Volume 16, Issue 2 (February, 2002)']
requests {'googleapis': 9, 'loc.gov': 8, 'archive.org': 3, 'be-api': 8, 'semanticscholar': 3, 'core': 2, 'openalex': 2}
