BE republicinranks0000zach 'McCloskey' 1
     been accosted and feared for his life. Felix {{{McCloskey}}}, a Tammany Hall operative and likely the agent
     his diary that thin-skinned Democrats of the {{{McCloskey}}} mold would spare no effort to make the army’s
     148, 150, 157, 169, 250nN71—72, 250N74, 257074 {{{McCloskey}}}, Felix, 174 McCullough, Zarrah, 91 McDowell, Irvin
BE papersofulyssess0012gran 'McCloskey' 0
BE papersofulyssess0012gran '"ballot-box stuffer"' 0
BE papersofulyssess0012gran 'Seymour agents ballots' 0
BE papersofulyssess0012gran 'Warren Seymour commissioner' 0
BE papersofulyssess0012gran '"Fifth Corps" ballots' 0
BE papersofulyssess0011gran '"hospital transports"' 0
BE papersofulyssess0011gran '"sea-going"' 0
BE papersofulyssess0011gran 'Ingalls "New Orleans" steamers' 1
     from {{{New Orleans}}} and have been ordered to Washington. She left on 3d and Says six other {{{Steamers}}} +41 would
     from {{{New Orleans}}}— JULY 13, 1864 Zoo with 675 men & gone to Washington” “Creole from {{{New Orleans}}} with
     view of the time it would take to get orders to {{{New Orleans}}} and to transport troops from there here, I do
     Ulysses S. Grant Also on June 4, Brig. Gen. Rufus {{{Ingalls}}} telegraphed to Brig. Gen. Mont- gomery C. Meigs
     hominy back to White House and place it on board of {{{steamers}}}. I shall not want to use the railroad at all for
BE papersofulyssess0011gran '"Surgeon General" transports' 1
     the {{{Surgeon General}}}; I recommend that the within communication be forwarded to the {{{Surgeon General}}}, with
     as you direct. They are now mostly engaged as {{{transports}}} to White House. Nothing has recently been heard
     after to-day to proceed without debarking from {{{transports}}} they may be on to City Point or Bermuda Hundreds
     cannot be filled without taking a part of those on {{{transports}}} for Col. Abbott, as ordered by you. Shall these
     White House. They should be directed to load up {{{transports}}} and start them as fast as loaded without waiting
BE papersofulyssess0011gran '"wait upon the other"' 0
BE papersofulyssess0013gran '"Sixth Corps" embarked' 0
BE papersofulyssess0013gran 'Ingalls Bradley steamers' 0
BE papersofulyssess0013gran '"Third Division" "Sixth Corps"' 0
BE papersofulyssess0013gran '"river steamers"' 0
GB '"Felix McCloskey"' 126
    VNIwAQAAMAAJ | History of the Great Island and William Dunn, Its Owner, and Founder o | 1894 | ... Richey , Abraham Bartholomew , <b>Felix McCloskey</b> , Francis Craig , L. A. Mackey , Cunrad Naill , John Myers , William Poorman , Richard Doney , Thomas McNarney , Patrick McNarney , James A. McCloskey , THE HISTORICAL JOURNAL . 43.
    numAKqRPGYIC | House documents | 1879 | ... <b>Felix McCloskey</b> , А. В. McNally , John McClelland , Samuel Murry , Dennis McCloskey , W. C. Heck , Nick Herrington , John Cree , David Coffey , Dick Coffey , L. H. Courtney , John Clymar , John Herrington , Wm . McCloskey , Isaac
    n3QUAAAAYAAJ | Contested Election of Curtin Vs. Yocum | 1879 | ... <b>Felix McCloskey</b> STATE OF PENNSYLVANIA , County of Clinton , ss : 202 W. L. Allen 203 Sam . Keefer 204 John Boyer 205 B. A. Fahringer 206 1. A. Fabringer 207 John Lannan 208 A. B. McCloskey 209 Chas . Nowell 210 R. S. Welsh 211 W.
    8ZUyAQAAMAAJ | The Historical Journal | 1894 | ... Richey , Abraham Bartholomew , <b>Felix McCloskey</b> , Francis Craig , L. A. Mackey , Cunrad Naill , John Myers , William Poorman , Richard Doney , Thomas McNarney , Patrick McNarney , James A. McCloskey , THE HISTORICAL JOURNAL . 43.
    bKAFAAAAQAAJ | Journal | 1863 | ... <b>FELIX MCCLOSKEY</b> , viz : James C. Allen , Augustus C. Baldwin , James Brooks , James S. Brown , John W. Chanler , Samuel S. Cox , Charles Denison , Charles A. Eldridge , Wil- liam E. Finck , Benjamin G. Harris , Anson Herrick , We
    kwVFAQAAMAAJ | Journal of the House of Representatives of the United States | 1863 | ... <b>FELIX MCCLOSKEY</b> , viz : James C. Allen , Augustus C. Baldwin , James Brooks , James S. Brown , John W. Chanler , Samuel S. Cox , Charles Denison , Charles A. Eldridge , Wil- liam E. Finck , Benjamin G. Harris , Anson Herrick , We
    ep5PAQAAMAAJ | Register of Officers and Agents, Civil, Military and Naval [etc] | 1889 | ... <b>Felix McCloskey</b> .... Department Messenger . Charles W. Coombs Messenger to Reporter&#39;s Gallery . Charles H. Mann F. S. Bishop J. H. Chinn A. J. Fallon George A. Bacon John McGuire Edward S. O&#39;Connor ... H. B. Lingenfelter 
    I6VUAAAAcAAJ | House Documents | 1862 | ... <b>Felix McCloskey Felix McCloskey</b> ...... Elley Reynolds ...... Ellev Reynolds ...... W. C. Dodge .... W. J Harris ... J. M. Lucas ..... Francis H. Smith .... W. B. Lord Wm . H. &amp; H. Morrison WJ Ketchum do .... do ..... .do ....
GB '"McCloskey" "ballot-box stuffer"' 1
    VdA9AQAAMAAJ | Electricity | 1898 | ... <b>McCloskey</b> , Lewis Johnson , George Lhote , J. C. Murphy , Peter S. Lawton , E. F. Kohnke , W. A. Gordon , S. F. ... <b>ballot - box stuffer</b> would elect the members . The present Grand Jury has indicted a number of election of
GB '"old ballot-box stuffer from California"' 349
    qgUTAAAAYAAJ | Popular Tribunals: Ballot-box stuffing – Assassination – The prince of | 1887 | 
    Uyk8AAAAMAAJ | Old California in Picture and Story | 1939 | ... <b>Ballot Box Stuffers</b> Electing Their Men behind the house . &quot; Other fire pictures are documented with small maps in the margin showing the extent of the burned districts . Catastrophes were of course the best spot news : fires
    ey_KEQAAQBAJ | Prizefighter | 2026-10-08 | ... <b>Old</b> State Arsenal at White and Elm Streets,” New York Public Library Digital Collections, https://digitalcollections ... <b>California</b>, 21 August 1855; Sacramento Daily Union, 22 August and 24 August 1855. The date of his arr
    jdVdyRMM-SwC | Recruiting Poll Workers | 1996 | David H. Maidenberg William C. Kimberling. <b>California</b> Task Force -- 1995 <b>Elections</b> Summit of the Advisory <b>Voter</b> Task ... <b>old</b> students be allowed to serve , under supervision , in <b>polling</b> places and learn t
    4k1DAQAAIAAJ | Pony Express Courier | 1943 | Telling the Story of <b>California</b> and the <b>Old</b> Trails. E CLAMPUS VITUS ... <b>ballot box stuffer</b> of 1855 who killed James King of William , &quot; Yankee ... <b>California</b> , said they got their worst soaking . Paden had t
    Xh6TD7PjLH4C | Congressional Record | 1877 | ... <b>box</b> was proven to have been locked , proven by the supervisors themselves who superin- tended the counting , and ... <b>old</b> friend Dukes , who could neither read nor write , showed they received . I insist the best evidence a
    i4Y-AQAAMAAJ | Harper's Weekly | 1895 | ... <b>CALIFORNIA&#39;S</b> GREAT GRIEVANCE . &quot; The arrest of <b>ballot</b> - <b>box</b> - <b>stuffers</b> is ... election , either through remorse or at the behest of the railroad resigned ... <b>OLD</b> DRAWBRIDGE. C ALIFORNIA is und
    JB0IAQAAMAAJ | Governing California | 2003-08 | ... voting history - which elections you voted in - is a matter of public record . The purpose of registration is to avoid vote fraud - <b>ballot box stuffing</b> such as described in the <b>old</b> &quot; political machine &quot; campaign 
GB '"credibly reported to this Department" Seymour' 233
    zZ5tJ1B0tpYC | Decisions and Orders of the National Labor Relations Board | 1995 | ... <b>Department</b> Manager Jay Clothier , engaged in coercive surveillance of employee union supporters by interrupting ... <b>credibly</b> testified that the Company had no policy prohibiting employees from talking to each other when on
    YKtOAQAAIAAJ | Reports of cases decided in the Appellate Division of the Supreme Cour | 1967 | ... <b>credible</b> explanation as to happening of accident given - plaintiff failed to ... <b>Seymour</b> B. Quel and Francis X. Olwell with him on the brief ; J. Lee Rankin ... <b>DIVISION REPORTS</b> , 2d SERIES.
    W1qBVAnUYGAC | Reports of Cases Decided in the Appellate Division of the Supreme Cour | 1967-06 | ... <b>department</b> or clinic ; that the students received instructions from the ... <b>credible</b> evidence ; and that a reference by plaintiff&#39;s counsel to liability ... <b>Seymour</b> , 259 App . Div . 966. ) &quot; There are four
    Y9xCAAAAYAAJ | Reports of Cases Heard and Determined in the Appellate Division of the | 1935 | ... <b>Department</b> , May , 1935 . from the south along defendant&#39;s track the ... <b>credible</b> , will establish not merely that plaintiff&#39;s testimony at the trial ... <b>Seymour</b> B. Liebman of counsel [ Norman W. Arnheim wit
    099IAQAAMAAJ | Reports of Cases Decided in the Appellate Division of the Supreme Cour | 1957 | ... <b>credible</b> medical facts . If the preference is to be denied , defendant must ... <b>Seymour</b> L. Colin of counsel ( Frederick Travers , attorney ) , for appellant ... <b>DIVISION REPORTS</b> , 2d SERIES Settle order. ...
    Ta5OAQAAIAAJ | Reports of cases heard and determined in the Appellate Division of the | 1931 | [ Vol . 232 Third <b>Department</b> , May , 1931 . Soroko did not operate as a ... <b>credible</b> evidence in the case that defendant Soroko paid a valuable ... ( <b>Seymour</b> v . McKinstry , 106 Ν . Υ . 230. ) &quot; In <b>Seymour</b> v
    y1vYcJtClEMC | Developments in Labor Law | 2004 | ... <b>Department</b> Manager Jay Clothier , engaged in coercive surveillance of employee union supporters by interrupting ... <b>credibly</b> testified that the Company had no policy prohibiting employees from talking to each other when on
    S1FHAAAAMAAJ | Child Maltreatment ... | None | ... <b>Department</b> of Services for Children , Youth , and Their Families 1825 Faulkland Road Wilmington , DE 19805 302-892 ... <b>Seymour</b> Application Manager , FACES Child Information Systems Administration Child and Family Services 
GB 'McCloskey Seymour commissioner "Fifth Corps" ballots 1864' 0
GB 'Warren Dana McCloskey ballots October 1864' 0
GB '"one service or duty must wait upon the other"' 352
    rE8xKOVn7sIC | An Exposition of the Old and New Testament. Wherein Each Chapter is Su | 1811 | ... <b>wait upon</b> him , <b>must</b> gird cause , as that grace grows , all <b>other</b> graces grow . The more firmly || themselves , <b>must</b> ... <b>duty</b> to do . We are here taught , I. That giving of offences is a great sin , an
    k8DtKklH70IC | The Comprehensive Unabridged Henry's Commentary on the New Testament . | 1870 | ... <b>upon</b> some <b>other</b> occasion , when the apostles were run a - ground in working some miracle , and were reproved by Christ for the weakness of their faith , as Matt . 17. 16 , &amp; c . To him that blamed them they <b>must</b>
    3pJGDwAAQBAJ | Matthew HenryÕs Commentary on the Whole Bible: Volume V-II - Mark - Lu | 2018-01-05 | ... <b>duty</b> as this.&quot; Faith in God&#39;s pardoning mercy <b>will</b> enable us to get over the greatest difficulties that lie in the way of our forgiving our brother. <b>Others</b> think that it was <b>upon</b> some <b>other</b> oc
    WshIggaX8hoC | An Exposition of the Old and New Testaments | 1833 | ... <b>one service</b> the beginning of <b>another</b> . The servant that has been ploughing , or feeding cattle in the field , when he comes home at night , has work to do still ; he <b>must wait</b> ... <b>duty</b> of our rela- tion , and
    PYICAAAAQAAJ | The Imperial dictionary, on the basis of Webster's English dictionary | 1883 | 
    -v9u_nkPUWgC | Commentary on the Holy Bible by the Rev. Matthew Henry. With Memoirs o | 1857 | ... <b>duty</b> as this . &quot; Faith in God&#39;s par- doning mercy <b>will</b> enable us to get over the greatest difficul- ties that lie in the way of our forgiving our brother . <b>Others</b> think that it was <b>upon</b> some <b>other
    4bSbvG3a5CcC | An Exposition of the Old and New Testament | 1811 | ... <b>duty</b> to do . We are here taught , I. That giving of offences is a great sin , and that which we <b>should</b> every <b>one</b> of us avoid , and carefully watch against , v . <b>1</b> , 2. We <b>can</b> expect no <b>other</b> tha
    yE8_AAAAcAAJ | Exposition of the Old and New Testament | 1828 | ... <b>duty</b> as this . &quot; . Faith in God&#39;s par- doning mercy <b>will</b> enable us to get over the greatest difficul- ties that lie in the way of our forgiving our brother . <b>Others</b> think that it was <b>upon</b> some <b>oth
GB '"great accumulation of sick and wounded" "City Point"' 296
    m8U8zPpb1rwC | The Medical and Surgical History of the War of the Rebellion (1861-65) | 1870 | ... <b>wounded</b> , but as the season advanced , and the prolonged duty in the trenches told upon the men , the proportion of <b>sick</b> became <b>greater</b> . Each successive engagement would fill the beds with <b>wounded</b> , but thes
    OaU8M9czEuoC | The Medical and Surgical History of the War of the Rebellion (1861-186 | 1870 | ... <b>wounded</b> , but as the season advanced , and the prolonged duty in the trenches told upon the men , the proportion of <b>sick</b> became <b>greater</b> . Each successive engagement would fill the beds with <b>wounded</b> , but thes
    tTVFAAAAcAAJ | The Medical and Surgical History of the War of the Rebellion, 1861-65  | 1870 | ... <b>wounded</b> , but as the season advanced , and the prolonged duty in the trenches told upon the men , the proportion of <b>sick</b> became <b>greater</b> . Each successive engagement would fill the beds with <b>wounded</b> , but thes
    p1_V-sQp2a0C | The Medical and Surgical History of the War of the Rebellion (181-1865 | 1870 | ... <b>wounded</b> , but as the season advanced , and the prolonged duty in the trenches told upon the men , the proportion of <b>sick</b> became <b>greater</b> . Each successive engagement would fill the beds with <b>wounded</b> , but thes
    VHSZ-nteu50C | The Medical and Surgical History of the War of the Rebellion (1861-186 | 1875 | ... <b>wounded</b> , but as the season advanced , and the prolonged duty in the trenches told upon the men , the proportion of <b>sick</b> ... point , works were constructed by the quartermaster for supplying the ... <b>City Point</b> no ra
    i3TufU9NuKYC | Memorial of E.B. Dalton, M.D. | 1872 | 
    SoUIAAAAIAAJ | Memorial of Edward B. Dalton, M. D. | 1872 | ... <b>City Point</b> , no rain fell ; and the <b>accumulation</b> of dust became a source of ... <b>great</b> relief , not only in subduing the dust , but also in moderating the ... <b>sick and wounded</b> who have received attention in th
    lQrdNX-L7PsC | Women of the War | 1867 | ... <b>wounded</b> that were placed on transports and carried to northern hospitals . Remaining here some days , she proceeded next to <b>City Point</b> , which Grant had now made his base of supplies and his hospital centre . For some time
GB 'Meigs Ingalls "hospital transports" "New Orleans" June 1864' 4
    5Q8cFHlWiQAC | The War of the rebellion: a compilation of the official records of the | 1892 | 
    WZItAAAAIAAJ | The War of the Rebellion | 1892 | ... <b>June</b> 26 , <b>1864</b>-9 а . т . Brig . Gen. M. C. <b>MEIGS</b> , m . Quartermaster - General ( Received 10.15 a . m . 26th . ) Your dispatch of 11.30 a . m . yesterday was received by me at 9.10 p . The only ocean steamers in thi
    elyl03UAM1kC | The War of the Rebellion: v. 1-53 [serial no. 1-111] Formal reports, b | 1892 | ... <b>June</b> 26 , <b>1864</b>-9 а . т . Brig . Gen. M. C. <b>MEIGS</b> , m . Quartermaster - General : ( Received 10.15 a . m . 26th . ) Your dispatch of 11.30 a . m . yesterday was received by me at 9.10 р . The only ocean steamers in t
    2QSxkxE2fNkC | Annual Report of the Quartermaster-General to the Secretary of War for | 1880 | ... <b>MEIGS</b> , Quartermaster General U. S. Army , Washington , D. C. A true copy : JOHN V. FUREY , Captain and Assistant Quartermaster . ASSISTANT QUARTERMASTER&#39;S OFFICE , <b>New Orleans</b> , La . , September 22 , 1865 . GENERAL : 
GB '"Sixth Corps" Ingalls Rawlins "December 3, 1864"' 9
    3x4_AQAAMAAJ | The United States Army and Navy Journal and Gazette of the Regular and | 1865 | ... Third artillery , September 23 , 1863 , of First Sergeant George Haller , to be Second Lieutenant , <b>December</b> 23 , <b>1864</b> , wounds received in the battle of Chickamanga , Ga . to fiil an original vacancy . * Quartermaster Ser
    naw0AQAAMAAJ | Armed Forces Journal International | 1864 | Ordnance Sergeant Thomas Wynne , to be Second Lieutenant , <b>December</b> 23 , <b>1864</b> , vice Woodruff , promoted . ( Company ... <b>3</b> , 1865 , to fill an original vacancy . * Ordnance Sergeant Arthur W. Thompson , to be Second Lie
    vmxFAQAAMAAJ | Army, Navy, Air Force Journal & Register | 1864 | ... <b>3</b> Died , ( 15. ) ber 31 , <b>1864</b> , vice Chase , retired , 1865 , vice Bailey ... <b>December</b> Major John Kellogg , Commissary of Subsistence , at City Point , Va ... <b>Corps</b> of Engineers , at Fort Tompkins , <b>6</b>
    QsLv4LiVXyoC | The Pictorial Field Book of the Civil War in the United States of Amer | 1878 | ... <b>1864</b>. little disturbed again until Lieutenant - General Grant made his ... <b>corps</b> to <b>three</b> , named the Second , Fifth , and <b>Sixth</b> . These were ... <b>December</b> , had been at Annapolis , in Maryland , reorga
    OcpKAQAAMAAJ | Pictorial History of the Civil War in the United States of America | 1866 | ... <b>corps</b> to three , named the Second , Fifth , and <b>Sixth</b> . These were respectively , in the order named , placed under ... <b>December</b> , had been at Annapolis , in Maryland , reorganizing and recruiting his old Ninth <b>C
    TY6HKIHovZIC | Pictorial History of the Civil War in the United States of America | 2010-06-29 | ... <b>1864</b> . March 23 . at the Confederate capital , issued a congratulatory order , that produced a pleasant quietude in ... <b>corps</b> to three , named the Second , Fifth , and <b>Sixth</b> . These were respectively , in the order 
    bkFLAAAAYAAJ | Pictorial Field Book of the Civil War: Chancellorsville to the surrend | 1997 | ... <b>1864</b> . at the Confederate capital , issued a congratulatory order , that ... <b>corps</b> to <b>three</b> , named the Second , Fifth , and <b>Sixth</b> . These were ... <b>December</b> , had been at Annapolis , in Maryland , reor
    TNkqAAAAMAAJ | AB Bookman's Weekly | 1996 | ... <b>6</b> Mon. - Sat . Answering machine ( 401 ) 521-2665 . Prices net , postage extra ( Military ) Freeman , D.S. Lee&#39;s Lieutenants . 1942 NY . <b>3</b> vol . I &amp; III 1st ed . I signed by author . VG . $ 250 ; R.E. Lee . 1936 NY
GB '"river steamers" "Sixth Corps" Bradley December 1864' 94
    5ZMIhokEp08C | The Records of Living Officers of the U.S. Navy & Marine Corps | 1878 | ... <b>December</b> 18 , <b>1864</b> ; sloop Cyane , Pacific Squadron , 1865-<b>6</b> ; steam - sloop ... <b>BRADLEY</b> , BORN in Pennsylvania . Commissioned as Assistant Surgeon , July 10 ... <b>River</b> , that ended in the destruction o
    IqFWAAAAcAAJ | The Records of Living Officers of the U.S. Navy and Marine Corps; with | 1878 | 
    REQUIE_aDoIC | The Records of Living Officers of the U.S. Navy and Marine Corps | 1898 | ... <b>River</b> , that ended in the destruction of the Confederate fleet under ... <b>December</b> , 1863 , detached from the &quot; Minne- sota , &quot; and ordered to Philadelphia , Pennsylvania ; spring of <b>1864</b> ... <b>steamer</b>
    3x4_AQAAMAAJ | The United States Army and Navy Journal and Gazette of the Regular and | 1865 | ... <b>December</b> , <b>1864</b> , is published for the information of officers in the Quartermaster&#39;s Department . CHARLES THOMAS ... <b>corps</b> , for assignment to duty as Quartermaster of the <b>Sixth</b> division of that <b>corps
    Zo5LAQAAMAAJ | Report of the Adjutant General | 1867 | ... <b>River</b> ... Cherry Valley .. Horton , Roger S ....... Sept. 16 .... Sept. 18 .... &quot; “ Sept. 16 .... Sept. 18 .... Mustered out Sept. 28 , 164 , as <b>Corp</b>&#39;l .. Sept. 7 ..... Sept. 18 .... Re - enlisted as Veteran ... A
    0aUdAQAAMAAJ | Report of the Adjutant General of the State of Illinois ... | 1867 | ... <b>1864</b> , as Serg&#39;t Oct. Name and Rank . Residence . Date of enlistment . Date of muster . Remarks . Carr , James H .. Franklin Carr , Winslow A ...... Sycamore . Cole , Amos R ...... Sept. <b>6</b> , &#39;61 . Sept. 18 , &#39;6
    u9xDAAAAYAAJ | The History of Dubuque County, Iowa, Containing a History of the Count | 1880 | ... <b>1864</b> . Norris , Geo . , e . Aug. 22 , 1862 , died Aug. 9 , 1863 Company C ... <b>River</b> Bridge , Miss . , prmtd . 1st lieut . Feb. <b>6</b> , 1865 . Second Lieut ... <b>Corps</b> . <b>Corp</b>. N. J. Brown , e . Aug. 13 , 1862
    tHBOAQAAMAAJ | History of Cuyahoga County, Ohio ... | 1879 | ... <b>Corps</b> . Henry Braunstetter , enr . as <b>Corp</b>. Oct. 10 , 1861. Disch . for disability Nov. 19 , 1862 . Charles Newburg , enl . Feb. 24 , 1854. Killed at Pickett&#39;s Mills , Ga . , May 27 , <b>1864</b> ... <b>River Dec</b>. 
CA 'McCloskey ballot' 1864-10-25/1864-11-30 5
    1864-11-13 | ['new york dispatch (new york [n.y.]) 1863-1899'] | http://www.loc.gov/resource/sn85026214/1864-11-13/ed-1/?sp=8
    1864-11-13 | ['new york dispatch (new york [n.y.]) 1863-1899'] | http://www.loc.gov/resource/sn85026214/1864-11-13/ed-1/?sp=4
    1864-11-21 | ['the new york herald (new york [n.y.]) 1840-1920'] | http://www.loc.gov/resource/sn83030313/1864-11-21/ed-1/?sp=3
    1864-11-24 | ['the new york herald (new york [n.y.]) 1840-1920'] | http://www.loc.gov/resource/sn83030313/1864-11-24/ed-1/?sp=5
    1864-11-30 | ['democrat and sentinel (ebensburg, pa.) 1853-1866'] | http://www.loc.gov/resource/sn86071378/1864-11-30/ed-1/?sp=2
CA 'McCloskey Seymour commissioner' 1864-10-25/1864-11-30 2
    1864-11-30 | ['democrat and sentinel (ebensburg, pa.) 1853-1866'] | http://www.loc.gov/resource/sn86071378/1864-11-30/ed-1/?sp=2
    1864-11-13 | ['new york dispatch (new york [n.y.]) 1863-1899'] | http://www.loc.gov/resource/sn85026214/1864-11-13/ed-1/?sp=4
CA 'Felix McCloskey' 1864-06-01/1865-06-30 6
    1864-08-22 | ['new-york daily tribune (new-york [n.y.]) 1842-1866'] | http://www.loc.gov/resource/sn83030213/1864-08-22/ed-1/?sp=8
    1864-11-13 | ['new york dispatch (new york [n.y.]) 1863-1899'] | http://www.loc.gov/resource/sn85026214/1864-11-13/ed-1/?sp=8
    1865-02-12 | ['new york dispatch (new york [n.y.]) 1863-1899'] | http://www.loc.gov/resource/sn85026214/1865-02-12/ed-1/?sp=8
    1865-05-09 | ['the new york herald (new york [n.y.]) 1840-1920'] | http://www.loc.gov/resource/sn83030313/1865-05-09/ed-1/?sp=7
    1864-11-13 | ['new york dispatch (new york [n.y.]) 1863-1899'] | http://www.loc.gov/resource/sn85026214/1864-11-13/ed-1/?sp=5
    1865-01-29 | ['chicago tribune (chicago, ill.) 1864-1872'] | http://www.loc.gov/resource/sn82014064/1865-01-29/ed-1/?sp=3
CA 'Seymour agents Fifth Corps ballots' 1864-10-28/1864-11-15 52
    1864-10-31 | ['daily national intelligencer (washington city [d.c.]) 1813-1869'] | http://www.loc.gov/resource/sn83026172/1864-10-31/ed-1/?sp=3
    1864-11-03 | ['weekly national intelligencer (washington [d.c.]) 1841-1869'] | http://www.loc.gov/resource/sn83045784/1864-11-03/ed-1/?sp=2
    1864-10-31 | ['new-york daily tribune (new-york [n.y.]) 1842-1866'] | http://www.loc.gov/resource/sn83030213/1864-10-31/ed-1/?sp=4
    1864-10-31 | ['cleveland morning leader (cleveland [ohio]) 1854-1865'] | http://www.loc.gov/resource/sn83035143/1864-10-31/ed-1/?sp=1
    1864-10-30 | ['chicago tribune (chicago, ill.) 1864-1872'] | http://www.loc.gov/resource/sn82014064/1864-10-30/ed-1/?sp=1
    1864-10-31 | ['daily ohio statesman (columbus, ohio) 1855-1870'] | http://www.loc.gov/resource/sn84028645/1864-10-31/ed-1/?sp=3
    1864-11-06 | ['new york dispatch (new york [n.y.]) 1863-1899'] | http://www.loc.gov/resource/sn85026214/1864-11-06/ed-1/?sp=4
    1864-10-29 | ['new-york daily tribune (new-york [n.y.]) 1842-1866'] | http://www.loc.gov/resource/sn83030213/1864-10-29/ed-1/?sp=1
    1864-11-03 | ['rutland weekly herald (rutland, vt.) 1859-1877'] | http://www.loc.gov/resource/sn84022367/1864-11-03/ed-1/?sp=1
    1864-10-31 | ['worcester daily spy (worcester [mass.]) 1850-1888'] | http://www.loc.gov/resource/sn83021205/1864-10-31/ed-1/?sp=2
    1864-10-28 | ['the new york herald (new york [n.y.]) 1840-1920'] | http://www.loc.gov/resource/sn83030313/1864-10-28/ed-1/?sp=5
    1864-11-03 | ['evening star (washington, d.c.) 1854-1972'] | http://www.loc.gov/resource/sn83045462/1864-11-03/ed-1/?sp=2
CA 'hospital transports City Point New Orleans' 1864-06-24/1864-07-10 69
    1864-06-29 | ['hammond gazette (point lookout, md.) 1862-1864'] | http://www.loc.gov/resource/sn82002197/1864-06-29/ed-1/?sp=3
    1864-06-24 | ['daily national republican (washington, d.c.) 1862-1866'] | http://www.loc.gov/resource/sn86053570/1864-06-24/ed-1/?sp=2
    1864-07-01 | ['orleans independent standard (irasburgh, vt.) 1856-1871'] | http://www.loc.gov/resource/sn84022548/1864-07-01/ed-1/?sp=2
    1864-06-24 | ['memphis daily appeal (memphis, tenn.) 1847-1886'] | http://www.loc.gov/resource/sn83045160/1864-06-24/ed-1/?sp=2
    1864-06-24 | ['evening star (washington, d.c.) 1854-1972'] | http://www.loc.gov/resource/sn83045462/1864-06-24/ed-1/?sp=2
    1864-06-27 | ['new-york daily tribune (new-york [n.y.]) 1842-1866'] | http://www.loc.gov/resource/sn83030213/1864-06-27/ed-1/?sp=5
    1864-06-30 | ['cleveland morning leader (cleveland [ohio]) 1854-1865'] | http://www.loc.gov/resource/sn83035143/1864-06-30/ed-1/?sp=1
    1864-07-04 | ['canton weekly register (canton, ill.) 1850-1872'] | http://www.loc.gov/resource/sn84038367/1864-07-04/ed-1/?sp=2
    1864-06-30 | ['daily national republican (washington, d.c.) 1862-1866'] | http://www.loc.gov/resource/sn86053570/1864-06-30/ed-1/?sp=2
    1864-06-29 | ['new-york daily tribune (new-york [n.y.]) 1842-1866'] | http://www.loc.gov/resource/sn83030213/1864-06-29/ed-1/?sp=1
    1864-07-02 | ['the portland daily press (portland, me.) 1862-1921'] | http://www.loc.gov/resource/sn83016025/1864-07-02/ed-1/?sp=3
    1864-07-08 | ['muscatine weekly journal (muscatine, iowa) 185?-1890'] | http://www.loc.gov/resource/sn84027253/1864-07-08/ed-1/?sp=1
CA 'Sixth Corps embarking Washington City Point' 1864-12-02/1864-12-10 6
    1864-12-07 | ['the spirit of democracy (woodsfield, ohio) 1844-1994'] | http://www.loc.gov/resource/sn85038115/1864-12-07/ed-1/?sp=2
    1864-12-03 | ['daily national intelligencer (washington city [d.c.]) 1813-1869'] | http://www.loc.gov/resource/sn83026172/1864-12-03/ed-1/?sp=3
    1864-12-02 | ['cleveland morning leader (cleveland [ohio]) 1854-1865'] | http://www.loc.gov/resource/sn83035143/1864-12-02/ed-1/?sp=1
    1864-12-05 | ['daily national republican (washington, d.c.) 1862-1866'] | http://www.loc.gov/resource/sn86053570/1864-12-05/ed-1/?sp=2
    1864-12-03 | ['daily national republican (washington, d.c.) 1862-1866'] | http://www.loc.gov/resource/sn86053570/1864-12-03/ed-1/?sp=2
    1864-12-06 | ['daily national intelligencer (washington city [d.c.]) 1813-1869'] | http://www.loc.gov/resource/sn83026172/1864-12-06/ed-1/?sp=2
S2 'soldier vote 1864 New York Seymour commissioners fraud army' 0 []
CORE 'soldier vote 1864 New York Seymour commissioners fraud army' 19544793 ['Annual report of the Commissioners of Taxes and Assessments.', 'Proceedings of the Commissioners of the Land Office for the ', 'The New Yorker : the New York University weekly.', 'U.S. Army Soldier Systems Center Housing, Wayland, Massachus', 'Photographs from the Colonel Seymour J. Pomrenze Papers (Box']
OA 'soldier vote 1864 New York Seymour commissioners fraud army' 56 ['Absentee soldier voting in Civil War law and politics', "Lincoln's Divided Legion: Loyalty and the Political Culture ", '"An Uprising of the People": Military Recruitment in New Yor', "A Stranger Amongst Strangers: An Analysis of the Freedmen's ", 'Politics as a Sphere of Wealth Accumulation: Cases of Gilded']
S2 'hospital transports James River 1864 Medical Department steamers' 1 [('Surgery at Waterloo', 1988)]
CORE 'hospital transports James River 1864 Medical Department steamers' 17088099 ['Phantoms of Anglo-Confederate commerce : an historical and a', 'Phantoms of Anglo-Confederate commerce : an historical and a', 'Phantoms of Anglo-Confederate commerce : an historical and a', 'Patient discharges and deaths for the Medical College of Vir', 'Medical College Hospital bridge']
OA 'hospital transports James River 1864 Medical Department steamers' 319 ['[Leavenworth, KS] Daily Times, March 26, 1864-November 11, 1', "Benjamin F. Pearson's War Diary, April 6, 1864 to November 1", 'An annotated ethnohistorical bibliography of the Nushagak Ri', 'Belle Isle : prison in the James, 1862-1865', 'Richmond [VA] Whig, July-December, 1864']
requests {'be-api': 15, 'googleapis': 11, 'loc.gov': 6, 'semanticscholar': 2, 'core': 2, 'openalex': 2}
