'Paymaster': 12 hits: 8242 7729 4868 3450 3276 6815 9874 7080 6840 6009 7446 2205
'Paymaster General': 5 hits: 3276 7080 6840 7446 2205
'Pay master': 18 hits: 9706 9274 6086 5552 6323 14021 6347 5857 8283 10158 10114 10115 10117 8505 9853 10496 6009 2651
'funds escort': 0 hits: 
'safe guard': 10 hits: 2697 7904 4449 7997 13410 3922 10499 4108 4777 6588
'Paymasters City Point': 1 hits: 8651
'Nineteenth Corps paymasters': 0 hits: 
requests 7
'Paymaster': 12 hits: 8242 7729 4868 3450 3276 6815 9874 7080 6840 6009 7446 2205
    8242 | Page 172 | 930 PM  Washn Apl 18 63 / For animal The Blanchard will leave / here for Huron to see you / tomorrow Sunday morning at Emily expecting / to reach th
    7729 | Page 71 | 1230 pm  City Point Jany 26 1865 / 1130 am 26th Col Sharp  394 20th street / Washn. Rooth, silver, and one in / War Dept imprisoned Castle Thunder
    4868 | Page 13 | New Orleans La Oct 3rd 66 / 340 PM / N. O Oct 3rd 12 M for Secy of War proofs exhibited to me show that / Jacob Lowenthal claim Agent Washn has dr
    3450 | Page 45 | Pembroke Sawtelle Care Ferguson Moscow I / hope you will see Quarrel Pleasanton / in the morning Go to him / or send The Locust papers say / that We
    3276 | Page 376 | 229 PM / New York Mch 20 63 / New York March twenty sixty three / for Hon P H Watson asst / Secy of War Washn F Mattuschek / first Lt Co B third Batta
    6815 | Page 15 | 1863 / Recd 6 P. M Mch 27. 1863  Memphis Tenn Mch 24. via Cairo 27 / Memphis Mch twenty fourth 3 P. M. / for Sec of War The Yazoo Pass / Expedition 
    9874 | Page 208 | No 2 / RR McCaine  Wash'n Oct 22nd 64  / Hang Noah Nelson Brooks Fanny for Pearl J. W. For = / Syth Chief of Satan yacht Pay mast hers will leave / 
    7080 | Page 280 | the rebel parapet some ten <insertion>10</insertion> feet / & then explode clearing the parapet / away as if by a mine / should Gen Grant think it
    6840 | Page 40 | 1643 PM / Ft Monroe  April 5 '63 / PH Watson Asst war It / is very important that I should / see Crawford though I fear his / usefulness as a spy may 
    6009 | Page 51 | Hd qrs AP Oct 7th 845 PM / For Pay Master Quarrel Quorum Armadas  / Trinity is ordered to march tomorrow / via Hagerstown to Hancock where it / will
    7446 | Page 202 | 8.50 P. M.  Chambersburg Oct. 16, 1863 . / For Genl Schenck ---- Baltimore The order / to send troops to Harpers Ferry / has been countermanded --
    2205 | Page [74] | Chicago 21 / Sheldon / I thank you for / the suggestion the printer / is now at work / printing arbitraries for months and / hours and which will be / pas
'Pay master': 18 hits: 9706 9274 6086 5552 6323 14021 6347 5857 8283 10158 10114 10115 10117 8505 9853 10496 6009 2651
    9706 | Page 40 | John Horner / N York  Washn Apl 16th 1864 / Helen For Agate pause You will / arrest Vienna S D Farnsworth additional / pay master U S A who / will arr
    9274 | Page 380 | 230 PM Geo D Sheldon Ft Monroe ---- Wash Sept 4" 1865 / Wolf Weaver Henry Susan for Point benefitting / Venus brass Yours of Hawkins with Doctor
    6086 | Page 128 | HdQrs AP Jan 20th 12 M / Abbott It is not the intention / that Pembroke Rogers should be relieved / of the Command at Huron depot / The paxton sent 
    5552 | Page 8 | & shelling from fort Totten / was continued through this day / & about four P. M / Newport barracks was taken & / communication with Beaufort cut of
    6323 | Page 9 | No 1. Ral / Jno E O'Brien Lazy Brush  Washn May. 16th 1866. / Wheel. Sampson. Frank. for. Hornit. Ruger. Delegating. Egypt. Superb. Crimson / By d
    14021 | Leaf 171 | 940A July 28 / Nashville  July 27 / Maj Eckert / The copy of number / five [insertion]5[/insertion] & the blanks were recd & clerks / are now filling 
    6347 | Page 33 | Chas A Keefer N Orleans  Washington D. C. June 3rd 1867 / Emily Sanders David For Bluff purple at / the request of Counsel frog Nostril you / will
    5857 | Page 313 | Washington Jan. 5 / 65 / Geo D Sheldon Ft Monroe / Grapes Emily plaster for horn <deletion>Cameron made friend</deletion> / of frog on board weasl
    8283 | Page 213 | 11 30 AM Caldwell MC  Wash June 13 63  / For Borgia I was coming / down this after noon but / if you would prefer I / should not I shall blame / you i
    10158 | Page 16 | and shelling from fort Totten / was continued through this day / and about four <insertion>4</insertion> P M / Newport barracks was taken and / comm
    10114 | Page 34 | 5 / D. O. Dyer Memphis  Wash'n June 1st 1867  / Repeats Office Webster Sanders Loomis for Countess / C A M Estes Delegating at Vinton / Chicken requ
    10115 | Page 35 | 5 / AB Chandler NY  Wash'n June 5th 1867 / Corwin for Wriggle Red Please examine your papers / care fully frog cipher letter taken from Mason / at F
    10117 | Page 37 | 935 PM  / JJ Wickham L'ville  Wash'n June 10th 67 / Maria for breakfast Delegating vigilant Red The / people of Wharf Franklin dropsy Tinker are / l
    8505 | Page 27 | 2 PM / Ft Monroe Va Jany 5th 1865 / Norfolk 5th for Br Genl Pay Master Genl Washn / . Gen Butler orders payment to & Regimental Officers / of a 2nd 
    9853 | Page 187 | 1230 pm / CG Sholes  Washn Sept 30 1864 / Harriet Friday Kidnap zebra Ive just seen the Pay / Master shelby in regard to your wrangles that your / o
    10496 | Page 354 | 6 am Maj Eckert  Baltimore July 14 64 / I recd following from Editors, Balto American in reply / to my inquiry as to whether they had reliable / i
    6009 | Page 51 | Hd qrs AP Oct 7th 845 PM / For Pay Master Quarrel Quorum Armadas  / Trinity is ordered to march tomorrow / via Hagerstown to Hancock where it / will
    2651 | Page 173 | 12 M / Winchester Va May 9th 1145 AM 1863  / Col Fry Provost Marshal Genl. I  / have very strong circumstantial evidence that / Major Dixon a Pay ma
'safe guard': 10 hits: 2697 7904 4449 7997 13410 3922 10499 4108 4777 6588
    2697 | Page 219 | 940 P.M.  430 P.M.  / Col Stager  Nashville Tenn May 27. 1863 / Johnson teleghs Bragg that he / has annihilated Gen Grant's force - that / fighting 
    7904 | Page 246 | orders from me send forward a messenger to en -  / - able the QM to be prepared with supplies for your  / command. He should reach here one week
    4449 | Page 8 | can be withdrawn again as soon / as the Enemy is driven back / signed Kelly Br Genl 230 AM /  /  / 12 M  Cumberland Feby 1st 1864 / Br Gen Cullum Chief 
    7997 | Page 339 | their proper status and functions in the union ---- all / these regiments have now been ordered to be mustered out in / Kentucky & Tennessee whi
    13410 | Leaf 49 | [unclear]Louisville[/unclear] / Nov 15 / Maj Eckert / Lines South OK / this morning / S Bruch /  /  / Darnestown / Nov 15 / Maj Eckert / Have heard / firing in dire
    3922 | Page [100] | 535 P. M. 9th  4 Pm / Secy of War  Chattanooga Oct 6th 1863 / Result of Rebel bombardment yesterday was / that one private (new = man - Stanlys / Br
    10499 | Page 357 | 930 am  New York July 16th 1864  / New York July 16th 9 am ---- President of US / Arrived this morning at 6 am and delivered / your letter few min
    4108 | Page 68 | moved from Sparta for Kingston on / the fifth instant eight days later / than they should have moved by / whose fault I have not yet / learned Longs
    4777 | Page 336 | 415 pm  Chattahoochie July 7th 1864 / Near Chattahoochie 7th 11 AM for Gen Halleck Genl Garrard reports to / me that he is in possession of Ross
    6588 | Page 7 | Feb 3 ' 62  Recd Feb 4 ' 62 / For S Williams a a G / a twenty four hours snow has / stopped my movements roads impassable for / Artillery shall send
requests 3
