GB '"Fitzhugh Lee\'s cavalry had been badly beaten"' 313
    FFWQBQAAQBAJ | Crisis of Command in the Army of the Potomac | 2008-08-28 | ... <b>cavalry</b> division of Maj . Gen. <b>Fitzhugh Lee</b> through the <b>infantry</b> lines . ( It <b>was</b> here that <b>Fitzhugh Lee was badly</b> ... <b>had</b> practically no opposition on his front , his charge
    2hMzAQAAMAAJ | A History of the Army of the Potomac | 1893 | ... <b>Lee</b> seeing he was <b>badly beaten</b> began to retreat . Averell thought that he ... had charged with one brigade <b>Lee&#39;s</b> coinm- inand would <b>have been seriously</b> ... <b>cavalry</b> commander . A
    bschAQAAMAAJ | The Spectator | 1864 | ... <b>Lee</b> faces north - east . ) Having got <b>Lee&#39;s</b> army over the South Anna , <b>and</b> well into the works there , on Thursday ... <b>had</b> to give up the point <b>badly beaten</b> , <b>and</b> with se
    BqS_oJjw4-IC | The Battles of "Gravelly Run," "Dinwiddie Court-house," and "Five Fork | 1881 | ... been trying for sixteen years to invent excuses for a movement executed ... <b>had been badly</b> repulsed at the &quot; re- turn &quot; when he <b>assaulted and</b> the enemy ... <b>Lee</b> had sent re - en- forceme
    MW3PRYhk1PAC | General Lee | 1894 | <b>Fitzhugh Lee</b>. Lee must re - enforce Jackson or attack with Longstreet . He ... <b>had been badly defeated</b> , <b>and</b> that night withdrew to Centreville , having ... <b>cavalry</b> , under Fitz Lee , which , 
    eRjmLoOn4W0C | The Rise and Fall of the Confederate Government | 1881 | ... <b>Fitzhugh Lee&#39;s cavalry</b> , <b>and</b> he did not appear on the opposite side of the ... <b>had been</b> transferred from the right <b>and</b> posted between D. H. Hill <b>and</b> the ... <b>beaten</b> , <b>a
    RS4UAAAAYAAJ | A Mennonite Journal, 1862-1865 | 1996 | ... Hill . As Jacob reports on September 19 the attack <b>was</b> very costly to the 52nd Vir- ginia . In addition Gen. R. E. Rodes <b>was</b> killed <b>and Fitzhugh Lee was seriously</b> wounded . On September 22 Sherid
    ZjpkZiixkeQC | House documents | 1897 | ... <b>cavalry</b> retreated this morning in the direction of Tunstall&#39;s <b>and</b> Dispatch ... <b>been</b> very heavy , par- ticularly in officers . In addition to those you already know of , Colonel Pate , of Fift
GB '"Lee\'s cavalry had been badly beaten" Orange' 306
    ieVl7l9J_MQC | The Rebellion Record | 1868 | ... <b>Lee</b> , Culpepper <b>was</b> again occupied , early in November , 1863 , when , shortly after , General Meade projected the ... <b>Orange</b> Court - house road or turnpike , when the fact <b>was</b> there <b>wa
    v475zjWzMFIC | Battles and Leaders of the Civil War | 1888 | ... <b>LEE</b> IN THE WILDERNESS CAMPAIGN . BY CHARLES <b>S</b>. VENABLE , LIEUTENANT ... <b>Orange</b> Court House . They <b>were</b> marked by the same bare simplicity <b>and</b> absence of ... <b>and</b> bodies <b>was
    qLQTAAAAYAAJ | The Rebellion Record | 1868 | ... <b>cavalry and</b> ascertain if the enemy <b>were</b> retreating , which <b>was</b> done at once , but as the <b>cavalry was</b> at some distance from the army , it <b>was</b> not un- til eight o ... <b>had</b> done 
    iwsCvdOkSaYC | A Pictorial History of the Confederacy | 2008-12-22 | ... <b>had been badly defeated</b> , ordered a general retreat to Chattanooga . Bragg , unaware that he had won a major victory , failed to pursue the fleeing Union Army , <b>and</b> thus lost an excellent chance to dest
    E-YSAAAAYAAJ | Battles and Leaders of the Civil War | 1888 | 
    psr_a4lv5A4C | Journal | 1868 | ... <b>Lee&#39;s</b> army into Maryland . About this time the battalion made its first raid , crossing the Potomac at White&#39;s Ford and marching through Loudon and Fairfax Counties , Virginia , in search of ... and <b
    gFZBAQAAMAAJ | The Americana | 1911 | ... and intrenched . When Merritt&#39;s <b>cavalry</b> division engaged with that of Fitzhugh Lee . At 6 A.M. Merritt <b>was</b> with- drawn and Robinson&#39;s division of Warren&#39;s corps took its place and , slowly d
    cjxKAQAAMAAJ | The Confederate Soldier in the Civil War, 1861-1865 | 1897 | ... <b>had been</b> directed to endeavor to impede the progress of the column marching by way of Germanna Ford . Detaching W. H. F. <b>Lee</b> with his two regiments ( the Ninth <b>and</b> Thirteenth Vir- ginia ) to oppo
GB '"rumored at Orange"' 355
    3Mf-KW7v0s8C | Rumors of Another World | 2003 | ... <b>orange</b> rumps, say, were serviced on the twenty-first. When the due date rolls around-sheep are almost always fertile, you see, and they deliver right on schedule-I can herd the <b>orange</b> ewes into the barn
    NxyyDQAAQBAJ | A Crown of Bitter Orange | 2017-01-24 | ... <b>rumors</b> . &quot; Yeah , when Pépé was a teenager , <b>rumors</b> got people killed . <b>Rumors</b> that some child recently moved here from Paris was really Jewish . <b>Rumors</b> that so - and - so had been ou
    KUtw05uO1I8C | Rumors of Angels | 1994 | ... <b>orange</b> . He watched as Dysley wrapped his thin lips around the stem of the pipe . The smooth , bottom arc of the flame was altered as he drew in a breath , the blue - <b>orange</b> heat cascading down into the
    6i58g6YEPQgC | Rumors of Peace | 2002 | ... <b>Orange</b> . If the policeman wasn&#39;t a member of the one- hundred - thousand - strong men&#39;s fraternity , he would no doubt push him away with a snarl and a curse . People held strong views about the <b>Ora
    EVQ0AQAAMAAJ | History of Lawrence, Orange, and Washington Counties, Indiana | 1884 | ... <b>rumored</b> that Salem was to be laid in ashes , and that several of her citizens were to be hung or shot . An uneasy feeling took possession of the county . Crime became common and escaped the law . Time passed ,
    dmtaAAAAMAAJ | Rumors of Separate Worlds | 1989 | ... <b>orange</b>- A long - ago glimmer of melancholy savvy Now the stuff of every step Past their daily howl . &quot; I like red and black together &quot; ( A whispered hope ? ) , Spoken while making her dress . &quot; 
    LhAEAAAAMBAJ | Orange Coast Magazine | 1985-07 | ... <b>rumored</b> that DeCinces&#39; willingness to be strong, to speak his mind, during labor negotiations with the baseball owners during the strike a few years ago is what decided the management of the Baltimore Orio
    MJssAQAAMAAJ | A Historical Sketch of New Hope Church, in Orange County, N.C. | 1891 | ... <b>rumored</b> in the Hawfields settlement that the title grants which they had obtained for their lands through the agents of Earl Granville were not genuine . And as this impression grew upon the minds of the peopl
GB '"no other troops than those already reported"' 656
    QEaJ3NFhofEC | The Lancet | 1894 | ... <b>no</b> evidence to show . It did <b>not</b> come <b>from the</b> east , as it will be seen that Kaachka , Samarcand , and <b>other</b> ... <b>already stated</b> , cases occurred as early as the beginning of Novemb
    6qGsIoRqW9kC | The Congressional Globe | 1869 | ... <b>other</b> barbarous epithets against <b>them</b> . It seems <b>to</b> me , sir , <b>that the</b> effect of this <b>report</b> will be <b>to</b> put a great ... <b>already</b> we might consider <b>that</b> question
    BJEqWOK2GqAC | Papers Relating to Foreign Affairs, Accompanying the Annual Message of | 1867 | ... <b>troops</b> , because it has taken part in almost all <b>the</b> im- portant combats , with disastrous results , and has been ... <b>other</b> of <b>the</b> Mexican auxiliaries but <b>those</b> of Mejia&#39;s divis
    1_KFl2t3zvEC | Annual Report of the Inspector-General to the ... Commanding the Army  | 1893 | ... <b>no</b> separate artillery or calvary company , <b>the</b> mil- itary professor stating <b>that</b> he found it necessary <b>to</b> give his personal attention <b>to</b> all infantry ... <b>to military</b> signalin
    CRvFaDO8OAYC | Annual Report of the [Lieutenant-General] Commanding the Army | 1887 | ... <b>no</b> desire whatever to fight , and made use of his weapons in self defense ... <b>other</b> legal guarantees of a fair trial , if they would peaceably deliver themselves up <b>to the</b> civil ... <b>REPORT</b>
    84BAAQAAMAAJ | The Parliamentary Debates (official Report[s]) ... | 1861 | ... <b>that the</b> French <b>troops</b> should be removed <b>from</b> Syria , he believed <b>that the</b> French Government was perfectly sincere in its expressed readiness <b>to</b> remove <b>those troops</b> , and <b>
    RV9JAQAAMAAJ | Public Opinion | 1863 | ... to Jan. 24 - <b>than those</b> received by the Una , it may be regarded as almost certain that the engagements in which the French were <b>reported</b> to have been so signally worsted , have either <b>not</b> taken 
    -Tzw3b2__6cC | Cases Argued and Decided in the Supreme Court of the United States | 1886 | ... <b>no more than that</b>. it. shall. <b>not</b>. be. infringed. by. Congress . This. is. one of the Amendments that has <b>no other</b> ... <b>already stated</b> , we think it clear that the sections under considerat
GB 'Leet Bowers "August 19, 1864" Early Orange' 12
    CrLWDwAAQBAJ | History of Niagara county, N. Y., with illustrations descriptive of it | 1878-01-01 | ... <b>19th</b> battery participated in the whole of that terrible campaign , which commenced May 5th , <b>1864</b> , and terminated with the surrender of <b>Lee</b> April 9th , 1865. It was engaged in many fierce strugg
    fWMtAQAAMAAJ | Masonic Standard | 1898 | ... <b>Orange</b> , N.J. CYRUS , 208 , <b>first</b> and third Thursdays , at Grand Opera House , Eighth Ave. and 23d St. James E. Algeo , M. John Miller , S.W. A. L. Maynes , J.W. Salomon Canter , Treas . John J. Evans ,
    J4EIk7dAxmQC | Horseman and the Spirit of the Times | 1893 | ... <b>Bowers</b> , by Kilbuck Tom ? He was driven by J. Hull at Columbus , Ind . , in <b>August</b> ... <b>19</b> ; George V. , 2:20 , and Plush , 2 : 194 . We cannot spare space for so ... <b>Orange</b> county , N. Y .
    5VpLAAAAYAAJ | 30th Virginia Infantry | 1991 | ... <b>1864</b> , then no further record . BLUNT , THOMAS W .: 25 - year old carpenter at Ruther Glen . enl . 7/<b>19</b>/61 in Co. E. KIA at Sharpsburg , 9/17/62 . BODE , <b>AUGUST</b> ... <b>Orange</b> hospital , Nov. 
    RP2Y9Kx-hkcC | Tobacco | 1927 | ... <b>Orange</b> . 5 Waitt &amp; Bond , Inc. , Sherman av . &amp; Clifton st . , Newark . 6 <b>August</b> Ebel , 235 <b>Bowers</b> ... <b>19</b> Wall st . , Passaic . 17 Henry T. Miller , 363 Bergenline av . , Union ...
    MKlnAAAAMAAJ | The Genealogical Helper | 1976 | ... <b>Orange</b> , CA 92669. Desr info on Frederick J. HASTINGS b in England ca 1886 , <b>August</b> ... <b>19</b> , Tulsa , OK 74119. Need bpl , bd and p Frederick <b>BOWERS</b> , m Mary SHARP ... <b>early</b> 1800&#39
    T1AMAQAAMAAJ | History of the State of Kansas, Containing a Full Account of Its Growt | 1883 | ... <b>August</b> , 1862 , Mr. Speer volunteered with Company A , of the Seventh Kansas ... <b>1864</b> , and he settled in the same locality where he now lives . He has a ... <b>early</b> as the fall of 1858 , and lived
    Hoo6AQAAIAAJ | History of the State of Kansas | 1976 | ... <b>August</b> , 1862 , Mr. Speer volunteered with Company A , of the Seventh Kansas ... <b>1864</b> , and he settled in the same locality where he now lives . He has a ... <b>early</b> as the fall of 1858 , and lived
GB '"joined Early" "Orange Court House" rumor Fitzhugh Lee beaten 1864' 0
GB '"Fitz Lee" "badly beaten" August 1864 Orange' 13
    CG1FAQAAMAAJ | The Journal of the Armed Forces | 1863 | ... <b>Lee</b> , resigned . SEVENTH REGIMENT . - First Lieutenant Michael Mullery , of Com- pany K , to be Captain of Company I ... <b>August</b> 29 , 1863 . 1863 . Captain Henry C. Bartlett , of Company G , dismissed , 
    bTIS1vvoPSIC | Proceedings and Report of the Board of Army Officers | 1879 | ... <b>Orange</b> and Alexandria Railroad ; thence on the 29th to Manassas , and ... <b>AUGUST</b> 29 , 1862 . The following comprise the principal reports of the Confederate Army of Northern Virginia , under General Rob
    wQAgkkLR1IEC | Proceedings and Report of the Board of Army Officers, Convened by Spec | 1879 | ... <b>Orange</b> and Alexandria Railroad ; thence on the 29th to Manassas , and west ... <b>AUGUST</b> 29 , 1862 . The following comprise the principal reports of the Confederate Army of Northern Virginia , under Genera
    jVw7AQAAMAAJ | The Encyclopaedia Britanica | 1888 | ... <b>Fitz</b> John Porter <b>defeated</b> a force of the enemy at Hanover Court House and de ... <b>Lee&#39;s</b> invasion of Maryland , in Septem- ber , 1862 , Pres . Lincoln took the ... <b>1864</b> he published the 
    VfdMAQAAMAAJ | The Encyclopædia Britannica | 1886 | 
    5eiMOo6NDvcC | History of St. Joseph County, Michigan | 1877 | ... <b>August</b> 7 , 1861 , but was soon after reorganized as a three years &#39; regiment ... <b>Fitz</b> Johu Porter&#39;s corps , and had during the day been posted in the woods ... <b>1864</b> , the regiment , in co
    D1U_AQAAMAAJ | Supplement to Encyclopaedia Britannica | 1889 | ... <b>Fitz</b> John Porter <b>defeated</b> a force of the enemy at Hanover Court House and de ... <b>Lee&#39;s</b> invasion of Maryland , in Septem- ber , 1862 , Pres . Lincoln took the ... <b>1864</b> he published the 
    cyIFYA7Ii3MC | Supplement to Encyclopædia Britannica (ninth Edition) | 1889 | 
GB 'Leet "Elgin" cipher telegram 1864' 0
CA 'Fitz Lee badly beaten' 1864-08-19/1864-08-31 IncompleteRead(80136 bytes read, 1724103 more expected)
CA 'Fitzhugh Lee cavalry beaten artillery' 1864-08-17/1864-08-31 2
    1864-08-25 | ['cleveland morning leader (cleveland [ohio]) 1854-1865'] | http://www.loc.gov/resource/sn83035143/1864-08-25/ed-1/?sp=1
    1864-08-23 | ['evening star (washington, d.c.) 1854-1972'] | http://www.loc.gov/resource/sn83045462/1864-08-23/ed-1/?sp=2
CA 'Orange Court House rumor Fitz Lee' 1864-08-17/1864-08-31 1
    1864-08-26 | ['muscatine weekly journal (muscatine, iowa) 185?-1890'] | http://www.loc.gov/resource/sn84027253/1864-08-26/ed-1/?sp=3
CA 'Fitz Lee lost artillery prisoners' 1864-08-17/1864-08-31 7
    1864-08-20 | ['new-york daily tribune (new-york [n.y.]) 1842-1866'] | http://www.loc.gov/resource/sn83030213/1864-08-20/ed-1/?sp=1
    1864-08-17 | ['daily davenport democrat (davenport, iowa) 1864-1874'] | http://www.loc.gov/resource/sn83045646/1864-08-17/ed-1/?sp=4
    1864-08-26 | ['evening star (washington, d.c.) 1854-1972'] | http://www.loc.gov/resource/sn83045462/1864-08-26/ed-1/?sp=1
    1864-08-18 | ['the new york herald (new york [n.y.]) 1840-1920'] | http://www.loc.gov/resource/sn83030313/1864-08-18/ed-1/?sp=5
    1864-08-26 | ['muscatine weekly journal (muscatine, iowa) 185?-1890'] | http://www.loc.gov/resource/sn84027253/1864-08-26/ed-1/?sp=3
    1864-08-25 | ['chicago tribune (chicago, ill.) 1864-1872'] | http://www.loc.gov/resource/sn82014064/1864-08-25/ed-1/?sp=1
    1864-08-19 | ['ellsworth american (ellsworth, me.) 1855-current'] | http://www.loc.gov/resource/sn84022374/1864-08-19/ed-1/?sp=2
CA 'Leet Bowers' 1864-08-19/1864-09-15 25
    1864-08-20 | ['daily national republican (washington, d.c.) 1862-1866'] | http://www.loc.gov/resource/sn86053570/1864-08-20/ed-1/?sp=3
    1864-08-25 | ['maysville weekly bulletin (maysville, ky.) 1864-1866'] | http://www.loc.gov/resource/sn84038223/1864-08-25/ed-1/?sp=1
    1864-09-10 | ['the new york herald (new york [n.y.]) 1840-1920'] | http://www.loc.gov/resource/sn83030313/1864-09-10/ed-1/?sp=7
    1864-08-26 | ['new-york daily tribune (new-york [n.y.]) 1842-1866'] | http://www.loc.gov/resource/sn83030213/1864-08-26/ed-1/?sp=1
    1864-09-15 | ['evansville daily journal (evansville, ind.) 1863-1866'] | http://www.loc.gov/resource/sn86059181/1864-09-15/ed-1/?sp=2
    1864-08-22 | ['cleveland morning leader (cleveland [ohio]) 1854-1865'] | http://www.loc.gov/resource/sn83035143/1864-08-22/ed-1/?sp=1
    1864-08-27 | ['the portland daily press (portland, me.) 1862-1921'] | http://www.loc.gov/resource/sn83016025/1864-08-27/ed-1/?sp=4
    1864-09-09 | ['the new york herald (new york [n.y.]) 1840-1920'] | http://www.loc.gov/resource/sn83030313/1864-09-09/ed-1/?sp=7
    1864-08-29 | ['the new york herald (new york [n.y.]) 1840-1920'] | http://www.loc.gov/resource/sn83030313/1864-08-29/ed-1/?sp=5
    1864-08-31 | ['weekly standard (raleigh, n.c.) 1858-1865'] | http://www.loc.gov/resource/sn83045706/1864-08-31/ed-1/?sp=4
    1864-08-31 | ['gold hill daily news (gold hill, n.t. [nev.]) 1863-1882'] | http://www.loc.gov/resource/sn84022046/1864-08-31/ed-1/?sp=1
    1864-09-02 | ['the manitowoc pilot (manitowoc, wis.) 1859-1932'] | http://www.loc.gov/resource/sn85033139/1864-09-02/ed-1/?sp=3
BE papersofulyssess0012gran '"Orange Court House" Fitzhugh' {"aggregations": {"top-languages": {"sum_other_doc_count": 0, "buckets": [{"key": "English", "doc_count": 1}], "doc_count_error_upper_bound": 0}, "top-creator": {"sum_other_doc_count": 0, "buckets": [{"key": "grant, ulysses s. (ulysses simpson), 1822-1885", "doc_count": 1}], "doc_count_error_upper_bound": 0}, "top-subject": {"sum_other_doc_count": 0, "buckets": [{"key": "15.85 history of America", "doc_count": 1}, {"key": "E\u0301tats-Unis -- Histoire -- 1861-1865 (Guerre de Se\u0301cession) -- Campagnes et batailles", "doc_count": 1}, {"key": "E\u0301tats-Unis -- Politique et gouvernement -- 1869-1877", "doc_count": 1}, {"key": "Grant, Ulysses S. (Ulysses Simpson), 1822-1885", "doc_count": 1}, {"key": "Grant, Ulysses S. (Ulysses Simpson), 1822-1885 -- Manuscripts", "doc_count": 1}, {"key": "Grant, Ulysses S., 1822-1885", "doc_count": 1}, {"key": "Manuscripts, American", "doc_count": 1}, {"key": "Manuscrits ame\u0301ricains", "doc_count": 1}, {"key": "Military campaigns", "doc_count": 1}, {"key": "Politics and government", "doc_count": 1}, {"key": "Presidents", "doc_count": 1}, {"key": "Presidents -- United States -- Correspondence", "doc_count": 1}, {"key": "Presidents -- United States -- Manuscripts", "doc_count": 1}, {"key": "Pre\u0301sidents -- E\u0301tats-Unis -- Correspondance", "doc_count": 1}, {"key": "Pre\u0301sidents -- E\u0301tats-Unis -- Manuscrits", "doc_count": 1}, {"key": "United States", "doc_count": 1}, {"key": "United States -- History -- Civil War, 1861-186
BE papersofulyssess0012gran '"badly beaten"' {"aggregations": {"top-languages": {"sum_other_doc_count": 0, "buckets": [], "doc_count_error_upper_bound": 0}, "top-creator": {"sum_other_doc_count": 0, "buckets": [], "doc_count_error_upper_bound": 0}, "top-subject": {"sum_other_doc_count": 0, "buckets": [], "doc_count_error_upper_bound": 0}, "top-collection": {"sum_other_doc_count": 0, "buckets": [], "doc_count_error_upper_bound": 0}, "top-mediatype": {"sum_other_doc_count": 0, "buckets": [], "doc_count_error_upper_bound": 0}, "top-year": {"sum_other_doc_count": 0, "buckets": [], "doc_count_error_upper_bound": 0}}, "timed_out": false, "hits": {"max_score": null, "hits": [], "total": 0}, "fts-api": {"commit": "master - a7592427", "auth": {"type": "None", "email": ""}, "version": "v3.16.0", "cached": false, "query_type": "dsl", "host": "be-api.us.archive.org"}, "took": 922, "ia-pub-fts-api-wrapper": true}
BE papersofulyssess0012gran 'Leet "August 19"' {"aggregations": {"top-languages": {"sum_other_doc_count": 0, "buckets": [], "doc_count_error_upper_bound": 0}, "top-creator": {"sum_other_doc_count": 0, "buckets": [], "doc_count_error_upper_bound": 0}, "top-subject": {"sum_other_doc_count": 0, "buckets": [], "doc_count_error_upper_bound": 0}, "top-collection": {"sum_other_doc_count": 0, "buckets": [], "doc_count_error_upper_bound": 0}, "top-mediatype": {"sum_other_doc_count": 0, "buckets": [], "doc_count_error_upper_bound": 0}, "top-year": {"sum_other_doc_count": 0, "buckets": [], "doc_count_error_upper_bound": 0}}, "timed_out": false, "hits": {"max_score": null, "hits": [], "total": 0}, "fts-api": {"commit": "master - a7592427", "auth": {"type": "None", "email": ""}, "version": "v3.16.0", "cached": false, "query_type": "dsl", "host": "be-api.us.archive.org"}, "took": 1418, "ia-pub-fts-api-wrapper": true}
BE papersofulyssess0012gran '"joined Early"' {"aggregations": {"top-languages": {"sum_other_doc_count": 0, "buckets": [{"key": "English", "doc_count": 1}], "doc_count_error_upper_bound": 0}, "top-creator": {"sum_other_doc_count": 0, "buckets": [{"key": "grant, ulysses s. (ulysses simpson), 1822-1885", "doc_count": 1}], "doc_count_error_upper_bound": 0}, "top-subject": {"sum_other_doc_count": 0, "buckets": [{"key": "15.85 history of America", "doc_count": 1}, {"key": "E\u0301tats-Unis -- Histoire -- 1861-1865 (Guerre de Se\u0301cession) -- Campagnes et batailles", "doc_count": 1}, {"key": "E\u0301tats-Unis -- Politique et gouvernement -- 1869-1877", "doc_count": 1}, {"key": "Grant, Ulysses S. (Ulysses Simpson), 1822-1885", "doc_count": 1}, {"key": "Grant, Ulysses S. (Ulysses Simpson), 1822-1885 -- Manuscripts", "doc_count": 1}, {"key": "Grant, Ulysses S., 1822-1885", "doc_count": 1}, {"key": "Manuscripts, American", "doc_count": 1}, {"key": "Manuscrits ame\u0301ricains", "doc_count": 1}, {"key": "Military campaigns", "doc_count": 1}, {"key": "Politics and government", "doc_count": 1}, {"key": "Presidents", "doc_count": 1}, {"key": "Presidents -- United States -- Correspondence", "doc_count": 1}, {"key": "Presidents -- United States -- Manuscripts", "doc_count": 1}, {"key": "Pre\u0301sidents -- E\u0301tats-Unis -- Correspondance", "doc_count": 1}, {"key": "Pre\u0301sidents -- E\u0301tats-Unis -- Manuscrits", "doc_count": 1}, {"key": "United States", "doc_count": 1}, {"key": "United States -- History -- Civil War, 1861-186
BE papersofulyssess0012gran '"no troops had moved to or from the Valley"' {"aggregations": {"top-languages": {"sum_other_doc_count": 0, "buckets": [{"key": "English", "doc_count": 1}], "doc_count_error_upper_bound": 0}, "top-creator": {"sum_other_doc_count": 0, "buckets": [{"key": "grant, ulysses s. (ulysses simpson), 1822-1885", "doc_count": 1}], "doc_count_error_upper_bound": 0}, "top-subject": {"sum_other_doc_count": 0, "buckets": [{"key": "15.85 history of America", "doc_count": 1}, {"key": "E\u0301tats-Unis -- Histoire -- 1861-1865 (Guerre de Se\u0301cession) -- Campagnes et batailles", "doc_count": 1}, {"key": "E\u0301tats-Unis -- Politique et gouvernement -- 1869-1877", "doc_count": 1}, {"key": "Grant, Ulysses S. (Ulysses Simpson), 1822-1885", "doc_count": 1}, {"key": "Grant, Ulysses S. (Ulysses Simpson), 1822-1885 -- Manuscripts", "doc_count": 1}, {"key": "Grant, Ulysses S., 1822-1885", "doc_count": 1}, {"key": "Manuscripts, American", "doc_count": 1}, {"key": "Manuscrits ame\u0301ricains", "doc_count": 1}, {"key": "Military campaigns", "doc_count": 1}, {"key": "Politics and government", "doc_count": 1}, {"key": "Presidents", "doc_count": 1}, {"key": "Presidents -- United States -- Correspondence", "doc_count": 1}, {"key": "Presidents -- United States -- Manuscripts", "doc_count": 1}, {"key": "Pre\u0301sidents -- E\u0301tats-Unis -- Correspondance", "doc_count": 1}, {"key": "Pre\u0301sidents -- E\u0301tats-Unis -- Manuscrits", "doc_count": 1}, {"key": "United States", "doc_count": 1}, {"key": "United States -- History -- Civil War, 1861-186
S2 'Fitzhugh Lee cavalry August 1864 Guard Hill Front Royal' HTTP Error 429:  []
CORE 'Fitzhugh Lee cavalry August 1864 Guard Hill Front Royal' 7549832 ['Music Pamphlet About Charles Lee Hill - Front Cover', 'Charles Lee Hill Headshot - Front', 'Charles Lee Hill Headshot - Front', 'Music Pamphlet About Charles Lee Hill - Front Cover', 'Charles Lee Hill Headshot']
OA 'Fitzhugh Lee cavalry August 1864 Guard Hill Front Royal' 19 ['Story Of A Regiment: The Campaigns And Personnel Of The Fift', 'Letters of a Civil War Surgeon', 'Campaigns of a veteran volunteer organization :the service o', '"Victory is Our Only Road to Peace": Texas, Wartime Morale, ', '"My will is absolute law": General Robert H. Milroy and Winc']
S2 'Bureau of Military Information Sharpe scouts Orange Court House 1864' HTTP Error 429:  []
CORE 'Bureau of Military Information Sharpe scouts Orange Court House 1864' 170906359 ['[Orange County Court House]', 'Gateway to Texas: The History of Orange and Orange County', 'Fifth Annual Report of the Boy Scouts of America', 'Fourth Annual Report of the Boy Scouts of America', 'Annual Report of the Boy Scouts of America']
OA 'Bureau of Military Information Sharpe scouts Orange Court House 1864' 2 ['Rutgers in the Civil War', 'Mississippi miscellaneous titles, 1860-1865']
requests {'googleapis': 8, 'loc.gov': 5, 'be-api': 5, 'semanticscholar': 2, 'core': 2, 'openalex': 2}
