GB '"relieve Colonel J. C. Crane"' 5
    9b1OAQAAMAAJ | The Army & Navy Official Gazette | 1865 | ... <b>relieve Colonel J. C. Crane</b> , Inspector Quartermaster&#39;s Depart- ment , of the duties of Disbursing Officer of the United States Military Railroads of the West . Colonel J. C. CRANE . [ TO Quartermaster Gen- eral . ] On being relieved&nbsp;...
    dQpJAQAAIAAJ | Army and Navy Official Gazette | None | ... <b>relieve Colonel J. C. Crane</b> , Inspector Quartermaster&#39;s Depart- ment , of the duties of Disbursing Officer of the United States Military Railroads of the West . Colonel J. C. CRANE . [ TO Quartermaster Gen- eral . ] On being relieved&nbsp;...
    ePkVZ9RSsacC | Army & Navy Official Gazette | 1865 | ... <b>relieve Colonel J. C. Crane</b> , Inspector Quartermaster&#39;s Depart- ment , of the duties of Disbursing Officer of the United States Military Railroads of the West . Unauthorized Printing . [ General Orders , No. 45. ] QUARTERMASTER&nbsp;...
    j1Hb41TKg8QC | General Orders ... | 1863 | 
    vmxFAQAAMAAJ | Army, Navy, Air Force Journal & Register | 1864 | ... <b>relieve Colonel J. C. Crane</b> , Inspector QuartermusCaptain William Jay , to be Major by brevet , U. g . Vole . determine . ter&#39;s Department , in his duties at Nashville , Tennessee . Captain F. M. Bache , to be Major by brevet , U. S.&nbsp;...
GB '"Colonel J. C. Crane" "Disbursing Officer"' 4
    dQpJAQAAIAAJ | Army and Navy Official Gazette | None | ... <b>Colonel J. C. Crane</b> , Inspector Quartermaster&#39;s Depart- ment , of the duties of <b>Disbursing Officer</b> of the United States Military Railroads of the West . <b>Colonel J. C. CRANE</b> . [ TO Quartermaster Gen- eral . ] On being relieved , will&nbsp;...
    ePkVZ9RSsacC | Army & Navy Official Gazette | 1865 | ... <b>Colonel J. C. Crane</b> , Inspector Quartermaster&#39;s Depart- ment , of the duties of <b>Disbursing Officer</b> of the United States Military Railroads of the West . Unauthorized Printing . [ General Orders , No. 45. ] QUARTERMASTER GENERAL&#39;S OFFICE&nbsp;...
    9b1OAQAAMAAJ | The Army & Navy Official Gazette | 1865 | ... <b>Colonel J. C. Crane</b> , Inspector Quartermaster&#39;s Depart- ment , of the duties of <b>Disbursing Officer</b> of the United States Military Railroads of the West . <b>Colonel J. C. CRANE</b> . [ TO Quartermaster Gen- eral . ] On being relieved , will&nbsp;...
    j1Hb41TKg8QC | General Orders ... | 1863 | 
GB '"Crane" "Inspector Quartermaster" "Military Railroads" September 1864' 3
    dQpJAQAAIAAJ | Army and Navy Official Gazette | None | ... <b>September</b> 23 , <b>1864</b> . Capt . George E. Scott , Veteran Reserve Corps . Lieutenant Colonel H. HAYS , Chief ... <b>Crane</b> , <b>Inspector Quartermaster&#39;s</b> Depart- ment , of the duties of Disbursing Officer of the United States <b>Military Railroads</b>&nbsp;...
    ePkVZ9RSsacC | Army & Navy Official Gazette | 1865 | ... <b>September</b> 27 , <b>1864</b> . [ To Washington , repair to Captain C. W. MOULTON . [ TO W District of Columbia . ] To ... <b>Crane</b> , <b>Inspector Quartermaster&#39;s</b> Depart- ment , of the duties of Disbursing Officer of the United States <b>Military Railroads</b>&nbsp;...
    9b1OAQAAMAAJ | The Army & Navy Official Gazette | 1865 | ... <b>September</b> 27 , <b>1864</b> . Captain C. W. MOULTON . [ To Washington , District of Columbia . ] To repair to ... <b>Crane</b> , <b>Inspector Quartermaster&#39;s</b> Depart- ment , of the duties of Disbursing Officer of the United States <b>Military Railroads</b>&nbsp;...
GB '"Last Battle of Winchester" Grant "Relay House" secret car' 1
    bbI6AQAAMAAJ | The Christian Advocate | 1921 | ... <b>Grant</b> , to be supplied . Hagerstown : Howard Street , T. W. Llyod Saint ... <b>Winchester</b> , Wm . M. Depp . WASHINGTON DISTRICT : J. R. Edwards , Dist . Sup ... <b>last</b> unit of the new church . The cost of this improvement has been&nbsp;...
GB '"Relay House" Grant "special car" Monocacy Hunter 1864' 0
GB 'Smith "Baltimore and Ohio" Grant Monocacy "special car" 1864 secret' 2
    ztIRAQAAMAAJ | The Official Washington Post Index | 1990 | 
    BEg7AQAAIAAJ | The Washington Post Index | 1989 | 
GB '"Brackett" "Special Inspector of Cavalry"' 24
    9MVEAAAAIAAJ | History of the United States Cavalry | 1865 | ... <b>Brackett&#39;s</b> United States Cavalry . History of the United States Cavalry from the Formation of the Federal Government ... <b>Special Inspector of Cavalry</b> , Department of the Cumberland . With Illustrations . 12mo . ( Nearly Ready&nbsp;...
    f1u6W_pPYsQC | History of the United States Cavalry | 2009-07-23 | ... <b>BRACKETT</b> , Major First United States Cavalry , Colonel Ninth Illinois Volunteer Cavalry , late Chief of Cavalry of the Department of Missouri , <b>Special Inspector of Cavalry</b> , Department of the Cumberland . With Illustrations . 12mo&nbsp;...
    fZPiDwAAQBAJ | Colonels in Blue--Illinois, Iowa, Minnesota and Wisconsin | 2019-07-05 | ... <b>Brackett</b> Captain , 2 U.S. Cavalry , March 3 , 1855. Cap- tain , 5 U.S. Cavalry , Aug. 3 , 1861. Colonel , 9 IL ... <b>Special Inspector of Cavalry</b> , Army of the Cumberland , July 1864 - Feb . 1865. Bvt . Lieutenant Colonel , USA&nbsp;...
    nB5RAQAAIAAJ | The War of the Rebellion: Formal reports, both Union and Con | 1985 | ... <b>Brackett</b> , First U. S. Cavalry , is temporarily announced as <b>special inspector of cavalry</b> , for the Cavalry Bureau , in the Depart- ment of Kentucky . He will be obeyed and respected accordingly . By command of Major - General Palmer&nbsp;...
    AvNydWhbHoAC | Modern Ships of War | 1887 | ... <b>BRACKETT</b> , Major First U. S. Cavalry , Colonel Ninth Illinois Volunteer Cavalry , late Chief of Cavalry of the Department of Missouri , <b>Special Inspector of Cavalry</b> of the Department of the Cumberland . pp . 338. Illustrated . 12mo&nbsp;...
    I2ICAAAAIAAJ | The North American Review | 1865 | ... <b>BRACKETT</b> , Major First United States Cavalry ; Colonel Ninth Illinois Volunteer Cavalry ; Late Chief of Cavalry of the Department of Missouri ; <b>Special Inspector of Cavalry</b> , Department of the Cumberland . New York : Harper and Brothers&nbsp;...
    -zQIAAAAQAAJ | Harper & Brothers' Descriptive List of Their Publications | 1880 | ... <b>BRACKETT</b> , Brevet Colonel U. S. Army , Colonel Ninth Illinois Volunteer Cavalry , late Chief of Cavalry of the Department of Mis- souri , <b>Special Inspector of Cavalry</b> of the Department of the Cumberland . Illustrated . 12mo , Cloth&nbsp;...
    jbNKAAAAcAAJ | The North American Review | 1865 | ... <b>BRACKETT</b> , Major First United States Cavalry ; Colonel Ninth Illinois Volunteer Cavalry ; Late Chief of Cavalry of the Department of Missouri ; <b>Special Inspector of Cavalry</b> , Department of the Cumberland . New York : Harper and Brothers&nbsp;...
    wpU-AAAAYAAJ | Reunion of the Society of the Army of the Cumberland | 1885 | ... <b>BRACKETT</b> , Colonel Third U. S. Cavalry , Superintendent Mounted Recruiting Service , late Colonel Ninth Illinois Cavalry , and <b>Special Inspector of Cavalry</b> Army of the Cumberland . FROM COLONEL B. J. D. IRWIN . WHIPPLE BARRACKS&nbsp;...
    8uWykaOjIMQC | The War of the rebellion: a compilation of the official reco | 1897 | 
GB '"Price" "Brackett" "Cavalry Bureau" 1864 St. Louis Grierson remount' 0
requests 8
