GB '"Special Orders" 306 Ferry "chief quartermaster of depot" Louisville Memphis' 4
    9b1OAQAAMAAJ | The Army & Navy Official Gazette | 1865 | ... <b>Chief Quartermaster</b> and by letter to command- ing General Department of the South , Hilton <b>Head</b> , South Carolina , for assign- ment to duty . <b>Special Orders</b> ... <b>Louisville</b> , Ken- tucky , and report in person to <b>Chief</b> Quar- termaster , and&nbsp;...
    ePkVZ9RSsacC | Army & Navy Official Gazette | 1865 | relieve Colonel J. C. McFerran , <b>Quarter- master&#39;s</b> Department , in his duties as <b>Chief Quartermaster</b> Department New Mexico . <b>Special Orders</b> , No. <b>306</b> ... <b>depot</b> at Fort Leavenworth , Kansas , by Colonel J. C. McFerran , <b>Quartermaster&#39;s</b>&nbsp;...
    dQpJAQAAIAAJ | Army and Navy Official Gazette | None | ... <b>Chief Quartermaster</b> and by letter to command- ing General Department of the South , Hilton <b>Head</b> , South Carolina , for assign- ment to duty . <b>Special Orders</b> ... <b>Louisville</b> , Ken- tucky , and report in person to <b>Chief</b> Quar- termaster , and&nbsp;...
    j1Hb41TKg8QC | General Orders ... | 1863 | 
GB '"J. H. Ferry" quartermaster' 33
    UpAqmiHMJW0C | Letter from the Acting Secretary of the Treasury, in Respons | 1895 | ... <b>J. H. FERRY</b> , Captain and Assistant <b>Quartermaster</b> . that Captain Logan then waited upon the <b>quartermaster</b> and protested against the seizure , but that officer refused to release the boat , stating the urgent necessity above mentioned&nbsp;...
    G5sFAAAAQAAJ | House Documents, Otherwise Publ. as Executive Documents | 1865 | ... <b>Quartermaster&#39;s</b> Department , under the tenth , eleventh , and twelfth sections of the act approved July 4 , 1864 . 2 OFFICERS ASSIGNED IN THE T G. S. Dodge <b>J. H. Ferry</b> . Chief <b>quartermaster</b> principal depot , Louisville , Ky . Names . To&nbsp;...
    Ioij1s3RjR4C | Senate documents | 1895 | ... <b>J. H. FERRY</b> , Captain and Assistant <b>Quartermaster</b> . that Captain Logan then waited upon the <b>quartermaster</b> and protested against the seizure , but that officer refused to release the boat , stating the urgent necessity above mentioned&nbsp;...
    -glQAAAAYAAJ | An Account of the Receipts and Expenditures of the United St | 1884 | ... ( <b>Quartermaster&#39;s</b> G. A. Ebbetts .... 1,759 71 Department ) 167 42 L. C. Easton ...... 61 07 <b>J. H. Ferry</b> 2,178 14 J. McE Hyde .... 2 15 Excess of repayments ... F. Heath 04 M. Harris 2 57 Regular supplies of the Quarter- T. P. Johnson 465&nbsp;...
    zfBUAAAAcAAJ | House Documents | 1865 | ... <b>Quartermaster&#39;s</b> Department , under the tenth , eleventh , and twelfth sections of the act approved July 4 ... <b>J. H. Ferry</b> . George F. Clark R. M. Newport D. H. Vinton W. W. McKim Joseph A. Potter Raymond Burr P. P. Pitkin Joel&nbsp;...
    stfgD7M9CKwC | House documents | 1884 | ... ( <b>Quartermaster&#39;s</b> 1,759 71 Department ) 167 42 61 07 F. Heath M. Harris <b>J. H. Ferry</b> J. McE Hyde .... T. P. Johnson A. F. Rockwell ... E. W. H. Read 2 , 178 14 2 15 Excess of repayments ........ 04 2 57 Regular supplies of the Quarter- 465&nbsp;...
GB '"Ferry" "relieved from duty as chief quartermaster"' 1
    WnRIAQAAMAAJ | Army & Navy Official Gazette | 1864 | ... <b>relieved from duty as Chief Quartermaster</b> 13th Army Corps , with rank and pay of lieutenant colonel , to date March ... <b>Ferry</b> , will turn over to his successor all public money and prop- erty now in his hands as Quartermaster . To&nbsp;...
GB 'Mereness calendar Ferry Allen Louisville Stanton quartermaster' 1
    b1sPAQAAMAAJ | The Mereness Calendar | 1971 | ... <b>Stanton</b> , Secretary of War , The Indiana State Board of Agriculture want ... <b>Quartermaster</b> General&#39;s Office Charles Thomas to E.M.<b>Stanton</b> , Secretary of ... <b>Allen</b> , <b>Louisville</b> , Ky . <b>Allen</b> is asked to state what he considers a&nbsp;...
GB '"Colonel Ferry" Louisville 1864 funds' 297
    9b1OAQAAMAAJ | The Army & Navy Official Gazette | 1865 | ... <b>1864</b> , on condition that he receive no final payment until the Pay Department is satisfied he is not in- debted to the United States . Special Or- ders , No. 269 , Adjutant General&#39;s Office , August 13 , <b>1864</b> . <b>Colonel</b> C. H. HOYT . [ To&nbsp;...
    dQpJAQAAIAAJ | Army and Navy Official Gazette | None | ... <b>1864</b> , on condition that he receive no final payment until the Pay Department is satisfied he is not in- debted to the United States . Special Or- ders , No. 269 , Adjutant General&#39;s Office , August 13 , <b>1864</b> . <b>Colonel</b> C. H. HOTT . [ To&nbsp;...
    3x4_AQAAMAAJ | The United States Army and Navy Journal and Gazette of the R | 1865 | ... <b>1864</b> , is by direction of the President of the United States restored to his former rank in the service . Special Orders No. 257 , Adjutant - General&#39;s Office , August 2 , <b>1864</b> . Lieutenant - <b>Colonel</b> E M. Greene . [ To relieve <b>Colonel</b>&nbsp;...
    ePkVZ9RSsacC | Army & Navy Official Gazette | 1865 | ... <b>1864</b> , Adju - <b>Colonel</b> J. A. ELISON . Relieved from the charge tant General&#39;s Office , as directed <b>Colonel</b> J. C. ... <b>Louisville</b> , Ken- tucky , and report in person to Chief Quar- termaster , and by letter to Commanding General&nbsp;...
    vmxFAQAAMAAJ | Army, Navy, Air Force Journal & Register | 1864 | ... <b>money</b> and property per268 , Adjutant General&#39;s Office , August 12 , <b>1864</b> . ORDERS AND INSTRUCTIONS . taining to the department to <b>Colonel</b> Garber , and report in person with . Captain Daniel D. T. Gordon . [ Restored to rank in service&nbsp;...
    4n5PAQAAMAAJ | The Inter Ocean Curiosity Shop ... | 1887 | ... <b>Colonel</b> Miles was re - en- forced with nearly 4,000 men under General White ... <b>Ferry</b> and on Bolivar Heights , in the rear of the town . Maryland Heights ... <b>Louisville</b> . It was in the at- tack on Morgan at Stanford , and was&nbsp;...
GB '"Ferry" Louisville depot quartermaster 1864 relieved Memphis' 9
    3x4_AQAAMAAJ | The United States Army and Navy Journal and Gazette of the R | 1865 | ... <b>relieve</b> Colonel A. R. Eddy , <b>Depot Quartermaster</b> . Special Orders No. 279 , Adjutant General&#39;s Office , August 24 , <b>1864</b> . Colonel J. H. <b>Ferry</b> . [ To <b>Louisville</b> , Kentucky . ] To enter at once upon his duties as chief <b>quartermaster depot</b> at&nbsp;...
    9b1OAQAAMAAJ | The Army & Navy Official Gazette | 1865 | ... <b>relieve</b> Colonel A. R. Eddy , <b>Depot Quartermaster</b> . Special Orders , No 279 , Adjutant General&#39;s Office , August 24 , <b>1864</b> . Colonel J. H. <b>FERRY</b> . [ To <b>Louisville</b> , Ken- tucky . ] To enter at once upon his duties as Chief <b>Quartermaster depot</b>&nbsp;...
    dQpJAQAAIAAJ | Army and Navy Official Gazette | None | ... <b>relieve</b> Colonel A. R. Eddy , <b>Depot Quartermaster</b> . Special Orders , No 279 , Adjutant General&#39;s Office , August 24 , <b>1864</b> . Colonel J. H. <b>FERRY</b> . [ To <b>Louisville</b> , Ken- tucky . ] To enter at once upon his duties as Chief <b>Quartermaster depot</b>&nbsp;...
    ePkVZ9RSsacC | Army & Navy Official Gazette | 1865 | ... <b>1864</b> . Captain J. H. <b>FERRY</b> . [ TO <b>Memphis</b> , Tennes- see . ] <b>Relieved</b> from duty as Chief Quar- termaster of <b>Depot</b> at <b>Louisville</b> , Ken- tucky , with rank of Colonel . To proceed to <b>Memphis</b> , Tennessee , to report to Col- onel R. E. Clary&nbsp;...
    zfBUAAAAcAAJ | House Documents | 1865 | ... <b>Ferry</b> . George F. Clark R. M. Newport D. H. Vinton W. W. McKim Joseph A. Potter Raymond Burr P. P. Pitkin Joel D ... <b>Relieved</b> . Chief <b>quartermasters</b> of military. 2 OFFICERS ASSIGNED IN THE.
    vmxFAQAAMAAJ | Army, Navy, Air Force Journal & Register | 1864 | ... <b>relieved</b> Colonel J. D. Bingham . [ To <b>Quartermaster</b> General United States ... <b>1864</b> , from this office . Special Orders No. partment , on being <b>relieved</b> , will ... <b>Ferry</b> . ( To <b>Louisville</b> , Kentucky . ) To enter at once Assislant&nbsp;...
GB '"John H. Ferry" quartermaster' 28
    VSQqAAAAYAAJ | Official Army Register for ... | 1864 | ... <b>Quartermaster</b> , ( Brevet Major , ) May 18 , 1865 . Captain George S. Atkinson , Assistant <b>Quartermaster</b> , March ... <b>John H. Ferry</b> , Assistant <b>Quartermaster</b> , May 27 , 1865 . Captain James L. Fisk , Assistant <b>Quartermaster</b> , June 12&nbsp;...
    0SJJAQAAIAAJ | Official Army Register | 1866 | ... <b>Quartermaster</b> , ( Brevet Major , ) May 18 , 1865 . Captain George S. Atkinson , Assistant <b>Quartermaster</b> , March ... <b>John H. Ferry</b> , Assistant <b>Quartermaster</b> , May 27 , 1865 . Captain James L. Fisk , Assistant <b>Quartermaster</b> , June 12&nbsp;...
    _cMcAQAAIAAJ | U.S. Army Register | 1866 | ... <b>Quartermaster</b> , ( Brevet Major , ) May 18 , 1865 . Captain George S. Atkinson , Assistant <b>Quartermaster</b> , March ... <b>John H. Ferry</b> , Assistant <b>Quartermaster</b> , May 27 , 1865 . Captain James L. Fisk , Assistant <b>Quartermaster</b> , June 12&nbsp;...
    Ioij1s3RjR4C | Senate documents | 1895 | ... <b>quartermaster</b> at Louisville , Capt . <b>John H. Ferry</b> , being in immediate need of a steamer to send stores to Nash- ville , sent his clerk , James W. Wheelan , to the master of the steamer , Captain Logan , with instructions that the boat&nbsp;...
    YFnpTun1zecC | House documents | 1877 | ... <b>John H. Ferry</b> , late captain and assistant <b>quartermaster</b> of volunteers , in his ccounts as said <b>quartermaster</b> . 4 2d Session . ELDRIDGE WEAVER . No. 195 . 44TH CONGRESS , REPORT HOUSE OF REPRESENTATIVES . REPORT: ...
    9b1OAQAAMAAJ | The Army & Navy Official Gazette | 1865 | ... <b>JOHN H. FERRY</b> , A. Q. M. volunteers , May 27 , 1865 . Captain M. D. WICKERSHAM . [ Assigned as Chief Asst . Q. M. Dep&#39;t Cumberland . ] Is hereby announced as Chief Assistant <b>Quartermaster</b> Department of the Cum- berland , and will be&nbsp;...
GB 'Mereness "Ferry" funds Louisville Allen 1864' 0
GB '"Mereness" calendar "Ferry" quartermaster Louisville' 1
    zFUPAQAAMAAJ | The Mereness Calendar | 1971 | 
GB '"withdraw" Ferry funds Louisville Allen Meigs September 1864' 0
GB '"Isaac Surratt" Baltimore "Sunday morning" 1865' 11
    fKqJFXaF8iUC | The Papers of Andrew Johnson | 1967 | ... <b>1865</b> . I have information deemed reliable that <b>Isaac Surratt</b> , whose mother was executed , left Monterey Mexico , a ... <b>Baltimore</b> . Ibid . 4. Ocran H. Howard ( 1838–1888 ) , a former midshipman in the United States Navy , served&nbsp;...
    WlQTAQAAMAAJ | The Catholics and Mrs. Mary Surratt | 2008-02-19 | ... <b>Isaac</b> reached <b>Baltimore</b> , he was arrested . 25 The story was sensational copy . Finally , there were stories of Powell&#39;s statement made to Gen. Hartranft , just on the <b>morning</b> of the execution , that Mrs. <b>Surratt</b> was innocent . Father&nbsp;...
    MJM_AAAAYAAJ | Lincoln Literature | 1900 | 
    V_stAAAAYAAJ | Bibliography of American Imprints to 1901: Subject index | 1993 | 
    2JM_AAAAYAAJ | A List of Lincolniana in the Library of Congress | 1906 | 
    WdhRAAAAYAAJ | Lists ... | 1903 | 
