papersofulyssess0010gran | "requisite ammunition" | 1 | total 1
    ['papersofulyssess0010gran'] :: orders for them to follow up. We have the {{{requisite ammunition}}} and supplies with the column” Telegram received
papersofulyssess0012gran | Brice | 0 | total 0
papersofulyssess0012gran | paymasters | 1 | total 1
    ['papersofulyssess0012gran'] :: very guarded in his own talk. I saw today in a {{{Paymasters}}} letter to another officer his plans as stated
    ['papersofulyssess0012gran'] :: he cannot keep from telling his plans fsem to {{{paymasters}}}, and his staff are permitted to send them broad
papersofulyssess0012gran | Forsyth Martinsburg | 1 | total 1
    ['papersofulyssess0012gran'] :: Culpepper. There has been no advance toward {{{Martinsburg}}}—I destroyed all the wheat, Hay & Provisions south
    ['papersofulyssess0012gran'] :: have made no attempt to pass down the valley to {{{Martinsburg}}} which I hold with a small force of cav. If they
papersofulyssess0013gran | Brice | 0 | total 0
papersofulyssess0013gran | paymasters | 0 | total 0
papersofulyssess0013gran | unpaid | 0 | total 0
papersofulyssess0013gran | "Relay House" | 0 | total 0
ALL-IA | "requisite ammunition and supplies" | 8 | total 8
    ['VietnamDocuments'] :: of 15 each year.), j receives the {{{requisite ammunition and supplies}}} from its allies, and has little difficulty
    ['VietnamDocuments'] :: age of 15 each year,), receives the {{{requisite ammunition and supplies}}} from its allies, and has little ,
    ['OptionsAndQuestionsInVietnam'] :: age of 15 each year.), receives the {{{requisite ammunition and supplies}}} from its allies, and has little difficulty
    ['TheSituationInVietnam'] :: age of 15 each year.), receives the {{{requisite ammunition and supplies}}} from its allies, and has little difficulty
    ['TheSituationInVietnam'] :: age of 15 each year.), receives the {{{requisite ammunition and supplies}}} from its allies, and has little difficulty
    ['VietnamOptionsPaper'] :: age of 15 each year.), receives the {{{requisite ammunition and supplies}}} from its allies, and has little difficulty
    ['VietnamOptionsPaperCopiesWithNotes'] :: age of 15 each year.), receives the {{{requisite ammunition and supplies}}} from its allies, and has little difficulty
ALL-IA | "sufficient escort at Martinsburg" | 0 | total 0
ALL-IA | "leave here Monday morning" paymasters | 8 | total 8
    ['per_chicago-daily-tribune_the-chicago-daily-tribun_1885-11-28_45'] :: would do so. The party will probably {{{leave here Monday morning}}}. The details of the trip have been placed
    ['per_chicago-daily-tribune_the-chicago-daily-tribun_1885-11-28_45'] :: Court-Martial —In- ©, etrnetions us to the Escorts of Be {{{Paymasters}}}. J. v. Seammen's Assets—Creditors Su- ing a Plumbing
    ['sofarfromhomearm00gill'] :: have  had  a  thaw  now  and  we  will  {{{leave  here  Monday  morning}}}. The  boat  runs  daily,  but  only
    ['sofarfromhomearm00gill'] :: months'  pay  (we  don't  have visits  from  {{{paymasters}}}  down  at  Ft.  Stevens  very  often)  and  we
    ['per_washington-post_1934-04-22_21129'] :: pastor of the First Methodist Church, will {{{leave here Monday morning}}} for Richmond, where he will join other
    ['per_washington-post_1934-04-22_21129'] :: No. 1, Barracks No. 2, Ad- jutants, nse ectgae {{{Paymasters}}} and Quartermaster Feam captains ~o requested
    ['in.ernet.dli.2015.164477'] :: same as to the depot at Fort Union. One of the {{{paymasters}}} in this department has been ordered to the East
    ['in.ernet.dli.2015.164477'] :: probability without tents. I can be ready to {{{leave here Monday morning}}} if my prospecting party returns in time
    ['norwichbulletin100bull_11'] :: distributed in the next two or three days by eight {{{paymasters}}} who are here, BASE BALL, At Boston:— | : RHE
    ['norwichbulletin100bull_11'] :: Batteries—Doheny, Grady and mer; Kilroy and Donohue. SLOW, {{{PAYMASTERS}}}, 2 7 5 0 3 Washington, June 9—The pay de- partment
    ['NYTimes_feb16_28_1919'] :: University's  basket  ball  team will  {{{leave  here  Monday  morning}}}  for Meadvllle,  Penn.,  where  the
    ['NYTimes_feb16_28_1919'] :: men, including  /Ensign  ^aul  Beak  of the  {{{Paymasters}}}'  Corps,  .knd  an  officer of  high  rank  in
ALL-IA | "paymasters ready to go" | 0 | total 0
ALL-IA | "sent to Relay House" paymasters | 0 | total 0
ALL-IA | "unpaid to the 31st of August" | 0 | total 0
ALL-IA | "unpaid to August 31" | 1 | total 1
    ['sim_commercial-and-financial-chronicle_1941-10-04_154_3989'] :: deficit —___ oticks tDividends accumulated and {{{unpaid to August 31}}}, 1941, amounted to $183,891. Latest dividend
ALL-IA | "by river for City Point" paymasters | 0 | total 0
ALL-IA | "two regiments of the Sixth Corps" paymasters | 10 | total 10
    ['bwb_p8-dgu-928'] :: government, a significant portion of it by Federal {{{paymasters}}}. No, sir. I don’t regret at all my efforts against
    ['bwb_p8-dgu-928'] :: same time, General Sedgwick will lead {{{two regiments of the Sixth Corps}}} toward the town of Madison Court House
    ['10353295bsb'] :: Russians, too, had suffered terribly. {{{Two regiments of the sixth corps}}} d’armée had been nine months marching
    ['10353295bsb'] :: make the necessary advances to the regimental {{{paymasters}}} ; to pay in detail the stafFpay, forage, and
    ['baclac_150727204'] :: Russians, too, had suffered terribly. {{{Two regiments of the sixth corps}}} d’armée had been nine months marching
    ['baclac_150727204'] :: make the necessary advances to the regimental {{{paymasters}}} ; to pay in detail the stafEpay, forage, and
    ['pictorialhistory00ediniala'] :: too,  had  suffered terribly.  {{{Two  regiments  of  the  sixth  corps}}}  d'arme'e had  been  nine  months
    ['pictorialhistory00ediniala'] :: the  necessary  advances  to the  regimental  {{{paymasters}}}  ;  to  pay  in  detail  the staff-pay,  forage
    ['pictorialhistory0000unse_q2i0'] :: Russians, too, had suffered terribly. {{{Two regiments of the sixth corps}}} d’armée had been nine months marching
    ['pictorialhistory0000unse_q2i0'] :: make the necessary advances to the regimental {{{paymasters}}} ; to pay in detail the staftpay, forage, and
    ['in.ernet.dli.2015.43833'] :: Russians, too, had suffered ten’ibly. {{{Two regiments of the sixth corps}}} d’arm6o had been nine months marching
    ['in.ernet.dli.2015.43833'] :: make the necessary advances to the regimental {{{paymasters}}} ; to pay in detail the staff-pay, forage, and
ALL-IA | Brice paymasters "City Point" 1864 | 10 | total 1737
    ['sanitary-commission-bulletin_1864_3_index'] :: eebeseredt 1142 Issues from Storehouse {{{City Point}}}, June 18, to Oct. 31, {{{1864}}}................. 836 S “ Auxiliary
    ['sanitary-commission-bulletin_1864_3_index'] :: Patriotic Society for {{{1864}}}............. 1011 et Swalm, Dr., Controller of Issues, {{{City Point}}}...............
    ['registerofcommi1884wash'] :: FLEET-SURGEONS, FLEET-{{{PAYMASTERS}}},  AND  FLEET- ENGINEERS            SURGEONS,  {{{PAYMASTERS}}},  AND  CHIEF  ENGINEERS-
    ['registerofcommi1884wash'] :: 2, 100 {{{City  Point}}},  James  River. Canonic  us. . .. Fourth . Screw  . 2 550 2, 100 {{{City  Point}}},  James
    ['registercommiss04deptgoog'] :: 1862 1862 1863 1863 1863 1863 1863 {{{1864}}} {{{1864}}} {{{1864}}} {{{1864}}} {{{1864}}} {{{1864}}} {{{1864}}} 1865 1865 1865 1865 1865 1865 1865
    ['registercommiss04deptgoog'] ::  Mar.,  {{{1864}}} 21  Mar.,  {{{1864}}} 21  Mar.,  {{{1864}}} 21  Mar.,  {{{1864}}} 21  Mar.,  {{{1864}}} 21  Mar.,  {{{1864}}} 28  Apr
    ['registerofcommis1881wash'] :: To  {{{paymasters}}},  first  class   To  {{{paymasters}}},  second  class  ($50  per  month) To  {{{paymasters}}},  third
    ['registerofcommis1881wash'] ::  Island,  Penn. {{{City  Point}}},  James  River. {{{City  Point}}},  James  River. {{{City  Point}}},  James  River. Jason*
    ['per_daily-evening-bulletin_daily-evening-bulletin_1866-04-13_1'] :: relief of {{{paymasters}}} had been brought forward under an organized solici- tation of the {{{paymasters}}}. Petitions
    ['per_daily-evening-bulletin_daily-evening-bulletin_1866-04-13_1'] :: accounts of these {{{paymasters}}}, and thus Congress could give to honest and faithful {{{paymasters}}} all therelief
    ['registerofcommis1884wash'] :: Mar.,  {{{1864}}} 18  Mar.,  {{{1864}}} 18  Mar.,  {{{1864}}} 2   July,  {{{1864}}} #   • 2   July,  {{{1864}}} 2   July,  {{{1864}}} Erastus
    ['registerofcommis1884wash'] :: July,  {{{1864}}} 20  July,  {{{1864}}} 20  July,  {{{1864}}} 20  July,  {{{1864}}} 20  J uly,  {{{1864}}} 21  July,  {{{1864}}} 21  July
ALL-IA | Brice paymasters Sheridan "Relay House" | 10 | total 299
    ['warofrebellion432unit'] :: General  {{{Sheridan}}}  with  captured  battle-flags,  &c. ;  goes  by  train to  Washington.  {{{Sheridan}}}  holds
    ['warofrebellion432unit'] :: Alexandria  Railroad. P.  H.  {{{SHERIDAN}}}, Major-General. *  See  Halleck  to  {{{Sheridan}}},  September  28,  p.  196
    ['warofrebellionco0043vari'] :: from General {{{Sheridan}}} with captured battle-flags, &e.; goes by train to Washington. {{{Sheridan}}} holds Strasburg;
    ['warofrebellionco0043vari'] :: P. H. {{{SHERIDAN}}}, Major-General. City Pont, VA., September 23, 1864—8 p.m. Major-General {{{SHERIDAN}}}, Strasburg
    ['warofrebellionco0043unit_i5n6'] :: from General {{{Sheridan}}} with captured battle-flags, &c.; goes by train to Washington. {{{Sheridan}}} holds Strasburg;
    ['warofrebellionco0043unit_i5n6'] ::  H. {{{SHERIDAN}}}, Major-General. City Point, VA., September 23, 1864—8'p. m. Major-General {{{SHERIDAN}}}, Strasburg
    ['warofrebellion0000unse_b7w7'] :: from General {{{Sheridan}}} with captured battle-flags, &c.; goes by train to Washington. {{{Sheridan}}} holds Strasburg;
    ['warofrebellion0000unse_b7w7'] :: H. {{{SHERIDAN}}}, Major-General.   City PoInt, VA., September 23, 1864—S8 p.m. Major-General {{{SHERIDAN}}}, Strasburg
    ['warofrebellion014302rootrich'] :: General  {{{Sheridan}}}  with  captured  battle-flags,  &c.;  goes  by  train to  Washington.  {{{Sheridan}}}  holds
    ['warofrebellion014302rootrich'] :: Alexandria  Railroad. P.  II.  {{{SHERIDAN}}}. Major-General. Sc<-  Halleck  to  {{{Sheridan}}}.  SeptfinlnT  US,  p.  l
    ['sim_maryland-historical-magazine_1944-09_39_3'] :: Servants Passage on Cars from {{{relay house}}} to Anappolis Horse at {{{relay house}}}, one night Dinner, horse & servant
    ['sim_maryland-historical-magazine_1944-09_39_3'] :: of the funds of this committee to each of the {{{paymasters}}} of the six Regiments composing Genl. Strickers
be-api requests 19
