"Cossack" "Collyer" side-wheel steamer quartermaster | 8 total
    2QSxkxE2fNkC | Annual Report of the Quartermaster-General to the Secretary  1880 | ... <b>Cossack</b> 31 Cosmopolitan 32 Canonicus 33 Croton .. 34 Clyde ... 35 Corinthian 36 Chase .... .do 408 Unknown . ..do ... <b>Collyer</b> , Thomas <b>Side</b> - <b>wheel steamer</b> 446 80,000 00 39 40 Continental 
    PhNAAAAAYAAJ | Annual Report of the Quartermaster General of the Operations 1865 | ... <b>Cossack</b> 31 Cosmopolitan 32 Canonicus 33 Croton 34 Clyde ..... 35 Corinthian 36 Chase .... Screw <b>steamer</b> . 410 80,000 ... <b>Collyer</b> , Thomas . <b>Side</b> - <b>wheel steamer</b> .: 446 80,000 00 39 
    49VGAQAAMAAJ | Annual Report of the Quartermaster-general to the Secretary  1865 | United States. <b>Quartermaster&#39;s</b> Dept. <b>Side</b> - <b>wheel steamers</b> Screw <b>steamers</b> .... Screw tugs . Barks Brigs Schooners ... <b>Cossack</b> 31 Cosmopolitan . 32 Canonicus 33 Croton . 34 Clyde ...
    OeuqO9UOOZIC | Report of the Secretary of War, which Accompanied the Annual 1866 | ... <b>Cossack</b> 31 Cosmopolitan 32 Canonicus 33 Croton Screw <b>steamer</b> . 410 80,000.00 <b>Side</b> - <b>wheel steamer</b> . 500 50,000.00 do ... <b>Collyer</b> , Thomas . <b>Side</b> - <b>wheel steamer</b> .. 446
    nZ0FAAAAQAAJ | House Documents, Otherwise Publ. as Executive Documents 1866 | ... <b>Cossack Side</b> - <b>wheel steamer</b> .. 500 50,000 00 31 Cosmopolitan do . 774 Captured . 32 Canonicus do . 416 50,000.00 33 ... <b>Collyer</b> , Thomas . <b>Side</b> - <b>wheel steamer</b> .. 446 80,000.00 39 
    XvFUAAAAcAAJ | House Documents 1866 | ... <b>Cossack Side</b> - <b>wheel steamer</b> . 500 50,000.00 31 Cosmopolitan 32 Canonicus 33 Croton . do . 774 Captured . do . 416 ... <b>Collyer</b> , Thomas . <b>Side</b> - <b>wheel steamer</b> . 446 80,000 00 39 Con
    7FwCOfeSX14C | Message of the President and Accompanying Documents 1866 | ... <b>Cossack</b> 31 Cosmopolitan 32 Canonicus 33 Croton 34 Clyde .. 35 do . 408 Unknown . do . 154 14,000 00 Screw <b>steamer</b> ... <b>Collyer</b> , Thomas- <b>Side</b> - <b>wheel steamer</b> .. 446 80,000.00 39 Cont
    Vqa5u5IXtaoC | Annual Report of the Secretary of War 1866 | ... <b>Cossack</b> 31 Cosmopolitan 32 Canonicus 33 Croton do . 130 12,000 00 do .. 408 Unknown . do .. 154 14,000 00 Screw ... <b>Collyer</b> , Thomas . <b>Side</b> - <b>wheel steamer</b> .. 446 80,000 00 39 Continental 
quartermaster general annual report 1865 "Sixth Corps" transported Washington "City Point" steamers 1864 | 9 total
    p1_V-sQp2a0C | The Medical and Surgical History of the War of the Rebellion 1870 | ... <b>corps</b> and at <b>City Point</b> depot hospital amounted to some thousands of dollars . The capacity of the depot hospital at ... <b>Sixth Corps</b> returned to the army of the Potomac , at different dates early
    OaU8M9czEuoC | The Medical and Surgical History of the War of the Rebellion 1870 | ... <b>corps</b> and at <b>City Point</b> depot hospital amounted to some thousands of dollars . The capacity of the depot hospital at ... <b>Sixth Corps</b> returned to the army of the Potomac , at different dates early
    7KNMAAAAYAAJ | The United States Army and Navy Journal and Gazette of the R 1865 | ... <b>General</b> of Volunteers . ASSISTANT Surgeon C. Wagner , U. S. A. , has been or- dered to the Department of the Columbia . COLONEL O. V. Dayton , of New York , has been breveted Brigadier - <b>General</b> of Volu
    9b1OAQAAMAAJ | The Army & Navy Official Gazette 1865 | ... <b>transported</b> . <b>6</b>. The number of miles of railroad constructed ; to and from what <b>points</b> ; the number of miles of telegraph lines constructed ; to and from what <b>points</b> ; and all such other i
    lGQ9AQAAMAAJ | The Congressional Globe 1867 | ... <b>Washington</b> , Brigadier and Brevet Major <b>General</b>. 39TH CONG .... 2D SESS . $ 11,893,736 44 11,787,975 66 13,833,214 03 ... <b>1864</b> , and March 3 , <b>1865</b> 69,846,300 00 Premium on <b>6</b> per ce
    z0dXhkrJvc0C | The Congressional globe 1867 | ... <b>1865</b> 69,846,300 00 notes , acts March 3 , 1863 , and June 30 , <b>1864</b> , Premium on purchase of 7.30 Treasury notes ... <b>Report</b> of the Secretary of War . WAR DEPARTMENT , <b>WASHINGTON CITY</b> , Nov
    _HFFAQAAMAAJ | The Journal of the Armed Forces 1879 | ... <b>Washington</b> . The captain will join his regiment - probably would be called ... <b>1865</b> , and they the intermediate grades to lieutenant - colonel , was ... <b>general</b> for gallant services in South and 
    5aoQAQAAMAAJ | Civil War Extra: A newspaper history of the Civil War from 1 1999 | ... <b>1864</b> . having depressed prices to 38 , which is three per osat below the last quotations from New York . The <b>report</b> ... <b>General</b> Roua has made such a disposition of his forces that these rebel A .
quartermaster general report 1865 Rucker steamboats Baltimore Philadelphia "New York" transport troops Washington 1864 | 3 total
    9b1OAQAAMAAJ | The Army & Navy Official Gazette 1865 | ... <b>QUARTERMASTER GENERAL&#39;S</b> OFFICE , <b>WASHINGTON</b> , D. C. , April 12 , <b>1865</b> . The following memorandum of Orders and In ... <b>1864</b> , he having accepted an appointment as Cap- tain and A. Q. M.
    ePkVZ9RSsacC | Army & Navy Official Gazette 1865 | ... <b>Quartermaster General</b> : LEWIS B. PARSONS , Col. and Chief R. and R. <b>Transportation</b> . <b>Rail</b> , River , and Stage <b>Transportation</b> . [ General Orders , No. 18. ] <b>QUARTERMASTER GENERAL&#39;S</
    8fk-AQAAMAAJ | The United States Army and Navy Journal and Gazette of the R 1881 | ... <b>Washington</b> : SIR : Upon the conclusion of an exhibition drill by the cadets ... <b>New</b> THE Bismarck Tribune of Feb. 25 , says : A Court - martial has been ... <b>report</b> as aide to Gen. Miles ; Captain 
    lj7FcQAACAAJ | A File of General Orders Issued from the Quartermaster Gener 1864 | 
    KEcB0AEACAAJ | Report Of The Quartermaster General Of The United States Arm 1900 | 
    EN5nHQAACAAJ | Report of Quartermaster General 1864 | 
    O_FqkgAACAAJ | General Orders Issued from the Quartermaster General's Offic 1863 | 
    Y5gwMwEACAAJ | Report of the Quartermaster General of the State of Virginia 1864 | 
quartermaster general report 1865 "flag-of-truce" boats "Fort Monroe" transports | 1 total
    5aoQAQAAMAAJ | Civil War Extra: A newspaper history of the Civil War from 1 1999 | ... <b>General</b> Orders , No. The following order is published for the inf or mation ... <b>report</b> from Gen. Burnside concerning the capture of Cumberland Gap has been ... <b>boats</b> plying in the harbor . It is 
    lj7FcQAACAAJ | A File of General Orders Issued from the Quartermaster Gener 1864 | 
    EDFakgAACAAJ | Report of Quartermaster General 1865 | 
    KEcB0AEACAAJ | Report Of The Quartermaster General Of The United States Arm 1900 | 
    zCsgQAAACAAJ | Report of the Quartermaster General of the United States Arm 1865 | 
    rBNOAAAAYAAJ | Report of the Quartermaster General to the Senate and Genera 1903 | 
    __CuwwEACAAJ | Annual Report of the Quartermaster General of Missouri, for   | Reports the activities of the Office including equipping and providing for the necessities of both volunteers and militia (purchasing supplies and clothing, quartering troops, maintaining records of receipt, etc.).
    _ck4MQAACAAJ | Report of the Quarter-Master General (Classic Reprint) 2016-12-22 | About the Publisher Forgotten Books publishes hundreds of thousands of rare and classic books. Find more at www.forgottenbooks.com This book is a reproduction of an important historical work.
googleapis requests 4
