"requisite ammunition and supplies with the column" | 2 total | 2
    7DAAxfRuXKoC | The Papers of Ulysses S. Grant  | PARTIAL | ... <b>requisite ammunition and supplies with the column</b> &quot; Telegram received , DNA , RG 108 , Letters Re- ceived . On April 27 , 8:30 A.m . , USG telegraphed to Maj . Gen. George G. Meade . &
    mD4fAQAAMAAJ | The Papers of Ulysses S. Grant: January 1-May 31, 1864 1967 | NO_PAGES | ... <b>requisite ammunition and supplies with the column</b> &quot; Telegram received , DNA , RG 108 , Letters Re- ceived . On April 27 , 8:30 A.M . , USG telegraphed to Maj . Gen. George G. Meade . &
"escort at Martinsburg" paymasters | 21 total | 10
    A5cdAQAAMAAJ | "Boots and Saddles." 1879 | ALL_PAGES | ... <b>Martinsburg</b> to Stras- , burg ; death or Andersonville staring every one in the face who undertook it without a sufficient <b>escort</b> ... <b>paymaster</b> was pretty badly frightened ; bu
    1bM9AAAAYAAJ | The War of the Rebellion: v. 1-53 [serial no. 1-111] Formal reports, b 1893 | ALL_PAGES | ... <b>Martinsburg</b> , October 14 , 1864 . Commanding Military District of Harper&#39;s Ferry : GENERAL : A lot of captured cattle have arrived this evening from Winchester ; also a small train , wi
    DiXC4ptLOXAC | The War of the Rebellion 1893 | ALL_PAGES | ... <b>Martinsburg</b> , October 14 , 1864 . Commanding Military District of Harper&#39;s Ferry : GENERAL : A lot of captured cattle have arrived this evening from Winchester ; also a small train , wi
    bQGDjJYLdhEC | House documents 1895 | ALL_PAGES | ... <b>Martinsburg</b> , October 14 , 1864 . Commanding Military District of Harper&#39;s Ferry : GENERAL : A lot of captured cattle have arrived this evening from Winchester ; also a small train , wi
    T96D6pL8k8IC | The War of the rebellion: a compilation of the official records of the 1893 | ALL_PAGES | 
    je3uAgAAQBAJ | The Twenty-second Pennsylvania cavalry and the Ringgold battalion  | PARTIAL | ... <b>Martinsburg</b> in charge of a few wagons , among which was a paymaster&#39;s light ambulance wagon , and accompanied by ... <b>escort</b> , he and Captain Roome , in the light wagon , moved ra
"funds for the payment of the Nineteenth" | 293 total | 10
    3bDAWHbXgi4C | Nineteenth-century Oxford 1997 | PARTIAL | ... <b>payments</b> from tutorial <b>funds</b> ( Table 12.14 ) . These figures somewhat under- state tutors &#39; welfare , since they will have received free meals , some will have earned <b>money</b
    kDG5Gc1yXLgC | Journal 1870 | ALL_PAGES | ... <b>Nineteenth</b> and Twentieth Fiscal Years . $ 475 00 1,003 86 594 24 Transactions for <b>Nineteenth</b> and Twentieth Fiscal Years . SWAMP LAND DISTRICT No. 1 . Transactions for <b>Nineteenth</
    MIU-AQAAMAAJ | The City Record 1915 | NO_PAGES | ... <b>NINETEENTH</b> ALDERMANIC DISTRICT . That it appears on such estimate and ... <b>Funds</b> .. Total .... Warrants Registered for <b>Payment</b> . Appropriation Accounts ... <b>payment</b> to Co
    G94KAQAAIAAJ | Nineteenth Annual Report of the Bureau of American Ethnology 1900 | ALL_PAGES | ... <b>fund</b> of information on the subject seldom possessed by a white man . He still resides at Webster , a few miles from the reservation , and is now seventy - one years of age . In 1855 Congres
    P6qop_L_PzcC | Victorian Year-Book 1892 (nineteenth Year of Issue) 1892 | ALL_PAGES | ... <b>19</b> 8 416 1,630,000 <b>Fund</b> for 467. The following particulars relating to ... <b>to pay</b> to the sinking <b>fund</b> on the new loans should not commence until the ... <b>funds</b> £ 
    rhYaAAAAMAAJ | Federal Energy Regulatory Commission Reports  | ALL_PAGES | ... <b>payment</b> of their monthly bills to TETCO by wire transfer of Federal <b>funds</b> on the twentieth day of each month ... <b>nineteenth</b> day of each month , or one day prior to the date Al
"paymasters" "Nineteenth Corps" escort Martinsburg October 1864 | 1 total | 1
    l-DD6uICG_0C | The United States Army and Navy Journal and Gazette of the Regular and 1914 | NO_PAGES | ... <b>Corps</b> , U.S.A. , who was ordered up before an examining board , has been ... <b>1864</b> , and served continuously with the Army of the Potomac during the Civil ... <b>October</b> , 1898. H
Brice "acting paymaster general" Forsyth escort | 3 total | 3
    xF7MWBbnqHwC | United Services and Empire Review 1860 | ALL_PAGES | ... <b>General</b> Henry Frederick Lockyer , C.B. , on 30th again with very little delay . She has since been towed from the Sound into Hamoaze to make good her damages . Firebrand , 6 , paddle steam 
    iHlNAAAAcAAJ | The Indian News and Chronicle of Eastern Affaires 1856 | ALL_PAGES | ... <b>escort</b> , for trial before the Commissioner . The neighbouring Rajahs are thunderstruck at this new state of things ... <b>FORSYTH</b> . - Feb . 13 , at Umballa , wife of T. D. <b>Forsyth</b
    hZL_SxiN3AwC | The United States Army and Navy Journal and Gazette of the Regular and 1909 | NO_PAGES | ... <b>General</b> Appleton and his officers enjoyably entertained Mr. Halstead and ... <b>Forsyth</b> and Lieutenant Colonels Day and Gayle had scarcely gotten back from ... <b>escort</b> , ahead of 
"Relay House" paymasters Sheridan December 1864 | 6 total | 6
    v475zjWzMFIC | Battles and Leaders of the Civil War 1888 | ALL_PAGES | ... <b>Sheridan&#39;s</b> Richmond raid , 4 : 117 , 188-94 ; Map , 4 : 190 ; <b>Sheridan&#39;s</b> ... <b>1864</b> ) , 4 : 534 ; Schuetzenbach , Edw . , lieut . Mo. art&#39;y , Rousseau&#39;s ... <b>R
    MmskH0Q2WAkC | Battles and Leaders of the Civil War 1888 | ALL_PAGES | ... <b>Sheridan&#39;s</b> Richmond raid , 4 : Sanders , E. J. , C capt . , 3 : 492 . 117 ... <b>1864</b> ) , 4 : 534 ; Rousseau&#39;s Ala . and Ga . raid ( July , U , 1 : 304 ... <b>Relay House</b> , 
    C05bJohNJMwC | Battles and Leaders of the Civil War: The way to Appomattox 1956 | NO_PAGES | ... <b>1864</b> ) , 4 : 534 ; Rousseau&#39;s Ala . and Ga . raid ( July , U , 1 : 304 ... <b>Sheridan&#39;s</b> Richmond raid , 4 : 117 , 188-94 ; Μαρ , 4 : 190 ; <b>Sheridan&#39;s</b> ... <b>Relay Ho
    JfEgum82kk8C | Battles and Leaders of the Civil War 1956 | NO_PAGES | ... <b>Sheridan&#39;s</b> Richmond raid , 4 : Sanders , E. J. , C capt . , 3 : 492 . 117 ... <b>1864</b> ) , 4 : 534 ; Schuetzenbach , Edw . , lieut . Mo. art&#39;y , Rousseau&#39;s ... <b>Relay House
    m4weAQAAMAAJ | The United States Army and Navy Journal and Gazette of the Regular and 1903 | NO_PAGES | ... <b>September</b> , 1861 ... <b>relay</b> stations on the road . Senator Warren and perhaps two or three other ... <b>Sheridan</b> . III . , on March 26 with the aid of a skeleton key filed from a 
    NFI-AQAAMAAJ | Army-Navy-Air Force Register and Defense Times 1913 | NO_PAGES | ... <b>December</b> , 1898 , thence to Province Santa Clara , Cuba , and was in command ... <b>Sheridan</b> , Ill . , and sailed for Manila , P. I. , <b>September</b> 25 , 1899 ... <b>Relay</b> Race ,
"paymasters may be sent" | 7 total | 7
    gyJSAAAAYAAJ | Report of the Treasurer and Receiver-General of the Commonwealth of Ma 1865 | ALL_PAGES | ... <b>paymasters may be sent</b> to the several posts and forts where troops are stationed ; and the troops not be obliged to repair to Boston to receive their dues . Or , what is much better , let s
    -ZzAgZD1uEkC | Report of the Treasurer and Receiver-General for the Year Ending... 1860 | ALL_PAGES | ... <b>paymasters may be sent</b> to the several posts and forts where troops are stationed ; and the troops not be obliged to repair to Boston to receive their dues . Or , what is much better , let s
    vo0tAAAAIAAJ | The War of the Rebellion 1891 | ALL_PAGES | ... <b>paymasters may be sent</b> here as soon as possible , as some of my command have not been paid for eight months . H. W. SLOCUM , Major - General . HDQRS . MILITARY DIVISION OF THE MISSISSIPPI ,
    9DnzyORxHeQC | The Navy List 1933 | ALL_PAGES | ... <b>Paymasters may be sent</b> direct for Customers &#39; Accounts . Nominee for the purposes of Naval Agency and Distribution Act , 1864 , Mr. Martin D. V. Holt . Appointments as Ship Agents accep
    udwmbD8_aWsC | The War of the Rebellion: v. 1-53 [serial no. 1-111] Formal reports, b 1891 | ALL_PAGES | ... <b>paymasters may be sent</b> here as soon as possible , as some of my command have not been paid for eight months . H. W. SLOCUM , Major - General . HDQRS . MILITARY DIVISION OF THE MISSISSIPPI ,
    hTnuxbkgfnkC | Public Documents of Massachusetts 1865 | ALL_PAGES | ... <b>paymasters may be sent</b> to the several posts and forts where troops are stationed ; and the troops not be obliged to repair to Boston to receive their dues . Or , what is much better , let s
"notified by telegraph in cipher" paymasters | 314 total | 10
    TYUDAAAAQAAJ | The Commercial telegraph code. A re-compiled ed. of the 'International 1880 | ALL_PAGES | 
    zzGM1Upl6TwC | The International Mercantile Telegraph Code, Compiled ... for ... Tran 1875 | ALL_PAGES | <b>Telegraph Code</b>, Author of the General <b>telegraph code</b> ... <b>notice</b> of appeal against arbitration Shall appeal against arbitration Shall ... <b>paymaster</b> peace peaceable peaceful 
    p9yAXN5bFagC | The International Mercantile Telegraph Code, Compiled ... for ... Tran 1875 | ALL_PAGES | 
    yKQ8AAAAIAAJ | The Code of Federal Regulations of the United States of America 1978 | ALL_PAGES | ... <b>telegraph</b> staff specialists . § 52.34 <b>Telegraph</b> office superintendents and managers . Include in this group all ... <b>paymasters</b> , time- keepers , checkers , office messengers ,
    2YoEAAAAQAAJ | The Globe Commercial Telegraph Code ... 1882 | ALL_PAGES | ... <b>notice</b> of appeal against arbitration Shall appeal against arbitration do . do . ? Appeal has gone against us in our ... <b>paymaster</b> peace peaceable peaceful peacemaker peachick ... pea
    1E3pLMLqTSEC | Code of Federal Regulations 1980 | ALL_PAGES | ... <b>paymasters</b> , time- keepers , checkers , office messengers , file clerks , accounting and auditing clerks , time clerks , etc. § 52.37 <b>Telegraph</b> operators . Include in this group all 
"unpaid since the 31st of August" 1864 | 294 total | 10
    fp06AQAAMAAJ | Reports Communicated to Both Branches of the Legislature 1865 | ALL_PAGES | ... <b>from</b> 1st to <b>31st August</b> , <b>1864</b> , inclusive : Report No. 29 Report No. 30 Report No. 31 Report No. 32 --- Total warrants paid this month .. Deduct warrants previously issued , 
    4-tAAQAAMAAJ | Legislative Documents, ... 1865 | ALL_PAGES | ... <b>from</b> 1st to <b>31st August</b> , <b>1864</b> , inclusive : Report No. 29 Report No. 30 Report No. 31 Report No. 32 . Total warrants paid this month . Deduct warrants previously issued , ( n
    xKklAQAAIAAJ | Kentucky Public Documents 1865 | ALL_PAGES | ... <b>from</b> 1st to <b>31st August</b> , <b>1864</b> , inclusive : Report No. 29 Report No. 30 .. Report No. 31 Report No. 32 ..... Total warrants paid this month . Deduct warrants previously issue
    jNkNAAAAQAAJ | The Foreign Office List 1866 | ALL_PAGES | ... <b>August</b> , 1858 , when his Lord- ship was in attendance upon her Majesty . promoted to be a Senior Clerk , April 1 , 1859 . Was BIDWELL , CHARLES TOLL , F.R.G.S. , was Acting Consul at Panama
    xtwzAQAAMAAJ | The Foreign Office List and Diplomatic and Consular Year Book 1882 | ALL_PAGES | ... <b>August</b> 24 , terests at Stettin during the war between France and till September 28 , 1868 . was appointed Consul for ... <b>Unpaid</b> Vice - Consul at Flensburg , in Schleswig , <b>from</b
    8btZgqgvjZ4C | Reports of Cases at Law and in Chancery Argued and Determined in the S 1876 | ALL_PAGES | ... <b>31st of August</b> , <b>1864</b> , to appel- lee , by the terms of which , in consideration of an annual pre- mium of $ 65.20 , to be paid on or before the 31st of August of each year , the lif
"two regiments of the Sixth Corps" unpaid | 339 total | 10
    PCv3AwAAQBAJ | States at War, Volume 2 2014-08-05 | PARTIAL | ... <b>Regiment</b>,” a three-year unit). Franchot was commissioned colonel on August 23, 1862, and the <b>regiment</b> de- ployed on September <b>2</b>, assigned to <b>Sixth Corps</b>. Franchot&#39;s
    VE1vZc7GkFIC | Journal of the United States Artillery 1937 | ALL_PAGES | ... <b>Regiment</b> Strength Credit Hours Score <b>Corps</b> Area 6 . <b>6th</b> 67 3,418 61.31 Ninth 7 . 519th 54 2,650 51.01 Ninth 8 . 976th 46 2,270 49.15 Ninth 9 . 57th 70 2,273 47.30 Ninth 10 . 9
    OeqMAAAAQBAJ | The Fellers Called Him Bill (Book Ii) 2012-10-22 | PARTIAL | ... <b>Regiment second</b> only to Colonel Walbridge . The 1st Vermont Brigade ( comprised of the 2nd , 3rd , 4th , 5th , <b>6th</b> Vermont <b>Regiments</b> --along with the annoying 26th New Jersey 
    y79p3skvIZUC | House documents 1880 | ALL_PAGES | 
    sHU4AAAAIAAJ | Laws of the State of New York 1933 | NO_PAGES | ... <b>unpaid</b> for uniforms of the one hundred and <b>sixth</b> ambulance <b>corps</b> of the one hundred and <b>second</b> medical <b>regiment</b> of the New York national guard , purchased in the
    DeJhkANfmTIC | Woman's Work in the Civil War 1867 | ALL_PAGES | ... <b>Sixth</b> , Ninth , Fourteenth , Fifteenth , Seventeenth , and Twentieth army <b>corps</b> have been encamped about the capital . They numbered over <b>two</b> ... <b>unpaid</b> for the last <b
"paymasters will leave to-morrow" "City Point" | 309 total | 10
    H3JOAQAAMAAJ | The Journal of the Armed Forces 1894 | ALL_PAGES | ... <b>leave</b> . The third of the 1894-95 winter series of hops gotten up by the officers at West <b>Point</b> ... <b>city</b> , from a few weeks &#39; visit to Detroit , Mich . Lieut ... <b>to - mo
    dJAtAAAAIAAJ | The War of the Rebellion 1892 | ALL_PAGES | ... <b>CITY POINT</b> , VA . , November 11 , 1864 . Hon . EDWIN M. STANTON , Secretary of War : All the Northern papers of 10th ... <b>to - morrow</b> they <b>will</b> be making the best ar- rangement
    K9rv08nCJUUC | The War of the Rebellion: v. 1-53 [serial no. 1-111] Formal reports, b 1880 | ALL_PAGES | ... <b>to - morrow</b> they <b>will</b> be making the best ar- rangements they <b>can</b> to meet this move . Ų . S. GRANT , Lieutenant ... <b>paymasters</b> , and his staff are permitted to send them
    xE8rITbkZWcC | Official Records of the Union and Confederate Navies in the War of the 1896 | ALL_PAGES | ... <b>will</b> be sent to announce her sailing as if from Copenhagen , and she <b>will</b> ... <b>to - morrow</b> morning . You <b>will</b> dispatch him , in charge of all the Flor ... <b>point</b> o
    Hx440f3EVpYC | Report 1900 | ALL_PAGES | ... <b>will</b> embark <b>to - morrow</b> morning on transport now here . General Bates <b>is</b> with First Illinois on Berlin and Berkshire with 350 convalescents . <b>Leave</b> this a . m . for Mon
    naw0AQAAMAAJ | Armed Forces Journal International 1864 | ALL_PAGES | ... <b>City</b> . Robert H. Gillette , acting assistant <b>paymaster</b> , January 16 , 1865 , U S. steamer Gettysburg . Alfred S ... <b>to - morrow</b> . General Hatch has most kindly ordered all pro
Brice Meade paymasters "Sixth Corps" December 1864 | 13 total | 10
    Hnz1U6Mn4H0C | The United States Army and Navy Journal and Gazette of the Regular and 1867 | ALL_PAGES | ... <b>Corps</b> ) . The leave of absence on surgeon&#39;s certificate of disa- bility granted Captain John C. Conner , Forty ... <b>December 6</b> , 1867 , from this office , is hereby extended fifty
    naw0AQAAMAAJ | Armed Forces Journal International 1864 | ALL_PAGES | ... <b>corps</b> in the Army of the James . LIEUTENANT James <b>Meade</b> , Commissary of Musters , on Brevet Major - General Crawford&#39;s staff , having served his three years , has been mustered o
    UcwGAAAAYAAJ | Harper's Book of Facts 1895 | ALL_PAGES | 
    SOsNAAAAQAAJ | The Royal Kalendar and Court and City Register for England, Scotland,  1866 | ALL_PAGES | ... <b>December</b> 1 , 1844 , and has issue , Albert Victor Christian Edward , born Jan. 8 , <b>1864</b> , and Geo . Fd . Ernest ... <b>Corps</b> of Gentlemen at Arms , Lord Foley . Captain of Royal 
    IZ4FAAAAQAAJ | The British Almanac 1865 | ALL_PAGES | ... <b>December</b> 1 , 1844 , and has issue , Albert Victor Christian Edward , born Jan. 8 , <b>1864</b> . Alice Maud Mary , born April 25 , 1843 ; married July 1 , 1862 , to Prince Louis of Hesse - 
    hDZNAAAAcAAJ | Companion to the Almanac, Or Yearbook of General Information for ....  | ALL_PAGES | ... <b>December</b> 1 , 1844 , and has issue , Albert Victor Christian Edward , born Jan. 8 , <b>1864</b> , and Geo . Fd . Ernest ... <b>Corps</b> of Gentlemen at Arms , Lord Foley . 4 Ld . Chamberlai
googleapis requests 12
