CA 'Keith Halifax locomotives' 1864-08-01/1864-09-30 0
CA 'Gordon Bruce' 1864-08-01/1864-09-30 29
    1864-09-01 | ['new-york daily tribune (new-york [n.y.]) 1842-1866'] | http://www.loc.gov/resource/sn83030213/1864-09-01/ed-1/?sp=5
    1864-08-17 | ['new-york daily tribune (new-york [n.y.]) 1842-1866'] | http://www.loc.gov/resource/sn83030213/1864-08-17/ed-1/?sp=5
    1864-08-12 | ['new-york daily tribune (new-york [n.y.]) 1842-1866'] | http://www.loc.gov/resource/sn83030213/1864-08-12/ed-1/?sp=8
    1864-08-06 | ['daily ohio statesman (columbus, ohio) 1855-1870'] | http://www.loc.gov/resource/sn84028645/1864-08-06/ed-1/?sp=3
    1864-08-17 | ['cleveland morning leader (cleveland [ohio]) 1854-1865'] | http://www.loc.gov/resource/sn83035143/1864-08-17/ed-1/?sp=1
    1864-08-17 | ['chicago daily tribune (chicago, ill.) 1860-1864'] | http://www.loc.gov/resource/sn84031490/1864-08-17/ed-1/?sp=4
    1864-09-18 | ['new york dispatch (new york [n.y.]) 1863-1899'] | http://www.loc.gov/resource/sn85026214/1864-09-18/ed-1/?sp=5
    1864-09-24 | ['the cecil whig (elkton, md.) 1841-current'] | http://www.loc.gov/resource/sn83016348/1864-09-24/ed-1/?sp=2
    1864-09-22 | ['dodgeville chronicle (dodgeville, wis.) 1862-current'] | http://www.loc.gov/resource/sn85033019/1864-09-22/ed-1/?sp=2
    1864-09-24 | ['the new york herald (new york [n.y.]) 1840-1920'] | http://www.loc.gov/resource/sn83030313/1864-09-24/ed-1/?sp=3
    1864-09-30 | ['orleans independent standard (irasburgh, vt.) 1856-1871'] | http://www.loc.gov/resource/sn84022548/1864-09-30/ed-1/?sp=2
    1864-08-07 | ['the new york herald (new york [n.y.]) 1840-1920'] | http://www.loc.gov/resource/sn83030313/1864-08-07/ed-1/?sp=3
CA 'Keith rebel agent Halifax' 1864-08-01/1864-09-30 7
    1864-09-03 | ['chicago tribune (chicago, ill.) 1864-1872'] | http://www.loc.gov/resource/sn82014064/1864-09-03/ed-1/?sp=1
    1864-09-16 | ['bellows falls times (bellows falls, vt.) 1856-1965'] | http://www.loc.gov/resource/sn84022549/1864-09-16/ed-1/?sp=2
    1864-09-15 | ['the portland daily press (portland, me.) 1862-1921'] | http://www.loc.gov/resource/sn83016025/1864-09-15/ed-1/?sp=3
    1864-09-29 | ['the portland daily press (portland, me.) 1862-1921'] | http://www.loc.gov/resource/sn83016025/1864-09-29/ed-1/?sp=2
    1864-09-16 | ['burlington free press (burlington, vt.) 1827-1865'] | http://www.loc.gov/resource/sn84023127/1864-09-16/ed-1/?sp=2
    1864-08-01 | ['chicago daily tribune (chicago, ill.) 1860-1864'] | http://www.loc.gov/resource/sn84031490/1864-08-01/ed-1/?sp=3
    1864-08-13 | ['springfield weekly republican (springfield, mass.) 1851-1946'] | http://www.loc.gov/resource/sn83020847/1864-08-13/ed-1/?sp=8
