republicinranks0000zach | "Tammany Hall operative" | 1
    feared for his life. Felix McCloskey, a {{{Tammany Hall operative}}} and likely the agent in question, remarked
republicinranks0000zach | Dana Warren | 1
    Gouverneur K. {{{Warren}}}, soon to be- come one of the army’s staunchest pro-McClellan generals. {{{Warren}}} believed
    Introduction “The ‘Army of the Potomac,” declared {{{Warren}}} Lee Goss in Varren Lee Goss in 1890, “was the people
    learned of the episode, Brig. Gen. Napoleon J. T. {{{Dana}}} insisted on twenty dollars’ repayment from the Bay
    battlefields. Under the meticulous McClellanite Gouverneur {{{Warren}}}, Union troops won a small but significant victory
    political ambitions. In the Second Corps, where General {{{Warren}}} had wisely “all along suppressed’ the 112 ERASE
republicinranks0000zach | "ballot-box" | 1
    artillerists who had already dropped their votes in the {{{ballot box}}} immediately regretted it2™ Other regiments fell
    publication of regimental resolutions as a surro- gate {{{ballot box}}}. “[We] are unable to exercise the right of suffrage
    a valid fear. A strong party presence at the {{{ballot box}}} was typical of mid-nineteenth-century elec- tions
    assessment from home prior to marching to the {{{ballot box}}}.%° Pvt. William Martindell of the 119th Pennsylvania
    Summers, Plundering Generation; Bensel, American {{{Ballot Box}}} in the Mid- Nineteenth Century, esp. 158, 192
republicinranks0000zach | stuffer | 0
republicinranks0000zach | Seymour commissioners Fifth Corps | 0
republicinranks0000zach | "Fifth Corps" | 1
    UNION DEMOCRAT ° SOURCE {{{Fifth Corps}}} Provost 27 8 OR, vol. 42, part 3, 577 {{{Fifth Corps}}} 645 85 “More Soldiers
    against McClellan, first targeting Porter’s {{{Fifth Corps}}} north of the Chicka- hominy before shifting focus
    correspondence to advocate the step. A soldier in the {{{Fifth Corps}}} complained to loved ones at home how the army
    from Pennsylvania who filled out the Second and {{{Fifth Corps}}}. Then there was Pope’s army, which, as his- torian
    Willcox Norton, a mod- erate Republican in the {{{Fifth Corps}}}’ Eighty-Third Pennsylvania, approved of the proclamation
papersofulyssess0012gran | Seymour | 1
    makes recommendation, 465 {{{Seymour}}}, Horatio (Goy. of N.Y.), 370n, 442 {{{Seymour}}}, Truman (U.S. Army), 1487
    telegraphed to Halleck. “Can you not detail Gen {{{Seymour}}} to inspect in Arkansas. If not, I will detail Lt
    11:15 a.m., Halleck tele- graphed to USG. “Genl {{{Seymour}}} is a man of too many prejudices for the delicate
    of Ulysses S. Grant and man the forts. Governor {{{Seymour}}} has under a specious pretext ordered out his National
    would also ask for your recommendation to Governor {{{Seymour}}}, should you deem proper to give it—to secure the
papersofulyssess0013gran | "Sixth Corps" Ingalls | 0
papersofulyssess0013gran | Wright Sixth Corps December | 0
be-api requests 9
[follow-up] republicinranks0000zach | accosted | 1
    writing to the state’s Democrats that he had been {{{accosted}}} and feared for his life. Felix McCloskey, a Tammany
[follow-up] republicinranks0000zach | "feared for his life" | 1
    Democrats that he had been accosted and {{{feared for his life}}}. Felix McCloskey, a Tammany Hall operative
[follow-up] republicinranks0000zach | Tammany 1864 commissioners agents | 0
[follow-up] papersofulyssess0013gran | "Sixth Corps" | 0
