GB 'Boulware inauthor:Steers' 0
GB '"Boulware" "King and Queen" 1865 arrest' 1
    GvYpUeuPPrAC | The Lincoln Assassination | 2010-10-01 | ... <b>arrest</b> &amp; bring here the above named Wm . <b>Boulware</b> , near <b>King</b> &amp; <b>Queen</b> C. H. John A. Bingham <b>WILLIAM</b> BIRCH “ В ” 518 ( JAO ) <b>1865 William</b> Birch April 21st , <b>1865</b> ( 3 : 456-61 ) Mr.
GB '"arrest William Boulware"' 231
    XzwXAAAAYAAJ | Reports of Cases Argued and Determined in the Supreme Court of the Sta | 1871 | 
    UIkJxnoch94C | The Addresses and Messages of the Presidents of the United States, Ina | 1849 | ... William Hunter ( then chargé d&#39;affaires ) , minister to Brazil ; <b>William Boulware</b> , of Virginia , chargé d&#39;affaires to Naples . Considerable excitement prevailed in the United States during this year , in consequence of t
    9mcFAAAAQAAJ | The Addresses and Messages of the Presidents of the United States, Ina | 1846 | ... William Hunter ( then chargé d&#39;affaires ) , minister to Brazil ; <b>William Boulware</b> , of Virginia , chargé d&#39;affaires to Naples . Considerable excitement prevailed in the United States during this year , in consequence of t
    h58MAQAAMAAJ | The Presidents of the United States, Their Memoirs and Administrations | 1850 | ... William Hunter ( then chargé d&#39;affaires ) , minister to Brazil ; <b>William Boulware</b> , of Virginia , chargé d&#39;affaires to Naples . : Considerable excitement prevailed in the United States during this year , in consequence of
    jE4PAAAAYAAJ | The Statesman's Manual | 1854 | ... William Hunter ( then chargé d&#39;affaires ) , minister to Brazil ; <b>William Boulware</b> , of Virginia , chargé d&#39;affaires to Naples . Considerable excitement prevailed in the United States during this year , in consequence of t
    rtATAAAAYAAJ | The National History of the United States | 1855 | ... William Hunter ( then chargé d&#39;affaires ) , minister to Brazil ; <b>William Boulware</b> , of Virginia , chargé d&#39;affaires to Naples . Considerable excitement prevailed in the United States during this year , in consequence of t
    hLQTAAAAYAAJ | The Statesman's Manual | 1858 | ... William Hunter ( then chargé d&#39;affaires ) , minister to Brazil ; <b>William Boulware</b> , of Virginia , chargé d&#39;affaires to Naples . Considerable excitement prevailed in the United States during this year , in consequence of t
    DdgiYM4V7zgC | 1830-1846 | 1846 | ... William Hunter ( then chargé d&#39;affaires ) , minister to Brazil ; <b>William Boulware</b> , of Virginia , chargé d&#39;affaires to Naples . Considerable excitement prevailed in the United States during this year , in consequence of t
GB '"Boulware" Dana Halleck 1865' 0
GB '"Norwell" Boulware' 23
    eIMtleIPZV0C | Behavioral Neurobiology of Aging | 2012-04-15 | ... <b>Norwell</b> , MA , pp 1–8 Wise PM , Dubal DB , Wilson ME , Rau SW , Liu Y ( 2001 ) Estrogens : Trophic and protective ... <b>Boulware</b> et al .
    BZOJxwf6W_MC | Nitrogen in the Marine Environment | 2008-08-15 | ... <b>Norwell</b> , MA . pp . 497–529 . Dugdale , R. C. ( 1967 ) . Nutrient limitation in the sea : Dynamics , identification ... <b>Boulware</b> , N. J. , Zipperer , W. C. , Pouyat , R. V. , Band , L. E. , and Colosimo , M. F. ( 2002 ) . 
    mPtLEQAAQBAJ | Güvenlik Yönetimi Yaklaşımları | None | ... <b>Norwell</b>, MA: Kluwer Academic Publishers. Flamholtz, E. G., Das, T. K., &amp; Tsui, A. S. (1985). Toward an integrative ... <b>Boulware</b>, R. (2004). Encyclopedia of American Business. New York, NY: Facts On File. Fombrun, C. J,
    Mwlz0tllJnUC | Standard & Poor's Register of Corporations, Directors and Executives | 1973 | 
    f3pQAQAAMAAJ | The Chicago Daily News Almanac and Year Book for ... | 1913 | ... <b>Boulware</b> , Jefferson R. ( 1870 ) , politician , in Spring- field , Ili . , April 8 . Bowman , Edward M. ( 1842 ) ... <b>Norwell</b> , Mass . , March 8 . Egan , Dr. James A. ( 1859 ) , secretary Illinois state board of health , in
    wiQdAAAAMAAJ | Annual Register of the Alumnae Association of Smith College ... with R | 1967 | 
    HSw6AQAAMAAJ | Guernsey Breeders' Journal | 1919 | ... <b>Boulware</b> , Richburg , S. С. Billy of Halycon 50462 - H . Byron Scott to Charles F. Clippert , Detroit , Mich ... <b>Norwell</b> , Mass . Cyclop of Cor - Alfa Farm 50242 - M . S. &amp; C. A. Skaar to L. Jos . Chrs , Glenville , Mi
    tx8fAQAAMAAJ | The Troy Record Almanac and Year-book | 1914 | ... <b>Boulware</b> , Jefferson R. ( 1870 ) , politician , in Spring- field , Ill . , April 8 . Bowman , Edward M. ( 1842 ) ... <b>Norwell</b> , Mass . , March 8 . Egan , Dr. James A. ( 1859 ) , secretary Illinois state board of health , in
GB '"Boulware" Bingham "Judge Advocate" 1865 assassination' 1
    GvYpUeuPPrAC | The Lincoln Assassination | 2010-10-01 | ... <b>Boulware</b> King &amp; Queens county 5 miles west said to me, he was authorized by Secretary James A. Seddon CSA to say to ... <b>judge advocate</b> and assistant to Joseph Holt. <b>Bingham</b> handled most of the examination and cr
GB '"Thomas J. Campbell" Augusta arrest 1865' 74
    xFbbpKNM9icC | Annual Report | 1866 | ... <b>Thomas</b> F Tabor 44 2d Lieut Plymouth Dec 31 &#39;64 22 1st Sergt Bangor Jan 1 &#39;65 <b>Thomas J</b> Holmes 21 Sergeant Ellsworth ،، 1 Luther A Robbins 18 ،، <b>Augusta</b> ... <b>Campbell</b> 21 &quot; Hallowell May 11 Warren Ho
    qKvqCQAAQBAJ | Staff Officers in Gray | 2003-12-04 | ... <b>Campbell</b> Co. Addison , William A. Acting ADC to A. W. Reynolds , Apr. 1862 - Feb . 1863. Appears on a May <b>1865</b> list ... <b>Augusta</b> , 1891–1894 , and merchant there . d . Dec. 4 , 1902 . Alexander , Sydenham Benoni . b 
    naw0AQAAMAAJ | Armed Forces Journal International | 1864 | ... <b>Thomas</b> B. Lamb , 21st Ohio Volunteers ; special orders No. 8 , January 5 , <b>1865</b> , headquarters Department of the ... <b>J</b>. Young , from the command of the Naval Rendezvous , Brooklyn , N. Y. , and waiting orders ( on t
    Dg_MDAAAQBAJ | The Confederate Soldiers of Rockbridge County, Virginia | 2016-09-06 | ... <b>Augusta</b> Co. 1896 on pension application. d. 10/17/99. Bur. Mt. Carmel Presb. Ch. Cem. Brother of Daniel B., Jacob B ... <b>1865</b>–66. Returned to Rap- pahannock Co. d. there 11/21/78. Wood, Henry Nicholas Burnley. Captain, Co. 
    Zc0eBgAAQBAJ | The Encyclopedia of Northern Kentucky | 2014-10-17 | Paul A. Tenkotte, <b>James</b> C. Claypool. Rankins , Walter H. <b>Augusta</b> College . Frankfort , Ky .: Roberts , 1955 . MCGRADY , <b>THOMAS</b> ... <b>Campbell</b> Co. He was a friend of Wil- liam Francis Corbin , who lived on Washingto
    Mqlt2cCkisoC | The Story of Augusta | 1980 | ... <b>1865</b>. They stopped at the farmhouse of Mrs. E.J. Freeman , a widow , which ... <b>Thomas</b> . The first fruits of freedom was a school at Ellis and <b>Campbell</b> for ... <b>J</b>. Jenkins told the gathering that although beate
    CVE-AQAAMAAJ | Genealogical and Heraldic Dictionary of the Peerage and Baronetage of  | 1875 | ... <b>Thomas</b> Paston , of Norfolk ) his kinsman , GERALD , 14th earl , who m . Elizabeth , dau . of Christopher Nugent ... <b>arrest</b> , upon a charge of high treason , 4 June , 1798 . His lordship m . 27 Dec. 1792 , at Tournay , Step
    ELJXAAAAYAAJ | The City Record | 1879 | ... <b>Thomas</b> .. $ 100 00 Mar. 19 , Walter W. Adams ..... } Connors , Anne , as adm ... <b>Campbell</b> .. June 1 , Clarke , <b>John J</b> .. July 9 , Clarke , David . <b>Campbell</b> ... <b>1865</b> Oct. 14 , 1869 April 18 , 1870 May 3
GB '"T. J. Campbell" receiver Knoxville arrested 1865' 1
    CZ4wAQAAMAAJ | Science Citation Index | 1994 | 
GB '"confiscating officer" Knoxville Campbell' 54
    9lEhEQAAQBAJ | Marking Native Borders | 2025-05-27 | ... <b>Campbell</b>, a current Tennessee judge and the former surveyor of the 1792 line of experiment, and evicted him and his ... <b>Knoxville</b> Gazette. The arrest shocked <b>Campbell</b>, so convinced was he of his right to Native land
    u9Y2AAAAIAAJ | South Western Reporter. Second Series | 1947 | ... <b>confiscation</b> and sale of the automobile , Wells brings error . in the same ... <b>Knoxville</b> , for plaintiff in error . fendant in error . <b>CAMPBELL</b> , Special ... <b>officer</b> or other person making the seizure shall p
    2hvmGy7_4xAC | The Congressional Globe | 1856 | ... <b>confiscation</b> of said bark and brig by the Spanish authorities ; which was re- ferred to the Committee on the Judiciary , and ordered to be printed . Mr. WALKER . I move that the House do now adjourn . Mr. <b>CAMPBELL</b> , of Ohi
    RM-XtMcfu7oC | The History, Civil, Political and Military, of the Southern Rebellion | 1861 | ... <b>officer</b> in the Federal army in the Shenandoah Valley , wrote from Har- risonburg , Virginia : &quot; I sent you , a few ... <b>Knoxville</b> Register of April 20th , 1862 : &quot; Yesterday afternoon the streets of <b>Knoxville</
    c0aTWegf9_EC | The Papers of Andrew Johnson | 1967 | ... <b>Campbell</b> , is <b>confiscating</b> the property of Union men who have come into Kentucky , and he shows no quarters to their ... <b>Knoxville</b> and Sullivan County resident and prior to the war an engineer on the East Tennessee 
    G5haAAAAYAAJ | The Black Diamond | 1917 | ... <b>Knoxville</b> , Tennessee , was a Chicago visitor this week . On March 8th ... <b>confiscated</b> a lot of coal belonging to a western shipper . Complaint was ... <b>Campbell</b> , John P. Hopkins , W. J. Louderback , John S. Field ,
    ucLzpOp57lIC | The Congressional globe | 1856 | ... <b>confiscation</b> of said bark and brig by the Spanish authorities ; which was re- ferred to the Committee on the Judiciary , and ordered to be printed . Mr. WALKER . I move that the House do now adjourn . Mr. <b>CAMPBELL</b> , of Ohi
    Ivx2AAAAMAAJ | The War of the Rebellion | 1971 | ... <b>KNOXVILLE</b> , May 2 , 1864 . One of General Carter&#39;s scouts reports that all ... <b>CAMPBELL</b> . GENERAL. ORDERS. ,. } HDQRS . DISTRICT OF KENTUCKY , Lexington , May ... <b>confiscated</b> , will be arrested and reported to t
GB '"Campbell" "confiscating officer" "Rebel Government"' 327
    5z9GAQAAMAAJ | Reports of Cases Argued and Determined in the Supreme Court of Appeals | 1891 | ... <b>Campbell</b> , Jr. , an enemy of the State of West Virginia ; and that <b>Campbell</b> ... <b>officer</b> in the <b>rebel</b> army , and that he had property and claims subject to ... <b>government</b> of the land : there- fore , Be 
    Yafd6WMgy-QC | The War of the rebellion: a compilation of the official records of the | 1894 | 
    _OUKAQAAMAAJ | Reports of Cases Decided in the Supreme Court of Appeals of West Virgi | 1906 | ... <b>Campbell</b> , Jr. , an enemy of the State of West Virginia ; and that <b>Campbell</b> ... <b>officer</b> in the <b>rebel</b> army , and that he had property and claims subject to ... <b>government</b> of the land ; there- fore , Be 
    Hl0tAQAAMAAJ | The War of the Rebellion | 1971 | ... <b>confiscated</b> prop- erty shall , at the least , bear the additional cost ; and that ... <b>Government</b> . Judge <b>Campbell</b> thought it not impossible that the <b>rebel</b> ... <b>officer</b> . * CHAP . LVIΠ . ) 593 CORRESPOND
    Ca4BAAAAMAAJ | The Works of James Abram Garfield | 1882 | ... <b>officers</b> under , proscribed by <b>Rebel government</b> , 237 ; opposes Hali- fax ... <b>Campbell</b> , Alex . , of Ill . , on money , ii . 253 . <b>Campbell</b> , J. A. , on ... <b>taking</b> , 443 , 450 ; basis of rep- resentati
    t_ENAAAAQAAJ | A list of the general and field-officers, as they rank in the army [&c | 1886 | ... <b>Campbell</b> ; and , as Brigade Major or D. A. Adj . General to the Troops ... <b>Government</b> ) . 14 Lieut . General J. L.Vaughan served the Gwalior campaign ... <b>rebel</b> forces under Khan Alie Khan , on the 31st August 1858 ,
    QdhiAAAAcAAJ | A comprehensive history of India civil, military and social, from the  | 1874 | ... <b>officer</b> , 654 ; Havelock advances into , and reaches the residency , 654 ... <b>Campbell</b> places himself at the head of a more powerful relieving force , 657 ... <b>rebel</b> Afghan chiefs , 406 ; offers a reward for the appre
    vfO-UAZ3BzIC | Appletons' Annual Cyclopaedia and Register of Important Events | 1896 | ... <b>Government</b> continually increased its forces , arming the inhabitants of Cauca , An- tioquia , Bolivar , and Magdalena . The <b>rebel</b> ... <b>confiscated</b> , and the ... <b>Campbell</b> . Finances . The Treasurer&#39;s report
GB '"in excess of those now in" Sherman forage rail' 249
    Eug9AQAAMAAJ | Memoirs of Gen. W. T. Sherman | 1892 | ... <b>railroad</b> communication back to Beau- fort and Wilmington ) . If Lee lets us get <b>that</b> position , he is gone up . I will start with my Atlanta army ( sixty thousand ) , supplied as before , depending on <b>the</b> country fo
    rQDfAAAAQBAJ | The 26th Ohio Veteran Volunteer Infantry | 2010 | <b>The</b> Groundhog Regiment Jeffrey A. Hill. 308 Howard recalled <b>that</b> in addition, they “sent back everything <b>surplus</b>.” 309 <b>Sherman&#39;s</b> message was unmistakable. <b>The</b> army was to bring with <b>them</b> only wh
    v5q1UAdraeQC | Memoirs of General William T. Sherman | 1875 | ... <b>railroad</b> communication back to Beau- fort and Wilmington ) . If Lee lets us get <b>that</b> position , he is gone up . I will start with my Atlanta army ( sixty thousand ) , supplied as before , depending on <b>the</b> country fo
    gsMEAAAAYAAJ | Memoirs of General William T. Sherman | 1886 | ... <b>railroad</b> communication back to Beau- fort and Wilmington ) . If Lee lets us get <b>that</b> position , he is gone up . I will start with my Atlanta army ( sixty thousand ) , supplied as before , depending on <b>the</b> country fo
    -XMyLMHrpmQC | The Quartermaster Review | 1930 | ... <b>Sherman</b> started his march to Marietta , Gen- eral Wheeler with his Cavalry ... <b>now</b> had <b>the</b> possession of all roads to within six miles of Marietta . At ... <b>rail</b>- road to Acworth and Big Shanty was <b>now</b> 
    ay4OAAAAIAAJ | Memoirs of Gen. William T. Sherman | 1891 | ... <b>railroad</b> communication back to Beau- fort and Wilmington ) . If Lee lets us get <b>that</b> position , he is gone up . I will start with my Atlanta army ( sixty thousand ) , supplied as before , depending on <b>the</b> country fo
    R_hlAAAAcAAJ | Memoirs of General William T. Sherman by himself | 1875 | ... <b>railroad</b> communication back to Beau fort and Wilmington ) . If Lee lets us get <b>that</b> position , he is gone up . I will start with my Atlanta army ( sixty thousand ) , supplied as before , depending on <b>the</b> country for
    XCSNbd_lxx0C | Quartermaster Review | 1930 | ... <b>Sherman</b> started his march to Marietta , Gen- eral Wheeler with his Cavalry ... <b>now</b> had <b>the</b> possession of all roads to within six miles of Marietta . At ... <b>rail</b>- road to Acworth and Big Shanty was <b>now</b> 
GB '"forage can be supplied by rail"' 3
    8ao8LVfQj7oC | The War of the Rebellion: v. 1-53 [serial no. 1-111] Formal reports, b | 1890 | ... <b>forage can be supplied by rail</b> . We ought , if possible , to have our allowance of wagons on hand to be ready to move at any moment . Very respectfully , W. J. HARDEE , Lieutenant - General . HEADQUARTERS HARDEE&#39;S CORPS , Maj
    M-3zRAYh5r0C | The War of the rebellion: a compilation of the official records of the | 1890 | 
    TZEtAAAAIAAJ | The War of the Rebellion | 1890 | ... <b>forage can be supplied by rail</b> . We ought , if possible , to have our allowance of wagons on hand to be ready to move at any moment . Very respectfully , W. J. HARDEE , Lieutenant - General . HEADQUARTERS HARDEE&#39;S CORPS , Nea
GB 'McCallum Whiton 1864 forage horses Sherman rail' 0
GB '"Whiton" McCallum "military railroads" 1864' 9
    fNVLAQAAMAAJ | The War of the Rebellion | 1900 | ... <b>Whiton</b> , in charge of the office , Washington , D. C. To these gentlemen and others who might be named I am indebted ... <b>MILITARY RAILROADS</b> OF Bvt . Brig . Gen. , Director and General Manager Mil . R. R. U. S. UNION AUTHOR
    lkQC9H7NLykC | The War of the Rebellion: v. 1-5 [serial no. 122-126] Correspondence,  | 1900 | ... <b>Military Railroads</b> from February 1 to June 30 , <b>1864</b> : From Louisville and Nashville Railroad From Louisville and ... <b>Whiton</b> , in charge of the office , Washington , D. C. To these gentlemen and others who might be 
    xTxHAQAAMAAJ | Testimony Taken Before the Judiciary Committee of the House of Represe | 1867 | ... <b>military railroads</b> , military division of the Mississippi , for the month of March , 1865 , is correct , and the sum ... <b>WHITON</b> , in charge .. Estimate for Captain F. J. Crilly , chief quartermaster of <b>military railroad
    f8QtAAAAIAAJ | The War of the Rebellion | 1900 | ... <b>Military Railroads</b> from February 1 to June 30 , <b>1864</b> : From Louisville and Nashville Railroad From Louisville and ... <b>Whiton</b> , in charge of the office , Washington , D. C. To these gentlemen and others who might be 
    SjNXAAAAcAAJ | House Documents | 1868 | ... <b>military railroads</b> , military division of the Mississippi , for the month of March , 1865 , is correct , and the sum ... <b>WHITON</b> , in charge .. Estimate for Captain F. J. Crilly , chief quartermaster of <b>military railroad
    GCjuAAAAMAAJ | Impeachment Investigation | 1867 | ... <b>military railroads</b> , military division of the Mississippi , for the month of March , 1865 , is correct , and the sum ... <b>WHITON</b> , in charge .. Estimate for Captain F. J. Crilly , chief quartermaster of <b>military railroad
    5gM1AAAAIAAJ | The Virginia Magazine of History and Biography | 1963 | ... <b>McCallum</b> , Director of U. S. <b>Military Railroads</b> . Its purpose , as has been seen , was to solicit <b>Whiton&#39;s</b> ... <b>1864</b>-1865 . Evidence of imprisonment on a charge of treason eluded him . And ... <b>Military 
    qNe_XkMoUA8C | The War of the rebellion: a compilation of the official records of the | 1902 | 
requests {'googleapis': 14}
