'Rucker': 120 hits: 10317 2218 5411 5784 5786 11337 5787 9712 9716 4205 8655 6934 5811 8660 8661 10354 9037 6108 9748 10364 10365 9338 9339 10372 9757 7225 7307 5603 10145 5605 10402 9087 2529 5614 5616 9382 5885 5887 9813 5633 10180 3405 4443 7734 3413 5904 7738 3415 7740 7746 4711 4712 8506 7753 5664 8514 8893 7761 9858 9860 5936 8530 8531 7774 5942 3276 5943 8535 2603 8910 5689 10230 9168 9873 9174 4894 5705 8927 8556 5710 5711 10253 4373 8561 5715 8563 8387 2634 5719 8567 9901 8569 7435 4383 8945 8572 8394 9906 10525 4528
'urgent necessity': 7 hits: 2212 2716 9319 5881 9813 5333 4529
'readyness': 1 hits: 9813
'truce boats': 4 hits: 7202 9813 7751 4359
'Rucker capacity': 7 hits: 5811 5616 9813 7738 7740 5710 8973
'Ingalls transports': 19 hits: 3127 2900 2924 7682 3790 10394 3233 3234 7734 10443 9142 6744 8532 10487 10525 10532 7828 7832 10541
requests 6
'urgent necessity': 7 hits: 2212 2716 9319 5881 9813 5333 4529
    2212 | Page [81] | it was supposed that eight or / ten thousand of your men could / be transferred daily in addition to / steamers there is a large ruffle / of swallow
    2716 | Page 238 | vigor Sherman has a breeching battery / of four thirty pound Parrotts at / work within eighty yards of the / chief fort in his front McPherson / has
    9319 | Page 11 | such were the views of the Govt / here perhaps we re misinformed as to / the facts If so the delay could / be explained nothing in my supper was / i
    5881 | Page 337 | Ft Monroe Jan. 18 - 1865 / S. H. Beckwith City Point  / Alice for Jersey blubber zodiac your wranglam just rec'd. There / is an urgent necessity f
    9813 | Page 147 | Bickford  Washn Aug 6th 1864 / Anna for Palermo In galls vermont stop I have / whimpered to secure in Baron Grammar & Girdle waltz / boats in addi
    5333 | Page 201 | Recd 12m 22nd / 1130am / Morristown Tenn. Sept 21.1863. / via Cumberland Gap 22d / Sept twenty first for Genl Halleck Your / dispatch of 20th recd - B
    4529 | Page 88 | 1050 AM  / McCaine Cumberland Md  Annapolis Md Apr 13th 1864  / Annapolis Apr 13th 10 A. M. For Gen Sigel . Your / dispatch of yesterday is receiv
'truce boats': 4 hits: 7202 9813 7751 4359
    7202 | Page 404 | Continued / B period Recd 2.30 P. M. paragraph I / will therefore require the reinforcements signed / W. H. French Maj. Gen How where /  /  / 6.20 P. M 
    9813 | Page 147 | Bickford  Washn Aug 6th 1864 / Anna for Palermo In galls vermont stop I have / whimpered to secure in Baron Grammar & Girdle waltz / boats in addi
    7751 | Page 93 | 1225 AM 6th  City Point Feb 5 1865 / 1130 PM, 5th Secy of War Will you please say to the President  / that Lieut Markbrit has been released from
    4359 | Page 210 | Ft. Monroe July 5 / 63 / Maj Eckert Di / from white house fifth Arabia many / thanks for the glorious news I / am watching with great anxiety to / hea
'Rucker capacity': 7 hits: 5811 5616 9813 7738 7740 5710 8973
    5811 | Page 267 | Ft Monroe Nov 28 / 64 / SH Beckwith / City Point / Florence Jupiter I will await your cumming / and notify thadmirl unity please wrangle me / when you
    5616 | Page 72 | prolong spit Zodiac Kingston same zebra flag propellers Pekin / Rebecca Barton pedlar May flower a sea steamer pedlar / leader Pekin Wallace ped
    9813 | Page 147 | Bickford  Washn Aug 6th 1864 / Anna for Palermo In galls vermont stop I have / whimpered to secure in Baron Grammar & Girdle waltz / boats in addi
    7738 | Page 80 | 8.40 P. M / 7.30 P. M / Hon Edwin M. Stanton  City Point Va Jany 31st 1865  / Secy of War. / On my arrival this morning I received / letters from Mess
    7740 | Page 82 | to receive or to submit propositions which may / possibly lead to the attainment of that / end Sigd Alex H Stephens R M. T. / Hunter & JA Campbell
    5710 | Page 166 | Ft Monroe May 28 1864 / R OBrien Hd Qrs Gen'l Butler / Francis harrow platina Knave and Maxim the Galway & blossom / & the garden & Catawba welsh 
    8973 | Page 81 | 940 pm  / R OBrien  Washn May 28th 1864 / Emily harsh platina for Knox unity Japans order was to / White house I cannot make any change zodiac Pro
requests 3
