GB '"Boulware" Seddon "King & Queen"' 1
    GvYpUeuPPrAC | The Lincoln Assassination | 2010-10-01 | ... <b>Seddon</b> , also made the remark that they , the Confed . Authorities , could at any time hire or employ a man to ... <b>Boulware</b> , near <b>King &amp; Queen</b> C. H. John A. Bingham WILLIAM BIRCH “ В ” 518 ( JAO ) 1865 William Birch April 21st&nbs
GB '"Boulware" "Dana"  assassination evidence' 1
    gHwsAAAAIAAJ | Trusts and Estates | 1950 | ... <b>Evidence</b>- Penna . - 141 Statute of Limitations Runs from Date of Ter- mination ... <b>Boulware</b> -162 Trend from Socialism - Significance of British Elections ... <b>Dana</b> Latham - 757 EXPENSES Cost of Ancillary Administration Charged to&nbsp;.
GB '"Boulware" Halleck Richmond captured' 1
    cgBaAAAAYAAJ | Civil War Medicine | 1995 | ... <b>captured</b> with a number of oth- ers in the last engagement before <b>Richmond</b> ... <b>Boulware</b> , J. , Hospital Steward , 6th S.C. Vols . , on 9 - Mile Road , near ... <b>Halleck</b> , positioned a few miles north of Corinth , was completely ob
    xfF2AAAAMAAJ | The Siege of Suffolk | 1989 | Series centers on the battles, leaders, cities, and significant events associated with the history of the Civil War in Virginia. This volume details the battles of Suffolk.
GB '"Wm. Boulware"' 254
    Hh1OCe5c86cC | Kentucky Pioneer and Court Records | 1981 | ... <b>Wm . Boulware</b> , Fayette Co .. Will abstract Book A , page 77 , men- tions wife &quot; Nuttie , &quot; sons , John , Wm . Jacob ; daughters , Lucy Wortham , Frances Grubbs , Phebe Pemberton and Fannie . Grandson , Hyram Wortham . Dated Mch . 29&nbsp;
    fq1GAQAAMAAJ | Proceedings of the Grand Lodge of Kentucky ... | 1895 | ... <b>WM . BOULWARE</b> , Treasurer . A. R. TODD , Senior Deacon . J. A. JACKSON , Junior Deacon . H. J. PENINGTON , Steward and Tyler . Masons . Lucas James , Maupin John W. , McWilliams O. C . , * Penington A. J. , Roark William , Stagner Henry&nbsp;...
    w_JHAQAAMAAJ | Reports of Cases Argued and Determined in the Supreme Court  | 1891 | ... <b>W. M. Boulware</b> for defendant in error . ( 1 ) The presentation by plaintiff of his claim to the assignee for allowance thereof did not operate to estop plaintiff from further prosecuting his foreclosure suit . ( 2 ) The mortgage was not&nbsp;...
    X0tMLh9eUgYC | The Missouri Yearbook of Agriculture | 1898 | ... <b>W. M. BOULWARE</b> , President . DADE . Agricultural and Mechanical Association . Organized 1886 ; grounds located at Lockwood ; date of exhibition 1897 , September 29 to October 1 ; number of stockholders , 165 ; total amount of stock&nbsp;...
    2K4aAAAAYAAJ | Cases Determined in the St. Louis and the Kansas City Courts | 1907 | 
    H6NBAQAAMAAJ | The American Stud Book | 1894 | ... <b>Wm . Boulware</b> , of King and Queen Co. , Va . , in the year 1845. He was unquestionably a pure Arabian . GIPSEY QUEEN , gr . m . , foaled 1877 ; owned by J. R. Nasworthy , Bridge View Stud , San Angelo , Tex . Imported 1882 , from Arabia&nbsp;...
    ZSQrAQAAMAAJ | American Journal, and Annals of Education and Instruction | 1877 | ... <b>Wm . Boulware</b> , professor ancient languages . Philip Leon , teacher of French . Washington Leverett , and D. J. Noyes , tutors . Number of alumni , 300. Congress has given $ 25,000 to the college . Con- siderable progress has been made&nbsp;...
    uyRCAQAAMAAJ | Reports of Cases Determined in the Supreme Court of the Stat | 1911 | ... <b>W. M. Boulware</b> and F. L. Schofield for appellant . The pleadings made a case of controversy sim- ply and purely as to the legal title to land . The court ruled : ( 1 ) That the question which of two claimants of adverse title at law was&nbsp;...
    W0otAQAAMAAJ | Reports of Cases Determined by the Supreme Court of the Stat | 1911 | ... <b>W. M. Boulware</b> and F. L. Schofield for appellant . The pleadings made a case of controversy sim- ply and purely as to the legal title to land . The court ruled : ( 1 ) That the question which of two claimants of adverse title at law was&nbsp;...
    jdMyAQAAMAAJ | History of Lewis, CLark, Knox and Scotland Counties, Missour | 1887 | ... <b>W. M. Boulware</b> , of Palmyra . Since he was admitted in 1870 he has been in successful practice at Canton , and made a specialty of real estate law , collections , and probate business . He was city attorney of Canton for two terms , and&nbsp;...
GB '"Boulware" "Judge Advocate General" 1865' 2
    xlYbAQAAIAAJ | Documents of the Assembly of the State of New York | 1873 | ... <b>JUDGE - ADVOCATE - GENERAL</b> . April 15 , <b>1865</b> .. March 7 , 1867 .. May May 10 ... <b>1865</b> .. March 23 , <b>1865</b> . March 25 , 1869 .. Dec. New York city 4 ... <b>Boulware</b> Matthew H. Burton ... Martin S. Kittenger Jan. 1 , 1871 .. 4 
    iK5yron86Y0C | Annual Report | 1872 | ... <b>JUDGE ADVOCATE - GENERAL</b> . Brigadier - General . JUDGE - ADVOCATES OF DIVISIONS . Jan. 1 , 1871 .. Feb. 15 , <b>1865</b> .. March 23 , <b>1865</b> ... <b>Boulware</b> May 9 , 1867 .. 9 3 Albany . Martin S. Kittenger .... June 21 , 1867 .. 32 8 Lockp
GB '"Boulware" "Norwell"' 23
    eIMtleIPZV0C | Behavioral Neurobiology of Aging | 2012-04-15 | ... <b>Norwell</b> , MA , pp 1–8 Wise PM , Dubal DB , Wilson ME , Rau SW , Liu Y ( 2001 ) Estrogens : Trophic and protective ... <b>Boulware</b> et al .
    BZOJxwf6W_MC | Nitrogen in the Marine Environment | 2008-08-15 | ... <b>Norwell</b> , MA . pp . 497–529 . Dugdale , R. C. ( 1967 ) . Nutrient limitation in the sea : Dynamics , identification ... <b>Boulware</b> , N. J. , Zipperer , W. C. , Pouyat , R. V. , Band , L. E. , and Colosimo , M. F. ( 2002 ) . Soil&nbsp;...
    mPtLEQAAQBAJ | Güvenlik Yönetimi Yaklaşımları | None | ... <b>Norwell</b>, MA: Kluwer Academic Publishers. Flamholtz, E. G., Das, T. K., &amp; Tsui, A. S. (1985). Toward an integrative ... <b>Boulware</b>, R. (2004). Encyclopedia of American Business. New York, NY: Facts On File. Fombrun, C. J, Tichy, N. M.&nbsp;.
    Mwlz0tllJnUC | Standard & Poor's Register of Corporations, Directors and Ex | 1973 | 
    wiQdAAAAMAAJ | Annual Register of the Alumnae Association of Smith College  | 1967 | 
    rg_PAAAAMAAJ | Bulletin | 1956 | 
    HSw6AQAAMAAJ | Guernsey Breeders' Journal | 1919 | ... <b>Boulware</b> , Richburg , S. С. Billy of Halycon 50462 - H . Byron Scott to Charles F. Clippert , Detroit , Mich . Billy ... <b>Norwell</b> , Mass . Cyclop of Cor - Alfa Farm 50242 - M . S. &amp; C. A. Skaar to L. Jos . Chrs , Glenville , Minn&nbsp;...
    Zp0VAQAAMAAJ | Dun's Healthcare Reference Book | 1996 | 
    f3pQAQAAMAAJ | The Chicago Daily News Almanac and Year Book for ... | 1913 | ... <b>Boulware</b> , Jefferson R. ( 1870 ) , politician , in Spring- field , Ili . , April 8 . Bowman , Edward M. ( 1842 ) ... <b>Norwell</b> , Mass . , March 8 . Egan , Dr. James A. ( 1859 ) , secretary Illinois state board of health , in&nbsp;...
    pWYiAQAAMAAJ | AB Bookman's Weekly | 1989 | ... <b>Norwell</b> . Dynamic Mental Laws for Succ . Liv . Owens . Cry of Kalahari Sawyer , John . Dialed In ; Jan Opperman Story Sorce , Rose . La Cucina <b>Boulware</b> , Marcus . Oratory of Negro Leaders Maple Street Book Shop 7523 Maple St. , New&nbsp;...
GB '"Boulware" Steers evidence arrest Bingham Holt' 0
GB '"Secretary of War directs that you arrest"' 5
    9ss9AAAAYAAJ | The War of the Rebellion | 1890 | ... <b>Secretary of War directs that you arrest</b> all newspaper correspondents in your command and keep them in confinement at Hilton Head until your operations against Charleston are concluded . He also directs that you take possession of the&nbsp;...
    E49pj5516hwC | The War of the Rebellion: v. 1-53 [serial no. 1-111] Formal  | 1890 | ... <b>Secretary of War directs that you arrest</b> all newspaper correspondents in your command and keep them in confinement at Hilton Head until your operations against Charleston are concluded . He also directs that you take possession of the&nbsp;...
    4Aaf1qn6JiwC | The War of the rebellion: a compilation of the official reco | 1890 | 
    V4aPFxX9k2MC | House documents | 1891 | ... <b>Secretary of War directs that you arrest</b> all newspaper correspondents in your command and keep them in confinement at Hilton Head until your operations against Charleston are concluded . He also directs that you take possession of the&nbsp;...
    E7jq-xQHydcC | House Documents | 1897 | ... <b>Secretary of War directs that you arrest</b> General A. S. Johnston if he returns from California by overland route . WINFIELD SCOTT . Hon . SIMON CAMERON . LOS ANGELES , CAL . , June 7 , 1861 . DEAR SIR : I am a resident of San José&nbsp;...
GB '"to report to the Judge Advocate General" Boulware' 211
    ukAB-sK6cAEC | Court-Martial Reports of the Judge Advocate General of the A | None | ... <b>tell Boulware</b> that it would be better for him to make a statement &quot; because the <b>court</b> would be more lenient with him if he did so &quot; ; and that if <b>Boulware</b> didn&#39;t believe him , to ask Thomas who had been in confine- ment a
    4ytEAAAAIAAJ | Court-martial Reports of the Judge Advocate General of the A | 1950 | ... <b>tell Boulware</b> that it would be better for him to make a statement &quot; because the <b>court</b> would be more lenient with him if he did so &quot; ; and that if <b>Boulware</b> didn&#39;t believe him , to ask Thomas who had been in confine- ment a
    F-hCAQAAMAAJ | Report of the Attorney General to the General Assembly of So | 1917 | ... <b>Report</b> of the Clerk of <b>Court</b> of <b>General</b> Sessions for York County , April Term , 1917 . Squire <b>Boulware</b> - Larceny Simp Fewell - Larceny Howard Choat - Murder 11..40 1 11 45 1 11 17 1 Willie Copeland - Larceny and breach of trust&
    PEktAQAAMAAJ | Reports of Cases Determined by the Supreme Court of the Stat | 1893 | ... <b>court</b> in sustaining it will not be reviewed . Appeal from Callaway Circuit <b>Court</b> . - HON . J. A. HOCKADAY , <b>Judge</b> . AFFIRMED . John M. Wood , <b>Attorney General</b> , for the State . I. W. <b>Boulware</b> , Bailey &amp; Tincher and Sn
    V85IAQAAMAAJ | Reports of Cases Argued and Determined in the Supreme Court  | 1881 | Missouri. Supreme <b>Court</b>. The State ex rel . The <b>Attorney General</b> v . Collier ... <b>Boulware</b> , Snell &amp; Flanagan for respondent . SHERWOOD , C. J. -The legal ... <b>judge</b> of probate , 200 of the voters and tax payers of the county , wh
    b8BPAQAAIAAJ | Court-martial Reports | 1950 | Holdings and Decisions of the <b>Judge Advocates General</b>, Boards of Review, and ... <b>Boulware</b> ( R. 29 ) . Sergeant Oren D. Thomas , prisoner at the Base ... <b>tell Boulware</b> that it would be better for him to make a statement &quot; because&nbsp;
    nlkwAQAAMAAJ | Report of ... Attorney General to the General Assembly of So | 1916 | ... <b>Report</b> of the Clerk of <b>Court</b> of <b>General</b> Sessions for York County , April Term , 1917 . 11 28 1 1 1 52 1 Squire <b>Boulware</b> - Larceny 11..40 1 Simp Fewell - Larceny Howard Choat - Murder 11..45 1 11..17 1 Willie Copeland - Larceny a
    19VKAAAAMAAJ | Documents of the Assembly of the State of New York | 1877 | ... <b>JUDGE</b> - <b>ADVOCATE</b> - <b>GENERAL&#39;S</b> DEPARTMENT . JUDGE - ADVOCATES OF DIVISIONS ... <b>Boulware</b> . Lewis P. Dayton . Edwin Hutchinson . Walter M. Fleming Carrington McFarland George E. McDonald .... John J ... <b>REPORT</b> OF THE ADJU
    7RpCAQAAMAAJ | Reports of Cases Determined in the Supreme Court of the Stat | 1913 | ... <b>general</b> intention and purpose of the deed should be rejected as repugnant . Agan v . Shannon , 103 Mo. 661 ; Thomson v . Thomson , 115 Mo. 56 ; Mitch- ener v . Holmes , 117 Mo. 185 ; Johnson v . <b>Boulware</b> , 149 Mo. 451 ; Johnson v&nbsp;...
    _ZxKAQAAMAAJ | Annual Report of the Attorney General for the State of South | 1941 | South Carolina. <b>Attorney General&#39;s</b> Office. South Carolina Honors Divorces ... <b>Judge</b> January 31 , 1942 . Mr. Walter W. Wilson , Jr. , 208 Pawling Ave ... <b>Boulware</b> , Route No. 4 , Newberry , S. C. My dear Mr. <b>Boulware</b> : Replying t
GB '"confiscating officer for the rebel government"' 330
    wSodLW1kh7oC | Confiscation of Rebel Property | 1864 | 
    vpkZAAAAYAAJ | A Digest of the Laws of Texas | 1870 | ... <b>government</b> is an impossibility , and so is a <b>government</b> without a State . Hence the recognized law that the actual ... <b>rebel officers</b> of States towards the United States were personal and not official , and for such relations they&nbsp
    HaZXAAAAcAAJ | A Digest of the Laws of Texas: containing laws in force, and | 1866 | ... <b>government</b> is an impossibility , and so is a <b>government</b> without a State . Hence the recognized law that the actual ... <b>rebel officers</b> of States towards the United States were personal and not official , and for such relations they&nbsp
    XNu2-QBa7DoC | Eighteen Months a Prisoner Under the Rebel Flag | 1889 | 
    eR1OAQAAIAAJ | A Digest of the Laws of Texas | 1873 | ... <b>government</b> is an impossibility , and so is a <b>government</b> without a State ... <b>rebel officers</b> of States towards the United States were personal and not ... <b>officer</b> of a railroad company , whose road runs westerly from New Orleans&n
    2x1lAAAAcAAJ | House documents | 1875 | 
    9B5OAQAAIAAJ | A Digest of the Laws of Texas | 1875 | ... <b>government</b> is an impossibility , and so is a <b>government</b> without a State ... <b>rebel officers</b> of States towards the United States were personal and not ... <b>officer</b> of a railroad company , whose road runs westerly from New Orleans&n
    oxzGuGpUANEC | Chronicles of the Great Rebellion Against the United States  | 1867 | ... <b>rebel Government</b> , which declared that the <b>officers</b> upon whom the lot fell should stand as hostages for the <b>rebel</b> privateersmen in prison at Philadelphia and New York . Colonels Corcoran , Lee , Cogswell , Wilcox , Woodruff , and Wood&
    NTlFAQAAMAAJ | Twentieth Century | 1891 | ... <b>Government</b> must be justified from this view or it But the priest is not and can not be an <b>officer</b> ... <b>rebel</b> flag . Even so , the Govern- ment can forbid the clerical garb , the ... <b>confiscated</b> church property , it forbids conven
    IRKBAAAAIAAJ | The Confiscation of Property During the Civil War | 1913 | ... <b>confiscation</b> , 45 ; placed in charge of Freedmen&#39;s Bureau , 47. See ... <b>officers</b> , 14 ; size and importance of the office in period of Civil War ... <b>rebel</b> property , 8 . CIVIL WAR , legal character of , 16 , 29 . CONFEDERATE <b>GOV
GB '"Thomas J. Campbell" Knoxville Thomas Nashville 1865 arrested' 46
    DEeXWg_9WhMC | History of Shelby County, Ohio | 1968 | ... <b>Campbell</b> ; promoted to 1st Lieutenant and Q. M. 2d Sergeant , Wm . H ... <b>1865</b> . Corporal , George M. Thompson ; promoted to 1st Lieutenant . Corporal ... <b>Knoxville</b> , Tenn . A. A. Lawrence . Cassius C. Wilson ; promoted to&nbsp;...
    x-FEAQAAMAAJ | History of Randolph County, Indiana | 1882 | ... <b>Thomas</b> Come MOMEN e . Tem el 1 Moved to <b>Nashville</b> March 16 , 1864. Marched ... <b>1865</b>. Moved to Washington City aud to Fort Fisher , near Wilmington , N. C. ... <b>Knoxville</b> , Tenn . , August 8 , 1864 ; <b>James</b> M. Gunckel , must
    AWlECwAAQBAJ | The First Georgia Cavalry in the Civil War | 2015-12-22 | ... <b>Knoxville</b> . Sent to Atlanta hospital then home , Fayette Co. , Ga . on furlough 6-27-62 . Died : <b>Campbell</b> Co. , Ga ... <b>J</b>. , Pvt . , C , Enlisted : 3-62 , On roll 4-6-1862 . Haynes , <b>James</b> M. , Pvt . , B , Enlisted : 3-62 , Dis&n
    6diMEQAAQBAJ | History of the Upper Peninsula of Michigan | 2025-10-06 | ... <b>Nashville</b> December 6 , 1864 . <b>Joseph</b> Redding . died at Tullahoma , Tenn . , June 7 , <b>1865</b> . Carl T. Hogland . died ... <b>Thomas</b> P. Felker , died at Savannah , Ga . , November 13 , 1864 . Adolph Sumner , died at Andersonville Decem
    8khEAQAAMAAJ | Report of the Adjutant General of the State of Kentucky | 1867 | ... <b>1865</b> , at Louisville , Kentucky . 13TH KENTUCKY INFANTRY , COMPANY D.- Privates &quot; Jasper Compton , Peter Compton ... <b>Thomas</b> Skaggs , &quot; who was transferred to the 6th Veteran Cavalry , to make good time lost by desertion , was&nbsp;.
    Y5oMSLzl18UC | History of the Upper Peninsula of Michigan | 1883 | ... <b>Nashville</b> December 6 , 1864 . <b>Joseph</b> Redding , died at Tullahoma , Tenn . , June 7 , <b>1865</b> ... <b>Thomas</b> P. Felker , died at Savannah , Ga . , November 13 , 1864 . Adolph ... <b>Campbell&#39;s</b> Station November 16 , 1863 . <b>Joh
    UyBecl6INWgC | Report of the Adjutant General | 1867 | ... <b>1865</b> , at Louisville , Kentucky . 13TH KENTUCKY INFANTRY , COMPANY D. - Privates &quot; Jasper Compton , Peter Compton ... <b>Thomas</b> Skaggs , &quot; who was transferred to the 6th Veteran Cavalry , to make good time lost by desertion , was&nbsp;
    pJ3E9PwXKOsC | History of Allegan and Barry Counties, Michigan | 1880 | ... <b>Knoxville</b> , &quot; pursued Longstreet&#39;s retreating army , and fought him at ... <b>Nashville</b> , where it arrived on the 26th of October . The Eighth was engaged ... <b>1865</b> , and was soon after paid off and disbanded at Jackson , Mich . n
    IrEKAAAAIAAJ | Official Roster of the Soldiers of the State of Ohio in the  | 1891 | ... <b>1865</b> , at <b>Knoxville</b> , Tenn . , by order of War Department . Frederick Gilb . <b>James</b> Brickett .. William M. Henry . .do ... 44 Sept. 5 , 1862 Peter Deerwester Farrier 33 Sept. 3 , 1862 3 yrs . Jacob Morganthaler . .... do .... 22 Aug. 30
    I9syAQAAMAAJ | Commemorative Historical and Biographical Record of Wood Cou | 1897 | ... <b>Knoxville</b> , Rocky Face , Burnt Hickory , township&#39;s pioneers , Andrew <b>Campbell</b> ... <b>Thomas</b> Harsha , a leading citizen there . A month later the young couple set ... <b>Nashville</b> , Fort Anderson and Wilmington . He was never woun
GB '"Campbell" receiver sequestration Knoxville arrested Augusta 1865' 0
GB '"for how many horses" forage rail Sherman 1864' 306
    YQB3AAAAMAAJ | The War of the Rebellion | 1985 | ... <b>1864</b>–3.30 р . т . Major - General <b>SHERMAN</b> , Tilton , Ga .: The moment I know ... <b>forage</b> . We heard from him last night . He sent out to the southeast and got ... <b>many</b> as he has captured . The losses in men thus far have been in&
    VvdMHgIiCOcC | House documents | 1892 | ... <b>any</b> living man , myself included . of M- 1 U. S. GRANT , Lieutenant - General .. WASHINGTON , September 12 , <b>1864</b>–4 р . т . Major - General <b>SHERMAN</b> , Atlanta , Ga .: Is your want of cavalry <b>horses</b> so pressing as to require an ex
    W5AnkpPedukC | The War of the rebellion: a compilation of the official reco | 1892 | 
    Nt2REQAAQBAJ | Silent Killer: Grant's Logistical Requirements | 2014-08-15 | ... <b>horse</b> shoeing facilities, to supply wagons was available. By October <b>1864</b>, eighteen <b>trains</b> a day were moving forward to the Army. “The daily consumption of supplies was enormous. In the matter of <b>forage</b> alone, the animals requir
    Nhx9EAAAQBAJ | The Mobile & Ohio Railroad in the Civil War | 2022-07-29 | The Struggle for Control of the Nation&#39;s Longest <b>Railway</b> Dan Lee. <b>horses</b> and mules and 1,500 contrabands, burned a tannery with two thou- sand hides, and took away from the enemy tons of <b>forage</b> and provisions for seven thousand men. He
    xWo_AQAAMAAJ | Harper's Pictorial History of the Civil War | 1862 | ... <b>Sherman&#39;s</b> army we shall not | march was not simply &quot; a big raid . &quot; It accomplished all the purposes of a attempt to ... <b>rail</b>- roads by which Georgia was connected with the Carolinas and with Vir- ginia , and to consume the&nbsp
    AzxNAAAAcAAJ | Harper's Pictorial History of the Great Rebellion | 1862 | ... <b>Sherman&#39;s</b> army we shall not | march was not simply &quot; a big raid . &quot; It accomplished all the purposes of a attempt to ... <b>forage</b> liberally on the country during the march . To this end , each bri- gade commander will organize a g
    34YUEgAAQBAJ | From These Honored Dead | 2026-10-06 | ... <b>trains</b> that entered the Wilderness in <b>May 1864</b>. The aggregate probably approached something like “4,300 wagons; 835 ambulances; 29,945 artillery, cavalry, medical and quartermaster <b>horses</b>; 4,046 private mounts and 22,528 mules for a&nb
    98s2AQAAMAAJ | The Athenæum | 1875 | ... <b>1864</b> , occur the following passages : - &quot; The army will <b>forage</b> liberally on ... <b>horses</b> , mules , waggons , &amp; c , be- longing to the inhabitants , the ... <b>Sherman</b> | for plain heroines . Miss &quot; Susie &quot; Dawnay , 
    R8uQmyOnEY4C | Atlanta Campaign Staff Ride | 2003 | ... <b>rail</b> lines . <b>Sherman</b> also mobilized thousands of militiamen from the Midwest for three month tours of duty to guard ... <b>1864</b> , 158,016 tons arrived in Nashville on 614 steamers and barges . A boatyard was established at Bridgeport&nbsp
GB '"horses in excess of" Sherman forage rail 1864 McCallum' 0
requests googleapis 14
