CA 'Stover Fort Lafayette books papers' 1864-03-01/1864-04-30 41
    1864-04-06 | ['mineral point weekly tribune (mineral point, wis.) 1859-1868'] | http://www.loc.gov/resource/sn86086769/1864-04-06/ed-1/?sp=1
    1864-03-11 | ['fremont journal (fremont, sandusky county [ohio]) 1853-1866'] | http://www.loc.gov/resource/sn85026050/1864-03-11/ed-1/?sp=2
    1864-04-16 | ['the daily register (wheeling, w. va.) 1863-1864'] | http://www.loc.gov/resource/sn86092517/1864-04-16/ed-1/?sp=3
    1864-04-02 | ['the nashville daily union (nashville, tenn.) 1862-1866'] | http://www.loc.gov/resource/sn83025718/1864-04-02/ed-1/?sp=1
    1864-03-26 | ['new-york daily tribune (new-york [n.y.]) 1842-1866'] | http://www.loc.gov/resource/sn83030213/1864-03-26/ed-1/?sp=6
    1864-04-16 | ['cleveland morning leader (cleveland [ohio]) 1854-1865'] | http://www.loc.gov/resource/sn83035143/1864-04-16/ed-1/?sp=1
    1864-03-05 | ['the shasta courier (shasta, calif.) 1852-1872'] | http://www.loc.gov/resource/sn82015099/1864-03-05/ed-1/?sp=4
    1864-04-16 | ['daily intelligencer (wheeling, va. [w. va.]) 1859-1865'] | http://www.loc.gov/resource/sn84026845/1864-04-16/ed-1/?sp=3
    1864-04-20 | ['mineral point weekly tribune (mineral point, wis.) 1859-1868'] | http://www.loc.gov/resource/sn86086769/1864-04-20/ed-1/?sp=1
    1864-04-15 | ['delaware gazette (delaware, ohio) 1855-1886'] | http://www.loc.gov/resource/sn83035595/1864-04-15/ed-1/?sp=3
    1864-03-02 | ['daily state sentinel (indianapolis, ind.) 1861-1865'] | http://www.loc.gov/resource/sn82015683/1864-03-02/ed-1/?sp=1
    1864-03-18 | ['daily state sentinel (indianapolis, ind.) 1861-1865'] | http://www.loc.gov/resource/sn82015683/1864-03-18/ed-1/?sp=4
CA 'Brady arrested Fort Lafayette navy' 1864-03-08/1864-04-15 7
    1864-03-28 | ['cleveland morning leader (cleveland [ohio]) 1854-1865'] | http://www.loc.gov/resource/sn83035143/1864-03-28/ed-1/?sp=1
    1864-03-31 | ['civilian & telegraph (cumberland, md.) 1859-1875'] | http://www.loc.gov/resource/sn83016179/1864-03-31/ed-1/?sp=1
    1864-03-18 | ['daily state sentinel (indianapolis, ind.) 1861-1865'] | http://www.loc.gov/resource/sn82015683/1864-03-18/ed-1/?sp=4
    1864-04-09 | ['the new york herald (new york [n.y.]) 1840-1920'] | http://www.loc.gov/resource/sn83030313/1864-04-09/ed-1/?sp=4
    1864-03-24 | ['new-york daily tribune (new-york [n.y.]) 1842-1866'] | http://www.loc.gov/resource/sn83030213/1864-03-24/ed-1/?sp=4
    1864-03-26 | ['chicago daily tribune (chicago, ill.) 1860-1864'] | http://www.loc.gov/resource/sn84031490/1864-03-26/ed-1/?sp=3
    1864-03-20 | ['chicago daily tribune (chicago, ill.) 1860-1864'] | http://www.loc.gov/resource/sn84031490/1864-03-20/ed-1/?sp=2
CA 'Olcott Brady arrest' 1864-03-08/1864-04-15 IncompleteRead(63036 bytes read, 1765102 more expected)
CA 'Marcia C. Day' 1864-02-01/1864-03-31 27
    1864-03-22 | ['new-york daily tribune (new-york [n.y.]) 1842-1866'] | http://www.loc.gov/resource/sn83030213/1864-03-22/ed-1/?sp=5
    1864-03-25 | ['the liberator (boston, mass.) 1831-1865'] | http://www.loc.gov/resource/sn84031524/1864-03-25/ed-1/?sp=3
    1864-03-22 | ['worcester daily spy (worcester [mass.]) 1850-1888'] | http://www.loc.gov/resource/sn83021205/1864-03-22/ed-1/?sp=1
    1864-03-26 | ['springfield weekly republican (springfield, mass.) 1851-1946'] | http://www.loc.gov/resource/sn83020847/1864-03-26/ed-1/?sp=3
    1864-03-24 | ['worcester daily spy (worcester [mass.]) 1850-1888'] | http://www.loc.gov/resource/sn83021205/1864-03-24/ed-1/?sp=1
    1864-03-21 | ['alexandria gazette (alexandria, d.c.) 1834-1974'] | http://www.loc.gov/resource/sn85025007/1864-03-21/ed-1/?sp=1
    1864-03-26 | ['the big blue union (marysville, kan.) 1862-1866'] | http://www.loc.gov/resource/sn84027640/1864-03-26/ed-1/?sp=1
    1864-02-28 | ['the nashville daily union (nashville, tenn.) 1862-1866'] | http://www.loc.gov/resource/sn83025718/1864-02-28/ed-1/?sp=1
    1864-03-19 | ['the big blue union (marysville, kan.) 1862-1866'] | http://www.loc.gov/resource/sn84027640/1864-03-19/ed-1/?sp=3
    1864-03-03 | ['the kenosha telegraph (kenosha, wis.) 1860-1888'] | http://www.loc.gov/resource/sn85033123/1864-03-03/ed-1/?sp=3
    1864-03-19 | ['new-york daily tribune (new-york [n.y.]) 1842-1866'] | http://www.loc.gov/resource/sn83030213/1864-03-19/ed-1/?sp=7
    1864-03-21 | ['evening star (washington, d.c.) 1854-1972'] | http://www.loc.gov/resource/sn83045462/1864-03-21/ed-1/?sp=1
CA 'Isle a Vache Van Vliet' 1864-02-01/1864-04-15 0
CA 'Stover permits Fort Lafayette' 1864-02-10/1864-04-15 36
    1864-04-14 | ['the cass county republican (dowagiac, mich.) 18??-1880'] | http://www.loc.gov/resource/sn85033611/1864-04-14/ed-1/?sp=3
    1864-02-22 | ['the daily register (wheeling, w. va.) 1863-1864'] | http://www.loc.gov/resource/sn86092517/1864-02-22/ed-1/?sp=2
    1864-02-22 | ['chicago daily tribune (chicago, ill.) 1860-1864'] | http://www.loc.gov/resource/sn84031490/1864-02-22/ed-1/?sp=1
    1864-03-06 | ['the new york herald (new york [n.y.]) 1840-1920'] | http://www.loc.gov/resource/sn83030313/1864-03-06/ed-1/?sp=6
    1864-02-22 | ['the new york herald (new york [n.y.]) 1840-1920'] | http://www.loc.gov/resource/sn83030313/1864-02-22/ed-1/?sp=3
    1864-02-24 | ['the daily register (wheeling, w. va.) 1863-1864'] | http://www.loc.gov/resource/sn86092517/1864-02-24/ed-1/?sp=3
    1864-04-02 | ['the portland daily press (portland, me.) 1862-1921'] | http://www.loc.gov/resource/sn83016025/1864-04-02/ed-1/?sp=2
    1864-03-16 | ['the new york herald (new york [n.y.]) 1840-1920'] | http://www.loc.gov/resource/sn83030313/1864-03-16/ed-1/?sp=3
    1864-03-11 | ['fremont journal (fremont, sandusky county [ohio]) 1853-1866'] | http://www.loc.gov/resource/sn85026050/1864-03-11/ed-1/?sp=2
    1864-03-05 | ['the new york herald (new york [n.y.]) 1840-1920'] | http://www.loc.gov/resource/sn83030313/1864-03-05/ed-1/?sp=6
    1864-02-25 | ['daily state sentinel (indianapolis, ind.) 1861-1865'] | http://www.loc.gov/resource/sn82015683/1864-02-25/ed-1/?sp=1
    1864-04-01 | ['the new york herald (new york [n.y.]) 1840-1920'] | http://www.loc.gov/resource/sn83030313/1864-04-01/ed-1/?sp=3
GB '"Marcia C. Day" "separate and distinct account"' 111
    2009-07-27 | Connect Level 2 Teacher's Edition | ... <b>days</b>. A CD1 , Track 17 B • Focus students &#39; attention on the photos of Roberto and Cindy . Explain that Roberto and Cindy have daily routines that are <b>different</b> from <b>Marcia&#3
    1882 | Studies in the Theory of Descent: The origin of the markings of caterp | ... <b>C</b> , except I female , which was var . B.3 EXP . 2. - On May 18th the first specimens ( 3 male <b>Marcia</b> ) were seen on ... <b>separate</b> bags on branches of Aster . The next <b>day</b
    1882 | On the seasonal dimorphism of butterflies | ... <b>C</b> , except I female , which was var . B.3 EXP . 2. - On May 18th the first specimens ( 3 male <b>Marcia</b> ) were seen on ... <b>separate</b> bags on branches of Aster . The next <b>day</b
    2025-07-09 | Studies in the Theory of Descent | ... <b>Marcia</b> , and all of the variety designated <b>C</b> , except I female , which was var . B. EXP . 2. - On May 18th the first ... <b>separate</b> bags on branches of Aster . The next <b>day</
    1882 | studies in the theory of decent | ... <b>C</b> , except I female , which was var . B.3 EXP . 2. - On May 18th the first specimens ( 3 male <b>Marcia</b> ) were seen on ... <b>separate</b> bags on branches of Aster . The next <b>day</b
    1874 | Papers Relating to the Foreign Relations of the United States | ... <b>Another</b> annoyance is , that a vessel may arrive here with a cargo and be in port a month , reload , and when the ... <b>Marcia C</b>. <b>Day</b> , of New York , arrived here from Cardiff on
    1874 | House Documents | ... <b>Another</b> annoyance is , that a vessel may arrive here with a cargo and be in port a mouth , reload , and when the captain goes to the custom - house to clear for sea , he may be told there i
    1871 | Papers Relating to the Foreign Relations of the United States [and Spa | 
    1873 | Papers relating to the foreign relations of the United States | ... <b>Another</b> annoyance is , that a vessel may arrive here with a cargo and be in port a month , reload , and when the captain goes to the custom - house to clear for sea , he may be told there i
    1924 | The Christian Leader | ... <b>day</b> young girls learned to bake bread and pies and were some help to their mothers ! Who ever heard in my <b>day</b> of a girl wanting three more hours of school work , any way ? Chemistry 
GB '"special expedition" "Marcia C. Day" Meigs' 4
    1997-03-21 | Lincoln The President, Volume One | ... <b>Meigs</b> , Montgomery <b>C</b>. , Union general , used to promote Seward&#39;s scheme , I ... <b>Marcia C</b>. <b>Day</b> , The , II , 140 . Marsh , George Perkins , minister to Italy ... <b>e
    1955 | Lincoln the President | ... <b>Marcia C</b>. <b>Day</b> , The , II , 140 . Marsh , Mathew S. , II , 335- Marshall ... <b>Meigs</b> , Montgomery <b>C</b>. , Union general , used to promote Seward&#39;s scheme , I ... <b>exped
    1976 | Springfield to Gettysburg | ... <b>Meigs</b> , Montgomery <b>C</b>. , Union general , used to promote Seward&#39;s scheme , I ... <b>Marcia C</b>. <b>Day</b> , The , II , 140 . Marsh , Mathew S. , II , 335- Marshall ... <b>exped
    1945 | Lincoln: Springfield to Gettysburg | ... <b>Marcia C</b>. <b>Day</b> , The , II , 140 . Marsh , Mathew S. , II , 335 . Marshall ... <b>Meigs</b> , Montgomery <b>C</b>. , Union general , used to promote Seward&#39;s scheme , I ... <b>expe
GB '"Van Vliet" "Marcia C. Day" 1864 charter' 4
    1976 | History of the State of Kansas | ... <b>C</b>. came to Kansas in the fall of 1870 , locating where he now resides . He ... <b>charter</b> member of the Lodge in El Dorado . He was married in Pennsylvania to ... <b>Marcia</b> A. Lelan
    1995 | Membership Directory | ... <b>Day</b> Care Center Director , First Church of Brethren , 2710 Kingston Road ... <b>C</b> , Altoona , PA 16602 , ( 814 ) 942-7638 . FLECK , Dale Meyer ; &#39;69 B S ... <b>Marcia</b> Kay ; &#39
    1883 | History of the State of Kansas, Containing a Full Account of Its Growt | ... <b>C</b>. came to Kansas in the fall of 1870 , locating where he now resides . He ... <b>charter</b> member of the Lodge in El Dorado , He was married in Pennsylvania to ... <b>Marcia</b> A. Lelan
    2010 | Haines ... Directory, San Jose, California, City and Suburban | ... <b>C</b> &amp; B CONSULTING ENGINEERS INC 1754 9181 - CAMPBELL BREAD BAKING 1070 ... <b>Marcia</b> 1859 KIRKMONT DR SJ 7033 DIEL Nancy 5358 LARCHWOOD DR SJ 7774 6125 ... <b>Van</b> Linda ADDRESS U
GB '"Stover" "books and papers" Olcott Fox 1864' 2
    1879 | The Annals of the War Written by Leading Participants North and South | this infamous ring of contractors and middlemen , and turned over their <b>books and papers</b> ... <b>Stover&#39;s</b> profits on oil contracts during one year . Without having bought a ... <b>1864</
    1996-08 | Annals of War | ... <b>books and papers</b> to me for examination . I employed additional clerks , had ... <b>Stover&#39;s</b> profits on oil contracts during one year . Without having bought a ... <b>1864</b> . Sir 
GB '"Brady" Olcott Fox "Fort Lafayette" 1864 arrest' 0
GB '"Is Brady connected"' 350
    2016-09-15 | Tom Brady vs. the NFL | ... <b>Brady</b> passed for 297 yards and three touchdowns. He <b>connected</b> with Moss nine times for 183 yards, including a beautiful 51-yard touchdown pass thrown perfectly to his receiver in tri
    1979 | Departments of State, Justice, and Commerce, the Judiciary and Related | ... <b>Related</b> Agencies. : F affidavit : <b>Is Brady</b> working on any personnel matters ? A : No , he doesn&#39;t seem to be . Q : <b>Is Brady</b> working on the budget ? A : He used to work on 
    1981 | Departments of State, Justice, and Commerce, the Judiciary, and Relate | ... <b>Is Brady</b> working on any personnel matters ? A : No , he doesn&#39;t seem to be . Q : <b>Is Brady</b> working on the budget ? A ... <b>connection</b> with an export of equipment to the Sovie
    1972 | The Annual Statistical Report of Receipts and Expenditures Made in Con | United States. Congress. Senate. <b>BRADY</b> CHARLES E <b>BRADY</b> HAROLD MR <b>BRADY</b> JAMES <b>BRADY</b> JAMES SCOTT <b>BRADY</b> JOE H <b>BRADY</b> JOE H <b>BRADY</b> JON E &amp; KATHERINE L CA
    1972 | The Annual Statistical Report of Receipts and Expenditures Made in Con | ... <b>BRADY</b> PARKE H AFTON VA FRIENDS OF SEN THURMOND 9/00/72 1 275 <b>BRADY</b> THOMAS R MRS EAST POINT GA FLETCHER THOMPSON FOR SEN COMM 10/04/72 1 200 <b>BRADY</b> WILLIAM T NEW YORK NY BUSINES
    1974 | The Annual Statistical Report of Receipts and Expenditures Made in Con | ... <b>BRADY</b> PARKE H AFTON VA FRIENDS OF SEN THURMOND 7/00/72 1 275 <b>BRADY</b> PARKE H AFTON VA FRIENDS OF SEN THURMOND 9/00/72 1 275 <b>BRADY</b> THOMAS R MRS EAST POINT GA FLETCHER THOMPSON FO
    1968 | Index to Names of Applicants in Connection with Published Complete Spe | 
    1888 | Proceedings in Connection with a Visit to Dublin of the Marquis of Rip | ... <b>Brady</b> , Cavan Charles <b>Brady</b> , T.c. , Granard James <b>Brady</b> , Belfast Rev. James <b>Brady</b> , P.P. , Drung James <b>Brady</b> , т.с. , Cavan John <b>Brady</b> , т.с. , Granard 
    1896 | Notes and Queries Historical and Genealogical, Chiefly Relating to Int | ... <b>Brady</b> commanded one of these hunting parties . Little apprehension of an ... <b>Brady</b> , in con- structing his tent , had accidently cut his knee with his ... <b>related</b> afterwards t
    1880 | The Geology of McKean County, and Its Connection with that of Cameron, | ... <b>Brady&#39;s</b> Bend anticlinal . During recent surveys it has been found to be broken up into a number of sub- basins by minor axes . The principle axis west of the Fifth is what has been call
CORE 'Ile a Vache colonization return 1864 Marcia C. Day' 121264533 ['Abraham Lincoln & the Colony on Ile-a-Vache', 'Portrait of the Very Rev. Dean Michael John Dwyer O.S.B., 1864 [picture] /', '[Supplementary Offense Report by J. C. Day #2]', '[Supplementary Offense Report by J. C. Day #2]', 'Decrease in Pneumococcal Co-Colonization following Vaccination with the Seven-Valent Pneum']
OA 'Ile a Vache colonization return 1864 Marcia C. Day' 2 ["Abraham Lincoln And Negro Colonization: The Ile A'vache, Hayti Experience, 1862-1864", "Île à Vache and Colonization: The Tragic End of Lincoln's “Suicidal Folly”"]
CORE 'Henry Steel Olcott Navy Department fraud investigation 1864' 11616263 ['Letter from the Olcott family to George Olcott, 6 February 1853', 'Letter from the Olcott family to George Olcott, 28 November 1852', 'Letter from George and Emily Olcott to George Olcott, 3 April 1853', 'Letter from the Olcott family to George Olcott, 6 February 1853', 'Letter from the Olcott family to George Olcott, 28 November 1852']
OA 'Henry Steel Olcott Navy Department fraud investigation 1864' 0 []
requests {'loc.gov': 6, 'googleapis': 6, 'core': 2, 'openalex': 2}
