E612 | "Chief Quartermaster of Depot at Louisville" | whole | 0
E612 | "Ferry" "Del Vecchio" Louisville | whole | 10
  id railfan-railroad-oct-199520260220-134614
    by a Paducah & {{{Louisville}}} freight and then powering a P&L coal train to {{{Louisville}}}. Once ferried to
    fund the {{{ferry}}} moves, other types of sponsorship are becoming possible (the Grand Opening {{{ferry}}} moves were
  id classicamericanr0003scha
    INDIANAPOLIS {{{LOUISVILLE}}} {{{Louisville}}} via the Pennsylvania Railroad’s Ohio River bridge. {{{Louisville}}} had eclipsed
    Hoboken and Manhattan. DL&W, Mike {{{Del Vecchio}}} Collection was the Hoboken {{{Ferry}}} Company, which traces its roots
  id railfan-railroad-aug-1991-images
    CARSTENS JAMES A. BOYD publisher editor MICHAEL J. {{{DEL VECCHIO}}}/associate editor BRUCE E. KELLY/associate editor
    Max R. Wallace, lighting by Jim Boyd and Mike {{{Del Vecchio}}}. Later that week, on Monday, May 6, engineer
  id railfan-railroad-dec-1996-images_202603
    to Nashvill CSX-Vol 3 Nashville to {{{Louisville}}} CSX-Vol 4 {{{Louisville}}} to Cincinnati CSX-Vol 5 Evansville
    publisher JAMES A. BOYD | editor MICHAEL J. {{{DEL VECCHIO}}}/associate editor E. STEVEN BARRY/associate editor
  id railfan-railroad-jul-1996-images
    Nashville . CSX-Vol 3 Nashville to {{{Louisville}}} . . CSX-Vol 4 {{{Louisville}}} to Cincinnati CSX-Vol 5 Evansville
    CARSTENS JAMES A. BOYD publisher editor MICHAEL J. {{{DEL VECCHIO}}}/associate editor E. STEVEN BARRY/associate editor
  id railfan-railroad-feb-1996-images
    Nashville . CSX-Vol 3 Nashville to {{{Louisville}}} . . . CSX-Vol 4 {{{Louisville}}} to Cincinnati Detroit Edison Coal
    On Ethics and Intemet ({{{Del Vecchio}}}), Sep95 30 On Gaining Elevaton ({{{Del Vecchio}}}), 5 30 On Public Relations
be-api requests 2
