"single and separate command will" | 14 total | 10
    8pyfv75RtDoC | The War of the Rebellion: v. 1-53 [serial no. 1-111] Formal  1891 | ALL_PAGES | ... <b>single and separate command will</b> , in my opinion , be a very bad arrangement . If Sheridan is placed in general command I pre- sume Hunter will again ask to be relieved . Whatever you decide upon I shall endea
    DootAAAAIAAJ | The War of the Rebellion 1891 | ALL_PAGES | ... <b>single and separate command will</b> , in my opinion , be a very bad arrangement . If Sheridan is placed in general command I pre- sume Hunter will again ask to be relieved . Whatever you decide upon I shall endea
    wb8NAQAAMAAJ | The Army in the Civil War 1885 | ALL_PAGES | ... <b>single and separate command will</b> , in my opinion , be a very bad arrangement . If Sheridan is placed in gen- eral command , I presume Hunter will again ask to be re- lieved . &quot; The President wrote to Gran
    PxbmCAAAQBAJ | The Shenandoah Valley In 1864 2004-08-01 | PARTIAL | ... <b>single and separate command will</b> , in my opinion , be a very bad arrangement . If Sheridan is placed in gen- eral command , I presume Hunter will again ask to be re- lieved . &quot; The President wrote to Gran
    CRhEAQAAMAAJ | Campaigns of the Civil War 1898 | ALL_PAGES | ... <b>single and separate command will</b> , in my opinion , be a very bad arrangement . If Sheridan is placed in gen- eral command , I presume Hunter will again ask to be re- lieved . &quot; The President wrote to Gran
    -UfZAgwJz7gC | Campaigns of the Civil War: Pond, G.E. The Shenandoah valley 1883 | ALL_PAGES | ... <b>single and separate command will</b> , in my opinion , be a very bad arrangement . If Sheridan is placed in gen- eral command , I presume Hunter will again ask to be re- lieved . &quot; The President wrote to Gran
    jmE6NiP9XuMC | House documents 1892 | ALL_PAGES | ... <b>single and separate command will</b> , in my opinion , be a very bad arrangement . If Sheridan is placed in general command I pre- sume Hunter will again ask to be relieved . Whatever you decide upon I shall endea
    Yn8TAAAAYAAJ | Campaigns of the Civil War: The Shenandoah Valley in 1864. B 1883 | ALL_PAGES | 
"flag of truce boats and the boats about" | 330 total | 10
    0MdCAAAAcAAJ | The history of the war against Russia 1856 | ALL_PAGES | ... <b>boats</b> , two of which were of no use : these could effect nothing . All Sir James Graham&#39;s tricky eloquence ... <b>flag of truce</b> . A <b>boat</b> was accordingly dispatched for that purpose , near Hango 
    4Aaf1qn6JiwC | The War of the rebellion: a compilation of the official reco 1890 | ALL_PAGES | 
    AIwzAQAAMAAJ | The Principles of International Law 1898 | ALL_PAGES | ... <b>Truce</b> . <b>Flags of Truce</b> . These are white <b>flags</b> used by one side as a signal ... <b>flag</b> , accompanied by a trumpeter , bugler or drummer , or also by a <b>flag</b> ... <b>boats</b> , and are 
    _ypRAQAAMAAJ | The Nation 1897 | ALL_PAGES | ... <b>Flag</b> all along the Coast . Hoisted the White <b>Flag</b> at the Main and stood up for Rochelle . At 10 sent two <b>boats</b> to ... <b>Truce</b> from a French schooner . At 8.30 <b>Truce</b> returned to Isle d
    DrtZAAAAYAAJ | The War of the Rebellion 1971 | NO_PAGES | ... <b>boats</b> , with a <b>flag of truce</b> aboard , proceed from the inner harbor , and when near the two wrecks off Fort Moultrie , stopped by the enemy&#39;s shot and remain stationary until one of the enemy&#39;s 
    gTlAAAAAYAAJ | Official Records of the Union and Confederate Navies in the  1906 | ALL_PAGES | ... <b>boats</b> to senior officer in obedience to signals . U. S. transport steamers came down and commenced to land troops on ... <b>flag of truce</b> . A <b>boat</b> was sent from the <b>flag</b> - <b>ship</b> Hartfor
    8ASqIMsVOiYC | Official Records of the Union and Confederate Navies in the  1907 | ALL_PAGES | ... <b>boats</b> to senior officer in obedience to signals . U. S. transport steamers came down and commenced to land troops on ... <b>flag of truce</b> . A <b>boat</b> was sent from the <b>flag</b> - <b>ship</b> Hartfor
    zCwZAAAAYAAJ | Harper's New Monthly Magazine 1864 | ALL_PAGES | ... <b>flag - of - truce boats</b> which we were kissed her withered cheek ; and the next day they left me alone . I watched the clouds in the azure sky , Fanciful shapes of castles grand , Floating over the sea and land
"estimated by General Rucker" | 355 total | 10
    mgQtAAAAIAAJ | Meat-type Hog Production and Marketing, Action Under Section 1959 | ALL_PAGES | ... <b>Rucker</b> . You are asking for $ 2,662,000 . You have seven line items . Proceed to make your presentation , please . <b>General</b> ... <b>estimated</b> at $ 55,000 . The third item is a supply and storage build
    3aDfAAAAMAAJ | Hearings 1959 | ALL_PAGES | ... <b>Rucker</b> . You You are asking for $ 2,662,000 . You have seven line items . Proceed to make your presentation , please . <b>General</b> ... <b>estimated</b> at $ 55,000 . The third item is a supply and storage b
    XShhX2hBLWEC | Military Construction Appropriations for 1960 1959 | ALL_PAGES | ... <b>Rucker</b> . You are asking for $ 2,662,000 . You have seven line items . Proceed to make your presentation , please . <b>General</b> ... <b>estimated</b> at $ 55,000 . The third item is a supply and storage build
    HBVEAQAAMAAJ | Military Construction Appropriations for 1960 1959 | ALL_PAGES | ... <b>Rucker</b> . You are asking for $ 2,662,000 . You have seven line items . Proceed to make your presentation , please . <b>General</b> ... <b>estimated</b> at $ 55,000 . The third item is a supply and storage build
    85H3hH2bWJgC | Military Construction Appropriations 1972 | ALL_PAGES | ... <b>General</b> YATES . Theoretically at the presently forecasted training load we could conduct them all at Fort <b>Rucker</b> ... <b>estimates</b> ? <b>General</b> YATES . I would like to make a <b>general</b> state
    3RhEAQAAMAAJ | Military Construction Appropriations for 1961 1960 | ALL_PAGES | ... <b>Estimated</b> design cost 100 $ 20,000 90 24,000 90 12,000 100 10,000 90 23,000 90 3,000 50 14,000 90 9,000 75 3,000 100 ... <b>General</b> SEEMAN . The requirements for the Army aviation emanate from Fort <b>Ruck
    cvxXAAAAcAAJ | Senate Documents 1871 | ALL_PAGES | United States Senate. under orders from Major <b>General</b> Donaldson , chief ... <b>General</b> D. H. <b>Rucker</b> addressed to the Secretary of War the following ... <b>estimated</b> at $ 6,000 , and it had been in u
    CnGJU19u1oQC | House documents 1877 | ALL_PAGES | copy of such consolidated department <b>estimates</b> . supported by one number of each post <b>estimate</b> ... <b>estimated</b> for by each company commander should , as a rule , be held subject ... <b>RUCKER</b> , Ass
"capacity of 19,000 infantry" | 317 total | 10
    nC_hEA-CMWQC | Report of the Quartermaster General of the United States Arm 1894 | ALL_PAGES | ... <b>infantry</b> . Water pumped from Rio Grande to 4 reser- voirs ; total <b>capacity</b> , 64,000 gallons ; thence distributed through pipes . Sewer system . Robinson , Fort , Nebr . - Latitude . 42 ° 40 ′ ; longitud
    PZodAQAAIAAJ | Annual Report of the Secretary of War 1894 | ALL_PAGES | ... <b>infantry</b> . Water pumped from Rio Grande to 4 reser- voirs ; total <b>capacity</b> , 64,000 gallons ; thence distributed ... <b>19,000</b> gallons <b>capacity</b> each , distributed . Natural drainage . San Die
    6nsqyfT9Fc8C | House documents 1895 | ALL_PAGES | ... <b>infantry</b> . Water pumped from Rio Grande to 4 reser- voirs ; total <b>capacity</b> , 64,000 gallons ; thence distributed ... <b>19,000</b> gallons <b>capacity</b> each , distributed . Natural drainage . San Die
    UaesAgAAQBAJ | Ottoman Wars, 1700-1870 2014-01-14 | PARTIAL | ... <b>army</b> in Damascus assumed authority over the governors . Müşir Namık Pasha served in that <b>capacity</b> from 1844-49 ... <b>19,000 infantry</b> , 4,000 regular cav- alry , and 2,000 artillerymen with 72 guns 
    cvE5AQAAMAAJ | Journal of the Military Service Institution of the United St 1882 | ALL_PAGES | ... <b>19,000 infantry</b> and 600 cavalry with 64 guns . In addition to the preceding a certain number of gen- darmes accompanied the march in their <b>capacity</b> as “ police officers &quot; amongst the troops and wit
    R3MmAQAAIAAJ | Journal 1882 | ALL_PAGES | ... <b>19,000 infantry</b> and 600 cavalry with 64 guns . In addition to the preceding a certain number of gen- darmes accompanied the march in their <b>capacity</b> as “ police officers &quot; amongst the troops and wit
    VLgluLPP-psC | Army and Navy Register 1954-07 | NO_PAGES | 
    0CL6dC1r0GgC | Army-Navy-Air Force Register and Defense Times 1954 | NO_PAGES | ... <b>capacity</b> without pay , donating his salary to a recreational fund for high ... <b>Infantry</b> Division in Trieste as artillery commander and later was ... <b>19,000</b> . A majority of the expenditure , $ 13,
"kept in readiness for any necessary movement" | 353 total | 10
    F7lZAAAAYAAJ | The War of the Rebellion 1971 | NO_PAGES | ... <b>move</b> rapidly , or when wagons ... <b>readiness</b> to support him if he should be advancing on this side of Tucson . Unless it should be absolutely <b>necessary</b> ... <b>kept</b> as mobile and complete as po
    5SczF50oOigC | The War of the rebellion: a compilation of the official reco 1889 | ALL_PAGES | 
    5vBx0xhYoywC | House documents 1891 | ALL_PAGES | ... <b>kept</b> out of <b>the</b> way of troops and <b>the</b> communications , ready to <b>move</b> forward ... <b>readiness</b> to repel <b>any</b> attempt that may be made by <b>the</b> enemy to cross <b>the</b> ... <
    BQSqHFbqLfUC | Report of the Joint Committee on the Conduct of the War at t 1865 | ALL_PAGES | ... <b>kept</b> in camp and do not go to <b>the</b> river . &quot; <b>Each</b> corps will march with one battery and two ambulances to a division and <b>the</b> pack train of small ammunition . If <b>necessary</b> ... <b
    rkuqZuwWq8cC | The photographer's indispensable handbook: ed. by H. Sturmey 1887 | ALL_PAGES | Walter D. Welford Henry Sturmey. to make <b>the necessary movement</b> ; but for <b>all</b> ... <b>required</b> renders it worse than useless . OPTIMUS Patent .......... <b>THE</b> ... <b>kept in readiness</b> , <b>held<
    _OoCAAAAYAAJ | Papers Relating to the Foreign Relations of the United State 1871 | ALL_PAGES | 
    0MJYAAAAcAAJ | Papers relating to the foreign relations of the United State 1873 | ALL_PAGES | ... <b>any</b> other than their own acts . <b>The</b> acting executive , Mr. Pi y Margall ... <b>readiness</b> to <b>move</b> at a moment&#39;s notice . A large force of republican ... <b>kept the</b> way for <b>any nece
    Tlyxs0QQk6IC | Department of State Publication 1873 | ALL_PAGES | USA Department of State. been organized under <b>the</b> late monarchy by <b>the</b> ... <b>readiness</b> to <b>move</b> at a moment&#39;s notice . A large force of republican ... <b>kept the</b> way for <b>any necessary
"sent them all to City Point" | 351 total | 10
    UvodVXFzT5cC | The War of the Rebellion 1891 | ALL_PAGES | ... <b>City Point</b> , Va .: There has been no telegraphic communication with Harper&#39;s Ferry since yesterday , a little after noon ; but we learn through the rail- road company that Sigel had reached Maryland Height
    5euuFDTkXacC | The Papers of Ulysses S. Grant, Volume 12 1967 | PARTIAL | ... <b>you</b> will see <b>all</b> hopes of any offensive movement on his part are at an end ; and that <b>it</b> is now questionable , whether he can establish a line with his present force from the Welden road to the P
    w_B9DyPlIN4C | “A” Compilation of the Messages and Papers of the Presidents 1897 | ALL_PAGES | James Daniel Richardson. <b>You</b> will inform <b>them</b> that <b>all</b> propositions of theirs not inconsistent with the above will be ... <b>sent</b> to General Grant : WAR DEPARTMENT , Washington , D. C. , February
    l6sFAAAAQAAJ | Reports of Committees 1872 | ALL_PAGES | ... <b>city</b> . I had no intimacy with him at <b>all</b> . Q. How came <b>you</b> to be acquainted with the fact that Colonel Leet , early ... <b>Point</b> , in Virginia , during the third year of the war . I think <b>
    Cu4MAQAAMAAJ | The Political History of the United States of America 1876 | ALL_PAGES | ... <b>them</b> through our lines to Fortress Monroe , by such route and under such ... <b>all</b> the States . 2. No receding , by the Executive of the United States , on the slavery question , from the ... <b>City Poin
    Z2oqAAAAYAAJ | In the Senate of the United States, June 4, 1872... 1872 | ALL_PAGES | ... <b>city</b> . I had no intimacy with him at <b>all</b> . Q. How came <b>you</b> to be acquainted with the fact that Colonel Leet , early ... <b>Point</b> , in Virginia , during the third year of the war . I think <b>
    tUEOAAAAIAAJ | Personal Memoirs of U.S. Grant ... 1886 | ALL_PAGES | ... <b>all</b> communi- cations with the <b>city</b> , north of James River , should be cut off . The enemy having withdrawn the bulk of his force from the Shenandoah Valley and <b>sent it</b> south , or replaced troops 
    qqEyAQAAMAAJ | A Compilation of the Messages and Papers of the Presidents 1897 | ALL_PAGES | United States. President James Daniel Richardson. <b>You</b> will inform <b>them</b> that <b>all</b> propositions of theirs not ... <b>sent</b> to General Grant : Lieutenant - General GRANT , <b>City Point</b> , Va .: WA
"room for over 30,000 men" | 350 total | 10
    HfduJQAHN0wC | Unknown Man 2003-12 | PARTIAL | Judy Risley. pulled away and the <b>man</b> led them inside a <b>room</b> much smaller than the last . Hearing footfall <b>above</b> ... <b>over 30,000 men</b> , I hear , were either killed or injured . Maybe ... just ma
    mE7t9bWd0q4C | Federal Register 1957 | ALL_PAGES | ... <b>Men&#39;s</b> toilet ( off lobby ) . Storage <b>room</b> for trunks . Laundry distribution <b>room</b>.1 Employees &#39; toilet <b>room</b>.1 Boiler <b>room</b> ( if facilities not available else- where ) ... <b>r
    VamWwxXSG_gC | Hotel World 1927 | NO_PAGES | ... <b>room</b> , county seat of 5,000 pop- ulation . All <b>rooms</b> have water , steam heat , etc. , no competition ; nets <b>over</b> ... <b>30,000</b> cash handles . SOUTH - 75 <b>rooms</b> good town 6,500 ; 2 RRs .
    XiciabPgyw0C | The Forum 1891 | ALL_PAGES | ... <b>men</b> and women . Few villages are better fitted by nature for a college than ... <b>room</b> , reception <b>rooms</b> , and apartments for young women ; Mather hall , the ... <b>over 30,000</b> volumes , books 
    Opf1EXjfIccC | Men 1896 | ALL_PAGES | ... <b>Over</b> 20,000 druggists sell and guarantee No- To - Bac ; <b>over</b> 1,000,000 boxes ... <b>30,000 men</b> , carry on business all <b>over</b> the country . The latest and most ... <b>Rooms</b> , Hotels , Libra
    VKQhAQAAMAAJ | Chemist and Druggist 1897 | ALL_PAGES | ... <b>room</b> country are dispensed by unqualified <b>men</b> . Any error in this statement is on the side of moderation . I was apprenticed in a town of <b>over 30,000</b> inhabitants , of whom six were qualified chem
    OYPgAAAAMAAJ | Men who are Making America 1917 | NO_PAGES | ... <b>rooms over</b> a drug store . Inquiry elicited that the young <b>man</b> was held in ... <b>30,000</b> worth of the fuel and pocketed a net profit of <b>over</b> $ 20,000 ... <b>MEN</b> WHO ARE MAKING AMERICA.
    cu3K67v_AP4C | God's Word Handi-Size 2006-02 | NO_PAGES | ... <b>men</b> to cut down cedars from Lebanon for me . My workers will work with your ... <b>30,000 men</b> from all <b>over</b> Israel to work for him . 14 He sent a shift of ... <b>room</b> of the temple was the same 
Meigs Ingalls steamboats Baltimore Philadelphia "New York" "30,000 men" 1864 | 2 total | 2
    Ud8fejE_4XkC | Quartermaster Support of the Army, a History of the Corps, 1 1962 | ALL_PAGES | ... <b>New York</b> to obtain , if he could , 200 additional sailing vessels . <b>Meigs</b> pointed out that almost as much ... <b>30,000 men</b> ( later changed to 60,000 ) and grain for 35,000 animals . In addition , t
    7FH3wb1DqNIC | Quartermaster Support of the Army 1962 | ALL_PAGES | ... <b>New York</b> to obtain , if he could , 200 additional sailing vessels . <b>Meigs</b> pointed out that almost as much ... <b>30,000 men</b> ( later changed to 60,000 ) and grain for 35,000 animals . In addition , t
Meigs Ingalls "flag-of-truce boats" "Fort Monroe" August 1864 transports | 0 total | 0
Quartermaster General report 1865 Rucker steamers "City Point" "Sixth Corps" "Nineteenth Corps" transports Washington | 3 total | 8
    9b1OAQAAMAAJ | The Army & Navy Official Gazette 1865 | ALL_PAGES | ... <b>Quartermaster</b> Department of the Cum- berland , and will be respected accordingly . Special Orders , No. 59 , Chief <b>Quarter- master&#39;s</b> Office , Department Cumberland , May 24 , <b>1865</b> . The follo
    ePkVZ9RSsacC | Army & Navy Official Gazette 1865 | ALL_PAGES | ... <b>Quartermaster Sixth</b> Army <b>corps</b> , with the rank and pay of Lieutenant Col- onel . Special Orders , No. 254 , Adjutant <b>General&#39;s</b> Office , May 26 , <b>1865</b> ... <b>report</b> in person , with
    3vc-AQAAMAAJ | The United States Army and Navy Journal and Gazette of the R 1866 | ALL_PAGES | ... <b>report</b> , without delay , to the Com- JOURNAL , all facts of interest to the Navy , especially such as relate The band stationed at Jefferson Barracks , Mo. , will be transferred to Fort Laramie , Dakota Territ
    dAu_l5fJvKsC | Annual Report 1863 | ALL_PAGES | 
    H3Hc16G_Rf8C | Report of the Quartermaster General of the United States Arm 1901 | ALL_PAGES | Provides information regarding fiscal matters, transportation, clothing, equipment and other supplies of the Army; also discusses the maintenance of supplies and national military cemeteries as well as the activities of 
    A-bCGwAACAAJ | Report of Maj. General Thos. S. Jesup 1854 | NO_PAGES | 
    fU_FOY7U2u8C | Q.M.C. Historical Studies 1944 | ALL_PAGES | 
    KEcB0AEACAAJ | Report Of The Quartermaster General Of The United States Arm 1900 | NO_PAGES | 
Ingalls "capacity for carrying troops" transports 1864 | 5 total | 5
    uF5TyLj3CPoC | War of the Rebellion: A Compilation of the Official Record o 1893 | ALL_PAGES | ... <b>transports</b> , with statement of <b>capacity for carrying troops</b> , by mail this morning for your information . It shows that if all should be assembled at any one point there would be enough for a corps of 2
    wMAtAAAAIAAJ | The War of the Rebellion 1893 | ALL_PAGES | ... <b>transports</b> , with statement of <b>capacity for carrying troops</b> , by mail this morning for your information . It shows that if all should be assembled at any one point there would be enough for a corps of 2
    XRfbUOcH6S8C | The War of the rebellion: a compilation of the official reco 1893 | ALL_PAGES | 
    blA0RVEzFUIC | House documents 1893 | ALL_PAGES | ... <b>1864</b> — noon . Quartermaster - General : ( Received 9 p . m . ) About half of ... <b>transports</b> , with statement of <b>capacity for carrying troops</b> , by mail this ... <b>INGALLS</b> . Colonel SHARPE , O
    hcB2AAAAMAAJ | Towards an Indefinite Shore 1995 | NO_PAGES | ... <b>transports</b> dispersed . &quot; At noon he said , &quot; I have ordered the chief ... <b>capacity for carrying troops</b> . He thinks it can be done by Monday morning ... <b>Ingalls</b> &#39; requisition upon Me
googleapis requests 11
