CTL | "what point he should come for that purpose" | whole | 1
  id papersofulyssess0011gran
    rail road. Will you inform me to {{{what point he should come for that purpose}}} and furnish transportation for
E612 | "Ferry" "Robert Allen" Memphis Stanton arrest | whole | 10
  id papersofulyssess0009gran
    from {{{Memphis}}} to Grenada and all these Cars taken to {{{Memphis}}}, and our Cavalry could go into {{{Memphis}}} and
    Manuscript torn. To Edwin M. {{{Stanton}}} {{{Memphis}}} Ten. August 26th 1863, Hon. E. M. {{{STANTON}}}, SECRETARY OF WAR, WASHINGTON
  id papersofulyssess0006gran_p0o4
    arrival at {{{Memphis}}} to assume command, he hurried Major General William T. Sherman back to {{{Memphis}}}, with some
    centrate there we & {{{memphis}}} will both be threatened unless steele does some- thing {{{memphis}}} will be in danger
  id papersofulyssess0010gran
    are at {{{Memphis}}} going home to veteranize. I learn this from Gen’l Buckner commanding at {{{Memphis}}}. He got
    OFH. To Edwin M. {{{Stanton}}} From Pittsburgh, /. Dated, March 12 1864. Hon E. M. {{{STANTON}}}. Sherman has sent
  id papersofulyssess0006gran
    there we & {{{memphis}}} will both be threatened unless steele does some¬ thing {{{memphis}}} will be
    Union citizen of {{{Memphis}}}, permission to ship $7,000 worth of liquor to {{{Memphis}}}, with subject
  id descriptivebibli0000burt
    Gavis 097 7 230 {{{Memphis}}} and Charleston Railroad, 130 {{{Memphis}}} (Tenn.) Appeal, 232 {{{Memphis}}}, Tennessee, 26
    there are Davis letters to {{{Robert Allen}}}, Abraham Lincoln, Edwin M. {{{Stanton}}} (copy), Elihu B. Washburne
  id papersofulyssess0003gran
    M. {{{Stanton}}} about clothing, 432 Melvin, Ky., 114m {{{Memphis}}} (steamboat). See Belle {{{Memphis}}} Memphis
    the foot of Island 40. above {{{Memphis}}} and got her from {{{Memphis}}} towed up to me for that purpose
E612 | "J. H. Ferry" Memphis Louisville 1864 | whole | 10
  id capturedforfeite00unit
    Secretary of War, January 7, {{{1864}}}, and on the 12th January, {{{1864}}}, Captain McKim was instructed
    February, {{{1864}}}, in accordance with instructions contained in your letter of January 12, {{{1864}}}.” Lieutenant
  id per_pennsylvania-telegraph_pennsylvania-telegraph_1864-08-16_1
    ---71-1-4 ~__....- . . BY GEORGE BERGNER. RAILROADS. {{{1864}}}. {{{1864}}} Philadelphia and Erie Rail Road. - Trnsgreat
    Darling. Release of Ex-Mayor Parkl of • {{{Memphis}}}. ura% Aug. 15. The {{{Memphis}}} Bulletin says esMayorParks has beenreleased
  id sim_armed-forces-journal_1864-09-17_2_4
    Office, August 22, {{{1864}}}. Colonel R. E. Clary. {To {{{Memphis}}}, Tenn.| To proceed to {{{Memphis}}}, Tenn., to relieve
    General’s Office, August 24, {{{1864}}}. Colonel {{{J. H. Ferry}}}. [To {{{Louisville}}}, Kentucky.] To enter at once upon
  id CorcoranCuratorsJournaltranscription
    Dickens. Letter from P. A. Towne, Ky. Library {{{Louisville}}}, containing a photo of the Hebe, claimed to be
    Brother Maurilian of the Christian Brothers of {{{Memphis}}} Tenn. & Brother — of the Catholic School in K.
  id per_the-pittsburgh-commercial-14556_the-pittsburgh-commercial_1874-01-24_first-edition
    Clear, BBs w 3 LaCrosse. . Leavenworth. {{{Louisville}}}, Ky. {{{Memphis}}}, Tenn Nasbvile, Teno New Orleans. Omahs
    Vice Presiden t of the How- ard Association at {{{Memphis}}}, was arrested last nigbt on a charge of embezzling
  id corc_macleodjournaltrans1877
    Dickens. Letter from P. A. Towne, Ky. Library {{{Louisville}}}, containing a photo of the Hebe, claimed to be
    Brother Maurilian of the Christian Brothers of {{{Memphis}}} Tenn. & Brother — of the Catholic School in K.
E612 | "Ferry" "not satisfied with your conduct" | whole | 10
  id dispatchesdukew00wellgoog
    passage of troops, either in the way of bridge, or to {{{ferry}}} them over. ‘ J have the honor to be, &c. ‘ Vice
    service directed. ‘I shall pay the proprietor of the {{{ferry}}} boats any reasonable sum for the time they may be
  id outlawgold0000unse
    so many people wanted to cross the river and the {{{ferry}}}-boats were all so slow that there was a lot of impatient
    answered with a sigh. “Douglas is {{{not satisfied with your conduct}}}.” Decker said carelessly, “I know.
  id dikesandditches01optigoog
    the boat. At two o'clock all hands embarked in a {{{ferry}}}-boat, which conveyed them to the T^te de Flandre
    writing a few lines. " Duncan, I am {{{not satisfied with your conduct}}}." *' I am not satisfied with it myself
  id dikesditches00adam
    At two o’clock all hands embarked in a {{{ferry}}}-boat, which conveyed them to the Tete de
    few lines. “ Duncan, I am {{{not satisfied with your conduct}}}.” “ I am not satisfied with
  id dikesditchesoryo00opti
    At two o'clock all hands embarked in a {{{ferry}}}-boat, which conveyed them to the Tete de
    few lines. " Duncan, I am {{{not satisfied with your conduct}}}." " I am not satisfied with
  id dikesditchesoryo00optirich
    At two o'clock all hands embarked in a {{{ferry}}}-boat, which conveyed them to the Tete de
    few lines. " Duncan, I am {{{not satisfied with your conduct}}}." " I am not satisfied with
E612 | Mereness calendar Ferry Allen Louisville | whole | 2
  id b33398835_0005
    indebtedness, including his subscription for the current {{{calendar}}} year. Sec. 12. INFRACTIONS OF CONSTITUTION, BY-LAWS
    these reference books. They are as current as the {{{calendar}}}. Tice’s Medicine, Lewis’ Surgery, Brennemann’s
  id bwb_T3-BRL-425
    months of each {{{calendar}}} year nd one regular meeting in the last six (6) nonths of each {{{calendar}}} year at times
    Active Members may be prescribed for the ensuing {{{calendar}}} year in an amount recommended by the Board of
E621 | "Koontz" "Harper's Ferry" arms Garrett | whole | 0
E621 | "arms were sent from here" Garrett | whole | 0
E621 | Garrett Halleck "arms" "Harper's Ferry" "delayed" | whole | 10
  id warofrebellionco0037unit_n8n3
    J. W. {{{GARRETT}}}, President. War Department, July 3, 1864 — 4.40 p. m. John W. {{{Garrett}}}, Esq.,
    numbers. JOHN W. {{{GARRETT}}}, President. War Department, July 3, 1864. John W. {{{Garrett}}}, Esq., Baltimore
  id victoryroderails0000turn
    to humble {{{Garrett}}} as well as Baltimore. On May 2 he curtly notified {{{Garrett}}} 58 Victory
    expedition against the Federal arsenal at {{{Harper’s Ferry}}}. Still later in the night Presidents
  id victoryroderails0000unse
    with {{{Garrett}}}, it was not until late afternoon of April 17 that Thomson first called on {{{Garrett}}} at the
    purposed to humble {{{Garrett}}} as well as Baltimore. On May 2 he curtly notified {{{Garrett}}} 58 Victory Rode the
  id warofrebellion372unit
    J. W. {{{GARRETT}}}, President. War Department, July 3, 18G4— 4.40 p. m. John W. {{{Garrett}}}, Estp,
    immedi¬ ately. H. W. {{{HALLECK}}}, General-in- Chief. Headquarters, {{{Harper’s Ferry}}}, July 3, 1864 — 8
  id warofrebellion013702rootrich
    J. W. {{{GARRETT}}}, President. WAR DEPARTMENT, July 3, 18G4— 4.40 p. in. JOHN W. {{{GARRETT}}}, Esq.,
    numbers. JOHN W. {{{GARRETT}}}, President. WAR DEPARTMENT, July*3l, 1864. JOHN W. {{{GARRETT}}}, Esq., Baltimore
  id victoryroadrails0000geor
    with {{{Garrett}}}, it was not until late afternoon of April 17 that Thomson first called on {{{Garrett}}} at the
    purposed to humble {{{Garrett}}} as well as Baltimore. On May 2 he curtly notified {{{Garrett}}} 58 Victory Rode the
E620 | "Odell" "Tucker" "Niagara" Dix 1864 | whole | 10
  id newyorkcivillis00werngoog
    Nov., 1866 1848 {{{1864}}} 1867 1800 1848 1^1 {{{1864}}} 1867 1866 1848 1851 {{{1864}}} 1867 1860 1868 {{{1864}}} 1818 1861 1867
    1855 185-* 1861 1855 186U 4, {{{1864}}} {{{1864}}} 1857 1855 Ittfi^ 1865 {{{1864}}} 1853 1855 1861 JanV N<»v., N«iv
  id americanfallsnov00batc
    October 31-November 9, {{{1864}}} chapter i | John Oliphant at {{{Niagara}}} Falls, New York chapter
    Oliphant at {{{Niagara}}} Falls, New York 466 chapter ii | Amaziah Butter at {{{Niagara}}} Falls, New
  id indextoamericanp00harrrich
    12° !)?!). [{{{Dix}}} (J. A.),] 6. 1798. Dies Irae. Cambridge, 1863. 16° 980. {{{Dix}}}(S. A.). A Poem
    8° 981. {{{Dix}}} ( W. G.). The Deck of the Crescent City. Bost. 1852 16° 982. {{{Dix}}}(W. G.).
  id civillistconstit00wernuoft
    1853 15, 1853 3, 1861 3, 1861 5, {{{1864}}} 6, {{{1864}}} 20, {{{1864}}} 26, {{{1864}}} 23, 1866 6, 1869 8, 1871 15, 1876
    5, 1861 Jan. 30, 1862 April 12, {{{1864}}} April 12, {{{1864}}} Jan. 24, 1865 April 29, 1869 Feb.
  id indextoamerican01harrgoog
    1852. 1853. 1854. 1855. 185& 1857. 1859. 186a {{{1864}}}. 1863. {{{1864}}}. 1849. 8* 4* 8* 8* 8* 8* 8* 8* 8* 8* 8* 8*
    1848. 8" 981. {{{Dix}}}'^(W. G.). The Deck of the Crescent City. Bost. 1862 16" 982. {{{Dix}}}(W. G.). Pompeii
  id newyorkstatebusip2samp
    Bridge, {{{Niagara}}} {{{NIAGARA}}} HOUSE, Alva Cluck, {{{Niagara}}} Falls, rt Rever, F. C. Behr, {{{Niagara}}} Falls
    Allen Hedry T., {{{Niagara}}} Falls, {{{Niagara}}} Bowne Elizabeth, Oswego POOL JOHN L. {{{Dix}}} Samuel, 11 Front
E620 | "John Odell" "Beverly Tucker" | whole | 10
  id teachingchildtor0000bond
    Wash- ington and New York. There was competent {{{John Odell}}}, theatrical “Sergeant” Brandt, tough Tom Spear
    Washington City. On the night of March 15, detective {{{John Odell}}}, at the head of six other Baker operatives, invaded
  id deathtotraitorss0000moge
    outstanding Civil War patriot 12 DEATH TO TRAITORS {{{John Odell}}}, for telling me about his grandfather’s record
    candidates for the perilous job before he hit upon {{{John Odell}}} as the type of man Lincoln sought to bring him
  id RFHS1971Images
    Jane Snellgrove, Nancy Anderson, Diane Julian, {{{John Odell}}}. Left—D. Hooper, K. Hall, F. Wischman, T. Ready
    Virginia Tibbits Ramona Trinosky Thelma Trojan {{{Beverly Tucker}}} Lynn Turner Steve Vale Stanley Vandiver Patricia
  id per_daily-sentinel_the-daily-sentinel_1872-04-31_7_205
    engag’ug board wil) please address the Propen uns. {{{BEVERLY TUCKER}}} & SONS july 7-tf Tu SUPERIOKITY OF THEUNRIVAL
    Wilhaw’ Ocell. ieewen years, by his @uardian, {{{John Odell}}}, brenght suit against Kolb, for the murder of
  id per_clearfield-republican_clearfield-republican_1861-03-20_1
    appointed Consul to Liver- pool, in place of {{{Beverly Tucker}}}, of Vjr. ginia, rmovd. Salary 7,5W, H.r.-.l-
    - Li. of tlio LuteH fclylcfl at il, W. CO s, {{{JOHN ODELL}}}, IJPnOLSTER AND CAPRI AGE TUHI. WER, Li'JCdUd
  id sim_houston-business-journal_1991-07-22_21_9
    Fischel Thompson production manager. addition, {{{Beverly Tucker}}} has been promoted account executive and David
    Speedway, No. 1711, Houston 77098. INCORPORATOR(S): {{{John Odell}}}. CAPITAL STOCK: 1,000,000 NPV. CORPORATION: Dynamic
E620 | "sufficient discretion" "Niagara" | whole | 10
  id per_papers-of-the-naacp_group-ii-series-a-general-office-file-r-herbert_1950-1955
    interest. I refer to the {{{Niagara}}} power development project. As all of you know, {{{Niagara}}} Falls is not only our
    today, because {{{Niagara}}} Falls is the best power site in the United States, The {{{Niagara}}} River drops a distance
  id restorationofgre0000spro
    at {{{Niagara}}} was opened in 1881, the first Ca¬ nadian one in 1893. Subsequently, {{{Niagara}}} hydroelectric
    primary user of the water of the {{{Niagara}}} River. The non-{{{Niagara}}} hydroelectric systems are generally
  id reelectionofmrli00unse
    tumultuous elections, and want of {{{sufficient discretion}}} in the poorer voters, it was now
    Milanese assistant whom he carried over {{{Niagara}}}. The Mi- lanese had broken down in his affairs
  id micro_IA41152840_0878
    general matter, the bills appear to provide {{{sufficient discretion}}} to the Commission to work out the practicali-
    REASONABLENESS. FURTHER, THE BILLS APPEAR TO PROVIDE {{{SUFFICIENT DISCRETION}}} TO THE COMMISSION TO WORK OUT THE PRACTICALITIES
  id sim_oneida-circular_1864-05-02_1_7
    Tue {{{Niagara}}} Falls Gazette has the following ac- count of an extraordinary-ice jam in the {{{Niagara}}} river
    to stand up, but, as it happened, I had {{{sufficient discretion}}} not to signify in any way to those below
  id nsia-27902194014014
    and Proper Clause must afford Congress {{{sufficient discretion}}} to decide how best to execute the powers
    application to construct a power project on the {{{Niagara}}} River. Id. at 541-42. -25- Case: 08-2677
E611 | "S. L. Brown" forage "Fort Monroe" May 1864 | whole | 6
  id executivedocumen7359unit
    department,) report of Brigadier General {{{S. L. Brown}}} No. 10. Sixth division, (barracks and
    soldiers by the rebels in March, April and {{{May, 1864}}}. "11. Abstracts of testimony taken before
  id unitedstatescon741offigoog
    soldiers by the rebels in March, April and {{{May, 1864}}}. " 11. Abstracts of testimony taken before
    soldiers by the rebels in March, April, and {{{May, 1864}}}. 11. Abstracts of testimony taken before
  id warofrebellion0000unse_k0d7
    Allegheny Arsenal, Pittsburg, Pa.; {{{Fort Monroe}}} Arsenal, {{{Fort Monroe}}}, Old Point Comfort, Va.; Frankford
    GILCHRIST, Provost-Marshal, {{{Fort Monroe}}}: All restrictions on travel to {{{Fort Monroe}}} are removed by order of
  id warofrebellionco0046unit
    Allegheny Arsenal, Pittsburg, Pa.; {{{Fort Monroe}}} Arsenal, {{{Fort Monroe}}}, Old Point Comfort, Va. ; Frankford
    Provost-Marshal, {{{Fort Monroe}}}: All restrictions on travel to {{{Fort Monroe}}} are removed by order
  id warofrebellion463unit
    Provost- Marshal, {{{Fort Monroe}}}: All restrictions on travel to {{{Fort Monroe}}} are removed by order
    headquarters at {{{Fort Monroe}}}, the object being to put an officer at {{{Fort Monroe}}} who will by
  id warofrebellionco0046unit_z2y4
    Allegheny Arsenal, Pittsburg, Pa.; {{{Fort Monroe}}} Arsenal, {{{Fort Monroe}}}, Old Point Comfort, Va.; Frankford
    GILCHRIST, Provost-Marshal, {{{Fort Monroe}}}: All restrictions on travel to {{{Fort Monroe}}} are removed by order of
E611 | "Biggs" forage "until further orders" bushels grain tons hay Monroe | whole | 0
be-api requests 13
