CTL-ID | "Garrett" | baltimoreohioinc0000summ | 1
  id baltimoreohioinc0000summ
    3, p. 526]. 27. Henry S. {{{Garrett}}} to John W. {{{Garrett}}}, August 24, 1859, {{{Garrett}}} Papers; Scharf, op. cit
    J. W. {{{Garrett}}} to Geo. Wm. Brown, and Geo. Wm. Brown to J. W. {{{Garrett}}}, April 21, 1861, {{{Garrett}}} Papers;
E621 | "Koontz" | baltimoreohioinc0000summ | 0
E621 | "Harper's Ferry" arms October 1864 | baltimoreohioinc0000summ | 0
CTL-ID2 | "Garrett" | TheBaltimoreAndOhioRailroadInTheCivilWar | 0
E621 | "Koontz" | TheBaltimoreAndOhioRailroadInTheCivilWar | 0
E621 | arms "Harper's Ferry" Halleck delayed | TheBaltimoreAndOhioRailroadInTheCivilWar | 0
CTL-ID3 | "forage" | executivedocumen7359unit | 1
  id executivedocumen7359unit
    visitors at West Point 6, 000 00 184 {{{Forage}}} for artillery and cavalry horses at West
    where there are ' no expenditures, viz : 139 {{{Forage}}} for officers' horses $46, 742 57 139
E611 | "Biggs" | executivedocumen7359unit | 1
  id executivedocumen7359unit
    quartermaster - . A. V. Barringer..... do H. {{{Biggs}}} ... - do ...... . , A, Bliss ....do
    general A. W. Whipple, deceased do H. {{{Biggs}}} colonel H. Stansberry major — . J. T
E611 | "Fort Monroe" forage daily | executivedocumen7359unit | 0
E611 | "27,000 bushels" | executivedocumen7359unit | 0
be-api requests 10
