CTRL | "those who join Mosby are exempt" | 4
    Mosby's Rangers 1896 [kqk-AAAAYAAJ] | ... <b>those who join Mosby are exempt</b> from joining Lee&#39;s army . By this means Mosby can command between 800 and 1,000 men . To get information from Snicker&#39;s Gap would require a force able to manage Mosby , whose headquarters are on the route&nbsp
    The War of the Rebellion: v. 1-53 [serial no. 1-111] Formal  1893 [Sy7xwY0SX9wC] | ... <b>those who join Mosby are exempt</b> from joining Lee&#39;s army . By this means Mosby can command between 800 and 1,000 men . To get information from Snicker&#39;s Gap would require a force able to manage Mosby , whose headquarters are on the route&nbsp
    The War of the Rebellion 1893 [6cItAAAAIAAJ] | ... <b>those who join Mosby are exempt</b> from joining Lee&#39;s army . By this means Mosby can command between 800 and 1,000 men . To get information from Snicker&#39;s Gap would require a force able to manage Mosby , whose headquarters are on the route&nbsp
    The War of the rebellion: a compilation of the official reco 1902 [Bfyq18VxzWsC] | 
CTRL2 | "transportation waiting at Locust Point" | 5
    The War of the Rebellion: v. 1-53 [serial no. 1-111] Formal  1891 [ELc9AAAAYAAJ] | ... <b>transportation waiting at Locust Point</b> for 4,000 men , and will doubtless have cars as rapidly as the remainder arrive . General Wallace telegraphs at 6.50 p . m . : I think my troops are retiring from Frederick . If so , they have been&nbsp;...
    The War of the Rebellion 1891 [UvodVXFzT5cC] | ... <b>transportation waiting at Locust Point</b> for 4,000 men , and will doubtless have cars as rapidly as the remainder arrive . General Wallace telegraphs at 6.50 p . m . : I think my troops are retiring from Frederick . If so , they have been&nbsp;...
    Frederick, Md 1972 [OsETAAAAIAAJ] | ... <b>transportation waiting at Locust Point</b> for 4,000 men , and will doubtless have cars as rapidly as the remainder arrive . General Wallace telegraphs at 6.50 p . m . : I think my troops are retiring from Frederick . If so , they have been&nbsp;...
    House documents 1892 [jmE6NiP9XuMC] | ... <b>transportation waiting at Locust Point</b> for 4,000 men , and will doubtless have cars as rapidly as the remainder arrive . General Wallace telegraphs at 6.50 p . m . : I think my troops are retiring from Frederick . If so , they have been&nbsp;...
    The War of the rebellion: a compilation of the official reco 1891 [Qjw3RE7ZTkwC] | 
E600 | "Delaware Cavalry" furlough vote Wallace 1864 | 23
    Commemorative Biographical Record of Central Pennsylvania 1898 [B8swAQAAMAAJ] | ... <b>Cavalry</b> , and on the expiration of his term of service re - enlisted in the 98th P. V. I. When hostilities had ceased he returned home with an honorable war record , and has since <b>de</b>- <b>voted</b> his time and attention to agricultural pur&nb
    Biographical and Historical Memoirs of Muskingum County, Ohi 1892 [xFBFAQAAMAAJ] | ... <b>1864</b> , the regiment veteranized and was granted and after the days&#39;s fight was over . It made thirty days &#39; <b>furlough</b> ... <b>Wallace&#39;s</b> division marched to Bethel , tail was equal to the great task ... <b>cavalry</b> , and a sec
    Congressional Record 1889 [L8xrHMyijuMC] | ... <b>bill</b> , testifies to the services of Colonel Babbitt as a faith- ful and valuable officer ; heapproves the proposition to have the sister pensioned by act of Congress . General Lew . <b>Wallace</b> , who served with the soldier , also favors&nbsp;...
    Congressional Record 1888 [oFX0rcYmxhAC] | ... <b>WALLACE</b> YOUNG . The next business on the Calendar , the ( consideration of ... <b>furlough</b> , affiant again saw him , when he was emaciated , broken down , and ... <b>1864</b> , and was discharged Novem- ber 13 , 1865. By act of Congress&nbsp;...
    The Congressional Globe 1866 [aXp9jbAUBioC] | ... <b>1864</b> , General Sherman&#39;s movement , with a large force , from Vicksburg , into the interior of the State of Ala ... <b>Cavalry</b> . Total Number of guns ... .54,568 2,377 3,828 .60,733 130 Army of the Tennessee , Major General Mc&nbsp;...
    The Military History of Ohio 1885 [Dns4uxQTX_IC] | ... <b>1864</b> , having lost in killed , prisoners and deaths from disease , more than ten per cent . of its members . the First and Twelfth Ohio <b>Cavalry</b> regiments , the One Hundred and Seventeenth <b>Infantry</b> later the First Ohio Heavy Artillery&n
E600 | "enable them to go home and vote" | 5
    1819-1880 1879 [XnsjAAAAMAAJ] | ... <b>enable them to go home and vote</b> . In order &quot; to have a killing majority , &quot; General R. B. Marcy , chief of General McClellan&#39;s staff , also issued an order on the 29th of October to Gen- eral Banks , calling his attention to the allege
    History of Maryland: 1812-1800 1879 [pvOSzm_lMH8C] | ... <b>enable them to go home and vote</b> . In order &quot; to have a killing majority , &quot; General R. B. Marcy , chief of General McClellan&#39;s staff , also issued an order on the 29th of October to Gen- eral Banks , calling his attention to the allege
    1812-1880 1879 [IERL9XtfhnEC] | ... <b>enable them to go home and vote</b> . In order &quot; to have a killing majority , &quot; General R. B. Marcy , chief of General McClellan&#39;s staff , also issued an order on the 29th of October to Gen- eral Banks , calling his attention to the allege
    The Nation 1870 [xN4_AQAAMAAJ] | ... <b>enable them to go home and vote</b> , when they had been previously informed that they must either take their vacation at the voting period or forfeit their pay if they a second time withdrew from their duties , we find it very hard to say&nbsp;...
    History of Maryland from the Earliest Period to the Present  1967 [688wAQAAMAAJ] | ... <b>enable them to go home and vote</b> . In order &quot; to have a killing majority , &quot; General R. B. Marcy , chief of General McClellan&#39;s staff , also issued an order on the 29th of October to Gen- eral Banks , calling his attention to the allege
E600 | "go home and vote" "transportation going and returning" | 308
    Reports of Committees 1880 [XqYFAAAAQAAJ] | ... <b>transportation</b> for these clerks ? -A . He did . Q. Did you <b>go home</b> to Philadelphia to <b>vote</b> ? -A . I did . Q. Did you ... <b>going</b> home to <b>vote</b> . I had some time coming to me , and I took it out of my regular <b>leave</b> . B
    Senate reports 1880 [M2UZe1WoXM0C] | ... <b>transportation</b> for these clerks ? A. He did . Q. Did you <b>go home</b> to Philadelphia to <b>vote</b> ? -A . I did . Q. Did you ... <b>returned</b> the next day after the <b>election</b> . Q. Had you <b>leave</b> of absence ? - A. I had , sir . Q. 
    Decisions and Orders of the National Labor Relations Board 1971 [zLvGTD_R6vwC] | ... <b>going</b> up and down polluted channels , not infrequently referred to as sewers , for 20 days . &quot; But , if we assume the General Counsel&#39;s premise that the haircut had significance as being consistent with an intent to <b>go home</b> , the fac
    Foreign Workers in Western Europe 1981 [zopDAQAAIAAJ] | ... <b>home</b> to <b>vote</b> does not necessarily rule out extensive emigrant participation ... <b>transportation</b> made available to them once they are within Italy . Italian ... <b>returning home</b> to <b>vote</b> . These <b>elections</b> disrupt entire
    Return to an Order of the Honourable the House of Commons .. 1908 [wVI8AAAAYAAJ] | 
    Presidential Election of 1876 1877 [80FDAAAAYAAJ] | 
E600 | "furlough of sufficient time to enable them" | 352
    History of Western Maryland 2003 [ntVpHBIz0hAC] | ... time as will <b>enable them</b> to reach the place wherein they may be entitled to vote by the 6th of November . Wherever ... <b>Sufficient time</b> is to be allowed the soldiers thus <b>furloughed</b> to <b>enable them</b> to return after voting , without
    The ecclesiastical dilapidations  1872 [3qIOAAAAQAAJ] | ... <b>FURLOUGH</b> . 34 &amp; 35 VICT . C. 62 . An Act to <b>enable</b> Her Majesty to make Regulations relative to the Leave of Absence ... <b>sufficient time</b> to entitle <b>them</b> to the highest scale of pension , &quot; <b>it</b> was provided that her
    The Law Relating to India and the East-India Company 1855 [mExDAQAAMAAJ] | ... <b>enable</b> her Majesty to grant <b>Furlough</b> Allowances to the Bishops of Calcutta , Madras , and Bombay who shall return to Europe for a limited Period after residing in India a <b>sufficient Time</b> to entitle <b>them</b> to the highest Scale of P
    History of Western Maryland 2020-09-08 [ptT7DwAAQBAJ] | ... time as will <b>enable them</b> to reach the place wherein they may be entitled to vote by the 6th of November. Wherever <b>it</b> ... <b>Sufficient time</b> is to be allowed the soldiers thus <b>furloughed</b> to <b>enable them</b> to return after voting,
    Ecclesiastical Dilapidations Act of 1871, and Other Ecclesia 1872 [fvNDAAAAYAAJ] | ... <b>FURLOUGH</b> . 34 &amp; 35 VICT . C. 62 . An Act to <b>enable</b> Her Majesty to make Regulations relative to the Leave of Absence ... <b>sufficient time</b> to entitle <b>them</b> to the highest scale of pension , &quot; <b>it</b> was provided that her
    The Westminster Review 1891 [LCYdAQAAMAAJ] | ... <b>good</b> conduct privilege <b>furlough</b> as above explained , with option of completing their army service in the militia on ... <b>enable</b> a man on <b>furlough</b> to have <b>time</b> to look about <b>him</b> , and to experience a fair taste and t
E600 | "First Delaware Cavalry" "vote" 1864 furlough | 7
    The War of the Rebellion: v. 1-53 [serial no. 1-111] Formal  1893 [sGPN0fcvHvgC] | ... <b>First Delaware Cavalry</b> . He says he considers the force too weak to intrust the artillery with . He has been ... <b>vote</b> where they are stationed in the State , according to the new constitution . I thought best to report this to you&nbsp;...
    The War of the rebellion: a compilation of the official reco 1893 [T96D6pL8k8IC] | 
    The War of the Rebellion: Formal reports, both Union and Con 1985 [giZRAQAAIAAJ] | ... <b>First Delaware Cavalry</b> . He says he considers the force too weak to intrust ... <b>1864</b>-4.30 р . т . Major - General HALLECK , Chief of Staff : ( Received 5.30 p ... <b>vote</b> where they are stationed in the State , according to the new&nbsp;.
    History of Delaware, 1609-1888 1990 [ZM8wAQAAMAAJ] | ... <b>1864</b> , and the troops were known as &quot; Emergency Men . &quot; The regi ... <b>vote</b> , but returned to go into winter - quarters as part of the same brigade ... <b>First Delaware Cavalry</b> . Soon after the breaking out of the war battalions&
    House documents 1895 [bQGDjJYLdhEC] | ... <b>First Delaware Cavalry</b> . He says he considers the force too weak to intrust ... <b>1864</b>–4.30 р . т . Major - General HALLECK , Chief of Staff : ( Received 5.30 p ... <b>vote</b> where they are stationed in the State , according to the new&nbsp;.
    States at War, Volume 4 2015-02-03 [VeE7BgAAQBAJ] | ... <b>First Delaware Cavalry</b> , now guarding the fords of the Potomac in the neighborhood of the mouth of the Monocacy ... <b>vote</b> at the coming election . &quot; Among the states designated is Delaware . <b>Furloughs</b> are also granted to ambulatory
E600 | "without prejudice to the public service" "go home and vote" | 356
    Journals of the House of Commons 1806 [AxdDAAAAcAAJ] | ... <b>Return</b> of the Amount of Specie and Bullion exported by the Court of Di- rectors to their different Presidencies in ... <b>without Prejudice to the Public Service</b> , withdrawn , 19 MAR . Motion that Returns be made to several Orders&nbsp;...
    Congressional Record 1874 [P85iAAAAcAAJ] | ... <b>public</b> buildings were authorized by the last Congress . The work on quickest ... <b>without prejudice</b> to the motion I have made ; but I am quite unwilling , as ... <b>vote</b> upon it . Mr. TREMAIN . I am willing to adopt that suggestion&nbsp;..
    Allen's Indian mail and register of intelligence for British 1875 [kzZnAAAAcAAJ] | ... come to with regard to the new rules affecting the <b>leave</b> of absence of those uncovenanted <b>Civil Servants</b> in India whose cases had remained undecided since last year , Lord SALIS- BURY stated that the correspondence on the subject was <b>not</
    Journals of the House of Commons of Canada 1873 [3T8-AQAAMAAJ] | ... <b>public service</b> ; and that we trust that we shall find that the supplies which are necessary , may be granted <b>without</b> ... <b>Election</b> and <b>Return</b> for the Electoral ... <b>prejudice</b> to the rights of either party , and that this Co
    Congressional Record 1882 [PdQWLsKhBrQC] | ... <b>without prejudice</b> . Mr. EDMUNDS . That is clear . Mr. SLATER . That would be ... <b>go</b> on considering Senate bills , for the <b>House</b> will pay no attention to them ... <b>vote</b> &quot; yea &quot; on this question , and I <b>vote</b> &quot;
    Congressional Record 1992 [wZIZ1zj_7B8C] | ... SERVICE AND GEN- ERAL <b>GOVERNMENT</b> APPROPRIATIONS BILL , FISCAL YEAR 1993 ( H. REPT . 102-618 ) The House ... <b>go home</b> to our district and tell somebody with cancer , with AIDS , with cystic fibrosis that we <b>voted</b> to kill the Council&nbsp
E600 | "Delaware" "go home and vote" Stanton October 1864 | 1
    Lincoln Lore 1951 [zGMtI3Ld-pYC] | ... <b>OCTOBER</b> ELECTIONS ( Political Puzzle of <b>1864</b> No. 12 ) * The strength ... <b>go home and vote</b> at the State election will be greatly in point . They need ... <b>Delaware</b> 3 , Maryland 7 , Missouri 11 , Kentucky 11 , Illinois 16. &quot; U
E600 | "such of the" "Delaware" "as are in your command" furlough | 169
    Army & Navy Official Gazette 1864 [WnRIAQAAMAAJ] | ... <b>your</b> in- formation and guidance , and are to be strictly observed : All men charged with desertion who belong to ... <b>command</b> they may be held in con- finement , with a view to ascertain whether they are actually deserters ; and if&nbsp;...
    Biennial Report of the Adjutant-General, to the Governor, St 1898 [j7tLAAAAYAAJ] | ... <b>command</b> . Continuous muster was kept up until the 19th , when the en- tire force was mustered in and turned over to the President for <b>such</b> duty as they might be called upon to perform . The greatest care was taken by all departments in&nbsp;.
    Biennial Report of the Adjutant-General, to the Governor, St 1898 [7Qc8AQAAMAAJ] | ... <b>command</b> . Continuous muster was kept up until the 19th , when the en- tire force was mustered in and turned over to the President for <b>such</b> duty as they might be called upon to perform . The greatest care was taken by all departments in&nbsp;.
    The St. Clair Papers 2025-12-08 [lMyeEQAAQBAJ] | ... <b>your command</b> are to be landed at Wilming- ton and marched to Lancaster . I think it necessary to inform you of the reasons that induced <b>such</b> ... <b>furlough</b> , and to be discharged upon the ratification of the definite treaty . The whole ,
    The Confederate Hospitals of Madison, Georgia / their record 2014-07-01 [xzuzBwAAQBAJ] | ... <b>such</b> an agency opportunity will be furnished to holders of small sums of Treasury notes, <b>such</b> as soldiers wives and <b>furloughed</b> soldiers, to avoid a depreciation which [ ]ty can illy afford if which, upon the pressure of general&nbsp;..
    The War of the Rebellion: Formal reports, both Union and Con 1985 [giZRAQAAIAAJ] | ... <b>their</b> homes and return , to the place from whence <b>furloughed</b> , to all soldiers to whom <b>furloughs</b> , or extension of the same , have been granted , to permit of <b>their</b> exercising the elective franchise at the coming election . By <
E602 | "Locust Point" Ricketts Meigs 1864 | 0
E602 | "Ricketts" "without ambulances" Meigs | 10
    The War of the Rebellion: v. 1-53 [serial no. 1-111] Formal  1891 [8pyfv75RtDoC] | ... <b>MEIGS</b> , SHERIDAN , Major - General . HEADQUARTERS U. S. ARMY , City Point , July 6 , 1864. ( Received 7th . ) Quartermaster - General : <b>Ricketts</b> ... <b>ambulances</b> are 80 CHAP . XLIX . OPERATIONS IN N. VA . , W. VA . , MD . , AND PA .
    The War of the Rebellion 1891 [DootAAAAIAAJ] | ... <b>not</b> take teams , <b>ambulances</b> , or ammunition , except what they carry in boxes . I expect them back here so soon that there is <b>no</b> necessity for tranporting the teams back and forth . Besides there is now in Washington about 600 teams&nb
    The War of the rebellion: a compilation of the official reco 1891 [Qjw3RE7ZTkwC] | 
    Army and Navy Official Gazette  [dQpJAQAAIAAJ] | United States. War Department. Hospital and <b>Ambulance</b> Flags . [ General Orders , <b>No</b>. 9. ] WAR DEPARTMENT , ADJUTANT ... <b>Ricketts</b> , United States volunteers , is President , and makes satis- factory defense to the charges against him&nbsp;.
    Army & Navy Official Gazette 1864 [WnRIAQAAMAAJ] | Hospital and <b>Ambulance</b> Flags . [ General Orders , <b>No</b>. 9. ] WAR DEPARTMENT , ADJUTANT GENERAL&#39;S OFFICE , WASHINGTON ... <b>Ricketts</b> , United States volunteers , is President , and makes satis- factory defense to the charges against him&nbs
    House documents 1892 [jmE6NiP9XuMC] | ... <b>not</b> take teams , <b>ambulances</b> , or ammunition , except what they carry in boxes . I expect them back here so soon that there is <b>no</b> necessity for tranporting the teams back and forth . Besides there is now in Washington about 600 teams&nb
E602 | "more than enough transportation" Harper's Ferry 1864 | 43
    Pamphlets 1867 [RpY-AAAAYAAJ] | ... <b>more than</b> we otherwise would . I am , General , Your obedient servant , The poultry will all be cooked . MAJOR GENERAL P. H. SHERIDAN , GEORGE BLISS , JR . , Secretary . NEW YORK , Nov. 17 , <b>1864</b> ... <b>Harper&#39;s Ferry</b> , Mon- day . Ple
    Decision in the West 1992 [l5F2AAAAMAAJ] | The Atlanta Campaign of <b>1864</b> Albert Castel. This , <b>then</b> , is the South at the ... <b>more</b> exposed . It is a significant fact that throughout the entire war the ... <b>enough</b> supplies and <b>transport</b> to advance one hundred miles to&nb
    The Uncivil War 2014-08-04 [J6w5BAAAQBAJ] | ... <b>1864</b> , a raid on a B &amp; O <b>train</b> , which netted the partisans over $ 168,000 Federal dollars , made Mosby even <b>more</b> infamous in the North , and provided the Confederacy with one of its few bright points in that year . October <b>1864
    Civil War Times 1960 [kJnErV6TDyIC] | ... <b>Harpers Ferry</b> vulnerable to enemy attack . ( Photo- graph from Kean Archives , 37th and Filbert Sts . , Philadelphia . ) P TUK WC 20 B f P Current Events By. CIVIL WAR CANNONS 12 - Pounder Napoleon HIGH QUALITY scale model kits of wood&nbsp;...
    Civil War Pharmacy 2004-05-24 [DrCYbr94KaQC] | ... <b>than</b> the medical purveyor , while not the norm , was not an unheard - of occurrence . Spencer Bonsall sometimes had ... <b>1864</b> that he needed &quot; as soon as possible &quot; ( among other things ) 100 ounces of quinine and 600 bottles of&nbsp
    Civil War Pharmacy 2017-05-24 [J8Q3DwAAQBAJ] | ... <b>than</b> the medical purveyor , while not the norm , was not an unheard - of occurrence . Spencer Bonsall sometimes had ... <b>1864</b> that he needed “ as soon as possible &quot; one hundred ounces of quinine and six hundred bottles of brandy&nbsp;...
E602 | "too many animals and wagons" | 346
    Sons of War 2019-01-14 [9fGEDwAAQBAJ] | ... <b>wagons</b> together and shared food and other items as they traveled. All had agreed when reaching Ripley County, they ... <b>many animals</b>, <b>so</b> it was necessary to stop each afternoon and let the <b>animals</b> graze and water. Several men fro
    Industrializing Organisms 2004-03 [L12TAgAAQBAJ] | ... many <b>animals</b> and consumed immense quantities of forage . The more <b>wagons</b> there were for equipment , the more <b>wagons</b> ... <b>too many</b> , and he had to restrict his <b>wagons</b> to one for every eighty men , including officers . The U
    Adventures of Rainer and the Red Wagon 2026-07-13 [syj3EQAAQBAJ] | ... <b>dogs</b>, and even a cat. There were <b>so many animals</b>. Rainer fed the horse and then the donkey a bale of hay. He had <b>so much</b> fun visiting all the <b>animals</b>. Wow! What. an. adventure. After seeing as many <b>animals</b> as he could, Ra
    Report 1900 [xsZ5e85sOBUC] | ... <b>number of</b> tents . We did not have <b>many</b> , but there never was a time that I could not meet the demand for hospital tents that I know of , and I do not recollect a single application which was approved by the Surgeon - General which was&nbsp;..
    Footprints and Wagon Tracks 1991 [4jk2AAAAMAAJ] | ... <b>wagons</b> were axle deep in mud . The White River in Arkansas presented the next major obstacle in their journey to Texas . The river was flooded and a small flat boat was used to ferry them across . They had <b>too many</b> people , <b>animals and</b>
    Military Transport 1882 [dVgBAAAAQAAJ] | ... <b>too</b> great or improperly balanced , and this prevents an <b>animal</b> getting a firm hold of the ground in moving up hill or presses unduly on him in descending . The testimony of <b>many</b> ... <b>animals</b> ; on the other hand , these can be led
E602 | "forage collected at Martinsburg" | 179
    The Tales of Civil War: 40 Books Collection 2023-12-22 [fxnmEAAAQBAJ] | ... <b>forage</b> , but now there was no <b>foraging</b> . There was nothing to <b>forage</b> for . Then the old Army of the Valley had been ... <b>Martinsburg</b> and Harper&#39;s Ferry . Lee sent in this month Kershaw&#39;s division and Fitzhugh Lee&#39;s ca
    North vs. South Collection 2023-12-28 [AxLmEAAAQBAJ] | ... <b>forage</b> , but now there was no <b>foraging</b> . There was nothing to <b>forage</b> for . Then the old Army of the Valley had been ... <b>Martinsburg</b> and Harper&#39;s Ferry . Lee sent in this month Kershaw&#39;s division and Fitzhugh Lee&#39;s ca
    The Land of the Divided: American Civil War Collection 2023-12-16 [WxjmEAAAQBAJ] | ... <b>forage</b> , but now there was no <b>foraging</b> . There was nothing to <b>forage</b> for . Then the old Army of the Valley had been ... <b>Martinsburg</b> and Harper&#39;s Ferry . Lee sent in this month Kershaw&#39;s division and Fitzhugh Lee&#39;s ca
    American Civil War Collection 2023-12-28 [Qz3mEAAAQBAJ] | ... <b>forage</b> , but now there was no <b>foraging</b> . There was nothing to <b>forage</b> for . Then the old Army of the Valley had been ... <b>Martinsburg</b> and Harper&#39;s Ferry . Lee sent in this month Kershaw&#39;s division and Fitzhugh Lee&#39;s ca
    House documents 1892 [4IxVfkpZc1sC] | ... <b>Martinsburg</b> . B. F. KELLEY , Brigadier - General . CUMBERLAND , May 26 ... <b>collect</b> such subsistence and <b>forage</b> as the army needs , allowing no waste or ... <b>forage</b> seized will be turned over , under such regulations as you may&nb
    The Shenandoah Valley in 1864 1895 [5-BNAQAAMAAJ] | ... <b>collect</b> such subsistence and <b>forage</b> as the army needs , allowing no waste nor pillage , and giving such of the resi ... <b>foraging</b> soon proved useful , as a supply train moving to him from <b>Martinsburg</b> was seized and burned by&nbsp
E602 | "Hunter's large train" | 336
    Forest and Stream 1914 [phzvznqR-FEC] | ... <b>Hunters</b> for Coons , Possums , Squirrels , etc. Thoroughly trained , gladly sent anywhere on free trial . <b>Large</b> , new , highly illustrated catalogue , the finest of its kind printed , roc . ever THE SOUTHERN FARM COON HOUND KENNELS&nbsp;...
    New English and Dutch Dictionary 1789 [fhFiAAAAcAAJ] | ... ( s . commerce , trade , mèrchan- dife ) Koophandel ; trading is dull , de koop- baudel kwijnt , is doodsch , &#39; er ... <b>hunter</b> ) , &#39; <b>s</b> Spoor van&#39;s wild . to Trail ( v . a . &amp; n . to draw or drag 2 lòng , or to be drawn or dragg
    Containing the English before the Dutch 1789 [k48NAAAAQAAJ] | ... ( s . commerce , trade , mèrchan- dife ) Koopbandel , trading is dull , de koop- bandel kwijnt , is doodsch , er gaat ... <b>hunter</b> ) , &#39; <b>s</b> spoor van &#39; t wild . lòng , or to be drawn or dragged along or to Trail ( v . a . &amp; n . to dr
    Russian Games 2017-09-13 [RQ_NEQAAQBAJ] | ... <b>train</b> to the St. Pe- tersburg <b>train</b> was shrinking with every second of flight. With every second that passed Dimitri ... <b>hunter is</b> on the move now through the passenger compartments searching each startled face, searching for a&nbsp;..
    The Sternberg Fossil Hunters 1991 [wNraAAAAMAAJ] | ... <b>long train</b> ride back to Kansas in the spring of 1877. Sternberg thought about the few girls he had known around Ellsworth . None of them seemed worth remem- bering . There had been a few girls in Manhattan in his classes , but he couldn&nbsp;...
    American Railroad Journal, and General Advertiser for Railro 1846 [43JDAQAAMAAJ] | ... <b>large</b> space . The practicability of a contin- state of New York ; and to W. R. McKee , Esq . , er purposes ... <b>Hunter</b> , Lieut . Me not only desired jurisdiction over &quot; Harlem and the Laughlin , U. S. N. , says the Louisville&nbsp;...
E602 | "Sigel is reported not to have lost" | 347
    The Lost Army 1894 [qXQuAAAAYAAJ] | ... <b>Sigel</b> , having brought the column from its peril- ous position at ... <b>reported missing</b> from one <b>of</b> those companies . With the exception <b>of</b> these four miss- ing ... <b>who</b> did <b>not</b> relish the idea <b>of losing</b> their
    Proceedings and Report of the Board of Army Officers, Conven 1879 [hPNM4Kp-Za0C] | ... <b>Sigel</b> states : &quot; <b>I</b> further believe there was <b>not</b> the necessary co - operation between the two corps on their way to Manassas - my corps and that <b>of</b> General McDowell - by which want <b>of</b> co - operation we <b>lost</b> ..
    House documents 1892 [4IxVfkpZc1sC] | ... <b>of</b> the Ringgold Cavalry , has just arrived here , and <b>reports</b> that yesterday morning about daylight they <b>were</b> attacked at the junction <b>of</b> Winchester and Moorefield pike with the <b>Lost</b> River road from Brock&#39;s Gap by Gen
    Report of the Joint Committee on the Conduct of the War: Bul 1863 [lCLTGiD4DaYC] | ... <b>not</b> believe our army would ever <b>have</b> moved from the field , which was fairly won . One or two more regiments would ... <b>lost</b> in killed and wounded pretty nearly one - third <b>of</b> our forces . My regiment , the first Missouri regimen
    Report: Dept. of the West 1863 [Z3pKAAAAYAAJ] | ... <b>not</b> believe our army would ever <b>have</b> moved from the field , which was fairly won . One or two more regiments would ... <b>lost</b> in killed and wounded pretty nearly one - third <b>of</b> our forces . My regiment , the first Missouri regimen
    Proceedings and Report of the Board of Army Officers 1879 [jjIuhY9lbXYC] | ... <b>of</b> this , <b>I</b> ordered the troops to march at 2 o&#39;clock a . m . Gen- eral <b>Sigel&#39;s</b> rear division had been ordered in my preliminary order <b>of</b> 11.30 p . m . <b>of</b> the 27th to march upon Gainesville immediately , and should
E602 | Meigs "Captain Thomas" Baltimore July 1864 Ricketts | 2
    The United States Army and Navy Journal and Gazette of the R 1864 [Wh4_AQAAMAAJ] | ... <b>1864</b> , by the Rev. sel is La Gloire . M. LAIRD , an English build - Dr . Hawks , of <b>Baltimore</b> , Assistant Surgeon ... <b>Captain Thomas</b> theoretical principles in the form of a didactic Johnston , U. S. A , and daughter of the late&nbsp;..
    The Journal of the Armed Forces 1863 [CG1FAQAAMAAJ] | ... <b>Ricketts</b> is President , is in session daily , except Sundays , in a frame building on the space space between ... <b>Captain Thomas</b> O. Selfridge , at Mare Island , California . Commodore William Smith , commanding naval station at&nbsp;...
E602 | "necessities of this campaign" Meigs | 327
    Quartermaster Professional Bulletin 1992 [ghcWfkBMVvQC] | ... <b>necessities</b> were to go toward refitting the troops after marching up from the Rappahan- nock . During and after the ... <b>Meigs</b> then contacted Ingalls with a message signed by the Secretary of War telling Ingalls to use what- ever&nbsp;...
    The United States Army and Navy Journal and Gazette of the R 1865 [7KNMAAAAYAAJ] | ... <b>campaign</b> . This is the reconstruction of the supplied cars and engines , and SHERMAN&#39;s troops , bridges over the ... <b>MEIGS</b> says that though the Ordnance Department procures and issues arms and ammunition , and the Subsistence&nbsp;...
    The War for the Union: The organized war to victory, 1864-18 1959 [AQOuGM3VePAC] | ... <b>Meigs</b> continued laboring to improve his many - sided organization . ... ... The Quartermaster - General&#39;s <b>importance</b> ... <b>needs</b> of horses than of men when he ... <b>campaign</b> impracticable , &quot; <b>Meigs</b> stated.74 ... In h
    The Growth and History of Ohio 1897 [IDFEAQAAMAAJ] | ... <b>Meigs</b> . Siege of Fort <b>Meigs</b> . Up to this time the Ameri- can military operations in the northwest had been decid- edly discouraging , and Harrison foresaw the <b>necessity</b> ... <b>campaign</b> . It was well that he did , for a large force 
    The AOPA Pilot 2002 [QlopAQAAIAAJ] | ... <b>Meigs</b> Field Airport ( CGX ) open and operating . Opened in 1948 , Merrill C. <b>Meigs</b> Field is an important reliever ... <b>campaign</b> , <b>Meigs</b> Field : A Valuable Resource . Isn&#39;t it Worth Saving ? that began May 21 , 2001. The <b>ca
    American Campaigns 1935 [5JE5AQAAMAAJ] | ... <b>campaign</b> of maneuvers , 4663 ; withdraws to Centreville - advances and ... <b>MEIGS</b> , FORT , see Fort <b>Meigs</b> . MEJIA , General , attacks Fort Brown , 85 ... <b>necessity</b> for capturing it , 125 . MICHIGAN , Thirty - third , attacks&nbsp
