E600 | "First Delaware Cavalry" "coming election" furlough | None | 42
    States at War, Volume 4 2015-02-03 [VeE7BgAAQBAJ] | ... <b>election</b> . “ We cannot carry the state without them , ” he explains.792 CSS Albemarle is sunk off North Carolina ... <b>First Delaware Cavalry</b> , now guarding the fords of the Potomac in the neighborhood of the mouth of the Monocacy&nbsp;...
    The War of the Rebellion 1893 [DiXC4ptLOXAC] | ... <b>First Delaware Cavalry</b> . He says he considers the force too weak to intrust the artillery with . He has been ... <b>election</b> duty . Col. JAMES A. HARDIE , Inspector - General : SAML . B. LAWRENCE , Assistant Adjutant - General . ( The&nbsp;...
    The War of the rebellion: a compilation of the official reco 1893 [T96D6pL8k8IC] | 
    The War of the Rebellion 1893 [dD93AAAAMAAJ] | ... <b>First Delaware Cavalry</b> . He says he considers the force too weak to intrust ... <b>election</b> duty . Col. JAMES A. HARDIE , SAML . B. LAWRENCE , Assistant ... <b>furloughed</b> , sent to Major Wood in obedience to your telegram of the 4th&nbsp;...
    House documents 1895 [bQGDjJYLdhEC] | ... <b>First Delaware Cavalry</b> . He says he considers the force too weak to intrust ... <b>election</b> duty . Col. JAMES A. HARDIE , SAML . B. LAWRENCE , Assistant ... <b>furloughed</b> , sent to Major Wood in obedience to your telegram of the 4th&nbsp;...
    History of Delaware, 1609-1888 1990 [ZM8wAQAAMAAJ] | ... <b>furlough</b> to come home to <b>vote</b> , but returned to go into winter - quarters as ... <b>First Delaware</b> . Though in service but seven months , the battalion rendered ... <b>Cavalry</b> . Soon after the breaking out of the war battalions of&nbsp;...
E600 | "Delaware Cavalry" "vote" furlough | VeE7BgAAQBAJ | 0
E600 | "Delaware Cavalry" "vote" furlough | ZM8wAQAAMAAJ | 0
E600 | "Delaware Cavalry" vote furlough Stanton Wallace intitle:Delaware | None | 0
E600 | "Wallace" "Delaware" "furlough" "vote" October 27 1864 | None | 3
    Delaware During the Civil War 1961 [-QlQAQAAIAAJ] | ... <b>Delaware</b> ... <b>furlough</b> at the time of the election , for we cannot carry the state without them . &quot; On <b>October</b> 28 , he informed Major - General Lew <b>Wallace</b> ... <b>vote</b> &quot; ; therefore , he requested that troops be stationed at all polling&nbsp;...
    Delaware History 1958 [7hIRAAAAIAAJ] | ... <b>October</b> ... <b>Delaware</b> Infantry be granted a short <b>furlough</b> at the time of the election , for we cannot carry the state without them . &quot; On <b>October</b> 28 , he informed Major - General Lew <b>Wallace</b> ... <b>vote</b> &quot; ; therefore , he requested that troops be&
    Harper's Weekly 1864 [ETTc2RLUkHQC] | ... <b>vote</b> in f The United to whose btle soph d ; belize ose snare er break niousnes d in oil- ties , and The strug that f ... <b>WALLACE&#39;s</b> staff in Maryland , has prepared a unique and most valuable contribution to the Sani- tary Fair&nbsp;...
E600 | "Delaware" cavalry furlough vote intitle:"Lew Wallace" | None | 0
E600 | Wallace furlough "Delaware cavalry" vote 1864 Scharf | None | 0
E602 | "Locust Point" Ricketts July 1864 quartermaster Thomas | None | 0
E602 | Meigs Ricketts "Locust Point" "Harper's Ferry" quartermaster | None | 0
E602 | "Ricketts" "about 8,000 men" Baltimore | None | 16
    Lectures on the Growth and Development of the United States  1915 [KTZEAQAAMAAJ] | ... <b>Ricketts</b> &#39; division . * Early reports his loss as about 700 killed and ... <b>Baltimore</b> , occupied several towns on the way , and de- stroyed the Northern ... <b>about 8,000 men</b> under command of General A. McD . Mc- Cook.t The line&nbsp;...
    Stories of Our Soldiers 1893 [UsESAAAAYAAJ] | 
    The Encyclopedia Americana 1954 [veMXAQAAIAAJ] | 
    The United States 1913 [q5AMAQAAMAAJ] | ... <b>Ricketts</b> &#39; division . * Early reports his loss as about 700 killed and ... <b>Baltimore</b> , occupied several towns on the way , and de- stroyed the Northern ... <b>about 8,000 men</b> under command of General A. McD . Mc- Cook . The line&nbsp;...
    The Americana 1911 [-ABDAQAAMAAJ] | ... <b>Baltimore</b> , occupied several towns on the way and destroyed the Northern ... <b>about 8,000 men</b> . line immediately north of the city was gar- risoned ... <b>Ricketts</b> &#39; division to <b>Baltimore</b> , and , on the night of the 9th , a few&nbsp;...
    The Encyclopedia Americana 1904 [PnFMAAAAMAAJ] | 
