GB '"J. N. Ryan" 1865 arrested Memphis' 129
    fKqJFXaF8iUC | The Papers of Andrew Johnson | 1967 | ... <b>1865</b> ( M619 , Roll 359 ) . A Confederate captain protests that , <b>in</b> spite of his parole , he was <b>arrested in Memphis in</b> July <b>1865</b> and placed <b>in</b> prison , &quot; where I was ironed do
    q7EKAAAAIAAJ | Official Roster of the Soldiers of the State of Ohio in the War of the | 1895 | 
    NToTCgAAQBAJ | Sex, Love, Race | 1999 | Crossing Boundaries <b>in</b> North American History Martha Hodes. <b>1865</b> ; Eliza Jane House , Aug. 15 , <b>1865</b> ; Mary Rodgers ... <b>Memphis</b> , 1819-1972 ( <b>Memphis</b> : <b>Memphis</b> State University P
    f31NAAAAYAAJ | Life and Adventures of Gen. W.A.C. Ryan, the Cuban Martyr | 1876 | ... <b>in</b> his right knee and one <b>in</b> his left hip . THE MYSTERIOUS PRISONER . After the war Colonel J. G. gained con- siderable notoriety by his <b>arrest in</b> the Gay- oso hotel , <b>Memphis</b> , Tenn . , o
    8QqfoRjlcHwC | History of Madison County, Illinois | 1882 | ... <b>1865</b> . Swatswelter , Abner , disch . Aug. 11 , &#39;64 , as Corporal ; term ... <b>Ryan</b> , <b>John</b> , vet . , Serg&#39;t , tr . to Co. C. ( as con- both&#39;s division . On ... <b>Memphis</b> , March 18 
    58kUlC-VI8kC | The 11th Missouri Volunteer Infantry in the Civil War | 2011-09-29 | ... <b>1865</b> Jackson , MS . Died 5/21/<b>1865</b> due wounds <b>in</b> Siege of Spanish Fort . Nativity Ireland Indiana Illinois Scotland ... <b>Memphis</b> , 7th Missouri . McGrill , <b>John</b> Pvt . 42 5&#39;6 &quo
    VVEmbjpS418C | The Papers of Andrew Johnson, Volume 7 | 1986-05-30 | ... <b>Memphis</b> merchants . 2. James E. Merriman . 3. James M. Tomeny , special treasury agent <b>in Memphis</b> . 4. Charles H ... ( <b>1865</b>-71 ) , passim . 5. William Wallace . 6. Dr. A. Gregg , at this time hos
    nHn_qCyDQykC | History of Pennsylvania Volunteers, 1861-5 | 1871 | ... <b>1865</b> . Transferred to company B , June , <b>1865</b> . Not on muster - out roll ... <b>Ryan</b> , James . ..... Rice , <b>John</b> W ..do Sept. 14 , &#39;63 , Robinson , Charles ... <b>Memphis</b> , Tenn . , A
GB '"Ryan" Memphis July 1865 arrested "Secretary of War" papers cipher' 1
    gesCAAAAMBAJ | Cincinnati Magazine | 2001-08 | ... <b>July</b> was virtually written. So what could we possibly write and photograph that would mean something in <b>August</b>, so ... <b>arrested</b> during the riots nor the people pulled from cars in the riots. Inst
GB '"Barton" "provost marshal" Memphis 1865 Ryan' 1
    kXZnp12_IEIC | The United States Army and Navy Journal and Gazette of the Regular and | 1913 | ... <b>Memphis</b> , Tenn . Mrs. Dickson , the bride&#39;s mother , wore a handsome ... <b>Barton</b> , Kath- erine Gray and Marguerite Strean . Mr. Zimmerman was attended ... <b>provost marshal</b> of Austin , Texas . H
GB '"signed Canada" 1865 letter rebel' 173
    dLYTAAAAYAAJ | Documents Relating to the Foreign Relations of the United States with  | 1866 | ... <b>letter</b> , dated New York , January 12 , <b>1865</b> , without <b>signature</b> , addressed T. E. Hope , Clay admits it to be his assumed name . The indorse- ment is <b>signed</b> ... <b>Canada</b> by the 1st of
    Iv9UAAAAcAAJ | House Documents | 1866 | ... <b>letter</b> , dated New York , January 12 , <b>1865</b> , without <b>signature</b> , addressed T. E. Hope , Clay admits it to be his assumed name . The indorse- ment is <b>signed</b> ... <b>Canada</b> by the 1st of
    cqIFAAAAQAAJ | Reports of Committees | 1866 | ... <b>letter</b> , dated New York , January 12 , <b>1865</b> , without <b>signature</b> , addressed T. E. Hope , Clay admits it to be his assumed name . The indorse- ment is <b>signed</b> ... <b>Canada</b> by the 1st of
    4Uk7AQAAIAAJ | Canada: an Encyclopædia of the Country: History of Presbyterianism. Mi | 1898 | ... <b>Canada</b> , The Royal , and ... <b>Letters</b> pass between 532 Midland Volunteers and the Charge of Batoche .... 487 Militia of <b>Canada</b> , and the North - West <b>Rebel</b> ... <b>1865</b> , Strength of the
    0pCwDAAAQBAJ | John Surratt | 2016-07-13 | ... <b>Canada</b> any time after May 1864 when Thompson and Clay arrived there. There is no certain evidence that Surratt went to <b>Canada</b> before April <b>1865</b> ... <b>signed</b> for several rooms: 144, 10, 150, 
    Hl0tAQAAMAAJ | The War of the Rebellion | 1971 | ... <b>1865</b> . Your exchange has been effected . The general - in - chief directs ... <b>letters</b> of the 12th instant , addressed by Mr. D. Cambell McNab , of Richmond , Can- ada West , to the Secretary of War , gi
    5VBDAQAAMAAJ | Pamphlets. Lincoln. Stanton. J.Q. Adams | 1860 | ... <b>letter</b> , dated New York , January 12 , <b>1865</b> , without <b>signature</b> , addressed T. E. Hope , Clay admits it to be his assumed name . The indorse- ment is <b>signed</b> ... <b>Canada</b> by the 1st of
    Yafd6WMgy-QC | The War of the rebellion: a compilation of the official records of the | 1894 | 
GB '"over the signature of Canada" 1865' 351
    wtdAEAAAQBAJ | Bibliotheca Canadensis: or a Manual of Canadian Literature | 2021-10-28 | ... <b>1865</b> , 8vo . II . What shall we do with the Hud- son&#39;s Bay Territory ? Colonize the Fertile Belt , which contains forty mil- lions of acres . Do. 1866 . RAYMOND , Very Rev. J.S. AR . C. clergym . Is Vicar 
    1pY6AQAAMAAJ | The Canada Stamp Sheet | 1900 | ... <b>Canada</b> entitled , &quot; An act to impose duties <b>on</b> promisory notes and bills of ... <b>signature</b> or initials . There are varieties of tint and perfora- tion but the usual perforation is 12 . <b>In 
    _mA1AQAAMAAJ | Report of the Dairy and Cold Storage Commissioner ... | 1891 | <b>Canada</b>. Dairy and cold storage branch. 8-9 EDWARD VII . , A. 1909 THE FIRST CHEESE EXPORTED . Mr. A. A. Ayer , the well known cheese exporter of Montreal , writing <b>in</b> reference to the statement published <b
    yKkzAQAAMAAJ | A Treatise on the Law of Commercial Paper | 1888 | ... <b>in</b> special indorse- ments . 9 8 § 712. Foreign Statutes - <b>Signature</b> - Forgery . The <b>in</b>- dorser&#39;s <b>signature</b> , although naturally implied , is especially required by statute <b>in</b> so
    n0r1hMp09JMC | A Treatise on the Law of Commercial Paper | 1886 | Randolph. 1 of ownership <b>in</b> the holder . <b>In</b> Lower <b>Canada</b> such indorse- ments ... <b>Signature</b> - Forgery . The <b>in</b>- dorser&#39;s <b>signature</b> , although naturally ... ( <b>1865</b> Code 
    q8cRAAAAYAAJ | Bibliophile americain | 1894 | 
    TfwtAAAAYAAJ | Canadian Parliamentary Proceedings and Sessional Papers, 1841-1970 | 1867 | ... ( <b>1865</b> , Jan. Sess . ) 153 . 47. By the Clerk of the House : -Members of Election Committees ( General or Special ) , <b>on</b> their appointment , ( 1852-3 ) 250 .- ( 1854-5 ) 239 .- ( 1858 ) 182 .- ( 1859 ) 
    _ETq_s7Cy9UC | Canadian Reference Sources | 1996 | ... <b>Canada</b> , published <b>during</b> the period 1800 <b>through 1865</b>. Based <b>on</b> an examination of approximately 1,800 issues and editions of 690 works . Chronologically arranged . Entries include title -
GB '"Ryan" Memphis 1865 "Old Capitol" prisoner rebel cipher' 0
GB 'Stanton Barton Memphis "close custody" 1865' 3
    wpEwAQAAMAAJ | An Illustrated Historical Atlas Map of Holt County, Mo | 1877 | ... <b>Barton</b> Key , Feb. 27 . Kansas Free State party frame a State constitution at ... <b>Stanton</b> , of Pennsylvania , be- comes Secretary of War , Simon Cam- eron ... <b>Memphis</b> , June 6 . Repuise of Confede
    P4xAAQAAMAAJ | Standard Atlas of Wayne County, Illinois, 1881 | 1977 | ... <b>Barton</b> Key , Feb. 27 . Kansas Free State party frame a State constitution at ... <b>Stanton</b> , of Pennsylvania , be- comes Secretary of War , Simon Cam- eron ... <b>Memphis</b> , Aug. 29 . Second Battle of 
    2v_TqLteZBgC | Standard Atlas of Manistee County, Michigan | 1903 | ... <b>Barton</b> Key , Feb. 27 . Kansas Free State party frame a State constitution at ... <b>Stanton</b> , of Pennsylvania , be- comes Secretary of War , Simon Cam- eron ... <b>Memphis</b> , June 6 . Repulse of Confede
GB '"Ryan" "Memphis" 1865 Confederate agent Canada assassination' 3
    agUQAQAAMAAJ | Civil War Times Illustrated | 1982 | THE MYSTERIOUS PRISONER <b>Assassination</b> Suspect J. G. <b>Ryan</b> By Mark Katz ... <b>1865</b>. Manhunt- ers scattered in all directions from Washington , D.C. to ... <b>Memphis</b> , Tennessee , received an anonymo
    QRIvAQAAIAAJ | America, History and Life | 2004 | ... <b>1865</b> . 10577d Materialism . Interpersonal Relations . Literature . Men ... ( <b>Memphis</b> ) . 1972-92 . 7019a Mayr , Suzette ( Widows ) . <b>Canada</b> . Germany ... <b>Ryan</b> . 20c . 1961d - . Murrow , Ed
    nEIOAQAAMAAJ | People in History | 1988 | ... <b>AGENT</b> - AS - COLLECTOR DILEMMA . Southern California Q. 1982 64 ( 4 ) : 281 ... <b>RYAN</b> . <b>Civil War</b> Times Illus . 1982 21 ( 7 ) : 40-43 . <b>Confederate</b> Captain Jonathan George <b>Ryan</b> , a <
CA 'Ryan arrested Memphis' 1865-07-15/1865-08-31 28
    1865-08-16 | ['lamoille newsdealer (hyde park, vt.) 1860-1877'] | http://www.loc.gov/resource/sn84023428/1865-08-16/ed-1/?sp=2
    1865-08-12 | ['alexandria gazette (alexandria, d.c.) 1834-1974'] | http://www.loc.gov/resource/sn85025007/1865-08-12/ed-1/?sp=3
    1865-08-18 | ['the weekly pioneer and democrat (saint paul, minn. territory) 1855-1865'] | http://www.loc.gov/resource/sn83016751/1865-08-18/ed-1/?sp=3
    1865-08-18 | ['the weekly pioneer and democrat (saint paul, minn. territory) 1855-1865'] | http://www.loc.gov/resource/sn83016751/1865-08-18/ed-1/?sp=4
    1865-08-17 | ['civilian & telegraph (cumberland, md.) 1859-1875'] | http://www.loc.gov/resource/sn83016179/1865-08-17/ed-1/?sp=2
    1865-08-03 | ['dayton daily empire (dayton [ohio]) 1850-1865'] | http://www.loc.gov/resource/sn85026002/1865-08-03/ed-1/?sp=3
    1865-08-05 | ['shepherdstown register (shepherdstown, va. [w. va.]) 1849-1955'] | http://www.loc.gov/resource/sn84026824/1865-08-05/ed-1/?sp=2
    1865-07-25 | ['delaware state journal and statesman (wilmington, del.) 1855-1870'] | http://www.loc.gov/resource/sn84038112/1865-07-25/ed-1/?sp=2
    1865-07-21 | ['daily state sentinel (indianapolis, ind.) 1861-1865'] | http://www.loc.gov/resource/sn82015683/1865-07-21/ed-1/?sp=3
    1865-07-29 | ['arkansas state gazette (little rock, ark.) 1859-1866'] | http://www.loc.gov/resource/sn82016480/1865-07-29/ed-1/?sp=3
    1865-08-03 | ['daily ohio statesman (columbus, ohio) 1855-1870'] | http://www.loc.gov/resource/sn84028645/1865-08-03/ed-1/?sp=3
    1865-08-03 | ['chicago tribune (chicago, ill.) 1864-1872'] | http://www.loc.gov/resource/sn82014064/1865-08-03/ed-1/?sp=1
CA 'Ryan Memphis prisoner Washington' 1865-07-20/1865-08-31 21
    1865-08-16 | ['lamoille newsdealer (hyde park, vt.) 1860-1877'] | http://www.loc.gov/resource/sn84023428/1865-08-16/ed-1/?sp=2
    1865-08-12 | ['alexandria gazette (alexandria, d.c.) 1834-1974'] | http://www.loc.gov/resource/sn85025007/1865-08-12/ed-1/?sp=3
    1865-08-18 | ['the weekly pioneer and democrat (saint paul, minn. territory) 1855-1865'] | http://www.loc.gov/resource/sn83016751/1865-08-18/ed-1/?sp=3
    1865-08-18 | ['the weekly pioneer and democrat (saint paul, minn. territory) 1855-1865'] | http://www.loc.gov/resource/sn83016751/1865-08-18/ed-1/?sp=4
    1865-08-17 | ['civilian & telegraph (cumberland, md.) 1859-1875'] | http://www.loc.gov/resource/sn83016179/1865-08-17/ed-1/?sp=2
    1865-08-03 | ['dayton daily empire (dayton [ohio]) 1850-1865'] | http://www.loc.gov/resource/sn85026002/1865-08-03/ed-1/?sp=3
    1865-08-11 | ['the weekly pioneer and democrat (saint paul, minn. territory) 1855-1865'] | http://www.loc.gov/resource/sn83016751/1865-08-11/ed-1/?sp=9
    1865-08-03 | ['chicago tribune (chicago, ill.) 1864-1872'] | http://www.loc.gov/resource/sn82014064/1865-08-03/ed-1/?sp=1
    1865-08-25 | ['chicago tribune (chicago, ill.) 1864-1872'] | http://www.loc.gov/resource/sn82014064/1865-08-25/ed-1/?sp=1
    1865-07-28 | ['daily richmond whig (richmond, va.) 1865-1869'] | http://www.loc.gov/resource/sn84024660/1865-07-28/ed-1/?sp=3
    1865-08-03 | ['daily ohio statesman (columbus, ohio) 1855-1870'] | http://www.loc.gov/resource/sn84028645/1865-08-03/ed-1/?sp=3
    1865-08-05 | ['the cecil whig (elkton, md.) 1841-current'] | http://www.loc.gov/resource/sn83016348/1865-08-05/ed-1/?sp=2
CA 'Ryan Barton Memphis' 1865-07-15/1865-08-31 4
    1865-08-21 | ['daily richmond whig (richmond, va.) 1865-1869'] | http://www.loc.gov/resource/sn84024660/1865-08-21/ed-1/?sp=3
    1865-08-12 | ['chicago tribune (chicago, ill.) 1864-1872'] | http://www.loc.gov/resource/sn82014064/1865-08-12/ed-1/?sp=1
    1865-08-21 | ['chicago tribune (chicago, ill.) 1864-1872'] | http://www.loc.gov/resource/sn82014064/1865-08-21/ed-1/?sp=3
    1865-08-24 | ['chicago tribune (chicago, ill.) 1864-1872'] | http://www.loc.gov/resource/sn82014064/1865-08-24/ed-1/?sp=3
CA 'signed Canada' 1865-06-15/1865-07-31 942
    1865-07-07 | ['bedford inquirer (bedford, pa.) 1857-1884'] | http://www.loc.gov/resource/sn83032006/1865-07-07/ed-1/?sp=1
    1865-06-28 | ['daily national intelligencer (washington city [d.c.]) 1813-1869'] | http://www.loc.gov/resource/sn83026172/1865-06-28/ed-1/?sp=2
    1865-06-30 | ['the vermont transcript (st. albans, vt.) 1864-1870'] | http://www.loc.gov/resource/sn84023246/1865-06-30/ed-1/?sp=2
    1865-07-27 | ['rutland weekly herald (rutland, vt.) 1859-1877'] | http://www.loc.gov/resource/sn84022367/1865-07-27/ed-1/?sp=1
    1865-06-16 | ['delaware gazette (delaware, ohio) 1855-1886'] | http://www.loc.gov/resource/sn83035595/1865-06-16/ed-1/?sp=2
    1865-06-15 | ['the jeffersonian (stroudsburg, pa.) 1853-1911'] | http://www.loc.gov/resource/sn84026399/1865-06-15/ed-1/?sp=1
    1865-06-15 | ['the lancaster gazette (lancaster, ohio) 1863-1886'] | http://www.loc.gov/resource/sn84024207/1865-06-15/ed-1/?sp=1
    1865-07-13 | ['the portland daily press (portland, me.) 1862-1921'] | http://www.loc.gov/resource/sn83016025/1865-07-13/ed-1/?sp=2
    1865-06-24 | ['the cleveland leader (cleveland [ohio]) 1865-1865'] | http://www.loc.gov/resource/sn83035144/1865-06-24/ed-1/?sp=1
    1865-06-27 | ['evening star (washington, d.c.) 1854-1972'] | http://www.loc.gov/resource/sn83045462/1865-06-27/ed-1/?sp=2
    1865-07-14 | ['the weekly journal (camden, s.c.) 1865-1865'] | http://www.loc.gov/resource/sn93067983/1865-07-14/ed-1/?sp=4
    1865-06-28 | ['new-york daily tribune (new-york [n.y.]) 1842-1866'] | http://www.loc.gov/resource/sn83030213/1865-06-28/ed-1/?sp=1
CA 'Ryan rebel papers cipher' 1865-07-20/1865-08-31 0
CA 'Ryan Old Capitol Memphis' 1865-07-25/1865-09-15 14
    1865-08-03 | ['new-york daily tribune (new-york [n.y.]) 1842-1866'] | http://www.loc.gov/resource/sn83030213/1865-08-03/ed-1/?sp=1
    1865-08-26 | ['dallas herald (dallas, tex.) 1849-1873'] | http://www.loc.gov/resource/sn84022278/1865-08-26/ed-1/?sp=1
    1865-08-03 | ['daily national intelligencer (washington city [d.c.]) 1813-1869'] | http://www.loc.gov/resource/sn83026172/1865-08-03/ed-1/?sp=3
    1865-08-11 | ['new-york daily tribune (new-york [n.y.]) 1842-1866'] | http://www.loc.gov/resource/sn83030213/1865-08-11/ed-1/?sp=7
    1865-08-11 | ['the weekly pioneer and democrat (saint paul, minn. territory) 1855-1865'] | http://www.loc.gov/resource/sn83016751/1865-08-11/ed-1/?sp=9
    1865-07-29 | ['arkansas state gazette (little rock, ark.) 1859-1866'] | http://www.loc.gov/resource/sn82016480/1865-07-29/ed-1/?sp=3
    1865-08-03 | ['chicago tribune (chicago, ill.) 1864-1872'] | http://www.loc.gov/resource/sn82014064/1865-08-03/ed-1/?sp=1
    1865-08-03 | ['daily ohio statesman (columbus, ohio) 1855-1870'] | http://www.loc.gov/resource/sn84028645/1865-08-03/ed-1/?sp=3
    1865-08-03 | ['worcester daily spy (worcester [mass.]) 1850-1888'] | http://www.loc.gov/resource/sn83021205/1865-08-03/ed-1/?sp=2
    1865-08-05 | ['the cecil whig (elkton, md.) 1841-current'] | http://www.loc.gov/resource/sn83016348/1865-08-05/ed-1/?sp=2
    1865-09-06 | ['the weekly north iowa times (mcgregor, iowa) 1857-1867'] | http://www.loc.gov/resource/sn84027238/1865-09-06/ed-1/?sp=2
    1865-08-05 | ['the norfolk post (norfolk, va.) 1865-1866'] | http://www.loc.gov/resource/sn85038624/1865-08-05/ed-1/?sp=2
IA 'title:("papers of andrew johnson")' [('papersofandrewjo0005unse', 'The papers of Andrew Johnson / Vol. 5, 1', '5', '1979'), ('papersofandrewjo0003john_j9k7', 'The papers of Andrew Johnson', '3', '1967'), ('papersofandrewjo0013unse', 'The papers of Andrew Johnson', '13', '1996'), ('papersofandrewjo0002unse', 'The papers of Andrew Johnson / Vol. 2, 1', '2', '1970'), ('papersofandrewjo0002john', 'The papers of Andrew Johnson', '2', '1967'), ('papersofandrewjo0011unse', 'The papers of Andrew Johnson. Editors: L', '11', '1967'), ('papersofandrewjo0012unse', 'The papers of Andrew Johnson. Vol.12, Fe', '12', '1995'), ('papersofandrewjo0001john', 'The papers of Andrew Johnson', '1', '1967'), ('papersofandrewjo0010unse', 'The papers of Andrew Johnson. Editors: L', '10', '1967'), ('papersofandrewjo0009john', 'The papers of Andrew Johnson', '9', '1967'), ('papersofandrewjo0008unse', 'The papers of Andrew Johnson. Editors: L', '8', '1967'), ('papersofandrewjo0015john', 'The papers of Andrew Johnson', '15', '1967'), ('papersofandrewjo0001unse', 'papers of andrew johnson', '1', '1967'), ('papersofandrewjo0014john', 'The papers of Andrew Johnson', '14', '1967'), ('papersofandrewjo0004unse', 'the papers of andrew johnson', '4', '1976'), ('papersofandrewjo0003john', 'The papers of Andrew Johnson', '3', '1967'), ('papersofandrewjo0007unse', 'The papers of Andrew Johnson. Editors: L', '7', '1967'), ('papersofandrewjo0000unse', 'The papers of Andrew Johnson', None, '1972')]
IA 'title:("assassination of President Lincoln and the trial of the conspirators")' [('assassinationofp01pitm', 'The assassination of President Lincoln a', 'c.1', '1865'), ('assassinationofp03pitm', 'The assassination of President Lincoln a', 'c.3', '1865'), ('bwb_W7-CXW-591', 'the assassination of president lincoln a', None, '1989'), ('assassinationofp0000unse_s4c0', 'the assassination of president lincoln a', None, '1954'), ('assassinationpr01herogoog', 'The assassination of President Lincoln a', None, '1865'), ('assassinationpr00herogoog', 'The assassination of President Lincoln a', None, '1865'), ('assaspreslincoln00herorich', 'The assassination of President Lincoln a', None, '1865'), ('trialassassinati0000unse_m4t2', 'The trial : the assassination of Preside', None, '2003'), ('assassinationpr02herogoog', 'The assassination of President Lincoln a', None, '1865'), ('assassinationofp00hero', 'The assassination of President Lincoln a', None, '1865'), ('55931160R.nlm.nih.gov', 'The assassination of President Lincoln a', None, '1865'), ('trialassassinati0000unse_q0c9', 'The trial : the assassination of Preside', None, '2003'), ('assassinationofp0000unse_h3p2', 'The assassination of President Lincoln a', None, '1974'), ('trialassassinati0000unse', 'The trial : the assassination of Preside', None, '2003')]
S2 'J. N. Ryan Memphis 1865 arrest Confederate' 2 [('ATP 6 V 0 C Competes with Von Hippel-Lindau Protein in Hypox', 2007), ('Bafilomycin Induces the p 21-Mediated Growth Inhibition of C', 2006)]
CORE 'J. N. Ryan Memphis 1865 arrest Confederate' 29767960 ["'To live and die [for] Dixie': Irish civilians and the Confe", 'Suppressing Asset Price Inflation: The Confederate Experienc', 'Phantoms of Anglo-Confederate commerce : an historical and a', 'Phantoms of Anglo-Confederate commerce : an historical and a', 'Phantoms of Anglo-Confederate commerce : an historical and a']
OA 'J. N. Ryan Memphis 1865 arrest Confederate' 55 ['The Confederate Defense of Mobile, 1861-1865. (Volumes I-Ii)', "'This is the White Man's Day': The Irish, White Racial Ident", 'Etched in Stone: Historic Preservation Law and Confederate M', 'Confederate Borderland, Indian Homeland: Slavery, Sovereignt', 'Confederate Soldiers with a Kentucky Connection on File with']
S2 'Memphis provost marshal 1865 Barton' HTTP Error 429:  []
CORE 'Memphis provost marshal 1865 Barton' 1112171 ['Loyalty Oath from H. Beard, Captain and Provost Marshal', 'Yellow Fever in Memphis (Documentary Video)', 'Video - Christmas in Memphis (Documentary Video)', 'Video - Memphis Mardi Gras (Documentary Video)', 'State Fire Marshal newsletter']
OA 'Memphis provost marshal 1865 Barton' 8 ['A Most Unpleasant Part of Your Duties: Military Occupation i', 'War in Earnest: The Union and its Effort to Wage a Just War', 'The Garrison War: Culture, Race, and the Problem of Military', 'How Abe Lincoln Lost the Black Vote: Lincoln and Emancipatio', 'A Glittering Hope at the Darkest Time: Refugees and the West']
requests {'googleapis': 8, 'loc.gov': 6, 'archive.org': 2, 'semanticscholar': 2, 'core': 2, 'openalex': 2}
