GB '"Colonel Ferry" quartermaster Louisville 1864' 2
    GVd-3QvqeagC | Congressional Record | 1888 | ... <b>1864</b> , in pursuance of a written contract made with the medical purveyor at <b>Louisville</b> , Ky . , and approved ... <b>Colonel Ferry</b> . In pursuance of the protest made by the claimants , and to recover such losses as they
    PQruXwnmdj4C | Congressional Record | 1888 | ... <b>1864</b> , in pursuance of a written contract made with the medical purveyor at <b>Louisville</b> ... <b>quartermaster</b> United States Army , stationed at <b>Louisville</b> , Ky ... <b>Colonel Ferry</b> . In pursuance of the protes
GB '"Ferry" "chief quartermaster" Louisville 1864' 27
    3x4_AQAAMAAJ | The United States Army and Navy Journal and Gazette of the Regular and | 1865 | ... <b>1864</b> , from this office . Special Orders No. 268 , Adjutant General&#39;s Office , August 12 , <b>1864</b> . Captain Daniel ... <b>Ferry</b> . [ To <b>Louisville</b> , Kentucky . ] To enter at once upon his duties as <b>chief qua
    G5sFAAAAQAAJ | House Documents, Otherwise Publ. as Executive Documents | 1865 | ... <b>1864</b> . 2 OFFICERS ASSIGNED IN THE T G. S. Dodge J. H. <b>Ferry</b> . <b>Chief quartermaster</b> principal depot , <b>Louisville</b> , Ky . Names . To what duty assigned . Rank . From what force selected . J. A. Ellison .... M. J.
    9b1OAQAAMAAJ | The Army & Navy Official Gazette | 1865 | ... <b>Chief Quartermaster</b> Northern Depart- ment , to repair at once , via <b>Louisville</b> , Kentucky , to his post at Columbus ... <b>FERRY</b> . [ To <b>Louisville</b> , Ken- tucky . ] To enter at once upon his duties as <b>Chief Qu
    dQpJAQAAIAAJ | Army and Navy Official Gazette | None | ... <b>Chief Quartermaster</b> Northern Depart- ment , to repair at once , via <b>Louisville</b> , Kentucky , to his post at Columbus ... <b>FERRY</b> . [ To <b>Louisville</b> , Ken- tucky . ] To enter at once upon his duties as <b>Chief Qu
    ePkVZ9RSsacC | Army & Navy Official Gazette | 1865 | ... <b>Chief Quartermaster</b> Department New Mexico . Special Orders , No. 306 , Adjutant Gen- eral&#39;s Office , September 16 ... <b>FERRY</b> . [ To Memphis , Tennes- see . ] Relieved from duty as Chief Quar- termaster of Depot at <b>Lo
    w-VCAAAAIAAJ | Records of Living Officers of the United States Army | 1883 | ... <b>chief quartermaster</b> of General Sherman&#39;s ex- peditionary corps to Port Royal ... <b>Ferry</b> , Va .; 1862-65 , military governor of the Department of the South ... <b>Louisville</b> , Kentucky . Bingham , Judson D. Born in N
    vmxFAQAAMAAJ | Army, Navy, Air Force Journal & Register | 1864 | ... <b>1864</b> , from this office . Special Orders No. partment , on being relieved , will ... <b>Chief Quartermaster</b> Fourth Division Quartermaster&#39;s DepartCaptain Edward L ... <b>Ferry</b> . ( To <b>Louisville</b> , Kentucky . ) T
    _C1RAQAAIAAJ | The War of the Rebellion: Formal reports, both Union and Confederate,  | 1971 | ... <b>Louisville</b> , Ky . , December 3 , <b>1864</b> . This command will march at 8 a . m ... <b>chief quartermaster</b> Cavalry Corps . I cannot impress it too strongly upon ... <b>Ferry</b> , December 3 , <b>1864</b>–12 m . Capt . W. B
GB '"Terry" quartermaster depot Louisville 1864 funds' 3
    7KNMAAAAYAAJ | The United States Army and Navy Journal and Gazette of the Regular and | 1865 | ... <b>Depot Quartermaster</b> . Robert Allen , <b>Louisville</b> , Ky . , Chief <b>Quartermaster</b> Valley of the Mississippi . Rufus ... <b>Terry</b> , Richmond , Va . , commanding Department of Vir- ginia . John A. Rawlins , Washington 
    naw0AQAAMAAJ | Armed Forces Journal International | 1864 | ... <b>1864</b> , for faithful and highly meritori- ous serviccs in the field : Brigadier - General H. J. Hunt , to be brevet ... <b>Terry</b> , U. S. Vols . , to command the First Division , Twenty - fourth Army Corps . Brevet Brigadier - 
    r1ZFAQAAMAAJ | The Journal of the Armed Forces | 1882 | ... <b>Terry&#39;s</b> headquarters at Fort Spelling . LIEUT . H. H. Adams , 18th U. S. ... <b>Quartermaster</b> of the Leavenworth Military prison , left Saturday afternoon ... <b>Louisville</b> , Ky . , died Wednesday night in the 63d yea
GB '"Robert Allen" Louisville quartermaster 1864 "Ferry"' 24
    Eug9AQAAMAAJ | Memoirs of Gen. W. T. Sherman | 1892 | William Tecumseh Sherman. Jeffersonville , Indiana . He and General <b>Robert Allen</b> , then <b>quartermaster</b> - general at <b>Louisville</b> , arranged a <b>ferry</b> ... <b>1864</b> , and has been the subject of congressional inquiry
    gsMEAAAAYAAJ | Memoirs of General William T. Sherman | 1886 | William Tecumseh Sherman. Jeffersonville , Indiana . He and General <b>Robert Allen</b> , then <b>quartermaster</b> - general at <b>Louisville</b> , arranged a <b>ferry</b> ... <b>1864</b> , and has been the subject of congressional inquiry
    v5q1UAdraeQC | Memoirs of General William T. Sherman | 1875 | In Two Volumes Sherman. Jeffersonville , Indiana . He and General <b>Robert Allen</b> , then <b>quartermaster</b> - general at <b>Louisville</b> , arranged a <b>ferry</b> ... <b>1864</b> , and has been the subject of congressional inquiry .
    CurZEQAAQBAJ | The Memoirs of General William Tecumseh Sherman | 2025-09-23 | ... <b>Robert Allen</b> , then <b>quartermaster</b> - general at <b>Louisville</b> , arranged a <b>ferry</b> - boat so as to transfer the trains over the Ohio River from Jeffersonville , and in a short time we had cars and locomotives from 
    R_hlAAAAcAAJ | Memoirs of General William T. Sherman by himself | 1875 | ... <b>Robert Allen</b> , then <b>quartermaster</b> - general at <b>Louisville</b> , arranged a <b>ferry</b> ... <b>1864</b> , and has been the subject of congressional inquiry . No doubt ... <b>1864</b> . ATLANTA CAMPAIGN .
    c9w4AQAAMAAJ | Memoirs of Gen. William T. Sherman | 1891 | ... <b>Robert Allen</b> , then <b>quartermaster</b> - general at <b>Louisville</b> , arranged a <b>ferry</b> ... <b>1864</b> , and has been the subject of congressional inquiry . No doubt ... <b>1864</b> . ATLANTA CAMPAIGN .
    u9VaOhlipwUC | Memoirs | 1875 | William Tecumseh Sherman. Jeffersonville , Indiana . He and General <b>Robert Allen</b> , then <b>quartermaster</b> - general at <b>Louisville</b> , arranged a <b>ferry</b> ... <b>1864</b> , and has been the subject of congressional inquiry
    b1sPAQAAMAAJ | The Mereness Calendar | 1971 | ... <b>Quartermaster</b> General&#39;s Office Charles Thomas to E.M.Stanton ... <b>Robert Allen</b> , <b>Louisville</b> , Ky . Allen is asked to state what he considers a ... <b>Ferry</b> to . E.M.Stanton , Secretary of War . An acknowledgm
GB '"withdraw" "all Government funds" quartermaster 1864 Meigs Allen' 3
    WnRIAQAAMAAJ | Army & Navy Official Gazette | 1864 | ... <b>all</b> pay and emoluments , to date from the 6th day of September , 1863. ( G. 0. 4 , Headquarters Army of the Potomac , Feb- ruary 13 , <b>1864</b> ... <b>Government</b> . It is absolutely necessary , I know , where many payments a
    9b1OAQAAMAAJ | The Army & Navy Official Gazette | 1865 | ... <b>1864</b> . SIR : Your communication of this date has been received at this office . In answer thereto the following ... <b>Allen</b> and others . In reply , I have the honor to inform you that with every disposition to make allowance
    dQpJAQAAIAAJ | Army and Navy Official Gazette | None | ... <b>1864</b> . SIR : Your communication of this date has been received at this office . In answer thereto the following ... <b>Government</b> pur- sued the case to a final acquittal or conviction . Under the constitutional provision , wh
GB '"Devereux" "go West" Stanton 1864 McCallum' 2
    oKoxAQAAMAAJ | Railroad Gazette | 1879 | ... <b>Stanton</b> Branch . - Service extended from <b>Stanton</b> , Mich . , to Blanchard ... <b>McCallum</b> died at his residence_in Brooklyn , N. Y. , Dec. 27 , of congestion ... <b>1864</b> was made Brigadier General and placed in char
    VY5yOm0FHiYC | Railroad Age Gazette | 1879 | ... <b>Stanton</b> Branch . - Service extended from <b>Stanton</b> , Mich . , to Blanchard ... <b>McCallum</b> died at his residence in was born in Scotland in 1815 , but came to ... <b>1864</b> was made Brigadier General and placed in char
GB '"Whiton" McCallum 1864 telegram' 0
GB '"Devereux" Stanton "not willing" 1864' 24
    SngpAQAAIAAJ | Miss Devereux of the Mariquita | 1895 | ... <b>1864</b> , &quot; he replied , turning over his notes . &quot; I did <b>not</b> go up there after ... <b>want</b> the time fixed . &quot; &quot; Oh yes ! I passed through this year . The store ... <b>not</b> leave you then , <b>Stant
    ws5CAQAAMAAJ | The Biographical Cyclopædia and Portrait Gallery with an Historical Sk | 1887 | ... <b>STANTON</b> . &quot; J. H. <b>DEVEREUX</b> , Superintendent , etc. , Alexandria , Virginia ... <b>1864</b> , when he saw that the end was drawing near , and then decided to seek ... <b>not</b> only the knowledge that he had done a no
    1EBIAQAAIAAJ | Magazine of Western History | 1886 | ... <b>Devereux</b> in this department de- serves more detailed and complete de- scription than is possible in the limits here assigned . But it must be said that it was appreciated , <b>not</b> only by the country at large , and in a gener
    22QKAQAAMAAJ | Magazine of Western History | 1886 | ... <b>Devereux</b> in this department de- serves more detailed and complete de- scription than is possible in the limits here assigned . But it must be said that it was appreciated , <b>not</b> only by the country at large , and in a gener
    Kd86AQAAIAAJ | The National Magazine; A Monthly Journal of American History | 1886 | ... <b>Devereux</b> in this department de- serves more detailed and complete de- scription than is possible in the limits here assigned . But it must be said that it was appreciated , <b>not</b> only by the country at large , and in a gener
    -GsjAQAAMAAJ | The National Magazine | 1886 | ... <b>Devereux</b> in this department de- serves more detailed and complete de- scription than is possible in the limits here assigned . But it must be said that it was appreciated , <b>not</b> only by the country at large , and in a gener
    JT2zJiE3EcUC | Story of the War | 1881 | ... <b>not</b> to prosecute operations against Hicksford , the strategic value of which ... <b>1864</b> spent in the lines before Peters- burg will <b>not</b> soon be forgotten ... <b>Stanton</b> : its suc- cessful management is to be credi
    I4ZUAAAAcAAJ | The Illustrated London News | 1865 | ... <b>not</b> of a high cha- racter . The big Inca made a sad exhibition of himself in the Craven Stakes , where the winner ... <b>Stanton</b> was second , and Sidewind , who was sold for £ 1000 that afternoon , third . The Union Plate , i
GB '"Isaac Surratt" Baltimore Baker October 1865' 1
    k_Co6TgBGQUC | Protecting President Lincoln | 2011-10-14 | ... <b>Baltimore</b> Plot to Assassinate Abraham Lincoln . ” Harper&#39;s Monthly Magazine 37 , no . 217 ( June 1868 ) : pp ... <b>Isaac , ” Surratt</b> Courier , Vol . 11 , no . 5 , May , 1986 , p . 1 . &quot; John Surratt and the Lincoln 
GB '"Isaac Surratt" "Baltimore" 1865 detective watch' 0
GB '"Isaac Surratt" Eckert 1865' 2
    yLj4gzDRw6cC | The New York Times Index | 1966 | 
    3dEJrBoi_DoC | The New York Times Index. "Prior Series." | 1966 | 
GB '"keep a very close watch" Surratt' 111
    1yPVDAAAQBAJ | John Surratt | 2016-07-14 | ... <b>keep</b> such things in the house ......... . He then carried me into a room that I had never been in , which was just ... <b>very</b> uneasy about his horse and gave my little nephew a quarter to <b>watch</b> his horse to <b>keep</b
    dpZIAQAAMAAJ | Harpers Weekly | 1867 | ... <b>SURRATT</b> LEAVING THE UNITED STATES GUN - BOAT &quot; SWATARA . &quot; - [ SKETCHED BY A. M&#39;CALLUM . ] SURRATTSVILLE , THE HOME ... <b>close watch</b> on him . This surveillance was maintained for nearly a year , when it was di
    xRx3AAAAMAAJ | Death to Traitors | 1960 | ... <b>Surratt</b> was well known around his headquarters . In the prewar years her ... <b>up</b> to her tavern , John would always come out bowing , with a smirk on ... <b>close watch</b> on Mrs. <b>Surratt</b> but he felt she was more use
    yEAfAQAAMAAJ | Collier's | 1936 | ... <b>Surratt</b> and Torveen said , &quot; No , &quot; almost in unison . The unanimity of ... <b>Watch</b> out , <b>Surratt</b> ! &quot; <b>Surratt</b> bent . &quot; He&#39;s runnin &#39; . Who was it ? &quot; his ... <b>keep watch</b> o
    R6FufnwY-Z4C | The Reporter | 1867 | ... <b>up</b> to the door ? A. He was at the back door , about the entry , and at the ring at the door and the bell he came forward ; and Captain Wermerskirch and myself were standing at the parlor door while Mrs. <b>Surratt</b> and the lad
    hpH_KfWfoCkC | The Assassination of President Lincoln and the Trial of the Conspirato | 2006 | ... <b>very</b> hour when these prepa- they co - operated , concurring in the execution rations were going on , was lying in wait at of the common design . Roscoe , 416 . Rullman&#39;s , on the Avenue , <b>keeping watch</b> ... <b>Surratt</
    3BJv0EPr7ygC | The Trial | 2010-09-12 | ... <b>very</b> hour when these prepa- they co - operated , concurring in the execution rations were going on , was lying in wait at of the common design . Roscoe , 416 . Rullman&#39;s , on the Avenue , <b>keeping watch</b> ... <b>Surratt</
    mUIuAAAAYAAJ | Henry B. Ste. Marie V. the United States | 1865 | 
CA 'Colonel Ferry quartermaster' 1864-09-01/1865-03-31 437
    1865-01-27 | ['the jeffersonian democrat (chardon, ohio) 1854-1865'] | http://www.loc.gov/resource/sn84028083/1865-01-27/ed-1/?sp=1
    1864-10-28 | ['evening star (washington, d.c.) 1854-1972'] | http://www.loc.gov/resource/sn83045462/1864-10-28/ed-1/?sp=4
    1864-12-02 | ['the portland daily press (portland, me.) 1862-1921'] | http://www.loc.gov/resource/sn83016025/1864-12-02/ed-1/?sp=1
    1865-03-18 | ['the new york herald (new york [n.y.]) 1840-1920'] | http://www.loc.gov/resource/sn83030313/1865-03-18/ed-1/?sp=1
    1864-12-17 | ['the burlington weekly hawk-eye (burlington [iowa]) 1860-1876'] | http://www.loc.gov/resource/sn84027060/1864-12-17/ed-1/?sp=6
    1865-03-14 | ['daily national intelligencer (washington city [d.c.]) 1813-1869'] | http://www.loc.gov/resource/sn83026172/1865-03-14/ed-1/?sp=2
    1864-12-13 | ['the western democrat (charlotte, n.c.) 1852-1870'] | http://www.loc.gov/resource/sn84020712/1864-12-13/ed-1/?sp=3
    1864-11-01 | ['delaware state journal and statesman (wilmington, del.) 1855-1870'] | http://www.loc.gov/resource/sn84038112/1864-11-01/ed-1/?sp=1
    1864-09-02 | ['dayton daily empire (dayton [ohio]) 1850-1865'] | http://www.loc.gov/resource/sn85026002/1864-09-02/ed-1/?sp=2
    1865-03-20 | ['new-york daily tribune (new-york [n.y.]) 1842-1866'] | http://www.loc.gov/resource/sn83030213/1865-03-20/ed-1/?sp=7
    1865-03-15 | ['daily ohio statesman (columbus, ohio) 1855-1870'] | http://www.loc.gov/resource/sn84028645/1865-03-15/ed-1/?sp=3
    1865-01-28 | ['the nashville daily union (nashville, tenn.) 1862-1866'] | http://www.loc.gov/resource/sn83025718/1865-01-28/ed-1/?sp=3
CA 'Ferry quartermaster Louisville' 1864-09-01/1865-03-31 180
    1865-03-31 | ['the liberator (boston, mass.) 1831-1865'] | http://www.loc.gov/resource/sn84031524/1865-03-31/ed-1/?sp=3
    1865-01-28 | ['the nashville daily union (nashville, tenn.) 1862-1866'] | http://www.loc.gov/resource/sn83025718/1865-01-28/ed-1/?sp=3
    1865-03-04 | ["soldier's letter (kansas city, mo.) 1864-1865"] | http://www.loc.gov/resource/sn84030143/1865-03-04/ed-1/?sp=4
    1865-01-31 | ['the nashville daily union (nashville, tenn.) 1862-1866'] | http://www.loc.gov/resource/sn83025718/1865-01-31/ed-1/?sp=3
    1864-11-28 | ['the camden daily journal (camden, s.c.) 1864-1864'] | http://www.loc.gov/resource/sn84027852/1864-11-28/ed-1/?sp=1
    1864-12-20 | ['the nashville daily union (nashville, tenn.) 1862-1866'] | http://www.loc.gov/resource/sn83025718/1864-12-20/ed-1/?sp=3
    1864-09-02 | ['dayton daily empire (dayton [ohio]) 1850-1865'] | http://www.loc.gov/resource/sn85026002/1864-09-02/ed-1/?sp=2
    1864-09-26 | ['new-york daily tribune (new-york [n.y.]) 1842-1866'] | http://www.loc.gov/resource/sn83030213/1864-09-26/ed-1/?sp=1
    1865-03-15 | ['daily ohio statesman (columbus, ohio) 1855-1870'] | http://www.loc.gov/resource/sn84028645/1865-03-15/ed-1/?sp=3
    1864-11-09 | ['weekly standard (raleigh, n.c.) 1858-1865'] | http://www.loc.gov/resource/sn83045706/1864-11-09/ed-1/?sp=2
    1864-10-06 | ['new-york daily tribune (new-york [n.y.]) 1842-1866'] | http://www.loc.gov/resource/sn83030213/1864-10-06/ed-1/?sp=3
    1864-12-09 | ['new orleans tribune (new orleans [la.]) 1864-187?'] | http://www.loc.gov/resource/sn83016710/1864-12-09/ed-1/?sp=2
CA 'Terry quartermaster Louisville' 1864-09-01/1864-12-31 25
    1864-11-05 | ['the burlington weekly hawk-eye (burlington [iowa]) 1860-1876'] | http://www.loc.gov/resource/sn84027060/1864-11-05/ed-1/?sp=5
    1864-10-07 | ['the weekly pioneer and democrat (saint paul, minn. territory) 1855-1 | http://www.loc.gov/resource/sn83016751/1864-10-07/ed-1/?sp=8
    1864-10-17 | ['daily intelligencer (wheeling, va. [w. va.]) 1859-1865'] | http://www.loc.gov/resource/sn84026845/1864-10-17/ed-1/?sp=4
    1864-10-07 | ['muscatine weekly journal (muscatine, iowa) 185?-1890'] | http://www.loc.gov/resource/sn84027253/1864-10-07/ed-1/?sp=1
    1864-12-18 | ['chicago tribune (chicago, ill.) 1864-1872'] | http://www.loc.gov/resource/sn82014064/1864-12-18/ed-1/?sp=3
    1864-11-01 | ['daily ohio statesman (columbus, ohio) 1855-1870'] | http://www.loc.gov/resource/sn84028645/1864-11-01/ed-1/?sp=3
    1864-12-09 | ['the new york herald (new york [n.y.]) 1840-1920'] | http://www.loc.gov/resource/sn83030313/1864-12-09/ed-1/?sp=1
    1864-12-19 | ['chicago tribune (chicago, ill.) 1864-1872'] | http://www.loc.gov/resource/sn82014064/1864-12-19/ed-1/?sp=3
    1864-12-10 | ['evening star (washington, d.c.) 1854-1972'] | http://www.loc.gov/resource/sn83045462/1864-12-10/ed-1/?sp=2
    1864-10-08 | ['ashtabula weekly telegraph (ashtabula, ohio) 1853-1873'] | http://www.loc.gov/resource/sn83035216/1864-10-08/ed-1/?sp=2
    1864-09-16 | ['chicago tribune (chicago, ill.) 1864-1872'] | http://www.loc.gov/resource/sn82014064/1864-09-16/ed-1/?sp=1
    1864-12-23 | ['new-york daily tribune (new-york [n.y.]) 1842-1866'] | http://www.loc.gov/resource/sn83030213/1864-12-23/ed-1/?sp=1
CA 'Devereux Anderson McCallum' 1864-01-25/1864-03-15 0
CA 'Isaac Surratt' 1865-10-15/1865-11-30 18
    1865-11-13 | ['daily national intelligencer (washington city [d.c.]) 1813-1869'] | http://www.loc.gov/resource/sn83026172/1865-11-13/ed-1/?sp=2
    1865-11-20 | ['daily national intelligencer (washington city [d.c.]) 1813-1869'] | http://www.loc.gov/resource/sn83026172/1865-11-20/ed-1/?sp=4
    1865-11-01 | ['the star of the north (bloomsburg, pa.) 1849-1866'] | http://www.loc.gov/resource/sn85025182/1865-11-01/ed-1/?sp=2
    1865-11-04 | ['gold hill daily news (gold hill, n.t. [nev.]) 1863-1882'] | http://www.loc.gov/resource/sn84022046/1865-11-04/ed-1/?sp=2
    1865-11-29 | ['the daily phoenix (columbia, s.c.) 1865-1878'] | http://www.loc.gov/resource/sn84027008/1865-11-29/ed-1/?sp=3
    1865-10-28 | ['new-york daily tribune (new-york [n.y.]) 1842-1866'] | http://www.loc.gov/resource/sn83030213/1865-10-28/ed-1/?sp=1
    1865-11-16 | ['the ebensburg alleghanian (ebensburg, pa.) 1865-1871'] | http://www.loc.gov/resource/sn85054846/1865-11-16/ed-1/?sp=2
    1865-10-25 | ['evening star (washington, d.c.) 1854-1972'] | http://www.loc.gov/resource/sn83045462/1865-10-25/ed-1/?sp=2
    1865-10-28 | ['baltimore daily commercial (baltimore, md.) 1865-1867'] | http://www.loc.gov/resource/sn83009569/1865-10-28/ed-1/?sp=1
    1865-10-28 | ['gold hill daily news (gold hill, n.t. [nev.]) 1863-1882'] | http://www.loc.gov/resource/sn84022046/1865-10-28/ed-1/?sp=2
    1865-10-30 | ['worcester daily spy (worcester [mass.]) 1850-1888'] | http://www.loc.gov/resource/sn83021205/1865-10-30/ed-1/?sp=1
    1865-11-25 | ['worcester daily spy (worcester [mass.]) 1850-1888'] | http://www.loc.gov/resource/sn83021205/1865-11-25/ed-1/?sp=2
CA 'Surratt Baltimore watched' 1865-10-15/1865-12-31 38
    1865-11-20 | ['daily national intelligencer (washington city [d.c.]) 1813-1869'] | http://www.loc.gov/resource/sn83026172/1865-11-20/ed-1/?sp=4
    1865-12-19 | ['daily national intelligencer (washington city [d.c.]) 1813-1869'] | http://www.loc.gov/resource/sn83026172/1865-12-19/ed-1/?sp=4
    1865-12-13 | ['daily national intelligencer (washington city [d.c.]) 1813-1869'] | http://www.loc.gov/resource/sn83026172/1865-12-13/ed-1/?sp=4
    1865-11-27 | ['daily national intelligencer (washington city [d.c.]) 1813-1869'] | http://www.loc.gov/resource/sn83026172/1865-11-27/ed-1/?sp=4
    1865-11-01 | ['daily national republican (washington, d.c.) 1862-1866'] | http://www.loc.gov/resource/sn86053570/1865-11-01/ed-1/?sp=1
    1865-11-01 | ['cleveland daily leader ([cleveland, ohio]) 1865-1873'] | http://www.loc.gov/resource/sn85042437/1865-11-01/ed-1/?sp=1
    1865-10-27 | ['evening star (washington, d.c.) 1854-1972'] | http://www.loc.gov/resource/sn83045462/1865-10-27/ed-1/?sp=2
    1865-11-01 | ['the wheeling daily register (wheeling, w. va.) 1864-1878'] | http://www.loc.gov/resource/sn84026847/1865-11-01/ed-1/?sp=2
    1865-10-28 | ['daily national intelligencer (washington city [d.c.]) 1813-1869'] | http://www.loc.gov/resource/sn83026172/1865-10-28/ed-1/?sp=3
    1865-10-24 | ['gold hill daily news (gold hill, n.t. [nev.]) 1863-1882'] | http://www.loc.gov/resource/sn84022046/1865-10-24/ed-1/?sp=2
    1865-11-13 | ['the wheeling daily intelligencer (wheeling, w. va.) 1865-1903'] | http://www.loc.gov/resource/sn84026844/1865-11-13/ed-1/?sp=3
    1865-11-11 | ['daily national republican (washington, d.c.) 1862-1866'] | http://www.loc.gov/resource/sn86053570/1865-11-11/ed-1/?sp=4
requests {'googleapis': 12, 'loc.gov': 6}
