Q "six vessels" Oriental intitle:Grant
  total 1
  - The Papers of Ulysses S. Grant | 1985 | mnRjmhe3QLoC | ... <b>Oriental</b> &#39; seven hundred &amp; seventy eight ( 778 ) men has sailed — The &#39; Suwo Nada &#39; nine hundred &amp; thirty ( 930 ) men will start in half an hour — This makes <b>six vessels</b> , 5109 men , all as ordered— &quot; ALS ( telegram s
Q "arms were sent from here to Harper's Ferry"
  total 363
  - The Guns of Harpers Ferry | 1968 | UyUTAAAAYAAJ | ... Ferry <b>firearms were</b> made , or upon who made them , other than to mention <b>here</b> ... <b>arms</b> , one must not forget that , during many of <b>Harpers Ferry&#39;s</b> years ... <b>sent</b> to the Model Office , another <b>was sent</b> to each a
  - My Father's Faith | 2008-09-29 | j2xrgrixYDIC | ... <b>arms</b>-producing center with lots of mills, numerous gun factories, and there <b>were</b> huge stores of <b>arms</b> and munitions. In addition, it <b>was</b> also an important railroad ... <b>Harpers Ferry</b> Is Still <b>Here</b> (Black and White Me
  - The War of 1812 U.S. War Department Correspondence, 1812-1815 | 2016-07-19 | 5NLIDAAAQBAJ | ... <b>are here</b> of the 24th <b>are</b> fast descending into the most relaxed habits ; such as setting down whilst standing sentry , sleeping on post . &quot; 216. Sep 9 , 1813 ; Camp Meigs , OH ; 3 pages ; M221 / 50 : 4553-4554 . Anderson writes Major&nbsp
  - Bullets, Bugles and Cannonfire! | 2009 | zQYyAwAAQBAJ | ... <b>here</b> at you feet almost the green collection of Brown&#39;s , Mayo&#39;s and Vauxhall&#39;s Islands , dipping their green willow ... <b>SENT</b> TO CAMP CITY POINT VIRGINIA , WHERE HE <b>WAS</b> SOON PAROLED BY THE SOUTH AND <b>SENT</b> ON TO MARYLA
  - The Rebellion Record | 1871 | hIZDhurtVyYC | ... <b>Harper&#39;s Ferry</b> - a peace - offering to our Southern brethren [ &quot; that&#39;s so ... <b>arms sent</b> down <b>here</b> from <b>Harper&#39;s Ferry</b> to keep the peace- Bradley Johnson ... <b>S</b>. Teakle Wallis and nis colleagues fit associ
  - The Rebellion Record | 1871 | lYo0AQAAMAAJ | ... <b>Harper&#39;s Ferry</b> to invite John Letcher&#39;s six thousand men to come down and ... <b>arms sent</b> down <b>here</b> from <b>Harper&#39;s Ferry</b> to keep the peace- Bradley Johnson ... <b>S</b>. Teakle Wallis and nis colleagues fit associates f
  - Encyclopedia of Firearms | 1964 | B_JTAAAAMAAJ | ... <b>were</b> familiar . This <b>was</b> the so - called second model of the Brown Bess with ... <b>Ferry</b> machinery became the heart , while Virginia acted as the body of ... <b>Here</b> , some five hundred muzzle- loading carbines <b>were</b> made , ver
  - Congressional Record | 1907 | pqV7Vgma6V0C | ... <b>here</b> that is cited as a precedent : The members of Company A , First Eastern Shore Maryland Infantry Volunteers , <b>were</b> ... <b>arms</b> in defense of the national flag . Since that matter came up <b>here</b> in the Senate I <b>have</b> been fl
  - Notes on United States Ordnance: Ordnance correspondence (relative to  | 1940 | gHDfAAAAMAAJ | 
  - The Congressional Globe | 1860 | R2U9AQAAMAAJ | ... <b>arms</b> at the national armories , $ 250,000 . Mr. Chairman , I know of my own knowledge that the Government is ... <b>sent here</b> under estimates , yet it will be perceived that this appropriation does not meet the real wishes of the&nbsp;...
Q "see if they have been delayed on the railroad"
  total 345
  - Reducing Passenger Rail Delays by Better Management of Incidents | 2008 | SL1biuyTEKoC | ... <b>they</b> are entirely responsible . Dr Mitchell : <b>They</b> are , yes . Q22 Chairman : Other colleagues can come back on <b>rail</b> ... <b>If</b> we look at paragraph 2.9 we <b>see</b> that 20 % of incident reports noted that communications <b>were</
  - The Railway Age | 1907 | 1801AQAAMAAJ | Chicago by quite <b>a</b> number of <b>railroads</b> . This clearing house <b>is</b> to keep track of cars of the subscribing <b>railroads</b> ... <b>have</b> made , involving improvements of <b>their</b> lines , sidings and terminals at very considerable expe
  - Railway Engineering and Maintenance of Way | 1906 | 5UxCAQAAMAAJ | ... <b>you know you have</b> gotten <b>a</b> driving brass broken or <b>it has</b> pounded itself too large for the journal , then there <b>is</b> that one salvation - engine goes over drop pit causing much ex- pense and <b>delay</b> and making <b>a</b> poor s
  - Railway Age and Northwestern Railroad | 1896 | sME6AQAAMAAJ | ample time to do <b>it</b> safely , and to <b>know</b> that all tools and ap- pliances are in apparent good order . ( <b>See</b> book of rules , page 2. ) <b>A</b> passenger <b>train</b> ... <b>delayed</b> , abused the flagman . <b>Had</b> he not <b>been</b> f
  - The Railway Age | 1900 | 6dBLAAAAYAAJ | ... <b>have been</b> formed at a convention held at Utica last week . The officers ... <b>if a</b> strike should be de- clared , all <b>railway</b> employes would be ordered out . &quot; The ... they may be , shall be September 21 , 1900 . 227. THE. <b>RAILWAY
  - Railway Times | 1866 | bRNCAQAAIAAJ | ing that their deductions as stated to the committee As I have said , those two weeks <b>were</b> taken at ran- <b>were</b> not accurate . The general result is that there dom , without any knowledge whatever <b>whether they</b> is a considerable <b>delay</b> 
  - Annual Report of the Board of Railroad Commissioners | 1880 | kwdSAAAAYAAJ | ... <b>be</b> attained , that the engine - man of the coming <b>train</b> could <b>see</b> the flagman as great <b>a</b> distance ahead as the flagman <b>had</b> counted telegraph poles back of the <b>delayed train</b> . Experiment convinces us that <b>it is</
  - Parliamentary Papers | 1867 | sQgTAAAAYAAJ | ... <b>He had</b> not , he says , &quot; a chance to <b>get</b> out and go back &quot; until that time . This man , who <b>has been</b> dismissed from ... <b>if he had</b> not <b>been</b> assisted by the engine of the coal <b>train</b> . It was raining heavily
  - The Railway Times | 1867 | ZTs-AQAAMAAJ | ... <b>saw</b> the Tuxford home and distant signals at danger . Those signals <b>were</b> visible to him <b>when he had</b> gone some 300 yards past the level - crossing , in rounding a curve which occurs at that part of the line . He then shut off his steam&n
  - Parliamentary Papers | 1907 | Ev9DAQAAMAAJ | ... <b>I</b> received the &quot; Line clear &quot; signal from Dinting South box . After the <b>train had</b> started <b>I</b> put all my signals to danger , that <b>is</b> , the platform starting signal , the starting signal , and the advance starting signal 
Q "should be no delay" Garrett Halleck "Harper's Ferry" arms 1864
  total 0
Q Garrett Halleck arms "Harper's Ferry" October 1864 intitle:Baltimore
  total 1
  - The Baltimore and Ohio | 1951 | lfBKT1EOzsEC | ... <b>Harper&#39;s Ferry</b> , Martinsburg and other points , as these had been de ... <b>S</b>. Rose- crans at Chickamauga in Georgia . Rosecrans asked for help . The natural gateway through which reinforce- ments could be sent to him was Nashville , Tenness
  - Harper's Ferry in Pictures | 1960 | 8iUTAAAAYAAJ | 
  - The Annals of Harper's Ferry | 1872 | G0LzUZv1tRkC | 
  - Harpers, Ferry | 1960 | lC0TAAAAYAAJ | Harper&#39;s Ferry, 100 years ago, was a thriving industrial and communications center.
  - Harpers Ferry |  | 8RUtG-35l5MC | Folder includes research notes and other material such as journal articles, and copies of and extracts from Jefferson-related correspondence.
  - Harper's Ferry | 1961 | 2vJhnAEACAAJ | 
  - Harpers Ferry Becomes a Fortress, September 21, 1862-October 6, 1863 | 1959 | CxQFGwAACAAJ | 
Q "Koontz" Halleck arms "Harper's Ferry" Garrett
  total 5
  - The War of the Rebellion: v. 1-53 [serial no. 1-111] Formal reports, b | 1893 | sFWlQSQkli0C | ... <b>Arms</b> shipped from here on the 5th did not reach <b>Harper&#39;s Ferry</b> till the 8th - three days . It appears that this delay was caused by your agent here , Mr. <b>Koontz</b> , requiring such packages to be consigned to the care of Captain Cummi
  - The War of the rebellion: a compilation of the official records of the | 1893 | T96D6pL8k8IC | 
  - The War of the Rebellion | 1893 | dD93AAAAMAAJ | ... <b>GARRETT</b> , Esq . , JOHN D. STEVENSON , Brigadier - General . WASHINGTON ... <b>Arms</b> shipped from here on the 5th did not reach <b>Harper&#39;s Ferry</b> till the 8th - three days . It appears that this delay was caused by your agent here , Mr. <b
  - House documents | 1895 | bQGDjJYLdhEC | ... <b>GARRETT</b> , Esq . , JOHN D. STEVENSON , Brigadier - General . WASHINGTON ... <b>Arms</b> shipped from here on the 5th did not reach <b>Harper&#39;s Ferry</b> till the 8th - three days . It appears that this delay was caused by your agent here , Mr. <b
  - The War of the Rebellion: Formal reports, both Union and Confederate,  | 1985 | 31ItAQAAMAAJ | ... <b>GARRETT</b> , Esq . , JOHN D. STEVENSON , Brigadier - General . WASHINGTON ... <b>Arms</b> shipped from here on the 5th did not reach <b>Harper&#39;s Ferry</b> till the 8th - three days . It appears that this delay was caused by your agent here , Mr. <b
Q "arms" "Harper's Ferry" Garrett Halleck intitle:Grant
  total 0
Q "Beverly Tucker" "Niagara Falls" Odell
  total 2
  - House Documents | 1865 | WvRUAAAAcAAJ | ... <b>Beverly Tucker</b> from Canada , and pass him through our lines . I was told by Latham and Haskell , that Mr Durant , Mr ... <b>Niagara Falls</b> . I was to have met Tucker , George Sanders , and Jake Thompson . I took one of my detectives&nbsp;...
  - Trade with Rebellious States | 1865 | BQVIAQAAMAAJ | ... <b>Beverly Tucker</b> from Canada , and pass him through our lines . I was told by Latham and Haskell , that Mr Durant , Mr ... <b>Niagara Falls</b> . I was to have met Tucker , George Sanders , and Jake Thompson . I took one of my detectives , by the name
Q "Beverly Tucker" Odell Dana Dix 1864
  total 4
  - House Documents | 1899 | GJZEs4ScWGAC | ... <b>ODELL</b> : JAMES R. CURELL , Assistant Commissioner of Exchange . WAR DEPARTMENT , Washington City , November 16 , <b>1864</b>—11.30 р . т . ( Care of Bunker , New York . ) You are hereby directed to arrest <b>Beverly Tucker</b> ... <b>Dix</b> , to be 
  - The War of the Rebellion: v. 1-8 [serial no. 114-121] Correspondence,  | 1899 | u9k4AQAAMAAJ | ... <b>ODELL</b> : JAMES R. CURELL , Assistant Commissioner of Exchange . WAR DEPARTMENT , Washington City , November 16 , <b>1864</b>-11.30 р . т . ( Care of Bunker , New York . ) You are hereby directed to arrest <b>Beverly Tucker</b> ... <b>Dix</b> , to be 
  - The War of the Rebellion | 2025-06-26 | 8MBoEQAAQBAJ | ... <b>ODELL</b> : JAMES R. CURELL , Assistant Commissioner of Exchange . WAR DEPARTMENT , Washington City , November 16 , <b>1864</b>-11.30 р . м . ( Care of Bunker , New York . ) You are hereby directed to arrest <b>Beverly Tucker</b> ... <b>Dix</b> , to be 
  - The War of the rebellion: a compilation of the official records of the | 1902 | 0ooMaf8j24kC | 
Q "John Odell" detective Tucker
  total 53
  - House Documents | 1865 | WvRUAAAAcAAJ | ... <b>Tucker</b> , George Sanders , and Jake Thompson . I took one of my <b>detectives</b> , by the name of <b>John Odell</b> . I had an order from the War Department in my pocket , and Odell had an order from General Dix , for the arrest of these parties ; w
  - Death to Traitors | 1960 | xRx3AAAAMAAJ | ... <b>detective John Odell</b> , Lincoln&#39;s favorite Secret Service agent . As they rode the tiresome nine - hour train trip ... <b>Tucker</b> , Thompson , and Sanders to meet me at St. Catherine&#39;s opposite Niagara Falls , &quot; he continued . &quot; 
  - Revolutions in Sovereignty | 2010-07-01 | OVa_8zEHjaYC | ... <b>Tucker</b> , 2d <b>ed</b> . ( New York : W.W. Norton &amp; Co. , 1972 ) , 110–64 . 4. Max Weber , &quot; The Social Psychology of the ... <b>John Odell</b> , U.S. Monetary Policy : Markets , Power , and Ideas as Sources of Change ( Princeton : Princeton
  - The Publications of the Harleian Society | 1929 | HeIRAAAAIAAJ | ... <b>Tucker</b> Sarah d . Edward &amp; Mary Deacon 29 John Bassam s . John &amp; Rachael Bassam June 5 John s . Edward Bonny by ... <b>John Odell</b> by Elizabeth Jan. 19 Ann d . Joseph Stanney by Ann 15 [ sic ] William s . John Sparks by Mary Feb. 1&nbsp;..
  - Trade with Rebellious States | 1865 | BQVIAQAAMAAJ | ... <b>Detective</b> Police . 2054. How long have you occupied that position ? Since ... <b>Tucker</b> from Canada , and pass him through our lines . I was told by ... <b>John Odell</b> . I had an order from the War Department in my pocket , and Odell&nbsp;...
  - Steel's Original and Correct List of the Royal Navy ... | 1800 | -4vRs1r_YZkC | 
  - Making American Foreign Policy | 2006 | 7YhvlpQ2J7MC | ... <b>John Odell</b> , U.S. International Monetary Policy : Markets , Power , and Ideas as Sources of Change ( Princeton ... <b>Tucker</b> , “ Realism and the New Consensus , ” National Interest 30 ( 199201293 ) : 33-36 . See also Paul Schroeder&nbsp;...
  - The Royal Calendar, and Court and City Register for England, Scotland, | 1841 | 2kVRAAAAcAAJ | ... <b>John Odell</b> , Geo . Pudar , H. Meyer , Adolphus Bell . Foreign Office , Thos . Hutt , John Ayers , James Mathews , William Shepard , Will . Jackson , Henry Aspain , <b>Ed</b> . Harran , Geo . Peake . Colonial Office , Thos . Smith , Edw . Pratt&nbsp;
  - The Royal Kalendar and Court and City Register for England, Scotland,  | 1841 | 0OANAAAAQAAJ | ... <b>John Odell</b> , Geo . Pudar , H. Meyer , Adolphus Bell . Foreign Office , Thos . Hutt , John Ayers , James Mathews , William Shepard , Will . Jackson , Henry Aspain , <b>Ed</b> . Harran , Geo . Peake . Colonial Office , Thos . Smith , Edw . Pratt&nbsp;
  - Minutes of the Central Ohio Conference of the Methodist Episcopal Chur | 1880 | _lRMRfi4jr0C | ... <b>Tucker</b> ... Mrs. P. Voorhees . J. G. Ward ...... John Wertz ..... L. S. ... <b>John Odell</b> ...... Mrs. Julia Cately . Mrs. Wm . Cately . I. V. Williams ... <b>E. D.</b> Killinger .... Ida Helwig ........... Rosetta Krathwohl Sarah Davison&nbsp;...
Q "I do not know Odell"
  total 2
  - In the Hiss of Summer | 2023-04-22 | fvy6EAAAQBAJ | ... <b>I do not know , Odell</b> . In fact , I am ashamed to say that I didn&#39;t even know her first name was Allison un- til you just mentioned it . I ignored those details when I arrived at the crime scene with Officer Taylor . &quot; &quot; Gotcha , okay&
  - The Lost Panoramas of the Mississippi | 1958 | UikXAAAAIAAJ | ... <b>I do not know . Odell</b> ( VI , 263 ) says that Risley&#39;s panorama of the Thames opened in New York January 6 , 1853. It appears that Risley must have become sole proprietor of the Mississippi panorama on its return to America and continued&nbsp;...
Q "Beverly Tucker will cross"
  total 328
  - Beverley Tucker | 1978 | KGC2AAAAIAAJ | ... <b>cross</b> that he had spurned thro &#39; life . &quot; Yet nothing <b>could</b> so satisfy a son&#39;s heart , it seemed , as to win his father to that same conviction of the <b>cross</b> . St. George <b>Tucker</b> in Williamsburg heard beseeching reque
  - The War of the Rebellion | 1897 | zq8OAQAAMAAJ | ... <b>Beverly Tucker</b> , and W. C. Cleary incited and concerted the assassination of Mr. Lincoln and the attempted assassina ... <b>will</b> do . The road <b>can</b> be repaired in about thirty days . A bridge <b>is</b> already framed for the Chat- tahooche
  - The War of the Rebellion: v. 1-53 [serial no. 1-111] Formal reports, b | 1897 | EQ9bxYEIl8QC | ... <b>Beverly Tucker</b> , and W. C. Cleary incited and concerted the assassination of Mr. Lincoln and the attempted assassina ... <b>will</b> do . The road <b>can</b> be repaired in about thirty days . A bridge <b>is</b> already framed for the Chat- tahooche
  - The War of the rebellion: a compilation of the official records of the | 1897 | 8uWykaOjIMQC | 
  - The War of the Rebellion | 2025-07-23 | 1Q10EQAAQBAJ | ... <b>Beverly Tucker</b> , and W. C. Cleary incited and concerted the assassination of Mr. Lincoln and the attempted assassina ... <b>will</b> do . The road <b>can</b> be repaired in about thirty days . A bridge <b>is</b> already framed for the Chat- tahooche
  - A Record of Unfashionable Crosses in Short-horn Cattle Pedigrees | 1887 | gqXkAAAAMAAJ | ... <b>Bev Tucker</b> PS 61631 Barringtonia&#39;s Grand Duke - Ky I 61727 Big Sam ... M 61633 Barrington Lad .. C 61728 Bill M 61636 Barrington Ward .... PS 61729 Bill Ferguson . RR 61637 Barrington of Zanesville . RR 61730 Billie PS 61638 Bar Wild&nbsp;...
  - Mixed Bloods and Other Crosses | 2005 | 8BnyCgAAQBAJ | ... <b>would</b> be difficult to separate Poe&#39;s pervasive use of black and ... <b>will</b> be cited as SLM . In a 1941 doctoral dissertation , <b>William</b> Doyle Hull II argued that it was written not by Poe but by Poe&#39;s proslavery friend , Judge <b>
  - House documents | 1897 | dXEr-Yz-uH4C | ... <b>Beverly Tucker</b> , and W. C. Cleary incited and concerted the assassination of ... <b>will</b> do . The road <b>can</b> be repaired in about thirty days . A bridge <b>is</b> ... <b>cross</b> at Warsaw last night . Yeoman <b>will cross</b> the river at
  - Holmes' Southern Reader for Schools and Families: Fifth reader | 1867 | rNovAQAAMAAJ | ... his return to Virginia ( 1834 ) , he was elected Professor of Law in <b>William</b> and Mary College , which position he held until his death , in 1851 . 1. A - LUM&#39;NUS ; a pupil : one educated 244 HOLMES &#39; SOUTHERN FIFTH READER . <b>Beverly Tucker
  - House Documents | 1898 | gXC6EO16yS8C | ... <b>will</b> cut off Zollicoffer in detail . Lee should <b>cross</b> over into Kentucky , leaving a few troops to guard the ... <b>Bev</b> . [ <b>Tucker</b> ] on gun and financial matters to - day . Your friend , GEO . N. SANDERS . Mr. H. continues : It <b>
Q "Tucker" "Niagara" Dana Dix "Fort Lafayette" 1864 telegram
  total 0
Q "Captain Ferry" Memphis arrest 1864 quartermaster
  total 7
  - The Army & Navy Official Gazette | 1865 | 9b1OAQAAMAAJ | ... <b>Captain</b> JOHN J. MCCLELLAN . [ To Detroit , Colonel J. H. <b>FERRY</b> . [ To Louisville , Ken- tant General&#39;s Office , August 12 , <b>1864</b> ... <b>Quartermaster</b> Northern Depart- ment , to repair at once , via Louisville , Kentucky , to hi
  - The United States Army and Navy Journal and Gazette of the Regular and | 1864 | Wh4_AQAAMAAJ | ... <b>Memphis</b> . M. J. Fitch , <b>quartermaster</b> , chronic diarrhea , December , 11 , U. S. steamer Kenwood . Oscar H. Pratt ... <b>Captain</b> B. J. T. Hanna , Assistant <b>Quartermaster</b> of Volunteers . Lieutenant L. King , 7th Ohio Volunteers&nbsp
  - Armed Forces Journal International | 1864 | naw0AQAAMAAJ | ... <b>1864</b> . <b>Captain</b> D. H. Lentz . [ To General Ingalls , Chief <b>Quartermaster</b> . ] Will report in person without delay to ... <b>arrest</b> and relieved from duty in this department ; to report to Brigadier General Rufus Ingalls , chief&nbsp;
  - Colonels in Blue--U.S. Colored Troops, U.S. Armed Forces, Staff Office | 2022-07-07 | gnp4EAAAQBAJ | ... <b>Quartermaster</b> Department , 1861–1865 , National Archives . John Hardin <b>Ferry Captain</b> , Co. E , 7 IN Infantry ( 3 ... <b>1864</b>. Assigned to duty as Colonel , Chief <b>Quartermaster</b> , Louisville ( KY ) <b>Quarter- master</b> Depot , Aug.
  - The Journal of the Armed Forces | 1863 | CG1FAQAAMAAJ | ... <b>Memphis</b> , Tenn . , has been relieved from duty , at his own request , and succeeded by <b>Captain</b> G. A. Williams , 1st ... <b>Quartermaster</b> of the First Brigade , First Division , Sixth Army Corps , and Lieutenant John Bradford , Com&nbsp;..
  - Manuscript Resources for the Civil War | 1990 | 2uZpUCXhWqwC | ... <b>Memphis</b> , Tennessee , yellow fever epidemic of 1878 . 195. A. M. Ward . Papers , 1862-<b>1864</b> ; 80 items . Affidavits , invoices , orders , reports , receipts , and requisitions from <b>Captain</b> Augustus M. Ward , <b>quartermaster</b> ... <b>
  - Civil War Extra: A newspaper history of the Civil War from 1863 to 186 | 1999 | 5aoQAQAAMAAJ | ... <b>1864</b>. - WITH SUPPLEMENT . Explosion of a Boiler on Beard the P. Root ... <b>ferry</b> , has hosted on the top of eah of its stages a board , lettered in ... <b>Memphis</b> . The course of the bluffs is nearly north and south . Above them the&nbsp;..
Q "Captain Ferry" "Robert Allen" Louisville
  total 353
  - Army & Navy Official Gazette | 1864 | WnRIAQAAMAAJ | <b>Captain</b> JAMES R. DEL VECCHIO . Will report in person without delay to the Commanding General Department of the South ... <b>Ferry</b> , Virginia . Ordered to Cum- berland , Maryland , February 8 , 1864 . <b>Captain</b> J. G. FARNSWORTH&nbsp;...
  - The War of the Rebellion: A Compilation of the Official Records of the | 1891 | KHb1IVYJPPMC | ... ALLEN , <b>Louisville</b> , Ky .: Dispatches just received from Little Rock , dated April 28 , state that General Steele&#39;s ... <b>ROBERT ALLEN</b> , Brigadier - General . HEADQUARTERS DEPARTMENT OF ARKANSAS , &amp; C . , General F. SALOMON , Little&nbs
  - The War of the Rebellion | 1891 | c3udSOqu9iwC | ... ALLEN , <b>Louisville</b> , Ky .: Dispatches just received from Little Rock , dated April 28 , state that General Steele&#39;s ... <b>ROBERT ALLEN</b> , Brigadier - General . HEADQUARTERS DEPARTMENT OF ARKANSAS , &amp; c . , General F. SALOMON , Little&nbs
  - The Mereness Calendar | 1971 | b1sPAQAAMAAJ | ... <b>Robert Allen</b> , <b>Louisville</b> , Ky . Allen is asked to state what he considers a ... <b>Ferry</b> to . E.M.Stanton , Secretary of War . An acknowledgment of the receipt ... <b>Captain</b> Moulton who has been re - instated as head of the&nbsp;...
  - The War of the rebellion: a compilation of the official records of the | 1891 | xTlTi3N25i4C | 
  - House documents | 1892 | 5CwYljcXDJIC | ... ALLEN , <b>Louisville</b> , Ky .: Dispatches just received from Little Rock , dated ... <b>ROBERT ALLEN</b> , Brigadier - General . HEADQUARTERS DEPARTMENT OF ARKANSAS ... <b>Ferry</b> , the time of day when the fierce attacks were made , and at what&nbsp;
  - Civil War Biographies from the Western Waters | 2015-02-20 | sypzBgAAQBAJ | ... <b>Louisville</b> for almost two decades . Sources : Francis W. Nash , &quot; <b>Captain</b> Andrew Hague Parr , &quot; Georgetown ... <b>ferry</b> company , which earned sufficient profits to allow investment in the Cincinnati real estate market . Very we
  - Indiana Alumni Magazine | 1960 | W9PBDDz6o_cC | ... <b>Robert Allen</b> , BS&#39;26 , Bloom- ington department store president , and Larry ... <b>Louisville</b> Alumni Club lost its president when James Hetherington , AB &#39;53 ... <b>captain</b> , he has spent more than 16 years as a naval medical officer
  - Memorial History of Louisville from Its First Settlement to the Year 1 | 1896 | l60yAQAAMAAJ | ... <b>Captain</b> Brent has been as success- ful as a business man as he was brave and ... <b>Allen</b> T. Caperton , the successor of Ballard Preston in the Confederate ... <b>Robert</b> E. Lee , who gave him the service of mustering in all the&nbsp;...
  - An Illustrated History of the State of Washington | 1893 | If00AQAAMAAJ | ... <b>Louisville</b> , Kentucky . In 1881 he removed to California and is now engaged ... <b>Ferry</b> appointed Colonel Carr as Prosecuting Attorney for the counties of ... <b>Captain</b> of Company E , First Regi- ment , National Guard of Washington&nbsp;..
Q "not satisfied with your conduct" Allen Meigs
  total 75
  - American Archives | 1848 | cLIzAQAAMAAJ | ... <b>not</b> clash ; to him , therefore , I beg leave to refer you upon petitioner . I replied , that he was now an immediate prisoner this subject . under <b>your</b> ... <b>conduct</b> . I must beg you to inform SIE , in <b>the</b> Province of New - YORK ,
  - Autobiography and Correspondence of Allen Trimble | 1909 | le0tAAAAYAAJ | 
  - American Archives | 1837 | ULxSAAAAcAAJ | ... <b>conduct the</b> busi- ness , and in such a way that <b>their</b> purchases and <b>his</b> may <b>not</b> clash ; to him , therefore , I beg ... <b>your</b> members , and persons employed in <b>their</b> service , and give it in General Orders that they 
  - Niles' National Register | 1813 | Ba8RAAAAYAAJ | ... <b>ALLEN</b> . [ We do <b>not</b> give credit to <b>the</b> preceding . It is and valuable citizen <b>met his</b> fate in <b>the</b> affair at Rai ... <b>conduct</b> of <b>the</b> British government , in ing it entitled to credit . 15 or 20,000 English mer
  - Niles' Weekly Register ... | 1813 | qeFGAQAAMAAJ | ... <b>ALLEN</b> . Frankfort , Ky . May 10 - We have heard various rumors as to <b>the</b> manner in which this brave officer [ We do <b>not</b> ... <b>conduct</b> of <b>the</b> British government , in ing it entitled to credit . 15 or 20,000 English merchants
  - Niles' National Register | 1842 | P1kUAAAAYAAJ | 
  - The Christian Union | 1883 | ZbRMdwZb64kC | ... <b>the</b> make <b>its</b> guess <b>the</b> basis of a personal attack upon <b>the</b> imagined writer . In doing this it sacrifices truth <b>the</b> author is <b>not</b> a resident of <b>the</b> State of Ohio , nor as well as charity ; <b>its</b> guess is
  - Outlook | 1888 | -rM_AQAAMAAJ | ... <b>the</b> author of a recent editorial in our columns , and to make <b>its</b> guess <b>the</b> basis of a personal attack upon <b>the</b> imagined writer . In doing this it sacrifices truth as well as charity ; <b>its</b> guess is wide of <b>the</b> mark
  - History of the Maumee Valley | 1877 | 3ao-AAAAYAAJ | ... <b>the</b> American interest . Any information you can give us of <b>the</b> success of General Hull and <b>his</b> army will afford us much <b>satisfaction</b> . I have <b>the</b> honor to be , with respect , sir , <b>Your</b> obedient servant , To <b>his
  - The Boston Medical and Surgical Journal | 1879 | _pcEAAAAQAAJ | ... <b>Meigs</b> , Robert E. Rogers , Willam Goodell , James Ty- son , Harrison <b>Allen</b> ... <b>conduct</b> of <b>the</b> affair gave general pleasure and <b>satisfaction</b> , and were in ... <b>your</b> coat in token of our good wishes , this little deco
Q "Ferry" quartermaster Louisville arrested 1864 Stanton Memphis
  total 2
  - With Malice Toward Some | 2014 | 9oVgAwAAQBAJ | ... <b>1864</b>, ALP. For related letters, see Conkling to Lincoln, October 8, 20, 22; Isaac P. Langworthy to Edgar ... <b>Ferry</b> to George B. McClellan, Office Chief <b>Quartermaster</b> Depot, <b>Louisville</b>, <b>Ky</b>., Octo- ber 3, <b>1864</b>, reel 
  - History of Marion and Clinton Counties, Illinois | 1881 | rc1MAQAAMAAJ | ... <b>1864</b> . Privates . Farmer , Justus R. , must . out Sept. 27 , <b>1864</b> . Nichols ... <b>Quartermaster</b> . : MUSTER BOLL COMPANY 7 . Captain . Adolphus B. Hoffman ... <b>ferry</b> rifled river June 11th . Passing up the Yazoo , it encamped at&nbs
Q "S. L. Brown" forage "New York" 1864 Meigs
  total 13
  - Report of the Secretary of War, which Accompanied the Annual Message o | 1866 | OeuqO9UOOZIC | ... <b>New York</b> , under my commission as captain and assistant quartermaster , engaged in the purchase , procurement , and ... <b>S. L. BROWN</b> , <b>S. L. BROWN</b> , Brevet Brig . Gen&#39;l , Quartermaster&#39;s Dep&#39;t . Quartermaster General U. S. A
  - Message of the President and Accompanying Documents | 1866 | 7FwCOfeSX14C | ... <b>New York</b> , under my commission as captain and assistant quartermaster , engaged in the purchase , procurement , and ... <b>S. L. BROWN</b> , <b>S. L. BROWN</b> , Brevet Brig . Gen&#39;l , Quartermaster&#39;s Dep&#39;t . Quartermaster General US . A&
  - House Documents | 1866 | h_9UAAAAcAAJ | ... <b>New York</b> , under my commission as captain and assistant quartermaster , engaged in the purchase , procurement , and ... <b>S. L. BROWN</b> , <b>S. L. BROWN</b> , Brevet Brig . Gen&#39;l , Quartermaster&#39;s Dep&#39;t . Quartermaster General U. S. A
  - Annual Report of the Secretary of War | 1866 | Vqa5u5IXtaoC | ... <b>New York</b> , under my commission as captain and assistant quartermaster , engaged in the purchase , procurement , and ... <b>S. L. BROWN</b> , <b>S. L. BROWN</b> , Brevet Brig . Gen&#39;l , Quartermaster&#39;s Dep&#39;t . Quartermaster General U.S. A.
  - Annual Report of the Quartermaster General of the Operations of the Qu | 1865 | PhNAAAAAYAAJ | ... <b>New York</b> , under my commission as captain and assistant quartermaster , engaged in the purchase , procurement , and ... <b>S. L. BROWN</b> , <b>S. L. BROWN</b> , Brevet Brig . Gen&#39;l , Quartermaster&#39;s Dep&#39;t . Quartermaster General U. S. A
  - House Documents, Otherwise Publ. as Executive Documents | 1866 | nZ0FAAAAQAAJ | ... <b>New York</b> , under my commission as captain and assistant quartermaster , engaged in the purchase , procurement , and ... <b>S. L. BROWN</b> , <b>S. L. BROWN</b> , Brevet Brig . Gen&#39;l , Quartermaster&#39;s Dep&#39;t . Quartermaster General U. S. A
  - Annual Reports of the War Department | 1866 | nSwaAAAAMAAJ | ... <b>New York</b> , under my commission as captain and assistant quartermaster , engaged in the purchase , procurement , and ... <b>S. L. BROWN</b> , <b>S. L. BROWN</b> , Brevet Brig . Gen&#39;l , Quartermaster&#39;s Dep&#39;t . Quartermaster General U. S. A
  - Annual Report of the Quartermaster-general to the Secretary of War ... | 1865 | 49VGAQAAMAAJ | ... <b>New York</b> , under my commission as captain and assistant quartermaster , engaged in the purchase , procurement , and ... <b>S. L. BROWN</b> , Colonel , Quartermaster&#39;s Department . True copy : <b>S. L. BROWN</b> , Brevet Brig . Gen&#39;l&nbsp;...
  - The War of the Rebellion | 1971 | fchaAAAAYAAJ | ... <b>S. L. BROWN</b> , W. T. SHERMAN , Major - General . QUARTERMASTER - GENERAL&#39;S OFFICE , Washington , November 3 , <b>1864</b> . Quartermaster&#39;s Dept. , No. 66 Cedar Street , <b>New York</b> : COLONEL : Yours of the 2d instant received . One - hal
  - The War of the rebellion: a compilation of the official records of the | 1892 | Wj3k029FvMEC | 
Q "Captain S. L. Brown" forage
  total 13
  - Official Records of the Union and Confederate Navies in the War of the | 1897 | Y1N6ndVzNNQC | ... <b>Captain S. L. Brown</b> , acting quartermaster , office of <b>forage</b> and river transportation , to the captain of the steamer to land the men at the nearest port to Belle Plain . This order , according to your instructions , could not be&nbsp;...
  - Official Records of the Union and Confederate Navies in the War of the | 1897 | doZrB7b8qBkC | ... <b>Captain S. L. Brown</b> , acting quartermaster , office of <b>forage</b> and river transportation , to the captain of the steamer to land the men at the nearest port to Belle Plain . This order , according to your instructions , could not be&nbsp;...
  - Official records of the Union and Confederate navies in the war of the | 1897 | fFF-Tv7GAuIC | ... <b>Captain S. L. Brown</b> , acting quartermaster , office of <b>forage</b> and river transportation , to the captain of the steamer to land the men at the nearest port to Belle Plain . This order , according to your instructions , could not be&nbsp;...
  - House documents | 1897 | 7XxW1Co2Uv8C | ... <b>Captain S. L. Brown</b> , acting quartermaster , office of <b>forage</b> and river transportation , to the captain of the steamer to land the men at the nearest port to Belle Plain . This order , according to your instructions , could not be&nbsp;...
  - Report of the Secretary of War, which Accompanied the Annual Message o | 1865 | C3oGlPKS2lEC | ... <b>forage</b> , from N. Y. to N.O. , shipped by <b>Captain S. L. Brown</b> , A. Q. M. 15 62 Transportation of 1 officer and 1 enlisted man to St. Louis . Seized , order of S. B. Holabird . Hannibal Steamer do .. G. W. Rosevelt Bark do .. Bill of&nbsp;...
  - House Documents | 1865 | 1fNUAAAAcAAJ | ... <b>forage</b> , from N. Y. to N.O. , shipped by <b>Captain S. L. Brown</b> , A. Q. M. 15 62 Transportation of 1 officer and 1 enlisted man to St. Louis . Seized , order of S. B. Holabird . Hannibal Steamer .. do .. G. W. Rosevelt Bark do .. Bill&nbsp;...
  - Annual Report | 1863 | dAu_l5fJvKsC | ... <b>forage</b> , from N. Y. to N.O. , shipped by <b>Captain S. L. Brown</b> , A. Q. M. 15 62 Transportation of 1 officer and 1 enlisted man to St. Louis . Do. Olive Branch .. do .. do .. { cent per mile for officers .. cent p.mile for enlisted men&nbsp;...
  - Official Records of the Union and Confederate Navies in the War of the | 1987 | LbsyAQAAMAAJ | ... <b>Captain S. L. Brown</b> , acting quartermaster , office of <b>forage</b> and river transportation , to the captain of the steamer to land the men at the nearest port to Belle Plain . This order , according to your instructions , could not be&nbsp;...
  - Annual Report of the Secretary of War | 1865 | Eq4dAQAAIAAJ | ... <b>forage</b> , from N. Y. to N.O. , shipped by <b>Captain S. L. Brown</b> , A. Q. M. 15 62 Transportation of 1 officer and 1 enlisted man to St. Louis . Seized , order of S. B. Holabird . Hannibal Steamer do ... G. W. Rosevelt Bark .do ... Bill of&nbsp;..
  - Reports of Committees | 1867 | qZ8FAAAAQAAJ | ... <b>Captain S. L. Brown</b> , assistant quartermaster United States army , on duty at the city of New York , having advertised for proposals for freighting <b>forage</b> to the army , accepted the offer of claimant through his agents , and loaded the&nbsp;.
Q "27,000 bushels" "350 tons" forage
  total 106
  - Bulletin | 1931 | o8ehfKJPOyQC | ... <b>bushels</b> at 33 cents , value Cotton lint - 348,000 acres , 396 <b>pounds</b> per acre , 137,692,800 <b>pounds</b> , ( 288,000 bales ) , at 6 cents per pound , $ 8,261,568 . Cotton seed - 132,693 <b>tons</b> ... <b>27,000 tons</b> at $ 6.00 , $ 162,00
  - Missouri Crop Review | 1921 | eiM9AAAAYAAJ | ... <b>bushels</b> at 33 cents , value Cotton lint - 348,000 acres , 396 <b>pounds</b> per acre , 137,692,800 <b>pounds</b> , ( 288,000 bales ) , at 6 cents per pound , $ 8,261,568 . Cotton seed - 132,693 <b>tons</b> ... <b>27,000 tons</b> at $ 6.00 , $ 162,00
  - Farm Forecaster | 1934 | DCQ9AAAAYAAJ | ... <b>Bushels Bushels Bushels Bushels Bushels Bushels Bushels</b> Gallons <b>Pounds</b> ... <b>Tons Tons Bushels Tons</b> - NORTH CAROLINA CROPS Revised Estimates for 1935 and ... <b>Forage</b> .. 46,000 60,000 58,000 Corn , All ( Except Sweet and Pop )&nbsp;
  - The Bulletin | 1931 | 0HEjAQAAIAAJ | ... <b>bushels</b> at 33 cents , value Cotton lint - 348,000 acres , 396 <b>pounds</b> per acre , 137,692,800 <b>pounds</b> , ( 288,000 bales ) , at 6 cents per pound , $ 8,261,568 . Cotton seed - 132,693 <b>tons</b> ... <b>27,000 tons</b> at $ 6.00 , $ 162,00
  - Biennial Report of the Bureau of Agriculture, Labor and Statistics of  | 1920 | 0BZAAAAAYAAJ | ... <b>bushels</b> 255,679 311,930 265,140 Oats acres 850 850 765 <b>bushels</b> 12,066 12,669 10,135 Wheat ... acres 3,028 1,968 ... <b>350 tons</b> 347 553 <b>350</b> Alfalfa <b>hay</b> acres 11,495 11,495 11,495 <b>tons</b> 14,936 22,990 22,990 All hays and
  - Bulletin | 1931 | GhFIAAAAYAAJ | ... <b>bushels</b> at 33 cents , value Cotton lint - 348,000 acres , 396 <b>pounds</b> per acre , 137,692,800 <b>pounds</b> , ( 288,000 bales ) , at 6 cents per pound , $ 8,261,568 . Cotton seed - 132,693 <b>tons</b> ... <b>27,000 tons</b> at $ 6.00 , $ 162,00
  - Report |  | l-I2AQAAIAAJ | ... <b>bushels</b> 14,858 255,679 14,858 311,930 Oats ..acres 850 850 13,373 265,140 ... <b>350 tons</b> 347 553 <b>350</b> Alfalfa <b>hay</b> acres 11,495 11,495 11,495 <b>tons</b> 14,936 22,990 22,990 All hays and <b>forage</b> ... <b>27,000</b> 22,500 COUNT
  - Annual Report of the Kentucky Bureau of Agriculture, Horticulture and  | 1920 | _2Q4AQAAMAAJ | ... <b>bushels</b> 1919 14,858 255,679 1920 1921 14,858 ...... 311,930 Oats ..acres 850 ... <b>350 tons</b> 347 553 <b>350</b> Alfalfa <b>hay</b> acres 11,495 11,495 11,495 <b>tons</b> 14,936 22,990 22,990 All hays and <b>forage</b> ... <b>27,000</b> ...... 11
  - Report | 1921 | QbaIw65ZF4MC | ... <b>bushels</b> 255,679 311,930 265,140 Oats acres 850 850 765 <b>bushels</b> 12,066 12,669 ... <b>350 tons</b> 347 553 <b>350</b> Alfalfa <b>hay</b> acres 11,495 11,495 11,495 <b>tons</b> 14,936 22,990 22,990 All hays and <b>forage</b> ... <b>27,000</b> 11
  - Report | 1920 | 75UjAQAAIAAJ | ... <b>bushels</b> 1919 14,858 1920 1921 255,679 14,858 311,930 13,373 265,140 Oats acres 850 850 765 <b>bushels</b> 12,066 Wheat ... <b>350 tons</b> 347 553 <b>350</b> Alfalfa <b>hay</b> acres 11,495 11,495 11,495 <b>tons</b> 14,936 22,990 22,990 All hays and
Q "daily shipments of forage" Monroe
  total 338
  - House documents | 1878 | LNSuaLGV500C | ... <b>day</b> of March , in the year of our Lord eighteen hundred and sixty ... <b>forage</b> at camps &amp; in city to Capt D. W. Mc- Clung , A. Q. M. , or his agent ... <b>Monroe</b> ( Hamilton County fair grounds ) , and at Camp Harrison ( trotting&nbsp;..
  - Annual Report of Major General William Montrose Graham, U. S. Vols., B | 1898 | D2BHAAAAYAAJ | ... <b>forage</b> and straw were supplied to the Corps as to the regiments before the ... <b>Monroe</b> to facilitate the loading of the Yale and Harvard , Major Ladd taking ... <b>shipments</b> arrived in time to take part in the operations against&nbsp;...
  - True Latter-Day Saints' Herald | 1884 | hjykfz93Pt4C | ... <b>forage</b> . Most of the plantations for too miles above Shreveport , La . , and ... <b>Monroe</b> . Trains are running from Delta to Tallulah , eighteen miles , and ... <b>shipments</b> of live hogs was only 1,967,147 head . Including dressed&nbsp;...
  - Daily Commercial Letter | 1901 | 75lKAAAAYAAJ | ... <b>Monroe</b> , and Wayne counties . The Hessian 78 % fly has appeared in <b>Monroe</b> ... <b>shipments</b> of wheat for week 136,000 bush and corn 508,000 bush , against ... <b>forage</b> , perhaps , ever known . TELEGRAPHIC MARKETS . London , Nov. 1&nbs
  - The Country Gentleman | 1952 | Jw3fqZCERS4C | ... <b>Monroe</b> , MEXICO , MISSOURI Pullets Non - Sexed 90 LARGE LEGHORNS 1590 99 ... <b>shipments</b> . Satisfaction guaranteed . RAYNER BROTHERS , Salisbury 23 ... <b>forage</b> rage grasses and grains . Send for Free illustrated catalog . HANSEN&nbsp;...
  - The Breeder's Gazette | 1922 | 3JA5AQAAMAAJ | FOUR YEARS THE BEST Hampshires are the greatest of all <b>forage</b> hogs . making the ... <b>daily</b> in any way found most convenient . Increase the dose gradually ... <b>Monroe</b> , Ore . PEDIGREE SHEEP - A . A. Bates , Irwin , O. 125 registered&nbsp;...
  - New Breeder's Gazette | 1918 | ldJM_r-zHbgC | ... <b>Monroe</b> , Wis . ROSS Silo Filler No Silo too High for The IF Ross ROSS No60 ... <b>Forage</b> . Because of the frequency with which wild buckwheats occur , inquiry ... <b>shipments</b> to W FOR wernight Paid out what materace EMPTY tion is&nbsp;...
  - Engineering and Mining Journal | 1880 | rLY-AQAAMAAJ | ... <b>Monroe</b> , La .... For Indian Supplies and Transportation ; R. E. Trowbridge ... <b>Forage</b> , and Straw ; Depot Quartermaster&#39;s Office , corner of W. A. Roebling ... <b>daily shipped</b> to the furnace . Custom ores are coming in rapidly&nbsp;.
  - Live Stock Report | 1897 | sJtZwf6vUEIC | ... <b>shipments</b> of sheep in double - deck cars which are changed en route to ... <b>Monroe</b> City , Mo. , writes : &quot; There are 1,300 cattle feeding within five ... <b>forage</b> with a little cheap cut corn just before going on grass , and I am&nbs
  - Climatological Data | 1914 | TqszXzAii3EC | ... <b>shipments</b> of white potatoes began from Hastings , St. Johns County . Severe electrical storms damaged property to ... <b>forage</b> , and grain crops were gathered in good condition . The deficiencies in temperature during Oc- tober&nbsp;...
Q "no recent accumulation" forage
  total 339
  - Proceedings of the New Zealand Grassland Association | 2003 | hDFMAAAAYAAJ | ... <b>NO</b> , dominates . Once absorbed by the plant roots , the <b>NO</b> , is reduced to NH1 , which is subsequently assimilated into organic compounds . However , when the rate of uptake exceeds the rate of <b>NO</b> , reduction , <b>accumulation</b> of <
  - Upper Gila and San Simone Livestock Grazing Management Program | 1978 | BRgyAQAAMAAJ | ... <b>forage</b> ( ungrazed <b>forage</b> produced during. Grazing System &amp; <b>No</b>. of Grazing Units Under System * TABLE 3-2 IMPACTS OF ... <b>accumulation</b> reduced . B. WINTER SEASONAL A ) Graze October through March . Utilize 20-60 % of <b>forage
  - Upper Gila-San Simon, Grazing Environment Statement, Draft | 1978 | yynXZVPGHHkC | ... <b>forage</b> ( ungrazed <b>forage</b> produced. TABLE 3-2 IMPACTS OF THE PROPOSED GRAZING SYSTEMS ON VEGETATION Plant vigor , reproduction , and litter <b>accumulation</b> ... <b>No</b>. of Grazing Units Under System * Lands Other Grazing System &amp; <b>
  - New Developments in Forages | 1980 | ZioNAQAAMAAJ | Proceedings of the 1980 <b>Forage</b> and Grassland Conference, Bluegrass Convention ... <b>accumulation</b> of the aromatic amino acids tryptophan and tyrosine , as well ... <b>no</b> effect on phenylalanine . These findings tend to confirm the&nbsp;...
  - Department of the Interior final environmental statement | 1978 | jW2OMXTlXwsC | ... <b>forage</b> utilized . B ) Rest 1 pasture year long . D ) Rest 1 pasture year long . A ) Graze 1 pasture March through ... <b>No</b> . of Grazing Units Under System Acreage Public Lands Other Cause of Impact 334 , 142 111 , 720 REST - ROTATION&nbsp;...
  - New Zealand Journal of Agricultural Research | 2012-12 | cYeiWGn_nzMC | Vol . 55 , <b>No</b>. 4 , December 2012 , 413-419 Taylor &amp; Francis Taylor &amp; Francis Group SHORT COMMUNICATION Nitrate <b>accumulation</b> in <b>forage</b> brassicas AL Fletcher * and E Chakwizira <b>New</b> Zealand Institute for Plant &amp; Food Resear
  - Final Environmental Statement | 1978 | PxlYAAAAMAAJ | ... <b>forage</b> ( ungrazed <b>forage</b> produced during. TABLE 3-2 IMPACTS OF THE PROPOSED GRAZING SYSTEMS ON VEGETATION Cause of ... <b>accumulation</b> reduced . B. WINTER SEASONAL A ) Graze October through March . ST Utilize 20-60 % of <b>forage</b>&nbsp
  - Proceedings of a Conference on Nitrate Accumulation and Toxicity | 1963 | fT9UAAAAYAAJ | Hotel <b>New</b> Yorker, <b>New</b> York City, April 15-16, 1963. better weight gains than those getting <b>no</b> ... <b>accumulated</b> about 1.5-2 % of the dry matter as nitrate . This alfalfa <b>forage</b> ... <b>accumulated</b> in the <b>forage</b> or add
  - Quick Bibliography Series | 1976 | nzYX8JnuCPgC | 261 NAL Call <b>No</b> : SB193.P72 Screening of <b>forage</b> legumes for persistence under grazing . West , C.P .; Phillips , J.M ... <b>accumulation</b> ; <b>Forage</b> ; Crop quality , Crop yield ; Hay ; Varietal reactions ; Nutritive value ; Nitrogen&nbsp;
  - Forages | 1996 | RiwNAQAAMAAJ | ... <b>NO</b> , -N concentration from these two harvests was about 1500 ppm where <b>no</b> ... <b>last</b> SLE application , <b>forage</b> NO3 - N concentration was noticeably higher ... <b>accumulation</b> was higher in rye than in bermudagrass , and the NO3
Q Meigs forage "Fort Monroe" Biggs May 1864 "60,000 animals"
  total 0
