GB '"close and secure custody" Ryan' 143
    8CMtAQAAMAAJ | Irish Weekly Law Reports | 1895 | ALL_PAGES | ... <b>Ryan</b> , a Bankrupt . * 5th , 6th , 7th June , 1895 - Bankruptcy - Priorities ... <b>custody</b> . The understanding between <b>Ryan</b> and his wife was very vague , but ... <b>secure</b> a debt of £ 131 17s . 6d . for goods supplied to the business&
    lIVyBAAAQBAJ | Port Fairy, the Meadows Tractor, and the Lost History of the Belfast S | 2014 | PARTIAL | ... <b>safe custody</b> . &quot; &quot; He felt that the information that Mr <b>Ryan</b> had collected could be of great use to students and others interested in history . &quot; 9/2/73 “ Ex Shire Sec&#39;s Historical Work Must Be Preserved &#39; Says Society 
    WzgT3dzeHQwC | The Story of Australian Bushranging | 1891 | ALL_PAGES | 
    Me_oAQAAQBAJ | A Corporate Move | 2010-10 | PARTIAL | ... <b>Ryan&#39;s</b> office door and then flipped and shoved the big wooded desk up to the door entrance. <b>Ryan</b> had scrabbled out the 12 inch by 30 inch swing <b>open</b> window and was hot footing it down the back alley and out of harm&#39;s way. JD wo
    UP5LAQAAIAAJ | Irish Law Journal and Irish Weekly Law Reports | 1895 | NO_PAGES | ... <b>Ryan</b> , a Bankrupt . * 5th , 6th , 7th June , 1895 - Bankruptcy - Priorities ... <b>custody</b> . The understanding between <b>Ryan</b> and his wife was very vague , but ... <b>secure</b> a debt of £ 131 17s . 6d . for goods supplied to the business&
    jqTTDwAAQBAJ | Down on Cyprus Avenue | 2014-11-04 | PARTIAL | ... <b>Ryan</b> won the draw and he decided he&#39;d be the one to take the beating . I would have done the same thing , had I won the draw . Anyway , we kept delaying it and eventually we had to do it and it grew ... <b>safe custody</b> 286 PAUL CHARLES.
    9jIlAQAAMAAJ | The Canadian Abridgment | 1966 | NO_PAGES | ... <b>custody</b> - Sentencing - Adult offenders . 20 days &#39; imprisonment . The ac ... <b>secure custody</b> on each count , to be served concur- rent to one another and ... ( <b>Ryan</b> J.A .; Macfarlane and Donald JJ.A. , concurring ) found the&nbsp;..
    ICvHBDSiEhQC | The Northwestern Reporter | 1910 | NO_PAGES | ... <b>open</b> court , whereby she testified that she was unable to cree , it does not follow that petitioner is en- titled , as a matter of law , to her <b>custody</b> . Petitioner voluntarily entered into an agree- ment with Mrs. <b>Ryan</b> in <b>open</b> 
GB '"publication signed" Canada Ryan' 2
    M0QtAQAAMAAJ | Plumbers, Gas and Steam Fitters Journal | 1912 | NO_PAGES | ... <b>publication . Signed</b> , THOMAS HONAN , THOMAS WOOD , HUGH FRENCH , Committee ... <b>publication . Signed</b> , THOMAS HONAN , THOMAS WOOD , HUGH FRENCH ... <b>RYAN</b> , Committee , L. U. No. 169 . In Memoriam . Whereas , it has pleased&nbsp;...
    DYlZAAAAYAAJ | International Brotherhood of Firemen and Oilers' Journal | 1936 | NO_PAGES | ... <b>publication . ( Signed</b> ) JAMES LEITCH , ALEX VERNAL , CHAS . DAVIS , CHAS ... <b>CANADA</b> LOCAL NO . 827 Mr. John Clinton , Esq . , Chicago , Ill . ALBANY , N. Y. LOCAL NO . 600 The following officers were elected for 1937 for Local 600 of Albany&
GB '"substance or purport" papers Ryan Memphis' 1
    QRRCAQAAMAAJ | Century Edition of The American Digest | 1898 | ALL_PAGES | ... <b>paper</b> specifying error of law appearing on the face of the record . - Kenion v . Hawes , 17 La . Ann . 36 . [ h ] ( Mo. 1891 ) Where the <b>paper</b> filed <b>purport</b> ... <b>Ryan</b> v . Koch , 84 U. S. ( 17 ) Wall . ) 19 , 21 L. Ed . 611 ; ( Ar
GB '"mysterious prisoner" Ryan Memphis Stanton telegram' 0
GB '"Ryan" Memphis 1865 "M619" ironed parole' 1
    fKqJFXaF8iUC | The Papers of Andrew Johnson | 1967 | PARTIAL | ... <b>1865</b>. House Ex . Docs . , 39 Cong . , 2 Sess . , No. 116 , pp . 63-64 ( Ser . 1293 ) ; Amnesty Papers ( M1003 ... <b>Ryan</b> October 7 , <b>1865</b> , Vicksburg , Miss .; ALS , DNA - RG94 , Lets . Recd . ( Main Ser . ) , File G - 774-<b>1865</b> ( 
GB '"Jonathan George Ryan"' 7
    sXDba-2TaNIC | Cross-Border Warriors | 1996-07-25 | PARTIAL | ... <b>Jonathan George Ryan</b> , a printer from Toronto serving in the Confederate army , had the notoriety of being incarcerated for nearly four months without trial as a suspect in Lincoln&#39;s death . A wave of hysteria swept the United States&nbsp;...
    4vxjHOFflzcC | Sherman's Horsemen | 1999-03-22 | PARTIAL | ... <b>Jonathan George Ryan</b> , who was in town with a few troopers nursing some convalescent horses belonging to Brigadier General Gideon J. Pillow&#39;s command . There was no telegraph at Talladega , so he dispatched an urgent request for&nbsp;...
    Wm99kYKlMwUC | Still More Confederate Faces | 1992 | NO_PAGES | ... a serene backdrop , Captain <b>Jonathan George Ryan</b> looks quite the gentleman in this albumen print . He led Co. B , 12th Mississippi Cavalry during the war . Courtesy USAMHI . Right : Typical of many images that come down to. 147.
    nEIOAQAAMAAJ | People in History | 1988 | NO_PAGES | ... <b>Jonathan George Ryan</b> , a Canadian immigrant , was arrested and held for four months without charges by the Union military oc- cupation forces at Memphis , Tennessee , as a suspected assas- sin of Abraham Lincoln . 1865-88 S Sabatier&nbsp;...
    C3YfAQAAMAAJ | Personal Civil War Letters of General Lawrence Sullivan Ross | 1994 | NO_PAGES | ... and sustained nobly , the reputation of the Texians . We are under Genl Price , whose Division is the only force left here-- all the others have 67 <b>Jonathan George Ryan</b> . gone when their services are needed most-- We will not 38.
    UOXiAAAAMAAJ | America, History and Life | 1985 | NO_PAGES | ... <b>Jonathan George Ryan</b> , a Canadian immigrant , was arrested and held for four months without charges by the Union military occupation forces at Memphis , Tennessee , as a suspected assassin of Abraham Lincoln . 22A : 2750 . 1859-65&nbsp;...
    agUQAQAAMAAJ | Civil War Times Illustrated | 1982 | NO_PAGES | ... <b>Jonathan George Ryan</b> , the mysterious pris- oner illegally held incognito in a Federal prison , spent the remainder of his years in Chicago , Illi- nois , where he pursued a profession useful to his cause : he became an attorney at law&nbsp;...
GB '"J. G. Ryan" Memphis 1865 Surratt' 2
    agUQAQAAMAAJ | Civil War Times Illustrated | 1982 | NO_PAGES | ... <b>1865</b>. Manhunt- ers scattered in all directions from Washington , D.C. to ... <b>Memphis</b> , Tennessee , received an anonymous letter : &quot; There is a person at the Gayoso House , No. 221 named <b>J.G. Ryan</b> ... <b>Surratt</b> , a known Confe
    RGsrAQAAIAAJ | Lincoln Herald | 1983 | NO_PAGES | ... <b>Surratt</b> Society will petition the Department of Defense&#39;s Graves Registration Unit to place a cost ... <b>J.G. Ryan</b> &quot; by Mark Katz ( Civil War Times Il- lustrated , Nov. , 1982 ) tells about the Canadian arrested July 21 , <b>1865</b> ,
GB '"Barton" Memphis Ryan Surratt 1865 Stanton' 0
requests 8
