CTRL vol11 | "Ricketts" | 1
    ['papersofulyssess0011gran'] | None | whole number to be sent will be twenty thousand. {{{Ricketts}}} division arrived at Baltimore & sent forward to ... Regiment in the Division sent North under Gen {{{Ricketts}}}. If not, one will have to be sent to Washington ... of the 9th New York heavy Artillery accompanied {{{Ricketts}}}’ Division—The remaining battalion will at once ... some odds and ends, and part of what came up with {{{Rick
E602 vol11 | "Locust Point" | 0
E602 vol11 | Meigs Ricketts Baltimore | 1
    ['papersofulyssess0011gran'] | None | ordered to Washington to proceed via of {{{Baltimore}}} and from {{{Baltimore}}} to Re- port by telegraph to Maj. Genl ... here for {{{Baltimore}}} during the day—They are directed to re- port their arrival in {{{Baltimore}}} to you by ... be sent will be twenty thousand. {{{Ricketts}}} division arrived at {{{Baltimore}}} & sent forward to the Monocacy ... Washington & {{{Baltimore}}} Road. There 
E602 vol11 | "without ambulances" | 0
E602 vol11 | "Martinsburg" forage | 1
    ['papersofulyssess0011gran'] | None | Windmill Pt. could be Forty eight hours without {{{forage}}} & have directed an investigation to ascertain upon ... in front with the exception of a reserve near {{{Martinsburg}}}. I have taken command of all these troops and ... expected movement of Sullivan I will defend {{{Martinsburg}}} with all our power in case of an attack and hold ... Harpers Ferry. In this case I must evacuate {{{Martinsb
CTRL vol12 | "Delaware" | 1
    ['papersofulyssess0012gran'] | None | USG. “The first, third, and fourth regiments of {{{Delaware}}} Volunteers are now near Petersburg—two of them ... the release of her son, J. R. Pettway, from Fort {{{Delaware}}} because he surrendered voluntarily at Vicksburg ... (U.S. Army), 149n, 187n, 349 and n, 435, 467-68 {{{Delaware}}}, 353n, 460 Democratic Party, 214n-l5n, 441, 471-72 ... N.Y., 293n, 341n Fort Crawford, Va., 204n Fort {{{De
E600 vol12 | "Delaware cavalry" | 0
E600 vol12 | furlough vote Delaware | 0
E600 vol12 | "go home and vote" | 0
E600 all | "First Delaware Cavalry" furlough vote | 0
E600 all | "Delaware Cavalry" "go home and vote" | 15
    ['annualreportofqu1864offi'] | None | stream of applicants for furloughs to {{{go home and vote}}}. In accordance with your instructions ... Order No. 314. ' Oa]>L Peter I. Case, {{{Delaware Cavalry}}}, 4t]i Regt., Stockton, N. J, 50 pistols
    ['stantonlincolnsw0000stah'] | None | to go for Seymour unless the soldiers could {{{go home and vote}}}.” Stanton said he would grant the furloughs ... to let her soldiers, or any part of them, {{{go home and vote}}} at the State election, will be greatly in ... to Wallace, Oct. 26, 1864, M473 (furlough {{{Delaware cavalry}}}); Can- non to Stanton, Oct. 27, 1864, Edwin ... Stanton Papers, LC, box 43, image 50 (furlough {{{Delaware ca
    ['yellowlegs0000unse'] | None | tachment—less than a hundred men—of the ist {{{Delaware Cavalry}}} made a stand, and two thirds of them were ... the war, and every man in it was anxious to {{{go home and vote}}} for the politicians—Congressmen, Senators
    ['yellowlegsstoryo0000unse_s9z2'] | None | tachment—less than a hundred men—of the ist {{{Delaware Cavalry}}} made a stand, and two thirds of them were ... the war, and every man in it was anxious to {{{go home and vote}}} for the politicians—Congressmen, Senators
    ['yellowlegs0000rich'] | None | detachment — less than a hundred men - of the 1st {{{Delaware Cavalry}}} made a stand, and two thirds of them were ... the war, and every man in it was anxious to {{{go home and vote}}} for the politicians — Congressmen, Senators
    ['yellowlegsstoryo0000worm_d5f8'] | None | tachment—less than a hundred men—of the 1st {{{Delaware Cavalry}}} made a stand, and two thirds of them were ... the war, and every man in it was anxious to {{{go home and vote}}} for the politicians—Congressmen, Senators
    ['yellowlegsstoryo0000worm'] | None | tachment—less than a hundred men—of the ist {{{Delaware Cavalry}}} made a stand, and two thirds of them were ... the war, and every man in it was anxious to {{{go home and vote}}} for the politicians—Congressmen, Senators
    ['yellowlegsstoryo0000unse_j5o5'] | None | tachment—less than a hundred men—of the 1st {{{Delaware Cavalry}}} made a stand, and two thirds of them were ... the war, and every man in it was anxious to {{{go home and vote}}} for the politicians—Congressmen, Senators
E600 all | "request of Governor Cannon" | 39
    ['famousdocumentss0000unse'] | None | twenty-sixth, to Delaware, at the personal {{{request of Governor Cannon}}}. Address Delivered at the Dedication
    ['historyofdelawar0000munr'] | None | Dela¬ ware polls. In 1864, at the {{{request of Governor Cannon}}}, troops were again sent to watch
    ['historyofdelawar0000munr_e4x1'] | None | the Dela- ware polls. In 1864, at the {{{request of Governor Cannon}}}, troops were again sent to watch the
    ['historyofnegrora0000geor'] | None | October 26th, to Delaware, at the personal {{{request of Governor Cannon}}}. On the 12th of November, 1863, the Union
    ['03590160.4850.emory.edu'] | None | to Delaware, at the personal {{{request of Governor Cannon}}}. On the 1 2th of November, 1863
    ['historyofnegrora0002unse'] | None | to Delaware, at the personal {{{request of Governor Cannon}}}. On the 1 2th of November, 1863
    ['historyofnegrora02will'] | None | to Delaware, at the personal {{{request of Governor Cannon}}}. On the I2th of November, 1863
    ['historynegrorac01willgoog'] | None | to Delaware, at the personal {{{request of Governor Cannon}}}. On the I2th of November, 1863
E602 all | "Locust Point" Ricketts "without ambulances" | 3
    ['journalofamerica44unse'] | None | Anastomosis. B. M. {{{Ricketts}}}, Cincinnati. 21 Ovarian Angioma. B. M. {{{Ricketts}}}, Cincinnati. 22 Case ... of the Heart and Lungs. Benjamin Merrill {{{Ricketts}}}. $5.00. The Grafton Press, New York. Surgical ... Elbow Joint for Ankylosis. Dr. B. Merrill {{{Ricketts}}}, Cincinnati, Ohio, drew the fol¬ lowing ... Montgomery : Practical Gynecology, p. 494. 13. {{{Ricketts}}}: The Journal A. M.
    ['journalofamerica28unse'] | None | stomachic in chloro-ane- mia . 464 in {{{ricketts}}} . '"U Phosphuria in diagnosis . Photography ... New York could now be carried on {{{without ambulances}}}; a hospital without an ambulance would ... officers were elected: President, Dr. Edward {{{Ricketts}}}; vice presi¬ dent, Dr. Edward Shields ; ... Will, Earls, Ky. ■ Cleborne, R. K., {{{Locust Point}}}. Baltimore, Md. ; Cohen, I. N., LaCross
    ['journalamericanm28ameruoft'] | None | as a stomachic In ehloroane- mla 464 in {{{ricketts}}} 750 Phosphuria In diagnosis 82 Photography ... New York could now be carried on {{{without ambulances}}}; a hospital without an ambulance would ... officers were elected : President, Dr. Edward {{{Ricketts}}} ; vice-presi- dent. Dr. Edward Shields ; secretary ... Bourland, Will, Earls. Ky. Cleborne, R. K., {{{Locust Point}}}. Baltimore, Md.; C
E602 all | "embarrass operations"  "animals and wagons" | 0
E602 all | "Hunter's large train" | 0
