GB '"Tunstall" "rebel agent" 1864' 11
    Lincoln's Minister of Mystery 2026-02-26 | ... <b>Agent</b> : The Diary of Major Edward C. Anderson . Tuscaloosa , Hoole , 1976 . 2. SP , Box 130 , file # 2 . 3. Anderson ... <b>Tunstall</b> , consul at Cádiz , Spain . He was removed by Lincol
    New American Supplement to the Latest Edition of the Encyclo 1897 | 
    New American Supplement to the Latest Edition of the Encyclo 1897 | ... <b>Tunstall</b> in 1811 , by Bourne and his brother . For the greater part of his ... <b>agent</b> of com- munication , then in its infancy . M. Bourseul is en- titled ... <b>rebel</b> ironclad Al
    Encyclopaedia Britannica Volume 1 1900 | ... <b>Tunstall</b> in 1811 , by Bourne and his brother . For the greater part of his ... <b>agent</b> of com- munication , then in its infancy . M. Bourseul is en- titled ... <b>rebel</b> ironclad Al
    The American Consul 1990 | ... <b>rebel</b> ship had been given a twenty - four - hour head start . Thomas F ... <b>1864</b> ) . As a leading abolitionist in and out of Congress from the 1830s ... <b>Tunstall</b> of Alabama , w
    The Index 1864 | ... <b>1864</b> ? He should be more sorry , if , like some of their had to discuss it in times past with some of the <b>agents</b> of ... <b>rebel</b> . &#39; The reading of the extract caused a profo
    Funk & Wagnalls New Standard Dictionary of the English Langu 1940 | 
    The Encyclopædia Britannica: New American supplement. A-ZUY 1903 | ... <b>rebel</b> ironclad Albemarle , &quot; May 5 , <b>1864</b> . Afterwardsin command of the ... <b>Tunstall</b> in 1811 , by Bourne and his brother . For the greater part of his ... <b>agent</b> of
GB '"Tunstall" Nashville arrested November 1864' 6
    Confederate Colonels 2008 | ... <b>Tunstall</b> . In Confederate Senate , 1861–64 . Chaired Commerce Committee . Appointed col . , April 6 , <b>1864</b> , to be judge of a military court in AL . While still deciding whether to a
    Descendants of James Bingham of County Down, Northern Irelan 1980 | ... <b>Nashville</b> , Tennessee . William F. Bingham was born in Williamson County ... <b>November 1864</b> ) contains a museum in the basement of the house . Framed ... <b>Tunstall</b> Bingham , bro
    The Story of Alabama 1949 | ... <b>Tunstall</b> , who lived in Nash County , North Carolina , the former of whom ... <b>Nashville</b> , Tennessee , was graduated in 1840 , and married in 1842. During ... <b>1864</b> and 1865 , w
    History of Alabama and Dictionary of Alabama Biography 1921 | 
    Funk & Wagnalls New Standard Dictionary of the English Langu 1940 | 
    The Confederacy 1998 | ... <b>arrested</b> and taken to Augusta , Georgia , where he was shipped , along with ... <b>November</b> 29 , 1887 , to David Clopton , a justice on the Alabama Supreme ... <b>Tunstall</b> was born 
GB '"T. T. Tunstall" Nashville 1864' 0
GB '"Thomas T. Tunstall" arrested 1864' 4
    The American Consul 2015-12-01 | ... <b>1864</b>). As a leading abolitionist in and out of Congress from the 1830s, he had little understanding of the often pro ... <b>Thomas T. Tunstall</b> of Alabama, who had been the consul to Cad
    1861-1862 1953 | 
    The Collected Works of Abraham Lincoln: 1861-1862 1953 | ... <b>Thomas T. Tunstall</b> of Alabama , ex - consul at Cadiz , landed at Tangier from the French vessel Ville de Malaga . On their way to Cadiz to buy coal they were <b>arrested</b> , February 19 ,
    Collected Works 1953 | ... <b>Thomas T. Tunstall</b> of Alabama , ex - consul at Cadiz , landed at Tangier from the French vessel Ville de Malaga . On their way to Cadiz to buy coal they were <b>arrested</b> , February 19 ,
GB '"Tunstall" "Van Duzer"' 187
    Commentaries on the Law of Promissory Notes, and Guaranties  1878 | ... <b>Tunstall</b> v . Walker 312 Van Deusen v . Sweet 101 Turnbull v . Bowyer 135 , 191 <b>Van Duzer</b> v . Howe 10 v . Osborne 499 Van Ness v . Forrest 67 Turner v . Bank of Fox Lake 104 , 389 Van
    The Belcher Family in England and America 1941 | ... <b>Tunstall</b> , Albert , 316 <b>Tunstall</b> , Alys E. , 317 <b>Tunstall</b> , Marcia , 316 <b>Tunstall</b> , Margaret , 317 <b>Tunstall</b> , Roger ... <b>Van Duzer</b> , F. Clinton , 309 Tuxed
    Reports of Cases Heard and Determined by the Lord Chancellor 1873 | ... <b>Van Duzer</b> v . <b>Van Duzer</b> 517 т . Vane v . Barnard , Lord 239 , 243 Van Epps v . Van Deusen 517 Taite v . Swinstead ... <b>Tunstall</b> v . Bracken 407 Whitworth v . Gaugain 599 Turner
    A Treatise on the Law of Judgments 1886 | ... <b>Van Duzer</b> v . <b>Van Duzer</b> 361 24 , 238 Van Hagan , Ex parte 621 , 625 454 Van Metre v . Wolf 150 181 , 487 Van Ness v ... <b>Tunstall</b> v . Robinson . Turner v . Christy . v . Felgat
    Reports of Cases Decided in the High Court of Chancery 1873 | ... <b>Van Duzer</b> v . <b>Van Duzer</b> 517 т . . Vane v . Barnard , Lord 239 , 243 Van Epps v . Van Deusen 517 Taite v . Swinstead ... <b>Tunstall</b> v . Bracken 407 Whitworth v . Gaugain 599 Turn
    Transcript of Enrollment Books 1965 | ... <b>Van Duzer</b> st 73066 - D Neary , Arthur P , 96 Centre ave 73517 - R Neary , Hilda E , 96 Centre ave 73516 - R Nielsen ... <b>Tunstall</b> , Rose , 30 Cunard ave 73317 - D Turner , Isabelle K 
    Official Gazette of the United States Patent Office 1914 | ... <b>Tunstall</b> , Albert E. ( See <b>Tunstall</b> , William B. and A. E. ) <b>Tunstall</b> , William B. and A. E. , Worcester , assignors ... <b>Van Duzer</b> , Clarence E. , assignor , by mesne a
    Register of the Department of Justice and the Judicial Offic 1874 | ... <b>Van Duzer</b> , A. P Tichenor , I. N 60 Van Dyke , W. Tilton , P .. 11 Vanersen , W. Timon , J. R 100 Van Etten , T ... <b>Tunstall</b> , W.V. 134 Walker , J. N. Turnburk , J. T 19 Walker , J. 
GB '"Tunstall" Dana arrest "seizure of his papers"' 0
S2 'Tunstall arrest Nashville 1864' HTTP Error 429:  []
S2 'Thomas Tate Tunstall consul Confederate' 0 []
S2 'Union arrests rebel agents Nashville 1864 Dana' 0 []
CORE '"Tunstall" Nashville 1864 arrest' 423194 [('Tunstall', 1940), ('John Liggat Tunstall, New Market Cadet, ca. 1866', 1867), ('Portrait of the Very Rev. Dean Michael John Dwyer O.S.B., 18', 1864), ('Gerald Tunstall oral history interview', 2007), ('Gerald Tunstall oral history interview', 2007)]
CORE '"Thomas T. Tunstall"' HTTP Error 500: Internal Server Error []
