# AUD2-LEDGER14-1 gb5 (10 Oct 2026)
"Delaware cavalry guarding the Baltimore and Ohio" | 324
    The War of the Rebellion: v. 1-53 [serial no. 1-11 1884 ['United States. War Department'] [c-B9ZBielvIC] | ... <b>Baltimore</b> . General Lockwood will arrive with the Second <b>Delaware</b> Regiment , the <b>infantry</b> of Purnell&#39;s Legion , Third Maryland Volunteers , and First Maryland <b>Cavalry</b> ... <b>guarding</b> Northern Central Railroad , aggregate 1,008 ; Fourth New&nbsp;...
    The War of the Rebellion 1884 ['United States. War Department'] [SrQ9AAAAYAAJ] | ... <b>Baltimore</b> . General Lockwood will arrive with the Second <b>Delaware</b> Regiment , the <b>infantry</b> of Purnell&#39;s Legion , Third Maryland Volunteers , and First Maryland <b>Cavalry</b> ... <b>guarding</b> Northern Central Railroad , aggregate 1,008 ; Fourth New&nbsp;...
    The War of the rebellion: a compilation of the off 1884 ['United States dept. of war'] [sJc5li7LRV0C] | 
    House documents 1895 None [X_s1sCBHhkYC] | ... Ohio Railroad , August 10 , 1864 . Lieut . Col. LYNDE CATLIN , Assistant ... <b>Guard</b> , One ... <b>Cavalry</b> ; detachment First <b>Delaware Cavalry</b> , and Rank&#39;s ( Pennsylvania ) battery . These troops are distributed along the line of the <b>Baltimore</b>&nbsp;...
    Miscellaneous Documents 1884 ['United States. Congress. House'] [n5wFAAAAQAAJ] | ... <b>Baltimore</b> . General Lockwood will arrive with the Second <b>Delaware</b> Regiment , the <b>infantry</b> of Purnell&#39;s Legion , Third Maryland Volunteers , and First Maryland <b>Cavalry</b> ... <b>guarding</b> Northern Central Railroad , aggregate 1,008 ; Fourth New&nbsp;...
"Delaware cavalry" "go home and vote" | 349
    Votes & Proceedings 1893 ['New South Wales. Parliament. Legislative Council'] [_uA7AQAAMAAJ] | ... <b>Cavalry</b> raised . Once when Sir Charles Fitzroy was Governor , and he ... <b>go home</b> and be instructed as your future adjutant ? &quot; I said , &quot; Yes , and ... <b>de</b> Crespigny , 15th Hussars , a very good officer , also from Captain Baillie&nbsp;...
    History of Delaware, 1609-1888 1990 ['John Thomas Scharf'] [ZM8wAQAAMAAJ] | ... <b>Delaware</b> , and re- mained there until August 23 , 1863 , and the ... <b>home</b> to <b>vote</b> , but returned to <b>go</b> into winter - quarters as part of the same ... <b>Cavalry</b> . Soon after the breaking out of the war battalions of <b>cavalry</b> were&nbsp;...
    The Union Army: States and regiments 1908 None [71JLAAAAYAAJ] | ... <b>go home</b> to <b>vote</b> , but returned to go into winter quarters as part of the ... <b>Delaware</b> to guard Confederate pris- oners , and served about a month longer than its term of enlistment . It was mustered out , at Wilmington , Jan. 23 , 1865 .
    The Congressional Globe 1864 ['United States. Congress'] [H-ifYynnudoC] | ... <b>vote</b> in 1860 and 1862 , is 4,067 . The gentleman says I could have taken testi- mony . Witnesses swear positively ... <b>go home</b> I shall be able to carry such a report as will ac- cord with their sense of propriety and justice . Now&nbsp;...
    House documents 1884 None [cc0-MIckbc4C] | ... <b>de</b>- partment of the National Government either from Mr. Morey or his ... go to the polls with him to <b>vote</b> ? Ans . No. Ques . 64. Did you or did you ... <b>Cavalry</b> ( I think it was the Seventh ) to <b>come home and vote</b> the Democratic&nbsp;...
"Delaware" "furlough" "without prejudice to the public service" 1864 | 28
    Subject Index of the General Orders of the War Dep 1882 ['United States. War Department', 'Jeremiah C. Allen'] [VPFMAQAAMAAJ] | ... <b>No</b>. 121 , of 1862 , to be settled regardless of mode of conveyance . ..... 102 To be furnished volunteers on detached <b>service</b> , sick or paroled , to the place where their regiment is to be mustered out ; to be obtained upon requisition&nbsp;...
    Allen's Indian mail and register of intelligence f 1865 None [Y2xDAAAAcAAJ] | ... <b>furlough</b> and for leave on urgent private affairs . Her Majesty&#39;s <b>Government</b> however will <b>not</b> object to omit the words &quot; to any place in India or the seas adjacent , &quot; thereby leaving it optional in <b>the civil servants</b> to spend their pri&nbsp;...
    History of Delaware County, Indiana 1881 ['Thomas B. Helm'] [NcpyrQFREE0C] | ... <b>services</b> were <b>not</b> called for . At the outbreak of the rebellion , he joined a cavalry company , which was <b>not</b> accepted for the <b>service</b> . From motives of patriotism , he declined to become a candidate for re - election to the Legislature&nbsp;...
    The United States Army and Navy Journal and Gazett 1865 None [3x4_AQAAMAAJ] | ... <b>1864</b> , is now published . Its great length precludes the possibility of our publishing it in full this week ... <b>service</b> , between February 24 , <b>1864</b> , and November 1 , <b>1864</b> ..... Enlistments in the marine corps , between February&nbsp;...
    Congressional Record 1897 None [eb-n3vDf8ycC] | ... <b>1864</b> , would be twelve months , and from December , <b>1864</b> , to December , 1865 , would be , say , eleven months , making twenty - two two or or twenty- twenty - three months of <b>service</b> ... <b>furlough</b> had expired he continued to work on a farm ,&nbsp;...
"Delaware Cavalry" Stanton furlough election Hancock | 4
    The Journal of the Armed Forces 1879 None [_HFFAQAAMAAJ] | ... <b>Hancock</b> ( S. O. Clark , Tex . , March 3 ( S. O. 39 , Feb. 25 , D. T. ) 19 , Feb. 21 , M. D. P. ) Relieved . - 2d Lieut . B. F. <b>Hancock</b> , relieved as J.-A. 9TH <b>CAVALRY</b> ... <b>Stanton</b> , N. M .; A , B , C , G. Fort Bayard , Hdqrs ( S. O. 16 , Feb.
    The United States Army and Navy Journal and Gazett 1907 None [8pFCU0ktn6gC] | ... <b>Cavalry</b> squadrons start on their over- land march next month , there will be ... <b>election</b> of Andrew J. Graham as treasurer of the Sheridan Monu- ment Fund ... <b>furlough</b> without commu- icating this to the Captain . Hence the&nbsp;...
    Harper's Weekly 1864 ['John Bonner', 'George William Curtis', 'Henry Mills Alden', 'Samuel Stillman Conant', 'Montgomery Schuyler', 'John Foord', 'Richard Harding Davis', 'Carl Schurz', 'Henry Loomis Nelson', 'John Kendrick Bangs', 'George Brinton McClellan Harvey', 'Norman Hapgood'] [JlmZUYrDH4IC] | ... <b>Cavalry</b> Charge at Winchester , € 44 . Cemetery Ridge , Federal Charge on , 548 . Central Fair Buildings ... <b>Election</b> Day , 728 , 729 . Electro - ballistic Apparatus for measuring the Speed of Cannon Balls , 829 . Escaped Slave&nbsp;...
    Civil War Extra: A newspaper history of the Civil  1999 ['Eric Caren'] [5aoQAQAAMAAJ] | ... <b>cavalry</b> force has been dispatched to intercept the rebel raid . ers , and ... <b>election</b> of Abraham Lin and a ferry boat , loaded with horses , Shelby ... <b>furlough</b> . They settle down to their work , and expect to get into business&nbsp;...
"First Delaware Cavalry" "furlough" "election" Knight 1864 November | 5
    History of Marion and Clinton Counties, Illinois 1881 None [rc1MAQAAMAAJ] | ... <b>1864</b> , re - enlisted as veterans and Gaston , William P. , mustered out <b>Nov</b>. 6 , 1865 . was home a short time on <b>furlough</b> ... <b>CAVALRY</b> REGIMENT . MUSTER ROLL COMPANY E. Captain . Aaron L. Rockwood ... <b>Knight</b> , John R. , mustered out&nbsp;...
    The United States Army and Navy Journal and Gazett 1899 None [awjdcDhNyg4C] | ... <b>furlough</b> . It is thought he may have jumped overboard while <b>de</b>- lirious . Lieut . Carmody entered the Marine Corps April 13 , 1899. On April 27 he was assigned to the Guam Battalion and ordered on board the Yosemite , which sailed for&nbsp;...
    Portland Transcript 1863 None [hVSEdKlElR4C] | ... <b>first</b> . -The Legislature has before it a resolve allowing soldiers to <b>vote</b> in the next Presi- dential <b>election</b> . It ... <b>cavalry</b> which at last accounts were prov- ing very successful . A strong movement is being made by Gen. Banks&nbsp;...
    Army and Navy Gazette 1877 None [PleGPhYZH-UC] | ... <b>first</b> place . More than 1,000 pupils have entered H.M. Ser- vice . For every ... <b>Furlough</b> Pay , Pensions , &amp; c . , drawn and remitted [ EFT OFF CLOTHES , Old ... <b>KNIGHT</b>- HOOD , Regulation , &amp; c . , in Miniature . O OFFICERS OF&nbsp;...
    Guide to Microforms in Print 1996 None [gftOAQAAIAAJ] | 
"to go home and vote" Wallace Stanton 1864 | 5
    The Collected Works of Abraham Lincoln 2008-10-01 ['Abraham Lincoln'] [5gHA6yZsrocC] | ... <b>1864</b> , DNA WR RG 94 , U.S. Mil . Acad . , 1863 , No. 105 Apr. 4. To Edwin M. <b>Stanton</b> , Nicolay for Lincoln , referring petition of Maryland Vols . to Lincoln , Mar. 31 , <b>1864</b> , <b>to go home and vote</b> , DNA WR RG 107 , Sec . of War Letters&nbsp;...
    1864-1865 1953 ['Abraham Lincoln'] [OKsnAQAAMAAJ] | ... <b>Stanton</b> , Hay for Lincoln , referring application of Wells W. Leggett to ... <b>to go home and vote</b> , DNA WR RG 107 , Sec . of War Letters Received , P 219 ... <b>Wallace</b> , DNA WR RG 107 , Sec . of War Letters Received , P 240 Apr. 9&nbsp;...
    Public Record 1868 ['Horatio Seymour'] [7SpcAAAAcAAJ] | ... <b>Wallace</b> Knox. join with you in this campaign in the earnest support of one of your fellow - soldiers , who has ... <b>to go home and vote</b> at the annual election , and that it is the design of this department to furnish those who may&nbsp;...
    The Collected Works of Abraham Lincoln: 1864-1865 1953 ['Abraham Lincoln'] [tc0OAQAAIAAJ] | ... <b>Stanton</b> , Hay for Lincoln , referring application of Wells W. Leggett to ... <b>to go home and vote</b> , DNA WR RG 107 , Sec . of War Letters Received , P 219 ... <b>Wallace</b> , DNA WR RG 107 , Sec . of War Letters Received , P 240 Apr. 9&nbsp;...
    Collected Works 1953 ['Abraham Lincoln'] [nXwKAQAAIAAJ] | ... <b>1864</b> Apr. 4. To Edwin M. <b>Stanton</b> , Hay for Lincoln , referring application ... <b>to go home and vote</b> , DNA WR RG 107 , Sec . of War Letters Received , P 219 ... <b>Wallace</b> , DNA WR RG 107 , Sec . of War Letters Received , P 240 Apr. 9&nbsp;...
"go home and vote" "Delaware" 1864 cavalry Stanton | 24
    States at War, Volume 4 2015-02-03 ['Richard F. Miller'] [VeE7BgAAQBAJ] | ... GO No. 268 , ending June 15 call for 100,000 six - months &#39; troops to counter Lee&#39;s advance , 44 , 144 ; circular with instructions for re - enlisted volunteers <b>returning home</b> ... <b>1864</b> , GOs , circulars , rules , and instructions issued&nbsp;...
    The Congressional Globe 1864 ['United States. Congress'] [H-ifYynnudoC] | ... <b>1864</b> . Hon . EDWIN M. <b>STANTON</b> , Secretary of War : Our operations may be summed up in a few words . With seventeen hundred <b>cavalry</b> ... <b>Delaware</b> , and Mr. JAMES E. ENGLISH Of Connecticut , the com- mittee on its part . The PRESIDENT pro&nbsp;...
    The Biographical Cyclopædia and Portrait Gallery w 1884 None [Y85CAQAAMAAJ] | ... <b>STANTON</b> , physician , was born on the 13th July , 1800 , at Brownsville ... <b>home</b> , he studied medicine in the office of Dr. James Crew , of Zanes- field ... <b>Delaware</b> , having established the &quot; Brown professorship . &quot; But one&nbsp;...
    Complete works; comprising his speeches, letters,  1894 ['Abraham Lincoln'] [QsvuSHeqXuQC] | ... <b>Delaware</b> of slave mothers , 91 ; lib- eration of , 102 ; emancipation of ... <b>cavalry</b> into reserve corps for Army of Potomac , II , 293 ; relations with ... <b>Stanton</b> , 600 , 601 . Snicker&#39;s Gap , Va . , II , 247 . Society of&nbsp;...
    The United States Army and Navy Journal and Gazett 1865 None [7KNMAAAAYAAJ] | ... <b>Delaware</b> Gap . LIEUTENANT Margeram , of the Third Pennsylvania Ar- tillery , died at Fortress Monroe on Friday evening of last week . His remains have been <b>sent home</b> ... <b>Stanton</b> has been appointed Chief Paymaster of the Department of&nbsp;...
"Delaware" "cannot carry the state without them" Stanton cavalry furlough | 24
    The United States Army and Navy Journal and Gazett 1914 None [l-DD6uICG_0C] | ... <b>them</b> to Texas City for fear our regiment may be moved at any time . The ... <b>without</b> passing through the Reserves ? An- swer : As regulations do not say ... <b>Cavalry</b> , an article dealing with the Maine <b>Cavalry</b> regiments , appeared&nbsp;...
    Army and Navy Official Gazette  ['United States. War Department'] [dQpJAQAAIAAJ] | United <b>States</b>. War Department. A medal of honor has been conferred upon each of the captors of these rebel colors . A medal has also been awarded to Corporal Isaac Gause , company E 2d Iowa <b>cavalry</b> , for giving important information and&nbsp;...
    Army & Navy Official Gazette 1864 None [WnRIAQAAMAAJ] | ... <b>cavalry</b> ; Lieu- tenant Colonel J. M. THOMPSON , 107th Pennsyl- vania volunteers ; Major G. H. HASTINGS , 1st United <b>States</b> sharpshooters , Judge Advocate . A General Court - Martial , for the trial of such cases as may be brought before <b>it</b>&nbsp;...
    The Army & Navy Official Gazette 1865 None [9b1OAQAAMAAJ] | ... <b>cavalry</b> , first brigade , first division <b>cavalry</b> . Old Style Rebel National Flag . Captured September 19 , 1864 ... <b>without</b> special permission from the War Department . A Board is in session at Annapolis , Maryland , to examine non&nbsp;...
    The Journal of the Armed Forces 1894 None [H3JOAQAAMAAJ] | ... <b>Cavalry</b> . Col. Anson Mills . Leave for 15 days , to <b>take</b> effect about Dec ... <b>State</b> of Alabama , is granted 1st Lieut . James B. Erwin , 4th Cav . ( S. O. ... <b>them</b> , and in some in- stances resulting in unnecessary confinement&nbsp;...
