== 10383 "one hundred and forty-eight miles" Vicksburg Shreveport total 317
  0jrOAAAAMAAJ | Report of the Commissioner of the General Land Office | 1888 | ALL_PAGES | ... <b>One hundred</b> and sixty - one <b>miles</b> completed between March 4 , 1881 , and April 11 , 1883. For- feiture proceedings ... <b>Forty</b>- four <b>miles</b> completed between 1866 and 1869. No forfeiture pending . 5. Jackson , Lansing and Saginaw&nbsp;...
  gRj24u2HVyMC | Journal | 1893 | ALL_PAGES | ... <b>one hundred and forty</b> feet to climb ; further on , <b>one hundred and fifty</b> ... <b>eight</b> thousand <b>eight</b> hundred and ninety - nine feet , or one and seven tenths <b>miles</b> ... <b>Vicksburg</b> , Mississippi ; there crosses the Mississippi River and runs&nbsp;...
  5E7-YStre_UC | Report of the Commissioner of the General Land Office to the | 1888 | ALL_PAGES | ... <b>One hundred</b> and sixty - one <b>miles</b> completed between March 4 , 1881 , and April 11 , 1883. For- feiture proceedings ... <b>Forty</b>- four <b>miles</b> completed between 1866 and 1869. No forfeiture pending . 5. Jackson , Lansing and Saginaw&nbsp;...
  HO76rBvaJhwC | Report of the Department of the Interior ... [with Accompany | 1888 | ALL_PAGES | ... <b>One hundred</b> and sixty - one <b>miles</b> completed between March 4 , 1881 , and April 11 , 1883. For- feiture proceedings ... <b>Forty</b>- four <b>miles</b> completed between 1866 and 1869. No forfeiture pending . 5. Jackson , Lansing and Saginaw&nbsp;...
  i-REAQAAMAAJ | Biographical and Historical Memoirs of Mississippi | 1891 | ALL_PAGES | ... <b>Shreveport</b> , <b>one hundred</b> and seventy - two <b>miles</b> ; within seven hours &#39; <b>distance</b> of the Texan cotton - fields , Marshall , two hundred and eleven <b>miles</b> ; within twenty - four hours of Chicago , Ill . , seven <b>hundred and forty</b> - <b>eight</b>&nbsp;...
  nLRAAQAAMAAJ | Annual Report of the Commissioner of General Land Office Mad | 1888 | ALL_PAGES | ... <b>One hundred</b> and sixty - one <b>miles</b> completed between March 4 , 1881 , and April 11 , 1883. For- feiture proceedings ... <b>Forty</b>- four <b>miles</b> completed between 1866 and 1869. No forfeiture pending . 5. Jackson , Lansing and Saginaw&nbsp;...
== 10383 "road to Monroe" Canby Vicksburg 1864 "has been in operation" total 4
  YNK1BRFhvloC | The War of the Rebellion | 1891 | ALL_PAGES | ... <b>road to Monroe</b> , 52 miles , <b>has been in operation</b> , but some portions of it have been destroyed . The remainder has ... <b>CANBY</b> , Major - General , Commanding . HDQRS . MILITARY DIVISION OF WEST MISSISSIPPI , His Excellency R. YATES&nbsp;...
  iLo9AAAAYAAJ | The War of the Rebellion: v. 1-53 [serial no. 1-111] Formal  | 1891 | ALL_PAGES | United States. War Department. a distance of 148 miles . The <b>road to Monroe</b> , 52 miles , <b>has been in operation</b> , but ... <b>CANBY</b> , Major - General , Commanding . HDQRS . MILITARY DIVISION OF WEST MISSISSIPPI , His Excellency R. YATES&nbsp;...
  qppMJSGTjHoC | House documents | 1892 | ALL_PAGES | a distance of 148 miles . The <b>road to Monroe</b> , 52 miles , <b>has been in operation</b> , but some portions of it have been destroyed . The remainder has been graded . The labor , with the exception of skilled mechanics , can be procured , and&nbsp;...
  WPGETyAxN0AC | The War of the rebellion: a compilation of the official reco | 1891 | ALL_PAGES | 
== rr "Vicksburg, Shreveport and Texas" "annual report" January 1861 directors total 6
  6B6F7fbzJGIC | American Railroad Journal | 1861 | ALL_PAGES | ... <b>Vicksburg , Shreveport , and Texas</b> Railroad .. 190 New Brunswick , and Canada Railway and Land Company ....... Canal ... <b>annual report</b> ; and was an increase of 250 , - 200 792 tons over the quantity for 1859 . 201 The value of coal&nbsp;...
  hWUjAQAAMAAJ | Railway Locomotives and Cars | 1861 | ALL_PAGES | ... <b>Vicksburg , Shreveport , and Texas</b> Railroad .. 190 New Brunswick , and Canada Railway and Land Company ... <b>annual report</b> ; and was an increase of 250 , - 200 792 tons over the quantity for 1859 . 201 The value of coal on hand&nbsp;...
  WZ_fAAAAMAAJ | Confederate Imprints: Unofficial publications. (Vol. 2, pt.  | 1955 | NO_PAGES | ... <b>1861</b>. Petersburg : C. Ellyson , Printer , <b>1861</b> . [ 20 ] p . Tables . 231 cm . ViU SOUTHSIDE RAILROAD COMPANY 3004 * Thirteenth <b>annual report</b> of the president and <b>directors</b> ... <b>April</b> 27th , 1863 . [ n.p. , 1863. ] Broadside . 36 x 25 cm . MBAt&nbsp;...
  p-OGAAAAIAAJ | Agriculture and Economic Development in Louisiana | 1997 | NO_PAGES | ... <b>Vicksburg , Shreveport and Texas</b> Railroad , September <b>1861</b> ,. Notes for &quot; Wartime Louisiana Railroads &quot; <b>Annual Report</b> ... <b>Directors</b> of the New Orleans , Opelousas and Great Western Railroad Company ... <b>January</b> , 1867 ( New Orleans&nbsp;...
  F2gsAAAAYAAJ | Confederate Imprints | 1955 | NO_PAGES | 
  j4EPAQAAMAAJ | The National Union Catalog, Pre-1956 Imprints | 1979 | NO_PAGES | 
== rr "Vicksburg, Shreveport & Texas Railroad" "January 31, 1861" total 2
  p-OGAAAAIAAJ | Agriculture and Economic Development in Louisiana | 1997 | NO_PAGES | ... <b>Vicksburg . Shreveport and Texas Railroad</b> , September , 1861 , 5 , 10 ... <b>January 31 , 1861</b> ; Shreveport South - Western , February 13 , 1861 . 27The ... <b>Vicksburg , Shreveport and Texas Railroad</b> , September 1861 , 9 , 12-13&nbsp;...
  Pc92AAAAMAAJ | Confederate Neckties | 1989 | NO_PAGES | ... <b>Vicksburg , Shreveport and Texas Railroad</b> , January 1861 , p . 3 ; American ... <b>Vicksburg , Shreveport and Texas Railroad</b> , September 1861 , pp . 5 ... <b>January 31 , 1861</b> ; Shreveport South - Western , February 13 , 1861 . 6. The&nbsp;...
== rr "Vicksburg, Shreveport and Texas" "seventy-four" Monroe total 1
  UCMrAAAAYAAJ | Records and Briefs of the United States Supreme Court | 1904 | ALL_PAGES | ... <b>Monroe</b> and Shreveport ... <b>seventy - four</b> miles from the Ouchita river at <b>Monroe</b> to the Mississippi river opposite Vicksburg and that the North Louisiana and Texas Railroad Company , the successors of the <b>Vicksburg , Shreveport and Texas</b>&nbsp;...
== ctx Meigs Canby "Vicksburg and Monroe" 1864 gauge "Papers of Ulysses S. Grant" total 0
== ctx "Vicksburg and Shreveport Railroad" Meigs Canby 1864 gauge repair Grant total 0
