== control "I have telegraphed you twice to inform me of the gauge" total 276
  WPGETyAxN0AC | The War of the rebellion: a compilation of the official reco | 1891 | ALL_PAGES | 
  PT5rKsGdgJ0C | The War of the Rebellion: v. 1-53 [serial no. 1-111] Formal  | 1891 | ALL_PAGES | ... <b>you twice to inform me of the gauge</b> . If <b>I am</b> rightly <b>informed</b> now , by locomotive builders , that it is 5 feet 6 ... <b>telegraphic</b> dispatch last night , saying we would move from here in a few days , and I beg to state that nothi
  L5QtAAAAIAAJ | The War of the Rebellion | 1891 | ALL_PAGES | ... <b>I have</b> tele- graphed <b>you twice to inform</b> of the <b>gauge</b> . Het <b>am</b> rightly <b>informed</b> now , by locomotive builders , that it is 5 feet 6 inches , it will be best if we repair the road to alter the <b>gauge</b> of the rails to 5
  qppMJSGTjHoC | House documents | 1892 | ALL_PAGES | referred to the Secretary of War for instructions . <b>I have</b> tele- graphed <b>you twice to inform me of the gauge</b> . If <b>I am</b> rightly <b>informed</b> now , by locomotive builders , that it is 5 feet 6 inches , it will be best if we repair the roa
  Zkk1AQAAMAAJ | Telegraphic Journal and Monthly Illustrated Review of Electr | 1890 | ALL_PAGES | ... <b>you</b> refer to as emanating from <b>us</b> , anything more than a general summary ; but , in answer to your challenge , we ... <b>we had</b> of the fact . The stoker <b>was</b> discharged , and the engine driver compelled to look after both engine and
  g1E_AQAAMAAJ | English Mechanic and Mirror of Science | 1910 | NO_PAGES | ... <b>I was</b> playing with coherers ten years ago , my coherer used to &quot; go off ... <b>me</b> much better results than the magnetic , galena , tellurium , corborundum ... <b>You</b> will these much see advertised in the journals devoted to shipping&nbs
== IC "gauge of the Vicksburg and Monroe railroad" total 328
  cL7xDrzhqwIC | Annual Reports of the War Department | 1886 | ALL_PAGES | ... <b>gauge</b> , said to have been placed there by Col. James Martin , engineer Texas and Saint Louis <b>Railroad</b> . Elevation of ... <b>Vicksburg</b> , Shreveport and Pacific <b>Railroad</b> bridge over Bayou Bœuf . The zero of <b>gauge</b> is the low - 
  sU0KlzeuZM8C | Report of the Secretary of War, which Accompanied the Annual | 1886 | ALL_PAGES | ... <b>gauge</b> , said to have been placed there by Col. James Martin , engineer Texas and Saint Louis <b>Railroad</b> . Elevation of ... <b>Vicksburg</b> , Shreveport and Pacific <b>Railroad</b> bridge over Bayou Bœuf . The zero of <b>gauge</b> is the low - 
  QOU9AQAAMAAJ | Annual Report of the Chief Signal Officer Made to the Secret | 1886 | ALL_PAGES | ... <b>gauge</b> , said to have been placed there by Col. James Martin , engineer Texas and Saint Louis <b>Railroad</b> . Elevation of ... <b>Vicksburg</b> , Shreveport and Pacific <b>Railroad</b> bridge over Bayou Bœuf . The zero of <b>gauge</b> is the low - 
  38MtAAAAIAAJ | Report of the Chief Signal Officer, United States Army, to t | 1886 | ALL_PAGES | ... <b>gauge</b> , said to have been placed there by Col. James Martin , engineer Texas and Saint Louis <b>Railroad</b> . Elevation of ... <b>Vicksburg</b> , Shreveport and Pacific <b>Railroad</b> bridge over Bayou Bœuf . The zero of <b>gauge</b> is the low - 
  _IkdAQAAIAAJ | Annual Report of the Secretary of War | 1886 | ALL_PAGES | ... <b>gauge</b> , said to have been placed there by Col. James Martin , engineer Texas and Saint Louis <b>Railroad</b> . Elevation of ... <b>Vicksburg</b> , Shreveport and Pacific <b>Railroad</b> bridge over Bayou Bœuf . The zero of <b>gauge</b> is the low - 
  63DVM-hK4nEC | Annual Report of the Chief Signal Officer of the Army to the | 1886 | ALL_PAGES | ... <b>gauge</b> , said to have been placed there by Col. James Martin , engineer Texas and Saint Louis <b>Railroad</b> ... <b>Vicksburg</b> , Shreveport and Pacific <b>Railroad</b> bridge over Bayou Bœuf . The ... <b>Monroe</b> , La . The river - <b>gauge</b>
== IC "no grading between Monroe" total 361
  Z9pOAAAAYAAJ | Proceedings of the City Council of the City of Minneapolis | 1909 | NO_PAGES | ... <b>GRADING</b> . <b>From</b> J. Friedman- Proposal to <b>grade</b> the alley <b>between</b> Fremont and ... <b>Monroe</b> street northeast . <b>From</b> Kilgore , Peteler Co.- Proposals to furnish ... <b>No</b>. 3 , unmounted , for $ 520.00 , mounted for t
  X_gAAAAAMAAJ | Bulletin of the Bureau of Tests and Measurements | 1937 | NO_PAGES | ... <b>between</b> corresponding <b>grades</b> in the <b>Monroe</b> standards . To illustrate , the difference <b>between</b> the <b>Monroe</b> standards for the comprehension scores in <b>Grades</b> III and IV is 2.5 paragraphs ( 9.4-6.9 = 2.5 ) ; in City <b>
  Nu6sxvvaOkMC | Annual reports of the various city officers of the city of M | 1892 | ALL_PAGES | ... <b>FROM</b> MARSHALL STREET TO <b>MONROE</b> STREET . ST . PAUL , MINNEAPOLIS &amp; MANITOBA RAILWAY CO . , APPELLANTS . District court commissioners awarded to appellant , for land taken $ 1.00 ; for planking and <b>grading</b> ... <b>No</b>. 423. IN RE O
  _4ykoGZxmxMC | Railroad Age Gazette | 1904 | ALL_PAGES | ... <b>from</b> Bokoshe northwest to Briartown , 25 miles . Contract for <b>grading</b> reported let to Kohman &amp; McMurray . F. A. Molitor , Fort Smith , Ark . , is Chief Engineer . MILL CREEK &amp; ADDISON . - Chartered to build <b>from</b> Mill Creek , Ra
  piU0AQAAMAAJ | Proceedings of the Common Council of the City of Buffalo, .. | 1891 | ALL_PAGES | ... <b>between</b> Fox and Sherman streets to be reconstracted and lowered to proper <b>grade</b> at an expense <b>not</b> to exceed $ 20 . Rule suspended and resolution adopted . That the Street Commissioner cause a side- walk on the north side of Broadway ,&
  ipFyEQAAQBAJ | American Railroad Journal | 2025-07-18 | PARTIAL | ... <b>from</b> Toledo and <b>Monroe</b> to tending <b>from</b> Toledo to Adrian , 33 miles , which for demands contracted within its limits . The Chicago brought into use . was constructed under the charter of the Erie and State might purchase the road and al
== IC "not likely that any work has been done upon it" total 357
  NXs6yEFLah8C | House documents | 1884 | ALL_PAGES | 
  Ad1d0TTeJr4C | The Builder | 1895 | ALL_PAGES | ... <b>an</b> anti- language . In the remote ages , and even before take care that it is <b>not</b> merely figure - carving in quarian&#39;s point of view , though in the bulk of they <b>had</b> tools , people took a flint and a bone and stone , but sculpture 
  cKJbAAAAQAAJ | Reports from Committees | 1855 | ALL_PAGES | ... <b>not</b> worth examining her <b>upon</b> it . 7372. Mr. Cobbett . ] On finding that she <b>had made</b> this statement , you <b>made</b> inquiry , and ascertained that 7s . <b>had</b> been ... <b>likely</b> say , &quot; Three dozen and a half . &quot; 73
  kZwEAAAAQAAJ | The Medical times and gazette | 1868 | ALL_PAGES | ... <b>any</b> fair estimate <b>will</b> be formed of the value of modern <b>work</b> . And who are the supporters of this miserable system ? Is <b>not</b> the determination <b>upon</b> ... <b>done</b> without well - arranged laboratories and <b>work</b> - roo
  vJ4IAwAAQBAJ | Midsummer number Dawson daily news | None | PARTIAL | ... <b>have</b> found it very dithrult to arrive at <b>any</b> definite conclusions , Sensational stories uf felmiously rich discoveries , resulting in enormous fortunes for the lucky ludi- viduals who <b>made</b> them , <b>have</b> frequently <b>been</b> publ
  4BwCAAAAYAAJ | Medical Times and Gazette | 1868 | ALL_PAGES | ... <b>any</b> fair estimate <b>will</b> be formed of the value of modern <b>work</b> . And who are the supporters of this miserable system ? Is <b>not</b> the determination <b>upon</b> ... <b>done</b> without well - arranged laboratories and <b>work</b> - roo
== IC "74 1/4 miles" Vicksburg Monroe total 200
  fFApAAAAYAAJ | The River Transportation of the West: Its Present Condition  | 1878 | ALL_PAGES | 
  CzekafRFggcC | Street and Electric Railways, 1907 | 1910 | ALL_PAGES | ... <b>1 4</b> 18 22 51 16 7 Detroit , <b>Monroe</b> and Toledo Short 87 22 20 2 4 59 22 29 58 Line . 8 Escanaba Electric ... 24 13 9 4 9 Grand Rapids Railway . 168 156 30 51 <b>74</b> ... <b>Vicksburg</b> Railway and Light ......... 20 20 10 10 20 MISSOURI . 
  POMjAQAAMAAJ | Competition Among Domestic Air Carriers | 1955-03 | NO_PAGES | ... <b>1 4</b> 4 2 2 2 2 2 2 7 4 3 2 1 <b>1 4</b> 4 2 2 15 15 2 2 3 3 2 2 33 12 21 2 1 <b>1 4</b> 2 2 ... <b>miles</b> ( 000 ) Local ( One -. BATON RUGE <b>VICKSBURG</b> SO 178 <b>74</b> 100 100 1 1 ... <b>MONROE</b> LA NATCHEZ SO 76 35 100 100 1 1 ALBANY GA A
  -EHiAAAAMAAJ | Local Passenger Tariff, Taking Effect August 15th, 1877, and | 1877 | ALL_PAGES | 
  PtF_AR8fgoQC | Street and Electric Railways | 1910 | ALL_PAGES | ... <b>1 4</b> 18 22 51 16 7 Detroit , <b>Monroe</b> and Toledo Short 87 22 201 2 4 59 22 29 58 Line . 8 Escanaba Electric .. 24 13 9 4 9 Grand Rapids Railway . 168 156 30 | 51 97 1 1 13 11 <b>74</b> ... <b>Vicksburg</b> Railway and Light ......... 20 20 10 10
  viwrUgYlI-EC | Climatological Data for the United States by Sections | 1967 | ALL_PAGES | ... <b>MONROE</b> 11 34 30 89 30 10 33 50 88 33 402 207 76 MACON 2 NE 5366 06 NOXUBEE 3 C MC COMB FAA AP 5614 08 PIKE 0039 05 ... <b>74 74</b> 431 59 89 16 430 35 42 058109 PERRY 431 11 88 55 90 25 0660 04 HUMPHREYS 11 33 12 90 29 110 37 37 3 30 24&nbsp;...
== IC "seventy-four and a quarter" Vicksburg Monroe total 342
  8HctAAAAYAAJ | Records of Living Officers of the United States Army | 1884 | ALL_PAGES | 
  9p4vAQAAIAAJ | Spalding's Base Ball Guide and Official League Book | 1929 | NO_PAGES | ... <b>Vicksburg</b> .600 .645 1927 { S <b>Monroe</b> .655 Jackson * .734 .698 .552 CLUB STANDING , FIRST <b>HALF</b> ... 4 3 .571 Hattiesburg 3 4 .429 INDIVIDUAL BATTING . fen or More Games ... <b>74</b> 8 125 508 75 163 197 15 3 54 7 21.323 5 3 10 19 37 6 27
  QF5YL8BSkvMC | The Official Railway Guide | 1904 | NO_PAGES | ... <b>Monroe</b> .... lve . 1050 PM 121 arr ... Shreveport..lve . 56 10 32 &quot; 54 1027 &quot; 49 10 16 &quot; 46 1008 &quot; 11 45 A M 44 1000 A MIDIOAM 163 arr .... <b>Vicksburg</b>..lve . 152 207 arr ..... Jackson .... lve . 196 399 arr .. New Orleans.lv
  QlATAAAAYAAJ | Antebellum Louisiana, 1830-1860: Life and labor | 2004 | NO_PAGES | ... <b>seventy</b> - <b>four</b> miles of the Eastern Division under contract . The construction firm , Fannin , Grant and Company , comprised several contractors who had worked previously on the Eastern Division . Fannin , Grant and Company agreed to&nbsp;...
  mG4_AAAAYAAJ | Biographical History of Clark and Jackson Counties, Wisconsi | 1891 | ALL_PAGES | 
  GGJiNETwq-IC | Official Gazette of the United States Patent Office | 1896 | ALL_PAGES | ... <b>Monroe</b> , Medway , Mass . Fertilizer - distributer . 557,010 Mar. 24 2736 648 64974 <b>74</b> 1691 Morse , Orville M ... <b>Vicksburg</b> , Miss . Car - door . Mullins , Melvin M. , Monticello , Miss . Plow ... Mullins , William H. , Salem , Ohio&nbs
== IC Meigs Canby gauge Vicksburg Monroe railroad June 1864 total 4
  PT5rKsGdgJ0C | The War of the Rebellion: v. 1-53 [serial no. 1-111] Formal  | 1891 | ALL_PAGES | ... <b>MEIGS</b> , HEADQUARTERS ENGINEER BRIGADE , <b>Vicksburg</b> , <b>June</b> 23 , <b>1864</b> . Quartermaster - General , U. S. Army : Pursuant to instructions of Maj . Gen. E. R. S. <b>Canby</b> , I write you direct concerning the <b>Vicksburg</b> and Sh
  WPGETyAxN0AC | The War of the rebellion: a compilation of the official reco | 1891 | ALL_PAGES | 
  L5QtAAAAIAAJ | The War of the Rebellion | 1891 | ALL_PAGES | ... <b>MEIGS</b> , U. S. GRANT , Lieutenant - General . HEADQUARTERS ENGINEER BRIGADE , <b>Vicksburg</b> , <b>June</b> 23 , <b>1864</b> . Quartermaster - General , U. S. Army : Pursuant to instructions of Maj . Gen. E. R. S. <b>Canby</b> ... <b>Railroad</b> . 
  qppMJSGTjHoC | House documents | 1892 | ALL_PAGES | ... <b>MEIGS</b> , U. S. GRANT , Lieutenant - General . HEADQUARTERS ENGINEER BRIGADE , <b>Vicksburg</b> , <b>June</b> 23 , <b>1864</b> . Quartermaster - General , U. S. Army : Pursuant to instructions of Maj . Gen. E. R. S. <b>Canby</b> ... <b>Railroad</b> . 
== ctx "expediency of the expense is so much doubted" total 4
  L5QtAAAAIAAJ | The War of the Rebellion | 1891 | ALL_PAGES | ... <b>expediency of the expense is so much doubted</b> as that it has been referred to Lieut . Gen. U. S. Grant . JAS . A. HARDIE , Colonel and Inspector - General . QUARTERMASTER&#39;S DEPARTMENT , OFFICE OF CHIEF OF WESTERN RIVER TRANSPORTATION&nbsp;...
  WPGETyAxN0AC | The War of the rebellion: a compilation of the official reco | 1891 | ALL_PAGES | 
  PT5rKsGdgJ0C | The War of the Rebellion: v. 1-53 [serial no. 1-111] Formal  | 1891 | ALL_PAGES | ... <b>expediency of the expense is so much doubted</b> as that it has been referred to Lieut . Gen. U. S. Grant . JAS . A. HARDIE , Colonel and Inspector - General . QUARTERMASTER&#39;S DEPARTMENT , OFFICE OF CHIEF OF WESTERN RIVER TRANSPORTATION&nbsp;...
  qppMJSGTjHoC | House documents | 1892 | ALL_PAGES | ... <b>expediency of the expense is so much doubted</b> as that it has been referred to Lieut . Gen. U. S. Grant . JAS . A. HARDIE , Colonel and Inspector - General . QUARTERMASTER&#39;S DEPARTMENT , OFFICE OF CHIEF OF WESTERN RIVER TRANSPORTATION&nbsp;...
== ctx "repair of the railroad from Vicksburg to Monroe" total 4
  L5QtAAAAIAAJ | The War of the Rebellion | 1891 | ALL_PAGES | ... <b>repair of the railroad from Vicksburg to Monroe</b> , I am directed by the Sec- retary of War to say that the expediency of the expense is so much doubted as that it has been referred to Lieut . Gen. U. S. Grant . JAS . A. HARDIE , Colonel&nbsp;...
  PT5rKsGdgJ0C | The War of the Rebellion: v. 1-53 [serial no. 1-111] Formal  | 1891 | ALL_PAGES | ... <b>repair of the railroad from Vicksburg to Monroe</b> , I am directed by the Sec- retary of War to say that the expediency of the expense is so much doubted as that it has been referred to Lieut . Gen. U. S. Grant . JAS . A. HARDIE , Colonel&nbsp;...
  WPGETyAxN0AC | The War of the rebellion: a compilation of the official reco | 1891 | ALL_PAGES | 
  qppMJSGTjHoC | House documents | 1892 | ALL_PAGES | ... <b>repair of the railroad from Vicksburg to Monroe</b> , I am directed by the Sec- retary of War to say that the expediency of the expense is so much doubted as that it has been referred to Lieut . Gen. U. S. Grant . JAS . A. HARDIE , Colonel&nbsp;...
== rr "Vicksburg, Shreveport and Texas" railroad annual report directors 1861 total 14
  6B6F7fbzJGIC | American Railroad Journal | 1861 | ALL_PAGES | ... <b>1861</b> . [ WHOLE No. 1,299 , VOL . XXXIV . MR . FREDERIC ALGAR , No. 11 Clements Lane , Lombard Street , LONDON ... <b>Vicksburg , Shreveport , and Texas Railroad</b> .. 190 New Brunswick , and Canada <b>Railway</b> and Land Company ....... Canal&nbsp
  hWUjAQAAMAAJ | Railway Locomotives and Cars | 1861 | ALL_PAGES | ... <b>1861</b> . [ WHOLE No. 1,299 , VOL . XXXIV . SECOND QUARTO SERIES , VOL . XVII . , No. 10. ] MR . FREDERIC ALGAR , No. 11 ... <b>Vicksburg , Shreveport , and Texas Railroad</b> .. 190 New Brunswick , and Canada <b>Railway</b> and Land Company&nbsp;...
  WZ_fAAAAMAAJ | Confederate Imprints: Unofficial publications. (Vol. 2, pt.  | 1955 | NO_PAGES | ... <b>RAILROAD</b> COMPANY Time table of the South Side Rail Road , to commence April 27th , 1863 . [ n.p. , 1863. ] Broadside . 36 x 25 cm . MBAt 3008 <b>VICKSBURG , SHREVEPORT , AND TEXAS RAILROAD</b> COMPANY * A statement of the <b>financial</b> condition&
  LjenRzRaIxoC | Railroad Record and Journal of Commerce, Banking, Manufactur | 1860 | ALL_PAGES | ... <b>Directors</b> of $ 195,000.00 the Company will be compelled to take such measures as shall seem just and expedient ... <b>VICKSBURG , SHREVEPORT AND TEXAS RAILWAY</b> . PRESIDENT&#39;S <b>REPORT</b> . After the adjournment of the last <b>annual</b> meet
  eJUFAAAAQAAJ | House Documents, Otherwise Publ. as Executive Documents | 1868 | ALL_PAGES | ... <b>VICKSBURG , SHREVEPORT AND TEXAS RAILROAD</b> , Monroe , Louisiana , November 11 , 1867 . SIR : Your letter of the 2d ... <b>ANNUAL REPORT</b> OF THE PRESIDENT AND <b>DIRECTORS</b> OF THE NEW ORLEANS , OPELOUSAS AND GREAT WESTERN <b>RAILROAD</b> COM- PA
  p-OGAAAAIAAJ | Agriculture and Economic Development in Louisiana | 1997 | NO_PAGES | ... <b>Railroad</b> for more than a year before it took up the line&#39;s rails and sold or ... <b>Vicksburg , Shreveport and Texas Railroad</b> , September <b>1861</b> ,. Notes for &quot; Wartime Louisiana <b>Railroads</b> &quot; <b>Annual Report</b> ... <b>D
== rr "Vicksburg, Shreveport and Texas" Monroe miles gauge total 20
  9TGSlh2xMIAC | Manual of the Railroads of the United States | 1868 | ALL_PAGES | ... <b>miles</b> . In operation : Delta , La . , to <b>Monroe</b> , La ... 72 Sidings and other tracks , 3 <b>miles</b> . <b>Gauge</b> , 5 feet 6 inches . Rail , 56 lbs . Reorganization of the <b>Vicksburg , Shreveport and Texas</b> Railaoad Company . No accou
  _2o9AQAAMAAJ | Poor's Manual of Railroads | 1874 | ALL_PAGES | ... <b>miles</b> . Sidings and other tracks , 1 <b>mile</b> . <b>Gauge</b> , 4 feet 8 inches . Rail , 50 lbs . Rolling Stock ... <b>Vicksburg , Shreveport and Texas</b> Railroad Company . ) 72 “ Line of Road . -Delta ( opposite Vicksburg ) , La . , to&nbsp;...
  OztzeRjemKcC | Manual of the Railroads of the United States | 1878 | ALL_PAGES | ... <b>miles</b> . In operation : Delta , La . , to <b>Monroe</b> , La . 72. &quot; Sidings and other tracks , 3 <b>miles</b> . <b>Gauge</b> , 5 feet 6 inches . Rail , 56 lbs . Reorganization of the <b>Vicksburg , Shreveport and Texas</b> Railroad Company . No
  k0t_fKABw5YC | Manual of the Railroads of the United States | 1896 | NO_PAGES | ... <b>miles</b> . Sidings , etc. , 2 <b>miles</b> . <b>Gauge</b> ... <b>Vicksburg , Shreveport and Texas</b> Railroad Company . ) Line of Road . - Delta ( opp . Vicksburg ) , La . , to State Line of Texas ...... 190 <b>miles</b> . In operation : Delta ( opp .
  xiFQAAAAcAAJ | Manual of the Railroads of the United States for 1872-73 | 1872 | ALL_PAGES | ... <b>Vicksburg , Shreveport and Texas</b> Railroad Company . ) Line of Road . - Delta , ( opposite Vicksburg , ) La . , to State Line of Texas..190 <b>miles</b> . In operation : Delta , La . , to <b>Monroe</b> , La ... 72 Sidings and other tracks , 3 <b>mile
  NEvrfDCZV3kC | The American Railway and Supply Directory | 1874 | NO_PAGES | ... <b>miles</b> . In operation - Delta , Na . , to <b>Monroe</b> , La . , 72 <b>miles</b> . [ Reorganization of the <b>Vicksburg , Shreveport and Texas</b> R. R. Co. ] OFFICE , <b>MONROE</b> , LA . <b>Gauge</b> of Road , 5 feet 6 inches . President ... Vice p
== rr "Vicksburg, Shreveport" "31st January, 1861" total 285
  p-OGAAAAIAAJ | Agriculture and Economic Development in Louisiana | 1997 | NO_PAGES | ... <b>1861</b> , &quot; Southwestern Historical Quarterly , 64 ( 1960 ) : 51 . 26 Report of the <b>Vicksburg</b> . <b>Shreveport</b> and Texas Railroad , September , <b>1861</b> , 5 , 10 ; Report of the <b>Vicksburg</b> , <b>Shreveport</b> and Texas Railroad 
  Pc92AAAAMAAJ | Confederate Neckties | 1989 | NO_PAGES | ... <b>Shreveport</b> and had graded a route to the Texas line ; 4 but nearly all the railway&#39;s activities during the turmoil of the Civil War took place in north- east Louisiana . On <b>January</b> 27 , <b>1861</b> ... <b>Vicksburg</b> to Monroe by way of
  vcRnrY8T_T4C | Poor's Manual of Railroads | 1882 | ALL_PAGES | ... <b>January</b> 1 , 1930 , interest <b>January</b> and <b>July</b> ; $ 3,000,000 6 per cent . debentures , secured by 2d mortgage , dated ... <b>Shreveport</b> , La ....... 325 m . Baton Rouge Branch : Bruslé to Baton Rouge ...... 8 &quot; -333 miles . This
  ivJ2AAAAMAAJ | The Railroads of the Confederacy | 1952 | NO_PAGES | ... <b>1861</b> ; &quot; Comptroller General&#39;s Reports , &quot; Reports and Resolutions of the ... <b>January</b> 30 , 1862 , <b>August</b> 21 , 1862 . 9. Annual Report , Petersburg ... <b>Vicksburg</b> , <b>Shreveport</b> &amp; Texas Railroad , <b>January
  E6koAAAAYAAJ | Manual of the Railroads of the United States | 1889 | ALL_PAGES | 
  f7YvAQAAMAAJ | Poor's Manual of the Railroads of the United States ... | 1880 | ALL_PAGES | ... <b>VICKSBURG</b> , <b>SHREVEPORT</b> AND PACIFIC RAILROAD . 73 miles . Line of Road . - Delta , La . , to Monroe , La ... Sidings ... <b>January</b> , <b>1861</b>. Reopened <b>July</b> 1 , 1870. An additional section of 20 miles be- tween <b>Shreveport</b>
