Q Ferry Allen Stanton Memphis intitle:Mereness
  total 0
Q "Ferry" Memphis arrest intitle:Mereness
  total 0
Q "Robert Allen" Louisville Ferry 1864 intitle:Mereness
  total 1
  - The Mereness Calendar | 1971 | b1sPAQAAMAAJ | ... <b>1864</b> , March 8 Historical File &amp; pp . Mound City , I11 . War Department E.M.Stanton to <b>Robert Allen</b> , <b>Louisville</b> ... <b>Ferry</b> to . E.M.Stanton , Secretary of War . An acknowledgment of the receipt of re- quest that Robert Allan
Q "not satisfied" Allen Ferry intitle:Mereness
  total 0
Q Ferry "Office Chief Quartermaster Depot, Louisville" 1864
  total 1
  - With Malice Toward Some | 2014 | 9oVgAwAAQBAJ | ... <b>1864</b>, reel 52, fr. 12, GBMP; John H. <b>Ferry</b> to George B. McClellan, <b>Office Chief Quartermaster Depot, Louisville</b>, Ky., Octo- ber 3, <b>1864</b>, reel 52, fr. 257, GBMP; Lyman, Meade&#39;s Headquarters, 247–48. 77. Paludan, Presidency of
Q "Ferry" quartermaster Louisville McClellan 1864 arrested
  total 8
  - The Army & Navy Official Gazette | 1865 | 9b1OAQAAMAAJ | ... <b>MCCLELLAN</b> . [ To Detroit , Colonel J. H. <b>FERRY</b> . [ To <b>Louisville</b> , Ken- tant General&#39;s Office , August 12 , <b>1864</b> . Lieutenant JOHN H. CROWELL . [ Honorably dis- <b>charged</b> . ] Is honorably discharged the service of the U
  - The United States Army and Navy Journal and Gazette of the Regular and | 1864 | Wh4_AQAAMAAJ | ... <b>arrested</b> and lodged in the Old Capital Prison , SECOND Lieut . Charles Frazier , Fifth New York cavalry , by ... <b>Ferry</b> assumes com- mand of the city of Philadelphia during his absence . General <b>Ferry</b> announces the following as&nbsp;...
  - Army and Navy Official Gazette |  | dQpJAQAAIAAJ | ... <b>1864</b> , he having been appointed A. Q. M. of volunteers , August 5 , <b>1864</b>. Spe- cial Orders , No. 269 , Adjutant ... <b>FERRY</b> . [ To <b>Louisville</b> , Ken- tucky . ] To enter at once upon his duties as Chief <b>Quartermaster</b> depot at
  - Armed Forces Journal International | 1864 | naw0AQAAMAAJ | ... <b>Ferry</b> , by Captain B. F. Kelly , who will at once enter upon his duties as depot <b>quartermaster</b> at that place . Special Orders No. 128 , Headquarters Department of West Virginia , July 17 , <b>1864</b> . Captain R. S. Gardner . [ Restored to&n
  - The Journal of the Armed Forces | 1863 | CG1FAQAAMAAJ | ... <b>arrested</b> and lodged in the Old Capital Prison , for alleged frauds in the business of his office . SECOND Lieut ... <b>Ferry</b> assumes com- mand of the city of Philadelphia during his absence . General <b>Ferry</b> announces the following as&nbsp;
  - Records of Living Officers of the United States Army | 1883 | w-VCAAAAIAAJ | ... <b>McClellan</b> , in West Virginia campaign ; appointed colonel of Twenty - second Massachusetts Volunteers ( Senator Wilson&#39;s regiment ) , but not allowed to accept ; 1861 , chief <b>quartermaster</b> ... <b>Ferry</b> , Va .; 1862-65 , military gover
  - Confederate veteran. S.A. Cunningham ed | 1899 | qTeMM5lRvqMC | ... <b>quartermaster</b> and paymaster gen- eral of North Carolina , which position he ... <b>McClellan</b> in the battles around Richmond , were the first body of troops ... <b>Ferry</b> attest the valor of this brigade and the chivalric bearing of its&nbsp;.
  - Confederate Veteran | 1899 | -dA_AQAAMAAJ | ... <b>quartermaster</b> and paymaster gen- eral of North Carolina , which position he ... <b>McClellan</b> in the battles around Richmond , were the first body of troops ... <b>Ferry</b> attest the valor of this brigade and the chivalric bearing of its&nbsp;.
Q Ferry Louisville quartermaster dismissed 1864 McClellan election
  total 0
Q "Captain Ferry" Louisville 1864
  total 4
  - House documents | 1892 | ndi_BJmuNK0C | ... <b>1864</b> , from <b>Captain Ferry</b> , assistant quartermaster at <b>Louisville</b> , Ky . , a voucher in favor of Harrington for $ 12.25 , for 34 cords of wood ( delivered ) to the U. S. steamer Sallie List , and that he mailed this voucher to&nbsp;...
  - Mr. Smith, of Illinois, from the Committte on Claims, Submitted the Fo | 1892 | HUkl6IctRWoC | ... <b>1864</b> , from <b>Captain Ferry</b> , assistant quartermaster at <b>Louisville</b> , Ky . , a voucher in favor of Harrington for $ 12.25 , for 3+ cords of wood ( delivered ) to the U. S. steamer Sallie List , and that he mailed this voucher to&nbsp;...
  - History of Ottawa County, Michigan | 1882 | FJUakkI9ntEC | ... <b>1864</b> we find this regiment in 1st Brigade , 1st Division Cavalry Corps , of ... <b>Captain Ferry</b> was promoted before he left Detroit , and when his lamented ... <b>Louisville</b> with 1,032 men , and as most of valuable services were per&nbsp;..
  - The Rebellion Record | 1864 | 6ixHAQAAMAAJ | ... <b>LOUISVILLE</b> &quot; JOURNAL &quot; ACCOUNT . <b>LOUISVILLE</b> , August 16 . We have had the pleasure of an interview with Capt ... <b>Captain Ferry</b> had read , published the names of one hundred and nine killed . We lost but three killed ; among t
Q "Beverly Tucker" Odell intitle:Grant
  total 0
Q "Tucker" Odell Dana Dix intitle:Lincoln
  total 0
Q Garrett Halleck arms "Harper's Ferry" 1864 intitle:"Baltimore and Ohio"
  total 0
Q Halleck Garrett October 1864 arms "Harpers Ferry" Summers
  total 1
  - North & South | 2004 | 3mITAQAAMAAJ | ... <b>Halleck</b> the next day , and the president subse- quently wired his top ... <b>Ferry</b> area , and was threatening new moves across the Potomac . The fol ... <b>Garrett&#39;s</b> railroad at Martinsburg . The Third Battle of Win- chester or Opequon&n
Q "S. L. Brown" forage Biggs 1864
  total 5
  - The War of the Rebellion: v. 1-53 [serial no. 1-111] Formal reports, b | 1893 | OJUhg4S4HtEC | ... <b>1864</b> . GENERAL : General Sherman appears to be approaching the Atlantic coast , and it is determined to send ... <b>S. L. Brown</b> , chief of the <b>forage</b> division , has been ordered to send daily to Port Royal <b>forage</b> for 30,000 animals
  - The War of the Rebellion | 1893 | n8QtAAAAIAAJ | ... <b>1864</b> . GENERAL : General Sherman appears to be approaching the Atlantic coast , and it is determined to send ... <b>S. L. Brown</b> , chief of the <b>forage</b> division , has been ordered to send daily to Port Royal <b>forage</b> for 30,000 animals
  - House documents | 1895 | OcoHKGMu-uEC | ... <b>1864</b> . GENERAL : General Sherman appears to be approaching the Atlantic ... <b>S. L. Brown</b> , chief of the <b>forage</b> division , has been ordered to send daily ... <b>BIGGS</b> , QUARTERMASTER - GENERAL&#39;S CHAP . LVI . ] 637 CORRESPONDENCE 
  - The War of the Rebellion: Formal reports, both Union and Confederate,  | 1985 | DFUtAQAAMAAJ | ... <b>1864</b> . GENERAL : General Sherman appears to be approaching the Atlantic ... <b>S. L. Brown</b> , chief of the <b>forage</b> division , has been ordered to send daily ... <b>BIGGS</b> , QUARTERMASTER - GENERAL&#39;S CHAP . LVI . ] 637 CORRESPONDENCE 
  - The War of the rebellion: a compilation of the official records of the | 1902 | _3j0La7BUgIC | 
Q forage "Colonel Biggs" "Fort Monroe" May 1864 Meigs
  total 3
  - The War of the Rebellion | 1892 | WZItAAAAIAAJ | ... <b>Colonel</b> . CITY POINT , VA . , June 26 , <b>1864</b>-9 а . т . Brig . Gen. M. C. <b>MEIGS</b> , m . Quartermaster - General ... <b>Biggs</b> , at <b>Fortress Monroe</b> , to order the City of Baltimore , Cassandra , Kent , Eastern City , Blackstone&n
  - The War of the Rebellion: v. 1-53 [serial no. 1-111] Formal reports, b | 1891 | ObRVDbqaDP0C | ... <b>May</b> 12 , also with directions to cut James River Canal , if possible . Please telegraph General Grant . BENJ . F. BUTLER , Major - General . <b>FORT MONROE</b> , <b>May</b> 15 , <b>1864</b> . ( Received 11 a . m . ) Brig . Gen. M. C. <b>MEIGS</b> ..
  - The War of the rebellion: a compilation of the official records of the | 1891 | dYNuKEKsUaEC | 
