"come this way if possible on your return" | 2 total | 2
    mnRjmhe3QLoC | The Papers of Ulysses S. Grant November 16, 1864-February 20, 1865 1985 | PARTIAL | ... <b>come this way if possible on your return</b> &quot; ALS ( telegram sent ) , DNA , RG 107 , Tele- grams Collected ( Bound ) ; telegram received , ibid . , RG 108 , Letters Received . At 8:30 P.m . , USG telegraphed to Stanton . &quot;
    ij8fAQAAMAAJ | The Papers of Ulysses S. Grant: November  1967 | NO_PAGES | ... <b>come this way if possible on your return</b> &quot; ALS ( telegram sent ) , DNA , RG 107 , Tele- grams Collected ( Bound ) ; telegram received , ibid . , RG 108 , Letters Received . At 8:30 P.M. , USG telegraphed to Stanton . &quot; 
Brice paymasters Grant | 358 total | 10
    Mk7a6J79RO0C | The Papers of Ulysses S. Grant, Volume 1  1991 | PARTIAL | Ulysses Simpson <b>Grant</b> John Y. Simon. or for which they have been <b>granted</b> leave of absence , and the authority under ... <b>Brice</b> , <b>paymaster</b> gen . &quot; General <b>Grant</b> , commanding the Army , directs me to re
    AZoFAAAAQAAJ | House Documents, Otherwise Publ. as Exec 13th Congress, 2d Session-49th Congress, 1873 | ALL_PAGES | ... <b>Brice</b> , <b>Paymaster</b> General . • N. W. Brown . Assistant <b>Paymaster</b> General .. D. McClure . Assistant <b>Paymaster</b> General ... <b>Grant</b> , assistant <b>paymaster</b> ... R. H. Howell . assistant <b>paymaster</b> 
    OB1ZAAAAcAAJ | House Documents  1873 | ALL_PAGES | ... <b>Brice</b> , <b>Paymaster</b> General N. W. Brown . Assistant <b>Paymaster</b> General . D. McClure , Assistant <b>Paymaster</b> General ... <b>Grant</b> , assistant <b>paymaster</b> ....... R. H. Howell , assistant <b>paymaster</b> .
    32tmUpxsLGQC | Message from the President of the United Communicating, in Compliance with a Reso 1867 | ALL_PAGES | ... <b>BRICE</b> , <b>Paymaster</b> General . HEADQUARTERS FIFTH MILITARY DISTRICT , New Orleans , Louisiana , April 16 , 1867 . GENERAL : I have the honor to transmit herewith a duplicate of telegram sent you this day , and the memorandums
    YglVAAAAcAAJ | Senate Documents  1868 | ALL_PAGES | ... <b>BRICE</b> , <b>Paymaster</b> General . HEADQUARTERS FIFTH MILITARY DISTRICT , New Orleans , Louisiana , April 16 , 1867 . GENERAL : I have the honor to transmit herewith a duplicate of telegram sent you this day , and the memorandums
    6YsFAAAAQAAJ | Senate Documents, Otherwise Publ. as Pub 14th Congress, 1st Session-48th Congress 1868 | ALL_PAGES | ... <b>BRICE</b> , <b>Paymaster</b> General . HEADQUARTERS FIFTH MILITARY DISTRICT , New Orleans , Louisiana , April 16 , 1867 . GENERAL : I have the honor to transmit herewith a duplicate of telegram sent you this day , and the memorandums
    9EAfAQAAMAAJ | The Papers of Ulysses S. Grant: 1866  1967 | NO_PAGES | Ulysses Simpson <b>Grant</b> John Y. Simon, John F. Marszalek. duties , shall ... <b>Brice</b> , <b>paymaster</b> gen . , wrote to USG . &quot; The following suggestions were ... <b>Paymasters</b> Majors . The <b>Paymaster</b> General shoul
    gkEfAQAAMAAJ | The Papers of Ulysses S. Grant: January   1967 | NO_PAGES | ... <b>Brice</b> , <b>paymaster</b> gen . &quot; General <b>Grant</b> , commanding the Army , directs me to report to you Brevet Major General Gordon Granger , Col 25th Infantry as absent from duty without any authority known to him , in or
Brice paymaster December 1864 | 318 total | 10
    ki0aAAAAMAAJ | Annual Reports of the War Department  1866 | ALL_PAGES | ... <b>PAYMASTER</b> GENERAL&#39;S OFFICE , Washington , October 31 , 1865 . p Died in rebel prison February 10 , 1865 . 424 , 4 , 706 , 013 13 292 , 298 , 897 02 7,839 , 225 47 300 , 738 , 635 95 $ 153 , 099 11 588,879 , 887 ... <b>Decembe
    rOqTgQ52hU4C | Message of the President and Accompanyin  1866 | ALL_PAGES | ... <b>BRICE</b> , <b>Paymaster</b> General , United States Army . == REPORT OF THE CHIEF ENGINEER . ENGINEER DEPARTMENT , Washington ... <b>1864</b> . and turned Remitted from treasury over J. Trueman xx $ 2,292 45 W. S. Mann yy F. B. Dixo
    GPtUAAAAcAAJ | House Documents  1866 | ALL_PAGES | ... <b>BRICE</b> , <b>Paymaster</b> General , United States Army . REPORT OF THE CHIEF ENGINEER . ENGINEER DEPARTMENT , Washington ... <b>1864</b> . Remitted from treasury and turned over by other agents in the year ending June 30 , 1865 . 
    8LikFmqiAaoC | Annual Report of the Secretary of War  1866 | ALL_PAGES | ... <b>BRICE</b> , <b>Paymaster</b> General , United States Army . REPORT OF THE CHIEF ENGINEER . ENGINEER DEPARTMENT , Washington ... <b>1864</b> . and turned over by other agents in the year ending June 30 , Remitted from treasury 1865 . 
    CnwUcV_MMWwC | Report of the Secretary of War, which Ac  1866 | ALL_PAGES | ... <b>BRICE</b> , <b>Paymaster</b> General , United States Army . 1 7 REPORT OF THE CHIEF ENGINEER . ENGINEER DEPARTMENT. Amounts ... <b>1864</b> . Remitted from treasury and turned over by other agents in the year ending June 30 , 1865 . 
    vnNJAQAAMAAJ | August 1864-March 1868  1917 | NO_PAGES | ... <b>December</b> 12th , <b>1864</b> , 1.30 р.м. Major <b>BRICE</b> , <b>Paymaster</b> Gen&#39;l . , WASHINGTON We are about starting on our expedition where the officers are obliged to use their pay to support themselves on the transport
    vJ0FAAAAQAAJ | House Documents, Otherwise Publ. as Exec 13th Congress, 2d Session-49th Congress, 1866 | ALL_PAGES | ... <b>BRICE</b> , <b>Paymaster</b> General , United States Army . REPORT OF THE CHIEF ENGINEER . ENGINEER DEPARTMENT , Washington. by ... <b>1864</b> . Remitted from treasury and turned over J. Trueman zz W. S. Mann yy F. B. Dixon 22 W. H.
    OKsnAQAAMAAJ | 1864-1865  1953 | NO_PAGES | ... <b>Brice</b> was ap- pointed <b>paymaster</b> general as of November 29 , <b>1864</b>. Lincoln&#39;s note was en- closed in a letter of U.S. Representative Ephraim R. Eckley to <b>Brice</b> ... <b>DECEMBER</b> 20 , <b>1864</b>.
"Relay House" paymasters | 76 total | 10
    _qoLAAAAIAAJ | The Records of Living Officers of the U.  1894 | ALL_PAGES | ... <b>Paymaster</b> , May 4 , 1866 ; U. S. S. &quot; Rich- mond , &quot; European Squadron ... <b>Paymaster</b> , European Squadron , 1877-8 ; charge Naval Depot , Villefrancher ... <b>Relay House</b> and Baltimore , April to July , 1861 ;
    REQUIE_aDoIC | The Records of Living Officers of the U.  1898 | ALL_PAGES | ... <b>Paymaster</b> ; attached to the &quot; Lexington &quot; and &quot; Tuscumbia , &quot; Mississippi ... <b>Paymaster</b> , January 23 , 1866 ; store - ship &quot; Idaho , &quot; Asiatic Squadron ... <b>Relay House</b> and Baltimore , A
    GpwFAAAAQAAJ | House Documents, Otherwise Publ. as Exec 13th Congress, 2d Session-49th Congress, 1868 | ALL_PAGES | ... <b>Relay House</b> , 75 cents ; state room , 74 65 $ 2 25 ; breakfast at <b>Relay House</b> , 75 cents ; dinner at Grafton , 75 ... <b>paymaster</b> in paying the Quapaw soldiers , ) to dinner at Cherry creek , 50 cents ; 1 night at Nob
    wnhXAAAAcAAJ | House Documents  1868 | ALL_PAGES | ... <b>Relay House</b> , 75 cents ; state room , Amount paid . Lewis Davis ...... do Apr. 1,1867 To services of self and team ... <b>paymaster</b> in paying the Quapaw soldiers , ) to dinner at Cherry creek , 50 cents ; 1 night at Noble&#39
    Zquu0J-xB9IC | Memoirs of Service Afloat, During the Wa  1869 | ALL_PAGES | ... <b>relay house</b> &quot; of the sea . There was only one little difficulty in the way of my shipping these men . There was my ... <b>paymaster</b> , &quot; and turning to Kell , I told him to give the <b>paymaster</b> the necessary ins
    D9ZBAAAAIAAJ | Memoirs of Service Afloat During the War Between the States 1869 | ALL_PAGES | ... <b>relay house</b> &quot; of the sea . There was only one little difficulty in the way of my shipping these men . There was my ... <b>paymaster</b> , &quot; -and turning to Kell , I told him to give the <b>paymaster</b> the necessary in
    7RRCAAAAIAAJ | Service Afloat Or the Remarkable Career of the Confeder 1887 | ALL_PAGES | ... <b>relay house</b> &quot; of the sea . There was only one little difficulty in the way of my shipping these men . There was my ... <b>paymaster</b> , &quot; and turning to Kell , I told him to give the <b>paymaster</b> the necessary ins
    lfk-AQAAMAAJ | History of the Thirteenth Maine Regiment  1898 | ALL_PAGES | ... <b>paymasters</b> who were in town on their way from the front to Washington ; and the next day we accompanied them on the cars as far as <b>Relay House</b> Junction , near Baltimore . Meeting with various delays on our way back , we di
paymasters "Sixth Corps" unpaid | 326 total | 10
    IzOTH2oXg2AC | Annual Report of the Paymaster General o  1904 | ALL_PAGES | ... <b>unpaid</b> .. On board ships , <b>unpaid</b> bills .... Due United States Marine <b>Corps</b> , yards .. Due United States Marine ... <b>6</b>. Reading Coal Co. , Washington , D. C. 7. Wm . J. Zeh , Washington , D. C. 8. Hite &amp; R
    zZUFAAAAQAAJ | House Documents, Otherwise Publ. as Exec 13th Congress, 2d Session-49th Congress, 1872 | ALL_PAGES | ... <b>paymaster</b> United States Navy ... W. W. Kennison , lieutenant ... <b>Corps</b> .... 4 Navy Department 5 Edward May , <b>paymaster</b> United States Navy <b>6</b> Robert Pettit , <b>paymaster</b> United States Navy 7 Edwin Putnam ,
    vONYAAAAcAAJ | House Documents  1873 | ALL_PAGES | ... <b>6</b> J. P. Farley , auditor . 7 S. F. Scull , ticket agent 8 Fred . W ... <b>Corps</b> . 7 John Cheatham . 8 Captain F. Whyte , ordnance store - keeper 9 ... <b>Unpaid</b> and <b>outstanding</b> . Paid . $ 154 90 $ 300 00 147 78 126
    8XHE5-BIPJYC | House documents  1886 | ALL_PAGES | ... <b>unpaid</b> . 3108 Assistant treasurer United States , New York , credit Col. G. L. Febiger , assistant <b>paymaster</b> ... <b>6</b> Assistant treasurer United States , New ... <b>Corps</b> ...... 20,000 00 50,000 00 10 , 232 00 3130
    1dPEJa5e_o4C | Memoranda for Information of Officers of  1905 | NO_PAGES | ... <b>Paymaster</b> D. W. Nesbit on the U. S. S. Rainbow to and including June 30 ... <b>unpaid</b> at date of conviction , which failure resulted in his overpayment on ... <b>6</b> , 1904 , directed the claimant as follows : &quot; On the
    LjlcAAAAQAAJ | Accounts and Papers of the House of Comm  1879 | ALL_PAGES | 
    NqZP7tbPvv4C | Adjutant General's Report  1902 | NO_PAGES | Maine. Adjutant General. Schedule of Accounts Remaining <b>Unpaid</b> - Continued ... <b>Corps</b> 20 00 Lieut . G. W. Butler , Signal <b>Corps</b> .. 45 68 Maine Central ... <b>6th</b> United States Infantry 8 75 Sergt . W. E. Barrows , Co
    dxxgBK2pBdIC | Annual Report  1902 | NO_PAGES | 
paymasters Meade "City Point" December 1864 Brice | 4 total | 4
    Wh4_AQAAMAAJ | The United States Army and Navy Journal   1864 | ALL_PAGES | ... <b>1864</b> . SIR : - I had the honor of reporting to you the movements of the quadron as far as Alexandria , and the ... <b>City</b> , Chillicothe Caron lelet , Pittsburg , Ozark , Nusko , Usige , Lexington , Fort Hindman , and Lotusvi
    CG1FAQAAMAAJ | The Journal of the Armed Forces (1863-1864) 1863 | ALL_PAGES | ... <b>December</b> 7. The pro- tant adjutant - general , with the rank of major , and perform- ceedings have been approved . od those duties in the <b>city</b> ... <b>Meade</b> , and the remaining two she desired to be presented to two Gen
    91E-AQAAMAAJ | Army-Navy-Air Force Register and Defense  1913 | NO_PAGES | ... <b>December</b> 9 , 1902 , from John Hay , secretary of state , addresed a ... <b>Point</b> in the class of 1862. He was assigned as a second lieutenant to the ... <b>1864</b>. Before returning to the field , however , he had been promo
    wckl0o_wancC | The United States Army and Navy Journal   1887-07-30 | NO_PAGES | 
Brice Sheridan paymasters | 333 total | 10
    BnBEAQAAMAAJ | An Account of the Receipts and Expenditu  1872 | ALL_PAGES | 
    32tmUpxsLGQC | Message from the President of the United Communicating, in Compliance with a Reso 1867 | ALL_PAGES | ... <b>BRICE</b> , <b>Paymaster</b> General . HEADQUARTERS FIFTH MILITARY DISTRICT , New Orleans , Louisiana , April 16 , 1867 . GENERAL : I have the honor to transmit herewith a duplicate of telegram sent you this day , and the memorandums
    YglVAAAAcAAJ | Senate Documents  1868 | ALL_PAGES | ... <b>BRICE</b> , <b>Paymaster</b> General . HEADQUARTERS FIFTH MILITARY DISTRICT , New Orleans , Louisiana , April 16 , 1867 . GENERAL : I have the honor to transmit herewith a duplicate of telegram sent you this day , and the memorandums
    6YsFAAAAQAAJ | Senate Documents, Otherwise Publ. as Pub 14th Congress, 1st Session-48th Congress 1868 | ALL_PAGES | ... <b>BRICE</b> , <b>Paymaster</b> General . HEADQUARTERS FIFTH MILITARY DISTRICT , New Orleans , Louisiana , April 16 , 1867 . GENERAL : I have the honor to transmit herewith a duplicate of telegram sent you this day , and the memorandums
    SLKk4quEL9AC | The United States Army and Navy Journal   1868 | ALL_PAGES | ... <b>Paymaster</b> - General <b>Brice</b> has also been promptly revoked , by the following , issued March 5th : eral Wm . M. Graham , U. S. Army , captain First Artil- lery , with his Light Battery K , First Artillery , is also ordered t
    sGPN0fcvHvgC | The War of the Rebellion: v. 1-53 [seria  1893 | ALL_PAGES | ... <b>paymasters</b> ? I have sent to the Ferry this afternoon the eleven captured guns by <b>Sheridan</b> on the 9th . I have ... <b>BRICE</b> : W. H. SEWARD , Brigadier - General . MARTINSBURG , October 14 , 1864 . MAJOR : I have my fund
    T96D6pL8k8IC | The War of the rebellion: a compilation   1893 | ALL_PAGES | 
    dD93AAAAMAAJ | The War of the Rebellion A Compilation of the Official Records of 1893 | ALL_PAGES | ... <b>paymasters</b> ? I have sent to the Ferry this afternoon the eleven captured guns by <b>Sheridan</b> ... <b>BRICE</b> : W. H. SEWARD , Brigadier - General . MARTINSBURG , October 14 , 1864 ... <b>Paymaster</b> , U. S. Army . Major RU
"acting paymaster general" | 294 total | 10
    cLjhFplPriIC | Report of the Adjutant General and Actin  1865 | ALL_PAGES | ... <b>Acting Paymaster - General</b> of Iowa , from which we make the following extract : &quot; SIR : In reply to the letter of his Excellency the Governor of Iowa , of 13th instant , you are respectfully informed as follows : FIRST . - T
    Ikh4SoxsKvEC | Report of the Adjutant General and Actin  1863 | ALL_PAGES | ... Amount paid by N. B. Baker , Acting Paymaster Gen&#39;l , 49,561 20 Amount paid by P. E. Hall , <b>Acting Paymaster General</b> , 121,697 42 -- $ 314,816.94 .... 112,733 61 THE END . INDEX TO THE ADJUTANT GENERAL&#39;S REPORT . INDEX . 
    EP7O3uyE6goC | Report of the adjutant general and actin  1865 | ALL_PAGES | ... <b>Acting Paymaster - General</b> of Iowa , from which we make the following extract : &quot; SIR : In reply to the letter of his Excellency the Governor of Iowa , of 13th instant , you are respectfully informed as follows : FIRST . - T
    fuGEEQAAQBAJ | General Register of the United States Na  2025-08-30 | PARTIAL | ... <b>Acting Paymaster General</b> , 1 March , 1873 , to 23 Febru- ary , 1877. Paymaster General , 23 February , 1877 , to 17 November , 1877 . Watmough , Pendleton G. Midshipman , 20 September , 1841. Passed Midshipman , 10 August , 1847.
    RPqV-D2ob0wC | Complete General Navy Register of the Un From 1776 to 1887-- 1888 | ALL_PAGES | ... <b>Acting Paymaster General</b> , 1 March , 1873 , to 23 Febru- ary , 1877 .. Paymaster General , 23 February , 1877 , to 17 November , 1877 . Watmough , Pendleton G. Midshipman , 20 September , 1841. Passed Midshipman , 10 August , 184
    3sdGAQAAIAAJ | Central Reporter All Cases Determined in the Courts of La 1887 | ALL_PAGES | ... <b>acting paymaster general</b> is hereby authorized to examine the claims of all officers and soldiers whose names appear as not paid , on the record of unpaid claims on file in his office ; and if he finds such claims correct and just
    x44zAQAAMAAJ | State Publications A Provisional List of the Official Publi 1899 | ALL_PAGES | ... <b>Acting Paymaster General</b> , for the year 1866. &#39;67 . 8 ° . 20 р . Same , for year ending Nov. 30 , 1867. &#39;68 . 8 ° . Note . The duties of Quartermaster and Paymaster in times of peace became merged with those of Adjutant G
    13Q0AQAAMAAJ | Appendix to the House and Senate Journal  1868 | ALL_PAGES | ... <b>Acting Paymaster General</b> . Major Augustus Vogdes , Paymaster M. M. Major S. Harry Wright , A. D. C. &amp; A. A. Q. M. General . 2. Colonel Dougherty , upon being relieved , will make his settle- ment with the State Auditor , and 
Brice "Nineteenth Corps" escort Martinsburg | 9 total | 9
    MiVwxsjlxxcC | The role of federal military forces in d  1997-07-15 | PARTIAL | ... <b>Martinsburg</b> , Keyser , and Grafton , West Virginia . 28 Within five days Colonel Getty and General Barry had removed ... <b>escort</b> convoys both ways until ordered back to the Washington Navy Yard on 15 August . By that date t
    UcQW9qttI-4C | The Role of Federal Military Forces in D  1997 | ALL_PAGES | ... <b>Martinsburg</b> , Keyser , and Grafton , West Virginia . 28 Within five days Colonel Getty and General Barry had removed ... <b>escort</b> convoys both ways until ordered back to the Washington Navy Yard on 15 August . By that date t
    HIkOAQAAMAAJ | Bruce Catton's Civil War Three Volumes in One 1984 | NO_PAGES | ... <b>Corps</b> , general , &quot; he said . &quot; It will not go unless we drive it from the ... <b>Martinsburg</b> , guarding trains against guerillas , and they had been ordered ... <b>escort</b> he halted , dismounted , and bent over 
    dEc8wdaQyukC | United States Civil Aircraft Register  1970 | ALL_PAGES | ... <b>ESCORT</b> AVE PC BOX 574 5048 STACEY AVENUE PTAR 353 WAVERLY DR 1231 587 0212 66 3 AERO FLITE SVC INC 690067 587 0212 ... <b>MARTINSBURG</b> WV PC BOX 35 LA MCDADE R1 IN PIMENTO CAPE MAY COUNTY AIRPORT BOX 275 NJ RIO GRANDE 1310 KIR
    2eSFAAAAIAAJ | World Who's who in Finance and Industry  1969 | NO_PAGES | ... <b>escort</b> Vessels . Mem . Am . Found- rymen&#39;s Soc . , Am . Inst . Mining and ... <b>Corps</b> , U.S. Army , 1941-46 . Decorated Silver War Cross , Chevalier French ... <b>Martinsburg</b> Gas &amp; Heating Co. , Woodward &amp; Lo
    jNhc3ZZx3c8C | Maryland in the World War, 1917-1919 Military and Naval Service Records ... 1933 | NO_PAGES | 
    PHUKAQAAIAAJ | The Army of the Potomac: A stillness at   1953 | NO_PAGES | ... <b>Corps</b> , general , &quot; he said . &quot; It will not go unless we drive it from the ... <b>Martinsburg</b> , guarding trains against guerillas , and they had been ordered ... <b>escort</b> he halted , dismounted , and bent over 
    suFXAAAAYAAJ | A Stillness at Appomattox  2000 | NO_PAGES | ... <b>Corps</b> , general , &quot; he said . &quot; It will not go unless we drive it from the ... <b>Martinsburg</b> , guarding trains against guerillas , and they had been ordered ... <b>escort</b> he halted , dismounted , and bent over 
googleapis requests 9
