'Olcott' 7 7
    Comment 145222 The first telegram is from special investigator H. S. Olcott  who was looking into corrupt practices. He asks about searching the effects of a bookkeeper who left town (New York) after submitting (and not signing) an aff
    Comment 159314 #not_coded  #treason  Case of a "high officer" being Investigated in a case judged by Judge Holt.  The charges are not specified.  Joseph Holt was the Judge Advocate General of the Army. Olcott, of the war department, sa
    Comment 164556 #mysterymarginalmarks   Col Olcott Special Commander recommends immediate arrest of Thomas A Johnson & R Ellsworth for collecting false bills amounting to several thousand dollars.  
    Comment 171573 #sedgwick #olcott #clancy
    Comment 278883 #not_coded  Second telegram is from H S Olcott, most famous postwar for founding the Theosophical Society with the Russian psychic Madame Blavatsky.   He seems a bit on edge here: "Officials compromised, mistrust everyon
    Comment 306440 #jeff_davis #grant_us #troopstrength #troopmovement #olcott #Kohnstamm_trial
    Comment 376886 Telegram from #olcott requesting court martial of Col Rieve(?) though we don't know for what based on this
'Stover' 0 0
'Van Vliet' 5 5
    Comment 133332 First two to Van Vliet requesting ships and berating the speed at which they can be supplied
    Comment 183759 #coded  for #horner_john from #van_vliet
    Comment 254227 Two telegrams from #fairfax_ch, March 13, 1862(?) First: from #andes to Gen #van_vliet to move #rations for 140,000 men and 15,000 animals to #ft_monroe    Second: to Maj Gen #mcdowell  staff transfer #ingalls #beckwith 
    Comment 307382 #van_vliet 
    Comment 699331 O'Keefe is being assigned to Charleston and has custody of his younger brother, Thomas (?) He cannot pay his brother's fare, so he asks Eckert to furnish it. Apparently this happened, since General  Van Vliet replies to 
'Marcia' 0 0
'Brady arrest' 1 1
    Comment 160168 #telegramtails  Anything for me Who goes there  First telegram assigns Joseph Kargé a Polish man of nobility who was given political asylum in the US. He taught classes in classical literature and foreign languages until
'Atlas Fox' 0 0
2339958 Subject 2339958 #coded 
for #horner_john from #van_vliet
{'hdl_id': 'mssEC_18_106', 'origin': 'The Huntington Library, Art Collections, and Botanical Gardens', '#file_name': 'mssEC_18_106.jpg', '#telegrams': 'tel190'}
