E600 None | "First Delaware Cavalry" furlough vote 1864 | 0
E600 collectedworksof0008royp_b4p3_8 | Delaware cavalry furlough vote | 0
E600 None | "without prejudice to the public service" furlough vote Delaware | 0
E602 None | "Ricketts" "Locust Point" "ambulances" Thomas quartermaster July 1864 | 0
E602 None | "embarrass operations by collecting too many animals" | 0
E602 None | Meigs Thomas Baltimore Ricketts "forage collected at Martinsburg" | 0
CTRL-E601 None | "those who join Mosby are exempt" | 10
    ['bwb_S0-BMB-578'] | everybody there capable of bearing arms ; {{{those who join Mosby are exempt}}} from joining Lee’s army. By this means
    ['mosbysrangersrec0000jame'] | everybody there capable of bearing arms ; {{{those who join Mosby are exempt}}} from joining Lee’s army. By this means
    ['mosbysrangersar00willgoog'] |  capable  of  bearing  arms  ;  {{{those  who  join  Mosby  are exempt}}}  from  joining  Lee's  army.  By
    ['isbn_080342356'] | everybody there capable of bearing arms; {{{those who join Mosby are exempt}}} from joining Lee’s army. By this means
CTRL-E601 warofrebellion014301rootrich | Mosby exempt Upperville | 1
    ['warofrebellion014301rootrich'] | those  who  join  {{{Mosby}}}  are {{{exempt}}}  from  joining  Lee's  army.  By  this  means  {{{Mosby}}}  can  command between
"large train was sent to the rear" | 0
"8,000 men will begin to arrive at Baltimore" | 0
"they are without ambulances" | 6
    ['warofrebellion363unit'] | proper  care  of  these  wounded.  {{{They are  without  ambulances}}}  and  battle-field  supplies.  See 
    ['warofrebellion013603rootrich'] | proper  care  of  these  wounded.  {{{They are  without  ambulances}}}  and  battle-field  supplies.  See 
    ['warrebellion01unkngoog'] | proper  care  of  these  wounded.  {{{They are  without  ambulances}}}  and  battle-field  supplies.  See 
"enable them to go home and vote" | 10
    ['per_star-news_the-morning-star_1898-10-30_63_31'] | department for leave of ab- sence to {{{enable them to go home and vote}}}, permission, irrespective of party
    ['sim_nation_1870-10-13_11_276'] | year, under full pay, in order to {{{enable them to go home and vote}}}, when they had been previously informed
    ['sim_the-womans-journal_1876-03-18_7_12'] | secured twelve days leave of absence to {{{enable them to go home and vote}}}. Judge Taft's nomination as Secretary
"imperfections in Spencer carbines" | 0
Wilson "Spencer carbines" report imperfections Dana October 1864 | 0
