E600 | "go home and vote" "Delaware Cavalry" furlough 1864 | 18
    History of Delaware, 1609-1888 1990 | ... <b>1864</b> , and the troops were known as &quot; Emergency Men . &quot; The regi- ment ... <b>furlough</b> to <b>come home</b> to <b>vote</b> , but returned to go into winter - quarters as ... <b
    The Union Army: States and regiments 1908 | ... <b>1864</b> , and the troops were known as &quot; Emergency Men . &quot; The regiment ... <b>furlough</b> to <b>go home</b> to <b>vote</b> , but returned to go into winter quarters as ... <b>Delaw
    Gone But Not Forgotten 2022-08-31 | ... <b>vote</b> by absentee <b>ballot</b> or proxy in the <b>1864 election</b> . <b>Delaware</b> , Indiana , Illinois , Massachusetts , New Jersey ... <b>furlough</b> in early November to <b>return ho
    States at War, Volume 4 2015-02-03 | ... <b>returning home</b> for <b>furloughs</b> , 45 ; summary of state numbers ( Aug. 15 , 1862 to Jan. 31 , 1863 ) , 135 ; GO No. 58 , requirement for absentees to report to Judd , 136 ; GO No. 86 , 
E600 | "provided the same can be done without prejudice to the public service" furlough | 227
    Regulations and Instructions for the Government of the Unite 1921 | ... <b>Provided</b> , That , should any register be exhausted , selection may be <b>made</b> from some other : And <b>provided</b> further ... <b>furlough</b> without pay ; ( 2 ) discharge <b>without 
    Subject Index of the General Orders of the War Department, f 1882 | ... <b>service</b> chargeable against appropriation for the Quartermaster&#39;s Department . ( See RECRUITING <b>SERVICE</b> ) ... For private physicians and nurses to attend sick and wounded soldiers
    Regulations for the Government of the United States Coast an 1921 | ... <b>Provided</b> , That , should any register be exhausted , selection may be <b>made</b> from some other : And <b>provided</b> further ... <b>furlough</b> without pay ; ( 2 ) discharge <b>without 
    Congressional Record 1941 | ... <b>same</b> with an amendment , as follows : In lieu of the matter proposed to be inserted by the Senate amendment insert the fol- lowing : &quot; And <b>provided</b> further , That <b>the Civil S
E602 | "Ricketts" "without ambulances" Baltimore 1864 Thomas quartermaster | 0
E602 | "embarrass operations by collecting too many" | 3416
    Harvard Classics - Complete Collection of the Greatest Works 2023-12-28 | ... <b>operations</b> of our own minds, and be copied from any internal impression. It may be said, that we are every moment ... <b>many</b> instances, upon the other. Secondly, We are not able to mov
    Cognitive Analytics: Concepts, Methodologies, Tools, and App 2020-03-06 | ... <b>operational</b> budget, unreliable sources of funding, and unpredictable <b>operational</b> cost; the axial codes underscore ... too long duration of data <b>collection Too many</b> questions i
    The Works of Jeremy Bentham, Now First Collected 1839 | ... <b>much too</b> abundant to be here <b>collected</b> , null , void , bad , quash , set aside , and <b>so</b> forth nullification is the name given to the factitious engine of ini- quity , by which
    The Harvard Classics: Complete 51-Volume Collection 2023-12-11 | ... <b>operations</b> of our own minds, and be copied from any internal impression. It may be said, that we are every moment ... <b>many</b> instances, upon the other. Secondly, We are not able to mov
CTRL | "those who join Mosby are exempt" | 4
    Mosby's Rangers 1896 | ... <b>those who join Mosby are exempt</b> from joining Lee&#39;s army . By this means Mosby can command between 800 and 1,000 men . To get information from Snicker&#39;s Gap would require a force abl
    The War of the Rebellion: v. 1-53 [serial no. 1-111] Formal  1893 | ... <b>those who join Mosby are exempt</b> from joining Lee&#39;s army . By this means Mosby can command between 800 and 1,000 men . To get information from Snicker&#39;s Gap would require a force abl
    The War of the Rebellion 1893 | ... <b>those who join Mosby are exempt</b> from joining Lee&#39;s army . By this means Mosby can command between 800 and 1,000 men . To get information from Snicker&#39;s Gap would require a force abl
    The War of the rebellion: a compilation of the official reco 1902 | 
E604b | "imperfections in Spencer carbines" | 86
    Round Ball to Rimfire: Federal breechloading carbines & rifl 1997 | Dean S. Thomas. The standard ammunition cal . 50 for <b>Spencer carbine</b> sent from Springfield Armory works very imperfectly in all the six sample <b>carbines</b> ... <b>imperfect</b> in their work
    The Practical Mechanic's Journal 1868 | ... <b>imperfections</b> of which the system is capable . The Amsler - Millbank system ( adopted by the Swiss government for ... <b>Spencer</b> and Lamson <b>rifles</b> , can be used as repeaters or s
    Civil War Collector's Encyclopedia 2004-11-04 | ... <b>rifle</b> and car- bine models , <b>carbines</b> were much more extensively produced and even some infantry regiments were issued <b>carbines</b> . The 7th Connecticut Infantry was is- sued <b>
    The Mechanics' Magazine and Journal of Engineering, Agricult 1867 | ... <b>Spencer</b> be used ; still that is not the most profitable repeating arms , 1,000 <b>rifles</b> , and 2,000 car- use to which to apply it . Its proper use is as a bines for the British troops 
