CA 'Isaac Surratt Baltimore' 1865-10-15/1865-11-30 4
    1865-11-13 | ['daily national intelligencer (washington city [d.c.]) 1813 | //www.loc.gov/resource/sn83026172/1865-11-13/ed-1/?sp=2 | WASHINGTON LIBERTY AWD UNION NOW AND FOREVER ONI AND INSEPARABLE MONDAY NOVEMBER 13 1805 We have a word of advice to give to members elect to Congress from the South and especially to such members as 
    1865-11-20 | ['daily national intelligencer (washington city [d.c.]) 1813 | //www.loc.gov/resource/sn83026172/1865-11-20/ed-1/?sp=4 | NATIONAL INTELLIGENCER esszsarcmmmoronsonr MONDAY NOVEMBER 20 1865 TREASURES BY EMELINS SHERMAN SMITH From the Homa Journal I have some withered flowers That are softly laid away Not becsure they wore
    1865-10-28 | ['new-york daily tribune (new-york [n.y.]) 1842-1866'] | //www.loc.gov/resource/sn83030213/1865-10-28/ed-1/?sp=1 | Gg HE kd Sheng BL JIE YROM WNP PITTSBURGH EVENING CHRONICLE DATED MORDAY SEPT 4 1865 BUCH Fo wediclve Loe ever guised on the attention of the public oo wuch aud bas been held in such general esteem a8
    1865-10-25 | ['evening star (washington, d.c.) 1854-1972'] | //www.loc.gov/resource/sn83045462/1865-10-25/ed-1/?sp=2 | EVENING STAR W D WALLAHt Editor Pryrletr WABH1HOTOB CITY WEDNESDAY OCTOBER 2S 163 W1IADIKO MATTER ON EVERT PAOl BIB OUTBIDS FOR INTERESTING TELE GRAPHIC AND OTHER MATTER THE TUNIS EMBASSADORS Extensiv
CA 'Isaac Surratt arrested' 1865-10-15/1865-12-31 15
    1865-11-01 | ['the star of the north (bloomsburg, pa.) 1849-1866'] | //www.loc.gov/resource/sn85025182/1865-11-01/ed-1/?sp=2 | i OF TUB NORTH to i iiii J7 Cf7Br EDITOR C11AS G BJRKLEY Assistant Editor SSCEC tfEDHSDAT SOT 1st 1865 S M Pettingill Co 37 Park Row New York ate duly authorized to solicit and Teceive subscriptions a
    1865-12-23 | ['daily national intelligencer (washington city [d.c.]) 1813 | //www.loc.gov/resource/sn83026172/1865-12-23/ed-1/?sp=3 | FIT BUSINESS COMMERCIAL F Corros MANTFACTCREThe amount of capital in Xarrami manufacture in 1860 was 97585269 being an in 00 The cost of rav i Hl IrtOU HIAiUGCtHIU IU xcw 60 wJstr ute pparlv thirty pe
    1865-11-13 | ['daily national intelligencer (washington city [d.c.]) 1813 | //www.loc.gov/resource/sn83026172/1865-11-13/ed-1/?sp=2 | WASHINGTON LIBERTY AWD UNION NOW AND FOREVER ONI AND INSEPARABLE MONDAY NOVEMBER 13 1805 We have a word of advice to give to members elect to Congress from the South and especially to such members as 
    1865-11-04 | ['gold hill daily news (gold hill, n.t. [nev.]) 1863-1882'] | //www.loc.gov/resource/sn84022046/1865-11-04/ed-1/?sp=2 | THE EVENING NEWS Published ever evening Su ml τ exceptel At Κ11 ft y Cent Per Week PUBLICATION OFFICECaraer of Main and Cnwn Paint Ntreetn PHILIP LYNCH EDITOR GOLD ΗΠΙ NEVADA Saturday Eventas November
    1865-11-29 | ['the daily phoenix (columbia, s.c.) 1865-1878'] | //www.loc.gov/resource/sn84027008/1865-11-29/ed-1/?sp=3 | By Telegrapli Important Lagsl Doc I Io a bvLTmuttK No v um ber 22lu l Uas States Circuit Court for Haryland this morning ChiefJustice Chase presiding an important decision was giren in the case of Jam
    1865-12-09 | ['the placer herald (auburn, placer county, calif.) 1855-199 | //www.loc.gov/resource/sn82014998/1865-12-09/ed-1/?sp=2 | THE PLACER HERALD AUBURN DECEMBER 9 1865 A Mistake Senrlor Shaw Dear of San Francisco lias introduced a bill to ratify tbe Constitutional amendment abolishing slavery We object to any attempt on the p
    1865-10-28 | ['new-york daily tribune (new-york [n.y.]) 1842-1866'] | //www.loc.gov/resource/sn83030213/1865-10-28/ed-1/?sp=1 | Gg HE kd Sheng BL JIE YROM WNP PITTSBURGH EVENING CHRONICLE DATED MORDAY SEPT 4 1865 BUCH Fo wediclve Loe ever guised on the attention of the public oo wuch aud bas been held in such general esteem a8
    1865-10-25 | ['evening star (washington, d.c.) 1854-1972'] | //www.loc.gov/resource/sn83045462/1865-10-25/ed-1/?sp=2 | EVENING STAR W D WALLAHt Editor Pryrletr WABH1HOTOB CITY WEDNESDAY OCTOBER 2S 163 W1IADIKO MATTER ON EVERT PAOl BIB OUTBIDS FOR INTERESTING TELE GRAPHIC AND OTHER MATTER THE TUNIS EMBASSADORS Extensiv
    1865-11-16 | ['the ebensburg alleghanian (ebensburg, pa.) 1865-1871'] | //www.loc.gov/resource/sn85054846/1865-11-16/ed-1/?sp=2 | I I I TTTrTrTMWT if i nif 1 1 m mmmt in 11 n iir i II I i ih lllG Alio Sl3i23LlXX THURSDAY NOVEMRER lG Xx of National TlinnUsglving ut tits riiKsiDssT op thb ttkited states a rOCLAMATIOH TViercas It h
    1865-10-28 | ['baltimore daily commercial (baltimore, md.) 1865-1867'] | //www.loc.gov/resource/sn83009569/1865-10-28/ed-1/?sp=1 | VOL INO 24 DAILY COMMERCIAL BALTIMORE MD SUMMARY OF NEWS The Board ot Registration last night held a spirited meeting jit TemperanceTcuiplc The opinion of AttorneyGeneral Randall who is said to be en 
CA 'Surratt Baker Baltimore' 1865-10-15/1865-11-30 18
    1865-11-12 | ['the daily clarion (meridian, miss.) 1863-1866'] | //www.loc.gov/resource/sn83016892/1865-11-12/ed-1/?sp=1 | MEDaiLY CLARIOa JACKSON ISS day i i STembr 13 1S65 jgy All letteri and papers intended for the Clarion hould hereafter be di rected to Jackson Miss NO TIC K Th interest of Mr J D Williams in tbe offic
    1865-11-18 | ['the wheeling daily register (wheeling, w. va.) 1864-1878'] | //www.loc.gov/resource/sn84026847/1865-11-18/ed-1/?sp=2 | WHEELING REGISTER SATURDAY MOKNING NOV 18 Tfcf Bcliakic Geailemi Turned up I Agaia I The latest sensation in regard to Mexico is cout tuned in the report of a reliable gentlemau who saw a man who clai
    1865-11-01 | ['the wheeling daily register (wheeling, w. va.) 1864-1878'] | //www.loc.gov/resource/sn84026847/1865-11-01/ed-1/?sp=2 | wrreETJWQ BEQiSTtit WWTHDAI MORNIN81 HOT 1 The city of Richmond has at last been partially relieved from military role the members of the city Council having been allowed to qualify and resnme tie dut
    1865-11-07 | ['the daily gate city (keokuk, iowa) 1855-1916'] | //www.loc.gov/resource/sn83025182/1865-11-07/ed-1/?sp=1 | THE VOTE r w THE GATE CITY HOWELL A DELiPLA0 rRorairroRS Term DAILY to mil subscribers per year 7 00 11 41 six months 8 T ii it three 2 00 i i i one 75 delivered in city two weeks 86 WEEKLY single sub
    1865-11-13 | ['baltimore wecker (baltimore [md.]) 1851-1867'] | //www.loc.gov/resource/sn85025148/1865-11-13/ed-1/?sp=2 | 
    1865-11-25 | ['the norfolk post (norfolk, va.) 1865-1866'] | //www.loc.gov/resource/sn85038624/1865-11-25/ed-1/?sp=2 | Sll flotfelfe gflte Saturday November 251866 All oiiiiiitiiiaißins rrlntinj to linslnm twittem cnii need tl with this palm liuiilil I aillrmMl In mM llrovn NtirltlU _ _ All rimiunuiiatitinti iitluiiti
    1865-11-30 | ['the central presbyterian (richmond, va.) 1856-1908'] | //www.loc.gov/resource/sn89053987/1865-11-30/ed-1/?sp=2 | Central rrsbjfman Richmond Va Novmbkb 80 1865 Ker W BROWIf D D l Editor Rer P B PRICE Commiasionerafrom Virginia to the Otne nU AssemblyReduction of PureFree yvrr both way b been granted on the Centra
    1865-11-13 | ['chicago tribune (chicago, ill.) 1864-1872'] | //www.loc.gov/resource/sn82014064/1865-11-13/ed-1/?sp=2 | Chtccgg tribune DAILY TBIWEEKLf ASD WEEKLY OFFICE KO aiCLAKK HTBEBT ire uiree ertloon of the Tmurxx mood Ist Kxrrr moraine for circulation by carriers newimen The TnWmr BCMUyt and Friday tor the mall 
    1865-10-30 | ['worcester daily spy (worcester [mass.]) 1850-1888'] | //www.loc.gov/resource/sn83021205/1865-10-30/ed-1/?sp=1 | bt Wartester Elailn Spn IS PUBLISHED EVERY MORNING 3VSDAT EXCEPT3D At SS per year If paid strictly tn advance Otherwise 73 Cents per Month Oc lassacasetts pn ESTABLISHED JULY 1770 IS PUBLISHED EVERY F
    1865-11-13 | ['daily ohio statesman (columbus, ohio) 1855-1870'] | //www.loc.gov/resource/sn84028645/1865-11-13/ed-1/?sp=3 | AMUSEMENTS The Italian OperaFirst Appearance The Italian OperaFirst Appearance of the GhioniSusini Troupe Wednesday Evening Oa Wednesday evening the indefatigable and popular imprmario Max Strakosch w
GB "close watch on the man referred to" 353
    Expository Dictionary of Bible Words 2005 | ... <b>WATCH</b> , WATCHMAN sāphāh 6822 צָפָה [ OT WORDS ṣāphāh is a verb found in nearly forty contexts meaning &quot; <b>watch</b> ... <b>close watch</b> on ” in relation to Yahweh&#39;s oversight o
    A Mortal's Journey to Immortality: The Way of the Immortal 2002-02-22 | ... <b>man</b> , <b>referred to</b> as the Third Young Master , looked at the young guard , a hint of murderous intent flashing across ... <b>close watch</b> on their every move ! &quot; &quot; Yes ! 
    The First Waco Horror 2006 | ... <b>man referred to</b> only as &quot; Lawyer &quot; obviously , a derisive nickname – because he had dared to “ censure &quot; the people ... <b>close watch</b> [ was ] to be made at all places wh
    Collins Cobuild Advanced Dictionary of English 2016-02-17 | ... <b>watch</b> people , especially children or animals , you are responsible for them , and make sure that they are not in ... <b>close watch</b> on the situation . 3 PHRASE You say &quot; <b>watch<
    The Signal Corps, U.S.A. in the War of the Rebellion 1896 | ... <b>close watch</b> of any force moving toward , or threatening to cross , the ... <b>referred to</b> . rendered as valuable and efficient service as could have been ... <b>man</b> . Grant sent the
    Congressional Record 1967-03 | ... <b>man</b> . 23 of this year . He will note there the Mr. GARMATZ . I feel sure that the Mr. Chairman , I yield such time ... <b>close</b> touch with Coast ment . ” These terms of <b>reference</b>
    Concordia Reference Bible 1989 | ... <b>close watch</b> on all my paths.&#39;o 12 &quot; But I tell you , in this you are not right , for God is greater than <b>man</b>.P 13Why do you complain to hima that he answers none of <b>man&#
    Congressional Record 1973 | None
GB "Isaac Surratt" "close watch" 1865 3
    Army-Navy-Air Force Register and Defense Times 1909 | ... <b>1865</b> , for gallant and distinguished services at Fort Gregg , Va . , and brevetted major in the regular Army March 2 , 1867 , for gallant and meritorious services in the assault on Fort Gre
    The New York Times Book Review 1970 | ... <b>Isaac</b> Landman .. Animals in Action . By Gayle Pickwell ...... 10 Refugee ... <b>Surratt</b> &quot; RICHARD F. BURGES , El Paso , Texas : I do not find a poem on the ... <b>watch</b> a woman
    New York Times Saturday Book Review Supplement 1940-12 | ... <b>Isaac</b> Landman .... Animals in Action . By Gayle Pickwell ...... 10 Refugee ... <b>Surratt</b> &quot; RICHARD F. BURGES , El Paso , Texas : I do not find a poem on the ... <b>watch</b> a wom
GB "withdraw from Colonel Ferry" 313
    The Bloodiest Day 1984 | ... <b>Ferry</b> and trying desperately to take cover behind rocks and bushes . Major Sylvester Hewitt , <b>Colonel</b> Ford&#39;s aide , ordered the remaining units to <b>withdraw</b> from the breast
    The War of the Rebellion 1972 | ... <b>withdrawn</b> to Harper&#39;s <b>Ferry</b> . The troops at Martinsburg should be ready to fall back to Harper&#39;s <b>Ferry</b> . No large amount of supplies should be left in any exposed posi
    House documents 1891 | ... <b>withdrawn</b> to Harper&#39;s <b>Ferry</b> . The troops at Martinsburg should be ready to fall back to Harper&#39;s <b>Ferry</b> . No large amount of supplies should be left in any exposed posi
    The Maryland Campaign of September 1862, Volume I 2010-05-20 | South Mountain Ezra Carman Thomas G. Clemens. and Martinsburg had been <b>withdrawn</b> to Harper&#39;s <b>Ferry</b>, and the commanding officer of that post had been advised by my chief of staff to m
    The Maryland Campaign of September 1862 2012-08-21 | ... <b>withdrawn</b> to Harper&#39;s <b>Ferry</b> , and the commanding officer of that post had been advised by my chief of staff to mainly confine his defense , in case he was attacked by superior fo
    Anecdotes, Poetry, and Incidents of the War 1882 | ... <b>Colonel</b> Baker to go to General Stone , and re- port the state of the engagement , and ask for reinforcements . At ... <b>Ferry</b> . By his order the Fifteenth Massachusetts moved across th
    The War of the rebellion: a compilation of the official reco 1889 | None
    The Civil War in Song and Story 1892 | ... <b>Colonel</b> Baker to go to General Stone , and re- port the state of the engagement , and ask for reinforcements . At ... <b>Ferry</b> . By his order the Fifteenth Massachusetts moved across th
GB "Ferry" "all Government funds" Louisville 1864 259
    The War of the Rebellion: v.1-53 [serial no. 1-111] Formal r 1893 | ... <b>Louisville</b> . 30 , <b>1864</b>. - Skirmish at <b>Louisville</b> . Dec. 1 , <b>1864</b>. - Skirmish ... <b>Ferry</b> . 8,<b>1864</b> . - Skirmish at Ebenezer Creek . Skirmish near Bryan Court
    Dictionary of American History 2003 | None
    History of the Great Rebellion, from Its Commencement to Its 1865 | ... <b>Government</b> ... Together with Sketches of the Lives of <b>All</b> the Eminent Statesmen and Military and Thomas Prentice ... <b>1864</b> , 473 correspondence of , with Gen. <b>Grant</b> , af
    Catalogue 1877 | None
    The Mereness Calendar 1971 | ... <b>1864</b> , Jan. 19 Indianapolis , Ind . John N. Scott to A.C. Kemper ... <b>government</b> . G - 86 . Dept. of the Ohio L.R. 1 р . 8 W.D. 497 Dept. of the ... <b>Ferry</b> Company is running on
    Catalogue of the Michigan State Library 1877 | None
    Railway Locomotives and Cars 1865 | ... <b>all</b> , by its being rendered in- 1861 , a large portion of the track was destroyed acessible by water . Around its walls were gath- between Harper&#39;s <b>Ferry</b> ... <b>1864</b> , the Co
    Moody's Municipal & Government Manual 1945 | ... <b>Ferry</b> . Over Tennessee River at or near Paducah . Over Cumberland River at ... <b>1,864</b> 220,078 7.802 6,805 6,124 7.386 1,767 219,414 1,862,424 1,864,319 1944 ... <b>All</b> competition
GB "Devereux should leave his present duties" 336
    Official U.S. Bulletin 1917 | ... <b>duties</b> assigned them in paragraph 5 , Special Orders , No. 108 , Fort Oglethorpe , Ga . , May 23 , 1917 , <b>will</b> re ... <b>Devereux</b> , Medical Reserve Corps , Washington , D. C. , f
    Official U. S. Bulletin 1917 | ... <b>duties</b> assigned them in paragraph 5 , Special Orders , No. 108 , Fort Oglethorpe , Ga .. May 23 , 1917 , <b>will</b> re ... <b>Devereux</b> , Medical Reserve Corps , Washington , D. C. , fo
    The Philadelphia Medical Journal 1900 | ... <b>duty</b> in <b>the</b> department of Puerto Rico , and at <b>the</b> expiration of <b>his present leave will</b> proceeed from Scranton , Pa . , to Fort Slo- cum , for <b>duty</b> with recruits
    North Carolina Reports: Devereux's Law 1903 | ... <b>duties</b> of this kind there may be several breaches , or rather breaches at ... <b>leave</b> them for discussion when proper cases <b>shall</b> arise all in- tended to be ... <b>present</b> t
    The Philadelphia Medical Journal 1898 | ... <b>present</b> sick <b>leave</b> , is relieved from <b>duty</b> at Fort Leavenworth and <b>will</b> ... <b>duties</b> of superintending <b>the</b> construction of <b>the</b> division - hospital to
    Leaves from the Annals of the Sisters of Mercy. 3 : Containi 1888 | Austin Carroll. <b>The</b> following letter from a member of <b>the</b> New York community gives <b>the</b> pathetic and holy details of <b>the</b> sad but glorious death of Mother M. Joseph <b>Devere
    The Freemason and Masonic Illustrated. A Weekly Record of Pr 1879 | ... <b>duties</b> there could not fail to occur occasions when <b>his</b> authority had to be ... <b>Present</b> and Past Officers of <b>the</b> Prov . Grand Lodge of Sussex , he thanked ... <b>Devere
    The London Journal: and Weekly Record of Literature, Science 1880 | ... <b>Devereux</b> named it as our trysting - place , and stated that he would conduct us to <b>the</b> spot where <b>the</b> duel is to be fought out . &quot; &quot; Fought out ! &quot; repeated Ver
GB "Devereux" McCallum Anderson "February 6, 1864" 4
    Railroad Age Gazette 1879 | ... <b>6</b> , under the separate decree of foreclosure granted by the United States ... <b>McCallum</b> died at his residence in was born in Scotland in 1815 , but came to ... <b>1864</b> was made Br
    Railroad Gazette 1879 | ... <b>6</b> , under the separate decree of foreclosure granted by the United States ... <b>McCallum</b> died at his residence_in Brooklyn , N. Y. , Dec. 27 , of congestion ... <b>Anderson</b> , John 
    The Publisher 1908 | ... <b>6</b> and 8. Red cloth Spurrell&#39;s Trans , of Old Testament RELIABLE ROAD MAPS for Motorists , Cyclists and Tourists ... <b>1864</b>-70 Fitzgerald&#39;s Story of a Famous Forgery Hyam , H. ,
    Publishers' Circular and Booksellers' Record of British and  1908 | ... <b>6</b> , 7 Gyp&#39;s Holidays under Canvas Lowndes &#39; Gipsy Tents and How to Use Baker&#39;s Cast up by the Sea Loescher &amp; Co ... <b>1864</b>-70 Fitzgerald&#39;s Story of a Famous Forgery
requests 9
