8756 | Page 278 | {} | 3.30 P. M. / Mobile May 23rd 1865  / Hd Qrs Mobile May 23rd 330 AM to Gen Grant / ---- I received yesterday an application  / from Genl Brent of the Rebel Army commanding / the lines immediately West of the Mississippi asking / for a suspension of hostilities , / pending negotiations with a view to surrender / . The application was refused . Today / I am advised of the arrival at Baton Rouge / of Commissioners on the part of Kirby Smith , / authorized to treat for the surrender of the / Rebel forces in the Trans Mississippi Dept . / I have instructed Gen Herron to receive and forward / any proposition that may be made but not / to entertain any idea of a suspension / of hostilities either General or local / sig Ed RS Canby Maj Genl Comdg /  /  / 3.40 P. M  Nashville May 24th 1865  / 1 P. M. 24th for Secy of War . I have the honor to / request that the Comdg officer at Augusta / Ga be directed to arrest Thomas  / J. Campbell who was confiscating / officer for the Rebel Government at Knoxville / Tennessee Campbell is said to be in / Augusta at this time and send / him to Nashville under guard ---- Geo H Thomas / Maj Gen / 
10016 | Page 350 | {} | Sheldon Ft. Mon.  Wash D. C. May 21 1865  / Nancy harsh plug Jordan Evidence / found Sligo records torch walpole / war Quadrant reassures that John / A Cam bell shld be / placed under strict corn fine / meant Stephen libby prison or /  /  / No 1  2 PM / OBrien Raleigh  Wash D. C. May 22 1865 / Helen harsh plank kiss Yuma / inform Shelby J E Holly / that he willbe permitted to / go to Can a day / thro the states as he / may select not to return / to the US without first obtaining  / leave to do so Jupiter /  /  / 7 PM  / No 1 RC Clowry St Louis  Washington DC May 22 / 65 / Growl Martha Harsh plank to pope Gaul unity . / monster need not a Co. The whisile from / Arno Zebra He can not probably be wall / replaced in that state The Vinton will send / you Harrow postpone prolong spartans as fast as  / possible Yoke Japan / 
10024 | Page 358 | {} | 1 / John Homer  Wash'n May 28th 1865 10. P. M / Rebecca harsh paddle for Kunkle zebra Mallory late / Walnut Ruston and B H Hill of Argus / have been ordered and are ordered to be / forwarded to you to be held in custody / at Saco Lafayette zodiac You will receive & / hold them there yoke Brutus good for them /  /  / J. R Gillmore  Wash May 28 1865 / Growl May harsh paddle Sarah for Maxim Hilton Head / zebra John has ordered Judge Camp bell pedlar R / empty Hunt her and Sed don late Secy of / War toby sent to suco Pulaski toby held in held in / cuss toddy there until further orders unity they are / now at Galway & wilby forwarded many Zodiac Ewell / receive & hold them in safe cuss tady Brutus /  /  / J. C. Sullivan Nashville  Wash. May 29 / 65 / Implore Julia Dawson for apple pork Have musty / route rolls stormed of all the narrowed limpid / inure and transport by verge when it  / is done upward amber / 
8689 | Page 211 | {} | 920 pm  Richmond Apl 14 " 1865 / Richmond 4 pm 14th ---- Secy of War ---- Several applicants are / here some by Gen Shepleys invitation to start a / news paper with the type & press of the Sentinel / ---- I have declined to grant their application / Can you not send a reliable gentleman to attend / to this matter ---- I am , where I / can do so consistent with the interest of the service kind / to the submission & I am trying to make the / military rule acceptable ---- In order to supply feed / & fuel & enable the poor or needy to / get home I am about to let the coal / canal and Fdksbg RR companies open their communications with the  / city & am granting passes home to civilians on / the same terms Grant gave to Lee's Army ---- / Please correct me where this course may require it. / EOC Ord MG /  /  / 930 pm  Richmond 1865 14 " 1865  / 11 am 14th ----- President US ---- Mr R M / T Hunter has just arrived under the invitation / signed by Genl Weitzel ---- He & / Judge J A Campbell wish a permit  / to visit you at Washn ---- I think / their communications important sig Gen Ord / 
7856 | Page 198 | {} | 1120 pm  Ft Monroe Apl 7" 1865 / Newberne Apl. 6th Via Ft Monroe 10 pm 7th Gen D C. McCallum ---- / <deletion>Black</deletion> <insertion>----</insertion> the following order has just been recd from Sherman  / and I send copy to you by special boat ---- / I shall require all existing orders for RR supplies for  / the roads here filled & furnished with utmost dispatch to / enable me to carry out Shermans orders sig WW / Wright Chf Engineer & Genl Dept Military RR ---- / Goldsboro Apl 6th ---- teleg recd 9.30 am to Col W / W Wright ---- Keep your construction force at work / here in N. C. till I have official news of Gen Grant if / Richmond is taken of which I have no doubt ---- we / will not need the Norfolk road but will at once / work up to Raleigh & beyond ---- Hold your force / ready for the extension to Raleigh from Goldsboro ---- / let repairs go on both the Newberne & Wilmington / branches sig. ---- one for Whiton soons put it up / WT Sherman / 
7857 | Page 199 | {} | 1140 Pm PM  Ft Monroe Apl 7" 1865 / Newberne 6th Via Ft Monroe 10 P M. 7th for WW Whiton / in charge Washn ---- The whole programme here is changed / by order just recd from Sherman I must have more / narrow guage rolling stock ---- please send forward at once / to Morehead city or Newberne the rolling stock now / afloat that you telegd me about & enough more to / give me six engines & one hundred cars in addition / to what I now have on hand ---- This is / the very smallest amount that we can possibly get along / with & we must have it or Shermans plans and / orders can not be carried out ---- teleg ans sig ---- / same as to message to McCallum ditto Steamers waiting answer / WW Wright /  /  / 7.15 P. M See other book  Richmond Apr 8th 1865  / Following are documents referred to in Cipher dispatch of Mr Dana / Richmond April 7th To Genl Joseph R Anderson / and others committee etc. ---- Gentlemen I have  / had since the evacuation of Richmond two conversations / with the President of the US. my object was to secure for  / the citizens of Richmond & the inhabitants of the / state of Va who had come under the / military authority of the U. S. as much gentleness and / forbearance as could be possibly extended. The  / conversation had relation to the establishment of a govern = / ment for Va the requirements of oaths of /  / 
9098 | Page 204 | {} | J. C. Van Duzer  Washn Oct 21st 1864 11 am / Growl Fanny Harsh Plug for Adna Anderson Office Spark / Welch Embrace zbra accept promptly with out question the / proposed Inspect or Shelter ship Pekin It is all / right Pedlar greatly increased powers better advantages and you / will like it yoke William Henry Whiton Deliver personally /  /  / John Horner  Washn Oct 21st 1864 2 PM / Grapes Anna Harrow plunge for Taunton Van Vliet zebra It / is wicked that you have in your employ a detect / hive named Kinney zodiac He is to be dis - missed  / imm'y unity By order torch Infant yoke Insanity assistant Secy /  /  / No 2 3 pm / Beckwith City Pt  Wash Oct. 21.1864. / Yellow Jennie Madrid Requisition for rumpus & rumpus Stores / recd Wherry all of which will leave by special boat / Wedlock except the rifle Sharons which shall be obtained Saxon  / North oxide Earliest moment Fox Asst Ben - jam - in  / 
Traceback (most recent call last):
  File "/home/user/cipher-lab/ciphers/eckert-1864/ms18/fv_ms18l_hdl.py", line 20, in <module>
    d = json.load(urllib.request.urlopen(urllib.request.Request(HB + f"dmGetItemInfo/p16003coll11/{p}/json", headers=UA), timeout=60)); n += 1
                  ~~~~~~~~~~~~~~~~~~~~~~^^^^^^^^^^^^^^^^^^^^^^^^^^^^^^^^^^^^^^^^^^^^^^^^^^^^^^^^^^^^^^^^^^^^^^^^^^^^^^^^^^^^^^^^^^^^^
  File "/usr/lib/python3.13/urllib/request.py", line 189, in urlopen
    return opener.open(url, data, timeout)
           ~~~~~~~~~~~^^^^^^^^^^^^^^^^^^^^
  File "/usr/lib/python3.13/urllib/request.py", line 489, in open
    response = self._open(req, data)
  File "/usr/lib/python3.13/urllib/request.py", line 506, in _open
    result = self._call_chain(self.handle_open, protocol, protocol +
                              '_open', req)
  File "/usr/lib/python3.13/urllib/request.py", line 466, in _call_chain
    result = func(*args)
  File "/usr/lib/python3.13/urllib/request.py", line 1379, in https_open
    return self.do_open(http.client.HTTPSConnection, req,
           ~~~~~~~~~~~~^^^^^^^^^^^^^^^^^^^^^^^^^^^^^^^^^^
                        context=self._context)
                        ^^^^^^^^^^^^^^^^^^^^^^
  File "/usr/lib/python3.13/urllib/request.py", line 1335, in do_open
    r = h.getresponse()
  File "/usr/lib/python3.13/http/client.py", line 1478, in getresponse
    response.begin()
    ~~~~~~~~~~~~~~^^
  File "/usr/lib/python3.13/http/client.py", line 343, in begin
    version, status, reason = self._read_status()
                              ~~~~~~~~~~~~~~~~~^^
  File "/usr/lib/python3.13/http/client.py", line 312, in _read_status
    raise RemoteDisconnected("Remote end closed connection without"
                             " response")
http.client.RemoteDisconnected: Remote end closed connection without response
