GB "Boulware" "King and Queen" arrested 1865 1
    The Lincoln Assassination 2010-10-01 | ... <b>arrest</b> &amp; bring here the above named Wm . <b>Boulware</b> , near <b>King</b> &amp; <b>Queen</b> C. H. John A. Bingham <b>WILLIAM</b> BIRCH “ В ” 518 ( JAO ) <b>1865 William</b> Birch April 21st , <b>1865</b
GB "William Boulware" arrest 1865 Dana 2
    North Carolina Troops, 1861-1865: Infantry 1973 | ... <b>WILLIAM</b> , Private Born in Rowan County where he resided as a farmer prior to ... <b>arrest</b> &quot; on August 25 , 1863 ; however , reason he was in <b>arrest</b> not ... <b>Boulware&#39;s</b> Wharf , James 
    North Carolina Troops, 1861-1865 1966 | ... <b>WILLIAM</b> , Private Born in Rowan County where he resided as a farmer prior to ... <b>arrest</b> &quot; on August 25 , 1863 ; however , reason he was in <b>arrest</b> not ... <b>Boulware&#39;s</b> Wharf , James 
GB "Thomas J. Campbell" confiscating Knoxville 4
    The Papers of Andrew Johnson 1967 | ... <b>confiscating</b> the property of Union men who have come into Kentucky , and he shows no quarters to their families ... <b>Thomas J. Campbell</b> ( 1824-1885 ) , McMinn County banker who moved to Cleve- land in 18
    Ansearchin' News 1999 | ... <b>Knoxville</b> Daily Whig on the 3rd of May 1870 . It stated that the late Capt ... <b>confiscation</b> by the federal government . Union military powers , aware of ... <b>Thomas J. Campbell&#39;s</b> Steamboats in
    Reynolds Family Letters with the Journal of Robert Bannon Reynolds 1997 | ... <b>confiscated</b> . The property was then illegally sold to Joseph A. Cooper and the profits paid to Brownlow . Major ... <b>Thomas J. Campbell</b> was a former congressman , as was William H. Sneed ( 1812-1869 ) , 
    Truth Seeker 1925 | ... <b>Thomas J. Campbell</b> , one of the lead- ers of the Jesuits in this country ... <b>taking</b> a holiday . The postoffice should be in operation every day and ... <b>Knoxville</b> , Tenn . , Dec. 16. The Su- preme
GB "T. J. Campbell" "receiver" Knoxville Confederate 1
    Civil War History 1963 | ... <b>Knoxville</b> to the highest bidder on June 30 , 1863 by <b>Receiver T. J. Campbell</b> pursuant to a decree of the <b>Confederate</b> States District Court for the Eastern District of Tennessee . The <b>Confedera
GB "Masury" "Whiton" McCallum 1864 0
GB "Whiton" "military railroad" horses forage Sherman 1864 0
IA "Boulware" "King and Queen" 1865 arrest 2531
    ['kingqueencountyv00bagb'] | ["28     {{{KING    AND    QUEEN}}}    COUNTY,    VIRGINIA FIVE  YEARS'  AVERAGE  OF  {{{KING  AND  QUEEN}}}  CLIMATE", '35\n36     {{{KING    AND    QUEEN}}}    COUNTY,    VIRGINIA\nClark  family  in  {{{King  and  Quee
    ['kingqueencountyv00alfr'] | ["28     {{{KING    AND    QUEEN}}}    COUNTY,    VIRGINIA\nFIVE  YEARS'  AVERAGE  OF  {{{KING  AND  QUEEN}}}  CLIMATE", 'the\n36     {{{KING    AND    QUEEN}}}    COUNTY,    VIRGINIA\nClark  family  in  {{{King  and  Qu
    ['kingandqueencou01bagbgoog'] | ['for these illustrious personages. {{{King and Queen}}}.\n{{{KING   AND  QUEEN}}}   COUNTY,   VIRGINIA   85\nIt must', "sleighs.\n28   {{{KING   AND   QUEEN}}}   COUNTY,   VIRGINIA\nFIVE YEARS' AVERAGE OF {{{KING AND QU
    ['kingqueencountyv00bagby'] | ["I'\n.-mll^M*..\ni»3  ..E\n{{{KING  AND  QUEEN}}}   COUNTY,  VIRGINIA\n{{{KING    AND    QUEEN}}}       76f COUNTY,  VIRGINIA", "28     {{{KING    AND    QUEEN}}}    COUNTY,    VIRGINIA\nFIVE  YEARS'  AVERAGE  OF  {{{KI
    ['kingandqueencou00bagbgoog'] | ["sleighs.\n«8    {{{KING   AND   QUEEN}}}   COUNTY,   VIRGINIA\nFIVE YEARS' AVERAGE OP {{{KING AND QUEEN}}} CLIMATE\nRainfall", 'with the\n35\n86    {{{KING   AND   QUEEN}}}   COUNTY,   VIRGINIA\nClark family in {{{King
    ['historyofcarolin0000mars'] | ['Essex, King William and {{{King and Queen}}}.\nFrom Essex, King William and {{{King and Queen}}}.\nFrom Henrico.\nFrom Stafford', '....... WeebaRs {{{Boulware}}}, Mark......... W. D. Burk, Matthew..... hein Vien: {{{Bo
    ['oldhousesofkingq0000virg'] | ['entire village of {{{King and Queen}}} Court House was burned. After May 1864 {{{King and Queen}}} was behind enemy', 'Col. Montague paid a {{{King and Queen}}} land tax, on 1 Feb- ruary 1861 the {{{King and Queen}}} C
    ['garretthistoryhi00garr'] | [' Louise  ({{{Boulware}}}) Garrett;  daughter  of  Mark  {{{Boulware}}} and  Rosina  (Trice)  {{{Boulware}}}.\nLouise  Erdine', 'was  known  as the  {{{Boulware}}}  estate  and  was  the  home  of  Muscoe  {{{Boulware}}
IA "Thomas J. Campbell" Knoxville confiscat 18
    ['phelps-eric-jon-asasinii-vaticanului-v.-0.9_202601'] | ['inforeigne, au fost declarate haiducuri și și-au {{{confiscat}}} moșii, astfel încât supușii săraci nu au putut', 'unui preot iezuit din\nreputaţie [iezuitul {{{Thomas J. Campbell}}}, lezuitele , 1534-1921]. . . practi
    ['phelps-eric-jon-asasinii-vaticanului-v.-0.9'] | ['inforeigne, au fost declarate haiducuri și și-au {{{confiscat}}} moșii, astfel încât supușii săraci nu au putut', 'unui preot iezuit din\nreputaţie [iezuitul {{{Thomas J. Campbell}}}, lezuitele , 1534-1921]. . . practi
    ['phelps-eric-jon-asasinii-vaticanului-v.-0.9'] | ['inforeigne, au fost declarate haiducuri şi şi-au {{{confiscat}}} moşii, astfel încât supuşii săraci nu au putut', 'unui preot iezuit din\nreputaţie [iezuitul {{{Thomas J. Campbell}}}, lezuitele, 1534-1921]... practic, 
    ['phelps-eric-jon-asasinii-vaticanului-v.-0.9_202601'] | ['inforeigne, au fost declarate haiducuri şi şi-au {{{confiscat}}} moşii, astfel încât supuşii săraci nu au putut', 'unui preot iezuit din\nreputaţie [iezuitul {{{Thomas J. Campbell}}}, lezuitele, 1534-1921]... practic, 
    ['bwb_P8-AGT-388'] | ['passage on a train to {{{Knoxville}}}. They were taken to a country home outside {{{Knoxville}}}, but the elderly Mrs', 'on a farm near {{{Knoxville}}}. James G. Sterchi had taken a position as clerk with a {{{Knoxvill
    ['per_courier_journal_the-courier-journal_1982-01-28_254_28'] | ['Ale\n~~ —_—— ——\n- ee\nHe said the slavers then {{{confiscat}}}- 4x land more ed the aliens’ documents and sold', 'Equal\ntestimony,\nDrunken-driving charges {{{Thomas J. Campbell}}}, 54, of the 2600 block Row-\nan St.
    ['nationalcyclopae0004vari'] | [' 28th Sherman was dispatched with a force to {{{Knoxville}}} to destroy supplies and bridge and railway communi', 'winter, Sherman turned to raise the siege of {{{Knoxville}}}, where he arrived Dec. 6th. With just prid
    ['nationalcyclopdi0000unkn'] | [' 28th Sherman was dispatched with a force to {{{Knoxville}}} to destroy supplies and bridge and railway communi-', 'winter, Sherman turned to raise the siege of {{{Knoxville}}}, where he arrived Dec. 6th. With just pri
IA "Masury and Whiton" 6
    ['carriagepainters00gard'] | ['the  reader to  the  prepared  colors  of  {{{Masury  and  Whiton}}}, Globe  Lead  Works,  of  New  York.  These']
    ['reconstructionat00chit'] | ['handsome stained glass window .. . Messrs. {{{Masury and Whiton}}} . . . three hundred pounds of paint. . . Messrs']
    ['reconstructionat0000unse'] | ['handsome stained glass window . . . Messrs. {{{Masury and Whiton}}} . . . three hundred pounds of paint. . . Messrs']
    ['whitonfamilyinam00whit'] | [' 1857  he  formed  the partnership  of  {{{Masury  and  Whiton}}},  manufacturers  and dealers  in  white ']
    ['proceedingsofbo186975univ'] | ['west    front  of Chapel  •  of  Messrs.  {{{Masury  and  Whiton}}}  in    presenting  us  with three  hundred']
    ['bub_gb_aZ5QAgAAQBAJ'] | ['recommends  the  use  of prepared  colors  from  {{{Masury  and  Whiton}}},  Globe  Lead  Works  (1875:27), "as  superior']
requests 9
