GB '"Stiner" "Herald" Fox "Fortress Monroe" 1864': 1
    The Fight for the Old North State | 2020-08-04 | ... <b>1864</b> ( reprinting an article from the Petersburg Express ) . 24. Edmondston , Journal of a Secesh Lady , 551 . 25 ... <b>Monroe</b> had received news
    To the Editors of the Old Dominion | 1864* | 
    Fort Monroe in the Civil War | 1962* | 
    Tales of Old Fort Monroe | 1962 | 
    Papers | 1862 | Engraving, 1862, entitled, &quot;Fortress Monroe, Va. and Its Vicinity&quot; engraved by J. Wells and R. Hinshelwood. The engraving has numbers and a key.
    Fort Monroe | 2008 | 
GB '"of what use is it to the northern reader"': 5467
    Library of Congress Subject Headings | 2009 | ... <b>USE</b> Hotels , motels , etc. Hotels , motels , etc. UF Hotels Motels Household dirt UF Dirt , Household BT Dust ... <b>North</b> America , [ South Amer
    Library of Congress Subject Headings | 2011 | ... <b>North</b> America , [ South America , etc. ] <b>USE</b> Indians of <b>North</b> America , [ South America , etc. Folklore Indians -Treatment UF Indians .
    Library of Congress Subject Headings | 2010 | ... <b>USE</b> Hotels , motels , etc. Hotels , motels , etc. UF Hotels Motels Household dirt UF Dirt , Household BT Dust ... <b>North</b> America , [ South Amer
    The Reader's Handbook of Allusions, References, Plots and Stories | 1884 | ... <b>northern</b> nations <b>use</b> it instead of hops . The catkins , boiled in water , throw up a waxy scum , of which candles are made by Dutch boers . Ho
    Statement of Particulars Regarding Books and Periodicals Published in  | 1892 | ... <b>Reader</b> No. Du&#39;nm Nazm wa Nasr Mu &#39; Kawa&#39;id - i - Urdu wa Tasawír Mushtamal ... <b>North</b> - Western Provinces and Oudh . Translation of
    The Century geographical readers. Reader 1-7b | 1890 | Century geographical <b>readers</b>. SYNOPSIS . GEOGRAPHICAL <b>READER</b> I. The sun gives ... <b>north</b> . <b>North</b> , South , East , and West are called
    The object-lesson handbook, a companion to 'Blackie's science readers' | 1895 | ... <b>use</b> in conjunction with Geographical <b>Readers</b> , or as independent text - books . With many Maps in the Text , and Coloured Maps . No. III . - E
    The Royal Readers | 1890 | ... <b>northern</b> hemisphere there is around the <b>North</b> Pole - then leaning towards the sun - a region , varying in extent ... <b>Of what use</b> is the
GB '"Goodman" "late Judge Advocate" Olcott': 21
    The City Record | 1895 | ... <b>Goodman</b> , Frank J. Goodwin , Joseph T. Hackett , Jeremiah Kennefick , Frederick L. Marshall , Robert Muh , John J. Murphy , Andrew A. Noonan , John T
    The Federal Cases | 1894 | ... <b>Goodman</b> , for claimant . BETTS , District <b>Judge</b> . On the former hearing ... <b>advocate</b> , that a new hearing be granted therein , the libe
    The Review | 1884 | ... <b>Judge</b> a few moments <b>later</b> he succeeded in selling him and bis clerk ... <b>Olcott</b> , Anson Stager , Frederic Cromwell , Julien T. Davies , 
    Congressional Record | 1960 | ... <b>late</b> sessions and a Saturday session . Mr. KEATING . I wish to make a com- ment and also ask a question , but I am ... <b>JUDGE</b> Olin Hatfield Chi
    The Tammany Times | 1909 | ... <b>Judge Olcott</b> , Colonel Gardiner , Mr. Philbin and Mr. Jerome He has the ... <b>late</b> John A. McCall , Frank J. Gould , William Guggenheim , Austin
    Who's who in America | 1948 | ... <b>Olcott</b> , Holmes , Glass , Paul &amp; Havens , 1930-32 , now <b>Olcott</b> , Havens ... <b>judge advocate</b> general 1941-42 ; mem . Nat . Legisla- t
    Who's who in Law | 1937 | ... <b>Judge</b> , Ct . of General Sessions , May - Dec . 1937. Mem .: Assn . of the ... <b>Olcott</b> , Mestre &amp; Gonzalez ( Internatl . lawyers , founded b
    Army and Navy Journal | 1939 | ... <b>Goodman</b> , jr . W. F. Goodrum L. D. Goolsby J. M. Gore George Gould R. K. ... <b>Olcott</b> J. C. Oldfield D. J. O&#39;Meara D. E. O&#39;Neil , jr . J
GB '"bring back any witness discharged"': 289
    Decisions and Orders of the National Labor Relations Board | 1975 | ... <b>take</b> care of it . He asked if Geer had seen anybody from the Union around the plant , Geer answered , &quot; <b>No</b>. &quot; Cox then asked whether
    Lincoln Loy McCandless V. Samuel Wilder King. Arguments and Hearings . | 1937 | ... <b>discharged</b> Mr. de Lima ? Mr. HAYNES . Yes ; he was the man . Mr. CANNON . What reason did he <b>give</b> for <b>discharging</b> De ... <b>witness</b>
    Congressional Record | 1880 | ... <b>discharge</b> the <b>witness</b> for want of authority to have issued the writ , or for <b>any</b> informality of <b>any</b> sort in the writ . But the <
    Statutes at Large of the State of New York: Revised statutes | 1869 | ... <b>witness</b> and <b>bring</b> him before such judge or officer to be examined , or to <b>bring</b> him before <b>any</b> persons named in a ... <b>dischar
    Congressional Record | 1896 | ... <b>give testimony</b> before <b>any</b> impartial committee he will do it ; that from what he knows of Smith he is totally un- fitted for the position of go
    Alabama Legislative Acts, 1837 | 2025-07-26 | ... <b>any</b> court , upon granting such certificate , shall also make a memorandum of the amount to which such <b>witness</b> shall ... <b>discharged</b> by t
    Reports of the Committee of the Whole Board of Aldermen on the Care an | 1894 | ... <b>WITNESS</b> . - I can&#39;t state , because I don&#39;t know <b>any</b> body of that name that ... <b>discharged</b> after your suspension ? 4. I was <b>
    The Code of Criminal Procedure and Penal Code of the State of New York | 1889 | 
GB '"habeas corpus in case of minors"': 1
    The General Laws, from the Adoption of the Constitution, [1780] to [No | 1823 | ... <b>habeas corpus in case of minors</b> enlisted in the army ii . 372 to be member of the board of accounts ii . 586 100 and board for examin- ib . ing priso
GB '"by whom the minors" "illegally enlisted"': 362
    The Legal Gazette | 1869 | ... <b>minors illegally enlisted</b> into the service of the United States by writ of habeas corpus . ( See 2 Legal Gazette , 195. ) Opinion by GRAHAM , P. J. T
    A Treatise on Extraordinary Relief in Equity and at Law | 1893 | ... <b>enlistment illegal</b> , where a <b>minor who</b> has so <b>enlisted</b> is held as a deserter . The Federal courts have jurisdiction to issue the writ ,
    Federal Decisions: Wager of law | 1889 | ... <b>Minors</b> above the age of eighteen might lawfully be <b>enlisted</b> with- out the ... <b>whom</b> that duty devolves , is not concluded by the oath of
    The Federal Cases | 1898 | ... <b>Minors</b> . The <b>enlistment</b> of a <b>minor</b> without the oath of <b>enlistment</b> is <b>illegal</b> . - In re McDonald , Case No. 8,752 . A <b>m
    Military Laws of the United States (Army) | 1921 | ... <b>minor illegally enlisted</b> , is not entitled to his discharge until after his exchange . U. S. v . Wright ( C. C. 1863 ) , Fed . Cas . No. 16,777 . <b>
    Military Laws of the United States | 1921 | ... <b>minor illegally enlisted</b> , is not entitled to his discharge until after his exchange . U. S. v . Wright ( C. C. 1863 ) , Fed . Cas . No. 16,777 . <b>
    The Western Jurist | 1871 | ... <b>enlistment</b> of <b>minors</b> under that age . The only remaining question is : Have state courts jurisdiction to discharge <b>minors</b> by writ of ha
    A Digest of the Decisions of the Courts of the State of Pennsylvania | 1877 | 
GB 'Cluer witness discharged Boston navy yard Olcott 1864': 0
BE '"Stiner" "northern reader"': 8
    None | None | ['M.    THISTLETHWAIT,   Editor.\n-  -  -  KANSAS*\n{{{STINER}}}    &    CLARK,    Publishers.\nTHE     GREAT   ', 'to  the  Naturalist  in  Florida.\nTo  the  {{{Northern  reader}}}  contemplating  r
    None | None | ['-would  die  for  his principles."\nWill  the  {{{Northern  reader}}}  who  respects law  and  hates  murder  be', 'she  was  taken  home  by  her friends.\nWilliam  {{{Stiner}}}  was  arrested  yes
    None | None | [' James T., 099104. Stewart, Jessie E., O76668. {{{Stiner}}}, Carl W., 084001. Stocky, Peter DeW., 076672. Stokes', "slanted and in- accurate, but the average {{{Northern reader}}} doesn't spot the d
    None | None | [" James T., 099104. Stewart, Jessie E., O76668. {{{Stiner}}}, Carl W., 084001. Stocky, Peter DeW., O'76672.", 'slanted and in- accurate, but the average {{{Northern reader}}} doesn’t spot the distort
    None | None | ['understanding of his people and his own mind. The {{{Northern reader}}} will become perhaps a little more tolerant', "old wicked man. (Mr '69) peep GE wey Dick eeort {{{stiner}}},” er ae 769) MacSwe
    None | None | ['Margaret\nWEST   END\'S  SEASON.     "\nJudge  J.   H.  {{{Stiner}}},  Tracy   Harris,  and\nEdward    Wasserman    Among', 'the  sea breezes.\nJudge  and  Mrs.  Joseph  H.  {{{Stiner}}}  of  New Y"
    None | None | [' Tuesday  at the  J.  P.  Swansnn  home  near  {{{Stiner}}}.\nMr.  Hicks  was  up  from  ^Mahno- men .  the', 'of  j the   negro    with    which   the  {{{northern  ) reader}}}  is  jconstantly  fe
    None | None | ['James  T.,  099104.\nStewart,  Jessie  E..  076668.\n{{{Stiner}}},  Carl  W.,  084001.\nStocky,  Peter  DeW.,  076672', "slanted  and  In- accurate, but  the  average  {{{Northern  reader}}} doesn't
BE '"Goodman" "Olcott" "navy yard" 1864': 10
    None | None | ["O'Keeffe,  John  George\nOkie,  Howard  P.\n{{{Olcott}}},  Frederic  P.\n{{{Olcott}}},  William  Morrow  Knox\nOldner,  Peter", 'KNOX  {{{OLCOTT}}}\nDISTRICT  ATTORNEY  N.  Y.  (iSg?).      JUDGE  C
    None | None | ["O'Keeffe, John George\nOkie, Howard P.\n{{{Olcott}}}, Frederic P.\n{{{Olcott}}}, William Morrow Knox\nOldner, Peter M", 'Illumination         ..... ion\n6 Visit to the Brookh-n {{{Navy Yard}}}  109,
    None | None | ['THOMAS  {{{OLCOTT}}},  SON  OF  THOMAS  {{{OLCOTT}}},\nTHE  SETTLER.\nTHIRD  GENERATION.\n1  Thomas  {{{Olcott}}},  of  Hartford', 'wife  was  Cynthia  {{{Olcott}}}, daughter  of  the  Rev.  Allen  
    None | None | ['the Pensacola {{{Navy Yard}}}. Secretary Meyer, however, it was announced, would pay the {{{navy yard}}} a visit within', 'and Iowa, at {{{navy yard}}}, Norfolk, Va.; Missouri, New Jersey and Ver- m
    None | None | ['THOMAS  {{{OLCOTT}}},  SON  OF  THOMAS  {{{OLCOTT}}}, THE  SETTLER.\nTHIRD  GENERATION.\n1  Thomas  {{{Olcott}}},  of  Hartford', 'wife  was  Cynthia  {{{Olcott}}}, daughter  of  the  Kev.  Allen  {
    None | None | ["'67-71. Jonas Fitch, {{{1864}}}-66.\nAlexander Wadsworth, {{{1864}}}-\n69, 72. Martin Brimmer, {{{1864}}}. Otis Norcross, 1865", 'boundary line of the {{{Navy Yard}}}; thence by the southwesterly bo
    None | None | ['Jonas  Fitch,  {{{1864}}}-66.\nAlexander  Wadsworth,  {{{1864}}}-\n69,  72. Martin  Brimmer,  {{{1864}}}. Otis  Norcross', 'of  the  {{{Navy  Yard}}};  .  thence by  the  southwesterly  boundary  li
    None | None | ['assistant to Colonel {{{Olcott}}}, $1,796; William M. Werwensteick, assistant to Colonel {{{Olcott}}}, $1,436; Ely Devoe', 'aggregate amount forthe Boston {{{Navy Yard}}} is $277,500; for the New Yo
BE '"habeas corpus" minors Hancock Baltimore 1865': 10
    None | None | ['England, and then by Charles Calvert {{{Baltimore}}}, Third Baron {{{Baltimore}}}, to Maryland, where she served as', 'of {{{habeas corpus}}} (literally, “you have the body”), or, as it was sometime
    None | None | ['marriage of {{{minors}}} in, 63\nYoung, Brigham, 72—73 Youth. See Childhood; {{{Minors}}}; Marriage, of {{{minors}}} Youthful', 'Marriageable Age and Age of Consent, {{{1865}}}-1920\nMarriage Ages i
    None | None | ['marriage of {{{minors}}} in, 63\nYoung, Brigham, 72-73\nYouth. See Childhood; {{{Minors}}}; Marriage, of {{{minors}}}\nYouthful', 'of Consent, {{{1865}}}-1920\n \n \n \n \n \n \n \n \n \n \n \n \n \
    None | None | ['authorities to the execution of a writ of {{{habeas corpus}}} at {{{Baltimore}}}.\nDispatch 251. Lyons to Russell, 4 June', 'Hicks (1798-{{{1865}}}) was Governor of Maryland from 1857-1861 and U.S. 
    None | None | ['; that Gen. {{{Hancock}}} then procured President Johnson to suspend the writ of {{{habeas corpus}}} in the Dis trict', 'the back of the writ of {{{habeas corpus}}} which had been served on Gen eral
    None | None | ['1880. } {{{HANCOCK}}} AND THE {{{HABEAS CORPUS}}}—HOW HE\nAVOIDED COMPLIANCE WITH AN ORDER OF THE\nGEN. {{{HANCOCK}}} DID\nCASE', 'respect and deference for the writ of {{{habeas corpus}}}. Gen. {{{
    None | None | [' States,  April  29,  {{{1865}}}.\nExecutive  Chamber, Washington,  April  29,  {{{1865}}}.\nBeing  desirous  to  relieve', 'President  Linooln,  May  1, {{{1865}}}.\nExecutive  Chamber, Washington 
    None | None | ['January 16, {{{1865}}})\n. Thirteenth Amendment to the U.S. Constitution (Ratified\nDecember 18, {{{1865}}})\n. President', 'Pardon, with Loyalty Oath\n(August {{{1865}}})\n. Mississippi Black Codes
