'Lasalle': 1 hits: 9745()
'Monthny': 1 hits: 9745()
'Portuguese passport': 0 hits: 
'diamond ring': 2 hits: 9745() 10168()
'seize a steamer': 4 hits: 9706() 6626() 8041() 8438()
'spies Havana': 0 hits: 
'Phillips Havana': 1 hits: 9745()
'Kansas Colored Hurlbut': 0 hits: 
'Tenth Kansas': 0 hits: 
'Berrien Pittsburgh': 1 hits: 9693()
'part cannon part musket': 1 hits: 9693()
'Pennock powder': 2 hits: 5235() 4505()
'Alberger': 7 hits: 10055() 10056() 8003() 8004() 8823() 8825() 8828()
'safe key Hall': 1 hits: 10056()
requests 14
img 9745 564721
img 9746 590877
img 9693 494287
img 10056 521181
requests 4
9706 | Page 40 | {} | John Horner / N York  Washn Apl 16th 1864 / Helen For Agate pause You will / arrest Vienna S D Farnsworth additional / pay master U S A who / will arrive in Merlin from Mogul / by the next or the succeeding / steamer and will seize all his / baggage papers and personal effects and / send them to this Dept at / the same time that the prisoner / is forwarded to Old Capit all / prison under sufficient Seneca By order / of Adam signed Dana Asst arabia /  /  / John Horner N. York  Washington Apl 16th 1864 / Rosalie For Vienna Van Fleet Vinton / period Confidential period Charter the state / of Camden and send her to / Pagan I wish to assemble in / the Ginseng all the light draught / steam Stagger in service between Merlin / and the Chess a peak at / the Earliest moment possible period not / less than fifty schooners & forty / barges will also be needed in needed in / 
10168 | Page 26 | {} | 3.10 P.m / Nashville Tenn Feby 9th 1864  / Nashville 10:30 am Feby 9th For Genl=in=Chf The change of  / Rl Rd Manager has added sixty per cent to the freight / carried , this I hope will enable me soon to  / supply an army in East Tennessee sufficient to drive Longstreet / out. The road will be complete to Loudon tomorrow  / and to Stevenson via Decatur by Monday next (sig) U. S. Grant  /  /  / 3.P.m / New York Feby 11th 1864 / New York 11th Feby sixty four for / Major Gen G Hastings Judge Advocate  / Genls Office Wash'n Marsh has brought / from Ohio two silk dresses of / Miss Seldons and one diamond ring / he goes to Portland today for / more now let Baker watch our / man closely or he may escape / sig H. S. Olcott Special Comm'nr /  /  / 4:45 P.m  Nashville Feby 11th 1864 / Nashville 11:30 am 2nd month 11th day For Gen Halleck Wash'n / I expect to get off from Chattanooga by / Monday next a force to drive Longstreet out of / East Tennessee. It has been impossible here to  / force to subsist the troops necessary for this work / sig U.S. Grant will have New Cipher in two days / 
5235 | Page 103 | {} | have no less than seven Marine / posts in addition to which the / powder boats and public property at / mound city are guarded by volunteers / from the army the Com'dg Gen'l / here informs me that he has / but four hundred and six men / for the protection of this place / and Mounds City the Commanding Gen'l / can not furnish me with more / men without detriment to his branch / of the service no train leaves / here before one o clock tomorrow / afternoon before which time I respectfully / request an swer signed A. M. / Pennock Fleet Capt. and Comd'r station
4505 | Page 64 | {} | Recd 840 PM / Cairo Ill March 30th 1864 / Cairo March 30th Comdr H A Wise U S / N Chief of Bureau of ordnance Washn - I / do not consider it prudent to have more than  / five hundred barrels of the powder sent to this / place at present - If the balance is sent / to St Louis it will be much safer and can / be brought here when required - Forrests forces are / still in Kentucky not far off & I have / reason to believe that spies & other improper persons / are on this side and that an effort will / be made to destroy the large amount of public / property here by fire - we are on the / lookout for them & every precaution has been taken / in our power to prevent them from Carrying out / their designs signed A M Pennock fleet Capt & / commandant of Station /  /  / 515 PM Mar 31st  10 AM / Col ED Townsend A. A. G.  San Francisco Cal Mar 28th 1864 / Recommended that Arizona be transferred to / this Dept & that San Diego Fort Yuma / & line of Colorado receive reinforcements / Conquest of Mexico by French exposes / frontiers of California & Arizona I / should be glad to know policy / of Gov't See my letters 14th / March & also 28th Geo Wright / Br Genl / 
10055 | Page 389 | {} | 12 m JW Sampson Lynchburg  Wash Sept 23 1865  / Growl harsh pebble Francis for pilgrim Alberger Dresden / You have permission to visit grapes as you / request in wrangle of harrow plug by leaving / a competent and reliable officer in charge of / your affairs Zebra on arrival here report to / me yoke Thos T Eckert actg asst Bruno  / Zodiac another for Jno Odell Dresden Zebra Return / with princess Alberger to growl unless you are / necessary at Dresden youth L C Baker Palsy /  /  / Seiberg New Orleans  Washn Sept 30th 1865 / Webster Katie Sheridan Dickens Bourbon Potash Orthodox was / under stood to relate to Gwynn called the / Duke of Sonora and he is the person / the Rabbitt directs you to celebrate and imp / prison in close Devons Impede in Frigate Jackson / or some other secure Frigate or Industry prison / in your Delegate Pimple Orderly acknowledge the justify / and loath your calf copper cologne jingle Ransack / Master Broach A A G this is end / 
8003 | Page 345 | {} | leave Gen Canby about two thousand white, troops of / all arms and about ten thousand colored troops ---- / I have also directed Gen Foster to muster out the / Second Maine Cavalry in the Dept of Florida ---- / PH Sheridan / Maj Gen Comdg /  /  / 2 PM  Lynchburg Va 1230PM  Sept 25, / Lynchburg, 1230 PM twenty five for Gen Baker Washn ---- my / suspicions in regard to the man were correct ---- He was / in W all day and took the seven O'clock / train on the Orange Road for Richmond ---- He found / me out and after a few careful inquiries in regard / to my business in Washn he again made his proposals  / which after a seeming reluctance on my part I accepted / ---- I am preparing every thing as he has suggested / ---- I have an interview with him and the Genl / tomorrow when the final arrangements will be made ---- I / have gained considerable information in regard to the purposes and plans / of these men ---- I will telegraph you after the / interview to morrow ---- M. H. Alberger 2M /  / 
8004 | Page 346 | {} | Recd 435 PM  Lynchburg VA Sept. 26. 1865. / Lynchbg 4 PM 26th for Genl Baker ---- I / have had an inter view with the Genl & Boston / man & every thing has been arranged except the time / ---- it is a perfectly bona fida arrangement  / I have much to disclose <deletion>[unclear]</deletion> shall I telegh  / you I leave for Richmond tonight. <insertion>will be</insertion> home tomorrow / night sig MH Alberger Capt & Q. M. /  /  / 930 pm  N. Orleans Oct 1. 65 / Hd Qrs Mil Div of the Gulf / N Orleans Oct 1st 1030am for  / Gen Townsend ---- Your telegram of the  / 29th inst rec'd Dr / Gwynn and Mr Clarke are / both in close arrest and / will be sent to Fort Jackson / today PH Sheridan  / M Gen /  / 
8825 | Page 347 | {} | 430 pm 23d  N Orleans Sept 22d / Hd Qrs Mil Div of the Gulf N. O. Sept 22d 1130 pm / for Gen Grant Commanding Army US. Wash . Genl / should Slocums resignation be accepted I want a good / Comdr for the Dept of Miss & would respfy suggest / Getty or Gibbons . I have great confidence in Getty / & would prefer him but would be satisfied with Gibbons / PH Sheridan  / MG /  /  / 410 PM  Lynchburg Va Sept 28 1865  / Lynchburg ---- 28th 4 PM ---- Br Gen Baker  / ---- met man at Gordonsville last night / on my way from Richmond ---- He / brought the duplicate Key ---- are all / ready for operations tomorrow night , time  / between six and seven sig M H / Al berger capt and asst QM /  /  / 530 PM  Richmond Va. Sept 28 / 65 / 5 P.M. Gen Townsend A. A Gen = / In reply to communications of 18th Inst I / have the honor to report that a lieu - / tenant of the 3d Georgia regt who was in / Macon last month states that Robt. T bridges / alias Lt. Robt T Bridges thirty six Georgia / regt. was in Macon when the informant left / there Alfred H Terry Maj Gen / 
requests 8
