"profound secret" Grant Monocacy Relay 1864 | total 0
"Frederick train" Grant Monocacy 1864 Smith | total 54
    _Be8BQAAQBAJ Personal Recollections and Civil War Diary, 1864 2014-12-08 | ... <b>Smith</b> , our mustering officer , is in Washington . SUNDAY , July 31 , <b>1864</b> . Remained on Bolivar Heights last night ; regiment went on picket about 10 o&#39;clock p . m .; <b>train</b> ... <b>Frederick</b> ; camped at Jefferson City
    uZzhEAAAQBAJ The Memoirs of the Civil War Commanders 2023-11-09 | ... <b>train</b> guard; got a large mail to-night. My commission came as First Lieutenant of Company E, Tenth Vermont, but I cannot get mustered, as Captain <b>Smith</b>, our mustering officer, is in Washington. Sunday, July 31, <b>1864</b> ... <b>Fr
    1T4fAQAAMAAJ The Papers of Ulysses S. Grant: June 1-August 15, 1864 1967 | ... <b>Monocacy</b> on the road from <b>Frederick</b> to Georgetown Another telegram at one P. M. from a point thirty ( 30 ) miles east of Monoc- acy states that the reports from <b>Monocacy</b> by the last <b>train</b> that left that place were that
    5k4MEgAAQBAJ Personal Recollections and Civil War Diary 2026-09-12 | <b>1864</b> Lemuel Abijah Abbott. Very dry; no prospect of rain; wish we might have some; marched at 6 o&#39;clock a. m. for <b>Frederick</b> Junction; band played as we passed through Urbana; arrived at the Junction at 1 o&#39;clock p. m.; remained 
    IclaAAAAYAAJ A Global Chronology of Conflict [6 volumes] 2009-12-23 | ... <b>Grant</b> to detach forces from his siege of Petersburg to defend the federal capital . Early crosses the Potomac River on July 2 . He occupies <b>Frederick</b> , Maryland , and exacts a ran- som of $ 200,000 from <b>Frederick</b> and $ 20,000
"relieve Colonel Crane" disbursing | total 155
    9b1OAQAAMAAJ The Army & Navy Official Gazette 1865 | ... <b>Colonel</b> H. HAYS , Chief Quartermas- ter 4th Army corps ; To assemble at Atlanta , Georgia , on the 10th of October ... <b>relieve Colonel</b> J. C. <b>Crane</b> , Inspector Quartermaster&#39;s Depart- ment , of the duties of <b>Disbursing<
    ePkVZ9RSsacC Army & Navy Official Gazette 1865 | Lieutenant <b>Colonel</b> H. HAYS , Chief Quartermas- ter 4th Army corps ; To assemble at Atlanta , Georgia , on the 10th ... <b>relieve Colonel</b> J. C. <b>Crane</b> , Inspector Quartermaster&#39;s Depart- ment , of the duties of <b>Disbursing</b> 
    dQpJAQAAIAAJ Army and Navy Official Gazette None | ... <b>Colonel</b> H. HAYS , Chief Quartermas- ter 4th Army corps ; To assemble at Atlanta , Georgia , on the 10th of October ... <b>relieve Colonel</b> J. C. <b>Crane</b> , Inspector Quartermaster&#39;s Depart- ment , of the duties of <b>Disbursing<
    2QSxkxE2fNkC Annual Report of the Quartermaster-General to the Secretary of War for the Fiscal Year 1880 | ... <b>relieve Colonel</b> J. C. <b>Crane</b> and Captain A. R. Eddy of all duties connected with the United States military railroads ... <b>disbursements</b> for the first half of the fiscal year . It may not be out of place here` to state what are
    j1Hb41TKg8QC General Orders ... 1863 | 
Crane "disbursing officer" Inspector Donaldson Nashville 1864 | total 2
    9b1OAQAAMAAJ The Army & Navy Official Gazette 1865 | ... <b>disbursing officer</b> from obedience to it . While it stands it must be obeyed , and it can be modified or repealed ... <b>1864</b> . The following memoranda of Orders and In- structions during the month of November , <b>1864</b> , are publis
    ePkVZ9RSsacC Army & Navy Official Gazette 1865 | ... <b>disbursing officer</b> from obedience to it . While it stands it must be obeyed , and it can be modified or repealed ... <b>1864</b> . The following memoranda of Orders and In- structions during the month of November , <b>1864</b> , are publis
"Burnet House" Brackett Price 1864 horses | total 9
    tv4-AQAAMAAJ The United States Army and Navy Journal and Gazette of the Regular and Volunteer Forces 1896 | ... <b>price</b> . There should be no loop - hole of escape from the contract for ... <b>Brackett</b> , Gen. Henry L. <b>Burnett</b> . Gen. Daniel Butterfield . Col. William C ... <b>House</b> and the measure has gone to the White <b>House</b> for th
    ClcNAQAAMAAJ The Oxford English Dictionary 1975 | 
    DKAzAQAAMAAJ Scientific American 1874 | ... <b>1,864</b> . – GLUE , ETC. - Bacder &amp; Co. , Philadelphia , Pa . SCIENTIFIC ... <b>House</b> ....... 152,688 152,644 July 6 , 1874 . ace , hot air , L. R. ... <b>Burnet</b> .. Walls , ornamenting , J. J. &amp; J. P. Maybery ....... 152,661 1
    tVWWuuP8UJEC A New English Dictionary on Historical Principles 1909 | 
    lYrjJEDypUMC A New English Dictionary on Historical Principles: part 1. O-Pf (1905) 1905 | 
"Redwood Price" Brackett 1864 "Planters House" | total 3
    cWbO7NF80QgC The Farmer None | ... <b>price</b> $ 1.50 farm , bulk . Minrus oats , registered , second at State Show ... <b>REDWOOD</b> SILOS <b>COST</b> $ 125 FOR A 12x28 single wall . Other sizes proportionate ... <b>1864</b> . MINNESOTA FRUIT GROWERS SERVICE Company . Catalog f
    oqTFUr47Y1YC AAA Atlas: United States, Canada, Mexico. 2006 None | ... <b>Price</b> ..... Royse City Temple ( 54,514 ) ... Ε - 25 Wingate ...... A - 24 ... <b>Redwood</b> Petersville . F - 29 ( 3,586 ) .. D - 28 San Gabriel .. H - 28 J - 2 ... ( <b>1,864</b> ) .. .E - 35 Study Butte ...... F - 15 Twitty .... Point C
    m5GYRm6UR7IC AAA North American Road Atlas 2006 BGI None | ... <b>Redwood</b> San Élizario ( 11,046 ) ....... B - 10 San Felipe ( 868 ) .... H ... ( <b>1,864</b> ) . E - 35 Point Comfort ( 12,727 ) . E - 32 ( 781 ) .......... G - 30 ... <b>Price</b> ... Royse City 1-23 Priddy . C - 24 ( 2,957 ) .. G - 22 Pri
# "J. C. Crane, Inspector Quartermaster" 9
    635ZAAAAYAAJ The War of the Rebellion: A Compilation of the Official ... None | ... <b>J. C. Crane , inspector quartermaster&#39;s</b> department , colonel ; F. J. Slatterie , lieutenant - colonel ; F. W. Corey , major ; Charles A. Croney , adjutant ; John Crawley , regimental quartermaster . Fifth Regiment , Quartermaster&#39;s&nbsp;...
    CGSvyiYg_bIC The War of the Rebellion: v. 1-53 [serial no. 1-111] Formal ... None | ... <b>J. C. Crane , inspector quartermaster&#39;s</b> department , colonel ; F. J. Slatterie , lieutenant - colonel ; F. W. Corey , major ; Charles A. Croney , adjutant ; John Crawley , regimental quartermaster . Fifth Regiment , Quartermaster&#39;s&nbsp;...
    dQpJAQAAIAAJ Army and Navy Official Gazette None | ... <b>J. C. Crane , Inspector Quartermaster&#39;s</b> Depart- ment , of the duties of Disbursing Officer of the United States Military Railroads of the West . Colonel J. C. CRANE . [ TO Quartermaster Gen- eral . ] On being relieved , will proceed to&nbsp;...
    ePkVZ9RSsacC Army &amp; Navy Official Gazette None | ... <b>J. C. Crane , Inspector Quartermaster&#39;s</b> Depart- ment , of the duties of Disbursing Officer of the United States Military Railroads of the West . Unauthorized Printing . [ General Orders , No. 45. ] QUARTERMASTER GENERAL&#39;S OFFICE&nbsp;...
# "Crane, Inspector Quartermaster" disbursing Donaldson 2
    9b1OAQAAMAAJ The Army &amp; Navy Official Gazette: Containing Reports of ... None | ... <b>DONALDSON</b> . [ Di- rected to relieve Col. J. C. Crane . ] Will detail an officer temporarily to immedi- ately relieve Colonel J. C. <b>Crane , Inspector Quartermaster&#39;s</b> Department , in his duties at Nashville , Tennessee . Special Orders&nbsp;...
    ePkVZ9RSsacC Army &amp; Navy Official Gazette None | ... <b>DONALDSON</b> . [ Di- rected to relieve Col. J. C. Crane . ] Will detail an officer temporarily to immedi- ately relieve Colonel J. C. <b>Crane , Inspector Quartermaster&#39;s</b> Department , in his duties at Nashville , Tennessee . Special Orders&nbsp;...
