'activity navy arrival vessels': 1 hits: 9863()
'Goodman Judge Advocate': 1 hits: 9729()
'minors discharged illegally': 0 hits: 
'Stiner': 1 hits: 9863()
'Herald reporter Monroe': 0 hits: 
'northern reader': 0 hits: 
'Olcott Goodman': 0 hits: 
'Navy Yards witness': 1 hits: 9729()
'habeas corpus minors': 1 hits: 10065()
'Hancock minors': 0 hits: 
'Bodle': 5 hits: 10060() 10061() 10062() 10065() 8012()
requests 11
10419 | Page 277 | {} | 125 AM 16 Maj Eckert  Big Shanty Ga June 15th 1864 / Gen Thomas Hd Qrs 15th PM ---- Rebel line Last night reached / from Kennesaw to Lost Mountain its centre resting on Pine / Top Hill considerably in advance of left or right ---- / that position was abandoned during the night & occupied by / Gen Howard Corps this morning & today Thomas has pushed their / centre a mile to the rear ---- McPherson at the  / same time pushed their right sharply carrying first line of / defenses in front Kennesaw & capturing three to four hundred  / prisoners ---- must accept battle on level ground tomorrow / or retire to night to the Chattahoochee the last probable / JC Van Duzer /  /  / 240pm  New York June 16th 1864 / New York 16th for GV Fox Washn / your letter received Gen Dix has given the / necessary order to the military officer in / command at Boston to arrest sieze / their papers & turn them over to / me that the business may be well / done I go myself tonight ---- have / telegraphed Admiral Stringham to have / a tug ready for special services tomorrow / morning  HS Olcott / Spl Comr / 
8911 | Page 19 | {} | John Horner 9  Washn Mar 10th 1864 830 P. M  / Pagan Katy Tenth for Vesper H. S. / Ol = cott Special Comnr Navy Dept Thirty / five Gram mercy Place Merlin period Telegram / received Will attend to matters here period / If any more Waddings are to be / made in Midas it had better be / done at once be fore you  / leave unless you are certain of / them on your return period Be / prepared to suggest a lawyer of / integrity and ability to assist and / prepare the cases for trial whilst / you you are pursuing these investigations / and others further period If any / body should be wagged in the / Navy yard call up on the / Commandant to do so and this is / your authority period If any of the / parties here whom you suggest should be / watched are sufficiently implicated to be wagged / superb me early tomorrow period Murdock was / discharged from the Dept a year a / go period Let me know about / Keeler He is civil engineer of / the Navy yard and is now / with the house Naval Committee on / their way to Boston sig Annal  / 
10297 | Page 155 | {} | 7 p. m  New York May 3 1864 / NY May 3d 630 pm for Fox asst / Secy Navy Wash Col Alcott has just  / received the following dispatch " Boston third / may decapitation commenced Cluer one of our / witness discharged today reason no longer need / of his service doubtless on account of / giving testimony here strong feeling in yard / against us something should be done immediately / or all best witnesses will be discharged / for testifying (signed) M A Clancey " / you see that there is necessity for / immediately action. My time is entirely engaged  / by the court martial and in the / preparation of cases that I cannot undertake / the investigation in the Boston affairs unless / something is done at once there is / danger that all the witnesses will escape / and the investigation be useless I would / advise that of the matter of arrest / are not to be left to Col / all = Cott that some person be employed / to go at once signed Wilson / 
7943 | Page 285 | {} | 3 pm 6th  New Orleans June 5th 1865 / to / New Orleans June 5 for Brevet Maj Genl / JA Rawlins Washn For the / information of the Lieut General I transmit / the following communication ---- By telegraph from / South West Pass La to Lieut Col / CF Christensen AAG ---- / I arrived off Galveston last Wednesday & / communicated with Kirby Smith. On friday afternoon ---- / he came off and after adding a / short amendment to it, he / signed the agreement & other arrangements for / <deletion>officers</deletion> the surrender he and his / officers report that a complete disorganization of / the rebel forces throughout the Dept commenced / about the twentieth of May ---- The / soldiers under the lead of some of / their subordinate officers mutined simultaneously in all / parts and plundered the Govt stores arms / ammunition &c <deletion>[unclear] for the</deletion> ---- The people / seem to be anxious that more force / should be send to Gen Washburn order without / delay (signed) EF Davis Br Genl U / S Vols ---- a communication from Colorado / at Alexandria says that the Ark & / Missouri troops had kept together and will / surrender (as per agreement with the govt) / property in their possession but that most / of the other troops had gone to / their homes carrying with them their arms / 
4514 | Page 73 | {} | 10.30 A. M / Culpepper Va Apr 7th 1864 / April 7th 930 AM For HW Halleck - If Gen Burnside has / not started here he need not come , but / in that case notify him to be in read = inness / to leave Ann = appo = lis with what ever command / he may have at the shortest not = ice after the 20th instant / . I have written to the General in answer / to his communications sent by Lieut Van Vleit . / enjoin secrecy about divulging the time if expected movement / from Annapolis or even that troops are to / move from there at all sig U. S. Grant boats bug /  /  / 435 PM  Nashville Tenn April 7th 1864  / Nashville April 7th For Maj Genl Halleck Washn . / General I gave Gen Rawlins at Cincinnati a memorandum which / I would like you to see . Ark has no / real connection with this command . All the Terri = tory / lying west of the Mississippi form one Military Command ---- / The active fighting force should be united under say Steele / on Red River Shreve = port Especially which covers all Arkansas & / Missouri and is the great door way to and from / Texas . The abolition of all Depts and arrangements of / the entire Army in three Military Divisions right center & / left would simplify the game of war very much . / The mere indications from the <insertion>Gen in Chief</insertion> for our respective objective points / and lines of operations would leave him only to fix / 
requests 5
img 10065 461267
img 9863 540623
img 9729 524719
requests 3
