"proceed direct to Fairfax Court-House with five days" | 3 items
    The War of the Rebellion 1891 | ... <b>proceed direct to Fairfax Court - House with five days</b> &#39; rations and 150 rounds ammunition each . Their transportation can be returned from Fairfax . All regiments to report to me had h
    The War of the Rebellion: v. 1-53 [serial no. 1-111] Formal reports, b 1891 | ... <b>proceed direct to Fairfax Court - House with five days</b> &#39; rations and 150 rounds ammunition each . Their transportation can be returned from Fairfax . All regiments to report to me had h
    The War of the rebellion: a compilation of the official records of the 1902 | 
"will reach Fairfax to-night" Burnside | 127 items
    The Papers of Ulysses S. Grant  | ... <b>Burnside</b> ; copies , ibid . , RG 108 , Letters Sent ; DLC - USG , V , 45 , 59. On April 24 , 4:30 P.m . , USG telegraphed to Maj . Gen. Henry W. Halleck . &quot; Gen Meade <b>will</b> ... <b
    The War of the Rebellion 1888 | ... <b>to - night</b> . You <b>will</b> please send a small force of your cavalry with him as far as Leesburg , to look after his trains , and to remain at that place for a day or two after his rear h
    The War of the Rebellion 1971 | ... <b>to - night</b> . You <b>will</b> please send a small force of your cavalry with him as far as Leesburg , to look after his trains , and to remain at that place for a day or two after his rear h
    The Papers of Ulysses S. Grant: January 1-May 31, 1864 1967 | ... <b>Burnside</b> ; copies , ibid . , RG 108 , Letters Sent ; DLC - USG , V , 45 , 59. On April 24 , 4:30 P.M . , USG telegraphed to Maj . Gen. Henry W. Halleck . &quot; Gen Meade <b>will</b> turn o
    The Untried Life 2012-08-21 | ... <b>Burnside</b> , had sustained almost thirteen thousand casualties , many of the wounded frozen to death that <b>night</b> on the ... <b>will reach</b> Richmond via Fredericksburg , unless he goe
"column in motion" Burnside Fairfax 1864 | 30 items
    The Papers of Ulysses S. Grant: January 1-May 31, 1864 1967 | ... <b>Burnside</b> . &quot; Gen Butler is to have the first thousand horses - His Cavalry force is small and this only half the num ... <b>columns in motion</b> will reach <b>Fairfax</b> tonight Seve
    The War of the Rebellion: v. 1-53 [serial no. 1-111] Formal reports, b 1891 | ... <b>motion</b> as soon as General Augur relieves you and the trains are south of Bull Run . U. S. GRANT , Lieutenant - General . GERMANNA FORD , May 4 , <b>1864</b>-1.15 р . m . Major - General <b>
    The War of the Rebellion 1971 | ... <b>BURNSIDE</b> : GERMANNA FORD , May 4 , <b>1864</b> . Crossing effected . Put your troops in <b>motion</b> ... <b>column</b> at once . A. E. <b>BURNSIDE</b> , Major - General . Major ECKERT ... 
    The War of the rebellion: a compilation of the official records of the 1891 | 
    House documents 1892 | Major - General <b>BURNSIDE</b> : GERMANNA FORD , May 4 , <b>1864</b> . Crossing effected . Put your troops in <b>motion</b> ... <b>column</b> at once . A. E. <b>BURNSIDE</b> , Major - General . Major
"requisite ammunition and supplies with the column" | 2 items
    The Papers of Ulysses S. Grant  | ... <b>requisite ammunition and supplies with the column</b> &quot; Telegram received , DNA , RG 108 , Letters Re- ceived . On April 27 , 8:30 A.m . , USG telegraphed to Maj . Gen. George G. Meade . &
    The Papers of Ulysses S. Grant: January 1-May 31, 1864 1967 | ... <b>requisite ammunition and supplies with the column</b> &quot; Telegram received , DNA , RG 108 , Letters Re- ceived . On April 27 , 8:30 A.M . , USG telegraphed to Maj . Gen. George G. Meade . &
"paymasters will leave here Monday morning" | 275 items
    Official Records of the Union and Confederate Navies in the War of the 1910 | ... <b>morning</b> of the 19th , and then , his plans having failed , I <b>left</b> with this ship and the Signal for Helena . Upon my ... <b>here</b> I over- took and destroyed a large lighter filled
    Official Records of the Union and Confederate Navies in the War of the 1910 | ... <b>morning</b> of the 19th , and then , his plans having failed , I <b>left</b> with this ship and the Signal for Helena . Upon my ... <b>here</b> I over- took and destroyed a large lighter filled
    The War of the Rebellion 1985 | ... <b>to</b> place your command in some place where your men and horses <b>can</b> be rested and recruited . Your slow trains have been stopped <b>here</b> for the present . About 250 men who were wi
    Reports of Committees 1866 | ... <b>paymaster</b> . It <b>is</b> customary for some one , either the <b>paymaster</b> , the boy , or myself , <b>to</b> be <b>here</b> at all times . I was <b>here</b> from 7.30 p . m . until the n
    Miscellaneous Documents 1876 | ... <b>to</b> pay . I have been in the <b>paymaster&#39;s</b> office thirteen months , and came <b>here</b> from the Highland Bank , at Newburgh , N. Y. , where I had been second teller and dis- count
"sufficient escort at Martinsburg" | 57 items
    The War of the Rebellion 1891 | ... <b>escort</b> . When any trains are about to leave <b>Martinsburg</b> for this place , you will immediately notify me of the fact , that I may order a <b>sufficient escort</b> , unless you have a 
    The War of the Rebellion: v. 1-53 [serial no. 1-111] Formal reports, b 1891 | ... <b>escort</b> . When any trains are about to leave <b>Martinsburg</b> for this place , you will immediately notify me of the fact , that I may order a <b>sufficient escort</b> , unless you have a 
    House documents 1892 | ... <b>escort</b> . When any trains are about to leave <b>Martinsburg</b> for this place , you will immediately notify me of the fact , that I may order a <b>sufficient escort</b> , unless you have a 
    "Boots and Saddles." 1879 | ... <b>Martinsburg</b> to Stras- , burg ; death or Andersonville staring every one in the face who undertook it without a <b>sufficient escort</b> . Some of my company were sent with dispatches from h
    The War of the rebellion: a compilation of the official records of the 1902 | 
Brice paymasters "Nineteenth Corps" escort Martinsburg October 1864 | 0 items
"paymasters ready to go" Brice | 69 items
    The Devil's Paymaster 2005-12-01 | ... <b>go</b> . &quot; The man holding the unconscious form of Jemmy <b>Brice</b> nodded sharply . The third thug was gazing out the window ... <b>Ready</b> ? All right . &quot; The third thug smother
    Congressional Record 1874 | ... <b>ready</b> to answer | precedent that <b>paymasters</b> may <b>come</b> here and have relief from Con- comes entitled to have the ... <b>Brice</b> , as well as General Alvord , investi- gated th
    Senate documents 1884 | ... <b>Brice</b> and other <b>paymasters</b> of the United States Army , who served as such ... <b>paymaster</b> who was dishonorably dis missed from the service : And provided ... <b>ready</b> to adm
    1819-1880 1879 | ... <b>reach</b> Baltimore ; and at sunrise the drum and fife resounded throughout ... <b>ready</b> to start down the river at a moment&#39;s notice . All the valuables of ... <b>paymasters</b> were a
    Report of the Adjutant General of the State of Illinois ... 1886 | ... <b>ready</b> for payment , and this brings the date of payment to 18th or 20th ... <b>come</b> within the ... <b>paymasters</b> on duty in this State act ) and after full expression of my views of
paymasters "Relay House" Brice Sheridan December 1864 | 0 items
"unpaid to the 31st of August" paymasters 1864 | 15 items
    The Foreign Office List 1866 | ... <b>1864</b> , and was appointed an Acting Second Secretary in Her Majesty&#39;s Diplomatic Service while so employed . CURRY , EDWARD THOMPSON , was appointed Consul at Ostend , <b>August</b> ... 
    The Foreign Office List, forming a complete British Diplomatic and Con 1865 | ... <b>July</b> 6 , <b>1864</b> . CRICELLI , ALPHONSO , Baltic medal of the Royal Navy . Was appointed Consul for the Grand Duchy of Finland , to reside at Helsingfors , January 1 , 1857 . CROWE , JOH
    The Foreign Office List and Diplomatic and Consular Year Book 1878 | ... <b>August</b> 5 , 1875 . was Acting Vice - Consul at Corunna for some time Vice - Consul there in 1863 , and resigned in <b>1864</b> . was appointed <b>Unpaid</b> ... <b>Paymasters</b> , Decem- be
    “The” Foreign Office list and diplomatic and consular yearbook 1891 | ... <b>1864</b> ( but did not proceed thither ) Passed a second examination , October ... <b>August</b> , 1886. Was sworn a Privy Councillor , April 3 , 1886. Was Lord High ... <b>Unpaid</b> Vice - Co
    The Foreign Office List  | ... <b>Unpaid</b> Vice - Consul there , December 23 , 1858 ; was Acting Consul from March 6 till April 6 , 1860 ; from <b>August</b> ... <b>31</b> , <b>1864</b> . * DICK , ALFRED CARRINGTON , entered 
"paymasters will leave to-morrow" "City Point" | 311 items
    The Journal of the Armed Forces 1894 | ... <b>leave</b> . The third of the 1894-95 winter series of hops gotten up by the officers at West <b>Point</b> ... <b>city</b> , from a few weeks &#39; visit to Detroit , Mich . Lieut ... <b>to - mo
    The War of the Rebellion 1892 | ... <b>CITY POINT</b> , VA . , November 11 , 1864 . Hon . EDWIN M. STANTON , Secretary of War : All the Northern papers of 10th ... <b>to - morrow</b> they <b>will</b> be making the best ar- rangement
    The War of the Rebellion: v. 1-53 [serial no. 1-111] Formal reports, b 1880 | ... <b>to - morrow</b> they <b>will</b> be making the best ar- rangements they <b>can</b> to meet this move . Ų . S. GRANT , Lieutenant ... <b>paymasters</b> , and his staff are permitted to send them
    Official Records of the Union and Confederate Navies in the War of the 1896 | ... <b>will</b> be sent to announce her sailing as if from Copenhagen , and she <b>will</b> ... <b>to - morrow</b> morning . You <b>will</b> dispatch him , in charge of all the Flor ... <b>point</b> o
    Report 1900 | ... <b>will</b> embark <b>to - morrow</b> morning on transport now here . General Bates <b>is</b> with First Illinois on Berlin and Berkshire with 350 convalescents . <b>Leave</b> this a . m . for Mon
Brice paymasters "Sixth Corps" "City Point" December 1864 | 12 items
    Army & Navy Official Gazette 1865 | ... <b>DECEMBER 6</b> , <b>1864</b> . Brevet Brigadier General B. W. <b>Brice</b> , Acting <b>Paymaster</b> General , in charge of the Department- | street west , at terminus of <b>city</b> ... <b>Cor
    The Army & Navy Official Gazette 1865 | ... <b>DECEMBER 6</b> , <b>1864</b> . Brigadier General A. B. Dyer , Chief - Office , Winder&#39;s Building , cor . F and Seventeenth sts ... <b>Corps</b> - Office , 534 Fourteenth street . Solicitor 
    The United States Army and Navy Journal and Gazette of the Regular and 1865 | ... <b>Point</b> of Rocks Cemetery is located on a prominent bluff on the banks of the Appomattox , near the <b>Point</b> of Rocks , a ... <b>Sixth</b> U. S. Volunteer infantry , Company B , <b>Sixth<
    The Biographical Directory of the Railway Officials of America 1885 | 
    Who's who in Railroading in North America 1885 | 
googleapis requests 12
