== IA "detained in Baltimore a few days" total 3
  w2UlAQAAMAAJ | The Town of Wayland in the Civil War of 1861-1865 | 1871 | ALL_PAGES | ... <b>detained in Baltimore a few days</b> to arrange the transfer of a certain number of men to the navy from their companies . &quot; A visit from my father on the 19th , freighted with an abun- dance of good things and good wishes , was
  7DAAxfRuXKoC | The Papers of Ulysses S. Grant | None | PARTIAL | ... <b>detained in Baltimore a few days</b> for a special purpose . If it is intended to bring more troops from the west here or to West Virginia , it would save transportation to take this one . Genl Burnside will be given another battery 
  mD4fAQAAMAAJ | The Papers of Ulysses S. Grant: January 1-May 31, 1864 | 1967 | NO_PAGES | ... <b>detained in Baltimore a few days</b> for a special purpose . If it is intended to bring more troops from the west here or to West Virginia , it would save transportation to take this one . Genl Burnside will be given another battery 
== IB "vacant major-generalship for Crook" total 328
  v7M9AAAAYAAJ | The War of the Rebellion: v. 1-53 [serial no. 1-111] Formal  | 1891 | ALL_PAGES | United States. War Department. 1 <b>Lieutenant</b> - <b>General</b> GRANT , WAR DEPARTMENT , Washington , May 14 , 1864-2 p . m ... <b>vacant</b> , but brevets can be given without limit . Dodge has been designated for some time for the fir
  5euuFDTkXacC | The Papers of Ulysses S. Grant, Volume 12 | 1967 | PARTIAL | ... <b>vacant Major Generalship</b> Edwin M Stanton See e£ War for <b>Crooks</b> but I am disposed to muster out Heintzleman and make a <b>vacancy</b> . <b>Crook</b> , shall have the first [ t ] hat occurs . Duval will shall be appointed pr
  3vc-AQAAMAAJ | The United States Army and Navy Journal and Gazette of the R | 1866 | ALL_PAGES | <b>Major</b> James H. Carleton , 6th Cavalry , to be <b>Lieutenant</b> - Colonel , July 31 , 1866 , vice Oakes , promoted to the ... <b>Crook</b> , 4th Infantry , to be <b>Major</b> , July 18 , 1866 , vice Archer , dropped . Captain Henry D
  H3JOAQAAMAAJ | The Journal of the Armed Forces | 1894 | ALL_PAGES | ... <b>Major</b> - <b>General</b> D. E. Sickles has been renominated to Congress from the 10th ... <b>Crook</b> , daughter of Col. W. H. <b>Crook</b> , to Mr. Clarence A. Brandenberg ... Generalship that will fall <b>vacant</b> this autumn 
  HH_sbJ-3WZQC | The War of the Rebellion | 1891 | ALL_PAGES | ... <b>major</b> - <b>general</b> . General Hum- phreys , General Schofield , General Wilson , and all before the Sen- ate have been ... generalship <b>vacant</b> , but brevets can be given without limit . Dodge has been designated for some
== IB "muster out Heintzelman" total 277
  IpwFAAAAQAAJ | House Documents, Otherwise Publ. as Executive Documents | 1872 | ALL_PAGES | ... <b>muster</b> - <b>out</b> of Tobin&#39;s Texas volunteers , ( A , 6. ) 13th . - Evidence of depredations committed by Cortinas&#39;s bands , ( C , 123 , 127 , 128 , 129 , 130. ) 15th . - <b>Heintzelman</b> reported : The country is ful
  pogFAAAAQAAJ | Senate Documents, Otherwise Publ. as Public Documents and Ex | 1880 | ALL_PAGES | ... <b>Heintzelman&#39;s</b> cominand ( D , 7 ) . 10th .- &quot; Cortinas has 250 men from Mexico , and is in a stockade nine miles ... <b>out</b> ( C , 116 ) . It was &quot; without organization , <b>muster</b> - rolls , or anything like d
  U22YJ-SSF8MC | Senate documents | 1877 | ALL_PAGES | ... <b>Heintzelman&#39;s</b> command ( D , 7 ) . 10th.- &quot; Cortinas has 250 men from Mexico , and is in a stockade nine miles above ... <b>out</b> ( C , 116 ) . It was &quot; without organiza- tion , <b>muster</b> - rolls , or anything 
  R6gFAAAAQAAJ | Reports of Committees | 1847 | ALL_PAGES | ... <b>muster out</b> his com- pany , was prolonged until the 11th or 12th November , 1840 , all the supplies furnished to his company were received under orders from Captain <b>Heintzelman</b> and another officer , whose name this deponent
  HR1CAAAAIAAJ | History of the Twelfth Regiment | 1891 | ALL_PAGES | ... <b>Muster Out</b>, June 11th, 1864, Together with Biographical Sketches of Officers and Men and a Complete <b>Muster</b>-<b>out</b> Roll ... <b>Heintzelman</b> and Hooker , who knew of its existence , yet took no steps to fill it . <b>H
== IC "no grading between Monroe and Shreveport" total 343
  WPGETyAxN0AC | The War of the rebellion: a compilation of the official reco | 1891 | ALL_PAGES | 
  I-tDAAAAIAAJ | Interstate Commerce Commission Reports | 1930 | ALL_PAGES | ... <b>between</b> Vicksburg and <b>Monroe</b> is 3 ° 22 &#39; ; <b>between Monroe and Shreveport</b> , 1 ° ; <b>between Shreveport</b> and the Louisiana - Texas State line , 1 ° . <b>From</b> the incline at Delta Point to Delta there is a 
  DZgrAQAAMAAJ | The War of the Rebellion | 1971 | NO_PAGES | ... <b>no</b> offensive operations west of the Mississippi be allowed to commence until matters here are settled . Send the Nineteenth Corps and such other troops as you can <b>from</b> the Depart- ment of the Gulf to me . Very respectfully
  qppMJSGTjHoC | House documents | 1892 | ALL_PAGES | ... <b>no</b> offensive operations west of the Mississippi be allowed to commence until matters here are settled . Send the Nineteenth Corps and such other troops as you can <b>from</b> the Depart- ment of the Gulf to me . Very respectfully
  zX7wHtWKPDwC | Lumber Trade Journal | 1929 | NO_PAGES | ... <b>Monroe</b> , La . - The George Breece Lumber Com- pany was host recently to ... <b>Shreveport</b> , La.-E. A. Frost . head of the Frost Lumber Industries , was ... <b>No</b>. 1 common , varied according to different species of the sa
== IC "any work has been done upon it since" total 3
  TkiTAAAAIAAJ | The Northampton County Reporter | 1889 | ALL_PAGES | ... <b>any work has been done upon it since</b> 1883. There is neither aver- ment nor proof that plaintiff is about to resume work on the road and whether the road will ever be completed is highly problemat- ical . The work already done con
  oQAOAQAAMAAJ | The Northampton County Reporter | 1889 | ALL_PAGES | ... <b>any work has been done upon it since</b> 1883. There is neither aver- ment nor proof that plaintiff is about to resume work on the road and whether the road will ever be completed is highly problemat- ical . The work already done con
  NZ5KAQAAMAAJ | Records and Briefs in Cases Decided by the Supreme Court of  | 1906 | NO_PAGES | ... road has been traveled since 1881 ? A. Why , it has ever since there was any roads traveled in fact . Q. And do you know whether <b>any work has been done upon it since</b> 1881 ? A. I do . 326 327 328 Q. A. 329 What is the fact about t
== IC "gauge of the Vicksburg and Monroe" total 338
  sU0KlzeuZM8C | Report of the Secretary of War, which Accompanied the Annual | 1886 | ALL_PAGES | ... <b>gauge</b> , said to have been placed there by Col. James Martin , engineer Texas and Saint Louis Railroad . Elevation of ... <b>Vicksburg</b> , Shreveport and Pacific Railroad bridge over Bayou Bœuf . The zero of <b>gauge</b> is the 
  38MtAAAAIAAJ | Report of the Chief Signal Officer, United States Army, to t | 1886 | ALL_PAGES | ... <b>gauge</b> , said to have been placed there by Col. James Martin , engineer Texas and Saint Louis Railroad . Elevation of ... <b>Vicksburg</b> , Shreveport and Pacific Railroad bridge over Bayou Bœuf . The zero of <b>gauge</b> is the 
  QOU9AQAAMAAJ | Annual Report of the Chief Signal Officer Made to the Secret | 1886 | ALL_PAGES | ... <b>gauge</b> , said to have been placed there by Col. James Martin , engineer Texas and Saint Louis Railroad . Elevation of ... <b>Vicksburg</b> , Shreveport and Pacific Railroad bridge over Bayou Bœuf . The zero of <b>gauge</b> is the 
  tYoEAAAAYAAJ | Annual Reports of the War Department | 1912 | ALL_PAGES | ... <b>gauge</b> , and Jacksonport , Ark . , by Surveyor Frank E. Early , from October 17 to 28 . In February , 1912 , a new ... <b>Vicksburg</b> , Miss . ( 600 ) , is now in progress . All high - water <b>gauge</b> observers from Cairo to 
  63DVM-hK4nEC | Annual Report of the Chief Signal Officer of the Army to the | 1886 | ALL_PAGES | ... <b>gauge</b> , said to have been placed there by Col. James Martin , engineer Texas ... <b>Vicksburg</b> , Shreveport and Pacific Railroad bridge over Bayou Bœuf . The ... <b>Monroe</b> , La . The river - <b>gauge</b> is painted on the 
== IC "seventy-four and a quarter miles" total 17
  onRMAAAAYAAJ | Expressman's Monthly | 1880 | ALL_PAGES | ... <b>seventy - four and a quarter miles</b> in one hour and twenty - seven minutes , while nearly fifty miles an hour is made by the special express , which runs from London to Wantham , 105 miles , in two hours and five minutes . This is
  qIAWAQAAIAAJ | Reports of Cases Determined in the Supreme Court of the Stat | 1906 | NO_PAGES | ... <b>seventy - four and a quarter miles</b> , to do the masonry work , and all things neces- sary for placing the cars , ties , and iron equipments on the track , for which McLaughlin was to pay them the sum of nine hundred thousand dolla
  X11OAAAAMAAJ | Sessional Papers | 1899 | ALL_PAGES | ... <b>seventy- four and a quarter miles</b> . About thirty miles below Revelstoke , the river debouches into Upper Arrow Lake , over a fan - like bar of wandering sand . After passing through the lake- which is about forty - three miles lo
  R0syAQAAMAAJ | Sessional Papers of the Dominion of Canada | 1899 | ALL_PAGES | ... <b>seventy- four and a quarter miles</b> . About thirty miles below Revelstoke , the river debouches into Upper Arrow Lake , over a fan - like bar of wandering sand . After passing through the lake- which is about forty - three miles lo
  BhYUAAAAYAAJ | Annual Report | 1898 | ALL_PAGES | 
== ID "21st street and Pennsylvania avenue" Buyers total 362
  tppNAQAAMAAJ | Official Congressional Directory | 1972 | ALL_PAGES | ... <b>Pennsylvania Avenue</b> : Newhouse News Service . Smith , Robert M. , 2121 P Street , Apt . 333 : New York Times ... <b>21st Street</b> : Associated Press . Stanford , Neal A. , Montersor , Leesburg , Va .: Christian Science Monitor 
  Fz1AAAAAYAAJ | The Sheltering Arms | 1868 | ALL_PAGES | ... <b>STREET</b> , Corner CROSBY . BRADY&#39;S National Photographic Galleries , 785 Broadway , cor . 10th <b>St</b>. New York , and 627 <b>Pennsylvania Avenue</b> ... <b>buyers</b> for Asylums and In- stitutions to their complete assortme
  KtA1AAAAIAAJ | Hearings, Reports and Prints of the House Committee on the D | 1977 | ALL_PAGES | ... <b>buyers</b> . Nevertheless , most key officials express optimism . As an initial step in the redevelopment of <b>Pennsylvania Avenue</b> , the Pennsyl- vania Avenue Development Corp. and the federal government ... <b>Pennsylvania Aven
  N4E5AAAAMAAJ | Buyer's Guide to the Piano, Organ and General Music Trades | 1959 | NO_PAGES | ... <b>St</b>. GIRARDSVILLE - Hubb Music Center , <b>21</b> E. Main <b>St</b>. GREENSBURG - Butz Music House , 235 W. Pittsburgh <b>St</b>. Greensburg Piano Co. , 225 S. <b>Pennsylvania Ave</b>. Moorhead Pianos , 521 W. Newton Ave. GREENVIL
  M6w-IktT_jcC | Yearbook | 1959 | NO_PAGES | ... <b>PENNSYLVANIA</b> - Continued - 333119 MEADVILLE - Continued Hendricks , Robert T ... <b>Buyers</b> , Robert A. , 1327 DeKalb <b>St</b> .. Dorian , Alan L. , 1327 DeKalb <b>St</b> ... <b>21st St</b> ... Ayella , Alfred S. , Jr. , 1213
== ID "searched for the man Buyers" total 4785
  J04UEgAAQBAJ | The Practical eBay Seller | 2026-09-29 | PARTIAL | ... <b>buyers</b> actually <b>search</b> for: color, material, size, style, year, edition, compatibility. For a vintage Pyrex bowl ... <b>men&#39;s</b> Patagonia fleece&quot; and then filters by Size: Large and Color: Gray, eBay shows only 
  a66QGUZqoMsC | New Serial Titles | 1990 | NO_PAGES | 
  6r5bAAAAMAAJ | Three Searches for Sexual Man | 1967 | NO_PAGES | ... <b>Man</b> and His Project , &quot; Sex Habits of American <b>Men</b> , ed . Albert Deutsch ( New York : Prentice - Hall , Inc ... <b>Buyers</b> , &quot; Publisher&#39;s Weekly , CLII ( December 13 , 1947 ) , 2644 . 4 &quot; Manners and
  TYqGAgAAQBAJ | Appreneur | 2013-11-09 | PARTIAL | ... <b>buying</b>. Parting. Thoughts. Of all the data responsibilities, tracking keywords is probably the most tedious. It doesn&#39;t help that Apple is notorious for changing the <b>search</b> ... <b>Search Man</b> SEO ( www.searchman.com
  E9TxmfCj9rsC | Domestic Commerce | 1936 | ALL_PAGES | ... <b>search man</b> may be asked to help in determining proper boundaries of sales areas , regional sales potentials and quotas , and economical expenditures for salesmen , advertising , ware- houses , and the like . In chain store manage
== IG "assembled at Bermuda Hundred instead of" total 253
  AzxNAAAAcAAJ | Harper's Pictorial History of the Great Rebellion | 1862 | ALL_PAGES | ... <b>Bermuda Hundred</b> , Butler , on the 7th , <b>made</b> a demonstration against the railroad from Petersburg to Richmond , and suc- ceeded in destroying a small portion of it . Had he pushed straight to Pe- tersburg that city would h
  -INRAAAAYAAJ | Acts and Joint Resolutions, Amending the Constitution, of th | 1927 | NO_PAGES | ... <b>Bermuda Hundreds</b> and as far east down the river as Jordan&#39;s Point and on the Appomattox as high up as the corporate limits of the city of Hopewell , Virginia , extend ; said lines and boundaries to be delimited and fixed rega
  xWo_AQAAMAAJ | Harper's Pictorial History of the Civil War | 1862 | ALL_PAGES | ... <b>Bermuda Hundred</b> , Butler , on the 7th , <b>made</b> a demonstration against the railroad from Petersburg to Richmond , and suc- ceeded in destroying a small portion of it . Had he pushed straight to Pe- tersburg that city would h
  COFJAQAAMAAJ | Acts and Joint Resolutions (amending the Constitution) of th | 1922 | NO_PAGES | entitled &quot; Virginia <b>Bermuda Hundred</b> Sheet &quot; ( edition of August , eigh- teen hundred and ninety - four , reprinted nineteen hundred and seven- teen ) , as lies southwest of a line beginning at the point of intersection of t
  dsY_AQAAMAAJ | Acts Passed at a General Assembly of the Commonwealth of Vir | 1922 | NO_PAGES | Virginia. entitled &quot; Virginia <b>Bermuda Hundred</b> Sheet &quot; ( edition of August , eigh- teen hundred and ninety - four , reprinted nineteen hundred and seven- teen ) , as lies southwest of a line beginning at the point of interse
== IG "cause General Rucker to be notified" total 295
  4SosAQAAMAAJ | Reports of Cases Argued and Determined in the Supreme Court  | 1890 | ALL_PAGES | ... <b>general</b> bad character , the inquiry must be lim- ited to his character at the time of the examination . ( a ) [ * 71 ] * ERROR to the Rush Circuit Court . PERKINS , J. - Josiah Gordon sued James S. <b>Rucker</b> ... <b>cause</b> 
  O4YbuUU6xwsC | Fish As Food V2 | 2012-12-02 | PARTIAL | ... <b>reported</b> in the vicinity of the Washington State Fisheries Station ( <b>Rucker</b> et al . , 1953 ) . Vibrio species were found to be responsible for these diseases . Other Vibrio may be the <b>cause</b> of widespread diseases ( 
  ezaaAPq-5Q4C | Decisions and Orders of the National Labor Relations Board | 2001 | ALL_PAGES | ... <b>General</b> Counsel argue that the questioning was coercive while counsel for Respondent asserts that any questioning ... <b>Rucker</b> , July 25 , Carthage , Missouri - On July 18 , covert salt Brown spoke with working Foreman <b>Ru
  1qTbYlAiM2EC | Judge Advocate General's Department Board of Review Holdings | None | PARTIAL | ... <b>Rucker&#39;s</b> mother believed that when an officer was promoted to major he was thereafter sent overseas . Acoused <b>told</b> ... <b>cause</b> of the condition found on the first examination , witness thought , was an hereditary 
  3dJeXIz9lVIC | Decisions and Orders of the National Labor Relations Board,  | 2003-08-12 | PARTIAL | ... <b>General</b> Counsel argue that the questioning was coercive while counsel for Respondent asserts that any questioning ... <b>Rucker</b> , July 25 , Carthage , Missouri - On July 18 , covert salt Brown spoke with working Foreman <b>Ru
== IH "Canby and not Hurlbut" total 2
  7DAAxfRuXKoC | The Papers of Ulysses S. Grant | None | PARTIAL | ... <b>Canby and not Hurlbut</b> who commands the combined departments of the Gulf &amp; Arkansas . Hurlbut is not on duty . Banks is to be relieved &amp; Reyn- olds appointed to command the department . The order will be issued tomor- row 
  mD4fAQAAMAAJ | The Papers of Ulysses S. Grant: January 1-May 31, 1864 | 1967 | NO_PAGES | ... <b>Canby and not Hurlbut</b> who commands the combined departments of the Gulf &amp; Arkansas . Hurlbut is not on duty . Banks is to be relieved &amp; Reyn- olds appointed to command the department . The order will be issued tomor- row 
