papersofulyssess0010gran | "leaves Alexandria this morning" | 1
    George G. Meade. “Burnsides Command {{{leaves Alexandria this morning}}} to take position between Bull Run and
papersofulyssess0010gran | "reach Fairfax" | 1
    telegraphed to USG. “The columns in motion will {{{reach Fairfax}}} tonight Several regiments not reported; will
papersofulyssess0010gran | Fairfax Burnside column | 0
papersofulyssess0010gran | "requisite ammunition" | 1
    orders for them to follow up. We have the {{{requisite ammunition}}} and supplies with the column” Telegram received
papersofulyssess0010gran | "in motion"  Burnside Fairfax | 1
    2:00 p.m., {{{Burnside}}}, Alexandria, telegraphed to USG. “The columns {{{in motion}}} will reach {{{Fairfax}}} tonight Several
    Ambrose E. {{{Burnside}}} In field, Culpepper C. H. Va., April 5st 1864. Mas. Gen. E. A. {{{BurNSIDE}}} com’p’c, 9TH
    Maj. Gen. Ambrose E. {{{Burnside}}} Culpepper C H April 8th 1864 8. P M Mas. GEN {{{BuRNSIDE}}} WASHINGTON. Artillery
    Washington even if it is transferred to Gen {{{Burnside}}}—{{{Burnside}}} will not require transports to move his command”
papersofulyssess0010gran | "start south" | 0
papersofulyssess0012gran | paymasters escort Martinsburg | 1
    here my {{{escort}}} company to go from there with them and will send instructions by them. The {{{escort}}} knows
    is now required to {{{escort}}} the wagon trains which supply Sheridan from {{{Martinsburg}}} and Harper’s Ferry
    Culpepper. There has been no advance toward {{{Martinsburg}}}—I destroyed all the wheat, Hay & Provisions south
    have made no attempt to pass down the valley to {{{Martinsburg}}} which I hold with a small force of cav. If they
papersofulyssess0012gran | Brice paymaster | 0
papersofulyssess0012gran | "Nineteenth Corps" paymasters | 1
    the night to this point with the sixth and {{{nineteenth Corps}}} and have stopped here to rest the men and
    before Sheridan could get his fitth sixth and {{{nineteenth corps}}} there say in three days. With a rapid accumulation
    orders for water transportation of Sixth and {{{Nineteenth Corps}}} from Alexandria to City Point, and make such
    West Vir- ginia—thus leaving the Sixth and {{{Nineteenth Corps}}} disposable for operations elsewhere. A movement
papersofulyssess0013gran | Brice paymaster | 0
papersofulyssess0013gran | "Relay House" | 0
papersofulyssess0013gran | paymasters "Sixth Corps" | 0
papersofulyssess0013gran | paymasters "City Point" unpaid | 0
be-api requests 13
