N2-JA	LCS 25	print 26 (0.96)	decoded 37 (0.68)
   print-only: authorizing
   decoded-only: washington february twenty lieutenant general grant authorrising halleck major general halleck cold
N2-JB	LCS 43	print 125 (0.34)	decoded 65 (0.66)
   print-only: desire major generai rank major generals thir teenth railroad farther abandoned roads mississippi river shops now pressed locomotives rolling stock sup ply sherman congress orders building tennessee now contemplated absorb iron purchased build put operation entire shreveport cost less four thousand zero require four five months time many things risen fifty cent last two months still rising difficult enough skilled railroad mechanics repairs consider matters well also how far water transportation washita niay made
   decoded-only: eleven canby ed vicksburg brigadier campbell being command lookout valley pause ditto sent thirteen ditto further abandon ed
N2-JC	LCS 76	print 95 (0.80)	decoded 101 (0.75)
   print-only: lieutenant yourself immediately preparations eral river river gun boats river long arkan sas dispatch
   decoded-only: washington banks alexandria self imm prepar hill fdk fdk gunboat belong fdk arkansas mclamores cove fdk halleck chief station hurry major banks without delay
N2-JD	LCS 44	print 66 (0.67)	decoded 77 (0.57)
   print-only: general reports breckinridge jackson mosby guerrillas moving staunton ordered general railroad telegrams ordered inform marching ac count dispatches officers weber therefore defense
   decoded-only: grant breckenridge spears mose guerillas toby move ing stand order ed tooth rail pause order ed form march ing account mclamores cove es officer jul threaten er fore defence
N2-JE	LCS 54	print 78 (0.69)	decoded 95 (0.57)
   print-only: averell crossing daylight th instant eleven crossing williamsport ten trains averell forced hack greencastle miles toward advanced mercersburg pickets saint moving columns
   decoded-only: chambersburg july thirty major halleck averill cross ing light inst cross ing wm sport train averill ed ing fell mile towards advance ed mercers burg picket killing move ing windy couch end
N2-JF	LCS 48	print 68 (0.71)	decoded 71 (0.68)
   print-only: before defi nitely upon two tth withdrawn river until orders major hurlbut orders sixteenth exercis ing
   decoded-only: thirty april lieutenant grant fore definitely up twenty seven withdraw ed religious till order canby ed order number sixteen exercising halleck
N2-JJ	LCS 33	print 45 (0.73)	decoded 47 (0.70)
   print-only: dispatch major general staliel general collect general general general other wise val
   decoded-only: june twenty four grant mclamores cove jul harrison jul jul toby otherwise valley
N2-KD	LCS 13	print 15 (0.87)	decoded 20 (0.65)
   print-only: opinion wright
   decoded-only: nineteen lieutenant grant field right stop
N2-KE	LCS 14	print 16 (0.88)	decoded 32 (0.44)
   print-only: ironclads
   decoded-only: three captain smith senior naval officer city point iron clods fear secretary navy arbitrary end
