== "Marcia C. Day" total 309
   sim_civil-war-times_1980-02_18_10 [1980] | armies, Ulysses S. Grant. As Lincoln rested, the {{{Marcia C. Day}}} made its way up the Potomac River and docked ... The harbor at Alexandria, Virginia, where the {{{Marcia C. Day}}} disembarked the returned colonists from A’Vache ... movement. . . than may be unavoidable.’’ The {{{Marcia C. Day}}}
   civil-war-times_1980-02_18_10 [1980] | The harbor at Alexandria, Virginia, where the {{{Marcia C. Day}}} disembarked the returned colonists from A’Vache ... movement . . . than may ye unavoidable.’’ The {{{Marcia C. Day}}}, outfitted with ood and clothing enough for ... his instructions, and on March 4, 1864, the {{{Marcia C. Day}}} left
   ms079  | 1850’s he commanded the new ships Progress and {{{Marcia C. Day}}}. He owned many vessels including the brig Sterling ... John Howard was often identified with the ship {{{Marcia C. Day}}}. He married Eunice Mara Schoff of Portsmouth
   ms079_202001  | 1850’s he commanded the new ships Progress and {{{Marcia C. Day}}}. He owned many vessels including the brig Sterling ... John Howard was often identified with the ship {{{Marcia C. Day}}}. He married Eunice Mara Schoff of Portsmouth
   johnshawbillings00lyde [1924] | ceived orders  to  report  on  board  the  ship  {{{Marcia  C. Day}}},  at  anchor  in  the  harbor.  Once  on  board ... Secretary  of  the  Interior,  Billings  and  the {{{Marcia  C.  Day}}}  were  sent  to  bring  them  back.  They sailed ... 1861,  18. Manchester  Medical  Library,  43. {{{Marc
   shippingdaysofol00rice [1938] | and  oil  paintings  of  ships  Lion  and  {{{Marcia  C. Day}}},  was  destroyed  by  fire  years  ago. Two ... commanded  the  new  ships  Progress  and  {{{Marcia  C.  Day}}}.  Jonathan  owned shaies  in  a  number  of ... In  1872  Captain  Enoch  took  the  ship  {{{Marcia  C.  Day}}},  late  Ca
   johnshawbillings0000harr [1924] | re- ceived orders to report on board the ship {{{Marcia C. Day}}}, at anchor in the harbor. Once on board he found ... Secretary of the Interior, Billings and the {{{Marcia C. Day}}} were sent to bring them back. They sailed from ... URSWAS 18613 18: Manchester Medical Library, 43. {{{Marcia C. Day}
   sim_nlm-newsline_1946-01_1_3 [1946] | years of age. On March 20, 1864, the vessel {{{Marcia C. Day}}} reached Alexan- dria, Virginia, with 397 survivors
   101582881.nlm.nih.gov [1965] | Shaw.     On  board  U.S.  Transport  Ship  {{{Marcia  C.  Day}}}, March  20,  186U. Letter  to  Captain  E.
   ifyoupleasepresi00robi [1995] | ever  understand  people? ^    122 On  this  {{{Marcia  C.  Day}}}  government-chartered  ship they  fed  us  ... Maryland,  on  the  "gov- ernment chartered  {{{Marcia  C.  Day}}}."  The  Washington  Chroni- cle reported  the
   ifyoupleasepresi0000unse [1995] | Would I ever understand people? 23 122 On this {{{Marcia C. Day}}} government-chartered ship they fed us well. ... Annapolis, Maryland, on the “gov- ernment chartered {{{Marcia C. Day}}}.” The Washington Chroni- cle reported the great
   pbc.gda.pl.Nr_122_2  | S $ d = Aeolus Lübben r BT jAmechazurra a 3 {{{Marcia C. Day}}} SC e 190) - Cla - 24| - wolt Klockgeter "d'et
   pbc.gda.pl.Nr_122_2_88006  | S $ d = Aeolus Lübben r BT jAmechazurra a 3 {{{Marcia C. Day}}} SC e 190) - Cla - 24| - wolt Klockgeter "d'et
   0074725.nlm.nih.gov [1965] | Shaw.     On  board  U.S.  Transport  Ship  {{{Marcia  C.  Day}}}, March  20,  lS6k. Letter  to  Captain  E.
   lincoln-herald_spring-winter-1970_72_index  | Mann, Horace, 175 | March to the Sea, 25 | {{{Marcia C. Day}}}, transport, 74 ; “Margaret A. Flint Receives
== "Maria C. Day" total 38
   manualoffirstcon00firs_9 [1881] | Nesbit, 7. Margaret Buck, r. Frederick Day, r. {{{Maria C. Day}}}, 7. . Charles W. Moree, r. 1874. 1876. 1877 ... Crooks, F. Albertine Davenport, Hannah Dunham, {{{Maria C. Day}}}, Josephine A. Dennis, Julia Kames, Maria Eames
   per_the-pittsburgh-post_the-pittsburgh-post_1864-03-24_1 [1864] | States. Accord ingly, on Saturday last theship {{{Maria C. Day}}}, arrived from the Isle of A-Vache, at Alexandria
   sim_icis-chemical-business_1883-10-31_24_18 [1883] | Minnie Swift, ‘Liverpool, Oct 19. 7,000 Am sp {{{Maria C Day}}}, Rougn, 48 124,Oct 1 ii; Nor, bk Glituer, U Kingdom ... akencas, 4600050050002 Reese nk pa ~y Am, sp {{{Maria C Day}}}, Rouen, 4s 124, Oct et aoe Gert bk by Gebantion
   waquincy1995polkdirectory [1995] | Simplot  h621  H  Street  SE.. 787-8904 Lopez  {{{Maria  C  day}}}  care  provider  h211  J  Street  SW   787-4285
   sim_new-york-times_new-york-daily-times_1857-05-20_6_1768 [1857] | sbout the deck ; had apparently been 0, Ship {{{Maria C. Day}}}, (of Damariscotta,) Chase, Liverpool ant 14
   sim_new-york-times_the-new-york-times_1882-12-20_32_9762 [1882] | (Ffr.,) d’Hauton, Havre, Louis de Bebian. Ships {{{Maria C. Day}}}, Ames, London, Wm. E. Barnes; Fiery Cross, (Br
   sim_new-york-times_the-new-york-times_1859-08-15_8_2465 [1859] | fort ligh tha steamer, passengers to F. Ship {{{Maria C. Day}}}, Chase. Cardiff 42 ds., w (th petiveodt iron
   sim_new-york-times_1882-12-20_31_9762 [1882] | (fr.,) d’Hauton, Havre, Louis de Bebian. Ships {{{Maria C. Day}}}, Ames, London, Wm. E. Barnes; Fiery Cross, (Br
   sim_new-york-times_the-new-york-times_1875-03-26_24_7340 [1875] | 24, of Bright’s disease of the kidneys, Mrs. {{{Maria C. Day}}}, widow of the late Matts. W. Duy, in the 71st
   per_times_the-times_1861-07-08_23979 [1861] | Hamburg, from Calais—the nn Sem Cronstadt— the {{{Maria C. Day}}}, from New York—the Richard ‘wins, from Grenada
   williambarstowfa00rada [1966] | in  Damariscot ta ,   Maine,  May  8,  1834, {{{Maria  C.  Day}}},  born  there  Aug  31,  1829,  and  baptized
   sim_icis-chemical-business_1883-10-24_24_17 [1883] | the drilling ; Howe 5 agitated the | Aim sp {{{Maria C Day}}}, Rouen, 48 12d, Oct a ane market somewhat by
   per_times_the-times_1879-07-30_29633 [1879] | Hull— Rossland Castile, st., from Newcastie— {{{Maria C. Day}}}, trom Bristol. San Francisco, July 23, -Giroy
   per_times_the-times_1894-01-29_34173 [1894] | Catherine Lewis as MATINEE, SATURDA Mr. ows as {{{Maria, &c DAY}}} NEXT, at 2. ——- -- —— Matinées of TWELFTH NIGHT
   historyofancient00cush [1882] |   Jose})h  G.  Shipmaster;  b. 1824;  in.  {{{Maria  C.  Day}}}  of  Dam.;  r.  in  Dam;  has  3  chil:  I
== "Edwin L. Brady" total 159
   per_scotus_1882_102 [1882] | ATLANTIC WORKS, APPELLANT, v8. {{{EDWIN L. BRADY}}}. No. 102. {{{EDWIN L. BRADY}}}, APPELLANT, VS. THE ATLANTIC WORKS ...  ll ; i {{{EDWIN L. BRADY}}}. No. 101. THE ATLANTIC WORKS, APPELLANT, VS. No. 102. {{{EDWIN L. BRADY}}}, APPELLANT ... ATLANTIC WORKS VS. {{{EDWIN L. BRADY}}}. 316 Know all men b
   messageof7368presideunit [1863] | 594  30 H.  V.  B.  Barker    4,  403  50 {{{Edwin  L.  Brady}}}    6, 688  80 H.  D.  Stover    4,248  50 ... 843  00 H.  V.  B.  Barker    $6, 1.39  00 {{{Edwin  L.  Brady}}}    4,  588  00 William  A.  Wheeler    5, ... coal : H.  V.  B.  Barker    48,  942  50 {{{Edwin  L.  Brady}}}    *  40,  0
   messageofpreside7336unit [1864] |  250  00 William  H.  Weed    3,  900  00 {{{Edwin  L.  Brady}}}    5,  700  00 Lockwood  &  Collins    6, ... 339  25 Smith  Bros.  &  Co    *1,  209  96 {{{Edwin  L.  Brady}}}    4,883  50 Lockwood  &  Collins    1,  602 ... , George  Adams   Smith  Bro's  &  Co.... {{{Edwin  L.  Brady}}}   Lockwo
   virginiusaffair0000unse  | American papers. He read a letter from Cap- tain {{{Edwin L. Brady}}} who had been approached by the Cu- bans some ... Neptune, 36 (April, 1976): 88-100. 29. Captain {{{Edwin L. Brady}}} to Fish, Nov. 15, 1873, Miscellaneous Letters ... Fish diary, Nov. 18. 8. Fish diary, Nov. 18; {{{Edwin L. Brady}
   sim_railway-locomotives-and-cars_1864-01-23_37_1449 [1864] | William street, the office of the President, {{{Edwin L. Brady}}}, the very best descriptions of sperm, lard ... street. iImd21, NEW BEDFORD SPERM OIL COMPANY, {{{EDWIN L. BRADY}}}, President, 49 WILLIAM STREET, - NEW YORK.
   sim_writer_1916-03_28_3 [1916] | Stamford, Connec- ticut. Her father, Captain {{{Edwin L. Brady}}}, U. S. N., died when she was a child. Her grandfather
   11037360bsb  | Smith Bros, & Co.. *1,209 96 | {{{Edwin L. Brady}}}.... 500 00 {{{Edwin L. Brady}}}. 4,883 50 | Lockwood & Collins ... SECRETARY OF THE NAVY. {{{Edwin L. Brady}}}. John J. Bingham Felix Campbell .. {{{Edwin L. Brady}}} 0 veceueescenw 15 ... 00 | Freeman Orne . 825 00 ) {{{Edwin L. Brady}}}... 2,590 
   sim_united-states-supreme-court-cases-adjudged_1882_107_index [1882] | reflector. Jd. 4. Letters-patent granted to {{{Edwin L. Brady}}}, Dec. 17, 1867, for an im- proved dredge-boat
   greensconnectic00unkngoog ['1885'] | 21. John A. Peck, Alvin Weed, Robert Grossc {{{Edwin L. Brady}}}, Francis J. Rogers, Andrew Schleewe^r, Wr B ... Francis J. Rogers, 1886; Robert Swartwout, {{{Edwin L. Brady}}}, Nathaniel R. Hart, 1887. Reg. of Voters, Charles
   sim_central-law-journal_1883-04-20_16 [1883] | WANT OF NOVELTY. Letters patent granted to {{{Edwin L. Brady}}}, Decem- ber 17, 1867, for an improved dredge-boat
   sim_american-machinist_1881-11-05_4_45 [1881] | Power Company of the United States, New York; {{{Edwin L. Brady}}}, Wm. C. Jones and Geo. R. Crawford, Capital
   sim_factory_1885-10-24_7_8 [1885] | Apparatusfor utilizing the current force of water; {{{Edwin L. Brady}}}, Stamford, Conn., as~ signor to the River and
   sim_railway-locomotives-and-cars_1883-02-03_56_5 [1883] | 027. Smoke-Consuming Furnace for Locomotives: {{{Edwin L. Brady}}}, New York, 271,034. Sanding Device for Locomotive:
   ScientificAmerican1877v036n01  | States Circuit Court—District of Massachusetts. {{{EDWIN L. BRADY}}} U8. THE ATLANTIC WORKS. (in Equity.—Before
   sim_railway-age_1871-09-23_3 [1871] | Wilcox, Brooklyn; Henry Randall, New York City; {{{Edwin L. Brady}}}, Jersey City ; J. W. Lamson, Brooklyn—each
== "H. D. Stover" total 575
   messageof7368presideunit [1863] | 441  25 Spaulding  &  Pan'ott    4, 604  00 {{{H.  D.  Stover}}}    5,  046  25 Matthias  Ellis    *  4, 127 ... 388  00 Spaulding  &  Parrott    3,  650  00 {{{H.  D.  Stover}}}    4,  062  00 George  Adams    3,  380  00 ... 240  00 Oakman  &  Eldridge    1 ,  600  00 {{{H.  D.  Stover}}}    2,  0
   insenateofunited00unit_12  | the  several  navy  yards,  all  made  with  {{{H.  D.  Stover}}},  of  New  York.  At  the Kittery  navy  yard ... present  and  freely  examined  them  all.  Mr. {{{H.  D.  Stover}}}  was  not  present  at  this  opening,  but ... $9,966  55 ;  Freeman  Orne,  $6,619  50  ; {{{H.  D.  Stover}}},  
   sim_new-york-times_the-new-york-times_1865-05-27_14_4266 [1865] | which the creditor defrauded. Y Evidence of {{{H. D. Stover}}}, Mr. Brown, | “ler or copartner, if you will ... rested entirely upon the tes- timony of Mr. {{{H. D. Stover}}}, a prominent machinist and naval contractor ... Decision on Appeal—Collision CONTINUED TESTIMONY OF {{{H. D. STOVER}}}. house
   housedocumentso00unkngoog [1863] |  No.  23,  belting,  packing,  and  hose : {{{H.  D.  Stover}}}    2, 3S3  « John  H.Bule7    3,06!  M John ...  No.  24,  sperm  and  lubricating  oils : {{{H.  D,  Stover}}}    *1,  UO  H A.  Q.  Wendell    1, 682  DO ...    3, 285  W Joha  R.  Elvans    2. 970  W {{{H.  D.  Stover}}}   .*    3, 1
   sim_new-york-times_the-new-york-times_1865-05-26_14_4265 [1865] | by Delegates from Correspond- Treasury ; and {{{H. D. Stover}}}. — ater the good check on tha Ane. 2 Requisition ... amined ; I open requisition — have | 1968, 263, {{{H. D. Stover}}}, 522.287,80; reading from the The Moderator ... Total a Dongan, 1. * 3 9 0 Aug. 31, 1863, signed {{{H. D. Stover}}}.
   sim_scientific-american_1876-04-29_34_18 [1876] | Diamond-cutting machine, {{{H. D. Stover}}}.......... 175,390 Diamonds,etc., polishing, {{{H. D. Stover}}}.......... 175,282 ... Bent, St. Louis, Mo. Dramonpd-CuTTrné MacuIne.—{{{H. D. Stover}}}, New York city. Drxine Fasrics, rtc.—J. Harley
   the-sailors-magazine-and-seamens-friend_1878-11_50_11 [1878] | last. Fortunately, it was taken out of the bark {{{H, D. Stover}}}, a day or two be- fore she stranded on the Natal ... s.¢. from Philadelphia for An- twerp. BARKS. {{{H. D. Stover}}}, w. from New York, at Port Natal. Helios, s
   scientific-american-1876-04-29 [1876] | Diamond-cutting machine, {{{H. D. Stover}}}  175,390 Diamonds,etc..polishing, {{{H. D. Stover}}}  175,262 Ditching machine ... Bent, St. Louis, Mo. Diamond-Cutting Machine.—{{{H. D. Stover}}}, New York city. Dyeing Fabbics, etc.—J. Harley
   ScientificAmerican1876v034n18  | Diamond-cutting machine, {{{H. D. Stover}}}... «e. 175,390 Diamonds,etc., polishing, {{{H. D. Stover}}}.......... 175,262 ... St. Louis, Mo. ‘s D1IaMOND-CUTTING MAOHINE.—{{{H. D. Stover}}}, New York city. DYEING FaBRIcs, ETC .—J. Harley
   sim_magazine-of-standards_1966-04_37_4 [1966] | Systems; K. S. Brown, Procter & Gamble Com- pany; {{{H. D. Stover}}}, Timken Roller Bear- ing Company; V. G. Iannacchione ... tne reception preceding the Awards Luncheon: {{{H. D. Stover}}}, Timken Roller Bearing Company, and P. R. Jones
   sim_magazine-of-standards_1965-05_36_5 [1965] | Company; Robert C. Mai, Babcock and Wilcox Company; {{{H. D. Stover}}}, Timken Roller Bearing Com- pany A Company Member ... Members: C. H. Beiger; Vincent Iannac- chione; {{{H. D. Stover}}} Standard for Aluminum Nails Available REQUIREMENTS
   11037315bsb [1863] | 50 Class No. 24, sperm and lubricating oils : {{{H. D. Stover}}}. . *1, 450 00 _ A. Q. Wendell... " 1, 682 00 ... . 10 per foot. To be delivered as required. {{{H. D. Stover}}}. Dare or contract, Ocroser 9, 1862. Class No ... 12 per bushel. To be delivered as required. {{{H. D. Stover}}}. Dare or co
   sim_journal-of-the-franklin-institute_1860-11_40_5 [1860] | Head,—Picture —— Piate-feeders, gs. K. Landes, {{{H. D. Stover}}}, B. W. Bruel, . J. B. Sargent, ° Wm. Riley, ... Cutter-head for rotary W m. Blake, ° T. 8S. Truss, {{{H. D. Stover}}}, ° Theodore Christian, City of Southampton,
   sim_scientific-american_1862-05-17_6_20 [1862] | with friction clutches, as described. 35,129.—{{{H. D. Stover}}} of New York City, and W. W. W. Wood, of Philadelphia ... Philadelphia, Pa., assignor to said {{{H. D. Stover}}}, for Improved Shutters for the Portholes of Vessels, &c
   sim_new-york-times_the-new-york-times_1865-07-08_14_4301  | a mortgage in connection with Mr. Faxon from {{{H. D. Stover}}} & Co., he and I assuming to be the only members ... their having no connection with the firm of {{{H. D. Stover}}} & Co., and as to your having used their names ... partners, printed the cards and circulars of {{{H. D. Stover}}} & Co.; 
== "Stover" "Olcott" "Fort Lafayette" total 1063
   diaryofgideonwelv1well [1911] | approve  the  proceedings,  and  send  {{{Stover}}}  to {{{Fort  Lafayette}}}  instead  of  a  penitentiary.  Captain ... who  yes- terday proposed  visiting  {{{Stover}}}  in  {{{Fort  Lafayette}}}  and  get- ting from  him  a  confession ... the  par- ticulars of  conveying  {{{Stover}}}  after  a
   diaryofgideonwel01well_0 [1911] | and send {{{Stover}}} to {{{Fort Lafayette}}} instead of a penitentiary. Captain Lati- mer writes that {{{Stover}}} has left ... Colonel {{{Olcott}}}, and Baker, the detective. To-day Colonel {{{Olcott}}} telegraphs me that he visited {{{Stover}}} at Fort ... Sedgwick, who yes- terday proposed visit
   diarygideonwell01wellgoog [1911] | approve  the  proceedings,  and  send  {{{Stover}}}  to {{{Fort  Lafayette}}}  instead  of  a  penitentiary.  Captain ... who  yes- terday proposed  visiting  {{{Stover}}}  in  {{{Fort  Lafayette}}}  and  get- ting from  him  a  confession ... the  par- ticulars of  conveying  {{{Stover}}}  after  a
   diaryofgideonwel004230mbp [1911] | approve  the  proceedings,  and  send  {{{Stover}}}  to {{{Fort  Lafayette}}}  instead  of  a  penitentiary.  Captain ... who  yes- terday proposed  visiting  {{{Stover}}}  in  {{{Fort  Lafayette}}}  ami  get- ting from  him  a  confession ... the  par- ticulars of  conveying  {{{Stover}}}  after  a
   diaryofgideonwel00well [1911] | approve  the  proceedings,  and  send  {{{Stover}}}  to {{{Fort  Lafayette}}}  instead  of  a  penitentiary.  Captain ... who  yes- terday proposed  visiting  {{{Stover}}}  in  {{{Fort  Lafayette}}}  and  get- ting from  him  a  confession ... the  par- ticulars of  conveying  {{{Stover}}}  after  a
   diaryofgideonwel01well [1911] | approve  the  proceedings,  and  send  {{{Stover}}}  to {{{Fort  Lafayette}}}  instead  of  a  penitentiary.  Captain ... who  yes- terday proposed  visiting  {{{Stover}}}  in  {{{Fort  Lafayette}}}  and  get- ting from  him  a  confession ... the  par- ticulars of  conveying  {{{Stover}}}  after  a
   diaryofgideonwel0011john [1911] | and send {{{Stover}}} to {{{Fort Lafayette}}} instead of a penitentiary. Captain Lati- mer writes that {{{Stover}}} has left ... Colonel {{{Olcott}}}, and Baker, the detective. To-day Colonel {{{Olcott}}} telegraphs me that he visited {{{Stover}}} at Fort ... Sedgwick, who yes- terday proposed visit
   diaryofgideonwel0001gide [2009] | and send {{{Stover}}} to {{{Fort Lafayette}}} instead of a penitentiary. Captain Lati- mer writes that {{{Stover}}} has left ... Colonel {{{Olcott}}}, and Baker, the detective. To-day Colonel {{{Olcott}}} telegraphs me that he visited {{{Stover}}} at Fort ... Sedgwick, who yes- terday proposed visit
   bwb_C0-CBY-151 [1911] | and send {{{Stover}}} to {{{Fort Lafayette}}} instead of a penitentiary. Captain Lati- mer writes that {{{Stover}}} has left ... Colonel {{{Olcott}}}, and Baker, the detective. To-day Colonel {{{Olcott}}} telegraphs me that he visited {{{Stover}}} at Fort ... Sedgwick, who yes- terday proposed visit
   bwb_S0-CBR-425_1 [1960] | and send {{{Stover}}} to {{{Fort Lafayette}}} instead of a penitentiary. Captain Lati- mer writes that {{{Stover}}} has left ... detective. To-day Colonel {{{Olcott}}} telegraphs me that he visited {{{Stover}}} at {{{Fort Lafayette}}}, and found Sedgwick ... Sedgwicky who yes- terday proposed visiti
   diaryofgideonwel01welluoft  | approve  the  proceedings,  and  send  {{{Stover}}}  to {{{Fort  Lafayette}}}  instead  of  a  penitentiary.  Captain ... who  yes- terday proposed  visiting  {{{Stover}}}  in  {{{Fort  Lafayette}}}  and  get- ting from  him  a  confession ... the  par- ticulars of  conveying  {{{Stover}}}  after  a
   diaryofgideonwel0001unse_l7g0 [1911] | and send {{{Stover}}} to {{{Fort Lafayette}}} instead of a penitentiary. Captain Lati- mer writes that {{{Stover}}} has left ... Colonel {{{Olcott}}}, and Baker, the detective. To-day Colonel {{{Olcott}}} telegraphs me that he visited {{{Stover}}} at Fort ... Sedgwick, who yes- terday proposed visit
   acr4205.0001.001.umich.edu [1911] | approve  the  proceedings,  and  send  {{{Stover}}}  to {{{Fort  Lafayette}}}  instead  of  a  penitentiary.  Captain ... who  yes- terday proposed  visiting  {{{Stover}}}  in  {{{Fort  Lafayette}}}  and  get- ting from  him  a  confession ... the  par- ticulars of  conveying  {{{Stover}}}  after  a
   diaryofgideonwel0000well [1911] | approve  the  proceedings,  and  send  {{{Stover}}}  to {{{Fort  Lafayette}}}  instead  of  a  penitentiary.  Captain ... who  yes¬ terday  proposed  visiting  {{{Stover}}}  in  {{{Fort  Lafayette}}}  and  get¬ ting  from  him  a  confession ... the  par¬ ticulars  of  conveying  {{{Stover}}}  after
   diarygideonwell09wellgoog [1911] | approve  the  proceedings,  and  send  {{{Stover}}}  to {{{Fort  Lafayette}}}  instead  of  a  penitentiary.  Captain ... who  yes- terday proposed  visiting  {{{Stover}}}  in  {{{Fort  Lafayette}}}  and  get- ting from  him  a  confession ... the  par- ticulars of  conveying  {{{Stover}}}  after  a
== "special expedition may be known" total 0
== "Brady connected with a Navy" total 0
== "no permits will be issued until" total 75
   scopingdetermina89bost [1989] | TRAFFIC  MAINTENANCE  APPROVAL  FORM.  {{{No  permits  will  be  issued  until}}}  Al  build- ing and  transportation ...  a  Street  Occupancy  Permit.  {{{No  permits will  be  issued  until}}}  all  building  and  transportation
   sim_air-water-pollution-report_1987-12-14_25_49 [1987] | " the official added, noting that {{{no permits will be issued until}}} the alternative elimination methods
   per_papers-of-the-naacp_group-i-series-c-administrative-file-hoover-dam_march-november-1931 [1931] | may be filed until June 30, 1931, {{{no permits will be issued until}}} after that time. Upon approval of an
   sim_crushed-stone-journal_august-october-1940_15_4 [1940] | such industry will be em- bargoed and {{{no permits will be issued until}}} it can demonstrate that the traffic
   environment-reporter_1972-04-07_2_49 [1972] | Beach, director of reclamation, said {{{no permits will be issued until}}} applications have been held long enough
   per_alexandria-gazette-packet_alexandria-gazette_1894-09-05_95_212 [1894] | that they may be properly organized, {{{no permits will be issued until}}} Monday the 17th. After that date and
   micro_IA40386018_1424 [1999] | development rights, it is likely that {{{no permits will be issued until}}} the outstanding conditions of approval
   federal-register-1940-11-21 [1940] | submitted for each structure proposed. (3) {{{No permits will be issued until}}} after the regulations of the United
   per_china-monthly-review_the-china-weekly-review_1927-03-05_40_1 [1927] | Chinese authorities for permits; that {{{no permits will be issued until}}} the applicant has been investigated
   annualreportstra00stra_98  | by the State. Please remember that {{{no Permits will be issued until}}} the Building Department has had an
   cgl_001724 [1922] | during the week before the term opens. {{{No permits will be issued until}}} the second day of the school term,
   sim_federal-register-find_1940-11-21_5_227 [1940] |  each  structure proposed. (3)  {{{No  permits  will  be  issued  until}}} after  the  regulations  of  the
   sim_journal-of-forestry_1972-11_70_11 [1972] | the proposed Trans-Alaska pipeline. {{{No permits will be issued until}}} pending litiga- tion is settled, and
   cgl_004595 [1922] | be¬ fore the term opens. However, {{{no permits will be issued until}}} tlie sec¬ ond day of the school term
   bayguardian44brug_42 [2010] | its myriad regulatory details and {{{no permits will be issued until}}} January. She also agreed that “it’s
== FV-O9a be-api diaryofgideonwel01well_0 Brady total 0
== FV-O9a be-api diaryofgideonwel01well_0 Stover total 1
    and send {{{Stover}}} to Fort Lafayette instead of a penitentiary. Captain Lati- mer writes that {{{Stover}}} has left ... related the par- ticulars of conveying {{{Stover}}} after arrest. Says {{{Stover}}} is alarmed and ready to make disclosures; ... Commerce and intercourse will help. The trial of {{{Stover}}}, a contractor, by court martial at Philadelphia ... questionable character. Likely it will be tested, for {{{Stover}}} has money, obtained by fraudulent means from the ... have their mouths closed for a time on that topic. {{{Stover}}}, the contractor, came to-day to the Department
== FV-O9a be-api diaryofgideonwel01well_0 Olcott total 1
    permit, however, to Colonel {{{Olcott}}}, and Baker, the detective. To-day Colonel {{{Olcott}}} telegraphs me that he visited ... matter entirely to {{{Olcott}}}, who is expected here to- morrow. March 12, Saturday. {{{Olcott}}} has arrived and been ... has special charge of the matter, had, word from {{{Olcott}}}, the employé of the War 1864) NEWS OF ULRIC DAHLGREN’S ... consult legal gentlemen at the War Department, {{{Olcott}}} being a detective assigned by the Secretary of ... other officials, are represented to be astounding. {{{Olcott}}}, the detective, is an employé of the War Depart-
== FV-O9a be-api diaryofgideonwel01well_0 Savage total 1
    tives, but they will not succeed. Undoubtedly the {{{savage}}} wretches have been guilty of great atrocities, ... found evidence of enormous frauds by Scofield, {{{Savage}}}, and Raymond, and wanted the whole of them arrested
== "Van Vliet" "Marcia C. Day" total 15
   assaultlogistics0000gibs [1995] | In compliance with that order, Colonel Stewart {{{Van Vliet}}}, Chief Quartermaster of the Army of the Potomac ... was at the time the deputy to Colonel Stewart {{{Van Vliet}}}, who was Chief Quartermaster for Operations in ... During the height of the campaign, he reported to {{{Van Vliet}}} that t
   sim_new-york-times_the-new-york-times_1864-03-21_13_3897 [1864] | country without delay. Accordingly the ship {{{Marcia C. Day}}} was sent to the Isie of Avache during the month ... rate ofehor'er, Xe wili be requi: ed. STEWART {{{VAN VLIET}}}, Major and ()uartermaster. HE ST. MARYS CANAL
   per_the-press_the-press_1863-09-11_1 [1863] | Shipley,let Lieut. Co. E, 105th Pa. Vols. Geo. {{{Van Vliet}}}, letLieut: Co. H, 105thPa. Vole. John A. Danko- ... York, with mdse to WP Clyde. - BELOW. Ehip {{{Marcia C,,Day}}}, tram Liyerltal, Off Brandywine Licht .9th inst
   sim_new-york-times_1886-12-03_36_11000  | forgotten where he really was to go. But old Gen. {{{Van Vliet}}} hurried by just then, and Gen, Sherman philosophically ... Dungeness; Hespe- ria, Dungeness; Lilian, Dover; {{{Marcia C. Day}}}, Isle of Wight; Otto Antonie, Beachy Head; Sabina
   sim_new-york-times_the-new-york-times_1886-12-03_36_11000 [1886] | forgotten where he really was to go. But old Gen. {{{Van Vliet}}} hurried by just then, and Gen. Sherman philosophically ... Dungeness; Hespe- ria, Dungeness; Lilian, Duver; {{{Marcia C. Day}}}, Isle of Wight; Otto Antonie, Beachy Head; Sabina
   sim_new-york-times_the-new-york-times_1881-06-07_30_9281  | Lin- accompanied by his wife. Gen. Sherman, Gen. {{{Van Vliet}}}, and Gen. Tidball will also leave to- morrow for ... for Port May 31, lat. 41 19, lon. 54 42, ship {{{Marcia C. Day}}}, from Havre, for New-York. June 4, lat. 34 30
   sim_new-york-times_1881-06-07_30_9281 [1881] |  accompanied by his wife. Gen. Sherman, Gen. {{{Van Vliet}}}, and Gen. Tidball ‘will also leave to- morrow ... Spain. May 31, lat. 41 19, lon. 54 42, ship {{{Marcia C. Day}}}, from Havre, for New-York. June 4, lat. 34 30
   NYTimes-Mar-Apr-1863 [1863] | S  Cat 1  W  M  ,  Keb25, 1."  Maj.  Stewart  {{{Van  Vliet}}},  U  S  yunrtei- master.  The  .\.hilnK8  .0 ... of  beef  cattle  to  New-Orleans." 3TEWABT  {{{VAN  VLIET}}}, ^   Major  and  Quartermaster.  B.  8.  A. Darurr ... rt^m  tr»niport  lli:noi8,  Babcock.  New-OrleaM {{{Van  Vliet}}},  U. 
   HECROS1890 [1890] | 91-6/22-1/11-I}Hoogezand 1858. J.A.Hooites 209) R {{{Marcia C. Day}}} Albreeen WS|German | 858}166-0|35-8|22-2|DamrsettaMe ... —_|1855 335)123-1/29-1|13-8]Middelburg |1869)J. {{{Van Vliet}}} 117] 89-3/22-6)10-8 Stavanger 1879)Lars Humletvedt ... Dil Alblasserdin » D |/Maasstroom I ScS1/Dutech {{{Van
   NYTimes-Nov-Dec-1863 [1863] | '* aod  be  addressed  to  ' MA  J.  STEWART  {{{VAN  VLIET}}}. Quartermaster  U,  S.  Army.  New-York. PKO^'aSALS ... Wood," and  be  addressed  to MAJ.  STEWART  {{{VAN  VLIET}}}. Quartermaster  U.  S.  Army.  New-York, ARMY ... l'n>posaJi  aiu«t  I'e  addressed  tr>  MaJ.  Stewart  {{{Van  Vliet}
   NYTimes_jul_1878 [1878] | Philadelphia ;  Lieut.  Emmet Crawford  and  Capt.  F.  {{{Van  Vliet}}},  of  the United  States  Array,  and  Lewis ... in!:t.,  "Woosunc  Capt.  Madnen  :  Rana,  {{{Marcia C.  Day}}},  Cuomo  Pnmo,  C  P.  Elwell,  Emma^  Capt
   NYTimes-Sep-Oct-1862 [1862] |  its  ternu  ha«  thia  day  eijffred.  Mr.  {{{VAN  VLIET}}} Will  eontinae  the  basjDew  at  the  same  ...   No.  ti2 iKw  Yn».     i  ''AkMICHAEf.  &  {{{VAN  VLIET}}}. ni«-l0HE,   Aug.   30,  iHliJ. li«v-f«ck  lUdlBBlAdTlMr ... Georga Pcabody, D  H.  Watkips,  Windermere,  {{{Marcia  C,  Day}}
   NYTimes-Jul-Aug-1862 [1862] | Guion.  Two  deaths  and 2  births.  , Ship  {{{Marcia  C.  Day}}},  Chase,  Liverpool  43  ds.,  with  coal to ... at  the  St.  Nicholas  Hotel. Gen.  Stewart  {{{Van  Vliet}}},  of  the  United  Stales  Vol- unteers ;  L ... at  the  St.  Nicholas  Hotel. Gen.  Stewart  {{{Van  Vliet}}}  of  the 
   NYTimes_mar_1879  |   la  at  the Everett  House. Gen.  Stewart  {{{Van  Vliet}}},  United  States  Army, is  at  the  Hoffman ... .  In ballast  to  Theodore  Ruger. Ship  {{{Marcia  C.  Day}}},  Ross.  Havre  Jan.  5.  via  Savannah March
   NYTimes-Apr-Jun-1854 [1854] | auapanded  from  pay  Ibr  two ( ays. Jakes  L.  {{{Van  Vliet}}},  Eighteenth  Patrol  Dtatrlet— /JtrMien— The ... ;  w^Hnlit  (of Rsw.Yott  ,)KichaTdaosi ;  {{{Marcia  C.  Day}}},  (ofDaaastoot. Lady .  .tM,SOS,OM .   Sl,g91
== "Van Vliet" "Vache" total 6887
   dlibra.kul.pl.27927_AL-1446-1_Les-eaux-fortes-auth [1929] | de la {{{vache}}}. B. 297A 102 X 129. Un seul état authentique, avant les tailles à droite de la {{{vache}}}. La planche ... recette, en s'associant à Jean Lievens, Gérard Dou, {{{van Vliet}}} et Jacques des Rousseaux. Le second de 1632 à ... non pas de Rembrandt, lui-même, mais de Joris {{{van Vlie
   raisonnedetoutes00gers [1797] | celle,  que  {{{van  Vliet}}}  a  gra- vée dans  ce  morceau. OEUVRE  DE  JEAN  GEORGE  {{{VAN  VLIET}}}.  77 au  haut ... DE  JEAN  GEORGE  {{{VAN  VLIET}}}. milieu  du  haut  de  la  planche.  J.  G. {{{van  Vliet}}} fec. Hauteur  :   ...   J.  G.  {{{van    Vliet}}}  fecit  1634.  Ce   morceau es
   catalogueraison02gersgoog [1797] | Mercure endormant Argus qij|i garde Je changée en^ {{{vache}}}. Mercure assis vers lagau* che joue delà Qûte ; ... atteintes du sommeil. Dans le fond à gauche "se voit la {{{vache}}} en-" tourée de quelqu<:s moutons et chèvres. Sur ... Liveni^ que par Li* vens lui même. . ' JEAN GEORGE {{{VAN VLIET}
   catalogueraison00rembgoog [1880] | Livens 56 J. G. {{{van Vliet}}} 31 J. G. {{{van Vliet}}} 59-72 J. G. {{{van Vliet}}} 73-82 J. G. {{{van Vliet}}} 32-49 J.   G. ... paysage à la {{{vache}}}. N voit à la gauche de l'estampe une hauteur, au dessus de laquelle est une «{{{vache}}}. H y a ... Rt, van Rynjnuenter. J. G. {{{van Vliet}}} f
   noticehistoriqu00stuegoog [1874] | aprës Tautre* 112. La {{{vache}}} qui ae mire. ^ Pannéau. H. 0.44. L. oU5i5. H. de la {{{vache}}} o.o6. L*avant-plan ... laitière. A cóté d'eux, une {{{vache}}} blanche,  k téte  noire,  et une {{{vache}}} jaunatre couchée. Sigiié   k ... les deux bestiaux une {{{vache}}} rousse couchée. A droite en
   cataloguedelabel00regn [1829] | sanglier;  une  {{{vache}}}  allai¬ tant  un  veau. 4  Un  chien  canard;  un  dogue;  un  loup;  une  {{{vache}}} allaitant ... Netscher,  avant  toute  lettre. 25i  Par  J.  G.  {{{van  Vliet}}}:  la  résurrection  de  Lazare  ; chantres  de ... bénédiction  d’Isaac  par  Jacob,  par  J.  G.  {{{v
   frick-31072002615740 [1820] | de Ionghe ercud. — 2. {{{Vache}}} debout.—3 {{{Vache}}} couchée.—4 {{{Vache}}} qui pâlure.— 5 {{{Vache}}} debout près d’un tronc ... autres Pièces avant les nos- 3z La {{{Vache}}} qui s'abreuve, la {{{Vache}}} qui pisse, les trois Vaches en repos ... Bergère assise : devant elle une {{{Vache}}} debo
   cabinetdestampes00roos [1879] | 3 La {{{Vache}}} qui s'abreuve B 1. ELLE 2e état. Avec l’adresse De Visscxer. Belle épreuve. | La {{{Vache}}} qui ... pièces. an gus d W. TROOSTWIJX. La {{{vache}}} couchée près de la {{{vache}}} debout. v. np. KELLEN 5. EHÉAIIN. Les ... 940 944 947 948 949 950 951 J. G. {{{VAN VLIET}}}. 83 | J. G. 
   gri_33125008259539  | 1648. . Le Paysage à la {{{vache}}} qui s’abreuve. M. Vosmae PAYS ‘ABLE DES la {{{vache}}}. 1. Deux Maisons au pignon ... rejeter telle ou telle pièce. > HUITIÈME CLASSE La {{{vache}}} est sur une hauteur à la gauche; plus loin, quelques ... peu de travaux dans le coin du bas à droite. La {{{vache}}
   catalogueduneven00unse_1 [1914] | Paysanne trayant une {{{vache}}} entourée de brebis, d’un jeune homme et d’une autre {{{vache}}} couchée. Signé à droite ... enclos en bois. Vers la gauche un homme trayant une {{{vache}}} et quatre autres vaches dont trois couchées. Signé: ... par un chemin sablonneux, poussant devant eux une {{{va
   cataloguedelacol00lamm [1871] | géographe. Portrait d'homme. Av. la lettre. D’après {{{van Vliet}}}. Sujets historiques, assemblér de conseil, 2 F ... N. B. P. OMMEGANCK. Paysane fillant, près d'une {{{vache}}}, des chèvres et moutons. E. F. Rare. D. VAN OOSTERHOUT ... D'après Potter. Deux cheveaux dans une écurie. Une {{{vache}}}
   cabinetprecieuxd00fred [1878] | 648 La {{{Vache}}} à traire. Attribué à Potter. —— B. 2. Superbe épreuve avec marges. 649 La {{{Vache}}} couchée ... épreuve, avec une petite marge. N. Berchem. 83 La {{{Vache}}} qui s’abreuve. — B,. 1. \ Superbe épreuve du premier ... pièces du maître, icien magnifique épreuve 148 Une {{{Vache}}} c
   estampesancienne00roos [1879] | pièces. N. BERGHEM. La {{{vache}}} qui s’abreuve. B 1. Avec l’adresse de VIssCHER. La {{{vache}}} qui pisse. B 2. Avant ... marge. 239 241 249 243 245 246 247 I. G. {{{VAN VLIET}}}.  J. G. {{{VAN VLIET}}}. St. Jérôme. B 14. 1r état. Avant l'adresse ... Avec l’adresse de CLEMENT DE JONGHE. 99 La tête
   coelacol00roos [1866] | large fossé,  une  {{{vache}}}  rousse  traverse  une  mare  d'eau; près  de  là,  une  {{{vache}}}  fauve  couchée ...   boerenwoning  aan  den  vaart  f  520, H.  {{{van  Vliet}}},  kerk  f  455,  P.  Wouwerman,  hait  f  288 ... raisins  Europe,  assise  sur  le  dos  de  la  {{{vache}}} blanche,
   gravuresancienne00fred [1878] | Pièces. La {{{vache}}} qui pisse. — Le taureau. — Tête de {{{vache}}}. — La {{{vache}}} de- bout auprès de la {{{vache}}} couchée ... Epreuve terminée. 741 {{{Vache}}} couchée. — Le Veau — {{{Vache}}} couchée beuglant. — {{{Vache}}} au bord de l’eau. — Suite ... 18e siècle (Rigal, pag. 28, 29.) 95 L
== "Meigs" "Marcia C. Day" total 95
   ms054  | McLeod/MacLeod McMahan Meader Means Mears Meeker {{{Meigs}}} Melcher Mellor Melville,  Herman Mendall,  Emma ... freight) Maranbo  II (ferry) Marcia (brig) {{{Marcia  C.  Day}}} (ship) Marcia  Cleaves (ship) Marcus  Hannah
   assaultlogistics0000gibs [1995] | Quartermaster General {{{Meigs}}} saw the situation. To find out for himself where problems lay, {{{Meigs}}} traveled to Savannah ... to {{{Meigs}}} that Ferry be fired rather than executing that authority himself. For some reason {{{Meigs}}} vacillated ... “% pom e | < 7/7 7 4 Major General Montgom
   rubensteinmanuscriptcatalog_Hane_to_Harv  | various merchants and commission firms chiefly Jona. {{{Meigs}}} of Savannah, Ga.; t. & R. Gwathmey of Lynchburg ...  Edward L. Quartermaster General Montgomery C. {{{Meigs}}}, under Lincoln's orders, sent Hartz on a secret ... ordered to take command of the trans- port ship {{{Marcia C. Day}}} in N
   lincolnpresident0000jame [1945] | shall I dor’’ {{{Meigs}}} suggested a council of military chiefs. Accounts differ at this point. {{{Meigs}}} stated that ...  Louis,” with the Quartermaster General, M. C. {{{Meigs}}},?* whereupon Mrs. Frémont, daughter of the il- lustrious ... President conferred with General Montgomery C. {{{Meigs
   springfieldtoget0000jgra [1945] | shall I do?” {{{Meigs}}} suggested a council of nilitary chiefs. Accounts differ at this point. {{{Meigs}}} stated that ... vols. . See Lyman, Theodore. {{{Meigs}}}, Montgomery C. “General M. C. {{{Meigs}}} on the Conduct of the Civil War ... Louis,”? with the Quartermaster General, M. C. {{{Meigs}}
   lincolnpresident0002jgra_m9l1 [1945] | I do?’”’ {{{Meigs}}} suggested a council of military chiefs. Accounts differ at this point. {{{Meigs}}} stated that ... Louis,”? with the Quartermaster General, M. C. {{{Meigs}}},** whereupon Mrs. Frémont, daughter of the il- lustrious ... President conferred with General Montgomery C. {{{Meigs}}} i
   lincolnpresident0002jgra_f3p1 [1945] | shall I do?” {{{Meigs}}} suggested a council of military chiefs. Accounts differ at this point. {{{Meigs}}} stated that ...  Louis,” with the Quartermaster General, M. C. {{{Meigs}}},” whereupon Mrs. Frémont, daughter of the il- lustrious ... President conferred with General Montgomery C. {{{Meigs}}
   in.ernet.dli.2015.53623 ['1945'] | shall I do?” {{{Meigs}}} suggested a council of military chiefs. Accounts differ at this point, {{{Meigs}}} stated that ... vols.  . See Lyman, Theodore. {{{Meigs}}}, Montgomery C. “General M. C. {{{Meigs}}} on the Conduct of the Civil War ... Louis,^- with the Quartermaster General, M. C. {{{Meigs}
   lincolnpresident0002jgra_r9b5  | shall I do?” {{{Meigs}}} suggested a council of military chiefs. Accounts differ at this point. {{{Meigs}}} stated that ... vols. . See Lyman, Theodore. {{{Meigs}}}, Montgomery C. “General M. C. {{{Meigs}}} on the Conduct of the Civil War ... Louis,?? with the Quartermaster General, M. C. {{{Meigs}}
   lincolnpresident0002jgra_h0a1 [1945] | shall I do?” {{{Meigs}}} suggested a council of military chiefs. Accounts differ at this point. {{{Meigs}}} stated that ... vols. . See Lyman, Theodore. {{{Meigs}}}, Montgomery C. “General M. C. {{{Meigs}}} on the Conduct of the Civil War ...  Louis,” with the Quartermaster General, M. C. {{{Meigs}}
   in.ernet.dli.2015.78989 [1945] | •   See  Lyman,  Theodore. {{{Meigs}}},  Montgomery  C.  “General  M.  C.  {{{Meigs}}}  on  the  Conduct  of  the ... “   with  the  Quartermaster General,  M.  C.  {{{Meigs}}},*"  whereupon  Mrs.  Frdmont,  daughter  of  the ... President  conferred with  General  Montgomery  C.  {{{Meigs}}}  in  t
   lincolnpresident0002jgra_n1o6 [1945] | shall I do?”’ {{{Meigs}}} suggested a council of military chiefs. Accounts differ at this point. {{{Meigs}}} stated that ... vols. . See Lyman, Theodore. {{{Meigs}}}, Montgomery C. “General M. C. {{{Meigs}}} on the Conduct of the Civil War ...  Louis,” with the Quartermaster General, M. C. {{{Meigs}
   lincolnpresident0002unse  | ”  {{{Meigs}}}  suggested  a  council  of military  chiefs.  Accounts  differ  at  this  point.  {{{Meigs}}}  stated ... .  See  Lyman,  Theodore. {{{Meigs}}},  Montgomery  C.  “General  M.  C.  {{{Meigs}}}  on  the  Conduct  of  the ... 22  with  the  Quartermaster General,  M.  C.  {{{Meigs}}},28 
   president0002unse [1945] | shall I do?’’ {{{Meigs}}} suggested a council of military chiefs. Accounts differ at this point. {{{Meigs}}} stated that ... vols. . See Lyman, Theodore. {{{Meigs}}}, Montgomery C. ‘‘General M. C. {{{Meigs}}} on the Conduct of the Civil War ...  Louis,” with the Quartermaster General, M. C. {{{Meigs
   lincolnpresident0002jgra [1945] | shall I do?” {{{Meigs}}} suggested a council of military chiefs. Accounts differ at this point. {{{Meigs}}} stated that ... vols. . See Lyman, Theodore. {{{Meigs}}}, Montgomery C. “General M. C. {{{Meigs}}} on the Conduct of the Civil War ...  Louis,” with the Quartermaster General, M. C. {{{Meigs}}
== "Olcott" "Brady" "Fort Lafayette" total 2276
   algernonsydneysu0000unse  | present in Fort Warren and {{{Fort Lafayette}}}. When I left some of them in {{{Fort Lafayette}}}, a year ago, they again ... Herald, 325, 330 Boston Journal, 304 {{{Brady}}}, James T., 42, {{{Brady}}}, Judge John R., 179, 308, 319 Brick Presbyterian ... at the age of eerie three . (WET, Dat a, RPL 
   hudsonriverguide0000adam [1996] | Point  upon  {{{Fort  Lafayette}}}  on  Verplanck’s Point.  Gen.  Vaughan  attacked  {{{Fort  Lafayette}}}  from the ... Knyphausen,  106 {{{Fort  Lafayette}}},  RM  -  10.75,  LER  1835;  45,  51.  348 {{{Fort  Lafayette}}}  (Verplancks ... evaluation;  to the  late  Mr.  Alfred  Van  Santvoordt  {
   sim_journal-of-the-illinois-state-historical-society_1957_50_index-contents [1957] | University, 451 Bradshaw, Glenn, 175 {{{Brady}}}, , 380n {{{Brady}}}, Mrs. Dorothy, 442 {{{Brady}}}, Mathew Brown, picture by (illus ... eae Co.), Oklahoma, University of, 17 {{{Olcott}}}, Mary L. B., 324 {{{Olcott}}} family, 324 Old Illinois Houses (Drury) ... Koshkonong (Wis.), see Fort Atkin- son
   cu31924030908523 [1911] | state ticket headed by James T. {{{Brady}}} for governor was nominated.* {{{Brady}}} was a man of great integrity, ... adversaries           . 292 John Van Buren and James T. {{{Brady}}}        295 Organization of the Loyal Union League ... Richmond, Calvert Comstock, Charles O'Conor, James T. {{{Br
   annalsrichfield00wardgoog [1898] | 1879; H. C. Brockway, 1880 ; Peter Seeber, 1881; {{{Olcott}}} McCredy, 1882; H. C. Brockway, 1883 ; H. H. Getman ... Election or Appointment. Sheriffs—James Hawks, 1815; {{{Olcott}}} McCredy, 1884. Assistant Judge, Court Common Pleas ... Samuel Colwell, 1831; Ivory Hoi- land, 1835-6 ; {{{Olcott}}} C
   annalsofrichfiel00wardrich [1898] | C.  Brockway,  1880  ;  Peter  Seeber, 1881 ;  {{{Olcott}}}  McCredy,  1882 ;  H.  C.  Brockway,  1883  ; H ... Appointment. Sheriffs — James  Hawks,  1815 ;  {{{Olcott}}}  McCredy, 1884. Assistant  Judge,  Court  Common ... Colwell,  1831 ;  Ivory  Hol- land, 1835-6  ;  {{{Olcott}}}  C.  Chamberlin
   annalsofrichfiel02ward [1898] | C.  Brockway,  1880  ;  Peter  Seeber, 1881  ;  {{{Olcott}}}  McCredy,  1882  ;  H.  C.  Brockway,  1883  ; ... Appointment. Sheriffs — James  Hawks,  1815  ;  {{{Olcott}}}  McCredy, 1884. Assistant  Judge,  Cotirt  Common ... Colwell,  1831 ;  Ivory  Hol- land, 1835-6  ;  {{{Olcott}}}  C.  Chamberl
   cu31924074297387 [1898] | ; H. C. Brockway, 1'880 ; Peter Seeber, 1881 ; {{{Olcott}}} McCredy, 1882 ; H. G. Brockway, 1883 ; H. H. Getman ... Election or Appointment. Sheriffs—James Hawks, 1815 ; {{{Olcott}}} McCredy, 1884. Assistant Judge, Court Common Pleas ... ; Samuel Colwell, 1831; Ivory Holland, 1835-6 ; {{{Olcott}}} C
   annalsofrichfiel00ward [1898] | C.  Brockway,  1880  ;  Peter  Seeber, 1881  ;  {{{Olcott}}}  McCredy,  1882  ;   H.  C.  Brockway,  1883  ; ... Appointment. Sheriffs — James  Hawks,  1815 ;  {{{Olcott}}}  McCredy, 1884. Assistant  Judge,  Court  Common ... Colwell,  1831  ;  Ivory  Hol- land, 1835-6  ;  {{{Olcott}}}  C.  Chamberl
   annalsofrichfiel01ward [1898] | C.  Brockway,  1880  ;  Peter  Seeber, 1881  ;  {{{Olcott}}}  McCredy,  1882  ;   H.  C.  Brockway,  1883  ; ... Appointment. Sheriffs — James  Hawks,  1815  ;  {{{Olcott}}}  McCredy, 1884. Assistant  Judge,  Court  Common ... Colwell,  1831  ;  Ivory  Hol- land, 1835-6  ;  {{{Olcott}}}  C.  Chamber
   catalogueofameri00bang_3  | Stock  Exch.,  c.  f. 959  {{{Olcott}}}  Bro. ,   Rochester,  hr.,  v.  g 980  {{{Olcott}}}  k   Brother,  h..  un. ...  coins  ought  to  have  apartments  in  “{{{Fort  Lafayette}}}." 1476 1840 Half  cent,  fine. 1480 1846 Half ... Sons  (Kline),  I’hila.,  “   “   “   “   p   c’d {{{Brady}}},  He
   politicalhistory00brum  | ticket headed  by  James  T.  {{{Brady}}}  for  governor  was  nominated.4 {{{Brady}}}  was  a  man  of  great  integrity ... adversaries    292 John  Van  Buren  and  James  T.  {{{Brady}}}    295 Organization  of  the  Loyal  Union  League ... Calvert  Comstock,  Charles  O'Conor,  James  T. {{{Br
   sim_new-york-times_1889-06-04_38_11783 [1889] | fired yestor- day from the pneumatic gun at {{{Fort Lafayette}}}, but no importance, as far as can be learned ... Dynamite Gun people to move the two guns now at {{{Fort Lafayette}}} to Sandy Hook, and get them in place before ... supply of two new air reservoirs, the one now at {{{Fort Lafayette}}}
   bwb_P8-AGW-852  | state ticket headed by James T. {{{Brady}}} for governor was nominated.* {{{Brady}}} was a man of great integrity, ... mond, Calvert Comstock, Charles O’Conor, James T. {{{Brady}}}, and Elijah F. Purdy. About the same time, the Albany ... Evening Post, Aug. 28. * Letter of acceptance of {{{Brady}}} 
   politicalhistory392brumuoft [1911] | ticket headed  by  James  T.  {{{Brady}}}  for  governor  was  nominated.4 {{{Brady}}}  was  a  man  of  great  integrity ...  .    .  292 John  Van  Buren  and  James  T.  {{{Brady}}}    295 Organization  of  the  Loyal  Union  League ... Calvert  Comstock,  Charles  O'Conor,  James  T, {{{Brady}}}
