== "Marcia C. Day" Meigs "Van Vliet" total 3
   The Genealogical Helper | 1979 | 
   The Conference Bulletin | 1925 | ... <b>Van</b> Benthuysen , Ethel , 2 Sprague Place , Albany . Wadley , Mary E. , 1536 ... <b>C</b>. , 1198 Gates Ave. Mallon , Patrick , Ex . Secy . , St. Vincent de Paul ... <b>Marcia</b> , Supt . , Salvation Army Resc
   Bulletin of the National Conference of Charities and Correction | 1926 | ... <b>Van</b> Benthuysen , Ethel , 2 Sprague Place , Albany . Wadley , Mary E. , 1536 ... <b>C</b>. , 1198 Gates Ave. Mallon , Patrick , Ex . Secy . , St. Vincent de Paul ... <b>Marcia</b> , Supt . , Salvation Army Resc
== "Brady" "Navy operation" Fox Olcott total 12
   Railroad Gazette | 1896 | ... <b>Navy</b> Herbert , on Dec. 26 , with the ap- proval of the President , awarded ... <b>operation</b> for about a month . There are now sixteen floors in <b>operation</b> ... <b>Brady</b> , Edward N. Dickerson , J. 
   The Official Guide of the Railways and Steam Navigation Lines of the U | 1938 | ... <b>Navy</b> Yard .. Foston , Mass . Bowman Field , Ky .... Cumberland Landing Field ... <b>Olcott</b> , Tex . Erie Ord , Reserve Depot and Proving Gr . , O .... La Carne ... <b>Brady</b> , Mich .. Fort Bragg , N.C ..
   Army and Navy Register | 1917 | ... <b>Brady</b> , Cornell , and Munnikhuvsen . Adm . Knight and his aid , Lieut ... <b>operation</b> for appendicitis and has returned , to her home at Fort McKinley ... <b>Olcott</b> , and Stanton , of New York . Mrs. 
   International Motion Picture Almanac | 1951 | ... <b>Fox</b> . In 1939 : Adventures of Sher- lock Holmes , 20th - <b>Fox</b> . In 1940 ... <b>Olcott</b> ; produced shorts independently ( Europe ) 1926 ; formed Stanley Film ... <b>Navy</b> , World War 1 ; brokerage h
   Iron Age and Hardware, Iron and Industrial Reporter | 1889 | 
   Billboard | 1946-06-22 | ... <b>Brady</b>, Commissioner William F. Carey, Frank Crownin- shield, Byron C. Foy, John Golden, Rube Goldberg, Abner ... <b>navy</b> during World War I. After being discharged, he entered outdoor show business, <b>ope
   Railroad Age Gazette | 1896 | 
   Motion Picture Almanac | 1950 | 
   Motion Picture and Television Almanac | 1953 | 
   Dramatic Mirror of Motion Pictures and the Stage | 1918 | ... <b>operation</b> in furnishing us with the information requested . &quot; FREDERICK H ... <b>Navy</b> Departments in supply- ing the cantonments with films , having been ... <b>Fox</b> , <b>Fox</b> Film Corporation ;
== "Stover" "no permits" Fox Olcott 1864 total 0
== "Edwin L. Brady" arrested 1864 total 116
   History of Pennsylvania Volunteers, 1861-65 | 1869 | ... <b>L</b> ......... do April 21 , &#39;61 , M&#39;Cleaf , William ....... do July 18 , 61 , 3 M&#39;Croskey , J. H ........ do Miller ... <b>Brady</b> . Sharpe , Thomas .... do .do Spicer , Charles A ...... do Snodgra
   History of Pennsylvania Volunteers, 1861-5 | 1869 | ... <b>L</b> ......... do ..... Aug. 22 , &#39;62 , April 21 , &#39;61 , M&#39;Cleaf , William ....... do .. ..... July 18 , &#39;61 , M ... <b>Brady</b> ....... do Sharpe , Thomas .......... do Spicer , Charles A ......
   CIS Index to Presidential Executive Orders & Proclamations: Apr. 30, 1 | 1986 | 
   History of Knox County, Illinois | 1878 | ... <b>1864</b> , corpl . Babbitt . James J. , St. Augustine , e . Sept. 24 , 1861 ... <b>L</b> .. St. Augustine , e . Sept. 24 , <b>charged</b> May 18 , 1862 , disability ... <b>Edwin</b> W. , Knox Co .. e . Sept. 16 , 
   History of Saginaw County, Michigan | 1881 | ... <b>Edwin</b> V. Andress of Chesaning , was commissioned Captain July 22 , 1863 ; wounded in the action of Spottsylvania , Va . , May 12 , <b>1864</b> ... <b>L</b>. , Hero William , Jackson Wm . , Keabuorga Geo . , Sh
   Report of the Adjutant General of the State of Illinois ... | 1886 | 
   History of Fairfield County, Connecticut | 1881 | ... <b>Brady</b> ; 1861 , David Graves ; 1862 , S. E. Briggs ; 1863 , Ephraim Hatch ; <b>1864</b> ... <b>Edwin</b> , enl . Dec. 7 , <b>1864</b> . Company D. Company K. Platt , Oscar , enl ... <b>L</b>. , enl . Dec. 31 , 
   Record of Michigan Volunteers in the Civil War, 1861-1865 | 1909 | ... <b>1864</b>. Commissioned First Lieutenant Jan. 1 , <b>1864</b> . Mustered Feb. 13 , <b>1864</b> ... <b>Edwin</b> M. , Johnstown . Enlisted in company G , Engineers and Mechanics , Aug ... <b>L</b>. Enlisted in compa
   The United States Army and Navy Journal and Gazette of the Regular and | 1865 | ... <b>L</b>. Weber and Wm . M. Armstrong ; Acting Paymaster , H. W. McCalley ; Assistant Surgeon , W. H. Holmes ; Engineers ... <b>EDWIN</b> M. STANTON , Secretary of War . ment . WAR DEPARTMENT , WASHINGTON , Sept. 20 
   Focus On: 100 Most Popular English Emigrants to the United States |  | ... <b>1864</b> , he was captured by Confederate Colonel John S. Mosby&#39;s men in Culpeper , Virginia and held prisoner at ... <b>Edwin</b> M. Stanton &#39; s orders that Booth should be captured alive . Lieutenant Edw
