== "reserve accommodations on the Fulton" ERR HTTP Error 502: Bad Gateway
== "Miss Dix" "Fulton" "Department of the South" total 499
   womanofvalorclar00oate  | Letters Received {{{Department  of  the  South}}},  Letters  Received, 1863 {{{Department  of  the  South}}},  Letters  ...  flag.  What  was  more,  Clara  Barton and  {{{Miss  Dix}}}  had  much  in  common:  both  were  from  Massachusetts ... galvanized into  action  by  the  Baltimore  riot.  {{
   womanofvalorclar0000oate [1995] | Letters Received {{{Department of the South}}}, Letters Received, 1863 {{{Department of the South}}}, Letters Sent (old ... serve the flag. What was more, Clara Barton and {{{Miss Dix}}} had much in common: both were from Massachusetts ... galvanized into action by the Baltimore riot. {{{Miss Dix}}}
   sim_american-medical-times_1863-11-14_7_20 [1863] | General ire be strictly governed by the follow- {{{Miss Dix}}}, or her em. “cel ifie ened by to duty as authorized ... by the sur- e, throu rhy Medical Dir ctors, to {{{Miss Dix}}} tor the m b require, not exceeding er they les ... being endorsed cate, will be at once returned to {{{Miss Dix}}}, rde
   fightingfortime0004unse  | Head, South Carolina, headquarters of the {{{Department of the South}}} and nerve center for the war-long siege ... Brigadier General Thomas W. Sherman, the {{{Department of the South}}}, and with it the goal of Charleston, went ... 10,000 reinforce- ments, arrived in the {{{Department of the South}
   sim_armed-forces-journal_1867-03-09_4_29  | Major-General J. O. Ronsrnson, commanding {{{Department of the South}}}, has approved the above sentence, and deSignated ... Lippincott is hereby relieved from duty in the {{{Department of the South}}}, and will report to the Commanding General ... Lippincott, has been relieved from duty in the {{{D
   sim_american-medical-times_1863-02-28_6_9 [1863] | The site of the building is named in honor of {{{Miss Dix}}}. The Physician is Dr. Wa, A. Rerp. .   : American ... Dalrymple, U.S.V., has returned to the {{{Department of the South}}} from leave of absence, and resumed his ... and Importers of SYRINGES, ere., ° Ws ‘ p «© 85 {{{Fulton}}} street, New 
   sim_new-york-times_the-new-york-times_1864-04-01_13_3907 [1864] | ofthe {{{Fulton}}} for favors. Wren about 65 miles from Cape Henry, on the night of March 29, the {{{Fulton}}} spoke ... Arrived. L. S. steam transport {{{Fulton}}}, from Port al— . George Gale, {{{Miss Dix}}}, Mrs. Hooker. Mrs. D. J. Pollock ... distributed : In the Army of the Poto- mac, 33 ; {{{D
   encyclopediaofci0001unse_k5a2 [2000] | Rawlins, John Aaron Reno, Jesse Lee Reynolds, John {{{Fulton}}} Reynolds, Joseph Jones Rhett, Robert Barnwell Rhind ... until 1875; of the Gulf until 1878; of the {{{department of the South}}} and Missouri until 1885, when he was retired ... for her remarkable abilities. On March 28, 1841, {{{Miss D
   facesofcivilwarn0000codd [2020] | nurses in Washington, and been rejected. “While {{{Miss Dix}}} and her faithful nurses were detained three miles ... District of New-York. Photograph by Renowden ,65 {{{Fulton}}} Av. Brooklyn. Catherine S. Lawrence and her adopted ... devoted nurses here, and was a great favorite with {{{Miss Dix}}}
   fightingfortime00ivunse [1983] | South  Carolina,  headquarters  of  the  {{{Department  of  the  South}}}  and nerve  center  for  the  war-long ... Brigadier General  Thomas  W.  Sherman,  the  {{{Department  of the  South}}},  and  with  it  the  goal  of  Charleston ...  reinforce¬ ments,  arrived  m  the  {{{Department  of  th
   sim_american-medical-times_1863-12-05_7_23 [1863] | hospitals, succeeded in utilizing women’s labor. {{{Miss Dix}}} still continues to exert herself to introduce ... delay, to the Commanding-General of the {{{Department of the South}}}, for assignment to duty :—Assist.-Surgeon ... DENTAL INSTRUMENTS, APPLIANCES, SYRINGES, ere., 85 {{{Fulton}}} street
   isbn_9780974935225 [2013] | New York aboard the {{{Fulton}}} to join their regiments in the {{{Department of the South}}}. Burton recalled, “We ... and fishermen headquartered there, and an ersatz {{{Fulton}}} Street Fish Market operated there on a small scale ... vessels. New Haven offered transport on the steamboat {{{Fulton
   sim_armed-forces-journal_1872-11-30_10_16  | upon arrival, to the commanding general {{{Department of the South}}} for   ent to the Seventh Cavalry. jor John ... its arrival in New York Harbor from the {{{Department of the South}}}.     Leave of absence for a days November ... South, hereby re-estab- lished, and of the {{{Department of the Sou
   cincinnatidoctor0000regi [1957] | “Superintendent of United States Army Nurses.” {{{Miss Dix}}} was not a nurse and had had no definite hospital ... capable administrator and a great humanitarian. {{{Miss Dix}}} realized that the onerous duties which the war ... women nurses were directly under the control of {{{Miss Dix}}} and wore
   cincinnatidoctor0000unse [1957] | “Superintendent of United States Army Nurses.” {{{Miss Dix}}} was not a nurse and had had no definite hospital ... capable administrator and a great humanitarian. {{{Miss Dix}}} realized that the onerous duties which the war ... women nurses were directly under the control of {{{Miss Dix}}} and wore
== "quantity of forage to be placed" ERR HTTP Error 502: Bad Gateway
== "one large propeller" total 146
   ameliaearhart0000mikl [2002] | profitable. Helicopter - an aircraft that has {{{one large propeller}}} on top for moving around and one in back
   learnabouthoverp0000davi  | simple hovercraft with as do most aircraft. {{{one large propeller}}}. Propulsion Units The propulsion units on
   learnabouthoverp0000that [2005] | hovercraft with enn as do most aircraft. {{{one large propeller}}}. The propulsion units ona hovercraft consist
   modelsubmarinesf0000hora [1962] | 380 feet long, weighs 5600 tons, and has {{{one large propeller}}} to do the work of two small ones. Her movements
   modelsubmarinesf0000hhgi_i5g8 [1962] | 380 feet long, weighs 5600 tons, and has {{{one large propeller}}} to do the work of two small ones. Her movements
   leonardodavincis0000chgi [1967] | assembly of feathers twists collectively into {{{one large propeller}}} on the downstroke; this is also the case
   Flight_International_Magazine_1910-10-15-pdf [1910] | Sorely a Ou better pUo would be ta pUce {{{one large propeller}}} at the stem of the gmsfaolder and another
   sim_flight-international_1910-10-15_2_42 [1910] | Surely a far better plan would be to place {{{one large propeller}}} at the stern of the gasholder and another
   wilburorvillewri0000reed [2008] | propellers  that rotated  slowly  rather  than  {{{one  large  propeller}}}  that rotated  quickly.  The  propellers
   sim_engineering-and-mining-journal_1876-05-13_21_20 [1876] | conspicyous and largely forgings, tyres, etc. {{{One large propeller}}} shaft, made Son, thronged portion building
   sim_scientific-american_1855-08-04_10_47 [1855] | the screw than the common mode of having {{{one large propeller}}} directly in the center of the stern. Monster
   sim_shipping-world-and-shipbuilder_1995-06_196_4114  | slender forebody this principle proposes {{{one large propeller}}} which is arranged under a tunnel. Extensive
   ScientificAmerican1855v010n47  | the screw than the common mode of having {{{one large propeller}}} directly in the center of the stern. Monster
   Aviation_Week_1936-10-01 [1936] | studied with groups of several motors driving {{{one large propeller}}} with gears, shaft and clutches. The advantages
   Aviation_Week_1925-11-02 [1925] | which lour standard Liberty engines drive {{{one large propeller}}}. This transmission was designed and bnilt
== "master painter" "absconded" Brooklyn total 1045
   incendiarymisadv0000warn [2005] | pounds  required  to  set  up shop  as  a  {{{master  painter}}},  and  Aitken,  like  the  vast  majority  ... of  Neale,  James, Fordyce  and  Down,  had  {{{absconded}}}  to  France  in  June  of  1 772.  The firm  did ... I had  committed.”10  On  one  occasion,  he  {{{absconded}}}  at  three  
   johnpainterterro0000warn [2005] | pounds  required  to  set  up shop  as  a  {{{master  painter}}},  and  Aitken,  like  the  vast  majority  ... of  Neale,  James, Fordyce  and  Down,  had  {{{absconded}}}  to  France  injune  of  1772.  The firm  did ... I had  committed.”'”  On  one  occasion,  he  {{{absconded}}}  at  three  in 
   johnpainterterro0000warn_s0y8 [2004] | pounds  required  to  set  up shop  as  a  {{{master  painter}}},  and  Aitken,  like  the  vast  majority  ... of  Neale,  James, Fordyce  and  Down,  had  {{{absconded}}}  to  France  in  June  of  1772.  The firm  did ... I had  committed.”10  On  one  occasion,  he  {{{absconded}}}  at  three  i
   jessica-warner-the-incendiary-the-misadventures-of-john-the-painter-first-modern  | or more pounds required to set up shop as a {{{master painter}}}, and Aitken, like the vast majority of his ... house of Neale, James, Fordyce and Down, had {{{absconded}}} to France in June of 1772. The firm did much of ... robberies I had committed.”!9 On one occasion, he {{{absconded}}} at three 
   incendiarymisadv0000warn_r7e0 [2004] | or more pounds required to set up shop as a {{{master painter}}}, and Aitken, like the vast majority of his ... house of Neale, James, Fordyce and Down, had {{{absconded}}} to France in June of 1772. The firm did much of ... innumerable robberies I ”!? On one occasion, he {{{absconded}}} at three in
   bristol-courier-1935-03-09 [1935] | time might have dra w n all the money out and {{{absconded}}} with it. Dr he might have lent himself to a blackmail ... Edgar Honk and Miss Beatrice J been done by a {{{master painter}}} with vivid and dark colors, the effects oi ... day this week to Mr. ■ md Alf.". I homos Young, {{{Brooklyn}}}, N.
   sim_new-york-times_the-new-york-times_1859-02-25_8_2320 [1859] | Police of the City of {{{Brooklyn}}} OSCAK 8. FIELD, late the Paying Tel- ler, Who has {{{absconded}}} with a considerable ... a re- port: _ First, on the management of the {{{Brooklyn}}} Navy- Yard. They take the position that appointments ... distribution, by the Secretary, of the patronage of the
   sim_albion-a-journal-of-news-politics-and-literature_1869-01-09_47_2 [1869] | Light Co., {{{Brooklyn}}} do 85 & do. Hope Insurance Co. do 10 do. Citizen’s Gas Light Co. of {{{Brooklyn}}}, in the ... of ee: scribers in the cities of New York and {{{Brooklyn}}} free of order, bank draft, of deposit, or check ... combines them is unmistakable. Love is the {{{master painter}}}; a
   wentworthbygones05unse [1964] | H. Edgar (1933) we read that H. B. Witton, {{{master painter}}} of the G.W.R. shops, worked on the construction ... and placed in charge of the U.S. Naval Yards at {{{Brooklyn}}}, N.Y. In Septem- ber 1812, he was ordered forthwith ... also by a young Anglican who, in later life, {{{absconded}}} with
   railwaymastermec29newy [1895] | necessary? Albert  V.  Locke,  {{{Brooklyn}}}  Rapid  Transit  R.  R.,  {{{Brooklyn}}}, N.  Y. A.   J.  Bishop,  Northern ... the occurrence.   *-•-»   The  {{{Brooklyn}}}  JS/avy    Yard THE  {{{Brooklyn}}}  navy  yard  is  still  in  the ...  Albert  V.  Locke  of  the  {{{Brooklyn}}}  Rapid  Tran
   coinworld20201019 [2020] | department in 2009, Gaud- ioso worked as a {{{master painter}}} and designer for one of Amer- ica’s oldest ... left behind hundreds of dol- lars in debts, and {{{absconded}}} with more than double that amount in cash. “Under ... dp Sam Malamud   172 Empire Blvd., 3rd Floor, {{{Brooklyn}}}, NY 11225 
   ancestorsofroger05john [1997] |  (now  {{{Brooklyn}}},  NYC),  NY,  m Lammetie  Stryker  16  Apr  1706,  Flatbush,  (now  {{{Brooklyn}}}),  New York ... Flatbush  (now  {{{Brooklyn}}}), NY,  m  Jacob  Wyckoff  16  Apr  1706  Flatbush  (now  {{{Brooklyn}}}, NY,  d  01  ... 1663,  Flatbush,  (now {{{Brooklyn}}}),  NY,  d  after  172
   sim_woodhull-and-claflins-weekly_1872-02-24_4_15 [1872] | Secretary, Majin Janey, 112 Lexing- | ly (on avenue, {{{Brooklyn}}}. , | . _ italian Lenneapen ting Secretary, Antonio ... Harrison Co. Iowa, after ruining several families, {{{absconded}}} in a fit of drunkenness. Why don't the press howl ... Laura Carrer Hottoway one of the Editors of the {{{Brook
   IAPSOP-woodhull_and_claflins_weekly_v4_n15_feb_24_1872  | Harrison “Co. Towa, after ruining several families, {{{absconded}}} in a fit of drunkenness. Why don’t the press howl ... Lavra Canter Horroway one of the Editors of the {{{Brooklyn}}} Union, and one of the most industrious as well ... journalism, gives a lecture on Cuartorre Bronte at the {{{Brookl
   sim_new-york-times_the-new-york-times_1883-09-18_33_9995 [1883] | party at the Canoe- place Inn. THE {{{BROOKLYN}}} CONSTITUTION CLUB. The {{{Brooklyn}}} Constitution Club met. last evening ... sts.; No. 4 Court-st., and {{{Brooklyn}}} Annex station, foot ot Fulton-st., {{{Brooklyn}}}; Nos. 114, 116, and 118 ... Ethen Al- len, John Nugent, and George Stiles, The {
== "Heustis" "Simpson" "Kilsey" total 92
   revolutionarycen0000stry [1972] | Thomas MnUF Key {{{Kilsey}}} Job/Jobe GWo Daniel EER John GWo Michael HB Joseph GWo {{{Kilsey}}}/Kilso William GWo ... BW Samuel BE Thomas P., Esq. BB William BB; BW {{{Heustis}}} - see Huestis Hewes - se@ Hews, Hughes Hewet, Huet ... - see Hews, Hughes Huestile Joseph BE Huestis, {{{Heustis}}} John
   revolutionarycen0000stry_e8b7 [1986] | Elizabeth MnUF Samuel MrH Thomas MnUF {{{Kilsey}}} Daniel EER Michael HB {{{Kilsey}}}/Kilso John HB Kimble John MrMe Peter ... BW Samuel BE Thomas P., Esq. BB William BB; BW {{{Heustis}}} - see Huestis Hewes - se2 Hews, Hughes Hewet, Huet ... Huestile Joseph BE Hughson, Huson Joseph BE Huestis, {{{H
   generaldirector00owen [1866] |  E.  Wilhoit   Auditor  and  Recorder. J.  M.  {{{Kilsey}}}   Treasurer. W.  H.  Smith   Assessor. J.  E.  ... HOTEL,  Charles Beaver. Mersfelder,  Channel. {{{Simpson}}}  &  Gray,  Levee. Pacific  Hotel,  Jno.  Denanny ... Main. Spickert,  J.,  Sacramento. Hogsett  &  {{{Simpson}}},  Main. Tracy,  
   newyorkinrevolut0000robe [1996] | {{{Simpson}}} James 26, 58 {{{Simpson}}} John 148 {{{Simpson}}} Nicholas 181 {{{Simpson}}} Peter 78, 194 {{{Simpson}}} Robert 76 Simpson ... 177 Kilse John 165 {{{Kilsey}}} Capt., 141 399 {{{Kilsey}}} Ebenezer 105 {{{Kilsey}}} John 51 {{{Kilsey}}} Thomas 197, 203 Kilts ... Reuben 148 {{{Simpson}}} A
   gcmari-proceedings  | Grant’s brother, {{{Simpson}}}, was already a member, a friendship was there contracted with {{{Simpson}}} 8. Grant and ... Charles T. Witt Sir Charles A. Estey “Sir James M. {{{Simpson}}} See Bristol, No. 29 E..C..Clarence M. Dunbar C ... Lowell, Mass. . 107 Stevens St., Lowell, Mass. - 1 {{{Simpso
   genealogicalperi0000cath [1980] | rec HTR 21:1:30 CALLEN, John Carr b1805 w Nancy {{{Simpson}}} Kennedy, SC, AL, anc GENEALOGICAL PERIODICAL ANNUAL ... notes IL 10:1:29 Samuel George b1924 w Wilma Grace {{{Simpson}}}, CO, anc ch KK 16:1:6 Spilsbury C £1818 w Obedience ... (Biggs) Clark, TX, anc ch REF 17:4:90 Charles {{{Simpson}}} b
   genealogicalmaga0000unse_a7i1 [1925] | Abner 3:81b; 6:2p Andrew 3:151b Anna 5:9t Anna ({{{Simpson}}}, Simson) 3:52s; /19: 40m Anthony 9:14p Anthony ... 19:19m Sally 3252m Sally (Horton) 5:58m Sally ({{{Simpson}}}) 3292s Sally (Wilks) 12:65m Samuel 9:14b Sarah ... Dababelt 2 lott LO Zab Sarah (Perkins) 23:60m Sarah ({{{Simpson}}}) 12:88m 
   newyorkhistorica1891unse [1891] |  Simpkins,  John,  55. {{{Simpson}}},  Isaac,  278. {{{Simpson}}},  James,  162. {{{Simpson}}},  John,  330. Simson,  Peter ...  9 Charles  Parket  . Patrick  Ennis . James  {{{Simpson}}} . John  Cribb . James  Dugalis . 32 35 35 45 39 ... do 25 23 William  Mackridge . do 25 23 Isaac  {{{Simpson}}} 
   collectionsforye24newyuoft [1868] |  Simpkins,  John,  55. {{{Simpson}}},  Isaac,  278. {{{Simpson}}}.  James,  162. {{{Simpson}}},  John,  330. Simson,  Peter ...  32 do  7  Patrick  Ennis    35 do  9  James  {{{Simpson}}}    35 do  9  John  Cribb    45 do  9  James  Dugalis ... 21 William  Mackridge    do     25 *j 21 Isaac  {{{Simp
   collectionsofnewv24newy [1891] |  Simpkins,  John,  55. {{{Simpson}}},  Isaac,  278. {{{Simpson}}},  James,  162. {{{Simpson}}},  John,  330. Simson,  Peter ...           32 Patrick  Ennis         35 James  {{{Simpson}}}         35 John  Cribb   '■     45 James  Dugalis ... Suttheis   William  Muckridge  .  .  . Isaac  {{{Simpson}}
   musterrollsnewy00socigoog [1892] |  Simpkins,  John,  55. {{{Simpson}}},  Isaac,  278. {{{Simpson}}},  James,  162. {{{Simpson}}},  John,  330. Simson,  Peter ... Look   Charles  Parket   Patrick  Ennis   James  {{{Simpson}}}   John  Cribb   James  Dugalis   24 29 27 19 21 ... Suttiieis   William  Mackridge  . .  . Isaac  {{{Simpson}
   publicationfund01unkngoog  |  Simpkins,  John,  55. {{{Simpson}}}.  Isaac,  278. {{{Simpson}}},  James,  162. {{{Simpson}}},  John,  330. Simson,  Peter ... Charles  Parket    32 Patrick  Ennis    35 James  {{{Simpson}}}    35 John  Cribb    45 James  Dugalis    39 Digitized ...  Suttheis   William  Mackridge  . .  . Isaac  {{{
   selectedlistofna00lese_0 [1884] | VV  I)  Baker A  J  Stevens O  E  {{{Simpson}}} S  E  Chapman C  B  {{{Simpson}}} Samuel  Herbert O  VV  Stevens S ... K  Johnson S  Raines F  A  {{{Simpson}}} R  A  Robinson A  Getchell F  M  {{{Simpson}}} Benj  Robinson P  Ruggles ... Haekctt C  T  Hooper A  Robertson G  E  {{{Simpson}}} J  E  {{{
   encyclopediaofam0000unse_s4m3 [1969] | Stanford 4-7-1858; ef Stanford 11-1859 Henrietta {{{Simpson}}} (form Carman) dis.mo by a Bapt. minister 3-6-1861 ...  1729 Mary, dt Samuel, Flushing; m°171l David {{{HEUSTIS}}} of Westchester Mary Evelyn, dt Stephen & Mary A ... rem to West Jersey 2 Mo (Apr) 6, 1710 Robert [{{{Heustis}}}] active mbr
   jewelersreviewv00unkngoog [1899] | advertise himself." The pawnbroker shop of William {{{Simpson}}}, 129 Park row, was damaged by fire last Thursday ... city are as follows: Meriden Britannia Company, {{{Simpson}}}, Hall, Miller & Company, Rogers & Hamilton Company ... suffered a loss of about $3,000 on tools and stock. {{{Simpson}}}
== "Olcott" "Heustis" ERR HTTP Error 502: Bad Gateway
== "forty thousand bushels of grain and seven hundred tons of hay" total 0
== "reserve accommodations on the Fulton" ERR HTTP Error 502: Bad Gateway
== "quantity of forage to be placed" total 0
== "Olcott" "Heustis" ERR HTTP Error 502: Bad Gateway
