10019860bsb_djvu.txt.gz | 0
10021035bsb_djvu.txt.gz | 0
10622705bsb_djvu.txt.gz | 0
aktyipismakisto00forsgoog_djvu.txt.gz | 0
ambassadesdemess05vert_djvu.txt.gz | 0
antonioperezetph00mign_djvu.txt.gz | 0
aragoniaibeatrix00berz_djvu.txt.gz | 0
archivesoucorre00housgoog_djvu.txt.gz | 0
archivesoucorre01housgoog_djvu.txt.gz | 0
archivesoucorre02housgoog_djvu.txt.gz | 0
archivesoucorre03groe_djvu.txt.gz | 0
archivesoucorre03housgoog_djvu.txt.gz | 0
archivesoucorre04housgoog_djvu.txt.gz | 0
archivesoucorre04unkngoog_djvu.txt.gz | 0
archivesoucorre05housgoog_djvu.txt.gz | 0
archivesoucorre06housgoog_djvu.txt.gz | 0
archivesoucorre07housgoog_djvu.txt.gz | 0
archivesoucorre08housgoog_djvu.txt.gz | 0
archivesoucorre09housgoog_djvu.txt.gz | 0
archivesoucorres01groe_djvu.txt.gz | 0
archivesoucorres01unse_djvu.txt.gz | 0
archivesoucorres02groe_djvu.txt.gz | 0
archivesoucorres02unse_djvu.txt.gz | 0
archivesoucorres03unse_djvu.txt.gz | 0
archivesoucorres04groe_djvu.txt.gz | 0
archivesoucorres04unse_djvu.txt.gz | 0
archivesoucorres05groe_djvu.txt.gz | 0
archivesoucorres05unse_djvu.txt.gz | 0
beatrixkirlyn14500berz_djvu.txt.gz | 0
bim_eighteenth-century_a-collection-of-the-stat_thurloe-john_1742_1_djvu.txt.gz | 0
bim_eighteenth-century_memoirs-of-the-life-and-_coxe-william_1798_1_djvu.txt.gz | 0
bim_eighteenth-century_memoirs-of-the-life-and-_coxe-william_1798_2_djvu.txt.gz | 0
bim_eighteenth-century_memoirs-of-the-life-and-_coxe-william_1798_3_djvu.txt.gz | 0
bub_gb_1qtcMB3cKasC_djvu.txt.gz | 0
bub_gb_3N1SAAAAcAAJ_djvu.txt.gz | 0
bub_gb_5GumwYtaHX8C_djvu.txt.gz | 0
bub_gb_AH4nk3oEuIsC_djvu.txt.gz | 0
bub_gb_BI4WXMI4g1wC_djvu.txt.gz | 0
bub_gb_BojohG8zXkQC_djvu.txt.gz | 0
bub_gb_D8ZW1o6MNMMC_djvu.txt.gz | 0
bub_gb_EQ4MAAAAYAAJ_djvu.txt.gz | 0
bub_gb_IP8DUd8XLsEC_djvu.txt.gz | 0
bub_gb_KMrMHt2MUgUC_djvu.txt.gz | 0
bub_gb_NhOJqSX9GgIC_djvu.txt.gz | 0
bub_gb_bOnmNv2ZLVoC_djvu.txt.gz | 0
bub_gb_cM5KS3lziccC_djvu.txt.gz | 0
bub_gb_lGF3eVwI5y4C_djvu.txt.gz | 0
bub_gb_n0O44Q7X8RMC_djvu.txt.gz | 0
bub_gb_qWTswSr32NYC_djvu.txt.gz | 0
bub_gb_rM--6yqWqc4C_djvu.txt.gz | 0
bub_gb_wBJLsV8B_BgC_djvu.txt.gz | 0
bub_gb_zBQish8rkmAC_djvu.txt.gz | 0
calendarofclaren01bodluoft_djvu.txt.gz | 0
calendarofletter0003pasc_djvu.txt.gz | 0
calendarofstatep0021will_djvu.txt.gz | 0
calendarorleters0003vari_djvu.txt.gz | absconded:1
charlesiin1646le00chariala_djvu.txt.gz | 0
correspondanced01willgoog_djvu.txt.gz | 0
correspondanced03coopgoog_djvu.txt.gz | 0
correspondancede0000unse_m5g7_djvu.txt.gz | 0
correspondancede01will_djvu.txt.gz | 0
correspondancede02phil_djvu.txt.gz | 0
correspondancede02will_djvu.txt.gz | 0
correspondancede03will_djvu.txt.gz | 0
correspondancede04will_djvu.txt.gz | 0
correspondancede05will_djvu.txt.gz | 0
correspondancede06will_djvu.txt.gz | 0
cu31924024797890_djvu.txt.gz | absconded:1
danskemagazin02unkngoog_djvu.txt.gz | 0
despatchesinstru00fran_djvu.txt.gz | olcott:4
diplomaticcorres01montiala_djvu.txt.gz | 0
diplomaticcorres02mont_djvu.txt.gz | 0
dukeportlandwelb01greauoft_djvu.txt.gz | van vliet:1
elisabethfarnese00armsuoft_djvu.txt.gz | 0
eltenientegener00villgoog_djvu.txt.gz | 0
eltenientegener01villgoog_djvu.txt.gz | 0
frankreichseinfl01suge_djvu.txt.gz | 0
histoiredelaguer02char_djvu.txt.gz | 0
historyofuniteds00bake_djvu.txt.gz | franklin street:1; absconded:1; olcott:1
histsecretservice00bakerich_djvu.txt.gz | franklin street:1; absconded:1; olcott:1
kancellietsbrevb02denm_djvu.txt.gz | 0
labibliothque01gach_djvu.txt.gz | 0
labibliothquen02gachuoft_djvu.txt.gz | 0
lemarchaldegu00noai_djvu.txt.gz | 0
lepredemadamede00dargoog_djvu.txt.gz | 0
leshuguenotsetle03kerv_djvu.txt.gz | 0
lesoriginespolit01romi_djvu.txt.gz | 0
lesoriginespolit02romi_djvu.txt.gz | 0
lettersofqueenhe00henr_djvu.txt.gz | 0
lettresdecatheri03cathuoft_djvu.txt.gz | 0
lettresdecatheri04cathuoft_djvu.txt.gz | 0
lettresdecatheri09cathuoft_djvu.txt.gz | 0
lettresdecatheri10cathuoft_djvu.txt.gz | 0
lettresdepierre00noyegoog_djvu.txt.gz | 0
lettresducardina02maza_djvu.txt.gz | 0
lettresducardina09maza_djvu.txt.gz | 0
lettresindites00cond_djvu.txt.gz | 0
lettresinstructi06richuoft_djvu.txt.gz | 0
lettresinstructi07richuoft_djvu.txt.gz | 0
lettresinstructi08richuoft_djvu.txt.gz | 0
lewwallaceautobi00wall_djvu.txt.gz | absconded:1
lincolnintelegra00bates_djvu.txt.gz | 0
manuscriptsofmar00grea_djvu.txt.gz | 0
manuscritsetdocu00meco_djvu.txt.gz | 0
memoiresdelaligu01goul_djvu.txt.gz | 0
memoiresdelaligu02goul_djvu.txt.gz | 0
memoiresdelaligu03goul_djvu.txt.gz | 0
memoiresdelaligu04goul_djvu.txt.gz | 0
memoiresdelaligu05goul_djvu.txt.gz | 0
memoiresdelaligu06goul_djvu.txt.gz | 0
memoiresdelouish02brie_djvu.txt.gz | 0
memoiresdelouish03brie_djvu.txt.gz | 0
memoirskingsspa00unkngoog_djvu.txt.gz | 0
memoirskingsspa02unkngoog_djvu.txt.gz | 0
memoirsofhoratio00coxe_djvu.txt.gz | 0
memorialsofgreat01caryuoft_djvu.txt.gz | 0
mmoiresinditsde00barrgoog_djvu.txt.gz | 0
mmoiresinditsde01barrgoog_djvu.txt.gz | 0
monumentahungari0039unse_djvu.txt.gz | 0
negociationssecr02lecl_djvu.txt.gz | 0
negociationssecr03lecl_djvu.txt.gz | 0
negociationssecr04lecl_djvu.txt.gz | 0
ngociationsdel03charuoft_djvu.txt.gz | 0
ngociationslet00pari_djvu.txt.gz | 0
nouvellecollecti06michuoft_djvu.txt.gz | 0
ocondedelinhares00func_djvu.txt.gz | 0
officialrecordso0009unse_djvu.txt.gz | franklin street:1; olcott:1; van vliet:3
officialrecordso0010unse_djvu.txt.gz | 0
officialrecordso0015unse_djvu.txt.gz | olcott:2
officialrecordso0021unse_djvu.txt.gz | 0
p1cataloguegnr02bibluoft_djvu.txt.gz | 0
p1geschichtederpre04droyuoft_djvu.txt.gz | 0
politischecorres09fred_djvu.txt.gz | 0
politischecorres10fred_djvu.txt.gz | 0
pologne00farggoog_djvu.txt.gz | 0
pologne01farggoog_djvu.txt.gz | 0
privateofficialc04butl_djvu.txt.gz | miss dix:5; franklin street:1; van vliet:3
privateofficialc05butl_djvu.txt.gz | franklin street:1; olcott:3; van vliet:2
recollectionsofc00danauoft_djvu.txt.gz | 0
recueildesinstr00diplgoog_djvu.txt.gz | 0
regestadiplomat04copegoog_djvu.txt.gz | 0
relationspoliti06teulgoog_djvu.txt.gz | 0
relationspoliti07teulgoog_djvu.txt.gz | 0
relationspolitiq05nethuoft_djvu.txt.gz | 0
relationspolitiq06nethuoft_djvu.txt.gz | 0
reminiscencesofw00sewauoft_djvu.txt.gz | 0
reportofsecre00unit_djvu.txt.gz | 0
reportsofbvtbrig00unit_djvu.txt.gz | olcott:2; s l brown:5; van vliet:1
szzadok50trgoog_djvu.txt.gz | 0
thenicholaspaper01camduoft_djvu.txt.gz | 0
traitsdudanemar00denmgoog_djvu.txt.gz | 0
traitsdudanemar02denmgoog_djvu.txt.gz | 0
undiplomatepoite00richuoft_djvu.txt.gz | 0
votinginfieldfor00bent_djvu.txt.gz | 0
warofrebellion0207rootrich_djvu.txt.gz | miss dix:2; olcott:2; van vliet:2
warofrebellion33unit_djvu.txt.gz | olcott:7; van vliet:6
warofrebellion352unit_djvu.txt.gz | olcott:2; s l brown:1; van vliet:3
warofrebellion361unit_djvu.txt.gz | olcott:4; s l brown:1
warofrebellion362unit_djvu.txt.gz | van vliet:2
warofrebellion372unit_djvu.txt.gz | van vliet:3
warofrebellion403unit_djvu.txt.gz | olcott:3
warofrebellion431unit_djvu.txt.gz | olcott:3; van vliet:4
warofrebellion432unit_djvu.txt.gz | olcott:2; van vliet:2
warofrebellion452unit_djvu.txt.gz | olcott:1
wilhelmvonorani00rachgoog_djvu.txt.gz | 0
wilhelmvonorani01rachgoog_djvu.txt.gz | 0
williamhsewardau03sewa_djvu.txt.gz | 0
