E611h | "S. L. Brown" quartermaster forage "New York" | whole | 10
  id housedocumentso69unkngoog
    H. yintx)n, deputy {{{quartermaster}}} general, chief {{{quartermaster}}}, depot of {{{New York}}}, (Part 1) 3
    Vliet, {{{quartermaster}}}. {{{New York}}} 704 105. Report of Colonel J. C. McFerran, chief {{{quartermaster}}}, department
  id annualreportswa57deptgoog
    Vinton, deputy {{{quartermaster}}} general, chief {{{quartermaster}}}, depot of {{{New York}}} 701 103. Report
    assistant {{{quartermaster}}}, Syracuse, {{{New York}}}. Gaptain G. H. Gallagher, assistant {{{quartermaster}}}, Wilmington
  id warofrebellion05unit_0
    assistant {{{quartermaster}}}. {{{New York}}} City. Capt George T. Browning, assistant {{{quartermaster}}}, Giesborough
    18, {{{Quartermaster}}}-General’s Office, March 16, 1865. | By order of the {{{Quartermaster}}}- General:
  id cu31924079575381
    assistant {{{quartermaster}}}, {{{New York}}} City. Capt. George T. Browning, assistant {{{quartermaster}}}, Giesborough
    18, {{{Quartermaster}}}-General's Office, March 16, 1865. By order of the {{{Quartermaster}}}-General:
  id warrebellionaco17offigoog
    assistant {{{quartermaster}}}, {{{New York}}} City. Capt. George T. Browning, assistant {{{quartermaster}}}, Giesborough
    18, {{{Quartermaster}}}-General's Office, March 16, 1865. By order of the {{{Quartermaster}}}-General:
  id executivedocume07goog
    H. Vinton, deputy {{{quartermaster}}} general, chief {{{quartermaster}}}, depot of {{{New York}}}, (Part 1) 103. Report
    larmer at Siletz agency {{{NEW YORK}}}. No. 7 A. Statistics of education, &c., {{{New York}}} agency. No. 7 B. Statistics
E611i | "bushels of grain" "tons of hay" "Fort Monroe" daily 1864 | whole | 0
E612h | "Captain Ferry" arrested Louisville | whole | 10
  id east-liverpool-evening-news-review-1901-11-30
    Colon, with thefr arms, to {{{Captain Ferry}}}, at noon yesterday. {{{Captain Ferry}}}, in his turn, agreed to hand
    stenographer to the isthmian canal commission, who was {{{Arrested}}} in New York Tm-sday night, arrived hero und was
  id sim_national-police-gazette_1847-03-27_2_29
    Ohio. farmer Feb. 19, 1847, {{{Louisville}}}, Ky. Feb, 92, 1847, {{{Louisville}}}, Ky. Edinburgh Scotland rinter
    —— They thea took the cats for Boston ead | {{{Captain Ferry}}} of the Fifth f "Police, testife ———— the parties
  id per_atlanta-constitution_1903-10-20_36
    rs. of the {{{Louisville}}} and erry oe ation! » Coast Line; Milton Nashville 4 of the {{{Louisville}}} and * Hanson
    000 FOR A WOMAN Defaulting New York Bank Clerk {{{Arrested}}} in California. —-—- Oakland. shal Rammage, Haywards
  id xt7tqj77tt14
    {{{LOUISVILLE}}} DAILY DEMOCRAT. VOLUME XI* {{{LOUISVILLE}}}. KENTUCKY: TUESDAY MORNING. SEPTEMBER 9. 1863. NUMBER
    Kentucky State Guard, \ City of {{{Louisville}}} and Jefferson county, > {{{Louisville}}}, Sept. 8th, 1802. j LGrsmJ Order
  id xt731z41s803
    Cigars. mhtsdinsty Headquarters, {{{Louisville}}}, Ky., | {{{Louisville}}}, Sept. 7, 18G2. , Special Orders No
    General and tbe {{{Louisville}}} bnrrncka, are given for the inforrention of tbe citiien* nf {{{Louisville}}} Billiard snloone
  id xt71jw86j05c
    Cloy strsets. jell dtt {{{Louisville}}}, Kv. 8ft. C he passenger train ou the {{{Louisville}}} and li*xingtun Railroad
    of Mato and Third .treete, {{{Louisville}}}, Ry. ■w Train, ere run by {{{Louisville}}} time. A_. A.B.CTLYEE,S«,C -ON-
E612i | "Ferry" quartermaster Memphis "Robert Allen" 1864 | whole | 10
  id papersofulyssess0009gran
    from {{{Memphis}}} to Grenada and all these Cars taken to {{{Memphis}}}, and our Cavalry could go into {{{Memphis}}} and
    Hurlbut, {{{Memphis}}}, wrote to USG. “I will be ready to move a force down on the line of the {{{Memphis}}} & Grenada
  id DTIC_ADA258389
    for. Captain Charles ^{{{Quartermaster}}} General, Annual Reports of {{{Quartermaster}}} Officers^ 1863 . vol
    arsenals, foundries, and ^{{{Quartermaster}}} General , Annual Reports of {{{Quartermaster}}} Officers. 1863. vol
  id papersofulyssess0010gran
    1—May 31, {{{1864}}} JANUARY 1, {{{1864}}} 3 To Maj. Gen. George H. Thomas Knoxville [January] 1st {{{1864}}}. Mas. GEN
    JANUARY 16, {{{1864}}} 29 Telegrams Sent. On Jan. 1, {{{1864}}}, Maj. Gen. Stephen A. Hurlbut, {{{Memphis}}}, tele- graphed
  id generalorders01deptgoog
    {{{Quartermaster}}} General, Brevet Major G.] General and Assistant {{{Quartermaster}}} General
    Eufus Saxton, Assistant {{{Quartermaster}}}, in his duties as Chief {{{Quartermaster}}} of the Northern Frontier
  id annualreportswa57deptgoog
    June 30, {{{1864}}} 51, 756 From June 30, {{{1864}}} to December 31, {{{1864}}} 98. 555 From Jan
    January, {{{1864}}}, viz : CAVALRY HORSES. Sold from January 1, {{{1864}}}, to June 30, {{{1864}}}
  id 11037389bsb
    1, {{{1864}}}, to June 30, {{{1864}}}............. 51, 156 From June 30, {{{1864}}} to December 31, {{{1864}}}....... ......
    Remittances in July, {{{1864}}}... .. Remittances in August, {{{1864}}} . Remittances in September, {{{1864}}} Remittances in
E612j | "Captain Ferry" Stanton | whole | 10
  id americanfallsnov00batc
    Secessionists hanged. {{{Stanton}}} threatened and {{{Stanton}}} as- saulted and {{{Stanton}}} remembered where those
    egg-shaped spectacles, and furiously. {{{Stanton}}} barked and {{{Stanton}}} 62 THE COXFEDERATE CONSPIRACY AGAINST
  id DTIC_ADA339420
    magazine by Thomas R. Rozman and Martin N. {{{Stanton}}} and the studies by Michael J. Clidas, Franklin
    Infantry 83, no. 6 (1993): 25. 33 Martin N. {{{Stanton}}}, “Cordon and Search: Lessons Learned in
  id asirememberthem00goodgoog
    was shown in. {{{Stanton}}} was standing behind a little counter, and as Nye approached, {{{Stanton}}} said curtly:
    and disrobed as {{{Stanton}}} did, went into the pool, then out, naked, following {{{Stanton}}}, left the water and
  id asirememberthem00good
    in. {{{Stanton}}} was stand- ing behind a little counter, and as Nye approached, {{{Stanton}}} said
    disrobed as {{{Stanton}}} did, went into the pool, then out. naked, following {{{Stanton}}}, left the
  id asirememberthem0000ccch
    was shown in. {{{Stanton}}} was stand- ing behind a little counter, and as Nye approached, {{{Stanton}}} said curtly:
    and disrobed as {{{Stanton}}} did, went into the pool, then out, naked, following {{{Stanton}}}, left the water and
  id hamilton-life-1934-11-27
    Place. The guest speaker will be the Rev. Frank {{{Stanton}}} Burns Gavin, Ph.D., Th.D., LL.D., professor of
    of whom are ineligible at the present time. {{{Captain Ferry}}} and Woodin will undoubtedly be holding down
be-api requests 5
