control | "what point he should come for that purpose" | 1
  id papersofulyssess0011gran
    rail road. Will you inform me to {{{what point he should come for that purpose}}} and furnish transportation for
E611a | "Biggs" "350 tons of hay" | 10
  id per_reno-gazette-journal_reno-evening-gazette_1888-02-11_24_111
    Gridley, an rt of Feather River. The two miles from {{{Biggs}}}, on the Oregon and California Railroad, and seventy-
    land as there is - in Butte County. Joun BRALL, {{{Biggs}}}. As fine a piece of land as there is in this county
  id per_reno-gazette-journal_reno-evening-gazette_1888-01-19_24_91
    annum. Buy ticket to {{{Biggs}}}. Fare from San Franciscd, $5.20; from Oroville to {{{Biggs}}} mento, $2.20. Stages
    three miles from Gridley, an The fo miles from {{{Biggs}}}, on the Oregon and California Railroad, and seventy-
  id per_reno-gazette-journal_reno-evening-gazette_1888-01-14_24_87
    circulars ADDRESS, and ticket to {{{Biggs}}}. Fare , $2.20. Stages from Oroville to {{{Biggs}}} pass This section of Butte
    Oroville, three miles from Gridley, an miles from {{{Biggs}}}, on the Oregon and California Railroad, and seventy-
  id per_reno-gazette-journal_reno-evening-gazette_1888-02-15_24_114
    leis Lever. ticket to {{{Biggs}}}. Fare from San Francisco, $5. een from Oroville to {{{Biggs}}} pase the H with Loss
    three miles from Gridley, an The ‘ae miles from {{{Biggs}}}, on the Oregon and California Railroad, and seventy-
  id per_reno-gazette-journal_reno-evening-gazette_1888-01-30_24_100
    annum U Buy ticket to {{{Biggs}}}. Ea from San Francisco, $5. Stages from Oroville to {{{Biggs}}} pass the land ars.
    three miles from Gridley, an The two miles from {{{Biggs}}}, on the Oregon and California Railroad, and seventy-
  id per_reno-gazette-journal_reno-evening-gazette_1888-01-04_24_78
    Oroville, three miles from Gridley, and two miles from {{{Biggs}}}, on the Oregon and California Railroad, and seventy-
    good land as there is in Butte County. JoHn BEALL, {{{Biggs}}}. rected to the se ing of L’oCTOR + VHA Hs © This
E611b | "shipments of forage" Monroe Biggs | 10
  id 11037389bsb
    35h 06 2545 Bask Cat light-house and Fort {{{Monroe}}}. Fort {{{Monroe}}} and Yorktown... Yorktown and Fort Magruder
    Major General Butler, whose u were at Fortress {{{Monroe}}}. of the army of the Shenandoah, commanded by MajorGen-
  id annualreportswa57deptgoog
    . do Fort {{{Monroe}}}. Unknown ... do Fort {{{Monroe}}}. Unknown . . . Fort {{{Monroe}}}. Unknown . . .
    . Fort {{{Monroe}}}. ...... do . . . . . Unknown . . . .do. .do. .do. .do. do. do. Fort {{{Monroe}}}. do...
  id housedocumentso69unkngoog
    (cable) , Back Creek light-house and Fort {{{Monroe}}} Fort {{{Monroe}}} and Yorktown YorktowQ and Fort Magruder
    General Butler, whose l^eadquartera were at Fortress {{{Monroe}}}. The headquarters of the army of the Shenandoah
  id cu31924079575381
    the, July 9, 1864, 499. {{{Monroe}}}, Francis, 919. {{{Monroe}}}, Ivors, 895. {{{Monroe}}}, James, 920. Honroe,
    , Back Creek Light-House and Fort {{{Monroe}}} Fort {{{Monroe}}} aud Yorktown Torktown and Fort Magruder
  id shermanshorsemen0000davi
    introduced himself to {{{Biggs}}} as a Massachu- setts man and asked that his property be spared. {{{Biggs}}} politely refused
    “about fourteen miles” from {{{Monroe}}}. Fair Play is about eleven miles from {{{Monroe}}}. 10. Turner published his
  id shermanshorsemen0000evan
    introduced himself to {{{Biggs}}} as a Massachu- setts man and asked that his property be spared. {{{Biggs}}} politely refused
    “about fourteen miles” from {{{Monroe}}}. Fair Play is about eleven miles from {{{Monroe}}}. 10. Turner published his
E611c | "S. L. Brown" forage Biggs 1864 | 10
  id housedocumentso69unkngoog
    Jannaiy I, {{{1864}}}, to June 30, {{{1864}}}, per last report 48, 719 From January 1. {{{1864}}}, to June 30, {{{1864}}}, per
    from January 1, {{{1864}}}. to June 30, {{{1864}}} 51, 756 From June 30, {{{1864}}} to December 31, {{{1864}}} 98, 555 From
  id annualreportswa57deptgoog
    June 30, {{{1864}}} 51, 756 From June 30, {{{1864}}} to December 31, {{{1864}}} 98. 555 From Jan
    January, {{{1864}}}, viz : CAVALRY HORSES. Sold from January 1, {{{1864}}}, to June 30, {{{1864}}}
  id warofrebellion05unit_0
    . November . December . January . {{{1864}}} {{{1864}}} {{{1864}}} {{{1864}}} {{{1864}}} {{{1864}}} 1865 4, 618 4, 781 4, 384 6, 225
    States— From February 23, {{{1864}}}, to October 31, {{{1864}}} - From November 1, {{{1864}}}, to November 1, 1865
  id cu31924079575381
    . November. December . January .. {{{1864}}} {{{1864}}} {{{1864}}} {{{1864}}} {{{1864}}} {{{1864}}} 1865 4,618 4,781 4.384 6,225 4,764 1
    February 23, {{{1864}}}, to October 31, {{{1864}}} _ 10, 242, 599. 25 . From November 1 , {{{1864}}}, to November
  id warrebellionaco17offigoog
    October... November. December. Jaonary .. {{{1864}}} {{{1864}}} 1664 1861 {{{1864}}} J864 1865 4,618 4,781 ; 4.384 6,225 4
    1864, to June 30, {{{1864}}} 51,756 From June 80, {{{1864}}}, to December 31, {{{1864}}} 98,555 From January
  id warofrebellionco0005brig_z2b7
    January 1, {{{1864}}}, to June 30, {{{1864}}}, per last report_---.--------- pene 48, 719 From January 1, {{{1864}}}, to June
    the act of July 4, {{{1864}}} (General Orders, No. 224, Adjutant-General’s Office, {{{1864}}}), whether for the term
E612a | "Captain Ferry" Memphis Allen Louisville | 0
E612b | "not satisfied with your conduct" Ferry | 10
  id dispatchesdukew00wellgoog
    passage of troops, either in the way of bridge, or to {{{ferry}}} them over. ‘ J have the honor to be, &c. ‘ Vice
    service directed. ‘I shall pay the proprietor of the {{{ferry}}} boats any reasonable sum for the time they may be
  id outlawgold0000unse
    so many people wanted to cross the river and the {{{ferry}}}-boats were all so slow that there was a lot of impatient
    answered with a sigh. “Douglas is {{{not satisfied with your conduct}}}.” Decker said carelessly, “I know.
  id dikesandditches01optigoog
    the boat. At two o'clock all hands embarked in a {{{ferry}}}-boat, which conveyed them to the T^te de Flandre
    writing a few lines. " Duncan, I am {{{not satisfied with your conduct}}}." *' I am not satisfied with it myself
  id dikesditches00adam
    At two o’clock all hands embarked in a {{{ferry}}}-boat, which conveyed them to the Tete de
    few lines. “ Duncan, I am {{{not satisfied with your conduct}}}.” “ I am not satisfied with
  id dikesditchesoryo00opti
    At two o'clock all hands embarked in a {{{ferry}}}-boat, which conveyed them to the Tete de
    few lines. " Duncan, I am {{{not satisfied with your conduct}}}." " I am not satisfied with
  id dikesditchesoryo00optirich
    At two o'clock all hands embarked in a {{{ferry}}}-boat, which conveyed them to the Tete de
    few lines. " Duncan, I am {{{not satisfied with your conduct}}}." " I am not satisfied with
E620a | "Beverly Tucker" "Niagara Falls" Odell | 10
  id teachingchildtor0000bond
    Catherine’s, opposite {{{Niagara Falls}}}. The Chief stationed detective John {{{Odell}}} on the American side, out
    Tucker over the border {{{Odell}}} was to appear and put both of them under arrest. {{{Odell}}} was to show no recognition
  id sim_new-york-times_the-new-york-times_1889-05-28_38_11777
    LY RECALLED BY HARRISON’S ATTI- TUDE TOWARD {{{BEVERLY TUCKER}}}. WASHINGTON, May 27.—The President has made
    Harrison bas announced the appointment of Nr. {{{Beverly Tucker}}} of West Virginia as Special Envoy to Hayti
  id sim_new-york-times_1889-05-28_38_11777
    LY RECALLED BY HARRISON’S ATTI- TUDE TOWARD {{{BEVERLY TUCKER}}}. WASHINGTON, May 27.—The President has made
    Harrison has announced the appointment of Mr. {{{Beverly Tucker}}} of West Virginia as Special Envoy to Hayti
  id per_alexandria-gazette-packet_alexandria-gazette_1900-09-04_91_209
    was rescued by Life Guard Drinkwater and Rev. {{{Beverly Tucker}}}. She was about to go down for the last time
    Republicans. Saratoga, N. Y., Sept. 4.—The names “{{{Odell}}}” and **Woodruff” will be placed in nomination by
  id voicefrompitcamp00trai
    Scott. John A. Griswold. J. Lazear. W. F. {{{Odell}}}. A. H. Cofferth. Ezra Wheeler. Sam. J. Eandall
    the next day, Saturday, started for {{{Niagara Falls}}} to meet the Richmond Peace Delegates.
  id sim_new-york-times_1889-05-29_38_11778
    improve both. THE {{{BEVERLY TUCKER}}} INCIDENT. The nomination of {{{BEVERLY TUCKER}}} of West Virginia to any
    28.—The nominations of Gen. Lew Wallace and {{{Beverly Tucker}}} to be Special Envoys to Hayti, made last night
E620b | "officer of sufficient discretion" Tucker | 0
E620c | "John Odell" Tucker | 10
  id ancestorsofbingh00scov
    Ay' ,vP ODELL GENEALOGY -125- {{{John Odell}}} and Joanna Walker {{{JOHN ODELL}}} (son of WILLIM ODELL and
    married 2 May 1635 at to HONOR {{{TUCKER}}} (daughter of JOHN {{{TUCKER}}} and URITH ), born at
  id sim_new-england-historical-and-genealogical-register_1891-01_45
    son of {{{John Odell}}} 1610, June 3, Richard son of {{{John Odell}}} 1611, Jan. 26, Edward, son of {{{John Odell}}} 1613
    of {{{John Odell}}} 1616, July 21, Johan, dau. of {{{John Odell}}} 1619, Oct. 3, Joane, dau. of {{{John Odell}}} Marriages
  id marylandvirginia0000doli
    William Duckett, {{{John Odell}}}, Andrew Gibson, Jacob and Joseph Duckett and {{{John Odell}}}, as principal buyers
    retained "for myself" ({{{John Odell}}}) 141.80 RETURN - Feb. 4, 1828 - {{{John Odell}}}, Adm. "I have not done nothing
  id newenglandhistorv45wate
    William, son of {{{John Odell}}}, Senr. 1624, Jan. 1, Tho., son of {{{John Odell}}} Marriages. 1604,
    1620, Oct. 23, {{{John Odell}}} and Suzan Stanbridge 1622, Oct. 22, {{{John Odell}}} m. Em. Dobes. 1624
  id selwynhouseschoo1969selw
    with the presence of His Worship M. L. {{{Tucker}}}, D.S.O., Mayor of Westmount, as our guest
    honour. Before presenting the prizes. Mayor {{{Tucker}}} addressed his remarks particularly to the
  id oldpendletondist11youn
    Henson, Samuel 13 Henderson, James 17 Hill, {{{John Odell}}} 47 Honey, Abel 14 Horton, Grief 16 Jemima 16
    Thompson, William 5 Trimmier, Obediah 5-46 Thomas 46 {{{Tucker}}}, DJ 4l Tugaloo River 13-37-20-29 45 Turner, James
E621a | "arms were sent from here to Harper's Ferry" | 0
E621b | Garrett "Harper's Ferry" arms "delayed on the railroad" | 0
N2SAa | "frauds and inefficiencies" | 10
  id hermanhusband0000mary
    obscured and made ineffective by the {{{frauds and inefficiencies}}} of existing government. It was their duty
    duty to make ineffective these {{{frauds and inefficiencies}}} as the Sons of Liberty had made ineffective
  id reflections1934dedh
    campaigns against all the government {{{frauds and inefficiencies}}}. There is an enormous field for
  id sim_internal-auditing_march-april-2007_22_2
    organizations may continue to experience errors, {{{frauds, and inefficiencies}}} that can heighten their risk of financial
  id sim_industrial-accountant_july-september-1979_19_3
    safeguard against misappropriations, {{{frauds and inefficiencies}}}. The Government may well avail of their
  id sim_american-spectator_1990-09_23_9
    that goal. This in turn led to the usual {{{frauds and inefficiencies}}}. Inasmuch as doctors were often paid per
  id american-spectator
    that goal. This in turn led to the usual {{{frauds and inefficiencies}}}. Inasmuch as -doctors were often paid
N2SAb | "alleged frauds" "Fort Smith" Canby Halleck | 10
  id americanindianun00abel
    883 “Rough Draft of {{{Fort Smith}}} Negotiations, 1865.” The Peace Council at {{{Fort Smith}}} 179 and, on resuming
    312). The Peace Council at {{{Fort Smith}}} 197 in an appearance at {{{Fort Smith}}}, and it saw also the reading
  id americanindianun0000anni
    88 “Rough Draft of {{{Fort Smith}}} Negotiations, 1865.” The Peace Council at {{{Fort Smith}}} 179 and, on resuming
    312). The Peace Council at {{{Fort Smith}}} 197 in an appearance at {{{Fort Smith}}}, and it saw also the reading
  id americanindianun0000abel
    “Rough Draft of {{{Fort Smith}}} Negotiations, 1865.” The Peace Council at {{{Fort Smith}}} 179 and, on resuming
    The Peace Council at {{{Fort Smith}}} 197 in an appearance at {{{Fort Smith}}}, and it saw also the
  id americanindianas0003anni
    883 “Rough Draft of {{{Fort Smith}}} Negotiations, 1865.” The Peace Council at {{{Fort Smith}}} 179 and, on resuming
    312). The Peace Council at {{{Fort Smith}}} 197 in an appearance at {{{Fort Smith}}}, and it saw also the reading
  id americanindianun0003unse
    383 “Rough Draft of {{{Fort Smith}}} Negotiations, 1865.” The Peace Council at {{{Fort Smith}}} 179 and, on resuming
    312). The Peace Council at {{{Fort Smith}}} 197 in an appearance at {{{Fort Smith}}}, and it saw also the reading
  id slaveholdingindiv3abel
    "Rough Draft of {{{Fort Smith}}} Negotiations, 1865." The Peace Council at {{{Fort Smith}}} 179 and, on
    The Peace Council at {{{Fort Smith}}} 197 in an appearance at {{{Fort Smith}}}, and it saw also the
N2SAc | "Kirby Smith, Price" "full discretion" | 8
  id warofrebellion014103rootrich
    operate against Price & Co. He has {{{full discretion}}} how to operate. H. W. HALLECK, Major-
    Territory. General Grant has given Smith {{{full discretion}}} to act with his command as he may
  id 11548844bsb
    given Smith {{{full discretion}}} to act with his command as he may deem best against {{{Kirby Smith, Price}}} & Co. H
    River to operate against Price & Co. He has {{{full discretion}}} how to operate. H. W. HALLECK, Major-General
  id warofrebellionco0041unit
    operate against Price & Co. He has {{{full discretion}}} how to operate. H. W. HALLECK, Major-General
    Territory. General Grant has given Smith {{{full discretion}}} to act with his command as he may
  id warofrebellion413unit
    operate against Price & Co. He has {{{full discretion}}} how to operate. H. W. HALLECK, Major-
    Territory. General Grant has given Smith {{{full discretion}}} to act Avith his command as he may
  id warofrebellionco0041unit_e5e8
    given Smith {{{full discretion}}} to act with his command as he may deem best against {{{Kirby Smith, Price}}} & Co. H
    River to operate against Price & Co. He has {{{full discretion}}} how to operate. H. W. HALLECK, Major-General
  id warofrebellionco0041dani
    given Smith {{{full discretion}}} to act with his command as he may deem best against {{{Kirby Smith, Price}}} & Co. H
    River to operate against Price & Co. He has {{{full discretion}}} how to operate. ) H. W. HALLECK, Major-General
be-api requests 14
