E620d | "Odell" "Beverly Tucker" | 10
  id lexicon197436lexi
    Sommers, Eric Disher, Grover Roberts. Lloyd Leonard, {{{Odell}}} Albright, Anthony Battle, Wayne Dalton, Ben Training
    Bill Fritts, Kent Kepley, Ann Bowers, Ken Dickson, {{{Odell}}} Albright, Joni Thomason. Third column: Tom Lawrence
  id usmodernist-AIAVA-1968-12
    built for the City of Hampton. Designed by A. С. {{{Odell}}}, Jr. and Associates of Charlotte, N. C., the cir-
    COMPANY (C. P, STREET CONSTRUCTION COMPANY) A. G. {{{ODELL}}}, JR. & ASSOCIATES, PVC—Architects SEVERUD-PERRO
  id classmates-yearbook-55481-1960-stanton-high-school
    Dolores Shipp Brenda Standefer Donald Thigpen {{{Beverly Tucker}}} Josefina Villa Lynda Ann White Jimmy Wilkerson
    Sheila Turner, Reba Saunders, Carol Nichols, {{{Beverly Tucker}}}, Shirley Graves, Brenda Stan- derfer, Eva Montez
  id usmodernist-1962-06
    Architects & Builders in the News |... 32 А. G. {{{Odell}}}, Jr. Named Vice President. 33 Calendar of Events
    WACHOVIA BANK AND TRUST CO. raleigh мавт: А. С. {{{ODELL}}}, JR. AND ASSOCIATES charlotte GUY Е. CRAMPTON AND
  id deathtotraitorss0000moge
    particularly difficult job was to be done. “{{{Odell}}}, {{{Odell}}}, {{{Odell}}}.” Baker had run mentally through a number
    attracted to the {{{Odell}}} parlor and the {{{Odell}}} boys. He often led them by the hand to school. {{{Odell}}} disappeared
  id sim_new-york-times_the-new-york-times_1889-05-28_38_11777
    LY RECALLED BY HARRISON’S ATTI- TUDE TOWARD {{{BEVERLY TUCKER}}}. WASHINGTON, May 27.—The President has made
    Harrison bas announced the appointment of Nr. {{{Beverly Tucker}}} of West Virginia as Special Envoy to Hayti
E620e | "Beverly Tucker" Dix Dana 1864 Niagara | 10
  id confederateopera0000kinc
    John {{{Dix}}} to Stanton, September 30, {{{1864}}}. 27 Depositions of Campbell and Denison, enclosed with {{{Dix}}} to Stanton
    1, {{{1864}}}. 33 Young to Clay, November 21, {{{1864}}}, “Clay Papers.” 34 Tucker to Clay, December 9, {{{1864}}}, “Clay
  id cihm_04954
    4° of each. (5) {{{Dix}}}, John A., Maj-Gen., Cabinet Officer, a. 7.5. 2 pages 4° 1845. {{{Dix}}}, John A., Maj-Gen
    8 Acassiz, Louis. Scientist, a. 7. 5. 1 page 8° {{{1864}}};—Joseph Henry. Scientist, 7s. 1 page 8° 1876. (2)
  id cataloguecollec00cogoog
    (5) 256 {{{Dix}}}, John A., Maj-Gen., Cabinet Officer, a, /. s, 2 pages 4° 1845. 257 {{{Dix}}}, John A., Maj-Gen
    Agassiz, Louis. Scientist, a, /. s. i page 8° {{{1864}}};—JosephO/JfTgF ^ Henry, Scientist, /. s, 1
  id teachingchildtor0000bond
    them—S. W. Ashley. Baker started im- mediately for {{{Niagara}}} Falls. In Rochester he hired a colored servant
    convivialities. Three days after his arrival at {{{Niagara}}} Falls, Lafe’s Negro servant handed him a card.
  id tradewithrebelli00unit
    000 10, 000 Nov. 14, {{{1864}}} Nov. 15, {{{1864}}} . do . Nov. 16, {{{1864}}} Nov. 17, {{{1864}}} 4, 000 10,000 15, 000
    25, {{{1864}}} Nov. 29, {{{1864}}} Dec. 1, {{{1864}}} ... do . Col. Jeffries and others. Dec. 3, {{{1864}}} . . do
  id wilkesboothcamet0000star
    not an {{{1864}}} contemporary’s assessment. To the citizens of the North halfway into {{{1864}}}, the
    even damnable,” {{{Dana}}} wrote.. It was Lincoln’s way of easing the tension, {{{Dana}}} would ob¬ serve
E620f | "cross at Niagara Falls" Tucker | 10
  id targetamericasni0000mcew_o3h0
    Canadian passport,” Pope advised. “You can {{{cross at Niagara Falls}}}. Pll have a woman there wait- ing to bring
    unauthorized rescue mission into the Waigal Valley, and ‘{{{Tucker}}}- man too had eventually paid the price for his
  id targetamerica0000mcew
    Canadian passport,’ Pope advised. “You can {{{cross at Niagara Falls}}}. Pl have a woman there waiting to bring
    of the men apparently being her boyfriend, and {{{Tucker}}}- man busted her in the face with the stock of the
  id targetamericasni0000mcew
    Canadian passport,” Pope advised. “You can {{{cross at Niagara Falls}}}. I'll have a woman there waiting to bring
    president, so it was remotely possible that he and {{{Tucker}}}- man would just be left behind for the police to
  id sim_los-angeles-times_los-angeles-times_1982-02-08
    lead Niagara to a 92-77 victory over Holy {{{Cross at Niagara Falls}}}, N.Y. . . . Hawaii led throughout and beat
    Reserves ................-. 223.6 26 12.1 11.9 {{{Tucker}}} Anthony Cash Mgmt............ s 116 113 Multi-faceted
  id sanitarynewsheal06chic
    hospital: Smith & Forbes, $2,600; I. N. {{{Tucker}}}, $2,177; John P. Santry, $2,150; J. F. Cronin
    of Spain were disregarded. Mr. James C. {{{Tucker}}}, superintendent of buildings, of Huston,
  id peoplemakingpubl0000robe
    economic future. A U.S. motorist could {{{cross at Niagara Falls}}}, and drive to Hamilton or Toronto on the
    National Public Works Week May 20-26, 1979 Spencer {{{Tucker}}} Works Department was commended by an outside consulting
E620g | "Tucker will cross" | 0
E621c | Garrett Halleck "Harper's Ferry" "have not arrived" | 10
  id warofrebellionco1371unit
    arrived at {{{Harper's Ferry}}}. General Weber at 6.30 6 m. yesterday evacuated {{{Harper's Ferry}}} to occupy
    S. Army, of operations about {{{Harper's Ferry}}}. {{{Harper's Ferry}}}, W. Va.. July 4, 1854. (Received
  id warofrebellion013701rootrich
    at {{{Harper's Ferry}}}, General Weber at 0.30 p. . m. yesterday evacuated {{{Harper's Ferry}}} to
    S. Army, of operations about {{{Harper's Ferry}}}. {{{HARPER'S FERRY}}}, W. VA., July 4, 18G4. (Received
  id warofrebellion371unit
    arrived at {{{Harper’s Ferry}}}, General Weber at 6.30 p. m. yesterday evacuated {{{Harper’s Ferry}}} to occupy
    S. Army, of operations about {{{Harper’s Ferry}}}. {{{Harper’s Ferry}}}, W. Va., July 4, 1864. (Received
  id congressionalse260offigoog
    dier- General. Major-General {{{Halleck}}}, Chief of Staff. {{{Harper's Ferry}}}, W. Va., Jtdy 4, 1864— 10
    Brigadier-Oeneral. Maj. Gen. H. W. {{{Halleck}}}, Chief of Staff. {{{Harper's Ferry}}}, W. Va., July 4, 1864. (Received
  id cu31924077728289
    Hunter to {{{Halleck}}}, second line, erase [sic] and insert routes. Grant to {{{Halleck}}}, second communication
    arrived at {{{Harper's Ferry}}}, General Weber at 6.30 &m. yesterday evacuated {{{Harper's Ferry}}} to occupy
  id warofrebellionco0037unit
    arrived at {{{Harper’s Ferry}}}, General Weber at 6.30 p. m. yesterday evacuated {{{Harper’s Ferry}}} to occupy
    S. Army, of operations about {{{Harper’s Ferry}}}. {{{Harper’s Ferry}}}, W. Va., July 4, 1864. (Received
E621d | "arms" "Harper's Ferry" "afternoon of the 5th" | 10
  id briefhistoryof00mcde
    crossed the Potomac river on pon- toons to {{{Harper's Ferry}}}, Va. Gen. Sedgewick was placed in command
    of the Ball's Bluff lO disaster. At {{{Harper's Ferry}}} all the troops in the vicinity were
  id 05274639.3132.emory.edu
    crossed the Potomac river on pon- toons to {{{Harper's Ferry}}}, Va. Gen. Sedgewick was placed in command
    of the Ball's Bluff IO disaster. At {{{Harper's Ferry}}} all the troops in the vicinity were
  id inmemoriamhasbro00davi
    cut his way out of {{{Harper's Ferry}}}. The column left {{{Harper's Ferry}}} at 8 p. m., and proceeded
    Virginia, September 12, 1862, arrived at {{{Harper's Ferry}}} same day, and cut its way out of that
  id per_civil-war-and-reconstruction_the-campaigns-of-ge-ert-e-lee_early-jubal-anders_1872
    thousand stand of excellent small {{{arms}}}, and immense stores at {{{Harper’s Ferry}}}. And at the close of the cam-
    of siege guns. General Lee’s whole force, of all {{{arms}}}, including the troops of Magruder, Huger, Holmes
  id campaignsgenrob00earlrich
    stand of excellent small {{{arms}}}, and immense stores at {{{Harper's Ferry}}}. And at the close of
    siege guns. General Lee's whole force, of all {{{arms}}}, including the troops of Magruder, Huger,
  id volume6campaigns0000unse
    captured at {{{Harper’s Ferry}}} 11,000 men, seventy-three guns, and thirteen thousand small {{{arms}}}; there, too
    6 caissons, 1,900 small {{{arms}}}, 60 carbines, a quantity of shells and small {{{arms}}}, 16 battle-flags, 2 United
E612c | "Captain Ferry" Memphis quartermaster 1864 | 10
  id per_the-pittsburgh-commercial-14556_the-pittsburgh-commercial_1864-03-17
    CAVALRY BUREAU, F CHIEF {{{QUARTERMASTER}}}, OP ASHINOTON, D. C., March 8, {{{1864}}}. nd forty-seven ($147) dollars
    Perfumery, |***"'* t {{{Quartermaster}}} 12th Reg't, Sii i Se 14th Reg’t. {{{Quartermaster}}} 13th Reg’t. HEADQUARTERS
  id xt77h41jks3p
    is H. L. Briddy, formerly editor of the {{{Memphis}}} Argus. {{{Memphis}}} cotton market stagnant. Gjod middling 71;
    a race. To close let day January, {{{1864}}}. ASSOCIATION STAKE, FALL {{{1864}}}. Sweepfliake 1st day Full Meeting
  id xt75736m2t0s
    Captain Swigurt, {{{Quartermaster}}} of Transportation at Cincinnati; {{{Captain Ferry}}}, {{{Quartermaster}}} of Transportation
    Nearly ail of the contractors, together with the {{{Quartermaster}}} and their clerks, are now in that institution
  id xt7k6d5pc35s
    Captain Swigart, {{{Quartermaster}}} of transportation at Cincinnati; {{{Captain Ferry}}}, {{{Quartermaster}}} of transportation
    race.* To close 1st day January, {{{1864}}}. GALT nOl-SK STAKE, FALL {{{1864}}}. Sweepstake 5th day Fall Meeting
  id xt73ff3kzv7s
    Captain Swigart, {{{Quartermaster}}} of Transportation at Cincinnati: {{{Captain Ferry}}}, {{{Quartermaster}}} of Transportation
    would disband bis force. The steamer Belle {{{Memphis}}}, with {{{Memphis}}} dalts to the 4th, has arrived, having on
  id xt7fbg2h9m80
    day January, {{{1864}}}. ASSOCIATION STAKE, FALL {{{1864}}}. Swrepstako 1st day Fall Meeting, {{{1864}}}, for Colts and
    were seat to {{{Memphis}}} and Louisville from here to-day. The steamer St. Patrick, from {{{Memphis}}} the 14th, has
E612d | Meigs Allen "Captain Ferry" | 0
E611d | "Colonel Biggs" forage "Fort Monroe" 1864 Meigs | 10
  id warofrebellionco0036unit_x0c4
    AND NORTH CAROLINA, FROM MAY 20, {{{1864}}}, TO JUNE 12, {{{1864}}}.* UNION CORRESPONDENCE, ETC. Headquarters
    May 20, {{{1864}}}—5.30 a. m. Headquarters Third Division. Fifth Corps. May 20. {{{1864}}}—4.30 a. m
  id warofrebellion013603rootrich
    following indorsement : MAY 20, {{{1864}}}. Brigadier-General {{{MEIGS}}}. Quartermaster-General : The pontoons
    P. LEE,. Acting Rear-Admiral. {{{FORT MONROE}}}, VA.. Mai/ 20. {{{1864}}}—6 p. m. (Received 6.50 p. m
  id cu31924077728271
    following indorsement : May 30, {{{1864}}}. Brigadier-General {{{Meigs}}}, Quartemiaster-General : The pontoons
    M. C. {{{MEIGS}}}, Quartermaster- General. Headquarters Army of the Potomac. May 20, {{{1864}}}—9.30 p
  id warrebellion01unkngoog
    following indorsement : May 20, {{{1864}}}. Brigadier-<^^eral {{{Meigs}}}, Quartermaster-Cfeneral : The pontoons
    M. C. {{{MEIGS}}}, Quartermaster' Oeneral. Headquarters Army of the Potomac. May 20, {{{1864}}}—9.30 p
  id warofrebellion363unit
    AND NORTH CAROLINA, FROM MAY 20, {{{1864}}}, TO JUNE 12, {{{1864}}}.* UNION CORRESPONDENCE, ETC- Headquarters
    May 20, {{{1864}}}—5.30 a. m. Headquarters Third Division, Fifth Corps, May 20, {{{1864}}}—4.30 a. m
  id warofrebellionco0036unit_l3s6
    VIRGINIA AND NORTH. CAROLINA, FROM MAY 20, {{{1864}}}, TO JUNE 12, {{{1864}}}.* UNION CORRESPONDENCH, HTC. HEADQUARTERS
    the following indorsement : May 20, {{{1864}}}. Brigadier-General {{{MEIGs}}}, Quartermaster-General : The pontoons
E611e | "60,000 animals" forage Washington Meigs | 0
be-api requests 10
