ctl-s34 | "Quartermaster-General" | warofrebellion0304rootrich | 0
E611f | Biggs forage | warofrebellion0304rootrich | 0
E611g | "tons of hay" Monroe | warofrebellion0304rootrich | 0
E612e | Ferry Memphis | warofrebellion0304rootrich | 0
E612f | "Captain Ferry" | xt75736m2t0s | 1
  id xt75736m2t0s
    Quartermaster of Transportation at Cincinnati; {{{Captain Ferry}}}, Quartermaster of Transportation at Loutsvil'e;
E612g | "Captain Ferry" | xt73ff3kzv7s | 1
  id xt73ff3kzv7s
    Quartermaster of Transportation at Cincinnati: {{{Captain Ferry}}}, Quartermaster of Transportation at Louisville;
E620h | Odell Tucker | deathtotraitorss0000moge | 1
  id deathtotraitorss0000moge
    particularly difficult job was to be done. “{{{Odell}}}, {{{Odell}}}, {{{Odell}}}.” Baker had run mentally through a number
    attracted to the {{{Odell}}} parlor and the {{{Odell}}} boys. He often led them by the hand to school. {{{Odell}}} disappeared
E620i | "sufficient discretion" | deathtotraitorss0000moge | 0
E620j | Odell Tucker | teachingchildtor0000bond | 1
  id teachingchildtor0000bond
    walked with {{{Tucker}}} over the border {{{Odell}}} was to appear and put both of them under arrest. {{{Odell}}} was to show
    for the Canadian city with John {{{Odell}}}. It was his plan to bring {{{Tucker}}} into the United States at Rouses’
be-api requests 9
