E611 | "daily shipments of forage" | 333
    Report of the Military Board of Allied Supply: pt. 1. [Text | 1924 | ... <b>SHIPMENTS</b> OF OATS , OATMEAL , FLOUR , TINNED MEATS , DRIED VEGETABLES &amp; CHEESE . S DIRECT <b>SHIPMENTS</b> OF OATS , FRANCE D. OF S. RESPONSIBLE FOR HANDLING ACCOUNTING AND <b>DAILY</b> DISTRIBUTION OF FOO
    The War of the rebellion: a compilation of the official records of the | 1895 | 
    Where Have All the Horses Gone? | 2017-07-19 | ... <b>daily</b>.87 A.E.F. General Orders called for feeding horses three times a <b>day</b> and watering them as often as was practicable.88 The supply of <b>forage</b> ... <b>shipments</b> from the U.S. were curtailed.
    House documents | 1895 | ... <b>forage</b> and rations , and <b>daily shipments</b> replaced the stores thus consumed . While in Savannah about the middle of January I saw General Sherman , Gen- eral Easton , his chief quartermaster , and Genera
    The War of the Rebellion | 1985 | ... <b>forage</b> , probably , exceeds the subsistence as much in bulk as in weight ... <b>shipments</b> of grain and hay were necessary to keep the animals alive . So the ... <b>Daily</b> reports from the depots of the 
    Crops and Markets | 1934 | ... <b>Forage</b>- income from . 330 <b>shipments</b> , carload , monthly , by States . Each issue Plant Seeds in each issue . prices ... <b>daily</b> and monthly , by States 48 , 108 , 239 , 428 income from . 479 cane :
E611b | "barely sufficient for daily wants" forage | 341
    The Agricultural Gazette and Modern Farming | 1902 | ... <b>wanted</b> to bring up the mangel and young clovers . Store sheep very ... <b>daily</b> in this , we have had heavy hail showers , and each morning have awoke ... <b>barely sufficient</b> to maintain the sheep and
    "Cape Times" Law Reports | 1899 | ... <b>pasture</b> land , with the result that very little pasturage was left for the ... <b>barely sufficient</b> for the erfholders &#39; <b>wants</b> but in the year 1879 the ... <b>day</b> . This evi- dence is suppor
    The Quarterly Review | 1870 | ... <b>hardly sufficient</b> | battle during great part of the <b>day</b> with in- ferior ... <b>wanting</b> . By the theory of their military system , the French should have ... <b>forage</b> . &#39; And all this on the
    History of the Orphan Brigade | 1898 | ... <b>hardly sufficient</b> to keep up the <b>daily</b> and nightly supply of blood which the persistent mosquito took not only ... <b>hay</b> , or <b>fodder</b> - they were in danger of taking the equine disease of sur
    Hansard's Parliamentary Debates | 1843 | ... <b>barely sufficient</b> to hold that post . The stores destined for the provisions of the troops were outside the ... <b>forage</b> could be got for the animals attending the army for the conveyance of stores and ar
    The Parliamentary Debates from the Year 1803 to the Present Time | 1843 | ... <b>barely sufficient</b> to hold that post . The stores destined for the provisions of the troops were outside the ... <b>forage</b> could be got for the animals attending the army murdered in the most treacherous ma
E612 | "not satisfied with your conduct" Ferry Allen | 333
    Allen's Indian Mail and Register of Intelligence for British & Foreign | 1846 | ... <b>your</b> own hands ; <b>my</b> co - operation shall <b>not</b> be wanting : but , if you neglect this opportunity , <b>no</b> aid on <b>the</b> part ... <b>ferry</b> collections . <b>The</b> provisions of this art
    Allen's Indian mail and register of intelligence for British and forei | 1846 | ... <b>your</b> own hands ; <b>my</b> co - operation shall <b>not</b> be wanting : but , if you neglect this opportunity , <b>no</b> aid on <b>the</b> part ... <b>ferry</b> collections . <b>The</b> provisions of this art
    Allen's Indian Mail, and Register of Intelligence for British and Fore | 1846 | ... <b>your</b> own hands ; <b>my</b> co - operation shall <b>not</b> be wanting : but , if you neglect this opportunity , <b>no</b> aid on <b>the</b> part ... <b>ferry</b> collections . <b>The</b> provisions of this art
    Allen's Indian mail and register of intelligence for British and forei | 1881 | ... <b>conduct</b> in command of <b>the</b> trenches . He was wounded on <b>the</b> night of October ... <b>your</b> arrangements in India . ( Applause . ) This statement represents that ... <b>not</b> participated in <b
    The Congressional globe | 1868 | ... <b>not</b> prevail to strike out <b>the</b> appropriation of $ 100,000 . If it does prevail I trust you will strike out <b>the</b> Court ... <b>satisfied with my</b> proposition and adopt it . I Mr. PRUYN . I rise to
    Congressional Record | 1890 | ... <b>ALLEN</b> , of Michigan . I rise to a parliamentary inquiry . What effect will ... <b>Your</b> committee is <b>satisfied</b> this case wou&#39;d have been granted but for delay ... <b>not</b> be left alone , requi
E612b | "Captain Ferry" Memphis Allen | 5
    The War of the Rebellion: v. 1-53 [serial no. 1-111] Formal reports, b | 1880 | ... <b>Captain Ferry</b> , and which my own experience fully confirms , may be held strictly accountable . I am glad to know ... <b>Allen</b> , under whom it has been my good fortune so long to serve , and I feel confide
    The War of the Rebellion | 1898 | ... <b>Captain Ferry</b> , and which my own experience fully confirms , may be held strictly accountable . I am glad to know ... <b>Allen</b> , under whom it has been my good fortune so long to serve , and I feel confide
    House Documents | 1898 | ... <b>Captain Ferry</b> , and which my own experience fully confirms , may be held ... <b>Allen</b> , under whom it has been my good fortune so long to serve , and I feel ... <b>Memphis</b> to the Yazoo , when I acted a
    The War of the rebellion: a compilation of the official records of the | 1902 | 
    Army-Navy-Air Force Register and Defense Times | 1906 | ... <b>Allen</b> of the Navy , Edward Torney , Frank Torney , Mrs. J. Campbell Shorb , <b>Captain Ferry</b> ... <b>Memphis</b> Limited , via Lynchburg - First - class coach and sleeping - car to ... <b>Memphis</b> , New 
E620 | "Beverly Tucker will cross" | 328
    Beverley Tucker | 1978 | ... <b>cross</b> that he had spurned thro &#39; life . &quot; Yet nothing <b>could</b> so satisfy a son&#39;s heart , it seemed , as to win his father to that same conviction of the <b>cross</b> . St. George <b>Tucker</b
    The War of the Rebellion | 1897 | ... <b>Beverly Tucker</b> , and W. C. Cleary incited and concerted the assassination of Mr. Lincoln and the attempted assassina ... <b>will</b> do . The road <b>can</b> be repaired in about thirty days . A bridge <b>is</
    The War of the Rebellion: v. 1-53 [serial no. 1-111] Formal reports, b | 1897 | ... <b>Beverly Tucker</b> , and W. C. Cleary incited and concerted the assassination of Mr. Lincoln and the attempted assassina ... <b>will</b> do . The road <b>can</b> be repaired in about thirty days . A bridge <b>is</
    The War of the rebellion: a compilation of the official records of the | 1897 | 
    The War of the Rebellion | 2025-07-23 | ... <b>Beverly Tucker</b> , and W. C. Cleary incited and concerted the assassination of Mr. Lincoln and the attempted assassina ... <b>will</b> do . The road <b>can</b> be repaired in about thirty days . A bridge <b>is</
    A Record of Unfashionable Crosses in Short-horn Cattle Pedigrees | 1887 | ... <b>Bev Tucker</b> PS 61631 Barringtonia&#39;s Grand Duke - Ky I 61727 Big Sam ... M 61633 Barrington Lad .. C 61728 Bill M 61636 Barrington Ward .... PS 61729 Bill Ferguson . RR 61637 Barrington of Zanesville . RR 61
E620b | "officer of sufficient discretion" Odell | 322
    A Treatise on the Law of Sheriffs and Other Ministerial Officers | 1890 | ... <b>discretion</b> , and take into his posses- sion an amount of property <b>sufficient</b> , when sold , in all human probability , and making due allowance for the sacrifices incident to forced sales , to realize a 
    Reports of Cases Argued and Determined in the Supreme Court of the Sta | 1880 | 
    Reports of Cases Argued and Determined in the Supreme Court of the Sta | 1872 | ... <b>Odell</b> . Hundred of B. , 1 Leon , 323 , where it was held that an action on the case lay against a justice of the ... <b>officer</b> to be satisfied from an examination , or inspection , of the affidavit presen
    Reports of Cases Argued and Determined in the Supreme Court of the Sta | 1872 | ... <b>Odell</b> . Hundred of B. , 1 Leon ... <b>discretion</b> . The <b>officer</b> does nothing thereby to conclude the rights of the parties . He merely inquires whether there is <b>sufficient</b> ... <b>Odell</b> . t
    MotorBoating | 1942-05 | ... <b>sufficient</b> to provide food over a period of several days on inshore patrols. Occasionally qualifications concerning ... <b>discretion</b> of the owner. If he is unable to furnish a full crew, the Coast Guard w
    Containing cases decided form the organization of said court [1839] to | 1872 | ... <b>Odell</b> . Hundred of B. , 1 Leon ... <b>discretion</b> . The <b>officer</b> does nothing thereby to conclude the rights of the parties . He merely inquires whether there is <b>sufficient</b> ... <b>Odell</b> . t
E621 | "arms were sent from here to Harper" | 269
    The Rebellion Record | 1871 | ... <b>Harper&#39;s</b> Ferry - a peace - offering to our Southern brethren [ &quot; that&#39;s so ... <b>arms sent</b> down <b>here</b> from <b>Harper&#39;s</b> Ferry to keep the peace- Bradley Johnson ... <b>were</b> m
    Harper's New Monthly Magazine | 1853 | ... <b>arms were here</b> , there , and every where ; he frowned , smiled , and grinned successively ; his voice , now a ... <b>sent here</b> yesterday from a woman whose husband is at sea - an offering on his behalf . &
    Harper's New Monthly Magazine | 1853 | ... <b>arms were here</b> , there , and every where ; he frowned , smiled , and grinned successively ; his voice , now a ... <b>sent here</b> yesterday from a woman whose husband is at sea - an offering on his behalf . &
    Issues in United States-Cuban Relations | 1983 | ... <b>here</b> , Mr. Chairman , and one of the things that I would do - I think it is important to do in looking at the record - is to parse some of these sentences quite carefully . You ... <b>sent</b> . Ms. <b>HARPER<
    House documents | 1897 | ... <b>arms</b> , blown up by U. S. forces ; 4,000 or 5,000 saved . Best <b>guns</b> , all ... <b>Harper&#39;s</b> Ferry to be <b>sent</b> to him . The South Carolina regiment will come <b>here</b> ... <b>were sent</b> d
    Harper's Weekly | 1861 | ... <b>were sent</b> to take down the flag , which <b>was</b> done . The heaviest part of the fight of the day followed in a charge ... <b>here</b> again raised the white flag , this time from the centre of the forti- fi
E621b | "have been delayed on the railroad" Garrett | 351
    John W. Garrett and the Baltimore and Ohio Railroad | 2017-05-25 | ... <b>delayed</b> dreams of expanding Locust Point and bridging the Ohio River , <b>Garrett</b> completed yet another goal that <b>had been</b> interrupted by the war : getting B &amp; O tracks into Pittsburgh . His fam
    Awards ... Third Division, National Railroad Adjustment Board | None | ... <b>be</b> observed by a member of <b>train</b> crew stationed at the switch until the leading truck of an engine or car <b>has</b> passed the protecting signal . &quot; &quot; 535. When a <b>train is delayed</b> at a
    Railway Age | 1887-07 | ... <b>Garrett</b> , the president of the Baltimore &amp; Ohio <b>railroad</b> company , in which it was stated that very satis factory negotiations <b>have been</b> ... <b>delayed</b> for six days on account of washouts
    Annual Report of the President and Directors to the Stockholders of th | 1888 | ... period since the establishment of the Pension Feature , October 1 , 1884 , $ 456,488.08 . Supplemental . The closing of this report <b>has been delayed</b> SEVENTY - THIRD ANNUAL REPORT OF THE BALTIMORE AND OHIO <b>R
    Auburn | 2002 | ... <b>railroad</b> near where he thought the depot would <b>be</b> located . Land acquisition negotiations broke down , however , and <b>railroad</b> officials sent Washington Cowen , the father of John W. Cowen , chief
    Railway Locomotives and Cars | 1876 | ... <b>Railway</b> . John G. Stevens , Esq . , General Manager of the ia . New York and Oswego Midland <b>Railway</b> , <b>has</b> long - looked - for , and long - <b>delayed</b> , advance prepared a report from the book
googleapis requests 8
