Y1 9835/1 | "means mischief on the Pacific coast" | 0
Y1 9835/1 | "very important to watch" "who he associates with" | 0
Y2 9877/1 | "to enable them to go home and vote" furlough 1864 | 9
    ['sim_ohio-history_winter-1970_79_1'] | election [of {{{1864}}}] the soldiers were given thirty days {{{furlough}}} {{{to enable them to go home and vote}}}. I was left
    ['historyofmarylan03scha'] |  25th  day  of July,  {{{1864}}},  and  ending  on  the  30th  day  of  July,  {{{1864}}},  and  subscribe  to  an
    ['historymaryland02thomgoog'] |  26th  day  of July,  {{{1864}}},  and  ending  on  the  30th  day  of  July,  {{{1864}}},  and  subscribe  to  an
    ['historyofmarylan0003jtho'] | 13th Jan {{{1864}}}, to 26th November, {{{1864}}}; Robert J. Jump, of Caroline County, from 26th’November, {{{1864}}}, to January
Y2 9877/1 | furlough "go home and vote" Delaware cavalry Wallace Hurlbut | 10
    ['in.ernet.dli.2015.128960'] | Department. . . See Lincoln to {{{Wallace}}}, infra. To Lewis {{{Wallace}}}^ Major General {{{Wallace}}} Executive Mansion, Baltimore
    ['collectedworksof0008royp_b4p3_8'] | . . .” See Lincoln to {{{Wallace}}}, infra. To Lewis {{{Wallace}}}’ Major General {{{Wallace}}} Executive Mansion, Baltimore
    ['lincolnonwar0000linc'] | Be  Executed” Letter  to  General  Stephen  A.  {{{Hurlbut}}},  December  17, 1863 230 “Demonstrated  in  Blood”
    ['in.ernet.dli.2015.117063'] | thirty days.” To Stephen A. {{{HurlbuT}}} Private Executive Mansion Major General {{{Hurlbut}}} Washington, Nov. 14. 1864
Y4 9826/0 | "are exempt from conscription" Mosby | 10
    ['sim_southern-magazine_1873-05_12_5'] | Randallstown, Ma. - - - . . FAIRY GOLD. £i/a F. {{{Mosby}}}, Montreal, Va. - - - - - - . UNAWARES. Jtrs. M.
    ['per_washington-post_1940-09-08_23460'] | health. * The National Guard fliers, who {{{are éxempt from conscription}}}, will months in traini Strengthening
    ['southernmagazine12balt'] | Poets — Prof.  J.  A.  Ha Fairy  Gold.— Ella  F.  {{{Mosby}}},  .  .  585 Father  Carter.— Z?.  R  ,  ....  201
    ['warofrebellion243unit'] |  their brothers. Let  those  who  {{{are  exempt  from  conscription}}}  organize  themselves  into companies
Y4 9826/0 | Mosby "valuable information" "capable of bearing arms" Upperville | 10
    ['mosbysrangersrec0000jame'] | Eaagheeeectontabontoeberoeancad 346 {{{Mosby}}}, Capt. John S. (War Picture)....... 14 {{{Mosby}}}, Col. John S. (in Groups)
    ['01385939.3282.emory.edu'] | 312 Moon,  J.  L    346 {{{Mosby}}},  Capt.  John  S.  (War  Picture)    14 {{{Mosby}}},  Col.  John  S    (in  Groups)
    ['mosbysrangersar00willgoog'] | 3x3 Moon,  J.  L    346 {{{Mosby}}},  Capt.  John  S.  (War  Picture)       14 {{{Mosby}}},  Col.  John  S   (in 
    ['bwb_S0-BMB-578'] | Ms. \\ : \ y > ' : a 7 - eS 4 A {{{MOSBY}}} SCOUT IN SIGHT OF THE ENEMY. {{{MOSBY}}} S RANGERS: A RECORD OF THE OPERATIONS
Y6 9777/1 | "large train was sent to the rear when he moved forward" | 0
Y6 9777/1 | Ricketts "Pt. Depot" Baltimore steamers be met and landed 1864 | 0
Y7 9823/3 | "Muddy Branch" cavalry "start immediately on their scout" | 0
Y7 9823/3 | "Muddy Branch" wharf Illinois cavalry August 1864 scout | 10
    ['isbn_089029046'] | January, {{{1864}}}; Drum Barracks. Cali., February and March, {{{1864}}}; Riventon, Arizona, April and May, {{{1864}}}; Tubac
    ['documentsofassem1184newy'] | March 15, {{{1864}}}, with rank from March 3, {{{1864}}}, original; first lieu- tenant, August 12, {{{1864}}}, with rank
    ['warofrebellion431unit_0'] |   {{{1864}}}, — Skirmish  in  Loudoun  County,  Va. 22,  {{{1864}}}. — Affair  at  Cove  Point,  Md. 24,  {{{1864}}}. —
    ['warofrebellion014301rootrich'] | Gordonsvillo  (23d). 21, {{{1864}}}. — Skirmish  at  Taylortown,  Va. 26-27, {{{1864}}}. — {{{Scout}}}  from  Fairfax  Court-House
Y8 9865/1 | "be prepared to meet Hood" Thomas Schofield Kent | 6
    ['historyofarmyofc0000unse'] | moved to the left of {{{Schofield}}}, and Baird moved to Johnson’s left, when Hooker, {{{Schofield}}}, and Baird moved
    ['cu31924079575357'] | M.  {{{SCHOFIELD}}}, Major-General. Louisville,  Ky.,  October  9,  1864. Mai.  Gen.  J.  M.  {{{Schofield}}}, Knoxville
    ['warofrebellion0039unse_03pt'] | J. M. {{{SCHOFIELD}}}, Major-General.   LOUISVILLE, Ky., October 9, 1864. Maj. Gen. J. M. {{{SCHOFIELD}}}, Knoxville
    ['warofrebellionco0039unit_y0l1'] |  J. M. {{{SCHOFIELD}}}, Major-General. LOUISVILLE, KyY., October 9, 1864. Maj. Gen. J. M. {{{SCHOFIELD}}}, Knoxville:
Y8 9865/1 | Thomas "two old regiments" Pope Ohio Indiana Nashville October 1864 | 0
be-api requests 12
