9778 Page 112 | have been Stomach to fall into the hands 
  torch Walnuts & it is not well to
  embarrass operations by collecting too many animals &
  wagons walrus bender - - - - -
  
  
  GD Sheldon Ft Monroe  11.30 AM  Washn July 7th 1864 
  Lieut Pandora Biggs Chf Vincent Appian zebra
  Judah directs that all available whig be
  sent to Blubber to move whistle thence
  to Growl unity Send up such weaselers
  as you have suited for this service
  Webster Belcher Florence united states of America
  
  
  10 pm  Washn July 7th 1864
  For Chart tulip The pagan prepared to send to you
  rank to churn paws Moreover they were not drilled at
  Simms pagoda yacht Allen Wayne talbot latter is almost in
  dish pin sable to mix in with militia who can
  scarcely fire a sharon tulip Neptune has been removed from
  Chapel and Howe sent to take his place till Meriden
  arrives julip Nothing heard from the latter wherry stop of
  Lobster Moscow & Lonesome I think the latter the best
  & have sent for him to night yard Early &
  Ingrate are unquestionably in this raid which is probably larger
  than we first supposed stick their special object is not
  yet devil upt yawl Embrace How are you Black horse
  

9824 Page 158 | whip is on the upper amen & will
  return by the Sharpers ---- I get the
  rum - or from a Walnut weld that hoax
  in person passed with a large number of
  whiffs this Catawba last Mon - day ---- You
  probly know by this time if the white
  be true ---- I will inform you of
  what the rome are doing this side the
  tankards sig Or - girl - drill - bore screw cut 
  
  
  No 2  2 pm
  Beckwith City Pt  Wash D. C. Aug 19. 1864
  happy Morgan Helen crowd The College
  directs me to express his gratification
  at your Sheriff in Sobering glory
  & seizing the hotel weak knees
  He thinks that a Simms blow
  tooth robin if you arable to
  hold it as he hopes you will
  Costume
  
  
  ( No 9 )  2 PM
  Carey Lexington Ky  Wash Aug 19.1864
  Pagan hannah for Bur bridge
  as Quitman <unclear>relay</unclear> has gone
  into East Chapel you must
  lookout for another raid in
  to Climax signed a plause
  

