volumes searched: 177
Y1 9835/1 | very important to watch | none
Y1 9835/1 | who he associates with | none
Y1 9835/1 | means mischief on the Pacific coast | none
Y2 9877/1 | of sufficient time to enable them to go home and vote | none
Y2 9877/1 | without prejudice to the public service | none
Y2 9877/1 | furlough | lewwallaceautobi00wall,lincolnintelegra00bates,manuscriptsofmar00grea,officialrecordso0009unse,officialrecordso0010unse,officialrecordso0015unse,officialrecordso0021unse,privateofficialc04butl,privateofficialc05butl,recollectionsofc00danauoft,reminiscencesofw00sewauoft,reportsofbvtbrig00unit,votinginfieldfor00bent,warofrebellion013403rootrich,warofrebellion013404rootrich,warofrebellion0207rootrich,warofrebellion322unit,warofrebellion323unit,warofrebellion33unit,warofrebellion352unit,warofrebellion361unit,warofrebellion362unit,warofrebellion363unit,warofrebellion371unit,warofrebellion372unit,warofrebellion402unit,warofrebellion403unit,warofrebellion414unit,warofrebellion422unit,warofrebellion423unit,warofrebellion431unit,warofrebellion432unit,warofrebellion452unit,williamhsewardau03sewa
Y3 9793/0 | moving out by the Rockville road | warofrebellion372unit
Y3 9793/0 | encumbered with a large amount of plunder | none
Y3 9793/0 | Wright moved out to Offutt | warofrebellion372unit
Y4 9826/0 | capable of bearing arms | calendarorleters0003vari,diplomaticcorres02mont,privateofficialc04butl,recollectionsofc00danauoft,reportsofbvtbrig00unit,warofrebellion013403rootrich,warofrebellion013404rootrich,warofrebellion322unit,warofrebellion323unit,warofrebellion33unit,warofrebellion352unit,warofrebellion361unit,warofrebellion362unit,warofrebellion363unit,warofrebellion372unit,warofrebellion402unit,warofrebellion403unit,warofrebellion414unit,warofrebellion422unit,warofrebellion423unit,warofrebellion431unit
Y4 9826/0 | exempt from | bim_eighteenth-century_a-collection-of-the-stat_thurloe-john_1742_1,bim_eighteenth-century_memoirs-of-the-life-and-_coxe-william_1798_1,calendarofletter0003pasc,despatchesinstru00fran,memorialsofgreat01caryuoft,officialrecordso0009unse,officialrecordso0015unse,privateofficialc05butl,reportsofbvtbrig00unit,votinginfieldfor00bent,warofrebellion0207rootrich,warofrebellion322unit,warofrebellion372unit,warofrebellion403unit,warofrebellion414unit,warofrebellion422unit,warofrebellion423unit,warofrebellion432unit,warofrebellion452unit,williamhsewardau03sewa
Y4 9826/0 | Mosby can | none
Y5 9806/2 | any rebel force at | warofrebellion372unit,warofrebellion432unit
Y5 9806/2 | We trust mainly to you and General Couch | warofrebellion372unit
Y5 9806/2 | Whatever is received here is sent to you | warofrebellion372unit
Y6 9777/1 | will begin to arrive at Baltimore | none
Y6 9777/1 | ready to forward them | none
Y6 9777/1 | without ambulances and wagons | none
Y7 9823/3 | Muddy Branch wharf | none
Y7 9823/3 | start immediately on their scout | none
Y7 9823/3 | provisional battalion of cavalry | none
Y8 9865/1 | old regiments from General Pope | none
Y8 9865/1 | be prepared to meet Hood | none
Y8 9865/1 | present himself on the Tennessee | none
lewwallaceautobi00wall | Y6 7 July 1864 (header June 7) Ricketts/Baltimore | date headings 5 | with terms 0
lincolnintelegra00bates | Y8 13 Oct 1864 Van Duzer/Thomas/Hood | date headings 6 | with terms 0
officialrecordso0010unse | Y1 6 Sep 1864 Washington/Armond | date headings 18 | with terms 0
officialrecordso0010unse | Y2 27 Oct 1864 furlough vote Wallace/Hurlbut | date headings 35 | with terms 0
officialrecordso0010unse | Y3 14 July 1864 Halleck/Hunter Edwards Ferry | date headings 29 | with terms 0
officialrecordso0010unse | Y4 25 Aug 1864 Sheridan/Mosby | date headings 29 | with terms 0
officialrecordso0010unse | Y5 31 July 1864 Couch/Hancock/Nolan | date headings 6 | with terms 0
officialrecordso0010unse | Y6 7 July 1864 (header June 7) Ricketts/Baltimore | date headings 26 | with terms 0
officialrecordso0010unse | Y7 19 Aug 1864 Muddy Branch | date headings 6 | with terms 0
officialrecordso0010unse | Y8 13 Oct 1864 Van Duzer/Thomas/Hood | date headings 17 | with terms 0
officialrecordso0015unse | Y1 6 Sep 1864 Washington/Armond | date headings 1 | with terms 0
officialrecordso0015unse | Y2 27 Oct 1864 furlough vote Wallace/Hurlbut | date headings 2 | with terms 0
officialrecordso0015unse | Y3 14 July 1864 Halleck/Hunter Edwards Ferry | date headings 1 | with terms 0
officialrecordso0015unse | Y5 31 July 1864 Couch/Hancock/Nolan | date headings 1 | with terms 0
officialrecordso0015unse | Y6 7 July 1864 (header June 7) Ricketts/Baltimore | date headings 8 | with terms 0
officialrecordso0021unse | Y1 6 Sep 1864 Washington/Armond | date headings 5 | with terms 0
officialrecordso0021unse | Y2 27 Oct 1864 furlough vote Wallace/Hurlbut | date headings 10 | with terms 0
officialrecordso0021unse | Y3 14 July 1864 Halleck/Hunter Edwards Ferry | date headings 2 | with terms 0
officialrecordso0021unse | Y4 25 Aug 1864 Sheridan/Mosby | date headings 7 | with terms 0
officialrecordso0021unse | Y5 31 July 1864 Couch/Hancock/Nolan | date headings 1 | with terms 0
officialrecordso0021unse | Y6 7 July 1864 (header June 7) Ricketts/Baltimore | date headings 9 | with terms 0
officialrecordso0021unse | Y7 19 Aug 1864 Muddy Branch | date headings 4 | with terms 0
officialrecordso0021unse | Y8 13 Oct 1864 Van Duzer/Thomas/Hood | date headings 2 | with terms 0
privateofficialc04butl | Y3 14 July 1864 Halleck/Hunter Edwards Ferry | date headings 8 | with terms 0
privateofficialc04butl | Y5 31 July 1864 Couch/Hancock/Nolan | date headings 1 | with terms 0
privateofficialc04butl | Y6 7 July 1864 (header June 7) Ricketts/Baltimore | date headings 2 | with terms 0
privateofficialc05butl | Y1 6 Sep 1864 Washington/Armond | date headings 1 | with terms 0
privateofficialc05butl | Y2 27 Oct 1864 furlough vote Wallace/Hurlbut | date headings 7 | with terms 0
privateofficialc05butl | Y4 25 Aug 1864 Sheridan/Mosby | date headings 5 | with terms 0
privateofficialc05butl | Y7 19 Aug 1864 Muddy Branch | date headings 8 | with terms 0
privateofficialc05butl | Y8 13 Oct 1864 Van Duzer/Thomas/Hood | date headings 10 | with terms 0
reportsofbvtbrig00unit | Y2 27 Oct 1864 furlough vote Wallace/Hurlbut | date headings 2 | with terms 0
votinginfieldfor00bent | Y2 27 Oct 1864 furlough vote Wallace/Hurlbut | date headings 2 | with terms 0
votinginfieldfor00bent | Y7 19 Aug 1864 Muddy Branch | date headings 1 | with terms 0
votinginfieldfor00bent | Y8 13 Oct 1864 Van Duzer/Thomas/Hood | date headings 2 | with terms 0
warofrebellion013404rootrich | Y6 7 July 1864 (header June 7) Ricketts/Baltimore | date headings 1 | with terms 0
warofrebellion0207rootrich | Y1 6 Sep 1864 Washington/Armond | date headings 14 | with terms 0
warofrebellion0207rootrich | Y2 27 Oct 1864 furlough vote Wallace/Hurlbut | date headings 20 | with terms 0
warofrebellion0207rootrich | Y3 14 July 1864 Halleck/Hunter Edwards Ferry | date headings 7 | with terms 0
warofrebellion0207rootrich | Y4 25 Aug 1864 Sheridan/Mosby | date headings 20 | with terms 0
warofrebellion0207rootrich | Y5 31 July 1864 Couch/Hancock/Nolan | date headings 8 | with terms 0
warofrebellion0207rootrich | Y6 7 July 1864 (header June 7) Ricketts/Baltimore | date headings 13 | with terms 0
warofrebellion0207rootrich | Y7 19 Aug 1864 Muddy Branch | date headings 13 | with terms 0
warofrebellion0207rootrich | Y8 13 Oct 1864 Van Duzer/Thomas/Hood | date headings 17 | with terms 0
warofrebellion323unit | Y3 14 July 1864 Halleck/Hunter Edwards Ferry | date headings 1 | with terms 0
warofrebellion352unit | Y1 6 Sep 1864 Washington/Armond | date headings 5 | with terms 0
warofrebellion352unit | Y2 27 Oct 1864 furlough vote Wallace/Hurlbut | date headings 3 | with terms 0
warofrebellion352unit | Y3 14 July 1864 Halleck/Hunter Edwards Ferry | date headings 2 | with terms 0
warofrebellion352unit | Y4 25 Aug 1864 Sheridan/Mosby | date headings 8 | with terms 0
warofrebellion352unit | Y5 31 July 1864 Couch/Hancock/Nolan | date headings 11 | with terms 0
warofrebellion352unit | Y6 7 July 1864 (header June 7) Ricketts/Baltimore | date headings 60 | with terms 0
warofrebellion352unit | Y7 19 Aug 1864 Muddy Branch | date headings 12 | with terms 0
warofrebellion352unit | Y8 13 Oct 1864 Van Duzer/Thomas/Hood | date headings 2 | with terms 0
warofrebellion361unit | Y1 6 Sep 1864 Washington/Armond | date headings 2 | with terms 0
warofrebellion361unit | Y4 25 Aug 1864 Sheridan/Mosby | date headings 1 | with terms 0
warofrebellion361unit | Y5 31 July 1864 Couch/Hancock/Nolan | date headings 18 | with terms 0
warofrebellion361unit | Y6 7 July 1864 (header June 7) Ricketts/Baltimore | date headings 7 | with terms 0
warofrebellion361unit | Y7 19 Aug 1864 Muddy Branch | date headings 3 | with terms 0
warofrebellion361unit | Y8 13 Oct 1864 Van Duzer/Thomas/Hood | date headings 6 | with terms 0
warofrebellion371unit | Y1 6 Sep 1864 Washington/Armond | date headings 1 | with terms 0
warofrebellion371unit | Y3 14 July 1864 Halleck/Hunter Edwards Ferry | date headings 17 | with terms 0
warofrebellion371unit | Y5 31 July 1864 Couch/Hancock/Nolan | date headings 1 | with terms 0
warofrebellion371unit | Y6 7 July 1864 (header June 7) Ricketts/Baltimore | date headings 41 | with terms 0
warofrebellion371unit | Y7 19 Aug 1864 Muddy Branch | date headings 1 | with terms 0
warofrebellion371unit | Y8 13 Oct 1864 Van Duzer/Thomas/Hood | date headings 1 | with terms 0
warofrebellion372unit | Y3 14 July 1864 Halleck/Hunter Edwards Ferry | date headings 126 | with terms 1
     t. Very respectfully, your obedient servant, H. M. LAZELLE, Colonel Sixteenth New York Cav., Comdg. Cav. Brig. Headquarters of the Army, Washingtoji, July 15, 1864. Maj. Gen. H. G. Wright, Commanding Army of Operation : General : Your notes from Poolesville of
warofrebellion372unit | Y5 31 July 1864 Couch/Hancock/Nolan | date headings 48 | with terms 8
      town, Funkstown, and Boonsborough, and report that the enemy have retreated to the south side of the Potomac. D. HUNTER, Major- General. Washington, July 31, 1864—9.30 p. m. Major-General Hunter, Frederick, Md. : I do not think there is any rebel force at Nol
      you do anything to prevent it ? Several of their officers and men have been killed and captured. WM. W. AVERELL, Brigadier- General. McConnellsburg, July 31, 1864. Major-General Couch : Overtook McCausland at McConnellsburg this morning at 8 a. m. , and am pr
warofrebellion372unit | Y6 7 July 1864 (header June 7) Ricketts/Baltimore | date headings 130 | with terms 7
     oad and canals without the help of the troops sent from here. U.- S. GRANT, Lieutenant- General. Headquarters Third Cavalry Division, Signal Station, July 6, 1864 — 10 p. m. (Received 10.25 p. m.) Major-General Halleck, Chief of Staff : I have shipj)ed 2,496 s
     ommand of Major Beau¬ mont, who has orders to telegraph upon his arrival in Baltimore. SHERIDAN, Major- General. Headquarters U. S. Army, City Point, July 6, 1864. (Received 7th.) M. C. Meigs, Quartermaster - G enercd : ' Ricketts’ division, of about 5,000 inf
warofrebellion402unit | Y5 31 July 1864 Couch/Hancock/Nolan | date headings 9 | with terms 0
warofrebellion402unit | Y6 7 July 1864 (header June 7) Ricketts/Baltimore | date headings 9 | with terms 0
warofrebellion403unit | Y1 6 Sep 1864 Washington/Armond | date headings 1 | with terms 0
warofrebellion403unit | Y3 14 July 1864 Halleck/Hunter Edwards Ferry | date headings 162 | with terms 1
     troying road, if not engaged with the enemy, and then return, moving well to the east in doing so. U. S. GRANT, Lieutenant- Genera U City Point, Ya.. July 14, 1864. (Received 11 p. m.) Major-General Meade : The enemy are leaving Maryland, it is supposed, by Ed
warofrebellion403unit | Y4 25 Aug 1864 Sheridan/Mosby | date headings 3 | with terms 0
warofrebellion403unit | Y5 31 July 1864 Couch/Hancock/Nolan | date headings 156 | with terms 0
warofrebellion403unit | Y6 7 July 1864 (header June 7) Ricketts/Baltimore | date headings 221 | with terms 2
     nd the latter a subordinate one. Bv command of Lieutenant-General Grant: T. S. BOWERS, Assistant Adjutant- General. Headquarters Armies, City Point , July 6 , 1864. Brig. Gen. M. C. Meigs, Quartermaster- General TJ. (8. Army, Washington, 1). C. : Ricketts’ div
     the Sixth Corps ordered to Washington and now on the way to City Point. S. WILLIAMS, Assistant Adjutant - Genera l. Headquarters Army of the Potomac, July 6 , 1864 — 10 a. m. Brigadier-General Ricketts, Commanding Division : Lieutenant-General Grant has direct
warofrebellion414unit | Y2 27 Oct 1864 furlough vote Wallace/Hurlbut | date headings 133 | with terms 0
warofrebellion414unit | Y3 14 July 1864 Halleck/Hunter Edwards Ferry | date headings 1 | with terms 0
warofrebellion414unit | Y4 25 Aug 1864 Sheridan/Mosby | date headings 1 | with terms 0
warofrebellion414unit | Y8 13 Oct 1864 Van Duzer/Thomas/Hood | date headings 2 | with terms 0
warofrebellion422unit | Y1 6 Sep 1864 Washington/Armond | date headings 72 | with terms 0
warofrebellion422unit | Y4 25 Aug 1864 Sheridan/Mosby | date headings 189 | with terms 0
warofrebellion422unit | Y5 31 July 1864 Couch/Hancock/Nolan | date headings 1 | with terms 0
warofrebellion422unit | Y7 19 Aug 1864 Muddy Branch | date headings 150 | with terms 0
warofrebellion423unit | Y2 27 Oct 1864 furlough vote Wallace/Hurlbut | date headings 201 | with terms 0
warofrebellion423unit | Y4 25 Aug 1864 Sheridan/Mosby | date headings 4 | with terms 0
warofrebellion423unit | Y7 19 Aug 1864 Muddy Branch | date headings 4 | with terms 0
warofrebellion423unit | Y8 13 Oct 1864 Van Duzer/Thomas/Hood | date headings 135 | with terms 0
warofrebellion431unit | Y8 13 Oct 1864 Van Duzer/Thomas/Hood | date headings 1 | with terms 0
warofrebellion432unit | Y1 6 Sep 1864 Washington/Armond | date headings 47 | with terms 0
warofrebellion432unit | Y2 27 Oct 1864 furlough vote Wallace/Hurlbut | date headings 43 | with terms 0
warofrebellion432unit | Y4 25 Aug 1864 Sheridan/Mosby | date headings 2 | with terms 0
warofrebellion432unit | Y7 19 Aug 1864 Muddy Branch | date headings 2 | with terms 0
warofrebellion432unit | Y8 13 Oct 1864 Van Duzer/Thomas/Hood | date headings 89 | with terms 1
     e directed Schofield to send to Thomas everything that can be spared from Kentucky. H. W. HALLECK, Major-General and Chief of Staff. City Point, Ya., October 13, 1864 — 10.30 a. m. (Received 1.40 p. m.) Bvt, Maj. Gen. M. C. Meigs, Quartermaster- General : Lieu
