volumes searched: 177
PH 9869/4 17 Oct 1864 | no troops available to reinforce Paducah | none
PH 9869/4 17 Oct 1864 | unless sent from your district | none
PH 9869/4 17 Oct 1864 | assignment of General Meredith | none
PH 9869/4 17 Oct 1864 | not deemed judicious by the War Department | none
PH 9869/4 17 Oct 1864 | require a man of more military experience | none
PH 9869/4 17 Oct 1864 | up the Tennessee can be reached | none
PH 9764/1 23 Jun 1864 | carry out | bim_eighteenth-century_a-collection-of-the-stat_thurloe-john_1742_1,calendarofclaren01bodluoft,calendarofletter0003pasc,calendarofstatep0021will,calendarorleters0003vari,charlesiin1646le00chariala,despatchesinstru00fran,diplomaticcorres01montiala,diplomaticcorres02mont,dukeportlandwelb01greauoft,elisabethfarnese00armsuoft,historyofuniteds00bake,histsecretservice00bakerich,lewwallaceautobi00wall,lincolnintelegra00bates,manuscriptsofmar00grea,memorialsofgreat01caryuoft,officialrecordso0009unse,officialrecordso0010unse,officialrecordso0015unse,officialrecordso0021unse,privateofficialc04butl,privateofficialc05butl,reminiscencesofw00sewauoft,reportsofbvtbrig00unit,votinginfieldfor00bent,warofrebellion013403rootrich,warofrebellion013404rootrich,warofrebellion0207rootrich,warofrebellion322unit,warofrebellion323unit,warofrebellion33unit,warofrebellion352unit,warofrebellion361unit,warofrebellion362unit,warofrebellion363unit,warofrebellion371unit,warofrebellion372unit,warofrebellion402unit,warofrebellion403unit,warofrebellion414unit,warofrebellion422unit,warofrebellion423unit,warofrebellion431unit,warofrebellion432unit,warofrebellion452unit,williamhsewardau03sewa
PH 9764/1 23 Jun 1864 | attacked Lynchburg | warofrebellion371unit
PH 9764/1 23 Jun 1864 | repulsed with considerable loss | calendarofletter0003pasc,lincolnintelegra00bates,officialrecordso0015unse,officialrecordso0021unse,warofrebellion361unit,warofrebellion371unit,warofrebellion402unit,warofrebellion422unit
PH 9764/1 23 Jun 1864 | line of retreat | lewwallaceautobi00wall,recollectionsofc00danauoft,warofrebellion322unit,warofrebellion33unit,warofrebellion352unit,warofrebellion362unit,warofrebellion371unit,warofrebellion414unit,warofrebellion422unit,warofrebellion423unit,warofrebellion431unit,warofrebellion432unit,warofrebellion452unit
PH 9764/1 23 Jun 1864 | must be made with great caution | warofrebellion371unit
PH 9764/1 23 Jun 1864 | I have no orders to give | warofrebellion371unit
PH 9897/1 15 Nov 1864 | Beverly Tucker will cross | none
PH 9897/1 15 Nov 1864 | confidentially informed that Beverly Tucker | none
PH 9897/1 15 Nov 1864 | officer of sufficient discretion | none
PH 9897/1 15 Nov 1864 | dispatched to the falls | none
PH 9862/0 7 Oct 1864 | arms were sent from here to Harpers Ferry | none
PH 9862/0 7 Oct 1864 | been delayed on the Rail Road | none
PH 9862/0 7 Oct 1864 | sent from here to Harpers Ferry on the afternoon | none
PH 9862/0 7 Oct 1864 | no delay | 10622705bsb,bim_eighteenth-century_a-collection-of-the-stat_thurloe-john_1742_1,bim_eighteenth-century_memoirs-of-the-life-and-_coxe-william_1798_2,calendarofletter0003pasc,calendarofstatep0021will,calendarorleters0003vari,charlesiin1646le00chariala,cu31924024797890,despatchesinstru00fran,diplomaticcorres01montiala,elisabethfarnese00armsuoft,memoirskingsspa02unkngoog,memorialsofgreat01caryuoft,officialrecordso0009unse,officialrecordso0010unse,officialrecordso0015unse,officialrecordso0021unse,privateofficialc04butl,relationspolitiq05nethuoft,reportsofbvtbrig00unit,warofrebellion013403rootrich,warofrebellion013404rootrich,warofrebellion0207rootrich,warofrebellion322unit,warofrebellion323unit,warofrebellion33unit,warofrebellion352unit,warofrebellion362unit,warofrebellion363unit,warofrebellion371unit,warofrebellion372unit,warofrebellion402unit,warofrebellion403unit,warofrebellion414unit,warofrebellion422unit,warofrebellion423unit,warofrebellion431unit,warofrebellion432unit,warofrebellion452unit
PH 9885/3 3 Nov 1864 | think the matter will be settled now without trouble | privateofficialc05butl,warofrebellion432unit
PH 9885/3 3 Nov 1864 | settled now without trouble | privateofficialc05butl,warofrebellion432unit
PH 9885/3 3 Nov 1864 | departure from the command assigned in my order | privateofficialc05butl,warofrebellion432unit
PH 9885/3 3 Nov 1864 | A telegram from General Grant in relation to the troops | warofrebellion432unit
PH 9848/0 21 Sep 1864 | veteran regiment was sent from here yesterday | none
PH 9848/0 21 Sep 1864 | additional guard for prisoners of war | none
PH 9848/0 21 Sep 1864 | detailed by your direction to await the movement of General Sheridan | none
PH 9848/0 21 Sep 1864 | send them to City Point | warofrebellion402unit,warofrebellion403unit,warofrebellion432unit
PH 9848/0 21 Sep 1864 | would not be of much use to him in the pursuit | none
PH 9811/0 4 Aug 1864 | Had you asked my opinion in regard to General Hunter and General Sheridan | none
PH 9811/0 4 Aug 1864 | freely and frankly given | none
PH 9811/0 4 Aug 1864 | beg to be excused from deciding | none
PH 9811/0 4 Aug 1864 | lawfully and properly belong to your office | none
PH 9811/0 4 Aug 1864 | I await your orders and shall strictly carry them out | none
PH 9688/0 16 Mar 1864 | furloughs of veteran regiments | warofrebellion322unit,warofrebellion352unit
PH 9688/0 16 Mar 1864 | about to expire | calendarofclaren01bodluoft,calendarofletter0003pasc,officialrecordso0009unse,privateofficialc04butl,warofrebellion013404rootrich,warofrebellion322unit,warofrebellion352unit,warofrebellion414unit,warofrebellion432unit
PH 9688/0 16 Mar 1864 | bring any troops North from that Department | warofrebellion352unit
PH 9688/0 16 Mar 1864 | should not these wagons be retained | none
PH 9850/2 26 Sep 1864 | alleged frauds and inefficiencies | none
PH 9850/2 26 Sep 1864 | frauds and inefficiencies in Arkansas | none
PH 9850/2 26 Sep 1864 | especially at Fort Smith and the Indian Territory | none
PH 9850/2 26 Sep 1864 | full discretion to act | none
DW privateofficialc05butl | 9885/3 Nov 2-4 Dix/Butler/Grant troops | date headings 10 | with terms 2
      s but the advance of them must reach you tomorrow. All quiet in front. ^ g ^^^^ From General Dix Head Quarters Department of the East, New York Citt, November 4, 1864 Major Gen I. B. F. Butler, U. S. Vols. General Orders No. 86 Major General Benjamin F. Butler, having been as- signed to duty in this Department, will take command
      bject to his orders. By command of Major General Dix Chas. Temple Dix, Major & A. D. C. Acfg Asst. General From General Butler Cipher. New York City, Nov. 4, 1864 Col. B. C. Webster, Chief Qr. Master, Fort Monroe Do you need more transportation to New York.^* Answer immediately. T5 F R 312 LETTERS OF GEN. BENJAMIN F. BUTLER From
DW warofrebellion0207rootrich | 9848/0 Sep 20-22 Imboden/prisoners/Sheridan | date headings 26 | with terms 3
      ly submitted to the Secretary of War. W. HOFFMAN, Colonel Third Infantry and Commissary -General of Prisoners. [Second indorsement.] WAR DEPARTMENT, /September 21, 1864. Respectfully referred to Lieutenant-General Grant. By order of the Secretary of War: C. A. DANA, Assistant /Secretary of War. [Third indorsement.] ADJUTANT-GENE
      that a large part of the prisoners will be removed to South Carolina. I have the honor to be, your obedient servant, W. T. SHERMAN, Major- General. [ SEPTEMBER 20,1864. — For Sherman to Halleck, submitting corre spondence between General Hood, the mayor of Atlanta, and himself, in relation to the removal of the inhabitants of At
DW warofrebellion33unit | 9688/0 Mar 15-17 furloughs veteran | date headings 44 | with terms 5
      WM. H. CHESEBROUGH, Lieutenant- Colonel and Assistant Adjutant- General. Special Orders, j War Dept., Adjt. General’s Office, No. 118. j Washington , March 15, 1864. ^ ^ ^ 55. On the expiration of their furloughs, all veteran troops of the Ninth Army Corps, Major-General Burnside, U. S. Volunteers, com- manding, will be sent to 
       — 5.45 p. m. Captain Norton : All quiet. Same party working near Raccoon Ford to-day. TAYLOR. General Orders, ) Hdqrs. Army of the Potomac, No. 8. j March 16, 1864. The following dispatch has been received from the Adjutant-Gen- eral’s Office, and is published for general information : Washington, March 16, 1864 — 11 a. m. Maj.
DW warofrebellion352unit | 9688/0 Mar 15-17 furloughs veteran | date headings 24 | with terms 1
      can be procured at Saint Augustine, as indicated. Very respectfully, your obedient servant, T. SEYMOUR, Brigadier - General , Commanding. Washington, March 16, 1864—12.30 p. m. Lieutenant-General Grant, Nashville , Tenn. : The furloughs of veteran regiments from the Department of the South (Hilton Head) are about to expire. If i
DW warofrebellion371unit | 9764/1 Jun 22-24 Stahel/Lynchburg | date headings 44 | with terms 6
       order of the Secretary of War : E. D. TOWNSEND, Assistant Adjutant- General. 660 OPERATIONS IN N. YA., W. YA., MD., AND PA. [Chap. XLIX. Washington, June 22, 1864. Lieutenant-General Grant, Bermuda Hundred : General : I inclose a copy of General Sherman's rej^ort of oper¬ ations, just received. General Staliel is organizing a c
      al, very respectfully, &c., A. N. DUFFIE. Brigadier-General of V olunteers. Headquarters Department of West Virginia, In tie Field, near Neiv Castle, June 22, 1864 — 8 p. m. Maj. T. Quinn, Commanding First New York Cavalry: Major : You will remain with your command near Stone Run, some four miles in rear of this place, to-night,
DW warofrebellion402unit | 9764/1 Jun 22-24 Stahel/Lynchburg | date headings 426 | with terms 1
      to demand a court of inquiry, and yet is preparing his case. BENJ. F. BUTLEB, Major- General. Chap. LII.] CORRESPONDENCE, ETC. UNION. 303 Washington, June 22, 1864. Lieutenant-General Grant, Bermuda Hundred: Generad : I inclose a copy of General Sherman’s report* of oper- ations just received. General Stahel is organizing a colu
DW warofrebellion414unit | 9850/2 Sep 25-27 Canby Fort Smith frauds | date headings 2 | with terms 1
      lliam. Mentioned 310 Fort Bascom, N. Mex., Commanding Officer at. Correspondence with James H. Carleton 971 Fort Davidson, Pilot Knob, Mo. Attack on, Sept. 27, 1864. Communica- tion from Henry H. Williams 8 Fort Larned, Kans. Skirmish with Indians near. See Asli Creelc, Kans. Skirmish with Indians at, Nov. 13, 1864. Fort Larned,
DW warofrebellion422unit | 9848/0 Sep 20-22 Imboden/prisoners/Sheridan | date headings 135 | with terms 1
      enant-general. Ha\dng beard nothing from the communication, I presume it mis- (tarried. I3ENJ. F. BUTLER, Major- General. War Department, Washington, September 20, 1864. Major-General Butler, Bermuda Hundred : Your application to recruit a regiment from prisoners of war was presented to me yesterday by tbe Adjutant-General and a
DW warofrebellion423unit | 9885/3 Nov 2-4 Dix/Butler/Grant troops | date headings 85 | with terms 2
      y respectfully, your obedient servant, D. McM. GREGG, Brigadier General of Volunteers , Commanding Second Bivision. Headquarters Army of the Potomac, November 2 , 1864. Major-General Gregg, Commanding Cavalry : Your dispatch of to-day’s date received. The statement of the officer at Old Court-House must be erroneous. Will you pl
      us. Will you please return me the telegram from General Benham ? A. A. HUMPHREYS, Major-General and Chief of Staff. War Department, Washington City , November 2 , 1864. Major-General Butler: General: You will please proceed immediately to New York and report to Major-General Dix for temporary duty in the Department of the East, 
DW warofrebellion432unit | 9885/3 Nov 2-4 Dix/Butler/Grant troops | date headings 48 | with terms 6
      n the case. A second copy of the order in question is herewith inclosed. I am, sir, &c., E. D. TOWNSEND, Assistant Adjutant- General. War Department, November 2, 1864. Major-General Dix, New York : General Grant has been urged to send you an adequate force, not less than 4,000 or 5,000. He has sent you 1,250 regulars, and Genera
      l and Assistant Adjutant- General. To provost-marshals and their deputies in the several States in this department. War Department, Washington City , November 2 , 1864. Major-General Butler : General: You will please proceed immediately to New York and report to Major-General Dix for temporary duty in the Department of the East,
DW warofrebellion432unit | 9848/0 Sep 20-22 Imboden/prisoners/Sheridan | date headings 118 | with terms 8
      am very anxious to be apprised of any movement from there. Very respectfully, J. H. WILSON, Brigadier- General. War Department, Washington , J). (7., September 20, 1864 — 7.25 a. m. General Stevenson, HarpeFs Ferry : Have you nothing later from the front than 1 o’clock yesterday? That is the latest received here. If you sent out
      ck yesterday? That is the latest received here. If you sent out scouts, what has become of them ? EDWIN M. STANTON, Secretary of War. Harper’s Ferry, September 20, 1864 — 7.40 a. m. Hon. E. M. Stanton, Secretary of War : Just heard from front. Sheridan has defeated enemy heavily, kill¬ ing and wounding 5,000 of enemy, capturing 
