9848/0 ids | "veteran regiment was sent from here yesterday" | 7
  id papersofulyssess0012gran|779182d8c383c11fa72fc5f74ca1105613c5c6f1
    Halleck telegraphed to USG. “A {{{veteran regiment was sent from here yesterday}}} to Johnson’s Island, as additional
  id cu31924077730210|8877a6da6497ded6a18537208a207d168f23e811
    City Point, Va. : A {{{veteran regiment* was sent from here yesterday}}} to Johnson's Island,
  id warofrebellion013902rootrich|11a355635260ad15cb6d1a60f898f4531dfdf835
    City Point, Va. : A {{{veteran regiment* was sent from here yesterday}}} to Johnson's Island,
  id warofrebellion0039geor|3547fdb7483df098dde56a76bc2c970c120f24d4
    GRANT, . City Point, Va.: A {{{veteran regiment* was sent from here yesterday}}} to Johnson’s Island, as additional
  id warofrebellionco0039unit_z2j1|f6421586a7d13756b33d1b9f835c2f1225aa8544
    Lieutenant-General GRANT, City Point, Va.: A {{{veteran regiment* was sent from here yesterday}}} to Johnson’s Island, as additional
  id warofrebellionco0039geor_v8g5|f63664f087e18b1665021a8b3856d7beebd1d7f7
    GRANT, City Point, Va.: A {{{veteran regiment* was sent from here yesterday}}} to Johnson’s Island, as additional
  id warofrebellionco0039step|e1f4fd302439edba4e629032a467f04ecc1ed72d
    GRANT rs City Point, Va.: = A {{{veteran regiment* was sent from here yesterday}}} to Johnson’s és Island, as
9811/0 | "Had you asked my opinion" | 10
  id sim_notes-and-queries_1942-01-31_182_5|330736c57d0c24d68bac10ca9f05d254f3abfdd3
    though not very conversant in such matters. {{{Had you asked my opinion}}} in 1822, I should have felt less difficulty
  id cihm_18122|678f1ad54d6377f50079d9b4c89863c4e1802409
    giving you any advice upon the subject. {{{Had you asked my opinion}}} about Fraser River before you left California
  id koenig-frederick-jean-bart|86de0f33dba38f7d4cc9c5b92822451ded58b19a
    net. Therefore, to speak respectfully, {{{had you asked my opinion}}}, I would have advised you to cut the ropes
  id sim_down-beat_1969-01-23_36_2|8326fdd1d24b4857d55fac22a1e07bfcfdf82c40
    MacDonald, drums. Rating: *& *& *& *& {{{Had you asked my opinion}}} on the basis of his first two albums,
9811/0b | "excused from deciding" | 10
  id 2569054R.nlm.nih.gov|f6e9aa7436e653a9ac3b5677054100a85f73769c
    relating facts at present, I hope I shall be {{{excused from deciding}}} on the long agitated question of the part
  id 1989PolicyBriefEthicsLaw|97dbe54b3f6166933cc59396982a8795ba166d7a
    should seek to be excused from voting, {{{excused from deciding}}}, or otherwise relieved from the obligation
  id micro_IA40386416_0050|32d0ff962163e3d912fede11f5bfdfb244ed8d8a
    miralty are within the new act. But we are {{{excused from deciding}}} that question, as weil as the question whether
  id sim_american-medical-recorder_1821_4_contents|e5017a0a33724f2d71ffa8e9beb2a02d52a4ffa7
    complains have been distorted, | must be {{{excused from deciding}}} whe her justice has been done him or not
9850/2 | "alleged frauds and inefficiencies" | 0
9897/1 | "Beverly Tucker" "Niagara Falls" Dix Dana | 10
  id confederateopera0000kinc|21fd9f5b94c3b58268dce7ac450c60de5fb50ec5
    John {{{Dix}}} to Stanton, September 30, 1864. 27 Depositions of Campbell and Denison, enclosed with {{{Dix}}} to Stanton
    October, 1864. {{{Dana}}}, Charles A., Recollections of the Civil War, New York, 1898. {{{Dana}}} was the assistant
  id teachingchildtor0000bond|30bc9f11d7f08dfbd8f3c271782a1b823c8a03e2
    W. Ashley. Baker started im- mediately for {{{Niagara Falls}}}. In Rochester he hired a colored servant and
    convivialities. Three days after his arrival at {{{Niagara Falls}}}, Lafe’s Negro servant handed him a card. It
  id wilkesboothcamet0000star|0a3e5ec4d8bf22821155d155f7ff9a8465c24c32
    even damnable,” {{{Dana}}} wrote.. It was Lincoln’s way of easing the tension, {{{Dana}}} would ob¬ serve
    Co., New York, 1939. {{{DIX}}}, Morgan, ed.: Memoirs of John Adams {{{Dix}}}, Vol. II. Harper & Brothers
  id burntownsackbank0000prin|c36b45f9cb858b82646f73507041f7bc116df1d1
    Advise him so,” {{{Dix}}} telegraphed to the provost marshal in Burlington on October 20. General {{{Dix}}} had been born
    his state. On November 25, 1863, Maj. Gen. John A. {{{Dix}}}, the com- manding officer at New York, sent a Col
9869/4 | "assignment of General Meredith" | 8
  id cu31924079575357|a635ebdfe34ae763b65859a47beac75048e42d29
    temporarily for that purpose. The {{{assignment of General Meredith}}} was not deemed judicious by
  id warofrebellionco0039majg_t8d1|4e72dd3785b88f84bbefebbd3a3c3c45c1aa86c7
    used temporarily for that purpose. The {{{assignment of General Meredith}}} was not deemed judicious by the War
  id warrebellion02unkngoog|f520a5850bd5f444b1791262f39c4f7bc801315a
    temporarily for that purpose. The {{{assignment of General Meredith}}} was not deemed Judicious by
  id warofrebellionco0039unit_y0l1|6dafa690c53851ca869a26fb51b2393a95b7ba61
    used temporarily for that purpose. The {{{assignment of General Meredith}}} was not deemed judicious by the War
9862/0 | "arms were sent from here to Harper" | 0
be-api requests 7
