control 9764/1 | "I have no orders to give you, except to carry out General Hunter" | 0
9869/4 | "assignment of General Meredith" Paducah Washburn | 8
  id cu31924079575357|a635ebdfe34ae763b65859a47beac75048e42d29
    threatening both {{{Paducah}}} and Memphis. If, by the assistance of Burbridge and {{{Washburn}}}, you could
    threatening both {{{Paducah}}} and Memphis. If by the assistance of Burliridge and {{{Washburn}}} you could
  id warofrebellion393unit|b9b83ffd6216fe7dff2549fdc0335d6893367fb5
    C. {{{WASHBURN}}}, Alajor- General. Nashville, Tenn., October 2^ 1864. Maj. Gen. C. C. {{{Washburn}}}, Via
    C. {{{WASHBURN}}}, Major- General. Nashville, Tenn., Octoher 4, 1864. Maj. Gen. C. C. {{{Washburn}}}, Johnsonville:
  id warofrebellion0039unse_03pt|c04241c2ca7e3aa3c97c8f9128fd6cb7f798bac7
    Cc. C. {{{WASHBURN}}}, Major-General. . NASHVILLE, TENN., October 2, 1864. Maj. Gen. C. C. {{{WASHBURN}}}, ; Via
    C. C. {{{WASHBURN}}}, Major-General. ; NASHVILLE, TENN., October 4, 1864. Maj. Gen. C. C. {{{WASHBURN}}}, Johnsonville:
  id warofrebellionco0039majg_t8d1|4e72dd3785b88f84bbefebbd3a3c3c45c1aa86c7
    C. {{{WASHBURN}}}, Major-General. te ate NASHVILLE, TENN., October 4, 1864. —~ Maj. Gen. C. C. {{{WASHBURN}}}, Johnsonville:
    Major-General {{{Washburn}}} without delay, but have not yet been assigned to command. Major-General {{{Washburn}}} being
9869/4b | "no troops available to reinforce Paducah" | 0
9897/1 | "Beverly Tucker will cross at Niagara Falls" | 0
9862/0 | "Garrett" "arms were sent from here to Harper" Ferry | 0
9848/0 | "veteran regiment was sent from here yesterday" Imboden | ERROR HTTP Error 502: Bad Gateway
9811/0 | "asked my opinion in regard to General Hunter" Sheridan | 0
9811/0b | "freely and frankly given" Halleck Grant Hunter | 2
  id henryhalleckswar0000ande|a7c53082f106eca8ad1ae0c258c121adfcd4be80
    In any case, the direct resumption of the {{{Halleck-Grant}}} relationship was hardly auspicious. Earlier
    position... .” Since Missionary Ridge, Generals {{{Halleck, Grant}}}, and Sherman had been exchanging letters devoted
  id isbn_9780986080630|cfeeb692c68d70f31724a955d26686ace7727fc4
    In any case, the direct resumption of the {{{Halleck-Grant}}} relationship was hardly auspicious. Earlier
    position. . . .” Since Missionary Ridge, Generals {{{Halleck, Grant}}}, and Sherman had been exchanging letters devoted
9850/2 | "frauds and inefficiencies" Fort Smith Canby Halleck | 0
be-api requests 9
