Y1 (N2R-2, row 9871/2) tokens=42 no1=6(0.14) no2=6(0.14) no9=0(0.00)
  H/C/I/M  no1=(4, 0, 0, 0)  no2=(5, 0, 0, 0)  no9=(0, 0, 0, 0)  | shuf2 H: 5,5,5
Y2 (N2R-2, row 9874/1) tokens=47 no1=12(0.26) no2=20(0.43) no9=6(0.13)
  H/C/I/M  no1=(12, 0, 0, 0)  no2=(19, 0, 0, 0)  no9=(6, 0, 0, 0)  | shuf2 H: 19,19,19
Y3 (N2R-2, row 9761/1) tokens=37 no1=14(0.38) no2=22(0.59) no9=5(0.14)
  H/C/I/M  no1=(12, 0, 0, 0)  no2=(19, 0, 0, 0)  no9=(5, 0, 0, 0)  | shuf2 H: 17,16,19
Y4 (N2R-2, row 9913/0) tokens=43 no1=10(0.23) no2=19(0.44) no9=7(0.16)
  H/C/I/M  no1=(9, 0, 0, 0)  no2=(15, 2, 2, 0)  no9=(7, 0, 0, 0)  | shuf2 H: 17,17,17
Y5 (N2R-2, row 9800/2) tokens=40 no1=14(0.35) no2=24(0.60) no9=9(0.23)
  H/C/I/M  no1=(13, 0, 0, 0)  no2=(21, 2, 1, 0)  no9=(9, 0, 0, 0)  | shuf2 H: 23,22,23
Y6 (N2R-2, row 9871/1) tokens=37 no1=8(0.22) no2=7(0.19) no9=3(0.08)
  H/C/I/M  no1=(7, 0, 0, 0)  no2=(5, 0, 0, 0)  no9=(3, 0, 0, 0)  | shuf2 H: 5,5,5
Y7 (N2R-2, row 9916/1) tokens=29 no1=12(0.41) no2=12(0.41) no9=4(0.14)
  H/C/I/M  no1=(8, 0, 0, 0)  no2=(9, 0, 0, 0)  no9=(4, 0, 0, 0)  | shuf2 H: 9,9,9
Y8 (N2R-2, row 9722/1) tokens=31 no1=13(0.42) no2=17(0.55) no9=6(0.19)
  H/C/I/M  no1=(11, 0, 0, 0)  no2=(14, 1, 0, 0)  no9=(6, 0, 0, 0)  | shuf2 H: 15,13,15
Y9 (N2R-2, row 9680/0) tokens=37 no1=22(0.59) no2=29(0.78) no9=11(0.30)
  H/C/I/M  no1=(19, 0, 0, 0)  no2=(27, 0, 0, 0)  no9=(11, 0, 0, 0)  | shuf2 H: 27,27,26
Y10 (N2R-2, row 9725/0) tokens=31 no1=14(0.45) no2=17(0.55) no9=6(0.19)
  H/C/I/M  no1=(11, 0, 0, 0)  no2=(16, 1, 0, 0)  no9=(6, 0, 0, 0)  | shuf2 H: 17,17,17
Y11 (N2R-2, row 9914/1) tokens=26 no1=8(0.31) no2=15(0.58) no9=5(0.19)
  H/C/I/M  no1=(8, 0, 0, 0)  no2=(14, 1, 0, 0)  no9=(5, 0, 0, 0)  | shuf2 H: 15,14,15
Y12 (N2R-2, row 9681/0) tokens=26 no1=12(0.46) no2=15(0.58) no9=2(0.08)
  H/C/I/M  no1=(10, 0, 0, 0)  no2=(15, 0, 0, 0)  no9=(2, 0, 0, 0)  | shuf2 H: 15,14,15
