'Gordon Bruce': 3 hits: 9045 9819 9820
'Governors furlough': 2 hits: 4467 9674
'Hood Wheeler Missouri': 0 hits: 
'Provost Marshals recruiting': 0 hits: 
'Shreveport gauge': 3 hits: 10469 8982 8986
'Congress draft bill': 1 hits: 9674
'Boulware': 3 hits: 7905 10005 8728
'Hunter Shenandoah Jupiter': 0 hits: 
'freight plains Pope': 1 hits: 10027
'Paxton': 53 hits: 9542 9257 9705 9012 9976 6084 6086 5800 6099 10002 9047 10007 6335 9759 9057 10020 5584 9768 9067 8261 10032 9076 9087 9096 4291 9109 9111 9129 9839 9137 9849 3438 9855 8901 8114 9183 2631 9898 8388 6017 9913 8955 8148 9916 9925 6031 9223 9937 8979 8981
'Masury Whiton': 1 hits: 9836
img 9674
img 9886
img 9676
img 9769
img 10005
img 9801
img 10027
img 10020
img 9836
requests 20
