volumes searched: 164 10019860bsb 10021035bsb 10622705bsb aktyipismakisto00forsgoog ambassadesdemess05vert antonioperezetph00mign aragoniaibeatrix00berz archivesoucorre00housgoog archivesoucorre01housgoog archivesoucorre02housgoog archivesoucorre03groe archivesoucorre03housgoog archivesoucorre04housgoog archivesoucorre04unkngoog archivesoucorre05housgoog archivesoucorre06housgoog archivesoucorre07housgoog archivesoucorre08housgoog archivesoucorre09housgoog archivesoucorres01groe archivesoucorres01unse archivesoucorres02groe archivesoucorres02unse archivesoucorres03unse archivesoucorres04groe archivesoucorres04unse archivesoucorres05groe archivesoucorres05unse beatrixkirlyn14500berz bim_eighteenth-century_a-collection-of-the-stat_thurloe-john_1742_1 bim_eighteenth-century_memoirs-of-the-life-and-_coxe-william_1798_1 bim_eighteenth-century_memoirs-of-the-life-and-_coxe-william_1798_2 bim_eighteenth-century_memoirs-of-the-life-and-_coxe-william_1798_3 bub_gb_1qtcMB3cKasC bub_gb_3N1SAAAAcAAJ bub_gb_5GumwYtaHX8C bub_gb_AH4nk3oEuIsC bub_gb_BI4WXMI4g1wC bub_gb_BojohG8zXkQC bub_gb_D8ZW1o6MNMMC bub_gb_EQ4MAAAAYAAJ bub_gb_IP8DUd8XLsEC bub_gb_KMrMHt2MUgUC bub_gb_NhOJqSX9GgIC bub_gb_bOnmNv2ZLVoC bub_gb_cM5KS3lziccC bub_gb_lGF3eVwI5y4C bub_gb_n0O44Q7X8RMC bub_gb_qWTswSr32NYC bub_gb_rM--6yqWqc4C bub_gb_wBJLsV8B_BgC bub_gb_zBQish8rkmAC calendarofclaren01bodluoft calendarofletter0003pasc calendarofstatep0021will calendarorleters0003vari charlesiin1646le00chariala correspondanced01willgoog correspondanced03coopgoog correspondancede0000unse_m5g7 correspondancede01will correspondancede02phil correspondancede02will correspondancede03will correspondancede04will correspondancede05will correspondancede06will cu31924024797890 danskemagazin02unkngoog despatchesinstru00fran diplomaticcorres01montiala diplomaticcorres02mont dukeportlandwelb01greauoft elisabethfarnese00armsuoft eltenientegener00villgoog eltenientegener01villgoog frankreichseinfl01suge histoiredelaguer02char historyofuniteds00bake kancellietsbrevb02denm labibliothque01gach labibliothquen02gachuoft lemarchaldegu00noai lepredemadamede00dargoog leshuguenotsetle03kerv lesoriginespolit01romi lesoriginespolit02romi lettersofqueenhe00henr lettresdecatheri03cathuoft lettresdecatheri04cathuoft lettresdecatheri09cathuoft lettresdecatheri10cathuoft lettresdepierre00noyegoog lettresducardina02maza lettresducardina09maza lettresindites00cond lettresinstructi06richuoft lettresinstructi07richuoft lettresinstructi08richuoft lewwallaceautobi00wall lincolnintelegra00bates manuscriptsofmar00grea manuscritsetdocu00meco memoiresdelaligu01goul memoiresdelaligu02goul memoiresdelaligu03goul memoiresdelaligu04goul memoiresdelaligu05goul memoiresdelaligu06goul memoiresdelouish02brie memoiresdelouish03brie memoirskingsspa00unkngoog memoirskingsspa02unkngoog memoirsofhoratio00coxe memorialsofgreat01caryuoft mmoiresinditsde00barrgoog mmoiresinditsde01barrgoog monumentahungari0039unse negociationssecr02lecl negociationssecr03lecl negociationssecr04lecl ngociationsdel03charuoft ngociationslet00pari nouvellecollecti06michuoft ocondedelinhares00func officialrecordso0009unse officialrecordso0010unse officialrecordso0015unse p1cataloguegnr02bibluoft p1geschichtederpre04droyuoft politischecorres09fred politischecorres10fred pologne00farggoog pologne01farggoog privateofficialc04butl privateofficialc05butl recollectionsofc00danauoft recueildesinstr00diplgoog regestadiplomat04copegoog relationspoliti06teulgoog relationspoliti07teulgoog relationspolitiq05nethuoft relationspolitiq06nethuoft reminiscencesofw00sewauoft reportsofbvtbrig00unit szzadok50trgoog thenicholaspaper01camduoft traitsdudanemar00denmgoog traitsdudanemar02denmgoog undiplomatepoite00richuoft votinginfieldfor00bent warofrebellion0207rootrich warofrebellion33unit warofrebellion352unit warofrebellion361unit warofrebellion362unit warofrebellion372unit warofrebellion403unit warofrebellion431unit warofrebellion432unit warofrebellion452unit wilhelmvonorani00rachgoog wilhelmvonorani01rachgoog williamhsewardau03sewa
X1 10065/2 | writ of habeas corpus in case of minors | none
X1 10065/2 | minors is not to be resisted | none
X1 10065/2 | names of officers by whom minors | none
X1 10065/2 | illegally enlisted | none
X1 10065/2 | defend the case as well as possible | none
X2 9821/1 | E. L. Wentz | reportsofbvtbrig00unit,warofrebellion33unit,warofrebellion403unit,warofrebellion432unit,warofrebellion452unit
X2 9821/1 | held as hostages for | warofrebellion0207rootrich,warofrebellion33unit,warofrebellion362unit,warofrebellion403unit
X2 9821/1 | guided the raiders in their late raid | none
X2 9821/1 | hand over to | calendarofstatep0021will,calendarorleters0003vari,officialrecordso0010unse
X3 10004/1 | reward of $100,000 for his arrest | none
X3 10004/1 | sent to Washington under guard | none
X3 10004/1 | any steps towards reorganizing rebels | none
X3 10004/1 | Instructions have been sent you in regard to | none
X4 9791/0 | rebels have no troops in the direction of Baltimore | warofrebellion372unit
X4 9791/0 | except mounted guerrillas | warofrebellion372unit
X4 9791/0 | move out of Baltimore as soon as it becomes evident | warofrebellion372unit
X4 9791/0 | seems to be moving toward Edwards Ferry | warofrebellion372unit
X5 9863/0 | these written accounts of such a character | none
X5 9863/0 | are about all the information the enemy wants | none
X5 9863/0 | what use is it to the northern reader | none
X5 9863/0 | Stiner | 10019860bsb,aktyipismakisto00forsgoog,archivesoucorre00housgoog,archivesoucorre01housgoog,archivesoucorre02housgoog,archivesoucorre03housgoog,archivesoucorre04unkngoog,archivesoucorre08housgoog,archivesoucorres02groe,archivesoucorres02unse,archivesoucorres05groe,archivesoucorres05unse,bub_gb_5GumwYtaHX8C,bub_gb_NhOJqSX9GgIC,bub_gb_n0O44Q7X8RMC,bub_gb_qWTswSr32NYC,bub_gb_rM--6yqWqc4C,bub_gb_wBJLsV8B_BgC,calendarofclaren01bodluoft,calendarofletter0003pasc,correspondanced03coopgoog,correspondancede02phil,correspondancede05will,despatchesinstru00fran,diplomaticcorres02mont,kancellietsbrevb02denm,lemarchaldegu00noai,lesoriginespolit01romi,lesoriginespolit02romi,lettresdecatheri03cathuoft,lettresdecatheri04cathuoft,lettresdecatheri09cathuoft,lettresdecatheri10cathuoft,lettresdepierre00noyegoog,lettresducardina02maza,lettresducardina09maza,lettresindites00cond,lettresinstructi06richuoft,lettresinstructi08richuoft,manuscriptsofmar00grea,memoiresdelouish02brie,memoiresdelouish03brie,mmoiresinditsde00barrgoog,negociationssecr02lecl,negociationssecr04lecl,ngociationsdel03charuoft,ngociationslet00pari,nouvellecollecti06michuoft,officialrecordso0015unse,p1cataloguegnr02bibluoft,p1geschichtederpre04droyuoft,politischecorres09fred,politischecorres10fred,pologne00farggoog,pologne01farggoog,privateofficialc05butl,recueildesinstr00diplgoog,regestadiplomat04copegoog,relationspoliti06teulgoog,relationspoliti07teulgoog,traitsdudanemar00denmgoog,traitsdudanemar02denmgoog,wilhelmvonorani00rachgoog,wilhelmvonorani01rachgoog
X6 9729/2 | bring back any witness discharged | none
X6 9729/2 | President of the court ordered to get new rooms | none
X6 9729/2 | Judge Advocate ordered to report to you | none
X6 9729/2 | cases in Boston and New York navy yards | none
X7 9825/1 | no other troops than those already reported | none
X7 9825/1 | it was rumored at Orange C. H. Wednesday | none
X7 9825/1 | losing all his artillery | none
X7 9825/1 | They bring no other information | warofrebellion432unit
X8 10043/1 | keep the prisoner in close and secure custody | none
X8 10043/1 | secure his papers | none
X8 10043/1 | telegraph in cipher briefly the substance or purport | none
X8 10043/1 | publication signed | none
X9 9753/1 | First Maryland Veteran Cavalry | none
X9 9753/1 | will be sent to Washington to report to General Augur | warofrebellion0207rootrich
X9 9753/1 | is much weakened it will be necessary to concentrate it | none
X9 9753/1 | occupying only the more important points | none
X10 9770/1 | such of your forces as are not required to hold the Kanawha | warofrebellion372unit
X10 9770/1 | prevent any raid into Maryland | warofrebellion372unit
X10 9770/1 | Ewell's corps has returned | warofrebellion372unit
X10 9770/1 | hears nothing of Breckenridge | none
X11 9674/0 | Governors of States have no authority to furlough | none
X11 9674/0 | authority to furlough troops | none
X11 9674/0 | Please report any cases that have occurred | none
X12 9886/1 | all the troops you can lay hand on in Missouri | none
X12 9886/1 | sent forward with the least possible delay | none
X12 9886/1 | opposed by Hood's entire army | none
X12 9886/1 | satisfied that all the troops | none
