volumes searched: 177
PHRASE | seem to be moving toward Edwards Ferry | warofrebellion372unit
PHRASE | Wright will follow by river road | none
PHRASE | form a junction with him at that place | warofrebellion372unit
PHRASE | is probably about the same as that you encountered in the valley | warofrebellion372unit
PHRASE | estimated at over twenty thousand | none
PHRASE | why so slow | none
PHRASE | rebel force is probably about the same | warofrebellion372unit
PHRASE | left our front in the night | warofrebellion372unit
DATE | warofrebellion352unit | headings 11 | with Hunter+terms 0
DATE | warofrebellion361unit | headings 1 | with Hunter+terms 0
DATE | warofrebellion371unit | headings 26 | with Hunter+terms 0
DATE | warofrebellion372unit | headings 214 | with Hunter+terms 13
      and also the most reliable estimate of enemy’s strength. Nothing whatever about Hunter. H. W. HALLECK, Major-General and Chief of Staff. Fort Monroe, July 13, 1864. General John A. Rawlins, Chief of Staff, City Point: From passengers from Baltimore I gather the following : Hunter is at Martinsburg. We hold Hagerstown. The force of enemy operating around Baltimore is principally cavalry, said to be about 8,000. There 
      y, your obedient servant, H. W. HALLECK, Major-General and Chief of Staff. General Orders, [War Dept., Adjt. General’s Office, No. 229. \ Washington, July 13, 1864. I. By command of the President, Maj. Gen. H. G. Wright is as¬ signed to the chief command of all the forces moving against the enemy now retreating from Washington. This assignment embraces the Nineteenth Corps, under command of Brigadier-General Emory, a
      evens: Company A, Fourth Artillery, has been equipped as a light bat¬ tery and mounted. C. C. AUGUR, Major-General, U. S. Volunteers. " Fort Stevens, July 13, 1864. (Received 3 p. m.) Maj. Gen. C. C. Augur : Please send Light Company A, Fourth Artillery, to Fort Slocum, as the two companies heavy have been sent thence with General Wright. A. McD. McCOOK, Major- General. Fort Stevens, July 13, 1864. (Received 4.20 p. 
DATE | warofrebellion403unit | headings 158 | with Hunter+terms 4
      also the most reliable estimate of enemy’s strength. Nothing whatever about Hunter. H. W. HALLECK, Major-General and Chief of Staff. City Point, Ya., July 13 , 1864—2.30 p. m. (Received 1 a. m. 14tli.) Hon. C. A. Dana, Assistant Secretary of War: Deserters are coming in daily, giving the position of every division of the rebel army. Some are in to-day from Longstreet’s corps, giving the position of two of his divisio
      ral Weitzel, General Butler’s Headquarters : It is not necessary. A gun-boat has been sent from here. U. S. GRANT, Lieutenant - Gen eral. City Point, July 13 , 1864. Brigadier-General Weitzel, General Butler’s Headquarters : Rebels have cut the Philadelphia railroad north of Baltimore, catch- ing two trains of passengers, General Franklin among other officers. Have destroyed much private property outside of Washingto
      r’s horses to make up the eighty. JAMES BABNES, Brigadier- General, Commanding Distriet. Chap. LII.] CORRESPONDENCE, ETC. UNION. 223 City Point, Va., July 14 , 1864. Major-General Halleck, Washington , I). C.: It would seem from dispatches* just received from Mr. Dana, Assist- ant Secretary of War, that the enemy are leaving Maryland. If so, Hunter should follow liira as rapidly as the jaded condition of his men will
