volumes searched: 177
X1 9811/1 | Grant will leave here for | none
X1 9811/1 | what point he should come for that purpose | none
X1 9811/1 | furnish transportation for | privateofficialc04butl,warofrebellion013403rootrich,warofrebellion013404rootrich,warofrebellion0207rootrich,warofrebellion322unit,warofrebellion323unit,warofrebellion33unit,warofrebellion352unit,warofrebellion371unit,warofrebellion372unit,warofrebellion403unit,warofrebellion414unit,warofrebellion431unit,warofrebellion432unit,warofrebellion452unit
X1 9811/1 | Comstock | officialrecordso0021unse,privateofficialc04butl,privateofficialc05butl,recollectionsofc00danauoft,warofrebellion013403rootrich,warofrebellion013404rootrich,warofrebellion322unit,warofrebellion323unit,warofrebellion33unit,warofrebellion361unit,warofrebellion362unit,warofrebellion363unit,warofrebellion371unit,warofrebellion372unit,warofrebellion402unit,warofrebellion403unit,warofrebellion414unit,warofrebellion422unit,warofrebellion423unit,warofrebellion431unit,warofrebellion432unit,warofrebellion452unit,williamhsewardau03sewa
X4 9877/3 | Arrest Maxon | none
X4 9877/3 | State agent if within the limits of your command | none
X4 9877/3 | send him immediately to McHenry | none
X4 9877/3 | report to this Department by telegraph | warofrebellion0207rootrich,warofrebellion362unit
X5 9793/0 | moving out by the Rockville road | warofrebellion372unit
X5 9793/0 | probably encumbered with a large amount of plunder | none
X5 9793/0 | Wright moved out to Offutt | warofrebellion372unit
X5 9793/0 | supreme command of the forces operating on this expedition | warofrebellion372unit
X8 9882/0 | send you all available troops in St. Louis | none
X8 9882/0 | hurry forward these reinforcements | none
X8 9882/0 | concentrate all you can against Hood | warofrebellion414unit
X8 9882/0 | replacing the garrisons in your rear | warofrebellion414unit
lincolnintelegra00bates | X8 1 Nov 1864 Van Duzer/Thomas/Hood | date headings 3 | with terms 0
officialrecordso0010unse | X1 5 Aug 1864 Comstock/Monocacy/Hunter | date headings 31 | with terms 0
officialrecordso0010unse | X4 28 Oct 1864 Dana/Maxon/McHenry | date headings 11 | with terms 0
officialrecordso0010unse | X5 14 July 1864 McCaine/Hunter/Wright/Edwards Ferry | date headings 29 | with terms 0
officialrecordso0010unse | X8 1 Nov 1864 Van Duzer/Thomas/Hood | date headings 8 | with terms 0
officialrecordso0015unse | X1 5 Aug 1864 Comstock/Monocacy/Hunter | date headings 3 | with terms 0
officialrecordso0015unse | X4 28 Oct 1864 Dana/Maxon/McHenry | date headings 1 | with terms 0
officialrecordso0015unse | X5 14 July 1864 McCaine/Hunter/Wright/Edwards Ferry | date headings 1 | with terms 0
officialrecordso0021unse | X1 5 Aug 1864 Comstock/Monocacy/Hunter | date headings 177 | with terms 0
officialrecordso0021unse | X4 28 Oct 1864 Dana/Maxon/McHenry | date headings 4 | with terms 0
officialrecordso0021unse | X5 14 July 1864 McCaine/Hunter/Wright/Edwards Ferry | date headings 2 | with terms 0
officialrecordso0021unse | X8 1 Nov 1864 Van Duzer/Thomas/Hood | date headings 6 | with terms 0
privateofficialc04butl | X1 5 Aug 1864 Comstock/Monocacy/Hunter | date headings 2 | with terms 0
privateofficialc04butl | X5 14 July 1864 McCaine/Hunter/Wright/Edwards Ferry | date headings 8 | with terms 0
privateofficialc05butl | X1 5 Aug 1864 Comstock/Monocacy/Hunter | date headings 9 | with terms 0
privateofficialc05butl | X4 28 Oct 1864 Dana/Maxon/McHenry | date headings 10 | with terms 0
privateofficialc05butl | X8 1 Nov 1864 Van Duzer/Thomas/Hood | date headings 3 | with terms 0
reportofsecre00unit | X8 1 Nov 1864 Van Duzer/Thomas/Hood | date headings 2 | with terms 0
reportsofbvtbrig00unit | X4 28 Oct 1864 Dana/Maxon/McHenry | date headings 1 | with terms 0
reportsofbvtbrig00unit | X8 1 Nov 1864 Van Duzer/Thomas/Hood | date headings 3 | with terms 0
votinginfieldfor00bent | X4 28 Oct 1864 Dana/Maxon/McHenry | date headings 5 | with terms 0
votinginfieldfor00bent | X8 1 Nov 1864 Van Duzer/Thomas/Hood | date headings 4 | with terms 0
warofrebellion0207rootrich | X1 5 Aug 1864 Comstock/Monocacy/Hunter | date headings 10 | with terms 0
warofrebellion0207rootrich | X4 28 Oct 1864 Dana/Maxon/McHenry | date headings 14 | with terms 0
warofrebellion0207rootrich | X5 14 July 1864 McCaine/Hunter/Wright/Edwards Ferry | date headings 7 | with terms 0
warofrebellion0207rootrich | X8 1 Nov 1864 Van Duzer/Thomas/Hood | date headings 19 | with terms 0
warofrebellion323unit | X5 14 July 1864 McCaine/Hunter/Wright/Edwards Ferry | date headings 1 | with terms 0
warofrebellion352unit | X1 5 Aug 1864 Comstock/Monocacy/Hunter | date headings 26 | with terms 0
warofrebellion352unit | X4 28 Oct 1864 Dana/Maxon/McHenry | date headings 2 | with terms 0
warofrebellion352unit | X5 14 July 1864 McCaine/Hunter/Wright/Edwards Ferry | date headings 2 | with terms 0
warofrebellion352unit | X8 1 Nov 1864 Van Duzer/Thomas/Hood | date headings 4 | with terms 0
warofrebellion361unit | X1 5 Aug 1864 Comstock/Monocacy/Hunter | date headings 32 | with terms 0
warofrebellion361unit | X4 28 Oct 1864 Dana/Maxon/McHenry | date headings 1 | with terms 0
warofrebellion361unit | X8 1 Nov 1864 Van Duzer/Thomas/Hood | date headings 30 | with terms 0
warofrebellion371unit | X1 5 Aug 1864 Comstock/Monocacy/Hunter | date headings 3 | with terms 0
warofrebellion371unit | X5 14 July 1864 McCaine/Hunter/Wright/Edwards Ferry | date headings 17 | with terms 1
     oubtful whether this party reaches me to-night. H. G. WRIGHT, Major- General. Maj. Gen. H. W. Halleck, Chief of Staff. Headquarters Sixth Army Corps, July 14, 1864. (Received 4.10 p. m.) My command moved from Offutt’s Cross-Roads at 4.30 o’clock this morning, 
warofrebellion372unit | X1 5 Aug 1864 Comstock/Monocacy/Hunter | date headings 2 | with terms 0
warofrebellion372unit | X5 14 July 1864 McCaine/Hunter/Wright/Edwards Ferry | date headings 126 | with terms 4
     y for Edwards Ferry this morning. N'. P. CHIPMAN, Colonel and Aide-de-Camp. Chap. XLIX.] 319 COERESPONDENCEj ETC. — UNION. Camden Station, Baltimore, July 14, 1864. (Received 12.36 a. m. 15th.) Hon. E. M. Stanton, SecTetary of IFar; I have just received the fo
      recruits away with them from Maryland. Baldy Smith arrived in New York yesterday. No news from Wright this morning. " C. A. DANA. Washington, D. C., July 15, 1864—11.30 a. m. Lieut. Gen. U. S. Grant ; Our latest advices indicate that the head of the retreatin
warofrebellion402unit | X1 5 Aug 1864 Comstock/Monocacy/Hunter | date headings 1 | with terms 0
warofrebellion403unit | X5 14 July 1864 McCaine/Hunter/Wright/Edwards Ferry | date headings 162 | with terms 1
     troying road, if not engaged with the enemy, and then return, moving well to the east in doing so. U. S. GRANT, Lieutenant- Genera U City Point, Ya.. July 14, 1864. (Received 11 p. m.) Major-General Meade : The enemy are leaving Maryland, it is supposed, by Ed
warofrebellion414unit | X4 28 Oct 1864 Dana/Maxon/McHenry | date headings 102 | with terms 0
warofrebellion414unit | X5 14 July 1864 McCaine/Hunter/Wright/Edwards Ferry | date headings 1 | with terms 0
warofrebellion414unit | X8 1 Nov 1864 Van Duzer/Thomas/Hood | date headings 72 | with terms 6
     y, your obedient servant, T. H. HARRIS, Lieutenant- Colonel and Assistant Adjutant- General. Chai\ LIU.] CORRESPONDENCE, ETC. UNION. 389 Warrensburg, November 1 , 1864. Brig. Gen. Morgan L. Smith, Memphis, Team. : Your telegram of November 1 [*], inclosing tel
     will push him forward to you. As for Hatch or Grierson getting to Summerville, I doubt the possibility. W. S. ROSECRANS, Major - General. Washington, November 1 , 1864 — 11.30 a. m. Major-General Thomas, Nashville , Tenn. : General Rosecrans was directed some 
warofrebellion422unit | X1 5 Aug 1864 Comstock/Monocacy/Hunter | date headings 108 | with terms 2
     duly notilied. I am, colonel, very respectfully, your obedient servant, SOLON A. CARTER, Captain and Assistant Adjutant- General. Fort Powhatan, Ya., August 5, 1864. Major-General Butler: There is a rebel battery at Wilcox’s Wharf firing on our transports. G. 
     ll start iu two hours for Washington and will spend a day or two with the army under General Hunter. U. S. GRANT, Lieu tenan t- Genera 1. City Point, August 4, 1864 — 1 p. m. (Received 0.30 p. m.) Major-General Halleck, Chief of Staff : Another division of cav
warofrebellion422unit | X8 1 Nov 1864 Van Duzer/Thomas/Hood | date headings 1 | with terms 0
warofrebellion423unit | X4 28 Oct 1864 Dana/Maxon/McHenry | date headings 123 | with terms 0
warofrebellion423unit | X8 1 Nov 1864 Van Duzer/Thomas/Hood | date headings 62 | with terms 0
warofrebellion432unit | X1 5 Aug 1864 Comstock/Monocacy/Hunter | date headings 1 | with terms 0
warofrebellion432unit | X4 28 Oct 1864 Dana/Maxon/McHenry | date headings 39 | with terms 1
      correspondents, but they nevertheless seem to me to be of importance enough to bear repeating. Yours, very faithfullv, C.. A. DANA. Rectortown, Va., October 29, 1864. (Received 11 a. m.) Maj. Gen. H. W. Halleck, Chief of Staff : Eariy yesterday morning 1 sent
warofrebellion432unit | X8 1 Nov 1864 Van Duzer/Thomas/Hood | date headings 38 | with terms 0
warofrebellion452unit | X1 5 Aug 1864 Comstock/Monocacy/Hunter | date headings 4 | with terms 0
warofrebellion452unit | X8 1 Nov 1864 Van Duzer/Thomas/Hood | date headings 1 | with terms 0
