volumes searched: 167 10019860bsb 10021035bsb 10622705bsb aktyipismakisto00forsgoog ambassadesdemess05vert antonioperezetph00mign aragoniaibeatrix00berz archivesoucorre00housgoog archivesoucorre01housgoog archivesoucorre02housgoog archivesoucorre03groe archivesoucorre03housgoog archivesoucorre04housgoog archivesoucorre04unkngoog archivesoucorre05housgoog archivesoucorre06housgoog archivesoucorre07housgoog archivesoucorre08housgoog archivesoucorre09housgoog archivesoucorres01groe archivesoucorres01unse archivesoucorres02groe archivesoucorres02unse archivesoucorres03unse archivesoucorres04groe archivesoucorres04unse archivesoucorres05groe archivesoucorres05unse beatrixkirlyn14500berz bim_eighteenth-century_a-collection-of-the-stat_thurloe-john_1742_1 bim_eighteenth-century_memoirs-of-the-life-and-_coxe-william_1798_1 bim_eighteenth-century_memoirs-of-the-life-and-_coxe-william_1798_2 bim_eighteenth-century_memoirs-of-the-life-and-_coxe-william_1798_3 bub_gb_1qtcMB3cKasC bub_gb_3N1SAAAAcAAJ bub_gb_5GumwYtaHX8C bub_gb_AH4nk3oEuIsC bub_gb_BI4WXMI4g1wC bub_gb_BojohG8zXkQC bub_gb_D8ZW1o6MNMMC bub_gb_EQ4MAAAAYAAJ bub_gb_IP8DUd8XLsEC bub_gb_KMrMHt2MUgUC bub_gb_NhOJqSX9GgIC bub_gb_bOnmNv2ZLVoC bub_gb_cM5KS3lziccC bub_gb_lGF3eVwI5y4C bub_gb_n0O44Q7X8RMC bub_gb_qWTswSr32NYC bub_gb_rM--6yqWqc4C bub_gb_wBJLsV8B_BgC bub_gb_zBQish8rkmAC calendarofclaren01bodluoft calendarofletter0003pasc calendarofstatep0021will calendarorleters0003vari charlesiin1646le00chariala correspondanced01willgoog correspondanced03coopgoog correspondancede0000unse_m5g7 correspondancede01will correspondancede02phil correspondancede02will correspondancede03will correspondancede04will correspondancede05will correspondancede06will cu31924024797890 danskemagazin02unkngoog despatchesinstru00fran diplomaticcorres01montiala diplomaticcorres02mont dukeportlandwelb01greauoft elisabethfarnese00armsuoft eltenientegener00villgoog eltenientegener01villgoog frankreichseinfl01suge histoiredelaguer02char historyofuniteds00bake kancellietsbrevb02denm labibliothque01gach labibliothquen02gachuoft lemarchaldegu00noai lepredemadamede00dargoog leshuguenotsetle03kerv lesoriginespolit01romi lesoriginespolit02romi lettersofqueenhe00henr lettresdecatheri03cathuoft lettresdecatheri04cathuoft lettresdecatheri09cathuoft lettresdecatheri10cathuoft lettresdepierre00noyegoog lettresducardina02maza lettresducardina09maza lettresindites00cond lettresinstructi06richuoft lettresinstructi07richuoft lettresinstructi08richuoft lewwallaceautobi00wall lincolnintelegra00bates manuscriptsofmar00grea manuscritsetdocu00meco memoiresdelaligu01goul memoiresdelaligu02goul memoiresdelaligu03goul memoiresdelaligu04goul memoiresdelaligu05goul memoiresdelaligu06goul memoiresdelouish02brie memoiresdelouish03brie memoirskingsspa00unkngoog memoirskingsspa02unkngoog memoirsofhoratio00coxe memorialsofgreat01caryuoft mmoiresinditsde00barrgoog mmoiresinditsde01barrgoog monumentahungari0039unse negociationssecr02lecl negociationssecr03lecl negociationssecr04lecl ngociationsdel03charuoft ngociationslet00pari nouvellecollecti06michuoft ocondedelinhares00func officialrecordso0009unse officialrecordso0010unse officialrecordso0015unse p1cataloguegnr02bibluoft p1geschichtederpre04droyuoft politischecorres09fred politischecorres10fred pologne00farggoog pologne01farggoog privateofficialc04butl privateofficialc05butl recollectionsofc00danauoft recueildesinstr00diplgoog regestadiplomat04copegoog relationspoliti06teulgoog relationspoliti07teulgoog relationspolitiq05nethuoft relationspolitiq06nethuoft reminiscencesofw00sewauoft reportsofbvtbrig00unit szzadok50trgoog thenicholaspaper01camduoft traitsdudanemar00denmgoog traitsdudanemar02denmgoog undiplomatepoite00richuoft votinginfieldfor00bent warofrebellion0207rootrich warofrebellion33unit warofrebellion352unit warofrebellion361unit warofrebellion362unit warofrebellion372unit warofrebellion393unit warofrebellion403unit warofrebellion414unit warofrebellion431unit warofrebellion432unit warofrebellion452unit warofrebellion463unit wilhelmvonorani00rachgoog wilhelmvonorani01rachgoog williamhsewardau03sewa
X1 10009/1 | leaves New York today with funds | none
X1 10009/1 | Quartermaster Department says that there is plenty | none
X1 10009/1 | plenty of forage at Port Royal | none
X1 10009/1 | remain with that part of your command | none
X1 10009/1 | garrison what you deem necessary points | none
X2 10010/2 | breaking up Hurlbut's division | none
X2 10010/2 | assigning Sheridan to the command | none
X2 10010/2 | Reynolds to receive orders from Sheridan | none
X2 10010/2 | Canby spared from Arkansas | none
X3 10058/0 | pardon means restoration of property | none
X3 10058/0 | only that portion which has been libeled | none
X3 10058/0 | Van Duzer Nashville | lincolnintelegra00bates,warofrebellion452unit
X4 10024/2 | Judge Campbell | lincolnintelegra00bates,privateofficialc05butl,recollectionsofc00danauoft,warofrebellion431unit,warofrebellion463unit
X4 10024/2 | sent to Fort Pulaski | officialrecordso0015unse
X4 10024/2 | held in close custody there until further orders | none
X4 10024/2 | Seddon late Secretary of War | none
X4 10024/2 | Fort Pulaski Hilton Head Gillmore | none
X5 9889/0 | directs the arrest at 10 a.m. on Monday morning next | none
X5 9889/0 | following named rebel agents and the seizure of their papers | none
X5 9889/0 | William Kendall | none
X5 9889/0 | Lewis Kennerly | none
X5 9889/0 | Wm Ritchie | none
X6 9889/2 | Thos T. Tunstall | none
X6 9889/2 | Tunstall Nashville | none
X6 9889/2 | seizure of his papers | none
X7 9813/1 | Cavalry Bureau has requested that all unserviceable | none
X7 9813/1 | depots at Gallipolis | none
X7 9813/1 | Geesboro | none
X7 9813/1 | every possible effort be made to mount your cavalry | none
X8 10016/2 | will send you 2700 horses as fast as possible | none
X8 10016/2 | cannot probably be well replaced in that state | none
X8 10016/2 | need not a Co. | none
X9 9864/1 | all forces that can possibly be spared from Kentucky should be sent to | none
X9 9864/1 | to enable him to meet any force that Hood may send | none
X9 9864/1 | send copy to Kearney | none
X10 9873/1 | it is reported here that Forrest is threatening both Paris | none
X10 9873/1 | if by the assistance of Kearney | none
X10 9873/1 | drive him south it would relieve that part of the country | warofrebellion393unit
