volumes searched: 177
== E610 9787/1
PHRASE | form a junction with General Howe | warofrebellion372unit
PHRASE | hold Maryland Heights and move down the Potomac | warofrebellion372unit
PHRASE | a junction with General Wright at or near Edwards Ferry | warofrebellion372unit
PHRASE | important that this junction be formed as early as possible | warofrebellion372unit
PHRASE | heavy force in the enemy's rear so as to intercept his retreat | warofrebellion372unit
PHRASE | retire above Harper's Ferry | warofrebellion372unit
DATE | warofrebellion372unit | headings 104 | with >=2 of ['Hunter', 'Howe', 'Wright']: 5
       1864. General Morris, Commanding : About 600 men have left or are leaving. I have been trying all day to get off the militia regiments. Hope to succeed by to-morrow morning. JOHN A. DIX. Washington, July 11, 1864—8 a. m. (Received 12 th.) Lieutenant-General Grant : Yours of 10.30 p. m. yesterday received, and very satisfactory. The enemy will learn of Wright’s arrival, and then the difficulty will be to unite Wright and Hunter south of the enemy before he will recross the Po
      right and Hunter south of the enemy before he will recross the Potomac, Some firing between Rockville and here now. A. LINCOLN, 192 OPERATIONS IN N. VA., W. VA., MD., AND PA. [Chap. XLIX. Washington, July 11, 1864—12 noon. Lientenant-General Grant, City Point, Va. : General Wright has just arrived, and apart of his corps will soon he in. He will take position, until ready for the field, near Fort Sumner, on tlie Potomac, above Chain Bridge. We can give him transportation, but
DATE | warofrebellion403unit | headings 98 | with >=2 of ['Hunter', 'Howe', 'Wright']: 1
      d where the pickets could not see his flag. I am, general, very respectfully, your obedient servant, JOHN N. WHITFORD, Colonel, Commanding. P. J. CLAASSEN, Colonel , TJ. S. Volunteers . , Washington, July 11, 1864 — 8 a. m. (Received 12tb.) Lieutenant-General Grant : Yours of 10.30 p. id. yesterday received, and very satisfactory. The enemy will learn of Wright’s arrival, and then the difficulty will be to unite Wright and Hunter south of the enemy before he will recross the 
== E611 9733/1
PHRASE | daily shipments of forage to Monroe should average | none
PHRASE | 27,000 bushels of grain and 350 tons of hay | warofrebellion323unit
PHRASE | consign this forage to Colonel Biggs | none
PHRASE | supply at this point has lately been low | none
PHRASE | Brown assistant quartermaster in charge of forage New York | none
== E612 9883/0
PHRASE | arrest him and report to the Secretary of War | none
PHRASE | Captain Ferry to Memphis without a day's delay | none
PHRASE | is not satisfied with your conduct | none
PHRASE | Secretary of War informs me that many days since | none
PHRASE | Captain Ferry has not yet gone to Memphis | none
== E613 9802/1
PHRASE | find a place for an officer of so high rank | none
PHRASE | appreciate him certainly as highly as you do | none
PHRASE | Carl Schurz | lewwallaceautobi00wall,lincolnintelegra00bates,warofrebellion322unit,warofrebellion323unit
PHRASE | General A. C. Gillem just received | none
PHRASE | no place seeking him | none
== E614 9874/2
PHRASE | shipment of supplies suspended by my telegraphic dispatch | none
PHRASE | sent to Hilton Head to be stored there | none
PHRASE | held afloat for instant transfer | none
PHRASE | storehouses are filled | none
PHRASE | Colonel Brown and Major Van Vliet | none
== E615 9779/0
PHRASE | report the positions and numbers of your forces and when they will reach Harper's Ferry | warofrebellion372unit
PHRASE | has crossed the Monocacy | warofrebellion372unit
PHRASE | Boonsborough and Middletown on Frederick | warofrebellion372unit
PHRASE | unless your forces move forward rapidly they will not be in time | warofrebellion372unit
PHRASE | Breckenridge has crossed the Monocacy | none
DATE | warofrebellion372unit | headings 60 | with >=2 of ['Hunter', 'Breckenridge', 'Frederick']: 2
       they wish to come in to remain, and then they must be known. Allow to pass out only the residents who have passes. Respectfully, yours, C. C. AUGUR, Major-General, U. S. Volunteers. Cumberland, Md., July 8, 1864 — 1.30 p. m. (Received 3.45 p. m.) Adjutant-General U. S. Army : I arrived here this morning and will push on my advance division to the gap at Hedgesville this evening. Hedgesville is ten miles north of Martinsburg. D. HUNTER, Major- General. Washington, July 8, 186
      . Army : I arrived here this morning and will push on my advance division to the gap at Hedgesville this evening. Hedgesville is ten miles north of Martinsburg. D. HUNTER, Major- General. Washington, July 8, 1864—10 p. ni. Major-General Hunter, Cumberland, Md. . Please report the positions and numbers of your forces, and when they will reach Harper’s Ferry. The enemy has crossed the Poto¬ mac, and appears to be moving by Boonsborough and Middletown on Frederick. His advance, 
== E616 9743/1
PHRASE | no vacant brigadier-generalships of volunteers | none
PHRASE | you have three generals of cavalry in your department | warofrebellion371unit
PHRASE | mustered out and I will endorse it | none
PHRASE | till some one else is mustered out | warofrebellion371unit
PHRASE | certainly enough for your cavalry force | warofrebellion371unit
DATE | privateofficialc04butl | headings 20 | with >=2 of ['Hunter', 'brigadier', 'cavalry']: 1
      ed into today. The attack was repulsed. M. C. Meigs, Quartermaster-General J. G. Barnard, Brigadier-General, &c. War Rec, Vol. 36, Part III, p. 177. From General Butler General Butler's Headquarters, May 24, 1864, 12.30 a.m. Hon. Edwin M. Stanton, Secretary of War I have some 25,000 effective men for duty on this peninsula, besides my own worn-out cavalry and the negro troops neces- sary to hold open communication at Forts Powhatan, Clark, and Wilson's Wharf. There are nearly
DATE | warofrebellion013403rootrich | headings 14 | with >=2 of ['Hunter', 'brigadier', 'cavalry']: 1
      ountry may l>e so impracticable as to make that the quickest route. If you leave your infantry, direct its commander to send me frequent dispatches. E. A. CARR, Brigadier-General, Commanding. AUSTIN, May 22, 1864—9 p. m. Colonel WOOD, Commanding, BroirnsviUe, Ark. : COLONEL : The general commanding requests you to telegraph the following : Brig. Gen. E. A. CARR; Little Rock, Ark. : I shall be at Quitman to-morrow evening with 4oO cavalry under Geiger. If Shelby is crossing th
DATE | warofrebellion013404rootrich | headings 53 | with >=2 of ['Hunter', 'brigadier', 'cavalry']: 7
      ll, or will send you word there what to do. I am, colonel, very respectfully, your obedient servant, J. R. WEST, Brigadier- General, Commanding. HEADQUARTERS DISTRICT OF THE FRONTIER, . • Fort Smith, May 23, 1864. Maj. Gen. F. STEELE, Comdg. Dept. of Arkansas: SIR : I have detained the boats here thus far, till I could know what course Shelby took after taking Dardanelle. As soon as I learned he was at Dardanelle, I sent down each side of the river cavalry forces to learn his
      asters depart ment will furnish the necessary transportation. ******* By command of Major-General Banks : GEO. B. DRAKE, Assistant Adjutant- General. HEADQUARTERS DEPARTMENT OF THE GULF, New Orleans, May 24, 1864. Brig. Gen. H. W. BIRGE, Baton Rouge : GENERAL : A division of the Thirteenth Army Corps has been ordered from, the front to proceed to Baton Rouge, under the command of Brig. Gen. Fitz Henry Warren. Upon its arrival the First Indiana Heavy Artillery and Fourth Wisco
DATE | warofrebellion363unit | headings 349 | with >=2 of ['Hunter', 'brigadier', 'cavalry']: 31
      ommanding . I don’t believe at present that there is any enemy immediately in my front, except enemy’s vedettes, which we fire at occasionally. [Inclosure.] Headquarters Cavalry, Army of the Potomac, May 22, 1864. (Received 12.20 p. m.) Major-General Hancock, Commanding Second Corps: General : A negro has just come in, who left Chesterfield Station last night about dark. He says there were 10,000 or 12,000 troops there then of General Hood’s [Hoke’sJ division, just come from 
      P. S. — Is the information from the cavalry picketing on your right satisfactory ? Very respectfully, A. T. A. TORBERT, Brigadier -General of Volunteers. Chap. XLVIIL] CORRESPONDENCE, ETC. UNION. 85' May 22, 1864—3.30 p. m. Major-General Hancock : Major-General Burnside’s corps is at this place — New Bethel Church. He is directed to send out his cavalry and open communi- cation with you, and should you require support you may call upon him. General Warren will he at Harris’ S
DATE | warofrebellion371unit | headings 67 | with >=2 of ['Hunter', 'brigadier', 'cavalry']: 30
      f Artillery. Chap. XLIX.] VIKGINIA AND TENNESSEE KAILROAD. 41 No. 19. Report of Brig. Gen, Williani W. Averell, U. S. Army, command¬ ing Cavalry Division. Hdqrs. Cavalry Div., Dept, of West Virginia, May 23, 1864. Captain : I have the honor to submit the following report of the operations of my cavalry division from the 1st instant to the present date : Receiving orders from Brigadier-General Crook, at Charleston, W. Va., on the 1st, I proceeded to Camp Piatt, ten miles above
       by a detachment of Mosby’s men, numbering about 100. Our men were driven in here, losing 2 killed and 7 captured. B. F. KELLEY, Brigadier- General. Major-General Halleck, Chief of Staff, Washington. MAY 24, 1864. — Skirmish near Charlestown, W. Va. Report of Brig. Gen. Max' Weber, U. S. Army. Headquarters, HarpeAs Ferry, W. Va., May 24, 1864. One of my scouting parties had a fight with some of Mosby’s men this afternoon near Charlestown. A scouting party from Duffield’s Xmrs
== E617 9686/2
PHRASE | nor any officer under your command will exercise authority over any troops not within the limits of your department | none
PHRASE | neither yourself nor any officer under your command | none
PHRASE | immediately revoked | warofrebellion422unit
PHRASE | assuming command of troops outside of such boundaries | none
PHRASE | when the order establishing it was received | none
