warofrebellion323unit.txt | X7 9694/1 4 Apr 1864 Grant/Sherman | date headings 76 | with terms 4
     e one else skins. , I am, general, very respectfully, your_obed: ’ Lieutenant- General. Headquarters Armies of the United States, Washington , D. C., April 4, 1864. Adjutant-General of the Army : . The President consents to the following changes being made i the Military Division of the Mississippi,
     r will report by letter to the Adjutant- General of the Army. Very respectfully, your obedient servant, U. S. GRANT, Lieutenant- General. Washington, April 4, 1864 — 8 p. m. Maj. Gen. W. T. Sherman : The Eleventh and Twelfth Corps will be consolidated into the First Corps, Maj. Gen. Joseph Hooker co
warofrebellion372unit.txt | X10 9772/0 3-4 July 1864 Garrett/Gilmore/Wallace | date headings 125 | with terms 35
     it returned about five or six days ago. U. S. GRANT, Lieutenant- General. 16 OPERATIONS IN N. VA., W. VA., MO., AND PA. [Chap. XLTX. City Point, Va., July 3, 1864. Major-General Meade, Commanding, &c. : General Sigel telegraphs that Early, Breckinridge, Jackson, and Mosby are reported to be moving d
     ve. It was never reported as in our front, but only that it had returned from Lynchburg. GEO. G. MEADE, Major- General. General Grant’s Headquarters, July 3, 1864 — 3.30 p. m. (Received 8 p. m.) Hon. E. M. Stanton, Secretary of War: There is pretty good evidence that Early is now here, and all of Ew
warofrebellion413unit.txt | X3 9885/1 2 Oct 1864 Dix/Horner/election proxies | date headings 142 | with terms 0
warofrebellion413unit.txt | X5 9841/0 13 Sept 1864 O'Brien/Knox Ames | date headings 99 | with terms 5
      ******* V. The transports conveying the Third Division, Sixteenth Army Corps, will move out in the following order at precisely 9 a. m. to-mor- row, September 14, 1864: First, Nicholas Longworth; second, W. R. Arthur; third, Monsoon; fourth, Kennett; fifth, Golden Era; sixth, Edward Walsh; seventh,
     s destination, unless otherwise directed. By order of Col. William T. Shaw : JAMES B. COMSTOCK, Acting Assistant Adjutant- General. Saint Louis, Mo., September 13, 1864. Brigadier- General McNeil, Bolla , Mo : I think most probably Price will be in with 5,000 or 6,000 cavalry, either by you or over 
warofrebellion413unit.txt | X8 9903/1 2 Dec 1864 Horner/Dyer sacks | date headings 2 | with terms 0
warofrebellion414unit.txt | X3 9885/1 2 Oct 1864 Dix/Horner/election proxies | date headings 3 | with terms 0
warofrebellion414unit.txt | X4 9887/0 3 Nov 1864 Dix/Butler troops New York | date headings 67 | with terms 0
warofrebellion414unit.txt | X8 9903/1 2 Dec 1864 Horner/Dyer sacks | date headings 57 | with terms 0
warofrebellion414unit.txt | X9 9880/2 31 Oct 1864 Halleck/Rosecrans | date headings 70 | with terms 13
     ured last week, and the rebels hold high carnival in Monroe County. J. T. K. HAYWARD, Colonel , Commanding. Field of Battle, Near Independence , Mo., October 31, 1864. Maj. Gen. H. W. Halleok, Chief of Staff: I have been fighting Price three hours op the Little Blue with my cavalry. We have a strong
     ard hay, &c. I am, sir, very respectfully, your obedient servant, ROBT. H. ROSE, Major Second Minnesota Cavalry , Commanding Post. Washington, D. C., October 31, 1864 — 3 p. m. Lieutenant-General Grant, City Point : Telegram just received from General Curtis states that General RosCcrans has recalle
warofrebellion414unit.txt | X10 9772/0 3-4 July 1864 Garrett/Gilmore/Wallace | date headings 1 | with terms 0
warofrebellion422unit.txt | X3 9885/1 2 Oct 1864 Dix/Horner/election proxies | date headings 1 | with terms 0
warofrebellion422unit.txt | X4 9887/0 3 Nov 1864 Dix/Butler troops New York | date headings 1 | with terms 0
warofrebellion422unit.txt | X5 9841/0 13 Sept 1864 O'Brien/Knox Ames | date headings 79 | with terms 2
     s of your communication. Very respectfully, your obedient servant, A. A. HUMPHKEYS, Major-General and Chief of Staff. Headquarters Second Army Corps, September 14.^ 1864. Brig. Gen. S. Williams, Assistant Adjutant- Gener a f Army of the Fotomac: General : In reply to your telegram of yesterday I hav
     miOireys to Haucock, p. 821. Chap. LIY.] CORRESPONDENCE, ETC.— UNION. 827 Headquarters Second Division, ]Ninth Army Corps, Near Weldon Railroad^ TA., September 14^ 1864. Capt. John C. Younoman, Assistant Adjutant- General, Ninth Army Corps: Captain : In compliance with instructions received I have t
warofrebellion422unit.txt | X8 9903/1 2 Dec 1864 Horner/Dyer sacks | date headings 1 | with terms 0
warofrebellion423unit.txt | X3 9885/1 2 Oct 1864 Dix/Horner/election proxies | date headings 116 | with terms 0
warofrebellion423unit.txt | X4 9887/0 3 Nov 1864 Dix/Butler troops New York | date headings 58 | with terms 5
     l report in person to the corps commander lor duty. ######* By order of the Secretary of War: E. D. TOWNSEND, Assistant Adjutant- General. Hatcher’s, November 3 , 1864. Lieutenant-Colonel Smith : Has General Butler returned? Please answer. CHAS. K. GEAHAM, Brigadier- General. Hdqrs. Dept, of Virgini
     Smith : Has General Butler returned? Please answer. CHAS. K. GEAHAM, Brigadier- General. Hdqrs. Dept, of Virginia and North Carolina, General Graham: November 3 , 1864. General Butler has not returned. ED. W. SMITH, Assistant Adjutant- General. Hdqrs. Provisional Division, Army of the James, Beep Bo
warofrebellion423unit.txt | X7 9694/1 4 Apr 1864 Grant/Sherman | date headings 1 | with terms 0
warofrebellion423unit.txt | X8 9903/1 2 Dec 1864 Horner/Dyer sacks | date headings 64 | with terms 0
warofrebellion423unit.txt | X9 9880/2 31 Oct 1864 Halleck/Rosecrans | date headings 66 | with terms 0
warofrebellion432unit.txt | X3 9885/1 2 Oct 1864 Dix/Horner/election proxies | date headings 48 | with terms 0
warofrebellion432unit.txt | X4 9887/0 3 Nov 1864 Dix/Butler troops New York | date headings 36 | with terms 7
     ¬ ment, Adjutant-GeneraPs Office, October 27, 1864. By command of Major-General Couch : JNO. S. SCHULTZE, Assistant Adjutant- General. New York City, November 3, 1864. (Received 4 p. m.) Hon. E. M. Stanton, i Secretary of War: General Butler has arrived and presented his order. It seems to contempla
     ent force to serve your pur¬ pose in the present emergency. 1 shall write to you to-day at large. EDWIN M. STANTON, Secretary of War. War Department, November 3 , 1864. Major-General Dix, New York: When you called for several thousand troops it was supposed that some danger more than mere raiding an
warofrebellion432unit.txt | X5 9841/0 13 Sept 1864 O'Brien/Knox Ames | date headings 44 | with terms 2
     ur consideration. H. W. HALLECK, Major-General and Chief of Staff. Special Orders, i Hdqrs. Dept, of Washington, Twenty-second Army Corps, No. 229. ) September 14 , 1864. # ' * * # * # # 3. The following-named unattached companies Massachusetts Heavy Artillery, having reported at these headquarters 
     ns from . 424 ..., . 901 . 417 . 438 . 423 . L . 428 . . 901 . 418,426,427,441 . 410,416,424,427,436 . 417,426,428 Centerville, W. Va. Skirmish near, Sept. 14, 1864. Communications from Berlin, F . . . . - . 93 Hagans, Harrison H . 96 CJialfin, Samuel F. For correspondence as A. A. G., see Adjutant-
warofrebellion432unit.txt | X8 9903/1 2 Dec 1864 Horner/Dyer sacks | date headings 53 | with terms 0
warofrebellion432unit.txt | X9 9880/2 31 Oct 1864 Halleck/Rosecrans | date headings 16 | with terms 0
warofrebellion452unit.txt | X8 9903/1 2 Dec 1864 Horner/Dyer sacks | date headings 119 | with terms 0
warofrebellion492unit.txt | X1 10003/2 7 May 1865 Stanton/Wilson/Brown | date headings 111 | with terms 7
     m robbers and to make the citizens of Macon responsible for its safety.* GEO. H. THOMAS, Major- General^ Commanding. War Department, Washington City, May 7, 1865 — 6 p. m. Bvt. Maj. Gen. J. H. Wilson, Commanding, &c., Macon, Ga. : The telegraphic communication of this day’s date,t forwarded with « y
      report to this Department for further instructions. By order of the President : EDWIN M. STANTON, Secretary of War. War Department, Washington City, May 7, 1865 — 7 p. m. Bvt. Maj. Gen. J. H. Wilson, Commanding , &c., Macon, Ga. : The President directs that you immediately arrest Joseph E. Brown, w
warofrebellion492unit.txt | X2 10048/1 2 Sept 1865 Eckert/Slocum/Sharkey | date headings 2 | with terms 0
warofrebellion492unit.txt | X8 9903/1 2 Dec 1864 Horner/Dyer sacks | date headings 2 | with terms 0
