volumes searched: 174 10019860bsb 10021035bsb 10622705bsb aktyipismakisto00forsgoog ambassadesdemess05vert antonioperezetph00mign aragoniaibeatrix00berz archivesoucorre00housgoog archivesoucorre01housgoog archivesoucorre02housgoog archivesoucorre03groe archivesoucorre03housgoog archivesoucorre04housgoog archivesoucorre04unkngoog archivesoucorre05housgoog archivesoucorre06housgoog archivesoucorre07housgoog archivesoucorre08housgoog archivesoucorre09housgoog archivesoucorres01groe archivesoucorres01unse archivesoucorres02groe archivesoucorres02unse archivesoucorres03unse archivesoucorres04groe archivesoucorres04unse archivesoucorres05groe archivesoucorres05unse beatrixkirlyn14500berz bim_eighteenth-century_a-collection-of-the-stat_thurloe-john_1742_1 bim_eighteenth-century_memoirs-of-the-life-and-_coxe-william_1798_1 bim_eighteenth-century_memoirs-of-the-life-and-_coxe-william_1798_2 bim_eighteenth-century_memoirs-of-the-life-and-_coxe-william_1798_3 bub_gb_1qtcMB3cKasC bub_gb_3N1SAAAAcAAJ bub_gb_5GumwYtaHX8C bub_gb_AH4nk3oEuIsC bub_gb_BI4WXMI4g1wC bub_gb_BojohG8zXkQC bub_gb_D8ZW1o6MNMMC bub_gb_EQ4MAAAAYAAJ bub_gb_IP8DUd8XLsEC bub_gb_KMrMHt2MUgUC bub_gb_NhOJqSX9GgIC bub_gb_bOnmNv2ZLVoC bub_gb_cM5KS3lziccC bub_gb_lGF3eVwI5y4C bub_gb_n0O44Q7X8RMC bub_gb_qWTswSr32NYC bub_gb_rM--6yqWqc4C bub_gb_wBJLsV8B_BgC bub_gb_zBQish8rkmAC calendarofclaren01bodluoft calendarofletter0003pasc calendarofstatep0021will calendarorleters0003vari charlesiin1646le00chariala correspondanced01willgoog correspondanced03coopgoog correspondancede0000unse_m5g7 correspondancede01will correspondancede02phil correspondancede02will correspondancede03will correspondancede04will correspondancede05will correspondancede06will cu31924024797890 danskemagazin02unkngoog despatchesinstru00fran diplomaticcorres01montiala diplomaticcorres02mont dukeportlandwelb01greauoft elisabethfarnese00armsuoft eltenientegener00villgoog eltenientegener01villgoog frankreichseinfl01suge histoiredelaguer02char historyofuniteds00bake histsecretservice00bakerich kancellietsbrevb02denm labibliothque01gach labibliothquen02gachuoft lemarchaldegu00noai lepredemadamede00dargoog leshuguenotsetle03kerv lesoriginespolit01romi lesoriginespolit02romi lettersofqueenhe00henr lettresdecatheri03cathuoft lettresdecatheri04cathuoft lettresdecatheri09cathuoft lettresdecatheri10cathuoft lettresdepierre00noyegoog lettresducardina02maza lettresducardina09maza lettresindites00cond lettresinstructi06richuoft lettresinstructi07richuoft lettresinstructi08richuoft lewwallaceautobi00wall lincolnintelegra00bates manuscriptsofmar00grea manuscritsetdocu00meco memoiresdelaligu01goul memoiresdelaligu02goul memoiresdelaligu03goul memoiresdelaligu04goul memoiresdelaligu05goul memoiresdelaligu06goul memoiresdelouish02brie memoiresdelouish03brie memoirskingsspa00unkngoog memoirskingsspa02unkngoog memoirsofhoratio00coxe memorialsofgreat01caryuoft mmoiresinditsde00barrgoog mmoiresinditsde01barrgoog monumentahungari0039unse negociationssecr02lecl negociationssecr03lecl negociationssecr04lecl ngociationsdel03charuoft ngociationslet00pari nouvellecollecti06michuoft ocondedelinhares00func officialrecordso0009unse officialrecordso0010unse officialrecordso0015unse officialrecordso0021unse p1cataloguegnr02bibluoft p1geschichtederpre04droyuoft politischecorres09fred politischecorres10fred pologne00farggoog pologne01farggoog privateofficialc04butl privateofficialc05butl recollectionsofc00danauoft recueildesinstr00diplgoog regestadiplomat04copegoog relationspoliti06teulgoog relationspoliti07teulgoog relationspolitiq05nethuoft relationspolitiq06nethuoft reminiscencesofw00sewauoft reportofsecre00unit reportsofbvtbrig00unit szzadok50trgoog thenicholaspaper01camduoft traitsdudanemar00denmgoog traitsdudanemar02denmgoog undiplomatepoite00richuoft votinginfieldfor00bent warofrebellion013403rootrich warofrebellion0207rootrich warofrebellion33unit warofrebellion352unit warofrebellion361unit warofrebellion362unit warofrebellion363unit warofrebellion372unit warofrebellion392unit warofrebellion393unit warofrebellion403unit warofrebellion421unit warofrebellion422unit warofrebellion423unit warofrebellion431unit warofrebellion432unit warofrebellion452unit wilhelmvonorani00rachgoog wilhelmvonorani01rachgoog williamhsewardau03sewa
X1 9842/1 | withdraw from | bim_eighteenth-century_a-collection-of-the-stat_thurloe-john_1742_1,bim_eighteenth-century_memoirs-of-the-life-and-_coxe-william_1798_1,bim_eighteenth-century_memoirs-of-the-life-and-_coxe-william_1798_2,calendarofclaren01bodluoft,calendarofletter0003pasc,calendarorleters0003vari,despatchesinstru00fran,diplomaticcorres01montiala,diplomaticcorres02mont,elisabethfarnese00armsuoft,lettersofqueenhe00henr,manuscriptsofmar00grea,memoirskingsspa00unkngoog,memoirskingsspa02unkngoog,memoirsofhoratio00coxe,memorialsofgreat01caryuoft,officialrecordso0009unse,officialrecordso0015unse,officialrecordso0021unse,privateofficialc04butl,privateofficialc05butl,warofrebellion33unit,warofrebellion352unit,warofrebellion361unit,warofrebellion362unit,warofrebellion372unit,warofrebellion403unit,warofrebellion431unit,warofrebellion452unit,williamhsewardau03sewa,warofrebellion013403rootrich,warofrebellion363unit,warofrebellion393unit,warofrebellion421unit,warofrebellion422unit,warofrebellion423unit
X1 9842/1 | chief quartermaster | historyofuniteds00bake,histsecretservice00bakerich,officialrecordso0009unse,officialrecordso0010unse,officialrecordso0021unse,privateofficialc04butl,privateofficialc05butl,recollectionsofc00danauoft,reportsofbvtbrig00unit,warofrebellion0207rootrich,warofrebellion33unit,warofrebellion352unit,warofrebellion361unit,warofrebellion362unit,warofrebellion372unit,warofrebellion403unit,warofrebellion431unit,warofrebellion432unit,warofrebellion452unit,warofrebellion013403rootrich,warofrebellion363unit,warofrebellion392unit,warofrebellion393unit,warofrebellion421unit,warofrebellion422unit,warofrebellion423unit
X1 9842/1 | cash notes or certificates | none
X1 9842/1 | credits therefor | none
X1 9842/1 | now under his control | warofrebellion452unit
X2 9907/1 | Mobile and Ohio | officialrecordso0021unse,recollectionsofc00danauoft,reportsofbvtbrig00unit,warofrebellion352unit,warofrebellion361unit,warofrebellion452unit,warofrebellion392unit,warofrebellion393unit
X2 9907/1 | cut the | bim_eighteenth-century_a-collection-of-the-stat_thurloe-john_1742_1,bim_eighteenth-century_memoirs-of-the-life-and-_coxe-william_1798_1,calendarofclaren01bodluoft,calendarofletter0003pasc,calendarofstatep0021will,calendarorleters0003vari,cu31924024797890,diplomaticcorres02mont,dukeportlandwelb01greauoft,elisabethfarnese00armsuoft,historyofuniteds00bake,histsecretservice00bakerich,lewwallaceautobi00wall,lincolnintelegra00bates,manuscriptsofmar00grea,memorialsofgreat01caryuoft,officialrecordso0009unse,officialrecordso0010unse,officialrecordso0015unse,officialrecordso0021unse,privateofficialc04butl,privateofficialc05butl,recollectionsofc00danauoft,reminiscencesofw00sewauoft,reportsofbvtbrig00unit,thenicholaspaper01camduoft,votinginfieldfor00bent,warofrebellion0207rootrich,warofrebellion33unit,warofrebellion352unit,warofrebellion361unit,warofrebellion362unit,warofrebellion372unit,warofrebellion403unit,warofrebellion431unit,warofrebellion432unit,warofrebellion452unit,williamhsewardau03sewa,warofrebellion013403rootrich,warofrebellion363unit,warofrebellion392unit,warofrebellion393unit,warofrebellion421unit,warofrebellion422unit,warofrebellion423unit
X2 9907/1 | Hood's army can not be supplied | warofrebellion452unit
X2 9907/1 | be supplied by that route | warofrebellion452unit
X2 9907/1 | call on General Reynolds | warofrebellion452unit
X3 9878/1 | by no means certain that he will do so | none
X3 9878/1 | absent from Washington | historyofuniteds00bake,histsecretservice00bakerich,lincolnintelegra00bates,warofrebellion393unit
X3 9878/1 | send you reinforcements | none
X3 9878/1 | communicate with General Rosecrans | none
X4 9673/1 | should leave his present duties | none
X4 9673/1 | Devereux | bim_eighteenth-century_a-collection-of-the-stat_thurloe-john_1742_1,calendarofclaren01bodluoft,calendarofstatep0021will,cu31924024797890,diplomaticcorres01montiala,dukeportlandwelb01greauoft,histoiredelaguer02char,officialrecordso0021unse,reportsofbvtbrig00unit,thenicholaspaper01camduoft,warofrebellion33unit,warofrebellion362unit,warofrebellion431unit
X4 9673/1 | McCallum | lincolnintelegra00bates,reportsofbvtbrig00unit,warofrebellion33unit,warofrebellion361unit,warofrebellion362unit,warofrebellion372unit,warofrebellion431unit,warofrebellion432unit,warofrebellion452unit,warofrebellion013403rootrich,warofrebellion392unit,warofrebellion393unit,warofrebellion422unit
X4 9673/1 | has left for Nashville | none
X5 10061/0 | keep a very close watch on the man | none
X5 10061/0 | close watch on the man referred to | none
X6 10013/0 | deliver to you at St. Louis | none
X6 10013/0 | serviceable cavalry horses | warofrebellion452unit,warofrebellion393unit
X6 10013/0 | cavalry horses | officialrecordso0009unse,privateofficialc04butl,privateofficialc05butl,warofrebellion33unit,warofrebellion352unit,warofrebellion362unit,warofrebellion372unit,warofrebellion403unit,warofrebellion431unit,warofrebellion432unit,warofrebellion452unit,warofrebellion013403rootrich,warofrebellion363unit,warofrebellion392unit,warofrebellion393unit,warofrebellion422unit,warofrebellion423unit
X7 9774/1 | revoked the order that you report to him in person | warofrebellion372unit
X7 9774/1 | take immediate command of operations | none
X7 9774/1 | enemy's forces now threatening Maryland | warofrebellion372unit
X8 9820/3 | may be released and allowed to proceed | none
X8 9820/3 | observe the course of trade | none
X8 9820/3 | whatever may transpire | none
X8 9820/3 | more detectives | none
X9 9759/1 | commenced last night his movement to the south side of the James | none
X9 9759/1 | completely routed him | warofrebellion452unit
X9 9759/1 | Morgan at Cynthiana | warofrebellion392unit
X9 9759/1 | that is the way to do it | none
X10 9732/1 | Marks' Mills | warofrebellion361unit,warofrebellion013403rootrich
X10 9732/1 | supply this loss in provisions and transportation | warofrebellion013403rootrich
X10 9732/1 | Washita | lewwallaceautobi00wall,recollectionsofc00danauoft,reportofsecre00unit,warofrebellion452unit,warofrebellion013403rootrich
X10 9732/1 | Steele's supply train | warofrebellion013403rootrich
X11 10048/1 | Sharkey | williamhsewardau03sewa
X11 10048/1 | formation of militia companies | none
X11 10048/1 | countermanding this proclamation | none
X12 10003/2 | Joseph E. Brown | warofrebellion431unit,warofrebellion452unit
X12 10003/2 | close custody under sufficient and secure guard | none
X12 10003/2 | hold no communication, verbal or written | none
