warofrebellion014703rootrich.txt | X6 10013/0 19 May 1865 Rawlins/Clowry/horses | date headings 47 | with terms 0
warofrebellion014703rootrich.txt | X12 10003/2 7 May 1865 Brown/Wilson/Macon | date headings 65 | with terms 0
warofrebellion363unit.txt | X9 9759/1 13 June 1864 Stanton/Sherman/Burbridge | date headings 6 | with terms 0
warofrebellion384unit.txt | X9 9759/1 13 June 1864 Stanton/Sherman/Burbridge | date headings 55 | with terms 0
warofrebellion392unit.txt | X1 9842/1 15 Sept 1864 Meigs/Allen/Louisville funds | date headings 44 | with terms 0
warofrebellion392unit.txt | X8 9820/3 16 Aug 1864 Stanton/Dana/Horner | date headings 20 | with terms 0
warofrebellion392unit.txt | X9 9759/1 13 June 1864 Stanton/Sherman/Burbridge | date headings 42 | with terms 4
     s. L, THOMAS, . Adjutant-General. [June 13, 18G4. — For Burbridge to Halleck and Sherman, reporting operations, &c., see Part 1, p. 20.] Camp Nelson, June 13, 1864. Captain Dickson, Assistant Adjutant- General : A courier sent to Richmond yesterday, in search of Colonel Johnson, returned this mornin
     herman, and reply, relative to Sturgis’ operations, &c., see Yol. XXXVIII, Part IV, p. 474.] Hdqrs. Military Division of the Mississippi, Big Shanty, June 14, 1864 — 3 p. m. (Received 7.10 p. m.) Hon. E. M. Stanton, Seeretary of War, Washington, B. C. : General Sherman is at the front, advancing his
warofrebellion393unit.txt | X3 9878/1 28 Oct 1864 Halleck/Thomas/Rosecrans | date headings 106 | with terms 4
     The enemy is rexiorted to have crossed the Coosa. Very resx)ectfully, your obedient servant, [KOWLAN^D COX,] Assistant Adjutant- General. Washington, October 27, 1864 — 11.40 a. m. Major-General Thomas, Nashville, Ten n. : Should General liosecrans be able to send you re-enforcements from Missouri a
      HALLECK, Alajor- General and Chief of Staff. 30 R R— VOL XXXIX, PT III 466 KY., SW. VA., TENN., MISS., ALA., AND N. GA. [Chap. LI. Nashville, Tenn., October 27^ 1864— 2.50 p. m. (Received 5 |). m.) MaJ. Gen. H. AY. Halleck, Chief of Staff: If General Rosecrans can vsend me troops from liis command,
warofrebellion393unit.txt | X8 9820/3 16 Aug 1864 Stanton/Dana/Horner | date headings 1 | with terms 0
warofrebellion421unit.txt | X1 9842/1 15 Sept 1864 Meigs/Allen/Louisville funds | date headings 10 | with terms 0
warofrebellion421unit.txt | X3 9878/1 28 Oct 1864 Halleck/Thomas/Rosecrans | date headings 34 | with terms 0
warofrebellion421unit.txt | X8 9820/3 16 Aug 1864 Stanton/Dana/Horner | date headings 19 | with terms 0
warofrebellion421unit.txt | X9 9759/1 13 June 1864 Stanton/Sherman/Burbridge | date headings 1 | with terms 0
warofrebellion422unit.txt | X1 9842/1 15 Sept 1864 Meigs/Allen/Louisville funds | date headings 120 | with terms 0
warofrebellion422unit.txt | X8 9820/3 16 Aug 1864 Stanton/Dana/Horner | date headings 144 | with terms 0
warofrebellion422unit.txt | X9 9759/1 13 June 1864 Stanton/Sherman/Burbridge | date headings 2 | with terms 0
warofrebellion423unit.txt | X3 9878/1 28 Oct 1864 Halleck/Thomas/Rosecrans | date headings 201 | with terms 0
warofrebellion423unit.txt | X8 9820/3 16 Aug 1864 Stanton/Dana/Horner | date headings 1 | with terms 0
warofrebellion431unit.txt | X8 9820/3 16 Aug 1864 Stanton/Dana/Horner | date headings 1 | with terms 0
warofrebellion452unit.txt | X8 9820/3 16 Aug 1864 Stanton/Dana/Horner | date headings 1 | with terms 0
warofrebellion463unit.txt | X1 9842/1 15 Sept 1864 Meigs/Allen/Louisville funds | date headings 1 | with terms 0
warofrebellion463unit.txt | X6 10013/0 19 May 1865 Rawlins/Clowry/horses | date headings 31 | with terms 1
     escape of the prisoners to be confined there. U. S. GRANT, Lieutenant- General. Chap. LYIII.] v CORRESPONDENCE, ETC. - UNION. 1175 Washington, D. 0., May 19 , 1865 — 8.15 p. m. Major-General Halleck, Richmond , Va. : Lieutenant-General Grant desires that you will order all officers and men at the di
warofrebellion463unit.txt | X8 9820/3 16 Aug 1864 Stanton/Dana/Horner | date headings 2 | with terms 0
warofrebellion463unit.txt | X12 10003/2 7 May 1865 Brown/Wilson/Macon | date headings 39 | with terms 0
warofrebellion482unit.txt | X6 10013/0 19 May 1865 Rawlins/Clowry/horses | date headings 84 | with terms 12
     n as known. C. T. CHRISTENSEN, Lieutenant- Colonel and Assistant Adjutant- General. Headquarters Military Division of the Missouri, Saint Louis, Mo., May 19, 1865 — 12 m. (Received 2' 30 p. m.) Lieutenant-General Grant: Your dispatch concerning Sheridan received. Have instructed Rey¬ nolds according
      unless he desires it. Will write to-day on the subiect. JNO. POPE, Major- General. Headquarters Military Division of the Missouri, Saint Louis, Mo., May 19, 1865. (Received 6.15 p. m.) General Grant : What shall we do for norses, &c., for the brigade of cavalry General Thomas sent here ? JNO. POPE,
warofrebellion482unit.txt | X11 10048/1 2 Sept 1865 Sharkey/Slocum | date headings 2 | with terms 0
warofrebellion482unit.txt | X12 10003/2 7 May 1865 Brown/Wilson/Macon | date headings 83 | with terms 0
warofrebellion492unit.txt | X6 10013/0 19 May 1865 Rawlins/Clowry/horses | date headings 62 | with terms 0
warofrebellion492unit.txt | X9 9759/1 13 June 1864 Stanton/Sherman/Burbridge | date headings 1 | with terms 0
warofrebellion492unit.txt | X11 10048/1 2 Sept 1865 Sharkey/Slocum | date headings 2 | with terms 0
warofrebellion492unit.txt | X12 10003/2 7 May 1865 Brown/Wilson/Macon | date headings 111 | with terms 7
     m robbers and to make the citizens of Macon responsible for its safety.* GEO. H. THOMAS, Major- General^ Commanding. War Department, Washington City, May 7, 1865 — 6 p. m. Bvt. Maj. Gen. J. H. Wilson, Commanding, &c., Macon, Ga. : The telegraphic communication of this day’s date,t forwarded with « y
      report to this Department for further instructions. By order of the President : EDWIN M. STANTON, Secretary of War. War Department, Washington City, May 7, 1865 — 7 p. m. Bvt. Maj. Gen. J. H. Wilson, Commanding , &c., Macon, Ga. : The President directs that you immediately arrest Joseph E. Brown, w
