volumes searched: 169 10019860bsb 10021035bsb 10622705bsb aktyipismakisto00forsgoog ambassadesdemess05vert antonioperezetph00mign aragoniaibeatrix00berz archivesoucorre00housgoog archivesoucorre01housgoog archivesoucorre02housgoog archivesoucorre03groe archivesoucorre03housgoog archivesoucorre04housgoog archivesoucorre04unkngoog archivesoucorre05housgoog archivesoucorre06housgoog archivesoucorre07housgoog archivesoucorre08housgoog archivesoucorre09housgoog archivesoucorres01groe archivesoucorres01unse archivesoucorres02groe archivesoucorres02unse archivesoucorres03unse archivesoucorres04groe archivesoucorres04unse archivesoucorres05groe archivesoucorres05unse beatrixkirlyn14500berz bim_eighteenth-century_a-collection-of-the-stat_thurloe-john_1742_1 bim_eighteenth-century_memoirs-of-the-life-and-_coxe-william_1798_1 bim_eighteenth-century_memoirs-of-the-life-and-_coxe-william_1798_2 bim_eighteenth-century_memoirs-of-the-life-and-_coxe-william_1798_3 bub_gb_1qtcMB3cKasC bub_gb_3N1SAAAAcAAJ bub_gb_5GumwYtaHX8C bub_gb_AH4nk3oEuIsC bub_gb_BI4WXMI4g1wC bub_gb_BojohG8zXkQC bub_gb_D8ZW1o6MNMMC bub_gb_EQ4MAAAAYAAJ bub_gb_IP8DUd8XLsEC bub_gb_KMrMHt2MUgUC bub_gb_NhOJqSX9GgIC bub_gb_bOnmNv2ZLVoC bub_gb_cM5KS3lziccC bub_gb_lGF3eVwI5y4C bub_gb_n0O44Q7X8RMC bub_gb_qWTswSr32NYC bub_gb_rM--6yqWqc4C bub_gb_wBJLsV8B_BgC bub_gb_zBQish8rkmAC calendarofclaren01bodluoft calendarofletter0003pasc calendarofstatep0021will calendarorleters0003vari charlesiin1646le00chariala correspondanced01willgoog correspondanced03coopgoog correspondancede0000unse_m5g7 correspondancede01will correspondancede02phil correspondancede02will correspondancede03will correspondancede04will correspondancede05will correspondancede06will cu31924024797890 danskemagazin02unkngoog despatchesinstru00fran diplomaticcorres01montiala diplomaticcorres02mont dukeportlandwelb01greauoft elisabethfarnese00armsuoft eltenientegener00villgoog eltenientegener01villgoog frankreichseinfl01suge histoiredelaguer02char historyofuniteds00bake kancellietsbrevb02denm labibliothque01gach labibliothquen02gachuoft lemarchaldegu00noai lepredemadamede00dargoog leshuguenotsetle03kerv lesoriginespolit01romi lesoriginespolit02romi lettersofqueenhe00henr lettresdecatheri03cathuoft lettresdecatheri04cathuoft lettresdecatheri09cathuoft lettresdecatheri10cathuoft lettresdepierre00noyegoog lettresducardina02maza lettresducardina09maza lettresindites00cond lettresinstructi06richuoft lettresinstructi07richuoft lettresinstructi08richuoft lewwallaceautobi00wall lincolnintelegra00bates manuscriptsofmar00grea manuscritsetdocu00meco memoiresdelaligu01goul memoiresdelaligu02goul memoiresdelaligu03goul memoiresdelaligu04goul memoiresdelaligu05goul memoiresdelaligu06goul memoiresdelouish02brie memoiresdelouish03brie memoirskingsspa00unkngoog memoirskingsspa02unkngoog memoirsofhoratio00coxe memorialsofgreat01caryuoft mmoiresinditsde00barrgoog mmoiresinditsde01barrgoog monumentahungari0039unse negociationssecr02lecl negociationssecr03lecl negociationssecr04lecl ngociationsdel03charuoft ngociationslet00pari nouvellecollecti06michuoft ocondedelinhares00func officialrecordso0009unse officialrecordso0010unse officialrecordso0015unse p1cataloguegnr02bibluoft p1geschichtederpre04droyuoft politischecorres09fred politischecorres10fred pologne00farggoog pologne01farggoog privateofficialc04butl privateofficialc05butl recollectionsofc00danauoft recueildesinstr00diplgoog regestadiplomat04copegoog relationspoliti06teulgoog relationspoliti07teulgoog relationspolitiq05nethuoft relationspolitiq06nethuoft reminiscencesofw00sewauoft reportsofbvtbrig00unit szzadok50trgoog thenicholaspaper01camduoft traitsdudanemar00denmgoog traitsdudanemar02denmgoog undiplomatepoite00richuoft votinginfieldfor00bent warofrebellion0207rootrich warofrebellion33unit warofrebellion352unit warofrebellion361unit warofrebellion362unit warofrebellion372unit warofrebellion384unit warofrebellion385unit warofrebellion392unit warofrebellion393unit warofrebellion403unit warofrebellion431unit warofrebellion432unit warofrebellion451unit warofrebellion452unit wilhelmvonorani00rachgoog wilhelmvonorani01rachgoog williamhsewardau03sewa
X1 9892/1 | ranks General Stanley as | warofrebellion393unit
X1 9892/1 | assign General Stanley to | none
X1 9892/1 | placing General Stanley under | none
X1 9892/1 | ranks Stanley as | none
X2 9835/0 | does not deem him fit to command | warofrebellion392unit
X2 9835/0 | relieve Brigadier-General E. A. Paine | none
X2 9835/0 | relieve General Paine from command | none
X2 9835/0 | Paine from command at Paducah | warofrebellion392unit
X4 9827/1 | provisional battalion of cavalry belonging to | none
X4 9827/1 | guarding the river while the | none
X4 9827/1 | cannot get his regiment ready | none
X4 9827/1 | Gregg | calendarofletter0003pasc,cu31924024797890,danskemagazin02unkngoog,historyofuniteds00bake,officialrecordso0010unse,officialrecordso0015unse,privateofficialc04butl,privateofficialc05butl,warofrebellion0207rootrich,warofrebellion33unit,warofrebellion352unit,warofrebellion361unit,warofrebellion362unit,warofrebellion372unit,warofrebellion403unit,warofrebellion432unit,warofrebellion452unit,warofrebellion392unit,warofrebellion393unit,warofrebellion451unit
X5 9866/3 | may understand General Grant | warofrebellion393unit
X5 9866/3 | while the communication between you and General Sherman is interrupted | warofrebellion393unit
X5 9866/3 | copies of the following dispatches | none
X5 9866/3 | frequently advised of what transpires | warofrebellion393unit
X6 9825/2 | absolutely necessary that General Hurlbut | none
X6 9825/2 | on both banks of the Mississippi | warofrebellion392unit
X6 9825/2 | cannot otherwise protect the navigation | none
X6 9825/2 | conflict of orders | warofrebellion352unit,warofrebellion372unit,warofrebellion403unit,warofrebellion431unit,warofrebellion452unit,warofrebellion385unit,warofrebellion392unit
X7 9820/1 | Gordon Bruce | none
X7 9820/1 | Alexander Keith | none
X7 9820/1 | machinery of some description | none
X7 9820/1 | Mitchell, Kennuer | none
X8 9811/2 | wishes to go to Monocacy this afternoon | none
X8 9811/2 | have your car put on | none
X8 9811/2 | departure of the General must be kept | none
X9 9779/1 | sending State troops from | warofrebellion372unit
X9 9779/1 | Shelton Howe | none
X9 9779/1 | about 20,000 strong | calendarofletter0003pasc,calendarofstatep0021will,officialrecordso0009unse,officialrecordso0015unse,privateofficialc05butl,warofrebellion33unit,warofrebellion352unit,warofrebellion361unit,warofrebellion362unit,warofrebellion372unit,warofrebellion431unit,warofrebellion432unit,warofrebellion452unit,warofrebellion384unit,warofrebellion385unit,warofrebellion392unit,warofrebellion393unit,warofrebellion451unit
X9 9779/1 | moving by Urbana | none
X10 9843/1 | incompatible | 10622705bsb,archivesoucorre00housgoog,archivesoucorre01housgoog,archivesoucorre02housgoog,archivesoucorre03groe,archivesoucorre04unkngoog,archivesoucorre06housgoog,archivesoucorre07housgoog,archivesoucorre09housgoog,archivesoucorres01groe,archivesoucorres01unse,archivesoucorres02groe,archivesoucorres02unse,archivesoucorres03unse,archivesoucorres04groe,archivesoucorres04unse,archivesoucorres05groe,archivesoucorres05unse,bim_eighteenth-century_a-collection-of-the-stat_thurloe-john_1742_1,bim_eighteenth-century_memoirs-of-the-life-and-_coxe-william_1798_1,bim_eighteenth-century_memoirs-of-the-life-and-_coxe-william_1798_2,bub_gb_5GumwYtaHX8C,bub_gb_AH4nk3oEuIsC,bub_gb_BI4WXMI4g1wC,bub_gb_D8ZW1o6MNMMC,bub_gb_IP8DUd8XLsEC,bub_gb_bOnmNv2ZLVoC,bub_gb_lGF3eVwI5y4C,bub_gb_qWTswSr32NYC,bub_gb_rM--6yqWqc4C,calendarofclaren01bodluoft,calendarofletter0003pasc,calendarorleters0003vari,correspondancede02will,correspondancede04will,despatchesinstru00fran,diplomaticcorres02mont,dukeportlandwelb01greauoft,elisabethfarnese00armsuoft,eltenientegener00villgoog,eltenientegener01villgoog,lettresdepierre00noyegoog,lettresducardina09maza,lettresinstructi07richuoft,lettresinstructi08richuoft,manuscriptsofmar00grea,memoiresdelaligu01goul,memoiresdelaligu02goul,memoiresdelaligu03goul,memoiresdelaligu04goul,memoiresdelaligu05goul,memoiresdelouish03brie,memoirskingsspa00unkngoog,memoirskingsspa02unkngoog,memoirsofhoratio00coxe,mmoiresinditsde01barrgoog,negociationssecr03lecl,negociationssecr04lecl,ngociationsdel03charuoft,nouvellecollecti06michuoft,officialrecordso0010unse,politischecorres09fred,politischecorres10fred,pologne01farggoog,privateofficialc04butl,privateofficialc05butl,thenicholaspaper01camduoft,votinginfieldfor00bent,warofrebellion0207rootrich,warofrebellion33unit,warofrebellion352unit,warofrebellion431unit,warofrebellion432unit,warofrebellion452unit,williamhsewardau03sewa,warofrebellion392unit
X10 9843/1 | relieve Colonel Crane | none
X10 9843/1 | disbursing officer | historyofuniteds00bake,reportsofbvtbrig00unit,warofrebellion0207rootrich,warofrebellion33unit,warofrebellion352unit,warofrebellion403unit,warofrebellion431unit,warofrebellion432unit,warofrebellion392unit
X10 9843/1 | Inspector and of disbursing officer | none
X11 9895/2 | Burnet House | lewwallaceautobi00wall,warofrebellion0207rootrich,warofrebellion431unit
X11 9895/2 | Grierson | lewwallaceautobi00wall,ngociationsdel03charuoft,warofrebellion361unit,warofrebellion452unit,williamhsewardau03sewa,warofrebellion384unit,warofrebellion385unit,warofrebellion392unit,warofrebellion393unit,warofrebellion451unit
X11 9895/2 | serviceable horses there for issue | none
X11 9895/2 | Planters House | reminiscencesofw00sewauoft
X3 10002/2 | suspend preparations for | none
X3 10002/2 | overrun the whole country | none
X3 10002/2 | attempts to hold out | none
