volumes searched: 173 10019860bsb 10021035bsb 10622705bsb aktyipismakisto00forsgoog ambassadesdemess05vert antonioperezetph00mign aragoniaibeatrix00berz archivesoucorre00housgoog archivesoucorre01housgoog archivesoucorre02housgoog archivesoucorre03groe archivesoucorre03housgoog archivesoucorre04housgoog archivesoucorre04unkngoog archivesoucorre05housgoog archivesoucorre06housgoog archivesoucorre07housgoog archivesoucorre08housgoog archivesoucorre09housgoog archivesoucorres01groe archivesoucorres01unse archivesoucorres02groe archivesoucorres02unse archivesoucorres03unse archivesoucorres04groe archivesoucorres04unse archivesoucorres05groe archivesoucorres05unse beatrixkirlyn14500berz bim_eighteenth-century_a-collection-of-the-stat_thurloe-john_1742_1 bim_eighteenth-century_memoirs-of-the-life-and-_coxe-william_1798_1 bim_eighteenth-century_memoirs-of-the-life-and-_coxe-william_1798_2 bim_eighteenth-century_memoirs-of-the-life-and-_coxe-william_1798_3 bub_gb_1qtcMB3cKasC bub_gb_3N1SAAAAcAAJ bub_gb_5GumwYtaHX8C bub_gb_AH4nk3oEuIsC bub_gb_BI4WXMI4g1wC bub_gb_BojohG8zXkQC bub_gb_D8ZW1o6MNMMC bub_gb_EQ4MAAAAYAAJ bub_gb_IP8DUd8XLsEC bub_gb_KMrMHt2MUgUC bub_gb_NhOJqSX9GgIC bub_gb_bOnmNv2ZLVoC bub_gb_cM5KS3lziccC bub_gb_lGF3eVwI5y4C bub_gb_n0O44Q7X8RMC bub_gb_qWTswSr32NYC bub_gb_rM--6yqWqc4C bub_gb_wBJLsV8B_BgC bub_gb_zBQish8rkmAC calendarofclaren01bodluoft calendarofletter0003pasc calendarofstatep0021will calendarorleters0003vari charlesiin1646le00chariala correspondanced01willgoog correspondanced03coopgoog correspondancede0000unse_m5g7 correspondancede01will correspondancede02phil correspondancede02will correspondancede03will correspondancede04will correspondancede05will correspondancede06will cu31924024797890 danskemagazin02unkngoog despatchesinstru00fran diplomaticcorres01montiala diplomaticcorres02mont dukeportlandwelb01greauoft elisabethfarnese00armsuoft eltenientegener00villgoog eltenientegener01villgoog frankreichseinfl01suge histoiredelaguer02char historyofuniteds00bake histsecretservice00bakerich kancellietsbrevb02denm labibliothque01gach labibliothquen02gachuoft lemarchaldegu00noai lepredemadamede00dargoog leshuguenotsetle03kerv lesoriginespolit01romi lesoriginespolit02romi lettersofqueenhe00henr lettresdecatheri03cathuoft lettresdecatheri04cathuoft lettresdecatheri09cathuoft lettresdecatheri10cathuoft lettresdepierre00noyegoog lettresducardina02maza lettresducardina09maza lettresindites00cond lettresinstructi06richuoft lettresinstructi07richuoft lettresinstructi08richuoft lewwallaceautobi00wall lincolnintelegra00bates manuscriptsofmar00grea manuscritsetdocu00meco memoiresdelaligu01goul memoiresdelaligu02goul memoiresdelaligu03goul memoiresdelaligu04goul memoiresdelaligu05goul memoiresdelaligu06goul memoiresdelouish02brie memoiresdelouish03brie memoirskingsspa00unkngoog memoirskingsspa02unkngoog memoirsofhoratio00coxe memorialsofgreat01caryuoft mmoiresinditsde00barrgoog mmoiresinditsde01barrgoog monumentahungari0039unse negociationssecr02lecl negociationssecr03lecl negociationssecr04lecl ngociationsdel03charuoft ngociationslet00pari nouvellecollecti06michuoft ocondedelinhares00func officialrecordso0009unse officialrecordso0010unse officialrecordso0015unse officialrecordso0021unse p1cataloguegnr02bibluoft p1geschichtederpre04droyuoft politischecorres09fred politischecorres10fred pologne00farggoog pologne01farggoog privateofficialc04butl privateofficialc05butl recollectionsofc00danauoft recueildesinstr00diplgoog regestadiplomat04copegoog relationspoliti06teulgoog relationspoliti07teulgoog relationspolitiq05nethuoft relationspolitiq06nethuoft reminiscencesofw00sewauoft reportofsecre00unit reportsofbvtbrig00unit szzadok50trgoog thenicholaspaper01camduoft traitsdudanemar00denmgoog traitsdudanemar02denmgoog undiplomatepoite00richuoft votinginfieldfor00bent warofrebellion0207rootrich warofrebellion323unit warofrebellion33unit warofrebellion352unit warofrebellion361unit warofrebellion362unit warofrebellion372unit warofrebellion403unit warofrebellion413unit warofrebellion414unit warofrebellion422unit warofrebellion423unit warofrebellion431unit warofrebellion432unit warofrebellion452unit warofrebellion492unit wilhelmvonorani00rachgoog wilhelmvonorani01rachgoog williamhsewardau03sewa
X1 10003/2 | Joseph E. Brown | warofrebellion431unit,warofrebellion452unit,warofrebellion492unit
X1 10003/2 | close custody under sufficient and secure guard | warofrebellion492unit
X1 10003/2 | hold no communication, verbal or written | warofrebellion492unit
X1 10003/2 | acknowledge by telegraph the hour | warofrebellion492unit
X2 10048/1 | Sharkey | williamhsewardau03sewa,warofrebellion492unit
X2 10048/1 | formation of militia companies | none
X2 10048/1 | countermanding this proclamation | none
X2 10048/1 | detect criminals, prevent crime | none
X3 9885/1 | Inspectors and other officers of election | none
X3 9885/1 | register of the names and residence | none
X3 9885/1 | soldiers' proxies | none
X3 9885/1 | fraudulent votes | none
X4 9887/0 | immediate command under you | none
X4 9887/0 | apprehension that his troops were to be taken from him | none
X4 9887/0 | limiting or controlling your authority | none
X4 9887/0 | peculiar form of the order | warofrebellion432unit
X5 9841/0 | Ames guns | warofrebellion352unit,warofrebellion361unit,warofrebellion362unit,warofrebellion431unit,warofrebellion422unit
X5 9841/0 | under promise to pay | none
X5 9841/0 | extraordinary price without the testing | none
X5 9841/0 | provided they bear the test | none
X6 10055/0 | Alberger | aktyipismakisto00forsgoog,bub_gb_3N1SAAAAcAAJ,warofrebellion403unit,warofrebellion432unit
X6 10055/0 | competent and reliable officer in charge | none
X6 10055/0 | permission to visit Washington | historyofuniteds00bake,histsecretservice00bakerich,privateofficialc05butl,warofrebellion0207rootrich,warofrebellion33unit,warofrebellion422unit
X6 10055/0 | Jno. Odell | none
X7 9694/1 | consolidated into the first | warofrebellion323unit
X7 9694/1 | will command the Fourth Corps | warofrebellion323unit
X7 9694/1 | Relieve General Granger | none
X7 9694/1 | assign General Slocum | none
X8 9903/1 | sacks suitable for holding | none
X8 9903/1 | each sack to hold | none
X8 9903/1 | Procure immediately | warofrebellion431unit
X8 9903/1 | flour sacks will probably answer | none
X9 9880/2 | directing General McNeil to Rolla | warofrebellion414unit
X9 9880/2 | pursuit must be continued | warofrebellion414unit
X9 9880/2 | ordered the troops back | warofrebellion414unit
X9 9880/2 | These orders must be obeyed | warofrebellion414unit
X10 9772/0 | safety of General Sigel's trains | none
X10 9772/0 | movement of the enemy in the valley | none
X10 9772/0 | keep me posted as well as you can | none
X10 9772/0 | under orders three days ago to move his forces | warofrebellion372unit
