'habeas corpus minors Hancock Baltimore officers illegally enlisted': 0 hits: 
'Wentz hostages Harpers Ferry raiders citizens negroes': 0 hits: 
'Instructions prominent reward husband Jeff Davis seized immediately': 0 hits: 
'Sampson Edwards Ferry guerrillas mounted Baltimore move out': 0 hits: 
'Stiner reporter Fortress Monroe Fox written accounts': 0 hits: 
'Olcott Boston witness discharged Goodman Judge Advocate Navy Yards': 0 hits: 
'Beckwith Early Wednesday rumored Lee cavalry badly beaten prisoners Leet': 0 hits: 
'Memphis prisoner papers publication signed Canada Barton': 0 hits: 
'Maryland veteran cavalry battery ditto light artillery Augur Wallace': 0 hits: 
'Hunter Kanawha valley Ewell corps returned Breckenridge McCaine': 0 hits: 
img 10065
img 9821
img 10004
img 9791
img 9863
img 9729
img 9825
img 10043
img 9753
img 9770
requests 20
