volumes searched: 177 10019860bsb 10021035bsb 10622705bsb aktyipismakisto00forsgoog ambassadesdemess05vert antonioperezetph00mign aragoniaibeatrix00berz archivesoucorre00housgoog archivesoucorre01housgoog archivesoucorre02housgoog archivesoucorre03groe archivesoucorre03housgoog archivesoucorre04housgoog archivesoucorre04unkngoog archivesoucorre05housgoog archivesoucorre06housgoog archivesoucorre07housgoog archivesoucorre08housgoog archivesoucorre09housgoog archivesoucorres01groe archivesoucorres01unse archivesoucorres02groe archivesoucorres02unse archivesoucorres03unse archivesoucorres04groe archivesoucorres04unse archivesoucorres05groe archivesoucorres05unse beatrixkirlyn14500berz bim_eighteenth-century_a-collection-of-the-stat_thurloe-john_1742_1 bim_eighteenth-century_memoirs-of-the-life-and-_coxe-william_1798_1 bim_eighteenth-century_memoirs-of-the-life-and-_coxe-william_1798_2 bim_eighteenth-century_memoirs-of-the-life-and-_coxe-william_1798_3 bub_gb_1qtcMB3cKasC bub_gb_3N1SAAAAcAAJ bub_gb_5GumwYtaHX8C bub_gb_AH4nk3oEuIsC bub_gb_BI4WXMI4g1wC bub_gb_BojohG8zXkQC bub_gb_D8ZW1o6MNMMC bub_gb_EQ4MAAAAYAAJ bub_gb_IP8DUd8XLsEC bub_gb_KMrMHt2MUgUC bub_gb_NhOJqSX9GgIC bub_gb_bOnmNv2ZLVoC bub_gb_cM5KS3lziccC bub_gb_lGF3eVwI5y4C bub_gb_n0O44Q7X8RMC bub_gb_qWTswSr32NYC bub_gb_rM--6yqWqc4C bub_gb_wBJLsV8B_BgC bub_gb_zBQish8rkmAC calendarofclaren01bodluoft calendarofletter0003pasc calendarofstatep0021will calendarorleters0003vari charlesiin1646le00chariala correspondanced01willgoog correspondanced03coopgoog correspondancede0000unse_m5g7 correspondancede01will correspondancede02phil correspondancede02will correspondancede03will correspondancede04will correspondancede05will correspondancede06will cu31924024797890 danskemagazin02unkngoog despatchesinstru00fran diplomaticcorres01montiala diplomaticcorres02mont dukeportlandwelb01greauoft elisabethfarnese00armsuoft eltenientegener00villgoog eltenientegener01villgoog frankreichseinfl01suge histoiredelaguer02char historyofuniteds00bake histsecretservice00bakerich kancellietsbrevb02denm labibliothque01gach labibliothquen02gachuoft lemarchaldegu00noai lepredemadamede00dargoog leshuguenotsetle03kerv lesoriginespolit01romi lesoriginespolit02romi lettersofqueenhe00henr lettresdecatheri03cathuoft lettresdecatheri04cathuoft lettresdecatheri09cathuoft lettresdecatheri10cathuoft lettresdepierre00noyegoog lettresducardina02maza lettresducardina09maza lettresindites00cond lettresinstructi06richuoft lettresinstructi07richuoft lettresinstructi08richuoft lewwallaceautobi00wall lincolnintelegra00bates manuscriptsofmar00grea manuscritsetdocu00meco memoiresdelaligu01goul memoiresdelaligu02goul memoiresdelaligu03goul memoiresdelaligu04goul memoiresdelaligu05goul memoiresdelaligu06goul memoiresdelouish02brie memoiresdelouish03brie memoirskingsspa00unkngoog memoirskingsspa02unkngoog memoirsofhoratio00coxe memorialsofgreat01caryuoft mmoiresinditsde00barrgoog mmoiresinditsde01barrgoog monumentahungari0039unse negociationssecr02lecl negociationssecr03lecl negociationssecr04lecl ngociationsdel03charuoft ngociationslet00pari nouvellecollecti06michuoft ocondedelinhares00func officialrecordso0009unse officialrecordso0010unse officialrecordso0015unse officialrecordso0021unse p1cataloguegnr02bibluoft p1geschichtederpre04droyuoft politischecorres09fred politischecorres10fred pologne00farggoog pologne01farggoog privateofficialc04butl privateofficialc05butl recollectionsofc00danauoft recueildesinstr00diplgoog regestadiplomat04copegoog relationspoliti06teulgoog relationspoliti07teulgoog relationspolitiq05nethuoft relationspolitiq06nethuoft reminiscencesofw00sewauoft reportofsecre00unit reportsofbvtbrig00unit szzadok50trgoog thenicholaspaper01camduoft traitsdudanemar00denmgoog traitsdudanemar02denmgoog undiplomatepoite00richuoft votinginfieldfor00bent warofrebellion013404rootrich warofrebellion014602rootrich warofrebellion0207rootrich warofrebellion322unit warofrebellion33unit warofrebellion352unit warofrebellion361unit warofrebellion362unit warofrebellion371unit warofrebellion372unit warofrebellion403unit warofrebellion414unit warofrebellion431unit warofrebellion432unit warofrebellion433unit warofrebellion451unit warofrebellion452unit warofrebellion463unit warofrebellion482unit warofrebellion492unit wilhelmvonorani00rachgoog wilhelmvonorani01rachgoog williamhsewardau03sewa
X1 9674/0 | Governors of States have no authority to furlough | warofrebellion322unit
X1 9674/0 | no authority to furlough | warofrebellion322unit
X1 9674/0 | rank of lieutenant-colonel | despatchesinstru00fran,reportsofbvtbrig00unit,warofrebellion33unit,warofrebellion361unit,warofrebellion372unit,warofrebellion452unit,warofrebellion014602rootrich,warofrebellion322unit,warofrebellion414unit,warofrebellion463unit
X1 9674/0 | Mr. Beckwith has been restored | warofrebellion322unit
X2 9886/1 | all the troops you can lay hand on | none
X2 9886/1 | sent forward with the least possible delay | warofrebellion414unit
X2 9886/1 | opposed by Hood's entire army | warofrebellion414unit
X2 9886/1 | cavalry of Wheeler | warofrebellion414unit
X3 9676/1 | directed to send recruits to their regiments as fast as collected | warofrebellion322unit
X3 9676/1 | send new regiments to the field as fast as organized | warofrebellion322unit
X3 9676/1 | who do you want to command | warofrebellion322unit
X3 9676/1 | Name several to select from | warofrebellion322unit
X4 9769/1 | shall not be repaired at present | warofrebellion013404rootrich
X4 9769/1 | guage should be changed to | none
X4 9769/1 | gauge should be changed to | none
X4 9769/1 | are in existence | warofrebellion0207rootrich,warofrebellion013404rootrich
X5 9674/1 | more than two months discussing the draft bill | warofrebellion322unit
X5 9674/1 | unless it soon passes | warofrebellion322unit
X5 9674/1 | furloughed | privateofficialc04butl,privateofficialc05butl,reminiscencesofw00sewauoft,reportsofbvtbrig00unit,votinginfieldfor00bent,warofrebellion33unit,warofrebellion352unit,warofrebellion361unit,warofrebellion403unit,warofrebellion431unit,warofrebellion432unit,warofrebellion452unit,williamhsewardau03sewa,warofrebellion013404rootrich,warofrebellion014602rootrich,warofrebellion322unit,warofrebellion371unit,warofrebellion414unit,warofrebellion451unit,warofrebellion463unit,warofrebellion482unit,warofrebellion492unit
X5 9674/1 | same or worse condition than yours | warofrebellion322unit
X6 10005/2 | Boulware | officialrecordso0010unse,warofrebellion0207rootrich
X6 10005/2 | King and Queen Court-House | officialrecordso0009unse,warofrebellion33unit,warofrebellion361unit,warofrebellion432unit
X6 10005/2 | send him here under guard | warofrebellion463unit
X6 10005/2 | Judge-Advocate | calendarofstatep0021will,dukeportlandwelb01greauoft,historyofuniteds00bake,histsecretservice00bakerich,lewwallaceautobi00wall,lincolnintelegra00bates,memorialsofgreat01caryuoft,officialrecordso0009unse,officialrecordso0010unse,officialrecordso0015unse,officialrecordso0021unse,privateofficialc04butl,privateofficialc05butl,recollectionsofc00danauoft,reportsofbvtbrig00unit,thenicholaspaper01camduoft,votinginfieldfor00bent,warofrebellion0207rootrich,warofrebellion33unit,warofrebellion352unit,warofrebellion361unit,warofrebellion362unit,warofrebellion372unit,warofrebellion431unit,warofrebellion432unit,warofrebellion452unit,warofrebellion013404rootrich,warofrebellion014602rootrich,warofrebellion322unit,warofrebellion371unit,warofrebellion414unit,warofrebellion451unit,warofrebellion463unit,warofrebellion482unit,warofrebellion492unit
X7 9801/0 | gives no intimation | warofrebellion372unit
X7 9801/0 | rebel army is down the valley | none
X7 9801/0 | when you last heard from him | warofrebellion372unit
X7 9801/0 | in what direction was he operating | warofrebellion372unit
X8 10027/2 | issuing of arms to all persons | warofrebellion482unit
X8 10027/2 | carrying of Government freight | warofrebellion482unit
X8 10027/2 | on proper security that the arms will not be lost | warofrebellion482unit
X8 10027/2 | freight over the plains | none
X9 10020/2 | Thomas J. Campbell | none
X9 10020/2 | send him under guard to Nashville | none
X9 10020/2 | delivered to Major-General Thomas | none
X9 10020/2 | forward by railroad | warofrebellion432unit
X10 9836/1 | Masury & Whiton | none
X10 9836/1 | Masury and Whiton | none
X10 9836/1 | Fulton street | none
X10 9836/1 | can be supplied by rail | none
