'plenty of shady': 1 hits: 10009
'Rawlins Chief Staff': 13 hits: 10009 7940 7980 9136 8763 8005 8916 10243 9886 8812 7800 9234 5768
'Hurlbut Sheridan': 0 hits: 
'Seddon Pulaski': 2 hits: 10022 10024
'Kendall Lewis Kennedy': 1 hits: 9889
'Tunstall': 3 hits: 4349 4350 9889
'Gallipolis Geesboro': 0 hits: 
'pardon means restoration of property': 1 hits: 10058
'Kearney lavender': 3 hits: 5782 9869 9873
'Handle may send': 5 hits: 11782 9864 9865 9882 9937
'weighing both': 2 hits: 9873 5749
'replaced in that state': 2 hits: 3555 10016
'Canby Spared from': 18 hits: 10317 8644 10339 10345 10010 10015 7929 4682 8503 5664 10469 9152 9888 8565 8393 10284 9237 9249
img 10009
img 10010
img 10058
img 10024
img 9889
img 9813
img 10016
img 9864
img 9873
requests 22
