volumes searched: 168 10019860bsb 10021035bsb 10622705bsb aktyipismakisto00forsgoog ambassadesdemess05vert antonioperezetph00mign aragoniaibeatrix00berz archivesoucorre00housgoog archivesoucorre01housgoog archivesoucorre02housgoog archivesoucorre03groe archivesoucorre03housgoog archivesoucorre04housgoog archivesoucorre04unkngoog archivesoucorre05housgoog archivesoucorre06housgoog archivesoucorre07housgoog archivesoucorre08housgoog archivesoucorre09housgoog archivesoucorres01groe archivesoucorres01unse archivesoucorres02groe archivesoucorres02unse archivesoucorres03unse archivesoucorres04groe archivesoucorres04unse archivesoucorres05groe archivesoucorres05unse beatrixkirlyn14500berz bim_eighteenth-century_a-collection-of-the-stat_thurloe-john_1742_1 bim_eighteenth-century_memoirs-of-the-life-and-_coxe-william_1798_1 bim_eighteenth-century_memoirs-of-the-life-and-_coxe-william_1798_2 bim_eighteenth-century_memoirs-of-the-life-and-_coxe-william_1798_3 bub_gb_1qtcMB3cKasC bub_gb_3N1SAAAAcAAJ bub_gb_5GumwYtaHX8C bub_gb_AH4nk3oEuIsC bub_gb_BI4WXMI4g1wC bub_gb_BojohG8zXkQC bub_gb_D8ZW1o6MNMMC bub_gb_EQ4MAAAAYAAJ bub_gb_IP8DUd8XLsEC bub_gb_KMrMHt2MUgUC bub_gb_NhOJqSX9GgIC bub_gb_bOnmNv2ZLVoC bub_gb_cM5KS3lziccC bub_gb_lGF3eVwI5y4C bub_gb_n0O44Q7X8RMC bub_gb_qWTswSr32NYC bub_gb_rM--6yqWqc4C bub_gb_wBJLsV8B_BgC bub_gb_zBQish8rkmAC calendarofclaren01bodluoft calendarofletter0003pasc calendarofstatep0021will calendarorleters0003vari charlesiin1646le00chariala correspondanced01willgoog correspondanced03coopgoog correspondancede0000unse_m5g7 correspondancede01will correspondancede02phil correspondancede02will correspondancede03will correspondancede04will correspondancede05will correspondancede06will cu31924024797890 danskemagazin02unkngoog despatchesinstru00fran diplomaticcorres01montiala diplomaticcorres02mont dukeportlandwelb01greauoft elisabethfarnese00armsuoft eltenientegener00villgoog eltenientegener01villgoog frankreichseinfl01suge histoiredelaguer02char historyofuniteds00bake kancellietsbrevb02denm labibliothque01gach labibliothquen02gachuoft lemarchaldegu00noai lepredemadamede00dargoog leshuguenotsetle03kerv lesoriginespolit01romi lesoriginespolit02romi lettersofqueenhe00henr lettresdecatheri03cathuoft lettresdecatheri04cathuoft lettresdecatheri09cathuoft lettresdecatheri10cathuoft lettresdepierre00noyegoog lettresducardina02maza lettresducardina09maza lettresindites00cond lettresinstructi06richuoft lettresinstructi07richuoft lettresinstructi08richuoft lewwallaceautobi00wall lincolnintelegra00bates manuscriptsofmar00grea manuscritsetdocu00meco memoiresdelaligu01goul memoiresdelaligu02goul memoiresdelaligu03goul memoiresdelaligu04goul memoiresdelaligu05goul memoiresdelaligu06goul memoiresdelouish02brie memoiresdelouish03brie memoirskingsspa00unkngoog memoirskingsspa02unkngoog memoirsofhoratio00coxe memorialsofgreat01caryuoft mmoiresinditsde00barrgoog mmoiresinditsde01barrgoog monumentahungari0039unse negociationssecr02lecl negociationssecr03lecl negociationssecr04lecl ngociationsdel03charuoft ngociationslet00pari nouvellecollecti06michuoft ocondedelinhares00func officialrecordso0009unse officialrecordso0010unse officialrecordso0015unse p1cataloguegnr02bibluoft p1geschichtederpre04droyuoft politischecorres09fred politischecorres10fred pologne00farggoog pologne01farggoog privateofficialc04butl privateofficialc05butl recollectionsofc00danauoft recueildesinstr00diplgoog regestadiplomat04copegoog relationspoliti06teulgoog relationspoliti07teulgoog relationspolitiq05nethuoft relationspolitiq06nethuoft reminiscencesofw00sewauoft reportsofbvtbrig00unit szzadok50trgoog thenicholaspaper01camduoft traitsdudanemar00denmgoog traitsdudanemar02denmgoog undiplomatepoite00richuoft votinginfieldfor00bent warofrebellion014703rootrich warofrebellion0207rootrich warofrebellion33unit warofrebellion352unit warofrebellion361unit warofrebellion362unit warofrebellion363unit warofrebellion372unit warofrebellion403unit warofrebellion414unit warofrebellion431unit warofrebellion432unit warofrebellion452unit warofrebellion492unit wilhelmvonorani00rachgoog wilhelmvonorani01rachgoog williamhsewardau03sewa
X1 10016/1 | permitted to go to Canada | warofrebellion014703rootrich
X1 10016/1 | through the States as he may select | warofrebellion014703rootrich
X1 10016/1 | not to return to the United States without first obtaining leave | warofrebellion014703rootrich
X1 10016/1 | Joseph E. Johnston | recollectionsofc00danauoft,warofrebellion352unit,warofrebellion362unit,warofrebellion431unit,warofrebellion452unit,warofrebellion014703rootrich,warofrebellion492unit
X2 9808/1 | drove him back toward Old Town | warofrebellion372unit
X2 9808/1 | can you not push forward | warofrebellion372unit
X2 9808/1 | defeated the enemy last night near | warofrebellion372unit
X3 9745/1 | plot to seize a steamer going from | none
X3 9745/1 | Phillips is tall and thin | none
X3 9745/1 | goatee wears a diamond ring | none
X3 9745/1 | de Lasalle | bub_gb_cM5KS3lziccC,bub_gb_wBJLsV8B_BgC,correspondanced01willgoog,correspondancede06will,labibliothque01gach,labibliothquen02gachuoft,lettresdecatheri09cathuoft,lettresdecatheri10cathuoft,lettresdepierre00noyegoog,lettresducardina02maza,lettresducardina09maza,lettresindites00cond,lettresinstructi06richuoft,lettresinstructi07richuoft,memoiresdelouish03brie,mmoiresinditsde00barrgoog,mmoiresinditsde01barrgoog,ngociationslet00pari,nouvellecollecti06michuoft,p1cataloguegnr02bibluoft,politischecorres09fred,relationspoliti07teulgoog
X4 9746/0 | immediately send down the Mississippi River to report to | none
X4 9746/0 | Hurlbut the following regiments | none
X4 9746/0 | Sixty-eighth United States Colored | none
X4 9746/0 | Twelfth Missouri Volunteer Cavalry | none
X5 9693/1 | barrels powder, part cannon and part musket | none
X5 9693/1 | Berrien at Pittsburgh | none
X5 9693/1 | retain it at Pittsburgh subject to your order | none
X6 9881/1 | imperative that reinforcements be sent to him | none
X6 9881/1 | with all possible despatch | lewwallaceautobi00wall,privateofficialc05butl,reportsofbvtbrig00unit
X6 9881/1 | by forced marches his men can rest on the steamers | warofrebellion414unit
X6 9881/1 | Hudson is crossing the Tennessee | none
X7 9886/0 | assume command of all troops belonging to the Department of Missouri | none
X7 9886/0 | now serving on the western border | warofrebellion414unit
X7 9886/0 | till he reaches the troops of | warofrebellion414unit
X8 9888/2 | at Cape Girardeau and New Madrid that could be spared | none
X8 9888/2 | I think every man you can possibly get should be hurried to | warofrebellion414unit
X8 9888/2 | regiment at Cairo not required there | warofrebellion414unit
X9 9864/0 | again tender its thanks to you | none
X9 9864/0 | Torbert, Merritt, and Custer | none
X9 9864/0 | the efficient arm in this war | none
X9 9864/0 | brilliant victory won last Sunday | none
X10 10056/2 | M. H. Alberger | none
X10 10056/2 | Hall the safe key | none
X10 10056/2 | bring it with you | warofrebellion431unit,warofrebellion014703rootrich
X10 10056/2 | leave the safe open | none
