[no1] Z1 a=0.654 (17/26) b_p95=0.269 hit=YES (c)=8: chief er five galveston general huntsville monroe steam
[no1] Z2 a=0.702 (87/124) b_p95=0.161 hit=YES (c)=32: augusta cut drove ed encountered enemy five flank force genl government grant holston impregnable ing jefferson lee left maj missing movement new off orleans our pearl pickets president reinforced resist strong transport
[no1] Z3 a=0.517 (46/89) b_p95=0.146 hit=YES (c)=31: arkansas big cleveland danger demoralize depot drove ed encountered enemy enemys force gen hooker ing jasper jefferson joseph lee maj movement our pickets prentiss rapidan red river sandy strong union valley
[no1] Z4 a=0.469 (15/32) b_p95=0.250 hit=no (c)=15: advance ed gap guard holston ing kirby knoxville lee movement point pontoon smith treasury west
[no1] Z5 a=0.606 (20/33) b_p95=0.273 hit=YES (c)=12: cut drove ed ing lee meantime off our pickets road transport troops
[no1] Z6 a=0.645 (40/62) b_p95=0.194 hit=YES (c)=17: camp cleveland command ed encountered enemy er force government ing jefferson lee pontoon president resist strong williamsburg
[no1] Z7 a=0.638 (30/47) b_p95=0.213 hit=YES (c)=15: burnside dahlgren force gen genl gordon granger impregnable jno knoxville maj meantime road sequatchie valley
[no1] Z8 a=0.655 (19/29) b_p95=0.241 hit=YES (c)=10: camp cut depot encountered enemy force jefferson nashville off strong
[no1] Z9 a=0.758 (25/33) b_p95=0.273 hit=YES (c)=7: camp ed ing knoxville offensive telegraph volunteered
[no1] Z10 a=0.889 (40/45) b_p95=0.267 hit=YES (c)=5: delaware five gen maj prentiss
[no2] Z1 a=0.513 (20/39) b_p95=0.205 hit=YES (c)=14: 1000 chalmers danville ed er grenada hill ing killing pursue sunday surrendered tennessee transportation
[no2] Z2 a=0.608 (45/74) b_p95=0.189 hit=YES (c)=26: augusta breckenridge carolina davis ed general georgia information ing jeff lynchburg men necessary nineteen north officer one order report secretary supply telegraph two war washington wilson
[no2] Z3 a=0.621 (41/66) b_p95=0.197 hit=YES (c)=23: adjutant alabama banks canby command department division ed eight florida general ing louisiana mask mississippi president station twenty tyners washington watched west withdrawn
[no2] Z4 a=0.323 (10/31) b_p95=0.194 hit=no (c)=18: arrest carolina eastport ed eight gen government grant guard ing lieut north order president raleigh rebel schofield washington
[no2] Z5 a=0.455 (10/22) b_p95=0.227 hit=no (c)=8: ed eleven four important ing july telegraph washington
[no2] Z6 a=0.558 (24/43) b_p95=0.233 hit=YES (c)=17: beauregard city colonel ed four general june nineteen officer order rebel report savannah secretary six war washington
[no2] Z7 a=0.692 (27/39) b_p95=0.231 hit=YES (c)=11: arms cavalry couch force kirby men sheridan smith texas three west
[no2] Z8 a=0.783 (18/23) b_p95=0.304 hit=YES (c)=5: chief colonel department general ten
[no2] Z9 a=0.706 (24/34) b_p95=0.235 hit=YES (c)=10: carr colonel ed gen grant guard lieut position rear valley
[no2] Z10 a=0.771 (37/48) b_p95=0.250 hit=YES (c)=10: ascertain canby chickamunga ed heights ing lookout sic three valley
