volumes searched: 184 warofrebellion013402rootrich warofrebellion013403rootrich warofrebellion0207rootrich warofrebellion322unit warofrebellion323unit warofrebellion33unit warofrebellion352unit warofrebellion361unit warofrebellion362unit warofrebellion372unit warofrebellion381unit warofrebellion382unit warofrebellion385unit warofrebellion391unit warofrebellion392unit warofrebellion393unit warofrebellion402unit warofrebellion403unit warofrebellion412unit warofrebellion413unit warofrebellion414unit warofrebellion422unit warofrebellion423unit warofrebellion431unit warofrebellion432unit warofrebellion451unit warofrebellion452unit
F1 9879/0 | credibly reported to this Department | none
F1 9879/0 | ballot-box stuffer | none
F1 9879/0 | ballot box stuffer | none
F1 9879/0 | engaged in frauds and forgeries | none
F1 9879/0 | criminal operations | none
F2 9767/1 | great accumulation of sick and wounded | none
F2 9767/1 | hospital transports fit to carry them by sea | none
F2 9767/1 | one service or duty must wait upon the other | none
F2 9767/1 | more urgent than the New Orleans service | none
F3 9690/0 | furloughed regiments | warofrebellion33unit,warofrebellion013402rootrich,warofrebellion323unit,warofrebellion392unit
F3 9690/0 | dismounted at St. Louis | none
F3 9690/0 | have been diverted | warofrebellion0207rootrich,warofrebellion352unit,warofrebellion013402rootrich,warofrebellion392unit,warofrebellion414unit
F3 9690/0 | interfere with his movements | warofrebellion352unit,warofrebellion013402rootrich
F3 9690/0 | rendezvous here | warofrebellion33unit,warofrebellion352unit,warofrebellion013402rootrich,warofrebellion392unit,warofrebellion413unit
F4 9680/1 | much anxiety is felt here about | warofrebellion322unit
F4 9680/1 | will be so ordered as fast as reported ready | warofrebellion322unit
F4 9680/1 | Johnston has ordered the evacuation | warofrebellion322unit
F4 9680/1 | nothing of any movement on Selma | warofrebellion322unit
F5 9905/1 | will be disembarked at once | none
F5 9905/1 | will arrive here Tuesday | none
F5 9905/1 | Third Division will arrive here | none
F5 9905/1 | Rawlins, Chief of Staff | warofrebellion0207rootrich,warofrebellion33unit,warofrebellion361unit,warofrebellion362unit,warofrebellion372unit,warofrebellion403unit,warofrebellion431unit,warofrebellion432unit,warofrebellion322unit,warofrebellion323unit,warofrebellion393unit,warofrebellion402unit,warofrebellion412unit,warofrebellion414unit,warofrebellion423unit
F6 9807/0 | fit for carrying cavalry and infantry | none
F6 9807/0 | not otherwise employed | warofrebellion372unit,warofrebellion403unit,warofrebellion451unit
F6 9807/0 | does it need new and further provision of vessels | warofrebellion372unit
F6 9807/0 | provision of vessels | warofrebellion372unit
F7 9782/2 | serious defeat at Monocacy Junction | warofrebellion372unit
F7 9782/2 | is in full retreat | warofrebellion361unit,warofrebellion372unit,warofrebellion432unit,warofrebellion452unit,warofrebellion013403rootrich,warofrebellion393unit,warofrebellion414unit
F7 9782/2 | Ricketts' division is covering his retreat | warofrebellion372unit
F7 9782/2 | covering his retreat | warofrebellion372unit,warofrebellion452unit,warofrebellion381unit
F7 9782/2 | estimates the enemy's force | warofrebellion372unit,warofrebellion322unit,warofrebellion413unit,warofrebellion451unit
F8 9916/2 | are ordered to report to | warofrebellion33unit,warofrebellion352unit,warofrebellion362unit,warofrebellion372unit,warofrebellion403unit,warofrebellion452unit,warofrebellion013402rootrich,warofrebellion013403rootrich,warofrebellion322unit,warofrebellion323unit,warofrebellion402unit,warofrebellion412unit,warofrebellion423unit,warofrebellion451unit
F8 9916/2 | Cossack | warofrebellion412unit
F8 9916/2 | Guide, Cossack | none
F8 9916/2 | T. Collyer | none
F8 9916/2 | Escort, Louise | none
F9 9690/2 | regiments of heavy artillery | warofrebellion33unit,warofrebellion372unit,warofrebellion403unit,warofrebellion391unit,warofrebellion402unit
F9 9690/2 | numbering about 3,000 men | warofrebellion0207rootrich,warofrebellion33unit,warofrebellion352unit,warofrebellion361unit,warofrebellion362unit,warofrebellion403unit,warofrebellion431unit,warofrebellion432unit,warofrebellion452unit,warofrebellion013402rootrich,warofrebellion013403rootrich,warofrebellion322unit,warofrebellion381unit,warofrebellion382unit,warofrebellion385unit,warofrebellion391unit,warofrebellion392unit,warofrebellion393unit,warofrebellion402unit,warofrebellion412unit,warofrebellion413unit,warofrebellion414unit,warofrebellion422unit,warofrebellion423unit,warofrebellion451unit
F9 9690/2 | can be replaced by men from other forts | warofrebellion33unit
F9 9690/2 | where they are to land | warofrebellion33unit
F10 9798/0 | Purcellville | warofrebellion33unit,warofrebellion372unit,warofrebellion432unit
F10 9798/0 | formed a junction yesterday | warofrebellion372unit
F10 9798/0 | taking about 60 prisoners | warofrebellion361unit,warofrebellion372unit,warofrebellion381unit
F10 9798/0 | Snicker's Gap | warofrebellion0207rootrich,warofrebellion33unit,warofrebellion372unit,warofrebellion432unit
