volumes searched: 25 officialrecordso0009unse officialrecordso0010unse officialrecordso0015unse officialrecordso0021unse privateofficialc04butl privateofficialc05butl w322 w323 w393 w402 w422 w423 warofrebellion013402rootrich warofrebellion0207rootrich warofrebellion33unit warofrebellion352unit warofrebellion361unit warofrebellion362unit warofrebellion372unit warofrebellion403unit warofrebellion413unit warofrebellion414unit warofrebellion431unit warofrebellion432unit warofrebellion452unit
PH Z1 9791/1 13 Jul 1864 | there have debarked here | warofrebellion372unit
PH Z1 9791/1 13 Jul 1864 | Emory has also reported in person | none
PH Z1 9791/1 13 Jul 1864 | remainder of his divisions are close at hand | none
PH Z1 9791/1 13 Jul 1864 | The head of General Wright | warofrebellion361unit,warofrebellion372unit,w402
PH Z1 9791/1 13 Jul 1864 | passed Fort Reno at | warofrebellion372unit
PH Z2 9839/0 12 Sep 1864 | Inspectors have been ordered to report here for instructions | none
PH Z2 9839/0 12 Sep 1864 | inspection route to Little Rock | none
PH Z2 9839/0 12 Sep 1864 | special tour of inspection | none
PH Z2 9839/0 12 Sep 1864 | Colonel Bingham arrives | none
PH Z3 9807/1 2 Aug 1864 | landed last night | warofrebellion33unit,warofrebellion352unit,warofrebellion372unit,w423
PH Z3 9807/1 2 Aug 1864 | A few companies of Torbert | none
PH Z3 9807/1 2 Aug 1864 | before the Sixth Corps is all landed | none
PH Z3 9807/1 2 Aug 1864 | transportation of troops in small steamers is slow | warofrebellion372unit
PH Z4 9888/1 5 Nov 1864 | I think from present appearances that Price | warofrebellion414unit
PH Z4 9888/1 5 Nov 1864 | Steele's effective force is now about | warofrebellion414unit
PH Z4 9888/1 5 Nov 1864 | cutting the Mobile and Ohio railroad | warofrebellion414unit
PH Z4 9888/1 5 Nov 1864 | by which Beauregard's army is now supplied | warofrebellion414unit
PH Z5 9873/3 21 Oct 1864 | no troops can at present be taken from | warofrebellion414unit
PH Z5 9873/3 21 Oct 1864 | vessels collected at Alexandria | warofrebellion414unit
PH Z5 9873/3 21 Oct 1864 | demurrage | officialrecordso0009unse,officialrecordso0010unse,officialrecordso0021unse,privateofficialc04butl,warofrebellion403unit,w323,w393,warofrebellion414unit
PH Z5 9873/3 21 Oct 1864 | I can form no clear idea of the condition of affairs | warofrebellion414unit
PH Z6 9813/0 6 Aug 1864 | steamboats in addition to what are now employed | none
PH Z6 9813/0 6 Aug 1864 | flags of truce boats | warofrebellion0207rootrich
PH Z6 9813/0 6 Aug 1864 | to be kept in readiness for any necessary movement | none
PH Z6 9813/0 6 Aug 1864 | capacity of 19,000 | officialrecordso0009unse,officialrecordso0010unse,officialrecordso0015unse,officialrecordso0021unse,privateofficialc04butl,privateofficialc05butl,warofrebellion0207rootrich,warofrebellion33unit,warofrebellion352unit,warofrebellion361unit,warofrebellion362unit,warofrebellion403unit,warofrebellion431unit,warofrebellion452unit,w322,w323,w393,w422,w423,warofrebellion013402rootrich,warofrebellion413unit,warofrebellion414unit
PH Z7 9840/0 13 Sep 1864 | In accordance with your previous instructions | warofrebellion413unit
PH Z7 9840/0 13 Sep 1864 | to take charge of the expedition against Price | warofrebellion413unit
PH Z7 9840/0 13 Sep 1864 | would move by St. Louis and Rolla | none
PH Z7 9840/0 13 Sep 1864 | what orders have already been given | warofrebellion413unit
PH Z8 9774/3 6 Jul 1864 | has reached Charlestown with his command | none
PH Z8 9774/3 6 Jul 1864 | most of Hunter's forces have reached Parkersburg | warofrebellion372unit
PH Z8 9774/3 6 Jul 1864 | large amount of public stores at Martinsburg | warofrebellion372unit
PH Z8 9774/3 6 Jul 1864 | without making any defense | warofrebellion372unit
PH Z9 9687/0 15 Mar 1864 | A despatch just received from Banks | none
PH Z9 9687/0 15 Mar 1864 | expects to effect a junction with Sherman | warofrebellion013402rootrich
PH Z9 9687/0 15 Mar 1864 | make a mere demonstration | warofrebellion013402rootrich
PH Z9 9687/0 15 Mar 1864 | positive orders be sent to Steele | none
PH Z10 9848/1 22 Sep 1864 | district of West Florida | officialrecordso0021unse,warofrebellion0207rootrich,warofrebellion352unit,warofrebellion013402rootrich,warofrebellion413unit,warofrebellion414unit
PH Z10 9848/1 22 Sep 1864 | Key West and Tortugas | warofrebellion352unit,warofrebellion013402rootrich,warofrebellion413unit,warofrebellion414unit
PH Z10 9848/1 22 Sep 1864 | engineer officer to defend those works against a naval attack | none
PH Z10 9848/1 22 Sep 1864 | recommended by Sherman and Thomas | none
PH Z11 9876/1 27 Oct 1864 | Delaware Volunteers | officialrecordso0009unse,warofrebellion0207rootrich,warofrebellion33unit,warofrebellion361unit,warofrebellion362unit,warofrebellion403unit,w402,w423
PH Z11 9876/1 27 Oct 1864 | leave of absence to go home for the election | none
PH Z11 9876/1 27 Oct 1864 | return the day after election | none
PH Z11 9876/1 27 Oct 1864 | near Petersburg | officialrecordso0010unse,privateofficialc04butl,privateofficialc05butl,warofrebellion0207rootrich,warofrebellion33unit,warofrebellion361unit,warofrebellion362unit,warofrebellion372unit,warofrebellion403unit,warofrebellion431unit,warofrebellion432unit,warofrebellion452unit,w402,w422,w423
PH Z12 9691/0 25 Mar 1864 | escaped from Woodstock | none
PH Z12 9691/0 25 Mar 1864 | learned from reliable authority that Lee | none
PH Z12 9691/0 25 Mar 1864 | in readiness by the first of April | none
PH Z12 9691/0 25 Mar 1864 | The lines working so badly to Cumberland | none
DW officialrecordso0021unse | Z4 5 Nov Price/Steele/Selma/Canby | date headings 5 | with terms 1
       Acting Volunteer Lieutenant L. W. Pennington, U. S. S. John P. Jackson, Mississippi Sound. [Telegram .] Office U. S. Military Telegraph, Washington, November 5, 1864- The following dispatch is forwarded for the information of Major- General Canby, by order of Lieutenant-General Grant : Kingston, 3d — 7 j>. m. For the General-in-Chief: The situatio
DW officialrecordso0021unse | Z7 13 Sep Smith/Rosecrans/Price/Rolla | date headings 4 | with terms 1
      coil 3-inch bolt rope . - - . - - — . - . - 30. 00 8 fathoms 2J-inch bolt rope . . . . . . . . . 2. 30 Amount. . . . . — . . . - 801. 80 New Orleans, September 12, 1864- hist of articles in the gunner’s department of the U. S. prize iron¬ clad steamer Tennessee, with their estimated prices : ARMAMENT. Two 7-inch and four 6.4-inch Brooke rifles, as 
DW privateofficialc04butl | Z1 13 Jul Emory/Rockville/Wright debarked | date headings 14 | with terms 1
       moment that any of Hill's Corps have gone north. Butler, Major General, Commanding From Lieutenant-Colonel Comstock Telegram. City Point, 2.10 p.m., July 13, 1864 Genl. Weitzel Rebels have cut Phila. R. R. north of Balto., capturing two trains of passengers. Gen. Franklin among other officers. Have destroyed much private property outside of Washin
DW warofrebellion372unit | Z1 13 Jul Emory/Rockville/Wright debarked | date headings 307 | with terms 68
      ts be found for this detail ? If not, take some from Wright’s temporarily. H. W. HALLECK, Major-General and Chief of Staff. Headquarters of the Army, July 12, 1864. Major-General Augur : As the enemy seems to be moving round to our right, I think Forts Mahan and Meigs should be re-enforced. Perhaps the convalescents and employes of the department c
      int. In case, however, it should prove otherwise, you can call for assistance from your right. C. H. RAYMOND, Assistant Adjutant- General. Fort Reno, July 12, 1864 — 6.30 a. m. Major-General Augur : Commanding officer of pickets on right of First Brigade reports the enemy moving to the left. M. D. HARDIN, Brigadier- General. Fort Reno, July 12, 186
DW warofrebellion372unit | Z3 2 Aug Torbert/Grover/Sixth Corps landed | date headings 124 | with terms 10
      els ? M. C. MEIGS, Q/aarternia ster- Gerieral. 560 OPERATIONS IN N. VA., W. VA., MD., AND PA; [Chap. XLIX. General Augur: Headquarters of the Army, , August 1, 1864.^ Send Grover’s command to TeniiJillytown to unite with forces there.' Also order all cavalry that can be mounted at depot to go to same place ; also send there all that may arrive to-n
      e all that may arrive to-night from Army of the Potomac. H. W. HALLECK, Major-General and Chief of Staff. Hdqrs. Dept, of Washington, 22d Army Corps, August 1, 1864 — 11 p. m. Major-General Halleck, Chief of Staff, &c. : The cavalry scouts from Rockville report a heavy force of enemy’s cavalry approaching that place two miles the other side. I have
DW warofrebellion372unit | Z8 6 Jul Sigel/Hunter/Martinsburg stores | date headings 147 | with terms 16
      nemy. All the dismounted fragments here we armed as infantry and sent to Harper’s Ferry. H. W. HALLECK, Major-General and Chief of Staff. Washington, July 5, 1864—4.30 p. m. Lieutenant-General Grant, City Point, Va. : General Hunter has just been heard from at Parkersburg. Thir¬ teen hundred of his men are coming forward to re-enforce General Kelle
      ould have done so had it not been for our sharpshooters. Is there a good support at this end of the bridge ? Respectfully, G. F. MERRIAM. Sandy Hook, July 5, 1864. Brig. Gen. Max Weber, Harper's Ferry : . We can now communicate with the War Department by Point of Rocks. Expect to work with them direct some time to-morrow. Respectfully, H. H. BISHOP
DW warofrebellion403unit | Z1 13 Jul Emory/Rockville/Wright debarked | date headings 279 | with terms 4
      subject. Further information will be obtained and forwarded. BENJ. F. BUTLER, Major- General , Comm anding. Headquarters Armies of the United States, July 12, 1864 — 12 m. General Weitzel, General Butler's Headquarters: Nothing has been heard from Baltimore since the report of Wallace’s defeat at Monocacy and retreat toward Baltimore. There seems t
      orted in a dispatch just received as passing between Rockville and Washington. C. B. COMSTOCK, Lieutenant- Colonel and Aide-de-camp. City Point, Va., July 12, 1864. Major-General Butler, Commanding, Ac. : Have you heard whether the enemy have yet run cars from Rich- mond north to Gordonsville ? If you have any scouts who can go out and ascertain ce
DW warofrebellion403unit | Z8 6 Jul Sigel/Hunter/Martinsburg stores | date headings 250 | with terms 6
      we armed as infantry and sent to Harper’s Ferry. II. W. HALLECK, Major-General and Chief of Staff. * For Correspondence, etc., from June 13, 1864, to July 5, 1864, see Part II. (3) 4 OPERATIONS IN SE. VA. AND N. C. [Chai\ LIT. Washington, July 5 , 1864 — 4.30 p. in. Lieutenant-General Grant, City Point , V a. : General Hunter lias just been heard f
      of Staff. * For Correspondence, etc., from June 13, 1864, to July 5, 1864, see Part II. (3) 4 OPERATIONS IN SE. VA. AND N. C. [Chai\ LIT. Washington, July 5 , 1864 — 4.30 p. in. Lieutenant-General Grant, City Point , V a. : General Hunter lias just been heard from at Parkersburg. Thirteen hundred of his men are coming forward to re-enforce General 
DW warofrebellion432unit | Z11 27 Oct Delaware election furlough | date headings 71 | with terms 1
      of W ar. LEW. WALLACE, Major- General , Commanding. Chap.LV.] CORRESrONDENCE, ETC. - UNION. 485 State of Delaware, Executive Department, Wilmington , October 28 , 1864. Maj. Gen. Lew. Wallace, Commanding Middle Department: Sir: I have reason to be apprehensive that at the election to be held in this State on the 8th proximo a fair and free expressi
DW w323 | Z9 15 Mar Banks/Sherman/Steele/Red River | date headings 73 | with terms 7
      . S. GRANT, Lieutenant- General. 82 KY., SW. V A., TENN., MISS., ALA., AND N. GA. [Chap. XLIV. Headquarters Seventeenth Army Corps, Vicksbury, Miss., March 16, 1864. Brig. Gen. A. W. Ellet : Commanding Marine Brigade, Mississippi River : General : As soon as the services of your brigade can be spared from the Red River expedition you will return to
      l: Maj. Gen. M. L. Smith will be ordered to report to you in person as soon as orders can be made to reach him. L. POLK, Lieutenant- General. Mobile, March 14, 1864. General S. Cooper, Adjutant and Inspector General: Mr. Helm informs me from Havana, 7th, the mail steamer just in from New York ; from reliable source stated enemy sending supplies to 
DW w393 | Z4 5 Nov Price/Steele/Selma/Canby | date headings 156 | with terms 8
      h 500 infantry support, to Eeynoldsburg to engage rebel battery. Am secure here. Eespectfully, C. E. THOMPSON, Colonel, Commanding. Nashville, Tenn., November 4, 1864 — 11 p. m. (Eeceived 8th.) Brig. Gen. M. L. Smith, Memphis, Tenn.: If you have any cavalry it would be well for you to send it out in the direction of Corinth to discover, if iiossibl
      t direction, as well as to threaten the destruc¬ tion of the Mobile and Ohio Eailroad. GEO. H. THOMAS, Major-General, TJ. S. Volunteers, Commanding. [November 4, 1864. — For Washburn to Halleck, and' Washburn to Eosecrans, in relation to operations in West Tennessee, &c., see Vol. XLI.] [November 4, 1864. — For Canby to Eosecrans, directing detachm
DW w422 | Z3 2 Aug Torbert/Grover/Sixth Corps landed | date headings 72 | with terms 1
      lly, your obedient servant, O. B. WILLCOX, Brigadier- General, Commanding. Headquarters Fourth Division, Ninth Army Corps, Camp near Petersburg, Va., August 1, 1864. Lieut. Col. Lewis Richmond, Assistant Adjutant- G ener al : Colonel : 1 have the honor to report that General Cutler’s division of the Fifth Corps was relieved at 11 o’clock last eveni
DW w422 | Z6 6 Aug steamers Baltimore/Philadelphia/NY Rucker | date headings 114 | with terms 1
      Station, about half a mile from the station. Very respectfully, your obedient servant, J. C. BABCOCK. GEO. G. MEADE, Major- General. City Point, Va., August 7, 1864 — noon. (Received 9 p. m.) Major-General Meigs, Quartermaster- General : About half of Wilson’s division, 1,800 horses and men, has been embarked, and 130 wagons. Some few ambulances we
DW warofrebellion013402rootrich | Z9 15 Mar Banks/Sherman/Steele/Red River | date headings 55 | with terms 8
      ry respectfully, your obedient servant, B. WILSON, Assistant Adjutant- General. HDQRS. FIRST DIVISION, THIRTEENTH ARMY CORPS, Matagorda Island, Tex., March 14, 1864. Captain PATTERSON, Commanding Pioneer Corps : CAPTAIN : You will please immediately prepare boxes or coffins for 3 men of the Sixty-ninth Indiana Volunteers drowned in Mc- Henry Bayou 
      terday, and for any other bodies which may be recovered. By command of Major-General Dana : B. WILSON, Assistant Adjutant- General. NASHVILLE, TENN., March 14, 1864—8.30 p. m. (Received 2.30 a. m., loth.) Hon. EDWIN M. STANTON, Secretary of War : Generals Curtis and Blunt desire a transfer of a portion of Steele's force and territory to the Departm
DW warofrebellion413unit | Z2 12 Sep inspectors/Little Rock | date headings 129 | with terms 4
      e the honor to be, very respectfully, your obedient servant, J. M. CHIVINGTON, Colonel First Colorado Cavalry , Commanding District. City Point, Va., September 11, 1864 — 10.30 a. m (Received 1. p. m.) Mai. Gen. H. W. Halleck, Chief of Staff: If a good, competent inspecting officer can be sent to the Department of Arkansas at this time I think it w
      ins a big turn. Keep me posted daily, if possible. CLINTON B. FISK, Brigadier- General. CORRESPONDENCE, ETC. UNION. 157 Chap. L1II.] City Point, Va., September 12, 1864. Maj. Gen. M. C. Meigs, Quartermaster- General : I have been told by“an officer traveling over the route between the Mississippi and Little Rock, Ark., that the arrangements for sup
DW warofrebellion413unit | Z7 13 Sep Smith/Rosecrans/Price/Rolla | date headings 144 | with terms 55
      e the iuspection indicated by Lieutenant-General Grant. By order of the Secretary of War : JAg A HAKDIB, Colonel and Inspector- General. Little Rock, September 12, 1864. Maj. Gen. J. A. Mower: Your division, the cavalry division under Colonel Winslow, and the brigade under Colonel Moore, all at Brownsville, will constitute a force under your comman
      ral. * See Clayton’s report, Part I, p. 753. Chap. Lin.] CORRESPONDENCE, ETC. — UNION. 163 Hdqrs. Second Division, Seventh Army Corps, DevalVs Bluff, September 12 , 1864* Abraham Lincoln, President of the United States: Dear Sir: It now looks as if Price was aiming for Missouri, and that his threatening attitude toward Little Rock was to cover his 
DW warofrebellion414unit | Z4 5 Nov Price/Steele/Selma/Canby | date headings 128 | with terms 26
       and Chief of Staff. * Erroneously quoted by Curtis as of November 7 — see Part I; p. 519. Chap. Lin.] 421 CORRESPONDENCE, ETC. UNION. Cross Hollows, November 5, 1864. (Received 6th.) Maj. Gen. H. W. Halleck, Washington , 1). C. : General Tliayer, at Fort Smith, and Colonel Harrison, at Fayette- ville, send me dispatches urging me forward to save t
      al Sibley : I am, colonel, very respectfully, your obedient servant, E. C. OLIK, Assistant Adjutant- General. Headquarters Fort Wadsworth, Dak. Ter., November 5, 1864. Capt. E. 0. Olin, Assistant Adjutant- General, Saint Paul , Minn.: Captain: My scouts yesterday afternoon killed two Indians, one of Little Six’s, the other of Eed Leg’s bands. I am,
DW warofrebellion414unit | Z5 21 Oct vessels Alexandria demurrage Rucker | date headings 270 | with terms 1
       winter you will please report here in person. I am, general, respectfully, your obedient servant, JNO. POPE, Major-General , Commanding. Washington, October 21 , 1864 — 9.45 p. m. J. G. Nicolay, Saint Louis: While Curtis is fighting Price have you any idea where the force under Bosecrans is, or what it is doing ? A LINCOLN. chap. Lin.] 153 CORRESP
