'Veteran Maryland regiment Twelfth Corps detained Baltimore special purpose': 0 hits: 
'Heintzelman Hooker Crook vacancy muster out major-generalship': 0 hits: 
'gauge Vicksburg Monroe railroad Shreveport grading annual report directors': 0 hits: 
'hotels Georgetown searched Buyers detectives patrols Washington': 0 hits: 
'Hardie Canby Vicksburg Monroe railroad expediency expense referred Grant': 0 hits: 
'Pursuant authority act of Congress assigned you command Armies United States': 0 hits: 
'Rucker notified Bridgeport assembled Monroe vessels ready Ingalls': 0 hits: 
'Canby Hurlbut combined departments Gulf Arkansas Banks relieved': 0 hits: 
'arrival Nineteenth Corps uncertain remainder Sixth Corps sent Baltimore stopped': 0 hits: 
Traceback (most recent call last):
  File "/home/user/cipher-lab/ciphers/eckert-1864/ms18/n2r4_hdl.py", line 16, in <module>
    d = json.load(urllib.request.urlopen(urllib.request.Request(url, headers=UA), timeout=60)); n += 1
                  ~~~~~~~~~~~~~~~~~~~~~~^^^^^^^^^^^^^^^^^^^^^^^^^^^^^^^^^^^^^^^^^^^^^^^^^^^^^
  File "/usr/lib/python3.13/urllib/request.py", line 189, in urlopen
    return opener.open(url, data, timeout)
           ~~~~~~~~~~~^^^^^^^^^^^^^^^^^^^^
  File "/usr/lib/python3.13/urllib/request.py", line 489, in open
    response = self._open(req, data)
  File "/usr/lib/python3.13/urllib/request.py", line 506, in _open
    result = self._call_chain(self.handle_open, protocol, protocol +
                              '_open', req)
  File "/usr/lib/python3.13/urllib/request.py", line 466, in _call_chain
    result = func(*args)
  File "/usr/lib/python3.13/urllib/request.py", line 1379, in https_open
    return self.do_open(http.client.HTTPSConnection, req,
           ~~~~~~~~~~~~^^^^^^^^^^^^^^^^^^^^^^^^^^^^^^^^^^
                        context=self._context)
                        ^^^^^^^^^^^^^^^^^^^^^^
  File "/usr/lib/python3.13/urllib/request.py", line 1335, in do_open
    r = h.getresponse()
  File "/usr/lib/python3.13/http/client.py", line 1478, in getresponse
    response.begin()
    ~~~~~~~~~~~~~~^^
  File "/usr/lib/python3.13/http/client.py", line 343, in begin
    version, status, reason = self._read_status()
                              ~~~~~~~~~~~~~~~~~^^
  File "/usr/lib/python3.13/http/client.py", line 312, in _read_status
    raise RemoteDisconnected("Remote end closed connection without"
                             " response")
http.client.RemoteDisconnected: Remote end closed connection without response
