volumes searched: 20 officialrecordso0009unse officialrecordso0010unse officialrecordso0015unse officialrecordso0021unse privateofficialc04butl privateofficialc05butl warofrebellion013404rootrich warofrebellion0207rootrich warofrebellion323unit warofrebellion33unit warofrebellion352unit warofrebellion361unit warofrebellion362unit warofrebellion363unit warofrebellion372unit warofrebellion403unit warofrebellion414unit warofrebellion431unit warofrebellion432unit warofrebellion452unit
PH Z1 9701/0 9 Apr 1864 | has been detained in Baltimore a few days for a special purpose | none
PH Z1 9701/0 9 Apr 1864 | it would save transportation | none
PH Z1 9701/0 9 Apr 1864 | will be given another battery in place of that now in the | none
PH Z2 9850/1 25 Sep 1864 | remove Heintzelman from any function | none
PH Z2 9850/1 25 Sep 1864 | have you any objection to General Hooker being assigned | none
PH Z2 9850/1 25 Sep 1864 | no vacant major-generalship for Crook | none
PH Z2 9850/1 25 Sep 1864 | muster out Heintzelman and make a vacancy | none
PH Z3 9755/0 7 Jun 1864 | What is the gauge of the Vicksburg and Monroe | none
PH Z3 9755/0 7 Jun 1864 | no grading between Monroe and Shreveport | none
PH Z3 9755/0 7 Jun 1864 | not likely that any work has been done upon it since this rebellion | none
PH Z4 9898/2 23 Nov 1864 | hotels in this city and Georgetown have been searched | none
PH Z4 9898/2 23 Nov 1864 | detectives and patrols will make every effort to find | none
PH Z4 9898/2 23 Nov 1864 | Buyers | warofrebellion414unit
PH Z5 9759/0 13 Jun 1864 | expediency of expense is so much doubted | none
PH Z5 9759/0 13 Jun 1864 | repair of the railroad from Vicksburg to Monroe | warofrebellion013404rootrich
PH Z5 9759/0 13 Jun 1864 | it has been referred to General Grant | none
PH Z6 9685/1 10 Mar 1864 | by Executive order of this date has assigned you | none
PH Z6 9685/1 10 Mar 1864 | by Executive order of this date has assigned to you | warofrebellion33unit
PH Z6 9685/1 10 Mar 1864 | the command of the Armies of the United States | warofrebellion33unit,warofrebellion323unit
PH Z6 9685/1 10 Mar 1864 | Pursuant to the authority of the act of Congress approved | warofrebellion33unit
PH Z7 9906/0 5 Dec 1864 | Should they not be assembled at Bridgeport | none
PH Z7 9906/0 5 Dec 1864 | cause General Rucker to be notified | none
PH Z7 9906/0 5 Dec 1864 | instead of at Monroe | none
PH Z8 9739/2 19 May 1864 | It is Canby and not Hurlbut | none
PH Z8 9739/2 19 May 1864 | combined departments of the Gulf and Arkansas | none
PH Z8 9739/2 19 May 1864 | Hurlbut is not on duty | none
PH Z8 9739/2 19 May 1864 | Banks is to be relieved | none
PH Z9 9782/0 9 Jul 1864 | arrival of Morgan | none
PH Z9 9782/0 9 Jul 1864 | remainder of the Sixth Corps should be sent to this place | warofrebellion403unit
PH Z9 9782/0 9 Jul 1864 | ordered all troops to be stopped at Baltimore | none
PH Z9 9782/0 9 Jul 1864 | remainder of Wright | warofrebellion431unit
PH Z10 9880/0 31 Oct 1864 | telegram just received from General Curtis states | warofrebellion414unit
PH Z10 9880/0 31 Oct 1864 | Rosecrans has recalled his troops from the pursuit of Price | none
PH Z10 9880/0 31 Oct 1864 | contrary to repeated orders | warofrebellion414unit
PH Z10 9880/0 31 Oct 1864 | pursuit must be continued | warofrebellion414unit
DW privateofficialc04butl | Z9 9 Jul Wallace/Sixth Corps/Baltimore | date headings 10 | with terms 1
      roe as soon as you thought and I hoped. But the mail closes. Read this to Yours truly and dearly, Benj. F. Butler From General Grant City Point, Va., July 10, 1864, 12.30 p.m. Major-General Halleck, Chief of Staff I have sent no troops to Baltimore except Ricketts' division and the dismounted cavalry. Two divisions, the balance of the Sixth Corps, 
DW warofrebellion33unit | Z6 10 Mar Grant assigned command of armies | date headings 81 | with terms 3
      ampaign against the revolutionists. By command of Major-General Peck : BENJ. B. FOSTER, Assistant Adjutant- General. War Department, Washington City, March 10, 1864. By order of the President, Maj. Gen. Henry W. Halleck is, at his own request, relieved from duty as General-in-Chief, commanding the Armies of the United States. By order of the Presid
      duty as General-in-Chief, commanding the Armies of the United States. By order of the President : EDWIN M. STANTON, Secretary of War. War Department, March 10, 1864 — 1.40p. m. Lieut. Gen. U. S. Grant, Commander-in-Chief, Hdqrs. Army of the Potomac : Pursuant to the authority of the act of Congress approved Feb- ruary 29, 1864, the President, by Ex
DW warofrebellion372unit | Z9 9 Jul Wallace/Sixth Corps/Baltimore | date headings 176 | with terms 2
      al Wallace, to send scouts upomthat road and to obtain accurate information as early as practical)! e. J. W. GARRETT, President. Camden Station, Md., July 9, 1864—7.35 p. m. Hon. E. M. Stanton, Secretary of War: See my telegram in response to the President. Agent Mantz re¬ ports from Plane No. 4, at 7 p. m., that the two troop trains started west a
      cketts’ division is covering his retreat. He estimates the enemy’s force at 20,000. H. W. HALLECK, Major-General and Chief of Staff. City Point, Va., July 10, 1864—12.30 p. m. (Received 9 ji. m.) Major-General Halleck, Chief of Staff : I have sent no troops to Baltimore except Ricketts’ division, and the dismounted cavalry. Two divisions, the balan
DW warofrebellion403unit | Z9 9 Jul Wallace/Sixth Corps/Baltimore | date headings 233 | with terms 3
      stroy them, and could send in addition to the Nine- teenth Corps, the balance of the Sixth Corps. IT. S. GBANT, JAeutenant- General. City Point, Ya., July 9 , 1864 — 5.30 p. m. (Beceived 1.30 p. m. 10th.) Major-General Halleck, Washington , I). C. : I have ordered the remainder of the Sixth Corps to Washington. On account of scarcity of transportat
      sent to Baltimore in order that I may know the means of defense to arrive at that place. H. W. HALLECK, Major-General and Chief of Staff. Washington, July 9 , 1864—11 p. m. Lieutenant-General Grant, City Point , Va. : As the arrival of the Nineteenth Corps is very uncertain, I think the remainder of the Sixth Corps should be sent to this place. I h
DW warofrebellion013404rootrich | Z5 13 Jun Vicksburg-Monroe railroad repair | date headings 117 | with terms 1
      e 13. 1804. Maj. Gen. E. R. S. CANBY. Vicksburg. Miss.: GENERAL : I am in receipt of the following dispatch from General Allen this day . LOUISVILLE. June 12. 1864. (General Can by has made a requisition for four r.mall propeller tug-boats, to be used for dispatch-boats. Says they are indispensably necessary. R. ALLEN. 332 LOUISIANA AND THE TRANS-M
DW warofrebellion013404rootrich | Z8 19 May Canby/Hurlbut/Banks relieved | date headings 9 | with terms 1
      te with the rebels and spread arson and murder over the State. W. S. ROSECRANS, Major- General. HEADQUARTERS DEPARTMENT OF THE MISSOURI, Saint Louis, May 20, 1864. Maj. Gen. E. R. S. CANBY, Comdg. West Miss. Div., Hdqrs., Natchez, Miss. : GENERAL : That which I earnestly recommended in a letter to the War Department on the 10th of March, ultimo, an
DW warofrebellion414unit | Z10 31 Oct Curtis/Rosecrans/Price pursuit | date headings 144 | with terms 24
      ured last week, and the rebels hold high carnival in Monroe County. J. T. K. HAYWARD, Colonel , Commanding. Field of Battle, Near Independence , Mo., October 31, 1864. Maj. Gen. H. W. Halleok, Chief of Staff: I have been fighting Price three hours op the Little Blue with my cavalry. We have a strong position fifteen miles in the rear, where I inten
      ly get in to morrow night. Very respectfully, C. C. ANDREWS, Brigadier- General, Commanding. Headquarters District of West Tennessee, Memphis, Tenn., October 30, 1864 — 7 p. m. Lieutenant-Colonel Harris, Asst. Adjt. Gen., Sixteenth Army Corps, Vicksburg, Miss. : You have of course heard of General Pleasonton’s victory in Missouri. General Price has
