Z1 (N2R-4, row 9701/0) tokens=44 no1=23(0.52) no2=26(0.59) no9=11(0.25)
  [no1] {time: 1 PM} For [Knoxville] [Drove in our pickets] A Veteran [Chattahoochee] [?] [Reinforce (-ed, -ing)] belonging to the Hoffman [Corps] [D. D. Porter] has been detained in [Baton Rouge] a few days for a special purpose [Drove in Enemys pickets] If it is in tended to bring more [Towards] [From the] [Valley] here or to [Valley] [White River] it would save [Steam] to take this Brown [Maj Gen Joseph Hooker] will be given another [Cavalry] in place of that now in the [As soon as] [Movement] [Georgia] [Encountered enemy in strong force] [Jacksonville] wet again
  [no2] {time: 1.30 PM} For [Lieut Gen U.S. Grant] [.] A Veteran [Maryland] [Infantry] [Regiment] belonging to the [12] [Corps] [Slocum H W] has been detained in [Baltimore] a few days for a special purpose [.] If it is in tended to bring more [Troops] [From the] [West] here or to [West] [Virginia] it would save [Transportation] to take this [1] [Burnside A E] will be given another [Battery] in place of that now in the [Army] [Of the] [Potomac]  {tail: [signed] [Maj Genl H W Halleck] wet again}
  H/C/I/M  no1=(23, 0, 0, 0)  no2=(25, 0, 0, 0)  no9=(11, 0, 0, 0)  | shuf2 H: 25,24,25
Z2 (N2R-4, row 9850/1) tokens=46 no1=15(0.33) no2=21(0.46) no9=6(0.13)
  [no1] {time: 8 PM} Nelson Dalon For [Knoxville] [.] It is republic to remove [Maj Gen B. M. Prentiss] from any function and perhaps [Gen J. M. Brannon] yard Have you any objection to [Maj Gen G. L. Hartsuff] being assigned to the place of Allen of them [In the meantime] There is no vacant [Missing] [Government] ship for Crook but I am disposed to muster out [Maj Gen B. M. Prentiss] and make a vacancy stick Crook shall have the Brown that occurs [.] Duval [General] promoted immedy [Encountered enemy in strong force] [Jefferson] good
  [no2] {time: 8 PM} [20] Dalon For [Lieut Gen U.S. Grant] [.] It is [Important] to remove [Heintzelman S P] from any function and perhaps [Rosecrans W S] [.] Have you any objection to [Hooker Jos] being assigned to the place of [1] of them [?] There is no vacant [Major] [General] ship for Crook but I am disposed to muster out [Heintzelman S P] and make a vacancy [.] Crook shall have the [1] that occurs [.] Duval [Harbor] promoted immedy  {tail: [signed] [Secretary of War] good}
  H/C/I/M  no1=(12, 0, 0, 0)  no2=(18, 0, 2, 0)  no9=(6, 0, 0, 0)  | shuf2 H: 18,18,18
Z3 (N2R-4, row 9755/0) tokens=49 no1=18(0.37) no2=28(0.57) no9=9(0.18)
  [no1] [Lee] June Downing {time: 3 PM} For [Maj Gen B. M. Prentiss] [.] What is the guage [Movement] [Johnston] and Monroe [Rebel] [In the meantime] In the annual [Resist] of Norris Brown January Ludlow Perkins Allen Directors [Resist] no grading between Monroe and Shreveport [Drove in our pickets] It is not likely that any work has been done upon it since this rebellion [Drove in Enemys pickets] It is Prentiss Andrew and Allen quarter [Junction]'s from [Johnston] to Monroe [Road] Meigs [Columbus] damp again
  [no2] [Washington] {date: June 7} {time: 3.30 PM} For [Canby Ed R S] [.] What is the guage [Of the] [Vicksburg] and Monroe [Rail-road] [?] In the annual [Report] of [31] January [79] Directors [Report] no grading between Monroe and Shreveport [.] It is not likely that any work has been done upon it since this [Importance] [.] It is [74] and [1] quarter [Mile]'s from [Vicksburg] to Monroe  {tail: [signed] Meigs [Quarter[?] Master General] damp again}
  H/C/I/M  no1=(15, 0, 0, 0)  no2=(26, 0, 0, 0)  no9=(9, 0, 0, 0)  | shuf2 H: 26,24,26
Z4 (N2R-4, row 9898/2) tokens=45 no1=17(0.38) no2=22(0.49) no9=3(0.07)
  [no1] {time: 10.30 AM} Oliver benton for [Camp] G H Sharp [.] All the union [Longstreet]'s in this [Command = Er (-ed, -ing)] and George town hafbin searched forth man Buyers but with out avail Theres no [Longstreet] at corner of Oliver brown St and [James] ave yard Interest Potts [Demoralize (-ed, -ing)]ing detectives & Patrols will make every effort to find Buyers but thinks he snot [In the meantime] [Command = Er (-ed, -ing)] [Rail Road] G K Leet
  [no2] {time: 10.30 AM} [23] for [Colonel] G H Sharp [.] All the union [Weldon]'s in this [City] and [McCallum D C] town hafbin searched forth man Buyers but with out avail Theres no [Weldon] at corner of [21] St and [Pennsylvania] ave [.] [Captain] Potts [Command (-ed, -ing)]ing detectives & Patrols will make every effort to find Buyers but thinks he snot [In the] [City]  {tail: [signed] G K Leet}
  H/C/I/M  no1=(10, 0, 0, 0)  no2=(17, 0, 1, 0)  no9=(3, 0, 0, 0)  | shuf2 H: 16,17,17
Z5 (N2R-4, row 9759/0) tokens=35 no1=18(0.51) no2=19(0.54) no9=5(0.14)
  [no1] {time: 8 PM} Hudson June to [Norfolk] [Johnston] [.] With regard to the Subject of your [Transport (-ed, -ing)] [Movement] Baker inst to [Columbus] the supply of stock and materials for the repair [Movement] [Repulsed] from [Johnston] to Monroe I am directed by the [Adjt Genl. U.S.] to say that the expediency [Movement] expense is so much doubted as that it has been referred to [Maj Gen O. O. Howard] [Rail Road] [Camp] Hardie
  [no2] {time: 8 PM} [13] June to [Maj Gen E R S Canby] [Vicksburg] [.] With regard to the [Protect] of your [Telegraph (-ed, -ing)] [Of the] [4] inst to [Quarter[?] Master General] the supply of stock and materials for the repair [Of the] [Rail-road] from [Vicksburg] to Monroe I am directed by the [Secretary of War] to say that the expediency [Of the] expense is so much doubted as that it has been referred to [Grant U S]  {tail: [signed] [Colonel] Hardie}
  H/C/I/M  no1=(14, 0, 0, 0)  no2=(18, 0, 0, 0)  no9=(5, 0, 0, 0)  | shuf2 H: 18,17,18
Z6 (N2R-4, row 9685/1) tokens=40 no1=10(0.25) no2=18(0.45) no9=3(0.07)
  [no1] [Kirby Smith] {time: 1 PM} for [Culpepper] Polk in Chief [Head Quarters] [As soon as] [Georgia] Pur su ant to the author ity of the act of con gress ap proveed Feby Oliver Ellsworth Mason Douglas <insertion>Perkins</insertion> Baker the [Jasper] by Execu tive or der of this date has as signed to you the [Demoralize (-ed, -ing)] of the [As soon as]'s of the U nited States sig [Jefferson] Etc
  [no2] [Washington] {time: 1.30 PM} for [Maj Genl U S Grant] [Commander] in Chief [Head Quarters] [Army] [Potomac] Pur su ant to the [Chattahoochee] ity of the act of con gress ap proveed {date: Feb 4700} <insertion>Perkins</insertion> [4] the [President U.S.] by Execu tive or der of this date has as signed to you the [Command (-ed, -ing)] of the [Army]'s of the U nited States sig [Secretary of War] Etc
  H/C/I/M  no1=(10, 0, 0, 0)  no2=(16, 1, 0, 0)  no9=(3, 0, 0, 0)  | shuf2 H: 17,17,17
Z7 (N2R-4, row 9906/0) tokens=32 no1=13(0.41) no2=16(0.50) no9=7(0.22)
  [no1] {time: 11 AM} Dayton For [Knoxville] The vassails trifle ready [Cut off] Should they not be as sem bled at [Bowling Green] mew day Douglas in steady of at [Secretary of State] [In the meantime] If so please cause [Government] Rucker toby notified [.] I shall leave at {time: 3.30 PM} [Transportation] [Encountered enemy in strong force] Roof us In galls [Casualties] [Pursue]
  [no2] {time: 11 AM} [5] For [Lieut Gen U.S. Grant] The vassails [Will be] ready [,] Should they not be as sem bled at [Bridgeport] mew day [100] in steady of at [Monroe] [?] If so please cause [General] Rucker toby notified [.] I shall leave at {time: 3 PM} [To day]  {tail: [signed] Roof us In galls [Brig. General] [Quarter Master]}
  H/C/I/M  no1=(12, 0, 0, 0)  no2=(16, 0, 0, 0)  no9=(7, 0, 0, 0)  | shuf2 H: 16,15,16
Z8 (N2R-4, row 9739/2) tokens=28 no1=14(0.50) no2=16(0.57) no9=5(0.18)
  [no1] {time: 8.30 PM} Job Morgan for [Knoxville]'s It is Canby & not Hurl but who [Demoralize (-ed, -ing)]'s the combined [Depot]'s [Movement] Gulf & [Alabama] [.] Hurl but is not on duty [Maj Gen Joseph Hooker] is to be relieved & [Gen Q. A. Gillmore] appointed to [Demoralize (-ed, -ing)] the [Depot] The order will be issued [Track] [Rail Road] Mars by Jocks
  [no2] {time: 8.30 PM} [May] [19] for [Lieut Gen U.S. Grant]'s It is Canby & not Hurl but who [Command (-ed, -ing)]'s the combined [Department]'s [Of the] Gulf & [Arkansas] [.] Hurl but is not on duty [Banks N P] is to be relieved & [Reynolds J J] appointed to [Command (-ed, -ing)] the [Department] The order will be issued [Tomorrow]  {tail: [signed] [Dana C A] by Jocks}
  H/C/I/M  no1=(12, 0, 0, 0)  no2=(16, 0, 0, 0)  no9=(5, 0, 0, 0)  | shuf2 H: 16,16,16
Z9 (N2R-4, row 9782/0) tokens=25 no1=12(0.48) no2=13(0.52) no9=2(0.08)
  [no1] [Maj Gen O. O. Howard] [.] As arrival of Morgan [Corps] is very uncertain I think remainder of Dawson [Corps] should be sent to this place stop I have repeated all [Scatter (-ed, -ing)] toby stopped at [Baton Rouge] for [Destroy (-ed, -ing)] of that [Command = Er (-ed, -ing)] Mind [Maj Gen Geo. H. Thomas] {time: 11.30 PM}
  [no2] [Grant U S] [.] As arrival of [19] [Corps] is very uncertain I think remainder of [6] [Corps] should be sent to this place stop I have [Order]ed all [Troops] toby stopped at [Baltimore] for [Defend (-ed, -ing)] of that [City] Mind [H W Halleck] {time: 11 PM}
  H/C/I/M  no1=(9, 0, 0, 0)  no2=(12, 1, 0, 0)  no9=(2, 0, 0, 0)  | shuf2 H: 13,13,13
Z10 (N2R-4, row 9880/0) tokens=26 no1=13(0.50) no2=18(0.69) no9=7(0.27)
  [no1] Jenny [1000] [Culpepper] [.] Whim just received from [Government] Curtis states that [Gen J. M. Brannon] has recalled his [Scatter (-ed, -ing)] [From the] [Parole] of [Maj Genl Wilson] This is contrary to repeated repeats I have just [Troops]ed that the [Parole] must be continued [Encountered enemy in strong force] [Maj Gen Geo. H. Thomas] No 1
  [no2] Jenny [Monday] [Maj Genl U S Grant] [.] [telegram] just received from [General] Curtis states that [Rosecrans W S] has recalled his [Troops] [From the] [Pursuit] of [Price] This is contrary to [Order]ed [Order]'s I have just [Telegraph (-ed, -ing)]ed that the [Pursuit] must be continued  {tail: [signed] [H W Halleck] No 1}
  H/C/I/M  no1=(12, 0, 0, 0)  no2=(13, 3, 0, 0)  no9=(7, 0, 0, 0)  | shuf2 H: 16,16,16
