volumes searched: 26 officialrecordso0009unse officialrecordso0010unse officialrecordso0015unse officialrecordso0021unse privateofficialc04butl privateofficialc05butl warofrebellion013403rootrich warofrebellion013404rootrich warofrebellion0207rootrich warofrebellion322unit warofrebellion323unit warofrebellion33unit warofrebellion352unit warofrebellion361unit warofrebellion362unit warofrebellion363
PH Z1 9678/0 20 Feb 1864 | no law authorizing an Inspector to send for persons | warofrebellion322unit
PH Z1 9678/0 20 Feb 1864 | order of a Court of Inquiry by the President | warofrebellion322unit
PH Z1 9678/0 20 Feb 1864 | to send for persons and take evidence | warofrebellion322unit
PH Z2 9757/1 11 Jun 1864 | McCook and Hurlbut will be ordered to report to you | warofrebellion013404rootrich
PH Z2 9757/1 11 Jun 1864 | authorizes you to assign them to any duty you wish | warofrebellion013404rootrich
PH Z2 9757/1 11 Jun 1864 | has been temporarily abolished | warofrebellion013404rootrich
PH Z2 9757/1 11 Jun 1864 | open the railroad further west than Monroe | none
PH Z3 9724/0 27 Apr 1864 | return yourself immediately to New Orleans | warofrebellion013403rootrich
PH Z3 9724/0 27 Apr 1864 | carry out his previous instructions | warofrebellion013403rootrich
PH Z3 9724/0 27 Apr 1864 | secure Red River to Shreveport | none
PH Z3 9724/0 27 Apr 1864 | see the gunboats safely out of Red River | warofrebellion013403rootrich
PH Z3 9724/0 27 Apr 1864 | Hurry this to General Banks | none
PH Z4 9771/0 3 Jul 1864 | Early and Breckinridge | warofrebellion363unit,warofrebellion371unit,warofrebellion372unit,warofrebellion403unit,warofrebellion422unit,warofrebellion432unit
PH Z4 9771/0 3 Jul 1864 | repeated to Hunter | none
PH Z4 9771/0 3 Jul 1864 | has replied to none of my telegrams | warofrebellion372unit
PH Z4 9771/0 3 Jul 1864 | good defense if the enemy should attack the line | warofrebellion372unit
PH Z4 9771/0 3 Jul 1864 | Max Weber | warofrebellion33unit,warofrebellion371unit,warofrebellion372unit,warofrebellion432unit
PH Z5 9804/1 30 Jul 1864 | informs me that the enemy commenced crossing at McCoy | warofrebellion372unit
PH Z5 9804/1 30 Jul 1864 | camp fires of the enemy are about four miles south of Greencastle | warofrebellion372unit
PH Z5 9804/1 30 Jul 1864 | was forced to fall back to Greencastle | none
PH Z5 9804/1 30 Jul 1864 | moving in three columns | warofrebellion0207rootrich,warofrebellion372unit
PH Z6 9727/0 30 Apr 1864 | Trans-Mississippi affairs are definitely decided | warofrebellion013403rootrich
PH Z6 9727/0 30 Apr 1864 | modifying my telegram of the 27th | none
PH Z6 9727/0 30 Apr 1864 | Special Orders No. 150 | officialrecordso0015unse,officialrecordso0021unse,privateofficialc04butl,privateofficialc05butl,warofrebellion013403rootrich,warofrebellion013404rootrich,warofrebellion0207rootrich,warofrebellion322unit,warofrebellion323unit,warofrebellion33unit,warofrebellion352unit,warofrebellion361unit,warofrebellion362unit,warofrebellion363unit,warofrebellion
PH Z6 9727/0 30 Apr 1864 | do not relieve him from command of the Sixteenth | warofrebellion013403rootrich
PH Z6 9727/0 30 Apr 1864 | repair to his home in Illinois | warofrebellion013403rootrich
PH Z7 9765/2 25 Jun 1864 | all the ocean steamers in service at New York and Philadelphia | none
PH Z7 9765/2 25 Jun 1864 | not actively employed be sent to the James | none
PH Z7 9765/2 25 Jun 1864 | repair at once to New Orleans and report to the quartermaster | none
PH Z7 9765/2 25 Jun 1864 | steamers are now at Hampton Roads and City Point | none
PH Z8 9780/0 8 Jul 1864 | Wallace reports tonight that the enemy are moving in strong force near Urbana | none
PH Z8 9780/0 8 Jul 1864 | Urbana is about thirty miles from Washington | none
PH Z8 9780/0 8 Jul 1864 | has not yet left Parkersburg | none
PH Z8 9780/0 8 Jul 1864 | pressure of business in the department requires your assistance | none
PH Z9 9876/0 24 Oct 1864 | do come within the principle involved | none
PH Z9 9876/0 24 Oct 1864 | give the act of Congress the most liberal construction | none
PH Z9 9876/0 24 Oct 1864 | meritorious service | officialrecordso0015unse,privateofficialc04butl,privateofficialc05butl,warofrebellion323unit,warofrebellion362unit,warofrebellion402unit,warofrebellion414unit,warofrebellion422unit,warofrebellion423unit,warofrebellion431unit,warofrebellion452unit
PH Z9 9876/0 24 Oct 1864 | finally determined by the Senate on the confirmation | none
PH Z10 9764/2 24 Jun 1864 | was sent back by Hunter to collect | none
PH Z10 9764/2 24 Jun 1864 | Stahel is nearly ready to start but has no information | warofrebellion371unit
PH Z10 9764/2 24 Jun 1864 | too perilous to be undertaken | warofrebellion371unit
PH Z10 9764/2 24 Jun 1864 | proceed the best he can up the Shenandoah Valley | none
DW privateofficialc05butl | Z4 3 Jul Sigel/Hunter/Early | date headings 1 | with terms 1
      ting injuriously on the Commanding General. LETTERS OF GEN. BENJAMIN F. BUTLER 161 Second, non-obedience to an order of the Commanding General, dated July 3, 1864, and received by me in New York on, as nearly as I can remember, the 12th or 14th of the same month. In reference to the first of these points, I beg leave to state : I was mustered into 
DW warofrebellion013403rootrich | Z3 27 Apr Banks/Steele/Shreveport | date headings 60 | with terms 4
      gadier-General, Commanding. CHAP. XLVI.) CORRESPONDENCE, ETC. UNION. 299 SPECIAL ORDERS, ) HDQRS. DEPT. OF ARKANSAS, &c., No. 80. [ LUtle Rock, Ark., April 26, 1864. ******* III. Brig. Gen. C. C. Andrews, U. S. Volunteers, is hereby relieved from the command of the post of Little Rock, and will report with out delay to Brig. Gen. Joseph R. West, co
      rder of Maj. Gen. F. Steele .- W. D. GREEN, Assistant Adjutant-General. GENERAL ORDERS. ) HDQRS. DETACH. ?TH ARMY CORPS, No. 12. J Little Rock, Ark., April 26, 1864. I. Pursuant to paragraphs IX and X of Special Orders, No. 85, from headquarters Department of Arkansas, dated the 25th instant, the undersigned hereby relieves Brig. Gen. Nathan Kimbal
DW warofrebellion013404rootrich | Z2 11 Jun McCook/Hurlbut/Canby | date headings 96 | with terms 1
      you may hereafter designate. I am, major, very respectfully, your obedient servant H. H. SIBLEY, ' Brigadier- General, Commanding. WASHINGTON, D. C., June 11, 1864—4 p. m. ,.. . ~ (Received 21st. ) Major-General CANBY, Vicksbury : Brigadier-General Bai]ey, being in your command, can be assigned as you may desire. The same applies in regard to Major
DW warofrebellion013404rootrich | Z7 25 Jun steamers/James | date headings 82 | with terms 3
      base for operations against Texas. ED. R. S. CANBY, Major- Gene ral, Co mrnand in <j. HDQRS. MILITARY DIVISION OF WEST MISSISSIPPI, New Orleans, La., June 24, 1864. QUARTERMASTER-GENERAL, Washington, D. C.: The gauge of the Vicksburg and Shreveport Railroad is the same as that of the New Orleans and Opelousas and the New Orleans and Jackson roads. 
      upplying an army in or beyond the Red River, it will be more economical than any other. ED. R. S. CANBY. Major-General, Commanding. VlCKSBURG, MlSS., June 24, 1864. (Via Cairo, 111., 28th.) Brig. Gen. M. C. MEIGS, Quartermaster- General : The gauge of the Vicksburg and Shreveport Railroad is 5 feet G inches. It is very important to have the locomot
DW warofrebellion322unit | Z1 20 Feb Inspector/Court of Inquiry | date headings 127 | with terms 2
      gade : C. T. GRANGER, Captain and Acting Assistant Adjutant- General. 428 KY., BW. VA.j TENN., MISS., ALA., AND N. GA. [Chap. XLIV. Nashville, Tenn., February 19, 1864 — 7.30 p. m. (Received 11 p. m.) Maj. Gen. H. W. Halleck, Washington, D. C. : Is there any way by which an inspector may be authorized to send for persons and take evidence in cases 
      rk. By order of Maj. Gen. James B. McPherson : WM. T. CLARK, Assistant Adjutant-General. Maj. Gen. U. S. Grant, Nashville, Tenn. : Washington, D. C., February 20, 1864 — 1 p. m. I know of no law authorizing an inspector to send for persons and take evidence unless such persons, not military, are willing to attend ; but the difficulty can be avoided
DW warofrebellion323unit | Z6 30 Apr Trans-Mississippi/Canby/Washburn | date headings 80 | with terms 3
      ped unless Forrest shall be re-enforced by a largely superior force. C. C. WASHBURN, / Major-General. Headquarters Sixteenth Army Corps, Cairo, III., April 30, 1864. Maj. Gen. C. C. Washburn, Commanding District of Memphis: General : I expected before this to have received reports from you, but I am informed by Colonel Harris that you had not recei
      m, general, with great respect, your obedient servant, S. A. HURLBUT, Major-General , Commanding Headquarters Sixteenth Army Corps, Memphis , Tenn ., April 30, 1864. Maj. Gen. C. C. Washburn, Comdg. District of West Tennessee , Memphis , Tenn. : General : In reply to your inquiry of yesterday evening if Maj. L. F. Booth, late commander of Fort Pill
DW warofrebellion33unit | Z1 20 Feb Inspector/Court of Inquiry | date headings 52 | with terms 1
       at once, as it is due to General Barton and to the country. I am, very respectfully, your obedient servant, R. E. LEE, General. [First indorsement.] February 20, 1864. Respectfully submitted to the Secretary of War. Perhaps it is due to General Barton, under the circumstances, that he should have the benefit of a court of inquiry. S. COOPER, Adjut
DW warofrebellion363unit | Z7 25 Jun steamers/James | date headings 29 | with terms 5
      Sheridan is, that I may be able to give directions to the officer in charge of my men ? BENJ. F. BUTLER, Major-General, Commanding . City Point, Ya., June 25, 1864. Major-General Butler, Commanding, &c. : Charles City Court-House is the place where our troops are, and where the enemy is confronting them. The wagons and one division of cavalry have 
      ight to Charles City Court-House. U. S. GRANT, Lieutenant- General. Headquarters Army of the Potomac, Office of Chief Quartermaster, City Point, Va., June 25, 1864. General Seth Williams, Adjt. Gen., Army of the Potomac, General Meade's Hdqrs. : I have returned from Douthat’s Landing. General Sheridan is there with his command. His trains are all i
DW warofrebellion363unit | Z10 24 Jun Stahel/Hunter/Shenandoah | date headings 22 | with terms 1
      ond? The small force shown here has disap- peared. Encamp at Charles City Court-House. Respectfully, P. H. SHERIDAN, Major- General. City Point, Va., June 25, 1864—11.30 a. m. (Received 2.20 p. m.) Major-General Halleck, Washington , D. C. : Richmond papers of yesterday state that Hunter at last accounts was at Fincastle. He will probably go to Bev
DW warofrebellion371unit | Z4 3 Jul Sigel/Hunter/Early | date headings 26 | with terms 3
      eports of Maj. Gen. Franz Sigel, U. S. Army, commanding Re¬ serve Division, Department of West Virginia, of operations July 2-8. Martinsburg, W. Va., July 2, 1864. (Keceived 12 p. m.) There are strong indications of a movement of the enemy in force down the Valley. Our cavalry met those of the enemy to-day at Winchester, and a number of refugees ha
       and concentrate our forces at Charlestown. Please answer immedi¬ ately. . F. SIGEL, Major-General, Adjutant-General U. S. Army. Martinsburg, W. Va., July 2, 1864. (Received 12 p. m.) The following just received from General Kelley : Refugees just arrived at Beverly report Imboden’s, Early’s, Breckinridge’s, and Jackson’s commands twenty miles from
DW warofrebellion371unit | Z5 30 Jul Chambersburg crossing | date headings 16 | with terms 2
      nts as well as that I had no force to protect his trains. The following dispatch was sent : Headquarters Department of the Susquehanna, Chambersburg, July 29, 1864 — 10.15 p. m. General W. W. Averell, Greencastle : Lieutenant McLean was driven out of Mercersburg by about 200 of the enemy. A force of about 400 and two pieces of artillery afterward c
      age from Lieut. H. T. McLean informed me that he was being pressed in from Saint Thomas. The following dispatch by telegraph was sent : Chambersburg, July 30, 1864 — 2 a. m. General W. W. Averell, Greencastle : My force. Lieutenant McLean, is being driven in from Saint Thomas, and falling back upon Chambersburg. D. N. COUCH, Major- General. At 1 a.
DW warofrebellion371unit | Z8 8 Jul Urbana/Wallace/Hunter | date headings 33 | with terms 4
      ryland, and Pennsyl¬ vania, June 23-Aug. 3, 1864 . 245 Frazier, D. Mentioued . 262 Frazier, Leonidas W. Mentioned . 190 Frederick, Md. Skirmishes at. July 7, 1864. See Shenandoah Valley, Maryland, and Pennsylvania. Opera¬ tions in, June 23-Aug. 3, 1864. Reports of Alexander, Frederic W. Tyler, Erastus B. Wallace, Lew. Cleudenin, David E. July 8, 18
      yland, and Pennsylvania. Opera¬ tions in, June 23-Aug. 3, 1864. Reports of Alexander, Frederic W. Tyler, Erastus B. Wallace, Lew. Cleudenin, David E. July 8, 1864. See Shenandoah Valley, Maryland, and Pennsylvania. Opera- tions.in, June 23-Aug. 3, 1864. Reports of Alexander, Frederic W. Early, Jubal A. Leib, Edward H. Clendenin, David R. July 11, 1
DW warofrebellion371unit | Z10 24 Jun Stahel/Hunter/Shenandoah | date headings 48 | with terms 13
      By order of Major-General Hunter : [P. G. BIER], Assistant Adjutant-General. *Not found. Ohap. XLIX.J COKRESPONDENCE, ETC. - UNIOTT. 667 Martinsburg, June 23, 1864. (Received 12.30 p. m.) Major-General Halleck : I have the honor to report that the ammunition will arrive to-day. Everything promises to be ready by to-morrow noon. All detach¬ ments, i
       dispatches for General Hunter or instructions for myself be sent before 12 m. to¬ morrow. Very respectfully, JUL. STAHEL, Major-General. Washington, June 23, 1864—9 p. m. Major-General Stahel, Martinsburg, W. Va. : I have no orders to give you, except to carry out General Hunter’s instructions to the best of your at3ility. The last news of him, th
DW warofrebellion372unit | Z4 3 Jul Sigel/Hunter/Early | date headings 143 | with terms 10
       If there is anything threatening any portion of his depart¬ ment, however, you need not send him here. U. S. GRANT, Lieutenant- General. City Point, July 3, 1864 — 8 p. m. (Received 8.50 p. m.) Maj. Gen. H. W. Halleck, Chief of Staff : Since telegraphing you to-day I have made inquiries to ascertain the grounds upon which Early’s (Ewell’s) corps h
      it returned about five or six days ago. U. S. GRANT, Lieutenant- General. 16 OPERATIONS IN N. VA., W. VA., MO., AND PA. [Chap. XLTX. City Point, Va., July 3, 1864. Major-General Meade, Commanding, &c. : General Sigel telegraphs that Early, Breckinridge, Jackson, and Mosby are reported to be moving down the Shenandoah Valley. Is it not certain that 
DW warofrebellion372unit | Z5 30 Jul Chambersburg crossing | date headings 155 | with terms 26
      oper orders will he issued from these headquarters. By command of Major-General Wallace : SAME. B. LAWRENCE, Assistant Adjutant- General. Washington, July 29, 1864—2.05 p. m. To ANY Officer at Monocacy Station : Any trains of General Wright’s command should be hurried for¬ ward, and measures taken to protect them from raids by Mosby’s cavalry, whic
      aids by Mosby’s cavalry, which are reported to have crossed near Edwards Ferry. H. W. HALLECK, Alajor- General and Chief of Staff. Chambersburg, Pa., July 29, 1864. V (Received 3 p. m.) Maj. Gen. H. W. Halleck, Chief of Staff: General Averell reports enemy making strong demonstration on Williamsport road. They crossed this morning in some force at 
DW warofrebellion372unit | Z8 8 Jul Urbana/Wallace/Hunter | date headings 116 | with terms 7
      ketts. General Wallace has been directed to operate without reference to departmental lines. EDWIN M. STANTON, Secretary of War. Camden Station, Md., July 7, 1864. (Received 9.30 p. m.) lion. E. M. Stanton, Secretary of War: General Wallace telegraphs at 8.53 that after a battle of four hours the enemy has been finally repulsed from Frederick; loss
      th all dispatch. Let them all come at once if possible. Inform Mr. Garrett of my purpose as to the bridge. LEW. WALLACE, Major- Genercd, Comma^iding. July 7, 1864—4.40 p. m. Major-General Wallace, Monocacy Jiuiction, Baltimore and, Ohio Railroad: Your dispatch just received. I don’t know what you mean by the veterans just arrived. All the troops yo
DW warofrebellion402unit | Z7 25 Jun steamers/James | date headings 343 | with terms 12
      nt and Signal Officer , 378 OPERATIONS IN SE. VA.. AND N. C. [Chap. LII. Plank Road Signal Station, Three-quarters of a mile north of Jones ’ House , June 24, 1864 — 6 p. m. Captain Fisher : I have the honor to report that at 3 p. m. a battery of six pieces Avas seen moving to our right on road tAvo miles west from station near Wel- don railroad. S
       miles distant. J. B. DUFF, IAeutendnt and Signal Officer. Headquarters Armies of the United States, Office of Chief Quartermaster, City Point , Va., June 24, 1864. Brig. Gen. M. C. Meigs, Quartermaster -General lr. S. Army , Washington , I). C. : General Sheridan will rejoin to-day, probably. I suspect he will require as many fresh horses as can b
DW warofrebellion402unit | Z10 24 Jun Stahel/Hunter/Shenandoah | date headings 423 | with terms 1
      R, Colonel , <jrc. JOS. B. CARR, Brigadier- General of Volunteers. 26 R R — VOL XL, PT II 402 OPERATIONS IN SE. VA. AND N. C. [Chap. LII. City Point, June 25, 1864—11.30 a. m. Maj. Gen. H. W. Halleck, Chief of Staff: Richmond papers of yesterday state that Hunter at last accounts was at Fincastle. He will probably go to Beverly. There will be no us
DW warofrebellion403unit | Z8 8 Jul Urbana/Wallace/Hunter | date headings 220 | with terms 2
      . He reported at 6 p. m. that he had 8,000 which he would send you. A. A. HUMPHREYS, Major-General and Chief of Staff. Headquarters Ninth Army Corps, July 9, 1864 — 9 p. m. Major-General Humphreys, Chief of Staff: I have the honor to report that no change of importance has occurred on my lines since my morning report. A. E. BURNSIDE, Major- General
      e of interest. A. E. BURNSIDE, Major- General. * For order referred to, see Part I, p. 159. Chap. LII.] CORRESPONDENCE, ETC. — UNION. Ill City Point, July 9 , 1864. Major-General Burnside : Wallace reports Early at Urbana with 20,000 men threatening com munication between Baltimore and Washington. Truth of report very doubtful. I am about to start 
