volumes searched: 26 officialrecordso0009unse officialrecordso0010unse officialrecordso0015unse officialrecordso0021unse privateofficialc04butl privateofficialc05butl warofrebellion013403rootrich warofrebellion013404rootrich warofrebellion0207rootrich warofrebellion322unit warofrebellion323unit warofrebellion33unit warofrebellion352unit warofrebellion361unit warofrebellion362unit warofrebellion363unit warofrebellion371unit warofrebellion372unit warofrebellion402unit warofrebellion403unit warofrebellion414unit warofrebellion422unit warofrebellion423unit warofrebellion431unit warofrebellion432unit warofrebellion452unit
PH KA Z4 9729/1 3 May 1864 | telegraphed to Cairo | warofrebellion013403rootrich
PH KA Z4 9729/1 3 May 1864 | has seen your telegrams but has said nothing to me | warofrebellion013403rootrich
PH KA Z4 9729/1 3 May 1864 | Your last instructions in regard to | warofrebellion013403rootrich
PH KA Z4 9729/1 3 May 1864 | I will write to you immediately | warofrebellion013403rootrich
PH KB Z5 9697/0 7 Apr 1864 | asks that a regiment of heavy artillery be sent | warofrebellion33unit
PH KB Z5 9697/0 7 Apr 1864 | will be sent to him in cipher as soon as he can be found | warofrebellion33unit
PH KB Z5 9697/0 7 Apr 1864 | left unexpectedly last night | warofrebellion33unit
PH KB Z5 9697/0 7 Apr 1864 | has been relieved | officialrecordso0009unse,officialrecordso0015unse,officialrecordso0021unse,privateofficialc05butl,warofrebellion013403rootrich,warofrebellion013404rootrich,warofrebellion0207rootrich,warofrebellion323unit,warofrebellion33unit,warofrebellion361unit,warofrebellion362unit,warofrebellion363unit,warofrebellion371unit,warofrebellion402unit,warofrebellion403unit,warofrebellion414unit,warofrebellion422unit,warofrebellion423unit,warofrebellion432unit,warofrebellion452unit
PH KC Z7 9908/2 6 Dec 1864 | New Creek disaster | none
PH KC Z7 9908/2 6 Dec 1864 | were ordered by General Canby | warofrebellion452unit
PH KC Z7 9908/2 6 Dec 1864 | these orders have been repeated | none
PH KC Z7 9908/2 6 Dec 1864 | repeated some days ago | none
PH KD Z8 9798/1 19 Jul 1864 | another regiment of heavy artillery in addition to those with | warofrebellion372unit,warofrebellion403unit
PH KD Z8 9798/1 19 Jul 1864 | should be sent here as soon as you can spare it | warofrebellion372unit,warofrebellion403unit
PH KD Z8 9798/1 19 Jul 1864 | I am of opinion that another | none
PH KE Z9 9832/1 3 Sep 1864 | The Onondaga and Atlanta | none
PH KE Z9 9832/1 3 Sep 1864 | Prepare the Saugus and Canonicus | officialrecordso0010unse
PH KE Z9 9832/1 3 Sep 1864 | iron-clads retained in the James | none
PH KE Z9 9832/1 3 Sep 1864 | Senior Naval Officer James River | officialrecordso0010unse
DW officialrecordso0010unse | KE 3 Sep Onondaga/Saugus/Canonicus | date headings 22 | with terms 2
      obedient servant, W. B. Cushing, Lieutenant , Commanding U. S. 8. Monticello. Hon. Gideon Welles, Secretary of the Navy. [Telegram.] Navy Department, September 3, 1864. Just returned. Does the fall of Atlanta make any change in your views — especially as to the time October 1 ? G. Y. Fox, Assistant Secretary. Lieutenant-General Grant, City Point. [
      e in your views — especially as to the time October 1 ? G. Y. Fox, Assistant Secretary. Lieutenant-General Grant, City Point. [Telegram.] City Point, September 3 , 1864 — 6:30 p. m. It is impossible at this time to say what effect Sherman’s victory may have on the time of undertaking the enterprise you speak of. U. S. Grant, Lieutenant- General. Ho
DW warofrebellion013403rootrich | KA 3 May Cairo/instructions/President | date headings 88 | with terms 1
      e country from guerrillas. I am, general, very respectfully, J. B. ROGERS, Colonel, Commanding. HEADQUARTERS SAINT Louis DISTRICT, Saint Isouis, Mo., May 2, 1864. COMMANDING OFFICER, Cape Girardeau, Mo. : SIR : Pursuant to instructions from department headquarters, the general commanding Saint Louis District directs that you at once send out scouti
DW warofrebellion0207rootrich | KA 3 May Cairo/instructions/President | date headings 20 | with terms 1
      tals can be constructed. Respectfully submitted. ISAIAH II. WHITE, Chief Surt/eon. GENERAL ORDERS, ) HEADQUARTERS POST, No. 38. f Andersonville, Ga., May 2~>, 1864. In obedience to instructions from Surgeon-General's Office, Surgeon Isaiah II. White is placed in charge of the guard and prison, and will be respected and obeyed accordingly. By order 
DW warofrebellion33unit | KB 7 Apr heavy artillery/Harpers Ferry | date headings 63 | with terms 7
      ed of them by moving south, if the enemy do attack you in force — that is, they would divide him. U. S. GRANT, Lieutenant - General. Cumberland, Md., April 6, 1864 — 8 p. m. (Received 9 p. m.) Lieutenant-General Grant : Your letter of 4th April is received, through Major-General Ord; also your telegram of to-day. I have no information of important 
      tia to take care of the railroad, and will report the result. F. SIGEL, Major - General. Chap. XLV.] CORRESPONDENCE, ETC. UNION. 813 Cumberland, Md., April 6, 1864. (Received 9.30 p. m.) Adjutant-General U. S. Army : Having received instructions from Army Headquarters which make the withdrawal of infantry from Harper’s Ferry a necessity, I respect-
DW warofrebellion372unit | KD 19 Jul heavy artillery/Washington | date headings 72 | with terms 3
      this subject.! I am, general, very respectfully, your obedient servant, GEO. CADWALADER, Major- General. Headquarters op the Army, Washington, D. C., July 18, 1864—10.30 a. m. Lieutenant-General Grant, City Point: Considering the condition of the garrisons of Washington and Baltimore, I have determined to retain the two heavy artillery regi¬ ments 
      o heavy artillery regi¬ ments of the Sixth Corps, unless you direct otherwise. H. W. HALLECK, Major-General and Chief of Staff. Grant’s Headquarters, July 18, 1864 — 11.45 p. m. (Received 2.15 p. m. 19th.) Maj. Gen. H. W. Halleck, Chief of Staff: Your dispatch of 10.30 a. m. in regard to retaining the heavy artillery of Sixth Corps received. I had 
DW warofrebellion403unit | KD 19 Jul heavy artillery/Washington | date headings 191 | with terms 6
      ut 6 a. m. Truly, yours, JAS. B. BELL, Captain , Twenty-fourth Massachusetts Vols.: Comdg. Company C. Headquarters of the Army, Washington , I). <7., July 18 , 1864 — 10.30 a. m. Lieutenant-General Grant, City Point : Considering the condition of the garrisons of Washington and Balti- more, I have determined to retain the two heavy artillery regime
      two heavy artillery regiments of the Sixth Corps, unless you direct otherwise. H. W. HALLECK, Major-General and Chief of Staff. Grant’s Headquarters, July 18 , 1864 — 11.45 p. m. (Received 2.1 J5 p. m. 19th.) Maj. Gen. H. W. Halleck, Chief of Staff: Your dispatch of 30.30 a. m. in regard to retaining the heavy artil- lery of Sixth Corps received. I
DW warofrebellion432unit | KC 6 Dec New Creek/Canby | date headings 58 | with terms 1
      ndering their posts. You have not reported his name. Please report it, and also report when he is EDWIN M. STANTON, Secretary of War. Kernstown, Ya., December 6 , 1864 — 5.50 p. m. Hon. E. M. Stanton, Secretary of War: The name of the officer who allowed New Creek to be disgracefully captured is Col. George R. Latham, Fifth Virginia Cavalry. Genera
