volumes searched: 177 OR/ORN/Butler: officialrecordso0009unse officialrecordso0010unse officialrecordso0015unse officialrecordso0021unse privateofficialc04butl privateofficialc05butl warofrebellion013403rootrich warofrebellion013404rootrich warofrebellion0207rootrich warofrebellion322unit warofrebellion323unit warofrebellion33unit warofrebellion352unit warofrebellion361unit warofrebellion362unit warofrebellion363unit warofrebellion371unit warofrebellion372unit warofrebellion402unit warofrebellion403unit warofrebellion414unit warofrebellion422unit warofrebellion423unit warofrebellion431unit warofrebellion432unit warofrebellion452unit
9699/0 | forty thousand bushels of grain and seven hundred tons of hay | none
9699/0 | under sealed orders to report at | none
9699/0 | their cargoes which will not be discharged unless needed there | none
9699/0 | for the steam propellers needed | none
9694/2 | Cahawba | warofrebellion323unit,warofrebellion352unit,warofrebellion361unit,warofrebellion403unit,warofrebellion414unit,warofrebellion452unit
9694/2 | Weybossett | none
9694/2 | transport colored | warofrebellion352unit
9694/2 | fully coaled and watered as soon as the storm is over | warofrebellion352unit
9694/2 | capacity of vessels sailing under this order | warofrebellion352unit
9845/0 | whether the draft will be suspended or enforced | none
9845/0 | modifies it to the extent of one man | none
9845/0 | wavers in its execution | none
9845/0 | effect the recall of | none
9845/0 | to Governor Morton | warofrebellion0207rootrich,warofrebellion323unit
9679/0 | Ned Price | officialrecordso0015unse,officialrecordso0021unse,warofrebellion013403rootrich,warofrebellion013404rootrich,warofrebellion322unit,warofrebellion323unit,warofrebellion33unit,warofrebellion352unit,warofrebellion361unit,warofrebellion362unit,warofrebellion371unit,warofrebellion372unit,warofrebellion402unit,warofrebellion403unit,warofrebellion414unit,warofrebellion422unit,warofrebellion423unit,warofrebellion432unit,warofrebellion452unit
9679/0 | prize fighter and send him here immediately | none
9679/0 | Superintendent Metropolitan Police | warofrebellion432unit
9725/1 | by special messenger to Major-General Steele | none
9725/1 | return yourself immediately to | warofrebellion013403rootrich
9725/1 | left under command of the senior officer | warofrebellion013403rootrich
9725/1 | if Shreveport has been taken | warofrebellion013403rootrich
9762/1 | sent by General Grant to open communication | warofrebellion371unit
9762/1 | by way of Charlottesville | warofrebellion361unit,warofrebellion371unit
9762/1 | returned to York River without effecting his object | warofrebellion371unit
9762/1 | not to be caught by the | warofrebellion371unit
9761/0 | telegraph to Ordnance Department and it will be immediately sent to you by an express train | none
9761/0 | take every precaution in convoying the train | warofrebellion371unit
9761/0 | all possible despatch in carrying out | none
9862/1 | scheme of the insurgents for capturing | none
9862/1 | going on board as officers and crew | none
9862/1 | take proper measures towards thwarting the same | none
9862/1 | a northern port | officialrecordso0009unse,officialrecordso0010unse,officialrecordso0015unse,warofrebellion0207rootrich
9770/2 | advise him of the condition of affairs and take his orders in regard to your dispositions | warofrebellion372unit
9770/2 | ordered General Hunter to the line of | warofrebellion372unit
9770/2 | with all his available forces | warofrebellion323unit,warofrebellion372unit
