row	book	H	a	lcs/n	b_p95	hit	c_n	c_key	c_plain
9699/0	no9	5	0.915	54/59	0.254	HIT	5	captain major quartermaster	informing
9699/0	no1	7	0.867	52/60	0.250	HIT	8	brannon general kelly pending pontoon quartermaster	informing
9699/0	no2	8	0.833	50/60	0.250	HIT	10	james pits rations rear rebel rifle rosecrans rosseau sic	informing
9694/2	no9	10	0.786	55/70	0.214	HIT	15	boats general major new quartermaster steam troops york	gillmore
9694/2	no1	13	0.655	19/29	0.310	HIT	10	battery general heintzelman jasper major pontoon	ed
9694/2	no2	16	0.727	48/66	0.227	HIT	18	artillery carr enforce kanawha kelly move potter president quinby re rebel reconnoissance reynolds saturday	ed gillmore
9845/0	no9	4	0.933	42/45	0.289	HIT	3	pemberton regiment	
9845/0	no1	10	0.750	36/48	0.229	HIT	12	abingdon atlanta embark general major meantime parke surrender	ing
9845/0	no2	11	0.761	35/46	0.239	HIT	11	abingdon atlanta cove defeat lines mclamores meade pickets scatter	ing
9679/0	no9	11	0.672	39/58	0.224	HIT	17	arrest fight new secretary york	dana ed er individual kene
9679/0	no1	12	0.613	38/62	0.210	HIT	24	battery connecticut general grant heintzelman major subsistence unserviceable	dana ed er individual kene
9679/0	no2	12	0.691	38/55	0.236	HIT	17	artillery big black imboden kelly surprising surrounded union volunteering	dana ed er individual kene
9725/1	no9	24	0.731	98/134	0.187	HIT	35	arkansas banks boats general grant gun halleck lieutenant major red river troops	comemunicate
9725/1	no1	26	0.712	37/52	0.231	HIT	15	battery fork general major mcpherson pearl picket pieces pontoon rappahannock shallow	
9725/1	no2	29	0.738	93/126	0.190	HIT	33	artillery cove ferry florida georgia hill hundred jno kansas logan macon mclamores new opelika rebel reconnoissance retreat saturday york	comemunicate
9762/1	no9	5	0.921	58/63	0.270	HIT	4	new surrounded threaten wounded	
9762/1	no1	11	0.812	52/64	0.250	HIT	11	chickamauga fredericksburg heintzelman indiana major tomorrow troops	
9762/1	no2	11	0.839	52/62	0.258	HIT	10	culpepper elizabeth kelly missouri telegraph throw unite	
9761/0	no9	2	0.971	34/35	0.343	HIT	1	recruits	
9761/0	no1	7	0.763	29/38	0.263	HIT	9	after encountered enemy ewell force indiana lee strong	
9761/0	no2	10	0.703	26/37	0.270	HIT	9	after cove elizabeth friday mclamores station trenton tyners withdraw	
9862/1	no9	4	0.914	32/35	0.314	HIT	3	abingdon maine	
9862/1	no1	7	0.784	29/37	0.270	HIT	7	available dalton defense major meade president	
9862/1	no2	8	0.778	28/36	0.250	HIT	8	beauregard corinth destroy engage jul longstreet stahel	
9770/2	no9	2	0.889	24/27	0.370	HIT	3	left wing	er
9770/2	no1	7	0.731	19/26	0.308	HIT	7	advance athens chickamauga fredericksburg surprise	er
9770/2	no2	7	0.731	19/26	0.308	HIT	7	arrest athens culpepper missouri spy	er
