2026-09-28T01:13:08Z	200	8641	https://figgy.princeton.edu/concern/scanned_resources/ed69c8a8-dcb6-4b72-a879-e4e9066620d0/manifest
2026-09-28T01:13:13Z	200	208047	https://findingaids.library.upenn.edu/records/PRIN_MUDD_C0027
2026-09-28T01:13:15Z	202	0	https://founders.archives.gov/API/docdata/Madison/99-01-02-2728
2026-09-28T01:13:48Z	000	0	https://web.archive.org/cdx/search/cdx?url=founders.archives.gov/documents/Madison/99-01-02-2728&output=json&limit=2
2026-09-28T01:13:50Z	200	5454	https://catalog.archives.gov/api/v2/records/search?q=M30
2026-09-28T01:13:52Z	200	861062	https://www.archives.gov/files/research/microfilm/m30.pdf
2026-09-28T01:13:54Z	403	5621	https://www.mdhistory.org/
2026-09-28T01:13:56Z	200	8987	https://www.masshist.org/collection-guides/
2026-09-28T01:14:03Z	200	2687	https://findingaids.princeton.edu/catalog/C0027
2026-09-28T01:14:44Z	200	8633	https://figgy.princeton.edu/concern/scanned_resources/4c7496d0-73a0-4ec5-92ba-cddd055598eb/manifest
2026-09-28T01:14:46Z	200	8636	https://figgy.princeton.edu/concern/scanned_resources/a37bc0ea-b836-414f-8946-46698ab0b495/manifest
2026-09-28T01:15:02Z	200	390999	https://iiif-cloud.princeton.edu/iiif/2/c7%2Fc4%2F01%2Fc7c40130837e4fc289405195138370ef%2Fintermediate_file/full/1400,/0/default.jpg
2026-09-28T01:15:06Z	200	209427	https://iiif-cloud.princeton.edu/iiif/2/c4%2F42%2Ff6%2Fc442f6682492459e947b169f6a0501a0%2Fintermediate_file/full/1400,/0/default.jpg
2026-09-28T01:15:10Z	200	186154	https://iiif-cloud.princeton.edu/iiif/2/9c%2F7c%2F3c%2F9c7c3c030c5d491d816338a459e8a867%2Fintermediate_file/full/1400,/0/default.jpg
2026-09-28T01:15:15Z	200	226684	https://iiif-cloud.princeton.edu/iiif/2/2b%2F3c%2Fcc%2F2b3ccccb11bc4324851aa1af604dc7c3%2Fintermediate_file/full/1400,/0/default.jpg
2026-09-28T01:15:18Z	200	400904	https://iiif-cloud.princeton.edu/iiif/2/4b%2F55%2Fda%2F4b55dafe93eb4829b867efb275b0fd8a%2Fintermediate_file/full/1400,/0/default.jpg
2026-09-28T01:15:22Z	200	330272	https://iiif-cloud.princeton.edu/iiif/2/f6%2F35%2F8a%2Ff6358a96482849bd94a3c7b657bdacea%2Fintermediate_file/full/1400,/0/default.jpg
2026-09-28T01:15:26Z	200	207734	https://iiif-cloud.princeton.edu/iiif/2/77%2Fd4%2F77%2F77d477eb77ed433dad3c9e257e71481f%2Fintermediate_file/full/1400,/0/default.jpg
2026-09-28T01:15:29Z	200	221721	https://iiif-cloud.princeton.edu/iiif/2/80%2F62%2F81%2F80628170aa3e45fba15415cfe4a0c8f5%2Fintermediate_file/full/1400,/0/default.jpg
2026-09-28T01:15:33Z	200	311682	https://iiif-cloud.princeton.edu/iiif/2/52%2Fff%2Ff0%2F52fff0fec95749dd8fcc6c26c700da5c%2Fintermediate_file/full/1400,/0/default.jpg
2026-09-28T01:15:37Z	200	246914	https://iiif-cloud.princeton.edu/iiif/2/cb%2Fa0%2F72%2Fcba072ed349c499aa241126bc5e558f4%2Fintermediate_file/full/1400,/0/default.jpg
2026-09-28T01:15:40Z	200	208314	https://iiif-cloud.princeton.edu/iiif/2/c9%2F49%2F2b%2Fc9492bebca2347e1baeeff9daaa113fc%2Fintermediate_file/full/1400,/0/default.jpg
2026-09-28T01:15:44Z	200	177408	https://iiif-cloud.princeton.edu/iiif/2/40%2F6a%2F62%2F406a629424584a669f4992984ddb4831%2Fintermediate_file/full/1400,/0/default.jpg
2026-09-28T01:16:32Z	404	30146	https://www.archives.gov/files/research/microfilm/m31.pdf
2026-09-28T01:16:48Z	200	60114	https://www.loc.gov/collections/james-madison-papers/?q=erving+cipher&dates=1807/1809&fo=json&c=50
2026-09-28T01:16:51Z	200	60351	https://www.loc.gov/collections/james-madison-papers/?q=pinkney+cipher&dates=1807/1809&fo=json&c=50
2026-09-28T01:16:57Z	200	45495	https://www.loc.gov/collections/james-madison-papers/?q=erving+1808&dates=1807/1809&fo=json&c=50
2026-09-28T01:17:01Z	200	60256	https://www.loc.gov/collections/james-madison-papers/?q=armstrong+cipher&dates=1807/1809&fo=json&c=50
2026-09-28T01:17:32Z	200	28543	https://www.loc.gov/item/mjm015002/?fo=json
2026-09-28T01:17:34Z	200	28168	https://www.loc.gov/item/mjm022250/?fo=json
2026-09-28T01:17:37Z	200	28160	https://www.loc.gov/item/mjm014714/?fo=json
2026-09-28T01:18:22Z	200	300903	https://tile.loc.gov/storage-services/master/mss/mjm/25/1600/1626d.jpg
2026-09-28T01:18:25Z	200	278121	https://tile.loc.gov/storage-services/master/mss/mjm/25/1600/1627.jpg
2026-09-28T01:18:27Z	200	281061	https://tile.loc.gov/storage-services/master/mss/mjm/25/1600/1628.jpg
2026-09-28T01:18:29Z	200	268790	https://tile.loc.gov/storage-services/master/mss/mjm/25/1600/1629.jpg
2026-09-28T01:18:31Z	200	286047	https://tile.loc.gov/storage-services/master/mss/mjm/25/1600/1630.jpg
2026-09-28T01:18:33Z	200	261697	https://tile.loc.gov/storage-services/master/mss/mjm/25/1600/1631.jpg
2026-09-28T01:18:35Z	200	249589	https://tile.loc.gov/storage-services/master/mss/mjm/25/1600/1632.jpg
2026-09-28T01:18:37Z	200	184789	https://tile.loc.gov/storage-services/master/mss/mjm/25/1600/1633.jpg
2026-09-28T01:18:39Z	200	183345	https://tile.loc.gov/storage-services/master/mss/mjm/09/0600/0603d.jpg
2026-09-28T01:18:41Z	200	350379	https://tile.loc.gov/storage-services/master/mss/mjm/09/0600/0604.jpg
2026-09-28T01:18:43Z	200	361982	https://tile.loc.gov/storage-services/master/mss/mjm/09/0600/0605.jpg
2026-09-28T01:18:45Z	200	332703	https://tile.loc.gov/storage-services/master/mss/mjm/09/0600/0606.jpg
2026-09-28T01:18:47Z	200	135301	https://tile.loc.gov/storage-services/master/mss/mjm/09/0600/0607.jpg
2026-09-28T01:18:51Z	200	25177	https://mdhistory.libraryhost.com/repositories/2/resources/170
2026-09-28T01:18:52Z	403	6499	https://findingaids.loc.gov/db/search/xq/searchBrws.xq?search_term=Erving%2C+George+William%2C%7C1769-1850%7CCorrespondence.&display_key=REDACTED
2026-09-28T01:19:09Z	200	19818	https://mdhistory.libraryhost.com/repositories/2/resources/170/collection_organization
2026-09-28T01:20:10Z	200	25996	https://mdhistory.libraryhost.com/repositories/2/resources/170/tree/root
2026-09-28T01:20:11Z	200	458215	https://www.archives.gov/files/nara-digitized-microfilm-updated-2.21.23.pdf
2026-09-28T01:20:14Z	412	2470	http://www.genealogycenter.net/nara/descpamphlets/m31.pdf
2026-09-28T01:20:50Z	200	107960	https://www.loc.gov/search/?q=%22George+William+Erving%22+papers&fo=json&c=20
2026-09-28T01:21:32Z	200	526	https://archive.org/advancedsearch.php?q=title%3A%28%22Diplomatic+services+of+George+William+Erving%22%29&fl%5B%5D=identifier&fl%5B%5D=title&fl%5B%5D=year&rows=10&output=json
2026-09-28T01:21:35Z	200	508	https://archive.org/advancedsearch.php?q=%28Erving+AND+%28cipher+OR+cypher%29+AND+Armstrong%29+AND+year%3A%5B1800+TO+1930%5D&fl%5B%5D=identifier&fl%5B%5D=title&rows=10&output=json
2026-09-28T01:22:53Z	browser	132555	https://catalog.archives.gov/search?q=Despatches+GB+1808 (headless)
2026-09-28T01:23:04Z	browser	132612	https://catalog.archives.gov/search?q=Despatches+Spain+1808 (headless)
2026-09-28T01:23:07Z	200	98141	https://archive.org/download/diplomaticservic00curr/diplomaticservic00curr_djvu.txt
2026-09-28T01:23:50Z	browser	529890	https://catalog.archives.gov/id/188514748 (headless)
2026-09-28T01:24:55Z	browser	29534	https://findingaids.loc.gov/... Erving (headless)
2026-09-28T01:25:50Z	HEAD	-	https://catalog.archives.gov/medialz/dc-metro/rg-059/603720/M30/M30-011/M30-011.pdf
2026-09-28T01:25:52Z	HEAD	-	https://catalog.archives.gov/medialz/dc-metro/rg-059/603720/M31/M31-012/M31-012.pdf
2026-09-28T01:25:54Z	HEAD	-	https://catalog.archives.gov/medialz/dc-metro/rg-059/603720/M31/M31-013/M31-013.pdf
2026-09-28T01:25:56Z	HEAD	-	https://catalog.archives.gov/medialz/dc-metro/rg-059/603720/M31/M31-011/M31-011.pdf
2026-09-28T01:26:47Z	GET(bg)	288724421	https://catalog.archives.gov/medialz/dc-metro/rg-059/603720/M30/M30-011/M30-011.pdf
2026-09-28T01:26:55Z	200	75870	https://www.loc.gov/search/?q=Erving+George+William+papers+1769-1850&fa=original-format:manuscript/mixed+material&fo=json&c=25
2026-09-28T01:26:57Z	404	2168	https://www.loc.gov/item/mm78015388/?fo=json
2026-09-28T01:27:21Z	503	11832	https://web.archive.org/cdx/search/cdx?url=findingaids.loc.gov/db/search/xq/searchMfer02.xq*&output=json&limit=3&filter=original:.*ms0.*Erving.*
2026-09-28T01:27:41Z	GET(bg)	158180043	https://catalog.archives.gov/medialz/dc-metro/rg-059/603720/M31/M31-012/M31-012.pdf
2026-09-28T02:43:21Z	200	40098219	https://catalog.archives.gov/medialz/dc-metro/rg-059/603720/M31/M31-011/M31-011.pdf
2026-09-28T02:43:23Z	200	227384	https://catalog.archives.gov/iiif/3/lz%2Fdc-metro%2Frg-059%2F603720%2FM30%2FM30-011%2FM30-011-0065.jpg/full/1400,/0/default.jpg
2026-09-28T02:43:42Z	200	158180043	https://catalog.archives.gov/medialz/dc-metro/rg-059/603720/M31/M31-012/M31-012.pdf
2026-09-28T02:43:46Z	200	121957311	https://catalog.archives.gov/medialz/dc-metro/rg-059/603720/M31/M31-013/M31-013.pdf
2026-09-28T02:43:51Z	200	288724421	https://catalog.archives.gov/medialz/dc-metro/rg-059/603720/M30/M30-011/M30-011.pdf
2026-09-28T03:15:55Z	000	0	https://web.archive.org/cdx/search/cdx?url=founders.archives.gov/documents/Madison/99-01-02-2728&output=json&limit=5&filter=statuscode:200
2026-09-28T03:16:05Z	200	182524	https://www.loc.gov/search/?q=%22Armstrong%2C+John%2C+1758-1843%22&fo=json&c=40
2026-09-28T03:16:08Z	200	952161	https://www.fdrlibrary.org/documents/356632/390886/findingaid_roos_hudsonmanuscripts.pdf/5b0e08ba-5f8c-48f4-a801-3835452fec2a
2026-09-28T03:16:30Z	200	64112	https://www.loc.gov/item/mm78000058/?fo=json
2026-09-28T03:17:05Z	200	121964	https://tile.loc.gov/image-services/iiif/service:mss:mssmmc:00:12:95:67:53:3:00129567533:0001/full/pct:25/0/default.jpg
2026-09-28T03:17:08Z	200	120801	https://tile.loc.gov/image-services/iiif/service:mss:mssmmc:00:12:95:67:53:3:00129567533:0002/full/pct:25/0/default.jpg
2026-09-28T03:17:10Z	200	74880	https://tile.loc.gov/image-services/iiif/service:mss:mssmmc:00:12:95:67:53:3:00129567533:0003/full/pct:25/0/default.jpg
2026-09-28T03:17:12Z	200	69122	https://tile.loc.gov/image-services/iiif/service:mss:mssmmc:00:12:95:67:53:3:00129567533:0004/full/pct:25/0/default.jpg
2026-09-28T03:17:14Z	200	50196	https://tile.loc.gov/image-services/iiif/service:mss:mssmmc:00:12:95:67:53:3:00129567533:0005/full/pct:25/0/default.jpg
2026-09-28T03:17:16Z	200	40265	https://tile.loc.gov/image-services/iiif/service:mss:mssmmc:00:12:95:67:53:3:00129567533:0006/full/pct:25/0/default.jpg
2026-09-28T03:17:18Z	200	121429	https://tile.loc.gov/image-services/iiif/service:mss:mssmmc:00:12:95:67:53:3:00129567533:0007/full/pct:25/0/default.jpg
2026-09-28T03:17:20Z	200	150664	https://tile.loc.gov/image-services/iiif/service:mss:mssmmc:00:12:95:67:53:3:00129567533:0008/full/pct:25/0/default.jpg
2026-09-28T03:17:26Z	200	58251	https://tile.loc.gov/image-services/iiif/service:mss:mssmmc:00:12:95:67:53:3:00129567533:0009/full/pct:25/0/default.jpg
2026-09-28T03:17:35Z	200	113528	https://tile.loc.gov/image-services/iiif/service:mss:mssmmc:00:12:95:67:53:3:00129567533:0010/full/pct:25/0/default.jpg
2026-09-28T03:17:38Z	200	157873	https://tile.loc.gov/image-services/iiif/service:mss:mssmmc:00:12:95:67:53:3:00129567533:0011/full/pct:25/0/default.jpg
2026-09-28T03:17:42Z	200	63950	https://tile.loc.gov/image-services/iiif/service:mss:mssmmc:00:12:95:67:53:3:00129567533:0012/full/pct:25/0/default.jpg
2026-09-28T03:17:45Z	200	160298	https://tile.loc.gov/image-services/iiif/service:mss:mssmmc:00:12:95:67:53:3:00129567533:0013/full/pct:25/0/default.jpg
2026-09-28T03:17:48Z	200	316843	https://tile.loc.gov/image-services/iiif/service:mss:mssmmc:00:12:95:67:53:3:00129567533:0014/full/pct:25/0/default.jpg
2026-09-28T03:17:50Z	200	98317	https://tile.loc.gov/image-services/iiif/service:mss:mssmmc:00:12:95:67:53:3:00129567533:0015/full/pct:25/0/default.jpg
2026-09-28T03:17:56Z	200	380033	https://www.loc.gov/search/?q=%22Livingston%2C+Robert+R.%22&fa=original-format:manuscript/mixed+material&fo=json&c=40
2026-09-28T03:18:01Z	browser	0	https://founders.archives.gov/documents/Madison/99-01-02-2728
2026-09-28T03:18:29Z	browser	0	https://founders.archives.gov/documents/Madison/99-01-02-2728 (retry after cert fix)
2026-09-28T03:21:37Z	403	5772	https://bioguideretro.congress.gov/Home/MemberDetails?memIndex=a000282
2026-09-28T03:21:39Z	403	548	https://mcnycatablog.org/wp-content/uploads/2014/01/livingston-finding-aid.pdf
2026-09-28T03:21:41Z	202	0	https://archives.yale.edu/repositories/11/resources/808
2026-09-28T03:21:43Z	403	5480	https://www2.hsp.org/collections/manuscripts/1700.htm
2026-09-28T03:21:45Z	500	1181	https://www.masshist.org/collection-guides/search?q=Armstrong+John+1758
2026-09-28T03:25:52Z	403	5914	https://discover.hsp.org/Search/Results?lookfor=%22Armstrong%2C+John%2C+1758-1843%22&type=AllFields
2026-09-28T03:25:54Z	403	5487	https://corsair.themorgan.org/vwebv/search?searchArg=Armstrong%2C+John%2C+1758-1843&searchCode=GKEY%5E*&searchType=1&recCount=50
2026-09-28T03:25:59Z	200	122231	https://www.loc.gov/search/?q=Rokeby+Armstrong+Aldrich&fo=json&c=20
2026-09-28T03:26:40Z	browser	0	https://founders.archives.gov/documents/Madison/99-01-02-2728 (foreground retry)
2026-09-28T03:26:41Z	200	724	https://catalog.loc.gov/vwebv/search?searchArg=Armstrong%2C+John%2C+1758-1843&searchCode=NAME%2B&searchType=1&recCount=50
2026-09-28T03:26:43Z	200	2655	https://archive.org/advancedsearch.php?q=title%3A%28livingston%29+AND+title%3A%28microfilm+OR+guide+OR+papers%29&fl%5B%5D=identifier&fl%5B%5D=title&fl%5B%5D=date&rows=30&output=json
2026-09-28T03:30:41Z	200	71347	https://www.nypl.org/sites/default/files/archivalcollections/pdf/armstrongneilson.pdf
2026-09-28T03:30:43Z	200	10130	https://www.masshist.org/collection-guides/browse/manuscript-guides
2026-09-28T03:30:45Z	404	19	https://bobcat.library.nyu.edu/primaws/rest/pub/pnxs?inst=NYHS&lang=en&limit=10&offset=0&q=any,contains,Armstrong%20John%201758-1843&scope=NYHS&tab=NYHS&vid=01NYU_INST:NYHS&skipDelivery=Y&sort=rank
2026-09-28T03:30:47Z	404	19	https://bobcat.library.nyu.edu/primaws/rest/pub/pnxs?inst=NYU&lang=en&limit=10&offset=0&q=any,contains,Armstrong%20John%201758-1843&scope=NYU&tab=NYU&vid=01NYU_INST:NYU&skipDelivery=Y&sort=rank
2026-09-28T03:30:50Z	200	19625	https://openlibrary.org/search.json?q=Robert+R.+Livingston+papers+microfilm&limit=10
2026-09-28T03:31:18Z	browser	24031	https://founders.archives.gov/documents/Madison/99-01-02-2728 (retry 4, NSS rebuilt)
2026-09-28T03:31:54Z	browser	18592	https://founders.archives.gov/documents/Madison/99-01-02-2703
2026-09-28T03:32:04Z	browser	27601	https://founders.archives.gov/?q=%20Author%3A%22Armstrong%2C%20John%22&s=1111311111&r=1&dr=1808-02-01%20to%201808-03-31
2026-09-28T03:32:07Z	200	779	https://archive.org/advancedsearch.php?q=%28Ericson+AND+Livingston%29+OR+title%3A%28%22Livingston+papers%22+AND+1658%29&fl%5B%5D=identifier&fl%5B%5D=title&fl%5B%5D=date&rows=20&output=json
2026-09-28T03:32:09Z	200	23708	https://www.googleapis.com/books/v1/volumes?q=%22Robert+R.+Livingston+papers%22+1658-1888+Ericson&country=US&key=REDACTED
2026-09-28T03:32:12Z	200	643	https://openlibrary.org/works/OL6123259W.json
2026-09-28T03:32:14Z	200	1450	https://openlibrary.org/works/OL6123259W/editions.json
2026-09-28T03:32:54Z	browser	15375	https://founders.archives.gov/?q=Author%3A%22Armstrong%2C%20John%22%20Dates-From%3A1808-01-01%20Dates-To%3A1808-04-30&s=1111211111&r=1
2026-09-28T03:33:24Z	browser	31098	https://founders.archives.gov/?q=Author%3A%22Armstrong%2C%20John%2C%20Jr.%22%20Dates-From%3A1808-01-01%20Dates-To%3A1808-06-30&s=1111211113&r=1
2026-09-28T03:33:25Z	curl	31	https://catalog.hathitrust.org/api/volumes/brief/oclc/7776177.json
2026-09-28T03:33:26Z	404	0	https://lccn.loc.gov/81137544/marcxml
2026-09-28T03:34:25Z	browser	22045	https://founders.archives.gov/?q=Author%3A%22Armstrong%2C%20John%2C%20Jr.%22%20Dates-From%3A1808-01-01%20Dates-To%3A1808-06-30&s=1111311113&r=9
