base -3.3396 (8, 8, 0)
swap ci -3.2962 8 8
swap il -3.3031 7 7
swap ny -3.3234 8 8
swap ej -3.3320 7 7
swap ip -3.3322 7 7
swap bl -3.3327 7 7
swap lo -3.3384 7 7
swap cp -3.3384 7 7
swap iy -3.3391 8 8
swap ix -3.3400 8 8
swap jx -3.3448 8 8
swap lp -3.3502 6 6
swap iv -3.3512 7 7
swap is -3.3519 7 7
swap fl -3.3536 6 6
swap ij -3.3538 8 8
swap uz -3.3547 8 8
swap en -3.3572 7 7
swap by -3.3578 8 8
swap cz -3.3611 8 8
swap xz -3.3630 9 9
swap nu -3.3650 8 8
swap ly -3.3651 7 7
swap fj -3.3656 7 7
swap vy -3.3665 7 7
swap ir -3.3677 8 8
swap rv -3.3693 7 7
swap bj -3.3727 9 9
swap bw -3.3733 7 7
swap sz -3.3738 7 7
swap ms -3.3743 7 7
swap lx -3.3745 7 7
swap jn -3.3761 8 8
swap bp -3.3779 7 7
swap vw -3.3784 6 6
swap iw -3.3816 7 7
swap es -3.3816 6 6
swap px -3.3826 7 7
swap hv -3.3826 7 7
swap hy -3.3831 8 8
swap lm -3.3847 7 7
swap ce -3.3856 7 7
swap iu -3.3857 8 8
swap ow -3.3860 7 7
swap fu -3.3860 7 7
swap sy -3.3865 7 7
swap bc -3.3876 8 8
swap pv -3.3882 6 6
swap in -3.3882 8 8
swap jm -3.3883 8 8
swap bs -3.3888 7 7
swap lw -3.3889 6 6
swap cm -3.3897 8 8
swap sw -3.3916 6 6
swap wy -3.3925 7 7
swap it -3.3928 8 8
swap iz -3.3933 8 8
swap cr -3.3935 8 8
swap qt -3.3942 8 8
swap bf -3.3944 7 7
swap fv -3.3946 6 6
swap rw -3.3947 7 7
swap or -3.3952 9 9
swap jy -3.3952 9 9
swap rs -3.3953 7 7
swap cu -3.3954 8 8
swap fs -3.3959 6 6
swap er -3.3959 7 7
swap de -3.3959 7 7
swap cd -3.3962 8 8
swap cn -3.3964 8 8
swap fr -3.3968 7 7
swap ap -3.3969 7 7
swap mw -3.3984 7 7
swap no -3.3986 8 8
swap ns -3.3988 7 7
swap os -3.3997 7 7
swap lv -3.3998 6 6
swap ac -3.4000 9 9
swap ds -3.4011 7 7
swap df -3.4011 7 7
swap im -3.4028 8 8
swap ep -3.4028 6 6
swap eo -3.4028 7 7
swap nv -3.4030 7 7
swap jl -3.4030 7 7
swap cv -3.4031 7 7
swap pu -3.4034 7 7
swap ct -3.4034 8 8
swap cj -3.4035 8 8
swap cl -3.4037 7 7
swap co -3.4045 9 9
swap gr -3.4046 7 7
swap qs -3.4049 7 7
swap be -3.4049 7 7
swap jv -3.4057 7 7
swap fp -3.4063 6 6
swap mz -3.4066 8 8
swap pz -3.4075 7 7
swap bz -3.4078 9 9
swap ae -3.4087 7 7
swap gm -3.4100 7 7
swap af -3.4111 7 7
swap pr -3.4112 7 7
swap ps -3.4113 6 6
swap fn -3.4115 7 7
swap ln -3.4119 7 7
swap ft -3.4120 7 7
swap bm -3.4120 8 8
swap rz -3.4130 8 8
swap bu -3.4135 8 8
swap cw -3.4144 7 7
swap bh -3.4145 8 8
swap su -3.4148 7 7
swap bx -3.4155 8 8
swap hi -3.4156 8 8
swap az -3.4159 8 8
swap ox -3.4161 8 8
swap an -3.4165 8 8
swap gj -3.4169 7 7
swap fy -3.4172 7 7
swap hr -3.4174 8 8
swap hp -3.4174 7 7
swap as -3.4176 7 7
swap mp -3.4179 7 7
swap py -3.4181 7 7
swap fi -3.4185 7 7
swap ao -3.4193 8 8
swap jq -3.4194 8 8
swap fg -3.4195 6 6
swap nt -3.4199 9 9
swap ju -3.4200 8 8
swap em -3.4203 7 7
swap tw -3.4205 7 7
swap ei -3.4210 7 7
swap hu -3.4212 8 8
swap dv -3.4213 7 7
swap br -3.4216 8 8
swap ev -3.4222 6 6
swap dl -3.4222 7 7
swap mq -3.4226 8 8
swap gn -3.4231 7 7
swap ls -3.4233 6 6
swap bd -3.4234 8 8
swap hj -3.4240 8 8
swap np -3.4244 7 7
swap fz -3.4244 7 7
swap dg -3.4247 7 7
swap sv -3.4249 6 6
swap jz -3.4250 8 8
swap jr -3.4250 8 8
swap lu -3.4257 7 7
swap dr -3.4259 8 8
swap wx -3.4264 7 7
swap cs -3.4264 7 7
swap pw -3.4266 6 6
swap vx -3.4270 7 7
swap jt -3.4275 8 8
swap ab -3.4275 8 8
swap gq -3.4280 7 7
swap dj -3.4285 8 8
swap yz -3.4287 8 8
swap uw -3.4289 7 7
swap tx -3.4297 8 8
swap ry -3.4299 9 9
swap aw -3.4300 7 7
swap js -3.4303 7 7
swap ai -3.4304 9 9
swap jw -3.4307 7 7
swap bt -3.4314 8 8
swap my -3.4315 8 8
swap ou -3.4317 8 8
swap cy -3.4321 8 8
swap gs -3.4325 6 6
swap kz -3.4329 8 8
swap bn -3.4341 8 8
swap bi -3.4342 8 8
swap dm -3.4351 8 8
swap ad -3.4354 8 8
swap lr -3.4355 7 7
swap aj -3.4355 8 8
swap al -3.4363 7 7
swap au -3.4365 8 8
swap oq -3.4366 8 8
swap gw -3.4372 6 6
swap cq -3.4372 8 8
swap fw -3.4378 6 6
swap lz -3.4385 7 7
swap ex -3.4387 7 7
swap eq -3.4390 7 7
swap sx -3.4396 7 7
swap mt -3.4396 8 8
swap nx -3.4397 8 8
swap rx -3.4398 8 8
swap xy -3.4399 8 8
swap kv -3.4401 7 7
swap cx -3.4406 8 8
swap ht -3.4418 9 9
swap hm -3.4420 8 8
swap nz -3.4422 8 8
swap dk -3.4425 10 10
swap bv -3.4427 7 7
swap am -3.4429 8 8
swap ez -3.4430 7 7
swap du -3.4431 8 8
swap ar -3.4432 8 8
swap dt -3.4440 8 8
swap di -3.4447 8 8
swap jo -3.4449 8 8
swap ey -3.4461 7 7
swap hn -3.4470 8 8
swap fo -3.4472 7 7
swap qw -3.4474 7 7
swap gi -3.4482 7 7
swap dh -3.4484 8 8
swap dq -3.4490 8 8
swap qu -3.4496 9 9
swap dx -3.4508 8 8
swap qx -3.4514 8 8
swap fk -3.4514 7 7
swap ah -3.4515 8 8
swap ot -3.4517 8 8
swap tz -3.4519 8 8
swap dz -3.4526 8 8
swap hs -3.4527 7 7
swap gv -3.4538 6 6
swap bo -3.4540 8 8
swap gh -3.4545 7 7
swap io -3.4547 8 8
swap fx -3.4551 7 7
swap dw -3.4552 7 7
swap nr -3.4553 8 8
swap ch -3.4554 8 8
swap nq -3.4558 8 8
swap mn -3.4558 9 9
swap ef -3.4558 6 6
swap ay -3.4559 8 8
swap hx -3.4560 9 9
swap bg -3.4563 7 7
swap qr -3.4565 8 8
swap nw -3.4571 7 7
swap rt -3.4572 8 8
swap hz -3.4577 8 8
swap st -3.4583 7 7
swap at -3.4583 8 8
swap oy -3.4588 8 8
swap ew -3.4613 6 6
swap gp -3.4618 6 6
swap mu -3.4620 9 9
swap hw -3.4640 7 7
swap wz -3.4643 7 7
swap mo -3.4647 8 8
swap jp -3.4662 7 7
swap lt -3.4675 7 7
swap dy -3.4678 8 8
swap qz -3.4679 8 8
swap el -3.4688 6 6
swap ov -3.4694 7 7
swap gl -3.4696 6 6
swap km -3.4701 8 8
swap op -3.4710 7 7
swap do -3.4715 8 8
swap mx -3.4717 8 8
swap vz -3.4718 7 7
swap uy -3.4719 8 8
swap aq -3.4720 8 8
swap fq -3.4724 7 7
swap fm -3.4728 7 7
swap iq -3.4749 9 9
swap eh -3.4753 7 7
swap ku -3.4754 8 8
swap dp -3.4755 7 7
swap tv -3.4769 7 7
swap hl -3.4773 7 7
swap gu -3.4777 7 7
swap ty -3.4808 8 8
swap uv -3.4809 7 7
swap eu -3.4817 7 7
swap ru -3.4818 8 8
swap bq -3.4824 8 8
swap dn -3.4830 8 8
swap et -3.4831 7 7
swap ag -3.4838 7 7
swap pq -3.4840 7 7
swap oz -3.4840 8 8
swap ks -3.4841 7 7
swap ho -3.4843 8 8
swap ik -3.4850 8 8
swap hq -3.4852 8 8
swap pt -3.4855 7 7
swap mv -3.4857 7 7
swap kq -3.4861 8 8
swap tu -3.4868 8 8
swap gk -3.4879 7 7
swap ck -3.4879 8 8
swap gz -3.4886 7 7
swap kt -3.4896 8 8
swap jk -3.4900 8 8
swap ko -3.4905 8 8
swap lq -3.4910 7 7
swap qv -3.4920 7 7
swap kl -3.4940 7 7
swap ak -3.4955 8 8
swap mr -3.4961 8 8
swap qy -3.4980 8 8
swap fh -3.5000 7 7
swap ek -3.5045 7 7
swap go -3.5046 7 7
swap gx -3.5060 7 7
swap cg -3.5063 7 7
swap ky -3.5064 8 8
swap kw -3.5068 7 7
swap av -3.5072 7 7
swap gy -3.5075 7 7
swap ux -3.5084 8 8
swap cf -3.5107 7 7
swap kr -3.5115 8 8
swap kn -3.5132 8 8
swap gt -3.5152 7 7
swap kp -3.5156 7 7
swap ax -3.5323 8 8
swap kx -3.5381 8 8
swap hk -3.5391 8 8
swap eg -3.5436 6 6
swap bk -3.5730 8 8
