  control seed 1: S3 eclbjfrqgxszwvukdhioytnmap (uniform random of 26!), arith vig; key corpus kcorpus book held out
  proxy: order 4, 6654843 sum-stream n-grams from 3 pairings, 909 target windows; built in 6.5s
  start: sort-match S3 letters correct 2/26 exact, 4/26 under shift 6
  open beam (order 5, beam 500, per_open 20, per_map 10): joint ll/letter -3.440 in 26s; S3 lvnuajqohyfxrmdzsikwpegcbt; S3 letters correct 0/26 exact, 4/26 under shift 6
  rescore: lvnuajqohyfxrmdzsikwpegcbt proxy -3.4 -> msg1[:140] joint ll/letter -3.367
  decoder evaluation at anneal settings (order 5, beam 80, 140 letters): 1.80s each; proxy evaluation 26089.32 ms
  winner S3 letters correct 0/26 exact, 4/26 under shift 6
CONTROL seed 1: recovery 0.065 score -3.555 S3 correct [0, 4, 6] sort [2, 4, 6] 115s
uchteteichnichtaberdorfestgegenentgedenkenhansehrmannoderkanalsseidfoppschsjugen
ichmirnichtsvonderseelegeredetichkaminsphantasierenundmittendrinnegabichdiegesch
  control seed 1: S3 eclbjfrqgxszwvukdhioytnmap (uniform random of 26!), arith vig; key corpus kcorpus book held out
  proxy: order 4, 6654843 sum-stream n-grams from 3 pairings, 909 target windows; built in 5.9s
  start: sort-match S3 letters correct 2/26 exact, 4/26 under shift 6
  open beam (order 5, beam 2000, per_open 40, per_map 10): joint ll/letter -3.458 in 89s; S3 rpqomcxgasltydbinfwuezkhvj; S3 letters correct 0/26 exact, 3/26 under shift 10
  rescore: rpqomcxgasltydbinfwuezkhvj proxy -3.5 -> msg1[:140] joint ll/letter -3.253
  decoder evaluation at anneal settings (order 5, beam 80, 140 letters): 2.53s each; proxy evaluation 89035.18 ms
  winner S3 letters correct 0/26 exact, 3/26 under shift 10
CONTROL seed 1: recovery 0.069 score -3.550 S3 correct [0, 3, 10] sort [2, 4, 6] 173s
trugenblickteeinerschlimmergleichungvomperatinandiesemalendurchzueffierdetsitzer
ichmirnichtsvonderseelegeredetichkaminsphantasierenundmittendrinnegabichdiegesch
  control seed 1: S3 eclbjfrqgxszwvukdhioytnmap (uniform random of 26!), arith vig; key corpus kcorpus book held out
  proxy: order 4, 6654843 sum-stream n-grams from 3 pairings, 909 target windows; built in 6.3s
  start: sort-match S3 letters correct 2/26 exact, 4/26 under shift 6
  chain 1: proxy -11742.1 after 19678 evals (T0 10.51); S3 letters correct 1/26 exact, 5/26 under shift 15
  chain 2: proxy -11735.5 after 16730 evals (T0 10.74); S3 letters correct 2/26 exact, 3/26 under shift 17
  chain 3: proxy -11747.3 after 17169 evals (T0 12.43); S3 letters correct 1/26 exact, 3/26 under shift 5
  rescore: txfpisqghyevdlzocrwubjnmka proxy -11735.5 -> msg1[:140] joint ll/letter -3.508
  rescore: zyxlidwgtbpnjmkoshvafreuqc proxy -11742.1 -> msg1[:140] joint ll/letter -3.426
  rescore: qvxbiunwkpardgfectomlhjzsy proxy -11747.3 -> msg1[:140] joint ll/letter -3.439
  decoder evaluation at anneal settings (order 5, beam 80, 140 letters): 1.91s each; proxy evaluation 0.13 ms
  refine round 1: current -3.426, best proposal -3.443 (proxy); no improvement, stop
  refine: 1 rounds, msg1[:140] joint ll/letter -3.426 -> -3.426
  winner S3 letters correct 1/26 exact, 5/26 under shift 15
CONTROL seed 1: recovery 0.074 score -3.475 S3 correct [1, 5, 15] sort [2, 4, 6] 101s
nlosemachteinmaleinredendasistalsosolltediedenfrachtalsergesandteundaufdengrosse
ichmirnichtsvonderseelegeredetichkaminsphantasierenundmittendrinnegabichdiegesch
  control seed 2: S3 dczjkyepgrhwuaxiolqmnfvsbt (uniform random of 26!), arith vig; key corpus kcorpus book held out
  proxy: order 4, 6639816 sum-stream n-grams from 3 pairings, 909 target windows; built in 6.5s
  start: sort-match S3 letters correct 3/26 exact, 4/26 under shift 12
  chain 1: proxy -11666.3 after 14973 evals (T0 12.95); S3 letters correct 4/26 exact, 4/26 under shift 0
  chain 2: proxy -11653.5 after 19683 evals (T0 13.80); S3 letters correct 1/26 exact, 4/26 under shift 4
  chain 3: proxy -11649.5 after 21395 evals (T0 11.81); S3 letters correct 8/26 exact, 8/26 under shift 0
  rescore: koxbdjepgytwqcharliumfvszn proxy -11649.5 -> msg1[:140] joint ll/letter -3.340
  rescore: acbmfrsqlyxvdejztgwiokhnpu proxy -11653.5 -> msg1[:140] joint ll/letter -3.422
  rescore: qxjbksnpgytdvazorfhemlwciu proxy -11666.3 -> msg1[:140] joint ll/letter -3.491
  decoder evaluation at anneal settings (order 5, beam 80, 140 letters): 1.95s each; proxy evaluation 0.14 ms
  refine round 1: current -3.340, best proposal -3.365 (proxy); no improvement, stop
  refine: 1 rounds, msg1[:140] joint ll/letter -3.340 -> -3.340
  winner S3 letters correct 8/26 exact, 8/26 under shift 0
CONTROL seed 2: recovery 0.129 score -3.463 S3 correct [8, 8, 0] sort [3, 4, 12] 104s
usassauillonshobsichachdasverlangtenderenwirerleiterfusswasheergeratenundmehrric
lerzahlenderkruppelhatteinseinemlebenkaummehralsdreidutzendmenschenkennengelernt
