{
 "real": {
  "0": 0.6378,
  "50": 0.6403,
  "100": 0.6373,
  "150": 0.6488,
  "200": 0.6349,
  "250": 0.6667,
  "300": 0.6906,
  "350": 0.6808,
  "400": 0.6929,
  "450": 0.6921,
  "500": 0.6878,
  "550": 0.694,
  "600": 0.6906,
  "650": 0.6837,
  "700": 0.6831,
  "750": 0.6646,
  "800": 0.666,
  "850": 0.6577,
  "900": 0.6547,
  "950": 0.6463,
  "1000": 0.644,
  "1050": 0.6302,
  "1100": 0.5413,
  "1150": 0.5397,
  "1200": 0.5507,
  "1250": 0.5484,
  "1300": 0.5556,
  "1350": 0.5581,
  "1400": 0.5365,
  "1450": 0.5369,
  "1500": 0.5448,
  "1550": 0.5464,
  "1600": 0.5545,
  "1650": 0.5587,
  "1700": 0.5568,
  "1750": 0.5514,
  "1800": 0.5493,
  "1850": 0.5527,
  "1900": 0.5421,
  "1950": 0.5518,
  "2000": 0.5329
 },
 "shuf_max_per_offset": {
  "0": 0.527,
  "50": 0.5204,
  "100": 0.533,
  "150": 0.5286,
  "200": 0.5374,
  "250": 0.5362,
  "300": 0.5274,
  "350": 0.5274,
  "400": 0.5229,
  "450": 0.521,
  "500": 0.5239,
  "550": 0.5184,
  "600": 0.5253,
  "650": 0.5211,
  "700": 0.5208,
  "750": 0.514,
  "800": 0.5174,
  "850": 0.5217,
  "900": 0.5217,
  "950": 0.5257,
  "1000": 0.5167,
  "1050": 0.5337,
  "1100": 0.5151,
  "1150": 0.5166,
  "1200": 0.5454,
  "1250": 0.5412,
  "1300": 0.5414,
  "1350": 0.5414,
  "1400": 0.5427,
  "1450": 0.5225,
  "1500": 0.5237,
  "1550": 0.5214,
  "1600": 0.5322,
  "1650": 0.5335,
  "1700": 0.5335,
  "1750": 0.5178,
  "1800": 0.5176,
  "1850": 0.5157,
  "1900": 0.5165,
  "1950": 0.5173,
  "2000": 0.5299
 },
 "s_star": 550,
 "real_s_star": 0.694,
 "at_s_star": {
  "mean": 0.4276,
  "p95": 0.4953,
  "max": 0.5184,
  "rank": 1,
  "margin_max": 0.1756
 },
 "selection_fair": {
  "mean": 0.4466,
  "p95": 0.5134,
  "max": 0.5454,
  "rank": 1,
  "margin": 0.1486
 },
 "n_shuffles": 200,
 "seed": 20261009,
 "W": 2700,
 "n_seg": 1759,
 "gate": 0.03,
 "anchored": true
}
