ciphertext_5811.tsv: tokens 1542, C under key.tsv 616, regressions 0, changed 43, U 53 -> 23
05811_p1_L04	3	127	? U -> NULL C
05811_p1_L04	4	130	? U -> NULL C
05811_p1_L05	21	123	l M -> NULL M
05811_p1_L08	20	126	? U -> NULL C
05811_p1_L09	6	129	? U -> NULL C
05811_p1_L09	12	130	? U -> NULL M
05811_p1_L12	2	135	? U -> NULL C
05811_p1_L12	3	137	? U -> NULL C
05811_p1_L12	16	123	l M -> NULL M
05811_p1_L16	19	127	? U -> NULL C
05811_p1_L18	16	127	? U -> NULL M
05811_p1_L21	13	131	? U -> NULL M
05811_p1_L22	20	136	uingt M -> NULL M
05811_p1_L23	17	135	? U -> NULL C
05811_p1_L26	14	123	l M -> NULL M
05811_p1_L27	3	131	? U -> NULL C
05811_p2_L04	1	123	l M -> NULL M
05811_p2_L06	19	124	? U -> NULL C
05811_p2_L10	18	123	l M -> NULL M
05811_p2_L14	6	123	l M -> NULL M
05811_p2_L14	7	130	? U -> NULL C
05811_p5_L03	12	127	? U -> NULL M
05811_p5_L03	13	130	? U -> NULL M
05811_p5_L05	11	123	l M -> NULL M
05811_p5_L08	1	129	? U -> NULL M
05811_p5_L08	8	129	? U -> NULL M
05811_p5_L08	14	130	? U -> NULL M
05811_p5_L09	12	135	? U -> NULL M
05811_p5_L09	13	137	? U -> NULL M
05811_p5_L10	10	123	l M -> NULL M
05811_p5_L13	19	127	? U -> NULL M
05811_p5_L15	3	123	l M -> NULL M
05811_p5_L15	8	129	? U -> NULL M
05811_p5_L17	19	131	? U -> NULL M
05811_p5_L18	23	130	? U -> NULL M
05811_p5_L19	17	135	? U -> NULL M
05811_p5_L21	20	123	l M -> NULL M
05811_p5_L22	6	131	? U -> NULL M
05811_p5_L28	5	123	l M -> NULL M
05811_p5_L30	21	124	? U -> NULL M
05811_p5_L34	6	124	? U -> NULL M
05811_p5_L36	15	123	l M -> NULL M
05811_p5_L36	16	130	? U -> NULL M
