ciphertext_5810.tsv: tokens 3096, C under key.tsv 0, regressions 0, changed 203, U 222 -> 30
05810_p1_L09	6	126	? U -> NULL M
05810_p1_L11	14	124	? U -> NULL M
05810_p1_L11	15	130	? U -> NULL M
05810_p1_L11	20	130	? U -> NULL M
05810_p1_L12	1	127	? U -> NULL M
05810_p1_L12	13	129	? U -> NULL M
05810_p1_L13	1	124	? U -> NULL M
05810_p1_L13	13	130	? U -> NULL M
05810_p1_L14	15	134	? U -> NULL M
05810_p1_L15	2	129	? U -> NULL M
05810_p1_L16	6	127	? U -> NULL M
05810_p1_L18	7	131	? U -> NULL M
05810_p1_L18	11	134	? U -> NULL M
05810_p1_L19	16	136	uingt M -> NULL M
05810_p1_L20	10	127	? U -> NULL M
05810_p1_L20	11	124	? U -> NULL M
05810_p1_L20	12	133	? U -> NULL M
05810_p1_L21	12	137	? U -> NULL M
05810_p1_L22	20	127	? U -> NULL M
05810_p1_L25	16	133	? U -> NULL M
05810_p1_L25	17	126	? U -> NULL M
05810_p1_L25	22	144	? U -> NULL M
05810_p1_L27	10	131	? U -> NULL M
05810_p1_L30	8	124	? U -> NULL M
05810_p1_L30	13	133	? U -> NULL M
05810_p1_L31	17	128	? U -> NULL M
05810_p1_L32	1	128	? U -> NULL M
05810_p1_L33	3	133	? U -> NULL M
05810_p1_L35	14	133	? U -> NULL M
05810_p1_L35	22	129	? U -> NULL M
05810_p1_L35	23	131	? U -> NULL M
05810_p1_L36	17	137	? U -> NULL M
05810_p1_L37	17	138	? U -> NULL M
05810_p1_L37	18	127	? U -> NULL M
05810_p1_L38	19	138	? U -> NULL M
05810_p1_L39	11	133	? U -> NULL M
05810_p1_L40	18	127	? U -> NULL M
05810_p1_L40	19	223	? U -> harlem M
05810_p1_L41	11	127	? U -> NULL M
05810_p1_L41	18	127	? U -> NULL M
05810_p1_L42	8	143	? U -> NULL M
05810_p2_L03	8	124	? U -> NULL M
05810_p2_L03	14	134	? U -> NULL M
05810_p2_L04	2	127	? U -> NULL M
05810_p2_L04	6	129	? U -> NULL M
05810_p2_L05	1	129	? U -> NULL M
05810_p2_L06	10	127	? U -> NULL M
05810_p2_L08	1	130	? U -> NULL M
05810_p2_L08	2	124	? U -> NULL M
05810_p2_L08	19	136	uingt M -> NULL M
05810_p2_L08	20	129	? U -> NULL M
05810_p2_L08	21	134	? U -> NULL M
05810_p2_L11	7	127	? U -> NULL M
05810_p2_L11	8	131	? U -> NULL M
05810_p2_L11	16	137	? U -> NULL M
05810_p2_L12	16	124	? U -> NULL M
05810_p2_L12	23	223	? U -> harlem M
05810_p2_L13	1	128	? U -> NULL M
05810_p2_L15	4	128	? U -> NULL M
05810_p2_L15	5	143	? U -> NULL M
05810_p2_L17	19	128	? U -> NULL M
05810_p2_L19	2	127	? U -> NULL M
05810_p2_L20	12	127	? U -> NULL M
05810_p2_L20	13	144	? U -> NULL M
05810_p2_L21	1	131	? U -> NULL M
05810_p2_L23	5	129	? U -> NULL M
05810_p2_L24	9	134	? U -> NULL M
05810_p2_L25	2	128	? U -> NULL M
05810_p2_L25	11	131	? U -> NULL M
05810_p2_L26	9	136	uingt M -> NULL M
05810_p2_L27	23	131	? U -> NULL M
05810_p2_L28	12	127	? U -> NULL M
05810_p2_L29	7	138	? U -> NULL M
05810_p2_L31	7	131	? U -> NULL M
05810_p2_L32	6	128	? U -> NULL M
05810_p2_L32	7	134	? U -> NULL M
05810_p2_L34	9	124	? U -> NULL M
05810_p2_L36	8	128	? U -> NULL M
05810_p2_L36	9	129	? U -> NULL M
05810_p2_L36	19	124	? U -> NULL M
05810_p2_L37	6	138	? U -> NULL M
05810_p2_L38	11	129	? U -> NULL M
05810_p2_L38	12	134	? U -> NULL M
05810_p2_L38	22	128	? U -> NULL M
05810_p2_L40	16	143	? U -> NULL M
05810_p2_L41	9	129	? U -> NULL M
05810_p3_L06	1	126	? U -> NULL M
05810_p3_L06	2	127	? U -> NULL M
05810_p3_L06	3	134	? U -> NULL M
05810_p3_L07	2	128	? U -> NULL M
05810_p3_L08	1	127	? U -> NULL M
05810_p3_L08	10	129	? U -> NULL M
05810_p3_L10	1	131	? U -> NULL M
05810_p3_L10	22	129	? U -> NULL M
05810_p3_L11	10	123	l M -> NULL M
05810_p3_L11	16	131	? U -> NULL M
05810_p3_L12	1	124	? U -> NULL M
05810_p3_L13	8	128	? U -> NULL M
05810_p3_L14	23	126	? U -> NULL M
05810_p3_L15	20	127	? U -> NULL M
05810_p3_L18	7	133	? U -> NULL M
05810_p3_L18	18	138	? U -> NULL M
05810_p5_L08	2	138	? U -> NULL M
05810_p5_L08	4	126	? U -> NULL M
05810_p5_L10	19	124	? U -> NULL M
05810_p5_L10	20	130	? U -> NULL M
05810_p5_L11	2	136	uingt M -> NULL M
05810_p5_L11	3	127	? U -> NULL M
05810_p5_L11	15	129	? U -> NULL M
05810_p5_L12	4	124	? U -> NULL M
05810_p5_L12	16	130	? U -> NULL M
05810_p5_L13	16	134	? U -> NULL M
05810_p5_L14	1	129	? U -> NULL M
05810_p5_L15	2	127	? U -> NULL M
05810_p5_L16	20	131	? U -> NULL M
05810_p5_L17	2	134	? U -> NULL M
05810_p5_L18	3	136	uingt M -> NULL M
05810_p5_L18	19	127	? U -> NULL M
05810_p5_L18	20	124	? U -> NULL M
05810_p5_L18	21	133	? U -> NULL M
05810_p5_L19	22	137	? U -> NULL M
05810_p5_L21	9	127	? U -> NULL M
05810_p5_L23	21	133	? U -> NULL M
05810_p5_L23	22	126	? U -> NULL M
05810_p5_L24	5	144	? U -> NULL M
05810_p5_L25	9	131	? U -> NULL M
05810_p5_L28	7	124	? U -> NULL M
05810_p5_L28	12	133	? U -> NULL M
05810_p5_L29	18	128	? U -> NULL M
05810_p5_L31	1	137	? U -> NULL M
05810_p5_L33	12	129	? U -> NULL M
05810_p5_L33	13	133	? U -> NULL M
05810_p5_L33	21	129	? U -> NULL M
05810_p5_L33	22	131	? U -> NULL M
05810_p5_L34	17	137	? U -> NULL M
05810_p5_L35	18	136	uingt M -> NULL M
05810_p5_L35	19	127	? U -> NULL M
05810_p5_L36	22	135	? U -> NULL M
05810_p5_L38	1	137	? U -> NULL M
05810_p5_L38	23	127	? U -> NULL M
05810_p5_L39	1	223	? U -> harlem M
05810_p5_L39	16	127	? U -> NULL M
05810_p6_L01	1	127	? U -> NULL M
05810_p6_L01	12	143	? U -> NULL M
05810_p6_L04	19	124	? U -> NULL M
05810_p6_L05	3	134	? U -> NULL M
05810_p6_L05	12	127	? U -> NULL M
05810_p6_L05	16	129	? U -> NULL M
05810_p6_L06	16	143	? U -> NULL M
05810_p6_L06	17	129	? U -> NULL M
05810_p6_L08	6	127	? U -> NULL M
05810_p6_L09	11	136	uingt M -> NULL M
05810_p6_L09	12	124	? U -> NULL M
05810_p6_L10	17	136	uingt M -> NULL M
05810_p6_L10	18	129	? U -> NULL M
05810_p6_L10	19	134	? U -> NULL M
05810_p6_L13	11	127	? U -> NULL M
05810_p6_L13	12	131	? U -> NULL M
05810_p6_L14	2	137	? U -> NULL M
05810_p6_L15	1	124	? U -> NULL M
05810_p6_L15	8	223	? U -> harlem M
05810_p6_L15	9	126	? U -> NULL M
05810_p6_L18	1	126	? U -> NULL M
05810_p6_L18	2	143	? U -> NULL M
05810_p6_L20	10	128	? U -> NULL M
05810_p6_L21	9	127	? U -> NULL M
05810_p6_L22	22	127	? U -> NULL M
05810_p6_L22	23	144	? U -> NULL M
05810_p6_L23	5	131	? U -> NULL M
05810_p6_L25	12	129	? U -> NULL M
05810_p6_L26	15	126	? U -> NULL M
05810_p6_L28	13	131	? U -> NULL M
05810_p6_L29	1	127	? U -> NULL M
05810_p6_L30	3	138	? U -> NULL M
05810_p6_L31	21	126	? U -> NULL M
05810_p6_L31	22	134	? U -> NULL M
05810_p6_L33	1	124	? U -> NULL M
05810_p6_L34	21	126	? U -> NULL M
05810_p7_L01	1	129	? U -> NULL M
05810_p7_L01	12	124	? U -> NULL M
05810_p7_L02	4	136	uingt M -> NULL M
05810_p7_L03	8	129	? U -> NULL M
05810_p7_L03	9	134	? U -> NULL M
05810_p7_L05	19	143	? U -> NULL M
05810_p7_L06	15	130	? U -> NULL M
05810_p7_L06	16	129	? U -> NULL M
05810_p7_L12	2	126	? U -> NULL M
05810_p7_L12	3	127	? U -> NULL M
05810_p7_L12	4	134	? U -> NULL M
05810_p7_L13	20	128	? U -> NULL M
05810_p7_L14	22	127	? U -> NULL M
05810_p7_L15	9	129	? U -> NULL M
05810_p7_L17	1	131	? U -> NULL M
05810_p7_L17	22	129	? U -> NULL M
05810_p7_L18	10	123	l M -> NULL M
05810_p7_L18	17	131	? U -> NULL M
05810_p7_L18	19	124	? U -> NULL M
05810_p7_L20	5	128	? U -> NULL M
05810_p7_L21	16	126	? U -> NULL M
05810_p7_L22	10	131	? U -> NULL M
05810_p7_L22	13	127	? U -> NULL M
05810_p7_L24	17	133	? U -> NULL M
05810_p7_L25	5	135	? U -> NULL M
