KEY   N=247 noabyendonobedadenestaspartesquladeabermudadoestegouyernoconlaszyrenstanzyasqueaysesabranmexoresperoconansyalasqueybyeredelnorteydeytalyapuesesauandeocasyonarlasquepuedanocuryrzparayasseguradaddelaiorespondenzyasepondrasolamenteynsobrescrytoenesta
GLOSS N=246 noabyenloNobeadenestasPartesquePadeAbermudadoestegovyermolonLaszynenstanzyasqueayierabranMexorespenoconanryalasqueybyeredelKorteydayalyapueseeavAndaocasyonarlasquepuedanocurryrzparaymassegurydaddLajiorespondenzisepondraolamenteynpobErerenyoenesta
SENSE N=245 No abye[n]do nobe--[d]ad en estas partes qu[e](l)a de a[v]er muda(d)o e(s)tegouye(r)[n]o [c]on las zynen--stanzyas que ay sera bra--n mexores pe[r]o no con an(s)yalas que ybye(r)e del nor--te y de ytalya pues sar--an de oas yoaa las qu[e]puedan oc(u)rryrpara (m)a(s) se(g)u(r)(y)da(d) (d)ela [c]orespondenzya p[o]ndra solamente [e][n]sobre (s)cryto en esta

=== corpus es18 (CLI, verbatim) ===
$ judge_plaintext.py body/spec_body_es18.json --text <KEY>  (exit 1)
  ok   length: got=247, min=100, max=1000000000
  FAIL language: score=-1.137, null_p99=-1.749, real_p05=-0.957, real_median=-0.834, mode=both, N=247
  ok   words: cover=0.874, min=0.4, real_text_median_cover=0.947
  FAIL - na-schonenberg-1678-1716-body (a PASS is a gate for a verifier, not a reading; rule 10)
$ judge_plaintext.py body/spec_body_es18.json --text <GLOSS>  (exit 1)
  ok   length: got=246, min=100, max=1000000000
  FAIL language: score=-1.329, null_p99=-1.752, real_p05=-0.958, real_median=-0.834, mode=both, N=246
  ok   words: cover=0.846, min=0.4, real_text_median_cover=0.951
  FAIL - na-schonenberg-1678-1716-body (a PASS is a gate for a verifier, not a reading; rule 10)
$ judge_plaintext.py body/spec_body_es18.json --text <SENSE>  (exit 1)
  ok   length: got=245, min=100, max=1000000000
  FAIL language: score=-1.14, null_p99=-1.711, real_p05=-0.962, real_median=-0.833, mode=both, N=245
  ok   words: cover=0.857, min=0.4, real_text_median_cover=0.951
  FAIL - na-schonenberg-1678-1716-body (a PASS is a gate for a verifier, not a reading; rule 10)
es18: shuffled-null (letters of KEY) n=20 min=-2.081 max=-1.882 mean=-1.952 PASS 0 of 20 (null_p99=-1.749 real_p05=-0.957 at N=247)
es18: shuffled-target (group order within line, key.tsv) n=20 min=-2.114 max=-1.885 mean=-1.968 PASS 0 of 20 (null_p99=-1.749 real_p05=-0.957 at N=247)

=== corpus es18p (CLI, verbatim) ===
$ judge_plaintext.py body/spec_body_es18p.json --text <KEY>  (exit 1)
  ok   length: got=247, min=100, max=1000000000
  FAIL language: score=-1.166, null_p99=-1.726, real_p05=-0.959, real_median=-0.865, mode=both, N=247
  ok   words: cover=0.879, min=0.4, real_text_median_cover=0.931
  FAIL - na-schonenberg-1678-1716-body (a PASS is a gate for a verifier, not a reading; rule 10)
$ judge_plaintext.py body/spec_body_es18p.json --text <GLOSS>  (exit 1)
  ok   length: got=246, min=100, max=1000000000
  FAIL language: score=-1.321, null_p99=-1.713, real_p05=-0.968, real_median=-0.871, mode=both, N=246
  ok   words: cover=0.837, min=0.4, real_text_median_cover=0.931
  FAIL - na-schonenberg-1678-1716-body (a PASS is a gate for a verifier, not a reading; rule 10)
$ judge_plaintext.py body/spec_body_es18p.json --text <SENSE>  (exit 1)
  ok   length: got=245, min=100, max=1000000000
  FAIL language: score=-1.168, null_p99=-1.718, real_p05=-0.973, real_median=-0.867, mode=both, N=245
  ok   words: cover=0.853, min=0.4, real_text_median_cover=0.931
  FAIL - na-schonenberg-1678-1716-body (a PASS is a gate for a verifier, not a reading; rule 10)
es18p: shuffled-null (letters of KEY) n=20 min=-2.061 max=-1.852 mean=-1.943 PASS 0 of 20 (null_p99=-1.726 real_p05=-0.959 at N=247)
es18p: shuffled-target (group order within line, key.tsv) n=20 min=-2.103 max=-1.866 mean=-1.964 PASS 0 of 20 (null_p99=-1.726 real_p05=-0.959 at N=247)

=== corpus es17c7 (CLI, verbatim) ===
$ judge_plaintext.py body/spec_body_es17c7.json --text <KEY>  (exit 1)
  ok   length: got=247, min=100, max=1000000000
  FAIL language: score=-1.201, null_p99=-1.858, real_p05=-0.905, real_median=-0.793, mode=both, N=247
  ok   words: cover=0.879, min=0.4, real_text_median_cover=0.951
  FAIL - na-schonenberg-1678-1716-body (a PASS is a gate for a verifier, not a reading; rule 10)
$ judge_plaintext.py body/spec_body_es17c7.json --text <GLOSS>  (exit 1)
  ok   length: got=246, min=100, max=1000000000
  FAIL language: score=-1.337, null_p99=-1.877, real_p05=-0.895, real_median=-0.795, mode=both, N=246
  ok   words: cover=0.85, min=0.4, real_text_median_cover=0.951
  FAIL - na-schonenberg-1678-1716-body (a PASS is a gate for a verifier, not a reading; rule 10)
$ judge_plaintext.py body/spec_body_es17c7.json --text <SENSE>  (exit 1)
  ok   length: got=245, min=100, max=1000000000
  FAIL language: score=-1.204, null_p99=-1.894, real_p05=-0.922, real_median=-0.797, mode=both, N=245
  ok   words: cover=0.865, min=0.4, real_text_median_cover=0.955
  FAIL - na-schonenberg-1678-1716-body (a PASS is a gate for a verifier, not a reading; rule 10)
es17c7: shuffled-null (letters of KEY) n=20 min=-2.199 max=-1.971 mean=-2.093 PASS 0 of 20 (null_p99=-1.858 real_p05=-0.905 at N=247)
es17c7: shuffled-target (group order within line, key.tsv) n=20 min=-2.253 max=-1.945 mean=-2.102 PASS 0 of 20 (null_p99=-1.858 real_p05=-0.905 at N=247)

=== corpus es (CLI, verbatim) ===
$ judge_plaintext.py body/spec_body_es.json --text <KEY>  (exit 1)
  ok   length: got=247, min=100, max=1000000000
  FAIL language: score=-1.149, null_p99=-1.81, real_p05=-0.904, real_median=-0.81, mode=both, N=247
  ok   words: cover=0.87, min=0.4, real_text_median_cover=0.939
  FAIL - na-schonenberg-1678-1716-body (a PASS is a gate for a verifier, not a reading; rule 10)
$ judge_plaintext.py body/spec_body_es.json --text <GLOSS>  (exit 1)
  ok   length: got=246, min=100, max=1000000000
  FAIL language: score=-1.305, null_p99=-1.855, real_p05=-0.898, real_median=-0.818, mode=both, N=246
  ok   words: cover=0.805, min=0.4, real_text_median_cover=0.939
  FAIL - na-schonenberg-1678-1716-body (a PASS is a gate for a verifier, not a reading; rule 10)
$ judge_plaintext.py body/spec_body_es.json --text <SENSE>  (exit 1)
  ok   length: got=245, min=100, max=1000000000
  FAIL language: score=-1.153, null_p99=-1.832, real_p05=-0.894, real_median=-0.812, mode=both, N=245
  ok   words: cover=0.853, min=0.4, real_text_median_cover=0.939
  FAIL - na-schonenberg-1678-1716-body (a PASS is a gate for a verifier, not a reading; rule 10)
es: shuffled-null (letters of KEY) n=20 min=-2.118 max=-1.891 mean=-2.027 PASS 0 of 20 (null_p99=-1.810 real_p05=-0.904 at N=247)
es: shuffled-target (group order within line, key.tsv) n=20 min=-2.180 max=-1.957 mean=-2.055 PASS 0 of 20 (null_p99=-1.810 real_p05=-0.904 at N=247)

wrote body/judge_body_results.tsv
