be-api vol12 | "cattle herd" | ERROR HTTP Error 502: Bad Gateway
be-api vol12 | "unsuitable position" | 1
    have always considered Coggins point, an {{{unsuitable position}}} for the cattle herd it being liable to capture
be-api vol12 | "Small" | 1
    his force is so {{{small}}} that he must keep it in hand to meet attacks & have but {{{small}}} working parties—Movements
    We have but a single {{{small}}} regiment of cavalry here for scouting. Another {{{small}}} one has been out on the
    dark. He had Wilsons Division of Cavalry and a {{{small}}} Brigade of Infantry—I can not tell the loss, it
    down the valley to Martinsburg which I hold with a {{{small}}} force of cav. If they cross the Potomac they expose
    some loss but it was considered a matter of so {{{small}}} moment that it never was presented to me in the
be-api vol12 | "Morgan" | 1
    Army), 51n {{{Morgan}}}, James D. (U.S. Army), 426n {{{Morgan}}}, John H. (C.S. Army), 65, 131n {{{Morgan}}}, Michael R
    New York Public Library, New York, N.Y. Pierpont {{{Morgan}}} Library, New York, N.Y. University of Rochester
    Casualties, ‘—Mobile Aug 11th Nothing late from Fort {{{Morgan}}} The wires are broken—Gen For- rest drove the enemys
    night—Press dispatch—Heavy firing reported at Fort {{{Morgan}}} Tuesday Wednesday & today. The wire between the
    I think he can be spared from Hood’s Army. John {{{Morgan}}} I de net think has no command. If Wheeler does
be-api vol12 | "head of cattle" | 1
    except to harrass the enemy.—Twenty four hundred {{{head of cattle}}} were captured—The affair was evidently the
    city point Captured about (2000) two thousand {{{head of cattle}}} and one Telegraph construction party A cavalry
    report to me that they have collected 3000 {{{head of cattle}}} and sheep between Staunton and Mt Crawford
    Ashbys Gap. They brought back three hundred {{{head of cattle}}}, a lot of sheep and horses; burned all the
be-api vol12 | "Michael R" | ERROR HTTP Error 503: Service Unavailable
be-api vol12 | "lines are down" | 0
be-api vol12 | "1200 head" | ERROR HTTP Error 503: Service Unavailable
be-api vol12 | "Wilson" commissary | 1
    Books, James H. {{{Wilson}}}. O.R., I, xxxix, part 3, 64. Also on Oct. 4, Brig. Gen. James H. {{{Wilson}}}, Washington
    Edited by John Y. Simon ASSOCIATE EDITOR David L. {{{Wilson}}} EDITORIAL ASSISTANT Sue E. Dotson SOUTHERN ILLINOIS
    United States—Biography. I. Simon, John Y., ed. II. {{{Wilson}}}, David L. 1943-. III. Ulysses S. Grant Association
    Gen Ord has withdrawn the guard detail for the {{{Commissary}}} Depot at Cedar Level station Will you please
    found on the west bank. At the same time Genls {{{Wilson}}} and Mackintoshs brigade of Cavalry dashed up the
be-api vol12 | "cattle herd" | 1
    the enemy makes so rich a haw] as to get our {{{cattle herd}}} he will be likely to strike far to the south
    James—at the same time a dash was made on the {{{cattle herd}}} at Coggins Point & it is feared this herd & its
    Coggins point, an unsuitable position for the {{{cattle herd}}} it being liable to capture at any time by a coup-de-main
    enemy has terminated with the seizure of the {{{cattle herd}}} and that that there is supposed to be now no
    officer in charge of the SEPTEMBER 17, 1864 L7 1 {{{cattle herd}}} at the time of its capture, also the report of
be-api requests 5
