BE papersofulyssess0012gran Lizzie 0
BE papersofulyssess0012gran "only boat" 0
BE papersofulyssess0012gran "forty-eight hours" Babcock 0
BE papersofulyssess0012gran "48 hours" Fort Monroe 0
BE papersofulyssess0012gran "authority to take" 1
    in such manner as he deems proper and with {{{authority to take}}} such measures as he deems consistent with
BE papersofulyssess0012gran Craney Island 1
    5th. So rough here we had to send boats off {{{Craney Island}}} to transfer All the boats with artillery horses
    28n, 41n, 237n, 440 Craig’s Creek (Va.), 3137 {{{Craney Island}}}, Va., 378n Crater, battle of the: missed oppor-
BE papersofulyssess0012gran "yellow fever" New Berne 0
BE papersofulyssess0012gran Beckwith Babcock 1
    194 and n; identified, 198n {{{Babcock}}}, John C. (U.S. War Dept.), 107n {{{Babcock}}}, Orville E. (staff officer
    This in- formation is to the 3d inst. and Mr. {{{Babcock}}}, who has charge of scouts, thinks it reliable’
    inspect in Arkansas. If not, I will detail Lt Col {{{Babcock}}} and se[nd] him.” Telegram received, DNA, RG 94
    think another should be sent, & cannot spare Col {{{Babcock}}}, I would recommend Smith.” ALS (telegram sent)
    Letters Received. On Sept. 23, Lt. Col. Orville E. {{{Babcock}}} had written to Brig. Gen. Richard Delafield, chief
BE papersofulyssess0010gran Eckert Sheldon 1
    Secretary-Treasurer DIRECTORS William K. Alderfer E. B. Long {{{Sheldon}}} S. Cohen Ralph E. McCoy Charles G. Ellington Ralph
    xxxvi, part 2, 812-13. 1. On May 14, Maj. Thomas T. {{{Eckert}}}, U.S. Military Telegraph, tele- graphed to USG
    communication of Sep’t 12. 1863, from Col. L. A {{{Sheldon}}} commd’g 42d Reg’t Ohio Volunteers, and by you forwarded
    (U.S. Army): tele- gram to, Sept. 10, 1864, 2687 {{{Eckert}}}, Thomas T. (U.S. Army), 455n Eddy, Asher R. (U
    H. (N.Y. Vols.), 438n Shelbyville, Tenn., 106n {{{Sheldon}}}, Lionel A. (Ohio Vols.), 543 Shenandoah River (Va
BE papersofulyssess0010gran "cut poles" 0
BE papersofulyssess0010gran Gloucester telegraph line 1
     I have directed those troops to assemble at {{{Gloucester}}} Point, opposite Yorktown under the immediate
    name of a camp of Instruction at Yorktown and {{{Gloucester}}} Point. My belief is from information I receive
    “Telegraph Operator Washington D.C” “Is the {{{telegraph line}}} working to Nashville” Copy, DNA, RG 94, War
    Otto Merfield, Co. G, 16th N. Y. Heavy Art., {{{Gloucester}}} Point, Va., to USG offering to provide his secret
    362n Glassford, Henry A. (U.S. Navy), 529-30 {{{Gloucester}}} Point, Va., 329n, 330n, 561 Goddard, Ala., 539
BE requests 11
GB E280 "Newport Barracks" "yellow fever" Waterhouse telegraph total 1
    The Military Telegraph During the Civil War in the United States | 2025-07-09 | PARTIAL | ... <b>yellow fever</b> broke out in the district , and three of the operators were stricken , poor Mc- Gaughey first . Herman Frank <b>Waterhouse</b> was convalescing in the hospital at <b>Newport Barracks</b> , where he had suffered from 
GB ('E280', 'Vanderhoef "yellow fever" Newbern 1864') ERR HTTP Error 503: Service Unavailable
GB E280 Vanderhoef "yellow fever" Newbern 1864 total 1
    Letters from a North Carolina Unionist | 2001 | NO_PAGES | ... <b>Vanderhoef</b> , T. H. , 155 , 156n , 165 Van Dorn , Earl , 44n , 108 , 109 ... <b>1864</b> expedition against , 240 , 244-245 , 245n - 246n , 247 ; 1865 ... <b>Yellow fever</b> : in Beaufort , xxi , 51n , 209 , 228 , 229 , 230 , 231
GB E280 "close the offices" Gilmore telegraph Newbern total 42
    Pettingill & Co.'s Newspaper Directory | 1899 | ALL_PAGES | ... <b>Telegraph</b> . First Nat . Bank . The Duncan Hotel . American - Morning ; Dem ... <b>offices</b> in the state . Press - Friday ; Dem ; Est . &#39;95 ; 4p 17 × 24 ; Sub ... <b>NEWBERN</b> , 1236 ; Dyer , 19878 ; 10m NE of Dyers- burg
    The Telegrapher | 1865 | ALL_PAGES | ... <b>Telegraph</b> , is now freight and ticket agent of the C. and Z. Railroad at Wilmington , O. H. A. Snow has resigned his position as military cipher operator at <b>Newbern</b> , N. C. , and is now in Elyria , O. Brevet Lieut . - Colo
    The Friend | 1864 | ALL_PAGES | ... <b>telegraph</b> cable between Ireland and of a good average yield per acre , in addition to sugar Newfoundland . The ... <b>Newbern</b> letter says , that great great European Powers in the establishment of a stable numbers of vessels 
    Official Gazette of the United States Patent Office | 1938-10 | ALL_PAGES | ... <b>telegraph</b> system and apparatus . 2,131,741 ; Oct. 4 . Oct. 4 . Kleinschmidt , Edward F. ( See Kleinschmidt , Edward ... <b>Gilmore</b> , Gordon M. , assignor . ) Loucks , George C. , and J. R. H. Ward , Milwaukee , Wis . Embossin
    Official Gazette of the United States Patent and Trademark Office | 1938-10 | ALL_PAGES | ... <b>telegraph</b> system and apparatus . 2,131,741 ; Oct. 4 . Kleinschmidt , Edward F. ( See Kleinschmidt , Edward E. and ... <b>Gilmore</b> , Gordon M. , assignor . ) Loucks , George C. , and J. R. H. Ward , Milwaukee , Wis . Embossing 
    Specifications and Drawings of Patents Issued from the United States Patent Offi | 1909 | ALL_PAGES | ... <b>Telegraph</b> Company . ( See Milliken and Cole , assignors . ) Gardner , A. E. , Canaan , N. H. Apparatus for storing ... <b>Newbern</b> , N. C. Sash - holder . No. 904,419 ; Nov. 17 ; Sp . p . 3853 ; Gaz . vol . 137 ; p . 685 . Gat
    North Carolina Weather During the Year ... | 1895 | ALL_PAGES | ... <b>office</b> at Raleigh , N. C. , any cases where the forecasts or warnings bave ... <b>TELEGRAPH</b> . 1. The Postmaster , Asheville . 30. Hackburn &amp; Willett , <b>Newbern</b> ... <b>Gilmore</b> , Jacksonville , N. C. 48. F. A. Lus
    Annual Report of the Meteorological Division of the N.C. Agricultural Experiment | 1895 | ALL_PAGES | ... <b>TELEGRAPH</b> OR MAIL . * A. - STATIONS RECEIVING FORECASTS , COLD WAVE AND ... <b>Newbern</b> . 31. J. H. Collins , Nashville . 32. E. P. Shrum , Newton . 33 ... <b>Gilmore</b> , Jacksonville , N. C. 48. F. A. Lusk , Sr. , Sylva . 2
GB E281 Bickford "Port Royal" "West Point" telegraph 1864 Eckert total 0
GB E281 "cut poles" Gloucester "West Point" telegraph total 236
    Timber and Wood-working Machinery | 1904 | NO_PAGES | ... <b>Telegraph Poles</b> . - Tenders will be received until noon on Sept. 26th ( a ) ... <b>West</b> Hartlepool , Hull , Grimsby , Leven ( Fifeshire ) , Swansea , Cardiff ... <b>Gloucester</b> , August 12th , 1004 . [ Our representative t
    Industrial Engineering | 1888 | ALL_PAGES | ... <b>point</b> . With the same armature and same winding as employed with the cast ... <b>cut</b> . The magnet cores and <b>pole</b> pieces are all wrought iron , and there is ... <b>Gloucester&#39;s</b> Street Lamps - Policemen Mistake E
    The War of the Rebellion | 1889 | ALL_PAGES | ... <b>West Point</b> altogether , it hav- ing been visited by several of our officers and found deserted , and have probably withdrawn most of their forces from Yorktown and. <b>Gloucester</b> ... <b>cutting</b> off your communication , by
    Electricity | 1901 | NO_PAGES | ... <b>Telegraph</b> &amp; Telephone Com- pany , which is now controlled by the Bell ... <b>poles</b> lessened to one - third the number now in use . The company&#39;s engineer ... <b>west</b> fork of the San Gabriel River , a distance of f
    Miscellaneous Documents | 1885 | ALL_PAGES | ... <b>West</b> Medford , and W. E. Reed , Boston , Mass . Wood - exhibiting card .... 299,052 May 20 1372 391 27 800 Brooks ... <b>Gloucester</b> , Mass . Treating the waste of salt fish 299.515 June 3 14 5 27 924 Brooks , Samuel H. , East
    Annual Report of the Commissioner of Patents to the Secretary of Commerce for th | 1885 | ALL_PAGES | ... <b>West</b> Medford , and W. E. Reed , Boston , Mass . Wood - exhibiting card .... 299,052 May 20 1372 391 27 800 Brooks ... <b>Gloucester</b> , Mass . Treating the waste of salt fish 299,515 June 3 14 5 27 924 Brooks , Sanitel H .. Eas
    Western Electrician | 1908 | NO_PAGES | ... <b>Gloucester</b> , acting in conjunction with Mr. R. Bom- ford of Salford Priors ... <b>poles</b> , something like low <b>telegraph</b> wires , but high enough for loaded ... <b>point</b> about nine miles away , on the Walden extension
    The War of the rebellion: a compilation of the official records of the Union and | 1889 | ALL_PAGES | 
GB E283 "White Shoal" "Point of Shoals" Porter 1864 total 3
    Official Records of the Union and Confederate Navies in the War of the Rebellion | 1900 | ALL_PAGES | ... <b>1864</b> . SIR : I have to report that I visited all the vessels in James River , in obedience to your order by ... <b>White Shoal</b> light - house and <b>Point of Shoals</b> , as you had directed in a former telegram , but returned
    Official Records of the Union and Confederate Navies in the War of the Rebellion | 1900 | ALL_PAGES | ... <b>1864</b> . SIR : I have to report that I visited all the vessels in James River , in obedience to your order by ... <b>White Shoal</b> light - house and <b>Point of Shoals</b> , as you had directed in a former telegram , but returned
    Official records of the Union and Confederate navies in the war of the Rebellion | 1900 | ALL_PAGES | ... <b>1864</b> . SIR : I have to report that I visited all the vessels in James River ... <b>White Shoal</b> light - house and <b>Point of Shoals</b> , as you had directed in a ... <b>PORTER</b> , * WM . A. PARKER , Commanding Fifth Divisi
GB E283 "hold the persons in them as prisoners" total 334
    House of Commons - Justice Committee: Older Prisoners - HC 89 | 2013-09-12 | PARTIAL | ... <b>people</b> . If we are treating <b>them</b> we can put on a medical <b>hold</b> , as <b>it</b> is called . That is quite often effective at getting the <b>prison</b> to <b>keep</b> somebody who is going ... <b>prisoners</b> 27 &quot;
    Rehabilitation of Prisoners | 2005 | PARTIAL | ... <b>prisons</b> are local <b>prisons</b> sending <b>people</b> out to the south - east , out to the Isle of Sheppey , up into East Anglia , down onto the Isle of Wight . That is where the <b>prisoners</b> go . To produce community <b>pri
    Report of Robert T. Devlin, President of the State Board of Prison Directors of  | 1890 | ALL_PAGES | ... <b>hold</b> conversation with each other , nor with the contractors or their ... <b>prisoners</b> to speak to <b>them</b> upon any subject not immediately connected with ... <b>persons</b> and clothing , and in their working and sleepin
    The Statute Law of the State of New York | 1881 | ALL_PAGES | 
    Think Like a Terrorist to Combat Terrorism and Radicalization in Prison | 2022-07-20 | PARTIAL | ... <b>individuals</b> might help <b>them</b> form a less dissident identity. Some of this work should be undertaken by counseling and chaplaincy staff. Before discussing terrorist-extremist <b>inmates</b>, <b>it</b> is important to define 
    Prisoners' Self-Help Litigation Manual | 2010-08-30 | PARTIAL | ... <b>those</b> needs violates the Eighth Amendment ? ” ) ; Brooks v . Berg , 270 F. Supp . 2d 302 , 310 ( N.D.N.Y. ) ( <b>holding persons</b> with GID entitled to some form of treatment determined by medical professionals and not by <b>pr
    Special and Local Laws Affecting Public Interests in the City of New York | 1880 | ALL_PAGES | ... <b>persons</b> committed thereto by the mayor , recorder and aldermen of the said city , or the special justices for preserving the peace in the said city , for the time being , or any two of <b>them</b> ; and the said penitentiary shal
    Country Reports on Human Rights Practices | 1998 | ALL_PAGES | ... <b>Those</b> convicted have the right to appeal . The Government continued to <b>hold persons</b> for the peaceful expression of dissent- ing religious or political views . For example , Nguyen Van Thuan and Le Duc Vuoug continued to se
GB ('E284', '"Lizzie Baker" Babcock 1864') ERR HTTP Error 503: Service Unavailable
GB ('E284', '"Lizzie Baker" Babcock 1864') ERR HTTP Error 503: Service Unavailable
GB failed twice: host stopped
GB requests 10
