volumes searched: militarytelegraph01plumrich, militarytelegraph02plumrich, lincolnintelegra00bates, warofrebellion363unit, warofrebellion402unit
E305 5740/0 | impossible to save all the wire | none
E305 5740/0 | as many pieces as possible | none
E305 5740/0 | with axes or otherwise | none
E305 5740/0 | cable at West Point | none
E305 5740/0 | line from there to Gloucester | none
E305 5740/0 | no trouble from guerrillas | none
E305 5740/0 | no trouble from guerillas | none
E305 5740/0 | shorter and more direct route | none
E305 5740/0 | save what he can | none
E305 5740/0 | join the force at Jamestown | none
E305 5740/0 | getting cable | none
E305 5740/0 | between White House and West Point | none
E305 5740/0 | between White House and Wilson | none
E305 5740/0 | act upon your own judgment | militarytelegraph02plumrich[1]
E306 5744/1 | only protect line from City Point | none
E306 5744/1 | City Point to Fort Powhatan | none
E306 5744/1 | Perkins and party | none
E306 5744/1 | closing out | none
E306 5744/1 | Abercrombie wishes | none
E306 5744/1 | office kept open | none
E306 5744/1 | come out right | none
E306 5744/1 | circumstances will allow | warofrebellion363unit[1]
E306 5744/1 | cable about one mile | none
E306 5744/1 | headquarters are removed | none
E306 5744/1 | unable to find them | warofrebellion363unit[1]
E306 5744/1 | report to OBrien | none
E306 5744/1 | report to O'Brien | none
E306 5744/1 | two operators | militarytelegraph01plumrich[4],militarytelegraph02plumrich[1]
KWIC Bickford militarytelegraph01plumrich n=7
   ::  same train for the pleasure of the trip, and to open new offices. William Mcintosh, who had just completed the line over this route, went also. Operator F. T. Bickford was well out on the line, but somehow joined the party. On the val- ley wire, Henry C. Buell, William C. Hall and C. H. Louns- berry operated at Strasburg, probably, however, one of the latter two had been relie
   :: . Kenley was no match for his antagonist, and seven hundred Federals were captured. The telegraphers were in a trap, but they still aimed at Manassas Junction. Bickford thought his chances better alone, so he took his own way. Trav- eling near a mile further, the rest saw Jackson's men, just ahead of them, tearing up the road and destroying the telegraph ; so the telegraphers f
   :: nd them. Winchester was now their dernier ressort ; so, striking out that way, they had pushed on some five or six miles and began to feel easier and wonder if Bickford, who had betaken CIVIL WAR IN THE UNITED STATES. 159 himself to the fields, did not wish he was with them, when, lo ! Ashby and Flournoy's cavalry and artillery came thundering down the road — the Confederates e
   :: fence along the roadside, where they lay exceeding close as the cavalry went tearing by. Nothing daunted, the boys now started for the Shenandoah, wondering if Bickford had not, after all, judged wiser than they. Night set in, and with it darkness. They were strangers in a strange, inhospitable land. They knew not which way to turn, so they followed their noses. A man who takes
   :: ng to eat. This done, they were taken to Front Koyal — to the Federals — but the Federals were Kenley's captured men. Next day they were marched to Winchester. Bickford had done better. Being but one, he eluded the enemy and reached Winchester in safety. When he realized his escape, he was being congratulated in the Harpers Ferry office by operators G. T. Lawrence and J. D. Tyl
   :: ir fire, he reached the street safely, but was in the very jaws of the Confederate cavalry, having only time to destroy his instrument on the stone pave- ment. Bickford had reported and volunteered to help, but Drummond, knowing his time was short, persuaded Bickford to leave. Drummond was reported by the press as killed, a soldier having stated that he saw him fall. Banks' arm
KWIC Sheldon militarytelegraph01plumrich n=5
   :: ; Captain John C. VanDuzer, Department of the Cumberland, October 27, 1862 ; Captain William L. Gross, Department of Ohio, October 27, 1862 ; Captain Lemuel F. Sheldon, Depart- ment of the South, October 31, 1863 ; Captain James R. Gil- more, Department of the South, November 3, 1864. These were all assigned to service as assistant quartermasters. Captain Stager, in anticipatio
   :: . Fonda, J. La Bonte, C. H. Lithgow, E. N. Eobinson, O. H. Booth, C. L. Snyder, F. A. Stumm and G. D. Wilkinson. At Fort Monroe were the O'Briens and George D. Sheldon; Cherrystone, G. W. Baldwin; Drummondstown, Del- aware, P. H. Nunan; Salisbury, S. E. Magonigle (June); Lewes, John Wintrup to June, and E. Power, Jr. ; Harrington, C. M. Eoberts; St. Georges, H. P. Eoyce; Wilmin
   :: H. Curtiss, M. H. Kerner, J. S. Keith, Isaiah D. Maize, W. H. Nash, C. Wolf, P. A. Stid- ham, Charles J. Thomas, R. A. Furr, M. Gordon, E. Rosewater, George D. Sheldon, L. B. Dennis, W. T. Lindley, Thomas M. Sampson, James W. Vermillion, W. H. H. Lancaster, C. D. TuU, G. K. Smith, N. De Bree and F. M. Ingram. 170 THE MILITARY TELEGRAPH DURING THE CHAPTER VII. THE TELEGRAPH IN T
   :: h any force com- petent to prevail against him. All of Gardner's telegrams were captured at Port Hudson subsequently. The last two, preserved by operator W. A. Sheldon, of the Gulf department, are signifi- cant. They are as follows: Gardner to Pemberton, "Grierson has arrived at Baton Rouge. How did he get through ? " Pem- berton to Gardner: "I don't know, do you?" General John
   :: . Wilbur F. Holloway was operator at Peck's head- quarters, the O'Brien brothers, at Norfolk, C. K. Hambright, at Newport News, and J. R. Gilmore and George D. Sheldon, at Fort Monroe. Longstreet attempted to carry the defenses by assault, but the telegraph brought gunboats to Peck's aid and the enemy was repulsed with considerable loss, when Long- street's force proper, rejoin
KWIC Perkins militarytelegraph01plumrich n=0
KWIC Abercrombie militarytelegraph01plumrich n=0
KWIC Gloucester militarytelegraph01plumrich n=0
KWIC Wilson militarytelegraph01plumrich n=46
   :: cerned. ILLUSTRATIONS OF VOLUME I. PORTRAITS. Page. Gen. Anson Stager, ...-.- frontispiece Andrew Carnegie, --------66 David Strouse, ----•-•- 80 Col. J. J. S. Wilson, 118 Col. William G. Fuller, .-..-- 263 Col. John C. VanDuzer, - - • • - - 304 Col. Robert C. Clowry, -. - • - - • 347 MISCELLANEOUS. Confederate Telegraph Cryptographic Key, - - - 38 Confederate Mail Cryptographi
   :: rgely by the use of this cipher, which is so short that we print it in full, precisely as found on the back of a small business card, on which Colonel J. J. S. Wilson carried it. The words in the first column indicated the number of lines in the message, and preceded all others in the telegrams as transmitted. Those in the second column are check words, one of which was thrown 
   :: han one hundred thousand men were prepar- ing to enter .the Union armies, an^AHb^be day of its issue, ^ OP THB*^ 64 THE MILITARY TELEGRAPH DURING THE Senator's Wilson's telegram to Governor Andrew, of Massachu- setts, for twenty companies was so promptly met that four regiments, in various parts of the State, being directed to muster forthwith on Boston Common, were there, some
   ::  ; C. H. Lounsberry at the Capitol building. At the arsenal, Richard O'Brien ; War Department, D. Homer Bates, T. H. Fonda, Thomas Flesher, Jr., and William B. Wilson; Navy Yard, D. B. Lathrop, John B. Parsons and Thomas S. Johnson; Alexandria, J. R. Gilmore, M. V. B. Buell, and C. W. Jacques ; Arlington House (this latter was the head - quarters of General Sanford, commanding 
   :: d failed and there was no longer any need for the office at the Court House, it was at 1; 20 a.m., of July 22, closed. CIVIL WAR IN THE UNITED STATES. 17 W. B. Wilson, operating the War Department at this time, describes the scenes there on that memorable (21st) Sunday as follows: " In the telegraph office at the War Department, through- out Sunday, July 21, 1861, were congrega
   :: clock on Sunday evening, and will be buried at eleven o'clock to-morrow (Tuesday) morning. Peace to his ashes. (Signed) James R. Gilmore, D. Homer Bates, W. B. Wilson. We left the army under General Patterson at Charlestown, in the Shenandoah Valley, off the line of telegraphic communi- cation. On learning of the disaster at Manassas, he retired to Harper's Ferry, where he was,
KWIC Powhatan militarytelegraph01plumrich n=0
KWIC Jamestown militarytelegraph01plumrich n=10
   :: ch other for some time, when the " Monitor " drew oflf towards the fort. We feared she had received serious injury. The " Mer- rimac," with her consorts, the " Jamestown " and " Yorktown " (or " Patrick Henry "), which had thus far kept at a respectful dis- tance, now started towards the " Minnesota," which we felt sure was doomed. They changed their course, however, for some u
   :: tless the citizen in the church escaped. The camp party Avas released at Murfeesboro, Tennessee. No further mishap occurred during the building of this line to Jamestown (February 10), on the Cumberland (seventy-five miles from Lebanon), where Colonel — afterward General, and then Governor — Bramlette was in com- mand, except that Fuller's party was shot at several times by gue
   :: ich he was legally unqualified to, impart- ed the mysteries of the Government cipher. John A. Cassell, another beardless youth, was located at Camp Green, near Jamestown. In March, 1862, Bramlette, the commander, was ordered to move his force to Pittsburg Land- ing. In consequence, many country women came into camp to bid their relations and friends farewell. These people were 
   :: ed his operations, re- marked, " What can't these Yankees do ! One of 'em was here and walked up and down the trees like a devil. " Cassell moved his office to Jamestown, where, wholly unpro- tected and thirty miles from any Federal troops, he continued to telegraph. Guerrillas raided the town several times, but the Lucas people, with whom he boarded, although Secessionists, su
   :: r. Many a line was built, however, where an army could not pass. From Stanford to Cumberland Gap is one hundred and fourteen miles. This, with the Somerset and Jamestown lines, made, exclusive of say seventy-five miles of telegraph built in the region of the Gap, two hundred and forty-five miles of line erected in the first six months of 1862, in a country beset with armed and 
   :: ITARY TELEGRAPH DURING THE We have shown that at the conclusion of the seven days' fight- ing, McClellan encamped about Harrison's Landing, seventy miles above Jamestown Island. It was not deemed practicable to maintain a telegraph line from Yorktown to the army, and therefore one was built from Yorktown to Jamestown Island, eight miles, and from thence telegrams were sent up t
KWIC Gaughey militarytelegraph01plumrich n=0
KWIC Bickford militarytelegraph02plumrich n=6
   ::  Howard, S. H. Edwards with Hancock, and A. H. Bliss, R. H. Ryan, T. H. Fonda, H. W. Cowan, J. D. Tinney, J. H. Glazier, R. F. Weitbrecht, L. A. Rose and F. T. Bickford either accompanied corps head-quarters or reached their respect- ive stations via Washington and Poolesville in apt time. David E. Rand, who had served with his cavalry regiment since Octo- ber, 1861, and partic
   :: and several wounded. The following operated at these several offices : at Port Tobacco, C. Weber; across from Maryland Point, D. E. Rand; at Belle Plain, F. T. Bickford; at White House, Clinton S. Barrett and later D. E. CIVIL WAR IN THE UNITED STATES. 137 Rand and Bickford; at White Plains, W. K. Applebaugh, assisted doubtless by some others. Cowen, J. E. Bliss and Rand worked
   :: rom Maryland Point, D. E. Rand; at Belle Plain, F. T. Bickford; at White House, Clinton S. Barrett and later D. E. CIVIL WAR IN THE UNITED STATES. 137 Rand and Bickford; at White Plains, W. K. Applebaugh, assisted doubtless by some others. Cowen, J. E. Bliss and Rand worked the White House office during its busiest days. Applebaugh, detailed from the Sixteenth Pennsylvania cava
   :: undred, were Richard O'Brien, J. H. Nichols and Maynard Huyck; at General Grant's, City Point, C. H. Beckwith, cipher operator, J. D. Tinney, manager and F. T. Bickford and George Henderson, assistants. Telegrams for tl\e North from these points were relayed at City Point, which was in direct communication with Washington via Fort Powhatan, Jamestown Island, Yorktown, Fort Monr
   ::  Benner, F. Benner, R. M. Bennett, W. R. Besanson, Chas. W. Benson, F. N. Bentley, Jas. N. Benton. H. W. Berry. C. Berry, D. T. Berry, H. B Berryhill, Thns. B. Bickford, F T. Biggert, W. L. Bigger, Samuel S. Bishop, H. H. Blackburn, Robert. Blades, L. J. Blair, J. Blawcan, G. BliesUne, G. W. Blish, Jr., Joseph. Bliss. A. H. Bliss. J. E. Bliven. C. E. Bliven, R. H. Bodell, Wm. J
   :: enton, H. W., I. 69, 70, 76. Berry, Curley. II. 149. Berry, D.T., 11,242.275. Berryhill, T. R., I, 253, 349. Bertrand, G. P., II, 341. Besanson. O. W.. 1. 208. Bickford. F. T.. I, 217 . IL 12 114, 136, 260 ; narrow escape of. I. 158 Big Bethel, defeat of Federals, I, 72. Biggert, W. L., I, 288. B.shop. H. H., IL 315. Black. J. H.. L 336. Blades. L. J.. II. 315. Blair. J.. II, 3
KWIC Sheldon militarytelegraph02plumrich n=32
   :: n preparation for a third one, that early in September, 1863, the works were occu- pied, unopposed ; the enemy having evacuated the night previ- ous. Lemuel F. Sheldon and his brother George D. entered the United States telegraph service about the same time (early in 1862), the former at Fortress Monroe, and the latter at Wheeling, W. Va., afterwards at Martinsburg and General 
   :: t Superintendent in the East, and was himself superseded by Captain Stager. After about three months employment at the Fortress, Gilmore concluded to accompany Sheldon to his new field of labor — the scenes of his brother, the General's splendid military operations. Sheldon and Gilmore laid a cable across Calibogue Sound (eight miles), from the south end of Hilton Head Island t
   :: ment at the Fortress, Gilmore concluded to accompany Sheldon to his new field of labor — the scenes of his brother, the General's splendid military operations. Sheldon and Gilmore laid a cable across Calibogue Sound (eight miles), from the south end of Hilton Head Island to Tybee, near the Martello Tower ; from Tybee across Lazaretto Creek to Cockspur Island, establishing an of
   ::  DURING THE taking. The Commanding General had considered the matter some time, and as Forster was anxious to undertake the risk, he was sent, although Captain Sheldon refused to order him to go. Forster succeeded in tapping the wire a little west of Pocotaligo. On this errand he was led by runaway jiegroes, who were famil- iar with the country, and it is probable that he reach
   :: ock. Thus were the troops and forts united by lines of telegraph. Among the many projects for blowing up Sumter was one which occupied the attention of Captain Sheldon and operator A. G. Safford. While General Foster was in command (July, 1864), he asked Sheldon if he could explode powder by electri- city through submerged wires, and if so, to arrange to blow up Sumter. Sheldon
   :: lowing up Sumter was one which occupied the attention of Captain Sheldon and operator A. G. Safford. While General Foster was in command (July, 1864), he asked Sheldon if he could explode powder by electri- city through submerged wires, and if so, to arrange to blow up Sumter. Sheldon possessed some field cable, turned over by the Signal Corps, which he tested, and reported tha
KWIC Perkins militarytelegraph02plumrich n=0
KWIC Abercrombie militarytelegraph02plumrich n=1
   :: d Chantilly, and was captured near Philmont Virginia, and sent to Libby, being exchanged, was detailed in June and ordered to relieve operator Bliss at General Abercrombie's head-quarters at Centreville. While there, the northward movement of the army caught him and he, by direction, joined General John Newton's division of the Sec- ond Army Corps, followed it to Poolesville an
KWIC Gloucester militarytelegraph02plumrich n=5
   :: Beckwith, whose duties consisted chiefly of cipher work for General Grant. Co-operating with the Army of the Potomac, were General Butler's forces, at and near Gloucester Point, Va. , about thirty thousand men ; General Sigel's, in the Valley of Virginia, of about ten thousand ; and Cook and Averill, in West Virginia, about eight thousand, while Sherman, in Northern Georgia, wa
   :: and thence to Yorktown, for McClellan's Peninsular operations. This line, continued in use to Fort Magruder, was extended from Yorktown to General Butler's, at Gloucester Point, where, to deceive the enemy as to his real objective, his forces were mainly stationed, awaiting the order of the Lieuten- ant General. With General Butler were chief operator Kichard O'Brien, and J. He
   ::  north- ward to within ten miles of the Confederate capital, where he was met by the enemy in strong position and force. As soon as the transports started from Gloucester Point, a telegraph building party began reconstructing the Fort Monroe line used by McClellan in 1862, from Williamsburg to James- 132 THE MILITARY TELEGRAPH DURING THE town Island in the James River, from whe
   :: ase of sup- plies having been changed to White House. Consequently the line from Fortress Monroe to Yorktown was extended along the north bank of the York from Gloucester Point to West Point, submarine cables being used to cross the York and Mattapony Rivers. From West Point a line was built on the north bank of the Pamunkey to White House. The office at West Point was opened J
   :: sh and party of builders, accompanied by opera- tor Homan, constructed about twelve miles of line from Glouces- ter Point. In the construction of the line from Gloucester to West Point, Mcintosh's or some other building party had several serious skirmishes with guerrillas, in which the latter were driven off, but of the builders, two were killed and several wounded. The followi
KWIC Wilson militarytelegraph02plumrich n=58
   :: HAPTER XVII. The Telegraph in the Departments of the Great South- West. — Stone- man's Raid. — Rebel Wires Tapped. — Confederates Disheartened.:— Guerrillas. — Wilson's Raid. — Selma, Montgomery and Macon Cap- tured.— Sherman Orders Wilson by Confederate Wires. — Telegraph Cashier Robbed and Nearly Murdered in Missouri. — Rhumi oi Af- fairs in Missouri. — Captain Bruch's Death.
   ::  Stone- man's Raid. — Rebel Wires Tapped. — Confederates Disheartened.:— Guerrillas. — Wilson's Raid. — Selma, Montgomery and Macon Cap- tured.— Sherman Orders Wilson by Confederate Wires. — Telegraph Cashier Robbed and Nearly Murdered in Missouri. — Rhumi oi Af- fairs in Missouri. — Captain Bruch's Death. — Monument. — Cable Line from New Orleans to Mobile Bay. — Operations Ag
   :: an, E. W. At water, W. W. Burhans, Hugh Craig, Robert Wagner, J. C. Gregg, W. H. Hartman, W. R. Plum, F. S. YanValkenburg, W. h! Miller, Wm. Pat- terson, E. J. Wilson, J. T. Rabbeth, I. C. Showerman, Ed. Schermerhorn, M. C. Baldwin, Con Dwyer, S. Ford Perdue, H. R. Mapes, Frank B. Tyler and H. W. Plum, the last five of whom were serving in Nashville. On the line leading to Loui
   :: ues, C. H. Johns, Joe Anderson, J. R. Brown, Geo. Cole, JohnT.Wilber, Geo. J. Goalding, Geo. Purdon, C. H. Pond, A.W. Howell, F. C. Cook, Sam B. Roberts, W. H. Wilson, Thos. M. Sampson, T. G. Harvey, Jos. H. Gilkerson, W. H. Sisson, Sam Carey, J. S. Lyle, J. M. Spencer, Chas. A. Keefer, J. E. Nagle, G. D. Wil- 64: THE MILITARY TELEGRAPH DURING THE kinson, J. A. Torrence, S. W. 
   :: ed his forces, consisting mainly of the Eigh- teenth Corps, General W. F. Smith, and the Tenth, General Gilmore ; the latter from South Carolina, and landed at Wilson's Wharf, Fort Powhatan and City Point, immediately possessing Bermuda Hundred in force. On the seventh, the Petersburg & Richmond Railway was struck, and the enemy met in some force. Two days later, a larger force
   :: Government," Operat- ing in this district at this time were John D. Tinney, at City Point; O'Brien and Nichols, at Butler's head-quarters; H. N. Snow and W. H. Wilson, detailed from Ohio regiments, at Ber- muda Hundred; O. B. Vincent, at General Gilmore's, and at Smith's on the right, near Fort Darling, C. A. Homan, whose office consisted of a cracker box under a tree. As alrea
KWIC Powhatan militarytelegraph02plumrich n=5
   :: ting mainly of the Eigh- teenth Corps, General W. F. Smith, and the Tenth, General Gilmore ; the latter from South Carolina, and landed at Wilson's Wharf, Fort Powhatan and City Point, immediately possessing Bermuda Hundred in force. On the seventh, the Petersburg & Richmond Railway was struck, and the enemy met in some force. Two days later, a larger force broke the railway an
   :: George Henderson, assistants. Telegrams for tl\e North from these points were relayed at City Point, which was in direct communication with Washington via Fort Powhatan, Jamestown Island, Yorktown, Fort Monroe, Cherrystone and Wilmington. L. M. Painter operated at Fort Powhatan until relieved in August by T. Q. Waterhouse. W. N. Embree at Jamestown Island until relieved in Augu
   ::  in direct communication with Washington via Fort Powhatan, Jamestown Island, Yorktown, Fort Monroe, Cherrystone and Wilmington. L. M. Painter operated at Fort Powhatan until relieved in August by T. Q. Waterhouse. W. N. Embree at Jamestown Island until relieved in August by T. CIVIL WAR IN THE UNITED STATES. 261 N. Loucks. At Fort Monroe, were George D. Sheldon, C. L. Snyder, 
   :: tly interrupted by guerrillas, and as a suffi- cient force could not be spared permanently for its protection, a cable was laid in July from the Island to Fort Powhatan, twenty- two miles, which, with but few interruptions occasioned by an- chors, worked successfully to the end of the war. The total number of miles of cable between Washington and City Point was fifty-two. A rep
   :: y Point was fifty-two. A repair boat was arranged to raise and under- run the cable whenever it proved defective. The land line be- tween Swan's Point and Fort Powhatan was maintained as well as practicable to mislead the enemy, who were content with cut- ting that. Some incidents connected with the siege of Petersburg will best illustrate the uncertain tenure of life which the
KWIC Jamestown militarytelegraph02plumrich n=7
   :: E town Island in the James River, from whence messages were soon forwarded by despatch boats, which were kept running be- tween the Island and Bermuda Hundred. Jamestown Island of- fice was worked by W. N Embree and W. S. Logue. It was, at that season of the year, a very disagreeable place. Most venomous reptiles in great numbers were there, but what proved infinitely more anno
   :: was built on the south side of the James River, from City Point to Swan's Point, there connecting with a submarine CIVIL WAR IN THE UNITED STATES. 141 cable to Jamestown Island ; but owing to interruptions by guer- rillas, this line was not worked successfully until June 24, at which time a sufficient force was stationed along the line to protect it from guerrilla raids. From C
   :: ding the District of Kentucky, through Captain Samuel Bruch, in March, I extended the line from Columbia to that point, thirty miles. The line from Columbia to Jamestown, eighteen miles, not having, for a number of months, been in actual use, although kept in repair, was taken down and the material used in the construction of the line to Burksville. In April, by running a secon
   :: ry — From Powell's River Bridge, Tenn., to Cumberland Gap, Ky., 5 February — From Knoxville, Tenn., to Charleston, Tenn., - - 70 March — From Columbia, Kj., to Jamestown, Ky., ... 18 June — From Mount Sterling, Ky., to Lexington, Ky., . - - 35 June— From Burksville, Ky., to Green River Bridge, Ky., - - 40 Total. 322 CIVIL WAR IN THE UNITED STATES. 161 Abandoned Lines Repaired, 
   :: derson, assistants. Telegrams for tl\e North from these points were relayed at City Point, which was in direct communication with Washington via Fort Powhatan, Jamestown Island, Yorktown, Fort Monroe, Cherrystone and Wilmington. L. M. Painter operated at Fort Powhatan until relieved in August by T. Q. Waterhouse. W. N. Embree at Jamestown Island until relieved in August by T. C
   :: sland, Yorktown, Fort Monroe, Cherrystone and Wilmington. L. M. Painter operated at Fort Powhatan until relieved in August by T. Q. Waterhouse. W. N. Embree at Jamestown Island until relieved in August by T. CIVIL WAR IN THE UNITED STATES. 261 N. Loucks. At Fort Monroe, were George D. Sheldon, C. L. Snyder, W. J. Dealy, C. A. Homan and S. C. Burns. This line, from Swan's Point,
KWIC Gaughey militarytelegraph02plumrich n=10
   :: is six builders. John Lock was, at that time, Gilmore's only operator, but Charles H. Lithgow, Herman Waterhouse, Doug- lass Kent, Robt. B. Yanderhoof, D. C. McGaughey and B F. Gilmore arrived in good time. Of this line, Major Eckert reported : In the District of North CaroHna, forty-two miles of line have been operated during the fiscal year, under the direction of James R. Gi
   :: unted on from that quarter. On the 1st of February, General Pickett, commanding the Confederates in North Carolina, appeared at Bachelor's Creek, where D. C. McGaughey was operator. Pickett was intent on 3 34 THE MILITARY TELEGRAPH DURING THE retaking Newberne. He might have made better progress, had he captured McGaughey, for he was an invaluable man ; always ready, day or nig
   :: . McGaughey was operator. Pickett was intent on 3 34 THE MILITARY TELEGRAPH DURING THE retaking Newberne. He might have made better progress, had he captured McGaughey, for he was an invaluable man ; always ready, day or night, for any service, whether in the office or out on the line. He accompanied every scouting expedition and was several times selected by the Commanding Gen
   :: de like a Comanche, and was happiest in the performance of extra-hazardous service. In short, he was an emergency man. While Pickett was approaching Newbeme, McGaughey was stationed about ten miles out with a cavalry, escort, to give warning of the enemy's approach in that direction. He was furnished a pocket instrument, and provided himself at a farmer's house with a double-ba
   :: ment, and provided himself at a farmer's house with a double-barreled shot-gun. At midnight, his escort deserted him, retiring to Newberne. But though alone, McGaughey would not quit his post until three, a.m., and then only because the enemy had cut the line between him and that place. He made his way on foot through the rebel forces, and reached Newberne safely at daylight. P
   ::  sooner had he returned with his brother, another operator, than the yellow fever broke out in the district, and three of the operators were stricken, poor Mc- Gaughey first. Herman Frank Waterhouse was convalescing in the hospital at Newport Barracks, where he had suffered from bilious fever, when, hearing of McGaughey's sufferings, he vol- unteered to nurse him. Thus Waterhou
KWIC Bickford lincolnintelegra00bates n=0
KWIC Sheldon lincolnintelegra00bates n=0
KWIC Perkins lincolnintelegra00bates n=0
KWIC Abercrombie lincolnintelegra00bates n=0
KWIC Gloucester lincolnintelegra00bates n=0
KWIC Wilson lincolnintelegra00bates n=15
   :: trouse, Richard O'Brien, David Homer Bates 17 Andrew Carnegie in 1861 23 Major Albert E. H. Johnson, Brigadier-General Edwards S. Sanford 33 Colonel William B. Wilson, Colonel James R. Gil- more 43 Facsimile of the telegraphic cipher-code used by the United States Government in 1861 .... 51 Facsimile of two pages of the last cipher-book in the War Department series, printed for
   ::  time used for transporting railroad cars across the Susquehanna River. ( This boat, since rebuilt, may still be seen in similar daily service 1 See Wm. Bender Wilson's "History of the Pennsylvania Rail- road," Vol. I, p. 319. 16 From an ambrotype Samuel M. Brown David Strouse Richard O'Brien David Homer Bates First four operators in the United States Military Telegraph Corps, 
   :: ce consisted at first of a few operators only, 42 2 2- "V > » " p: WAR DEPARTMENT TELEGRAPH OFFICE our manager from May, 1861, to March, 1862, being William B. Wilson who in the service of the Commonwealth of Pennsylvania had opened on April 17, 1861, in Governor Curtin's office at Harrisburg the first military telegraph office on the continent. Later, in the Antietam and Get- 
   :: nstrument which he utilized in sending reports over the wires by cutting in when opportunity offered. On March 29, 1903, the State of Pennsyl- vania awarded to Wilson a gold medal bear- ing this inscription: "In recognition of his Important and Delicate Service as Military Telegraph Operator arid Scout during the Raids and Invasions into the State, 1862-3 and 4." The same Act g
   :: ator arid Scout during the Raids and Invasions into the State, 1862-3 and 4." The same Act gave him a commission as colonel of Pennsylvania volunteers. Colonel Wilson is the only member of the Civil War Military Telegraph Corps who to-day holds a commission, all other officers in that corps hav- ing been mustered out after the close of the war. I succeeded manager Wilson in Mar
   :: tary Telegraph Corps who to-day holds a commission, all other officers in that corps hav- ing been mustered out after the close of the war. I succeeded manager Wilson in March, 1862, soon after Major Thomas T. Eckert was ap- pointed chief of the War Department telegraph 45 LINCOLN IN THE TELEGRAPH OFFICE staff, which office he held until August, 1866. I continued to hold the po
KWIC Powhatan lincolnintelegra00bates n=1
   :: , or from being caught by dragging anchors. In August, 1864, an additional section was laid in the James River between Jamestown Island, near Norfolk, and Fort Powhatan, below City Point, because the land line between those points, on the south side of the river, had been broken by the enemy several times, and the topog- raphy of the country was such that it could not be suffic
KWIC Jamestown lincolnintelegra00bates n=1
   :: ly, either because of faulty construction, or from being caught by dragging anchors. In August, 1864, an additional section was laid in the James River between Jamestown Island, near Norfolk, and Fort Powhatan, below City Point, because the land line between those points, on the south side of the river, had been broken by the enemy several times, and the topog- raphy of the cou
KWIC Gaughey lincolnintelegra00bates n=0
