== OR I/42 pt 3: pages carrying each date
  November 2, 1864 [475, 482, 484, 486, 487, 488, 489, 490, 1162, 1198, 1199]
  December 9, 1864 [889, 890, 891, 892, 893, 894, 895, 896, 897, 898, 899, 900, 901, 902, 903, 904, 905, 906, 908, 909, 910, 911, 912, 913, 914, 915, 916, 917, 919, 920, 921, 1249, 1260, 1262, 1263, 1264]
  December 12, 1864 [971, 972, 973, 974, 976, 977, 978, 979, 980, 981, 982, 983, 984, 1268, 1271]
== E254 (12 Dec): whole volume, raw text counts
  Brice: 0
  Binney: 0
  paymaster: 1
== E254 (12 Dec): pp.969-990
== E275 (9 Dec): pp.886-925
  p887 [boats] ...e honor to report no excitement. The rams did not venture down. An infantry colonel on picket, who was where he could see plainly, reported that all but one of our shots last night struck the enemy’s boats, doing, as he judged, considerable injury to one. Hope that his statement is correct. Have everything repaired, except the 30-pounder. Lieutenant Batter son is doing excellently; like him very much. ...
  p890 [Allen] ...ams, Assistant Adjutant-General : “Headquarters First Division, Second Army Corps, “ December 9, 1864 — 12 m. “I succeeded in forcing a crossing and have about 100 men over. The river is filled with fallen trees and about four feet deep. I am trying to cross the cavalry single file and construct bridges at the ford half a mile above. The enemy are moving about two regiments to the right. “N. A. MILES, ...
  p906 [transportation] ...s to he massed between it and Miles’ command. General Miles feels very strong and holds everything between here and Hatcher’s Run. No enemy out of his intrenchments to trouble him. Had no room for my transportation outside the picket-line and left it just within the main line. My headquarters are with General Miles, at the Cummings house. F. WHEATON, Brigadier-General , Commanding . A. A. HUMPHREYS, Major-Gener...
  p910 [Allen] ...ances. General Seymour, Third Division, Sixth Army Corps, will order the troops that are to report to General Wheaton to do so at once. They will move without trains, except a few ambulances. Colonel Allen, in charge of General Wheaton’s intrenched line, will report at once to Brigadier-General Seymour. A battery of artillery will be ordered to report to General Wheaton at once by Lieutenant-Colonel Ha...
  p911 [transportation] ...y will accompany you to be assigned by Lieutenant-Colonel Hazard, chief of artillery, Second Corps. As the reconnaissance will probably be effected during the day, you will prob- ably not require any transportation, but may take your light head- quarters wagons and 'some ambulances. Keep me advised constantly of your progress and of any information you may obtain. Colonel Kerwin has already been ordered to move...
== E275 context (Fort Monroe, 10 Dec)
  p938 [Fort Monroe, December 10] ...carbine cartridges, but have in my train the other ammunition required by the regiments now here, and have telegraphed to City Point for the Burnside carbine cartridges. I am, very respectfully, your obedient servant, FRANK B. ALLIBONF, Capt. and Acting Ordnance Officer , Second Divr Cavalry Corps. Fort Monroe, December 10 , 1864 — 11.45 a. m. Lieut. Gen. U. S. Grant, City Point : Has been blowing a gale ever since we arrived; is clearing up a little. We are all ready waiting for the navy. Any news from War- ren or Sherman? BENJ. F. BUTLER, Major- General , Commanding. City Point, Va., December 10 , 1864 — 8.30 p. m....
== E277 (2 Nov): pp.480-505
  p489 [Napoleon] ...e in obedience to your orders. Ain ordered to report in New York to General Dix. From the state of things, as I can learn them, we should have at least 5,000 good troops and at least two batteries of Napoleons. There is necessity for haste in getting them off. They can easily be spared from the Tenth and Eighteenth Corps. A show of force may prevent trouble. I have directed the quartermaster at Fort Mon- ...
  p489 [Napoleon] ...ight for New York, Fifth Avenue Hotel. BENJ. F. BUTLER, Major- General. City Point, Va., November 2 , 1864 — 5 p. m. Major-General Terry.* Send a good large brigade of infantry, with two batteries of Napoleon guns, to report to General Butler, at New York, at once. If you have Western troops they will be preferable. Answer what troops you send. U. S. GRANT, Lieutenant- General. Fort Brady, Va., November 2...
  p504 [The batteries are] ...hundred and eighteenth, Eighty-first, Ninety-eighth, and One hundred and forty- eighth NewYork Volunteers, Ninth Vermont Volunteers. These regi- ments have been carefully selected by General Weitzel. The batteries are: Battery M, First IT. S. Artillery, Fourth New Jersey Battery. Brig. Gen. J. B. Hawley goes in command of the whole force. The infantry will number a little over 3,000 men. Very respectfully. ALF. H....
  p505 [Howard] ... A. Ames : CHAS. A. CAELETON, Captain and Assistant Adjutant- General. Special Orders, ) War Dept., Adjt. General’s Office, ' No. 381. ) Washington , November 3, 1864. #*##### 55. Lieut. Col. John B. Howard, quartermaster of the late Third Corps, is, by direction of the President, hereby transferred to the Eighteenth Army Corps as chief quartermaster with his rank of lieu- tenant-colonel, and, on the co...
== E272 (10 July): OR I/40 pt 3
  'sent immediately forward to Washington': pp.[119]
    ...rtress Monroe : Please inform me by telegraph of the arrival of the first transport with the advance of the Nineteenth Army Corps from New Orleans. U. S. GRANT, Lieutenant- Genera I. Washington, July .9, 1864—11.30 p. m. Commanding Officer, Fortress. Monroe: Troops arriving from New Orleans will be sent immediately forward to Washington. H. W. IIALLECK, Major-General and Chief of Staff. ...
  'advance of the Nineteenth Army Corps': pp.[119]
    ...commanding Armies of the United States. 1 have turned over this command to Brig. Gen. J. H. Martindale. WM. F. SMITH, Major- General. Commanding Officer, City Point, Va., July 9, 1864. (Received C p. in.) Fortress Monroe : Please inform me by telegraph of the arrival of the first transport with the advance of the Nineteenth Army Corps from New Orleans. U. S. GRANT, Lieutenant- Genera I. Washington, July .9, 1864—11.30 p. m. Commanding Officer, Fortress. Monroe: Troops arriving from New Orleans will be sent immediately forward to W...
  'None have arrived yet': pp.[142]
    ...142 OPERATIONS IN SE. YA. AND N. C. [Chap. LIL General Halleck: None have arrived yet. Fort Monroe, July 10, 1804 — 10.15 a. m. J. W. S[HAFFER], Colonel and Chief of Staff. Fort Monroe, Va., July 10, 1864 — 1 p. m. Lieut. Gen. U. S. Grant, City Point: Steamer Orescent has just arrived...
  'How many vessels with the Nineteenth': pp.[173]
    ... of the Cavalry Corps, Army of the Potomac, and will report as such to Maj. Gen. P. H. Sheridan, commanding Cavalry Corps. By command of Lieutenant-General Grant : E. S. PARKER, Assistant Adjutant- General. Headquarters Armies of the United States, July 11, 1864. Col. J. W. Shaffer, Chief of Staff: How many vessels with the Nineteenth Corps from New Orleans have passed Fort Monroe for Washington up to this time? Please keep these headquarters advised of the vessels as they pass, that the Lieu- tenant-General commanding may be info...
== Butler's Book (1892): counts
  Brice: 0
  Binney: 0
  Fred Martin: 0
  Colonel Howard: 0
  New Orleans troops: 0
  boats of any kind: 0
  two batteries of Napoleon: 2
