ALL | "Suwo Nada" | total 909
     ['dli.ministry.07639'] | None | upples
mn
        
 
 
§ )  JAPAN—INLAND Bea. {{{Suwo Nada}}}, Northern Shore—Amendments to Charts with regard shoals and depths off the northern shore of the {{{Suwo nada}}}.
Charts affected.—No. 3153, Mardyama zaki to Ominase (H. 2352-22.)
 
mene ' JAPAN—INLAND SEA.
tee {{{Suwo Nada}}}, Northern S
     ['sim_the-womans-journal_1877-02-10_8_6'] | None | sixteenth, on the Messageries Imperial Steamship ‘{{{Suwo-Nada}}},’ and shall reach Yokohama towards the middle Suddenly there was a cry, ‘‘Par- ker has news of the {{{Suwo-Nada}}}—he is in the bowling-alley-—he will speak.”
Ina early this morning in regard to the fate of the {{{Suwo-Nada}}} has bee
     ['for-romantik-og-historie-bind-14'] | None | tilbage og vedblev fan med faſt Stemme:
{{{Suwo Nada}}}. 537
„{{{Suwo-Nada}}} forlod Marſeille med fire og tyve Mand efter var Skuret tomt og ſtille. —
Er
{{{Suwo Nada}}}. 539
{{{Suwo⸗Nada}}} ligger ved Cap Idſu, i Indlobet til Bugten Fruen paa Soelbjerg. Af ee til 5 5 e . 43598. {{{Suwo Nada}}}. Fo
     ['per_north-china-herald_the-north-china-herald-market-report_1868-03-18_2_48'] | None | 00 Denne. a: te * 4 * a . Hs 108.80 8 108.80 {{{Suwo- Nada}}} e eee » 3 144.00 * * Ra és 1 40 ie Ki 144.00  Carr, Lieut. Davidson, and Dr. Leach. Per ‘ {{{Suwo- Nada}}}” for Hongkow n Rooper. Per * Western Chiet” for GOOD SAUCE. 14\Claro Babuyan ny 14 Fusi-Yama 14/{{{Suwo Nada}}} 14 Dragon F 15 Osak
     ['dli.ministry.01541'] | None | traders navigate the great inland sea known as the {{{Suwo-nada}}}, between the three great islands of Nipon- Sikok Kiu-siu and Ni- pon. In our charts it is called the {{{Suwo-nada}}} Sea, Perfectly land-locked, possessing three routes CRUISE IN JAPANESE WATERS. 101
onter ocean. This {{{Suwo-nada}}}
     ['cu31924023219573'] | None | whales — ^the  Abb6 Sidotti— renewed  storm— the  {{{Suwo-nada}}}  Sea^-the  Pacific  gulf-stream — meteors— iirst navigate  the  great  inland  sea  known  as  the {{{Suwo-nada}}},  between  the  three  great  islands  of  Nipon- Ni- pon.  In  out  charts  it  is  called  the  {{{Suwo-nada}}}  Sea.
     ['per_north-china-herald_the-north-china-herald_1867-05-18_1_6'] | None | Holmes, 2 Children and servant, 8 Chinese. er {{{Suwo - Nada}}}, from Hongkong Messers. E. W. Rice, Hoppins and Nagasaki = Messrs. LAN E, CRAWFORD & Co. „  9){{{Suwo-Nada}}} Am str 1802 Jayne Hongkong . 17jy 2796 February Rock Simmons Hankow & Ports Russell aud Co „ 12){{{Suwo-Nada}}} Jayne Hongkong
     ['per_north-china-herald_the-north-china-herald_1867-04-27_1_4'] | None | Constables, and 5 Constables Wives. Per Str. ‘{{{Suwo-Nada}}},” for Hongkong, Mr. and Mrs, Gant, Messrs. Pembleton 24
24
24
EA & PRRRINS' Cz- |
0d e
„„
Express {{{Suwo - Nada}}} Nanzing Elizabeth Shanse Aden Confucius Plymouth Chefoo & Tientsin General Trautmann and Co 25 {{{Suwo-Nada}}} Am ayne Hon
ALL | "Ben De Ford" Ainsworth | total 80
     ['warofrebellion14secrrich'] | None |   Secretary  of  War,
BRIG.  GEN.  FRED  C.  {{{AINSWORTH}}},
CHIEF  OF  THE  RECORD  AND  PENSION  OFFICE therefore  most urgently  request  that  the  {{{Ben  De  Ford}}}  be  discharged  to-night  and  sent, back  EXPEDITIONARY  FORCES,
II.  S.  TRANSPORT  {{{BEN  DE  FORD}}}, Saint  John's  Rive
     ['cu31924080782182'] | None | Secretary  of  War,
iiv
BRIG.  GEN.  FRED  C.  {{{AINSWORTH}}},
ClIIEE  OF  THE  KeCORD  AND   PENSION   OeFICE send  yon  the  Vanderbilt,  Locust Point  {{{Ben  De  Ford}}},  Potomac,  &c.,  all  towing  schooners.  Take therefore  most urgently  request  that  the  {{{Ben  De  Ford}}}  be  discha
     ['navalsurgeondiar0000boye'] | None | suspected enemy proved to be the Army transport {{{Ben De Ford}}} with the ist Regi- ment of South Carolina Volunteers morning—all three [Army] steamers, consisting of the {{{Ben De Ford}}}, John Adams, and the Planter. Thank fortune they day was a beautiful one. The U.S. transport {{{Ben De Ford}}}
     ['navalsurgeonbloc0000samu'] | None | suspected enemy proved to be the Army transport {{{Ben De Ford}}} with the 1st Regi- ment of South Carolina Volunteers morning—all three [Army] steamers, consisting of the {{{Ben De Ford}}}, John Adams, and the Planter. Thank fortune they day was a beautiful one. The U.S. transport {{{Ben De Ford}}}
     ['the-atlantic-monthly-1857-1879'] | None |  the flag-ship, so to speak, was to be the “{{{Ben De Ford}}},” Captain Hallett, — this being by far the largest of a fleet of armed steamers, — for even the {{{Ben De Ford}}} boasted a six- pounder or so,—it seemed rather the kindness of Lieu- tenant Hughes ; and the {{{Ben De Ford}}} was taking in
     ['atlantic-monthly-1857-2009'] | None |  the flag-ship, so to speak, was to be the “{{{Ben De Ford}}},” Captain Hallett, — this being by far the largest of a fleet of armed steamers, — for even the {{{Ben De Ford}}} boasted a six- pounder or so,—it seemed rather the kindness of Lieu- tenant Hughes ; and the {{{Ben De Ford}}} was taking in
     ['dli.ernet.171305'] | None | left the {{{Ben De Ford}}}, and in a small boat went to Stono.
Morning of the 9th the {{{Ben De Ford}}} also sailed ROOT, Secretary of "War,
BY
BRIG. GEN. FRED C. {{{AINSWORTH}}},
Chief of hie Record and Pension Offk e, War Department Headquarters Expeditionary Forces,
TJ. S. Transport {{{Ben De For
     ['historyofnegrotr0000will_a0v1'] | None | authorities.
I am under deep obligations to the Hon. {{{Ainsworth}}} R. Spofford, the librar- ian of the Library of The vessels that bore the expedition were the {{{Ben de Ford}}}, Captain Hallet, carrying several six-pound guns; ten-pound Parrott gun and two howitzers. The {{{Ben de Ford}}} was the
ALL | "Montauk" "C. C. Leary" | ERROR HTTP Error 502: Bad Gateway
ALL | Hancox Winants Rawlins | total 390
     ['warofrebellion402unit'] | None | Shaffer:
1   We  have  ready  dispatch-boats  {{{Winants}}}  and  {{{Hancox}}},  mail-boat Thomas  Powell,  steamer  Emily command  of  Lieutenant-General  Grant:
JNO.  A.  {{{RAWLINS}}},
Brigadier- General  and  Chief  of  Staff.
Fort command  of  Lieutenant-General  Grant:
JNO.  A.  {{{RAWLINS}}},
     ['warofrebellion0401rootrich'] | None | SHAFFER:
We  have  ready  dispatch-boats  {{{Winants}}}  and  {{{Hancox}}},  mail-boat Thomas  Powell,  steamer  Emily command  of  Lieutenant-General  Grant:
JNO.  A.  {{{RAWLINS}}}, Brigadier- General  and  Chief  of  Staff.
FORT command  of  Lieutenant-General  Grant:
JNO.  A.  {{{RAWLINS}}}, Bri
     ['warofrebellionco0040unit_u2k7'] | None | Colonel SHAFFER:
We have ready dispatch-boats {{{Winants}}} and {{{Hancox}}}, mail-boat Thomas Powell, steamer Emily, By command of Lieutenant-General Grant: JNO. A. {{{RAWLINS}}}, Brigadier-General and Chief of Staff.
Fort MONROE By command of Lieutenant-General Grant:
JNO. A. {{{RAWLINS}}}, Brigad
     ['warofrebellionco0040unit_u6c6'] | None | Shaffer:
We  have  ready  dispatch-boats  {{{Winants}}}  and  {{{Hancox}}},  mail-boat Thomas  Powell,  steamer  Emily command  of  Lieutenant-General  Grant:
JNO.  A.  {{{RAWLINS}}}, Brigadier- General  and  Chief  of  Staff.
Headquarters command  of  Lieutenant-General  Grant:
JNO.  A.  {{{RAWLINS
     ['sim_new-york-times_the-new-york-times_1890-08-12_39_12155'] | None | County; -Treasurer—I. C. Millety, wool grower, {{{Rawlins}}}, Carbon County; Auditor—George T. Campbell, bookkeeper leaves a wile and two murried daugh- ters.
GARRETT {{{WINANTS}}}.
Garrett E. Winwiits, a member of the Hudson County money was €o erect.
He was a sonof old Capt. Peter {{{Winants}}}, a
     ['per_new-york-times-magazine_the-new-york-times_1897-02-11_46_14191'] | None | cars across the bridge.
NEW YORK.
Mrs. Sarah F. {{{Hancox}}}, a Brooklyn octo-—
genarian, in the Supreme Court and Mrs. ‘Samuel W. Bridgham, Peter Marie, and {{{Rawlins}}} Cottenei.
Among those who attended were many who Company. 1503— 4 Colton vs. Hawley. 1658—Grantz {{{Winants}}}.
1567—Leppe vs. ‘
     ['triumphatjames0000unse'] | None | Colonel SHAFFER:
We have ready dispatch boats {{{Winants}}} and {{{Hancox}}}, mail- boat Thomas Powell, steamer Emily composing his staff in the field: Brig. Gen. John A. {{{Rawlins}}}, chief of staff. Lieut. Col. T. S. Bowers, assistant By command of Lieutenant-General Grant: JNO. A {{{RAWLINS}}}, 
     ['warofrebellionco0036unit_l3s6'] | None | command of Lieutenant-General Grant : JNO. A. {{{RAWLINS}}}, Brigadier-General and Chief of Staff.
GENERAL command of Lieutenant-General Grant :
JNO. A. {{{RAWLINS}}}, Brigadier-General and Chief of Staff.
WASHINGTON back. Last heard
from at Baltimore Store. JNO. A. {{{RAWLINS}}}, Chief of Staff.
HE
ALL | "Blackstone" "medical department" steamer 1865 | total 30014
     ['penswordlifejour0000mcga'] | None | wi probated in the January term, {{{1865}}}, and recorded on April 18, {{{1865}}}. no nee
THE LIFE OF RANDAL W. MCGAVOCK the fourth book of {{{Blackstone}}}. Attended Professor Parsons’ lecture on {{{Blackstone}}}. He had a model ship the chapter in {{{Blackstone}}} on Praemunires. Attended lectures
     ['southparkblocksa0000dona'] | None | property to the {{{Medical Department}}} of Willamette University in 1882. The {{{medical department}}} had origi- nated 
Left and above: {{{Blackstone}}} Apartments, PSU University Housing, 2008
The {{{Blackstone}}} Apartments, built 1864 they instigated a lawsuit, which they won in {{{1865}}}.
It 
     ['historyofprovide02bayl'] | None | into  the  {{{Blackstone}}}  at  Water- ford  on  the  northern  boundary  of  the  county.  {{{Blackstone}}}  river gradu- ated from  the  {{{medical  department}}}  of  the  University  of  Vermont,  in {{{1865}}}.  He  practiced  medicine wTay  of Xew  York  in  the  {{{steamer}}}  "  Electra."  
     ['semicentennialr00sigmgoog'] | None | Surgeon U. S. A., March, {{{1865}}}, to September, {{{1865}}}. Employed in the {{{Medical Department}}} of the Pension Bureau Cambridge, Mass. ({{{1865}}}-1866) 231
Rho Chapter—
Austin College, Huntsville, Texas ({{{1865}}}) 235
University of service, January 24, {{{1865}}}. Was breveted Lieutenant-
     ['womencrisiswomen0000agat'] | None | Fugitive Slave Law.
January 31, {{{1865}}}
stitution abolishing slavery.
March 3, {{{1865}}} Freedmen’s Bureau established modifications, the legal structure of the mother country. {{{Blackstone}}}, consequently, was almost as useful in the new with little more to guide him than his study of {{{Blac
     ['womencrisiswomen0000unse'] | None | October 13, 1863 June 28, 1864
January 31, {{{1865}}}
March 3, {{{1865}}}
THE LASH AND THE sworpD 297 ready to serve modifications, the legal structure of the mother country. {{{Blackstone}}}, consequently, was almost as useful in the new with little more to guide him than his study of {{{Blackstone
     ['sim_armed-forces-journal_1876-02-12_13_27'] | None | 1863, and Captain April 1, {{{1865}}}. He was mustered out of the Service July 16, {{{1865}}}. He was brevetted Captain Nassau.
Received a Diploma in 1863 and a Medal in {{{1865}}}, from the American Insti- tute, these being the TO THE SENATE, MADE SINCE DEC, 13, 1875.
{{{Medical Department}}}—Promo
     ['womencrisiswomen0000youn'] | None |  legal  structure  of  the  mother  country. {{{Blackstone}}},  consequently,  was  almost  as  useful  in little  more  to  guide him  than  his  study  of  {{{Blackstone}}},  and  he  retained  for  the  rest  of  his deploring  this  state  of  affairs,  thought  that {{{Blackstone}}}  was  to  m
ALL | "three hundred and fifty troops" "river steamer" | total 16
     ['isbn_9781921555572'] | None | standing off shore. The ‘Kung Wo’ a former Yangtse {{{River steamer}}} , had been taken over by the British Navy for under Colonel Ogato had eight thousand {{{three hundred and fifty troops}}} from the 56"".General Force, four Army
     ['pennsylvaniacava0000gran'] | None | who had arrived at Winchester with {{{three hundred and fifty troops}}} from the Colony of North Carolina. stationary tubular boiler from a salvaged Ohio {{{River steamer}}}. The proceedings caused a great deal of amusement of Western reservations.
Taken in tow by a {{{river steamer}}} for the last 
     ['lossingspictoria0002bens'] | None | her, sailed for the same point with {{{three hundred and fifty troops}}}, including Macomb’s artillery corps hour left Hampton for Richmond in the James {{{River steamer}}}.
This was my second visit to Hampton, with an
     ['historyofcivilwa00insmuc'] | None | attacking  his  flank  and  rear. But  {{{three  hundred  and  fifty  troops}}}  of  the  large  garrison  were  unequal  one.  The  Sassacus,  a delicate  {{{river  steamer}}},  built  rather  for  speed  than  strength
     ['historyofcivilwa00schm'] | None | attacking  his  flank  and  rear. But  {{{three  hundred  and  fifty  troops}}}  of  the  large  garrison  were  unequal  one.  The  Sassacus,  a delicate  {{{river  steamer}}},  built  rather  for  speed  than  strength
     ['histcivilwarus00smucrich'] | None | attacking  his  flank  and  rear. But  {{{three  hundred  and  fifty  troops}}}  of  the  large  garrison  were  unequal  one.  The  Sassacus,  a delicate  {{{river  steamer}}},  built  rather  for  speed  than  strength
     ['historyofcivilwa00smuc'] | None | attacking  his  flank  and  rear. But  {{{three  hundred  and  fifty  troops}}}  of  the  large  garrison  were  unequal  one.  The  Sassacus,  a delicate  {{{river  steamer}}},  built  rather  for  speed  than  strength
     ['cu31924032777405'] | None | attacking  his  flank  and  rear. But  {{{three  hundred  and  fifty  troops}}}  of  the  large  garrison  were  unequal  one.  The  Sassacus,  a delicate  {{{river  steamer}}},  built  rather  for  speed  than  strength
ALL | "has left Monroe" | ERROR HTTP Error 502: Bad Gateway
ALL | "steamers named in your dispatch" | total 0
ALL | "answers the description" Leary | total 1885
     ['bim_eighteenth-century_a-sermon-preached-at-lis_rogers-john_1780'] | None | to re- verſe that bull? Thus the Pope {{{anſwers the deſcription}}} _ Paul gives of Antichriſt, that he is renounce Popery ; and Popery {till
exiſt, # Prieſt O {{{Leary}}},
PPC
15
FF
. 6
exiſt. lt is never alledged, that kingdoms. Juſt ſuch aſſertions as
| theſe,
* Prieft O {{{Leary}}} is the clergy
     ['per_alexandria-gazette-packet_alexandria-gazette_1889-03-27_90_74'] | None | organ of bis body. In short, if people will only {{{leary}}} to use their eyes wisely there is no reason why STEAMSHIP CoO., TO AND FROM NEW YORE.
Steamer GEORGE {{{LEARY}}} (Poto- Sets 2 Steamboat Company) MONDAYS, WEDNESDAYS THURSDAYS at 5:30 p.m., and SUNDAYS at 4:30 p, m.
{{{Leary}}} stops at Pi
     ['per_alexandria-gazette-packet_alexandria-gazette_1909-07-07_110_154'] | None | Virginia News.
ps *
Mra. Virginia {{{Leary}}}, widow of the late Dr. W. B {{{Leary}}}, died at her home in Quantico Sanday helped in the killing.
William Jackson, who {{{answers the description}}} of the youth seen by Bolton in his dream
     ['micro_IA40386416_0223'] | None | Kartuerine A, Costre.xo.
Frep J. Rice, WituaM FE. {{{Leary}}}, Counsel for Petitioners.
>... “as LACORS MAR ROR persons who, at the death of the testator, {{{answers the description}}} of heirs or next of kin, does not prevent
     ['lima-news-1899-12-08'] | None | Corbett, a^ictare frame *™*£ • -— wbo {{{answers the description}}} of the much wanted burglar who shot, th« X«livr»
to TiUce t>'p .Ufrlcullore.
Capt. R. P. {{{Leary}}}, governor of Guam,
has officially sustained the the officials have improved greatly, says Capt. {{{Leary}}}, since the departure of
     ['prisoneronrun0000chri'] | None | searched!’ shouted the irate man. ‘P.C {{{Leary}}}, come here!’
P.C Austin {{{Leary}}}, only twenty-two, crept forward to gun, you realise? Off the exhibits table.’
P.C {{{Leary}}} blanched. He realised this could cause him to be and cranny. And I'll deal with you later.’
P.C {{{Leary}}} hurried to 
     ['prisoneronrun0000cora'] | None | ” shouted the irate man. “‘P.C. {{{Leary}}}, come here!”
P.C. Austin {{{Leary}}}, only twenty-two, crept forward gun, you realise? Off the exhibits table.”
P.C. {{{Leary}}} blanched. He realised this could cause him to be and cranny. And I’ll deal with you later.”
P.C. {{{Leary}}} hurried to comply.
     ['literulae1947cath'] | None | and  darkly  handsome,  Jim  capably  {{{answers the  description}}}  of  Mr.  Prepster  and  is  the  Mr.  J^pvello,  T.  Ogorchoc\,  R.  Bardroff,  J.  {{{Leary}}},  R.  Daley,  P.  Haggerty,  D.  Chisholm.
Villa-Prep   J.  Sawtelle.
Second  Row — E.  Heubel,  R.  {{{Leary}}},  D.  Guerrein,  F.  
ALL | "Western Metropolis" "Ben De Ford" hospital 1865 | total 0
ALL | Beckwith "Butler" "left Monroe" | total 337
     ['bakersmapofashta0000vari'] | None | BECK, H. {{{BECKWITH}}}. {{{BECKWITH}}},
{{{BECKWITH}}}, {{{BECKWITH}}}, {{{BECKWITH}}}, {{{BECKWITH}}}, {{{BECKWITH}}}, {{{BECKWITH}}},
‘{{{BECKWITH}}}, BRCKWITH BRCKWITH,
{{{BECKWITH}}}, {{{BECKWITH}}}, {{{BECKWITH}}}, {{{BECKWITH}}}, {{{BECKWITH}}}.
{{{BECKWITH}}},
{{{BECKWITH}}},
A.
A.B. AR. B. 
     ['fireincanebrake00laur_0'] | None | He took notes from Loy Harrison’s testimony: “{{{Left Monroe}}} 5:30 P.M., drove straight there, car blocked the lynching. After all, Loy Harrison hadn’t {{{left Monroe}}} until roughly 5:30 P.M., meaning that 5:45 P Citizens Defense League had gotten him a job at the {{{Butler}}} Street YMCA, just 
     ['abrahamoregonsmi0000jans'] | None | a purchaser of land on June 10, 1826.2
HH, W. {{{Beckwith}}}, in his surprisingly complete and usually accurate his children...live here yet [1879]. Evidently {{{Beckwith}}} drew his information from Joseph's
children, who purchased the west half of the northeast
he Ae Lae {{{Beckwith}}}, History of
     ['sim_amusement-business_1984-02-11_96_5'] | None | president and Chris Beck- with of the {{{Butler}}} organization.
{{{Beckwith}}} was named to the board of directors on the board of directors will be Chris {{{Beckwith}}}, Evelyn {{{Butler}}}, Frank Do- herty, Bob Ellis Sr., Larry going on forever,” he comment- ed
Earl (Butch) {{{Butler}}}, {{{Butle
     ['mwctoday1983fall08univ'] | None |  '74
Eleanor  Brackett  Buse  '48
Ruth  Meyer  {{{Butler}}}  '47
Caryl  Demoraes  Button  '42
Belen  M.  Camacho Leao  '44
Marjorie  Eastman  Leavell  '39
Martha  {{{Butler}}}  Lebovitz  '60
Donna  A.  Lee  '76
Kathy  Friedman Mrs.  Robert  D.  Busking  '84
Virginia  Hawley  {{{Butler}}}  '44
Eva  M
     ['familyresearchin0002cath'] | None |  Isaac, Joe and John, and a daughter Hannah {{{left Monroe}}} Co. (post office Beallsville) ad started en their the Civil war and didn't come at that tine) {{{left Monroe}}} county, Ohio i(postoffice address-Béllville,  WILLIAM. Birth 1851 in Indiana. Married Eliz. {{{Butler}}}. AARON FOREMAN. Birth
     ['monroeianspinest0000mche'] | None | Home, 108-109 {{{Butler}}}, Bertha Lowery, 187 {{{Butler}}}, Beverly R., 596
{{{Butler}}}, Melvin, 273
{{{Butler}}}, Sidney, 256 every evening after school. First, I worked at {{{Butler}}} Shoes across from the Palace on the corner of 4" Colored High, some of my teachers were Mrs. Vidalia {{{Beckwit
     ['bwb_S0-CAT-247'] | None | back in Henrietta. The property on {{{Beckwith}}} Road (the old {{{Beckwith}}} residence) was formerly occupied by John Church John M. {{{Butler}}} George Sargeant Jeremiah Clark Gardner Robison Samuel {{{Butler}}} Luther Hovey Hiram room of his home. His late wife, Margaret, was a {{{Beckwith}}} be
# requests 11
