"Wait at Fort Monroe until I get there" | ERROR 502 attempt 1
"Wait at Fort Monroe until I get there" | hits 7 7
    ['warofrebellion462unit'] | None | None | Palmer, Fort Monroe, Va. : {{{Wait at Fort Monroe until I get there}}}. I will leave Annapolis
    ['cu31924077729014'] | None | None | Palmer, Fort Monroe, Va.: {{{Wait at Fort Monroe until I get there}}}. I will leave Annapolis
    ['warofrebellion014602rootrich'] | None | None | PALMER, Fort Monroe, Ya.: {{{Wait at Fort Monroe until I get there}}}. 1 will leave Annapolis
    ['warofrebellionco46p2unit'] | None | None | Palmer, Fort Monroe , Va. : {{{Wait at Fort Monroe until I get there}}}. I will leave Annapolis
    ['warrebellionaco41offigoog'] | None | None | Palmer, Fort Monroe, Va.: {{{Wait at Fort Monroe until I get there}}}. I will leave Annapolis
    ['warofrebellionco0046unit_r6c6'] | None | None | I. N. PALMER, Fort Monroe, Va.: {{{Wait at Fort Monroe until I get there}}}. I will leave Annapolis at 5 a.
    ['warofrebellion0046unse'] | None | None | PALMER, 1 . Fort Monroe, Va.: {{{Wait at Fort Monroe until I get there}}}. I will leave Annapolis at 5 a.
"telegraphed to my brother, Senator Sherman" | ERROR 502 attempt 1
"telegraphed to my brother, Senator Sherman" | ERROR 502 attempt 2
"telegraphed to my brother, Senator Sherman" | UNCHECKED
"Senator Sherman" "Old Point" Wednesday Goldsboro | ERROR 502 attempt 1
"Senator Sherman" "Old Point" Wednesday Goldsboro | hits 639 10
    ['per_raleigh-daily-tribune_raleigh-daily-tribune_1897-02-18_1_34'] | None | None | Sunday—From {{{Goldsboro}}} and all points east. EXPRESS TRAIN. 8:53 wa m. daily—From {{{Goldsboro}}}. For tickets effect {{{Wednesday}}}, November 27th. *Passenger— Daily except Sunday. Thursday and Saturday. {{{Wednesday}}} and Friday ill-tined anid outalt place and tem-|Ties at {{{Goldsboro}}} an
    ['per_raleigh-daily-tribune_raleigh-daily-tribune_1897-01-16_1_6'] | None | None | NOT MADE G00D ENOUGH RAILROADS—LET’S HAVE} \{{{Senator Sherman}}} Authorizes PERMANENT COUNTY ROADS. Shows What Foreign Com- mittee. Pittsburg, Pa., Jan. 15 --{{{Senator Sherman}}} passed through Pittsburg to night en route ” How about an extra session of Con gress? {{{Senator Sherman}}} was asked. 
    ['per_star-news_the-morning-star_1903-05-01_72_33'] | None | None | Fear river at Fayetteville, N. O., at 8 A. M. {{{Wednesday}}} 24 feet and falling. COTTON REGION BULLETIN. Fair pumping station at Hilton were killed by the rats {{{Wednesday}}} night. — Mr. James D. Mote, who farms in a smell session wil! also be held, beginuiay at 8 o'clock. {{{Wednesday}}} mornic
    ['per_star-news_the-morning-star_1896-05-30_58_59'] | None | None | talking on the proposed beer tax the other day {{{Senator Sherman}}} remarked that beer was “a useful and comfortable might be from his opposition to the tax that {{{Senator Sherman}}} is not in favor of taxing “useful and comfortable” garments are use- ful and comfortable but {{{Senator Sherman}}} 
    ['per_raleigh-daily-tribune_raleigh-daily-tribune_1897-02-10_1_27'] | None | None | RALEIGH DAILY TRIBUNE, {{{WEDNESDAY}}} M ORNING, FEBRUARY 10, 1897. THE DaILy I RIBUNE. {{{WEDNESDAY}}}, FEBRUARY 10, 1897 ee as as ae ea (i aces ens ree RALEIGH, N. C., {{{WEDNESDAY}}} MORNING, FEBRUARY 10, 1897. ee, oe ee Sy a Year Macon, Ga. First Vice President—Solmon Weil, {{{Goldsboro}}}, N C.
    ['per_mecklenburg-times-1888_mecklenburg-times_1895-06-13_5_329'] | None | None | said would come to pass did come to pass. {{{Senator Sherman}}} and his successors in the office of secretary want you to decide in your own minds whether {{{Senator Sherman}}} is at last in sympathy with the struggling capital. Mr Carlisle owes it to himself and to {{{Senator Sherman}}} to come out
    ['per_raleigh-daily-tribune_raleigh-daily-tribune_1897-02-19_1_35'] | None | None | Sunday—From {{{Goldsboro}}} and all points east. EXxPREss TRAIN. 8:53 a. m. daily—From {{{Goldsboro}}}. For tickets in legislative session when, on motion of {{{Senator Sherman}}} (Republi- the galleries were cleared, the doors “‘yohn Pullen made a highly inter- . talk at the {{{Wednesday}}} night| 
    ['per_mecklenburg-times-1888_mecklenburg-times_1893-11-02_5_253'] | None | None | before. Renewals as well as’ ed in by seoring {{{Senator Sherman}}} for M Wolc., dD hei SOS VOTOUG tae Meee 7S alluded to in resent speeches. Mr. Sherman on {{{Wednesday}}} offered some proof with reference to his connection original bill was sent to the Senate through {{{Senator Sherman}}} by Secre
    ['per_star-news_the-morning-star_1890-06-29_46_85'] | None | None | interfered with under no circumstances. . {{{Senator Sherman}}} was in Lynch- burg recently and is enthusiastic NoTiIcE—Schedule B tax, SEACOAST R. R.—Notice. EXCURSION—To {{{Goldsboro}}}. STAR OFFICE—Babbitt metal. _ Brown & RoOpDDICK-—Bargains the State. The six teams referred to are from {{{Golds
    ['per_star-news_the-morning-star_1916-04-08_98_16'] | None | None | literary so- is {{{GOLDSBORO}}} CAN NO LONGER CLAIM THE FAMOUS SCHILLER The Man From {{{Goldsboro}}} Claims N port War | | BLUETHENTHAL-WEIL WEDDING IN {{{GOLDSBORO}}} BEAUTIFUL {{{Goldsboro}}}, N. C., April 7 most beautiful weddings and {{{Goldsboro}}} was made effective Thursday of this week, one 
"John Sherman" "Fortress Monroe" "Bat" Newbern 1865 | hits 3808 10
    ['presidententersc00barn'] | None | None | N. C., March 31, {{{1865}}}. Capt. Barnes, U. S. N., Comdg. {{{Bat}}} , {{{Newbern}}}. Dear Sir: I fear on board the {{{Bat}}} , and getting under way we steamed down to {{{Fortress Monroe}}}, stopped there direc- 751 WITH LINCOLN IN {{{1865}}} tion of a river pilot, the {{{Bat}}} following closely,
    ['bwb_T5-CUS-276_2'] | None | None | discharged in Oct., {{{1865}}}. WARREN F. WHITE. Enlisted Aug. 7, 1864. Discharged June 7, {{{1865}}}. Co. M., Capt. Driscoll and men to {{{Newbern}}} and report back after the completion of his trip. On his arrival at {{{Newbern}}}, he reported Discharged July, {{{1865}}}. “Went to Baltimore; locat
    ['historyofmarshfi01rich'] | None | None | Oct. 28, 1856, d. July 27, {{{1865}}}. II. Hannah,^ b. June 21, {{{1865}}}. Mar. Will. Bartley, Ea. Boston in Oct., {{{1865}}}. WARREN F. WHITE. Enlisted Aug. 7, 1864. Discharged June 7, {{{1865}}}. Gx M., Capt Mass., in 1863. CHILDREN. I. Luther H..^ b. {{{1865}}}. d. i88r, II. Minnie M.,^ b. in 18
    ['historyofmarshfi02rich'] | None | None | 28, 1856, d. July 2-7, {{{1865}}}. II. Hannah,^ b. June 21, {{{1865}}}. Mar. Will. Bartley. Ea. Boston in Oct., {{{1865}}}. WARREN F. WHITE. Enlisted Aug. 7, 1864. Discharged June 7, {{{1865}}}. Co. M., Mass., in 1863. CHILDREN. I. Luther H.,^ b. {{{1865}}}, d. 1881. II. Minnie M.,» b. in 1869. Mar 
    ['historyofmarshfi02rich_0'] | None | None | Oct. 28, 1856, d. July 27, {{{1865}}}. II. Hannah,9 b. June 21, {{{1865}}}. Mar. Will. Bartley, Ea. Boston in Oct., {{{1865}}}. WARREN F. WHITE. Enlisted Aug. 7, 1864. Discharged June 7, {{{1865}}}. Co. M., Discharged July, {{{1865}}}. "Went to Baltimore; located at Camp Belger. Then to {{{Fortress 
    ['memoriallifeofge00chas'] | None | None | broth- er, the Rev. {{{John Sherman}}}, and his cousin, Captain {{{John Sherman}}}. Roger Sherman, a traces his lineage to that of the Rev. {{{John Sherman}}}, whose family settled in Woodbury and Sherman and the great-grandson of the Rev. {{{John Sherman}}} was a judge of one of the Connecticut Gen
    ['memoriallifeofge00chas_2'] | None | None | broth¬ er, the Rev. {{{John Sherman}}}, and his cousin, Captain {{{John Sherman}}}. Roger Sherman, a traces his lineage to that of the Rev. {{{John Sherman}}}, whose family settled in Woodbury and Sherman and the great-grandson of the Rev. {{{John Sherman}}} was a judge of one 6f the Connecticut Gen
    ['memoriallifeofge00chasrich'] | None | None | broth- er, the Rev. {{{John Sherman}}}, and his cousin, Captain {{{John Sherman}}}. Roger Sherman traces his lineage to that of the Rev. {{{John Sherman}}}, whose family settled in Woodbury and Sherman and the great-grandson of the Rev. {{{John Sherman}}} was a judge of one of the Connecticut Genera
    ['memoriallifeofge00chas_0'] | None | None | broth¬ er, the Rev. {{{John Sherman}}}, and his cousin, Captain {{{John Sherman}}}. Roger Sherman, a traces his lineage to that of the Rev. {{{John Sherman}}}, whose family settled in Woodbury and Sherman and the great-grandson of the Rev. {{{John Sherman}}} was a judge of one fcf the Connecticut Ge
    ['per_daily-progress-raleigh_the-daily-progress_1865-05-30_6_169'] | None | None | 227275 2 23 . 8 x S . ee and e Letoh- | FROM {{{FORTRESS MONROE}}} THE reuawall SURRENDER- ED TO THE CUBANS. 1 : neren Or DAVIs—GEN. Lab, ‘Wasnimeton, May 25, {{{1865}}}. “the Grand Jury of thie District. bas found a Gens elude their gearcd. non FORTRESS MONROR. A {{{Fortress Monroe}}} dispatoh of t
"expect to go back to Goldsboro" | hits 0 0
"Dominick Lynch" torpedoes | hits 381 10
    ['gibbonsvogdenlaw0000coxt'] | None | None | Public Library. 72. {{{Dominick Lynch}}} to John Townsend, March 11, 1818, {{{Dominick Lynch}}} to Townsend, April Pages 103-109 4. {{{Dominick Lynch}}} to Townsend, May 20 and May 24, 1819, and {{{Dominick Lynch}}} to John Townsend Public Library. 5. {{{Dominick Lynch}}} to Townsend, Edward P. Livi
    ['biblion_1927-11_29_11'] | None | None | discussed a project which engrossed his mind. {{{Dominick Lynch}}}, the first member of the group mentioned by October, 1825, p. 194) speaks. The company which {{{Dominick Lynch}}} recruited in the British capital con- sisted singer, he had every title to the istinction. _ {{{Dominick Lynch}}} seems
    ['sim_armed-forces-journal_1884-11-15_22_16'] | None | None | Lynch, the youngest daughter of the late Capt. {{{Dominick Lynch}}}, U. 8. Navy, was married on Thurs- day to Mr appropriate $4,200,000 for the pur- chase of {{{torpedoes}}} on which Great Britain has appro- priated for of guns and under-water attacks—by ramming and {{{torpedoes}}}—jus- tifies the. 
    ['sim_armed-forces-journal_1874-08-08_11_52'] | None | None | Fourth ng judge-advocate, First Lieutenant {{{Dominick Lynch}}}, Jr., Fourth Cavalry, was arraigned and tried think that General Craufurd is soun ELECTRICAL {{{TORPEDOES}}}. In a letter dated New York Hotel, N. Y., May the first successful application of electrical {{{torpedoes}}} or submarine mines
    ['sim_armed-forces-journal_1889-02-02_26_23'] | None | None | discussion. Mr. Baird gave the society some apers on {{{torpedoes}}}, torpedo boats and torpedo war- ‘are, which had be generally described as that of ‘controlled {{{torpedoes}}},’ which ure under the absolute control of the dec. 122 89 David Daniels......... 189 5y| {{{Dominick Lynch}}}, dec. 7397 
    ['sim_armed-forces-journal_1875-03-06_12_30'] | None | None | leave his hands, whether they be fish {{{torpedoes}}}, drifting {{{torpedoes}}}, gun projectiles or rockets. Under the Antonio, Texas. Fourth Cavalry.—First Lieutenant {{{Dominick Lynch}}}, Jr., died at Fort Clark, Texas, on the 2ist Lieutenant F. M. Barper, U.S. N., on “ Moveable {{{Torpedoes}}},” 
    ['nycvicinitywar01guemrich'] | None | None | vessels. {{{Torpedoes}}} were invented, and arranged by various devices. The {{{torpedoes}}} in use were his plan for {{{torpedoes}}}, but his system was not con demned. These {{{torpedoes}}} consisted of S. Mumford, Wm. Irving, Wm. Bayard, {{{Dominick Lynch}}}, Jr., Stephen Whitney, George Griswold
    ['cu31924006092401'] | None | None | such vessels. {{{Torpedoes}}} were invented, and arranged by various devices. The {{{torpedoes}}} in use were those purchase his plan for {{{torpedoes}}}, but his system was not condemned. These {{{torpedoes}}} consisted of a copper Gurdon S. Mumford,.Wm. Irving, Wm. Bayard, {{{Dominick Lynch}}}, Jr
    ['newyorkcityandv00guergoog'] | None | None | such vessels. {{{Torpedoes}}} were invented, and arranged by various devices. The {{{torpedoes}}} in use were those purchase his plan for {{{torpedoes}}}, but his system was not condemned. These {{{torpedoes}}} consisted of a copper Gurdon S. Mumford, Wm. Irving, Wm. Bayard, {{{Dominick Lynch}}}, Jr
    ['newyorkcityvicin01guer_0'] | None | None | vessels. {{{Torpedoes}}} were invented, and arranged by various devices. The {{{torpedoes}}} in use were his plan for {{{torpedoes}}}, hut his system was not con- demned. These {{{torpedoes}}} consisted of S. Mumford, Wm. Irving, Wm. Bayard, {{{Dominick Lynch}}}, Jr., Stephen Whitney, George Griswol
"submarine torpedoes" Radford Lynch | hits 680 10
    ['DTIC_AD1033484'] | None | None | Franklin , flying the flag of Rear Admiral {{{Radford}}}, visited Trieste, and the Admiral took a visit to the STF factory in Fiume. Admiral {{{Radford}}} was very impressed with the Whitehead torpedo LCDR Marvin who had accompanied Admiral {{{Radford}}} on the visit, and this report was sent Britis
    ['newobserversbook0000cowi_n9v7'] | None | None | ballistic missiles; 6 tubes for heavyweight anti-{{{submarine torpedoes}}}. Top speed: 25 kt dived. Range: Unlimited Harpoon anti-ship missiles or heavyweight anti-{{{submarine torpedoes}}} or Toma- hawk cruise missiles in boats up Armament: 6 bow tubes for 20 heavyweight anti-{{{submarine torpedoes
    ['bwb_P8-AWV-574'] | None | None | exploder and that the emasculatior _ of German {{{submarine torpedoes}}} by malfunctioning exploden _ had given the evade, but the ior ENE aay 5 ok ee + first {{{submarine torpedoes}}} of the war for U. S. Pacific Submarines. submarine service and supply. A total of 232 {{{submarine torpedoes}}} wer
    ['bwb_T4-AVD-209'] | None | None | exploder and that the emasculation yf German {{{submarine torpedoes}}} by malfunctioning exploders ad given the close. About an hour later he fired the irst {{{submarine torpedoes}}} of the war for U. S. Pacific ee iatines ‘After before the Japanese had recovered U.S. {{{submarine torpedoes}}} for s
    ['underseavictoryi0000wjho'] | None | None | exploder and that the emasculation of German {{{submarine torpedoes}}} by malfunctioning exploders had given the About an hour later he fired the first {{{submarine torpedoes}}} of the war for U. S. Pacific Submarines. submarine service and supply. A total of 232 {{{submarine torpedoes}}} were lost 
    ['shipkillerhistor0000wild'] | None | None | battleships at Pearl Harbor, and aerial and {{{submarine torpedoes}}} were responsible for sinking four British exemplified by the very high failure rate of U.S. {{{submarine torpedoes}}} during the early months of World War II from anchor when the 710-ton torpedo gunboats Almirante {{{Lynch}}} and 
    ['chronologyofus00coon'] | None | None | William {{{Lynch}}}, traveled from Haifa to the Sea of Galilee by camel. Lt. {{{Lynch}}} later arranged Hungnam, Korea. USS {{{Radford}}} (DDE) silenced the battery gunfire. 3 USS {{{Radford}}} (DDE) silenced enemy the small gunboat fleet under Flag Officer {{{Lynch}}}, withdrew up Pasquotank River.
    ['chronologyofusna00coon'] | None | None | William {{{Lynch}}}, traveled from Haifa to the Sea of Galilee by camel. Lt. {{{Lynch}}} later arranged Hungnam, Korea. USS {{{Radford}}} (DDE) silenced the battery gunfire. 3 USS {{{Radford}}} (DDE) silenced enemy the small gunboat fleet under Flag Officer {{{Lynch}}}, withdrew up Pasquotank River.
    ['chronologyofusna0000unse'] | None | None | command of Lt. William {{{Lynch}}}, traveled from Haifa to the Sea of Galilee by camel. Lt. {{{Lynch}}} later arranged to of Hungnam, Korea. USS {{{Radford}}} (DDE) silenced the battery gunfire. 3 USS {{{Radford}}} (DDE) silenced enemy machine remainder of the small gunboat fleet under Flag Officer 
    ['maritimestrategy89019swarpdf'] | None | None | discussion of the Maritime Strategy as "nonstrategy." ** {{{Lynch}}}, David J., "Maritime Plan A 'Prescription for Disaster' pp 4-5. Reports the comments made by Capt. James {{{Lynch}}}, USN, member of the Navy's Strategic Think Tank symposium, "Future U.S. Naval Power" in San Diego, CA. {{{Lynch}}}
"no torpedoes on hand" Bureau | ERROR 502 attempt 1
"no torpedoes on hand" Bureau | ERROR 502 attempt 2
"no torpedoes on hand" Bureau | UNCHECKED
IN presidententersc00barn "Senator Sherman"
   hits 1
    on March 31st, taking back with me {{{Senator Sherman}}} and Mr. Stanton, who on joining the quick run to Hampton Roads, landed {{{Senator Sherman}}} and Mr. Stanton, and steamed rapidly
IN presidententersc00barn "John Sherman"
   ERROR Expecting value: line 1 column 1 (char 0)
