warofrebellion014602rootrich | "Suwo Nada" | 1
     ['warofrebellion014602rootrich'] | Quartermaster-General : Can also obtain the {{{Suwo Nada}}}— 1,200 men, and sixteen feet loaded; she
     ['warofrebellion014602rootrich'] | three detached from Fort Monroe, and the {{{Suwo Nada}}}, on her way from New York, will be able
(all) | "Phlox" "torpedoes" Parker Lynch 1865 | 7984
     ['officialrecordso0011unse'] | Commander {{{Parker}}}, U. S. N., 1863-{{{1865}}}. Atlantic Blockading Squadrons, 1861-{{{1865}}}. Atlantic Blockading
     ['officialrecordso0011unse'] | James {{{Parker}}}, U. S. Navy, showing ^ assault on Fort Fisher, January 15, {{{1865}}} . . . -
     ['officialrecords15librgoog'] | Commander {{{Parker}}}, U. S. N., 1663-{{{1865}}}. 5. Atlantic Blockading Squadrons, 1861-{{{1865}}}. Atlantic
     ['officialrecords15librgoog'] | Lientenant-Cumiuander James {{{Parker}}}, U. S. Navy, showing assault on Fort Fisher, January 15, {{{1865}}} 501 Drawing
     ['cu31924080772175'] | Commander {{{Parker}}}, TJ. S. N., 1863-{{{1865}}}. 6. Atlantic Blockading Sqnadrons, 1861-{{{1865}}}. Atlantic
     ['cu31924080772175'] | Lieutenant-Commander James {{{Parker}}}, U. S. Navy, showing assault on Fort Fisher, January 15, {{{1865}}} 501 Drawing
     ['officialrecords10librgoog'] | Commander {{{Parker}}}, U. S. N., 1863-{{{1865}}}. 5. Atlantic Blockading Squadrons, 1861-{{{1865}}}. Atlantic
     ['officialrecords10librgoog'] | FEBRUARY 2, {{{1865}}}, TO AUGUST 3, {{{1865}}}. [Telegram.] City Point, Va., February 2, {{{1865}}}. Admiral Porter
(all) | "insulating wire" "St. Lawrence" Lynch | 808
     ['onheritagetrail0000vari'] | (1972). 83 JESSE {{{LYNCH}}} WILLIAMS * at Freimann Square, by the Wabash and Erie Canal Jesse {{{Lynch}}} Williams at
     ['onheritagetrail0000vari'] | grandson of Judge John {{{Lynch}}}, the founder of Lynchburg, Vir- ginia, and “{{{Lynch}}} Law” (which arose out of
     ['bwb_S0-BWU-530'] | JESSE {{{LYNCH}}} WILLIAMS a * at Freimann Square, by the Wabash and Erie Canal ree eee Jesse {{{Lynch}}} Williams
     ['bwb_S0-BWU-530'] | grandson of Judge John {{{Lynch}}}, the founder of Lynchburg, Vir- ginia, and “{{{Lynch}}} Law” (which arose out of
     ['sim_wire-wire-products_1960-12_35_12'] | Pre- heater for a company which is presently {{{insulating wire}}} with plastic down to +36 and, in fact, specified
     ['sim_wire-wire-products_1960-12_35_12'] | American market and, with the opening of the {{{St. Lawrence}}} Seaway, not only on the Eastern seaboard but
     ['sim_plastics-engineering_1958-06_14_6'] | W am H Lemke, DeWayne E Lindergren, Edward P {{{Lynch}}}, H. A. Wilfred Madenwald, Frederic A Miller, Earl
     ['sim_plastics-engineering_1958-06_14_6'] | Fred M. Rose, Edward |. Sadick Sandahl, St. {{{St. Lawrence}}}, Scanion, Schwing, Silva Albert F M. Michael
(all) | "Ariel" "Sedgwick" Ingalls forage "City Point" 1865 | 2329
     ['listofphotograph00unit_0'] | vol. 12. {{{Sedgwick}}}, Gen. John. {{{Sedgwick}}}, Gen. John. {{{Sedgwick}}}, Gen. John. {{{Sedgwick}}}, Gen. John
     ['listofphotograph00unit_0'] | vol. 11. {{{Sedgwick}}}. Gen. John. {{{Sedgwick}}}, Gen. John. {{{Sedgwick}}} Gen. John. {{{Sedgwick}}}, Gen. John
     ['listofphotograph00unit'] | William K {{{Sedgwick}}}, Gen. John. {{{Sedgwick}}}, Gen. John. {{{Sedgwick}}}, Gen. John. {{{Sedgwick}}}, Gen. John
     ['listofphotograph00unit'] | John. {{{Sedgwick}}}, Gen. John. {{{Sedgwick}}}, Gen. John. {{{Sedgwick}}}, Gen. John. {{{Sedgwick}}}, Gen. John, Album
     ['cu31924077729014'] | [Chap. LVni. {{{City Point}}}, January 1, {{{1865}}}. (Received 12.50 p. m.) Brig. Gen. E. {{{Ingalls}}}, Chief Quartermaster
     ['cu31924077729014'] | Quartermaster. {{{City Point}}}, Va., January 1, {{{1865}}}. (Received 12.40 p. ni.) Brig. Gen. R. {{{Ingalls}}}, Chief
     ['warofrebellion462unit'] | JANUARY 1, {{{1865}}}, TO MARCH 15, {{{1865}}} * UNION CORRESEOlNTIDElSrCE, ETC. {{{City Point}}}, *Va., January
     ['warofrebellion462unit'] | LVTII. {{{City Point}}}, January 1 , {{{1865}}}. (Received 12.50 p. ra.) Brig. Gen. R. {{{Ingalls}}}, Chief
(all) | "Baltic" Newport anchor chain "New York" expedition 1865 | 0
(all) | "William L. James" Baltic | 871
     ['journal-of-global-marketing_1993_7_2'] | Environmental Conditions and Subsidiary Strategies {{{William L. James}}} John S. Hill A Conceptual Model of Seller
     ['journal-of-global-marketing_1993_7_2'] | Environmental Conditions and Subsidiary Strategies {{{William L. James}}} John S. Hill ABSTRACT. In this 120 subsidiary-15
     ['per_the-evening-telegraph_1870-07-19_1'] | side of the {{{Baltic}}}, {t ia the terminus of the Holstein Canal, which connects the {{{Baltic}}} with the German
     ['per_the-evening-telegraph_1870-07-19_1'] | amusing itself by chasing the German navy towards the {{{Baltic}}}; but, although there have probably been no im-
     ['per_the-evening-telegraph_1867-04-09_1'] | people. Its territories now actually estend from the {{{Baltic}}} to the Alps, This state ot atfuirs has excited
     ['per_the-evening-telegraph_1867-04-09_1'] | Government which stretches from the Alps to the {{{Baltic}}}, and rules all citizens between the Vistula and
     ['per_the-evening-telegraph_1867-08-01_1'] | Steamships. New York, August 1.—Arrived, steamships {{{Baltic}}}, from Bremen; Eogland, from Liverpool; und Henry
     ['per_the-evening-telegraph_1867-08-01_1'] | Cairo, St. Louis, Loutsvitie, and Cincinnati. {{{WILLIAM L. JAMES}}}, General Agent, 0) Ko. 514 8. Delaware avenne
(all) | "Baltic" Newport countermanded Monroe 1865 | 12221
     ['wardiaryletterso01weld'] | to-day, and went on board the {{{Baltic}}}, Captain Comstock. The {{{Baltic}}} was anchored in the stream
     ['wardiaryletterso01weld'] | about 6 miles from Fortress {{{Monroe}}}, and 3 miles from {{{Newport}}} News. The country is very level
     ['wardiaryletterso00weld'] | to-day, and went on board the {{{Baltic}}}, Captain Comstock. The {{{Baltic}}} was anchored in the stream
     ['wardiaryletterso00weld'] | about 6 miles from Fortress {{{Monroe}}}, and 3 miles from {{{Newport}}} News. The country is very level
     ['cu31924030905925'] | to-day, and went on board the {{{Baltic}}}, Captain Comstock. The {{{Baltic}}} was anchored in the stream
     ['cu31924030905925'] | about 6 miles from Fortress {{{Monroe}}}, and 3 miles from {{{Newport}}} News. The country is very level
     ['townofwaylandinc00wayla'] | before embarking on the boat " {{{Baltic}}} " for Fortress {{{Monroe}}}. Five weeks of most uncomfortable
     ['townofwaylandinc00wayla'] | the steamer " {{{Baltic}}} " down the beautiful Chesapeake to Fortress {{{Monroe}}}, meeting there
(all) | "embark troops as before ordered" | 0
be-api requests 8
