CTRL-E531	"six vessels" Oriental	total 1	shown 1
    mnRjmhe3QLoC v13 The Papers of Ulysses S. Grant (1985) :: ... <b>Oriental</b> &#39; seven hundred &amp; seventy eight ( 778 ) men has sailed — The &#39; Suwo Nada &#39; nine hundred &amp; thirty ( 930 ) men will start in half an hour — This makes <b>six vessels</b> , 5109 men , all as ordered— &quot; ALS ( telegram sent ) , ibid&nbsp;...
E558	"telegraph office at Yorktown" 1865	total 0	shown 0
E558	Ord Yorktown "telegraph station" February 1865 quartermaster	total 0	shown 0
E558	"George D. Sheldon" Yorktown operators	total 0	shown 0
E564	"William L. James" pilots monitors	total 0	shown 0
E564	"two pilots" monitors "Fort Monroe" March 1865	total 0	shown 0
E564	Sangamon Montauk pilots "Fort Monroe" quartermaster 1865	total 0	shown 0
E569	"Mrs. Ord" "Fort Monroe" telegraph office 1865	total 3	shown 3
    mnRjmhe3QLoC v13 The Papers of Ulysses S. Grant (1985) :: ... Fort Fish- er , 348n ; manages personnel , 348n , 359n , 512 , 513 , 537 ; turns over C.S.A. currency , 362n ; goes to <b>Fort Monroe</b> ... <b>1865</b> , 183n ; <b>telegram</b> to , Jan. 18 , <b>1865</b> , 183n ; <b>telegram</b> to , Jan. 8 , <b>1865</b> , 255n ; <b>telegram</b> to&nbsp;...
    1D8fAQAAMAAJ v14 The Papers of Ulysses S. Grant: February 21-April 30, 1865 (1967) :: ... <b>Ford</b> , Charles W. ( friend of USG ) ... <b>Fort</b> Adams , <b>Miss</b> . , 437n <b>Fort</b> Anderson , N.C. , 37n - 38n , 39n , 40n <b>Fort</b> ... <b>Monroe</b> , Va .: officers at , 18 , 19n , 39n , 89n , 149n , 180n , 181n , 237n , 354n , 409n , 420n ; <b>telegraph office</b>&nbsp;...
    ij8fAQAAMAAJ v13 The Papers of Ulysses S. Grant: November 16, 1864-February 2 (1967) :: ... <b>Ord</b> , Edward O. C. ( U.S. Army ) : as- signed to command 24th Army Corps ... Fort Fish- er , 348n ; manages personnel , 348n , 359n , 512 , 513 , 537 ; turns over C.S.A. currency , 362n ; goes to <b>Fort Monroe</b> ... <b>1865</b> , 183n ; <b>telegram</b>&nbsp;...
E569	"Mrs. Ord" Fortress Monroe room headquarters March 1865	total 0	shown 0
E569	Sheldon "telegraph office" removal "Fort Monroe" Ord 1865	total 0	shown 0
E574	Stanton "City Point" March 1865 "River Queen" visit Grant	total 1	shown 0
E574	Stanton left Washington "March 15" 1865 "City Point"	total 3	shown 3
    DVLPEPsH1_oC v14 The Papers of Ulysses S. Grant (1985) :: Februray 21-April 30, <b>1865</b> Ulysses Simpson Grant John Y. Simon. To Edwin M. <b>Stanton City Point March</b> 14th <b>1865</b> [ 3:00 P.m. ] Hon , E , M , <b>Stanton</b> Sec , of War , <b>Washington</b> I am very much dissatisfied with Canby , He has been slow beyond&nbsp;...
    1D8fAQAAMAAJ v14 The Papers of Ulysses S. Grant: February 21-April 30, 1865 (1967) :: ... <b>Stanton City Point March</b> 14th <b>1865</b> [ 3:00 Р.М. ] HON , E , M , <b>STANTON</b> SEC , OF WAR , <b>WASHINGTON</b> ... <b>15</b> , USG telegraphed to Maj . Gen. Edward O. C. Ord . &quot; The . Secy . of War ... <b>left City Point</b> , if not at what time does he expect to&nbsp;...
    ij8fAQAAMAAJ v13 The Papers of Ulysses S. Grant: November 16, 1864-February 2 (1967) :: ... <b>Point</b> Lookout , Md . &quot; Sergeant WM Watterbery Co D 3rd North Carolina Cavalry was forwarded from here to <b>Point</b> Lookout by Gen Patrick Pro <b>Mar</b> : Gen as a prisoner of war January <b>15th 1865</b> - please inform me without delay , whether he is&nbsp;...
E574	"Dealy" telegraph "Fort Monroe" Stanton	total 0	shown 0
E574	Stanton visit "City Point" "March 16, 1865"	total 5	shown 3
    DVLPEPsH1_oC v14 The Papers of Ulysses S. Grant (1985) :: Februray 21-April 30, <b>1865</b> Ulysses Simpson Grant John Y. Simon. To Edwin M. <b>Stanton City Point March</b> 14th <b>1865</b> [ <b>3</b>:00 P.m. ] Hon , E , M , <b>Stanton</b> Sec , of War , Washington I am very much dissatisfied with Canby , He has been slow beyond&nbsp;...
    1D8fAQAAMAAJ v14 The Papers of Ulysses S. Grant: February 21-April 30, 1865 (1967) :: ... <b>Stanton City Point March</b> 14th <b>1865</b> [ <b>3</b>:00 Р.М. ] HON , E , M , <b>STANTON</b> SEC ... <b>see</b> you on this &amp; other matters tomorrow . &quot; ALS ( telegram sent ) ... <b>16</b> , Brig . Gen. John A. Rawlins telegraphed to Ord . &quot; Secretary <b>Stanton</b> is&nbsp;.
    ij8fAQAAMAAJ v13 The Papers of Ulysses S. Grant: November 16, 1864-February 2 (1967) :: ... <b>visit City Point</b> , 27 , 135 , 153 , 163 ; <b>visits</b> USG , 167-68 ; returns home ... <b>1865</b> , 298 ; invited to <b>visit</b> Julia Dent Grant , 298 Grant , Jesse Root , Jr ... <b>Stanton</b> telegraphs to , 203n ; letter to , Jan. 4 , <b>1865</b> , 233-34&nbsp;...
# requests 14
