officialrecordso0012unse	Wilmington	total 1
    None | {'text': ['authorities in the pro¬ tection of {{{Wilmington}}}, N. C. 7\n; °FF {{{Wilmington}}}, N. C. February 22, 1865\noir:', 'dition above {{{Wilmington}}} in search of Confederate cavalry .\nU. S. S. Lenapee, {{{Wilmington}}} , N. C', 'conditions in and about {{{Wil
officialrecordso0012unse	Malvern	total 1
    None | {'text': [' . I57\nAbstract log of the U. S. S. {{{Malvern}}}, flagship North Atlantic\nBlockading Squadron', '.\nLilian .\nLittle Ada .\nMackinaw .\nMahopac .\n{{{Malvern}}} _ _\nMaratanza .\nMartin .\nMassasoit .\nMattabesett', 'North Atlantic Squadron,\n77. S. Flagship {{{Malv
officialrecordso0012unse	Winants	total 0
officialrecordso0012unse	Hancox	total 0
officialrecordso0012unse	"steamer Russia"	total 0
officialrecordso0012unse	Webster quartermaster Monroe	total 0
None	"Russia is disabled"	total 8
    None | {'text': ['views on the matter.\nWe feel confident that {{{Russia is disabled}}} in the Black Sea, and as far off Constantinople']}
    None | {'text': ['helping herself to another slice of China while {{{Russia Is disabled}}} with internal dissension and Kurope is engrossed']}
    None | {'text': ['flying deck with fighting planes to do so when {{{Russia is disabled}}} | MARTIAL LAW and posted special lookouts']}
    None | {'text': ['have regarded as with- in Yeach. Still, if {{{Russia is disabled}}} from further encroachments by way of the']}
    None | {'text': ["years ago ; but it w'ould be idle to say that {{{Russia is disabled}}}. The powerful armies which, in the heat and"]}
    None | {'text': ['years ago; but it would be idle to say that {{{Russia is disabled}}}. The powerful armies which, in the heat and']}
None	"Winants is hardly"	total 0
None	"Baltic which was at Baltimore"	total 0
None	"fifty six-mule teams"	total 75
    None | {'text': ['with our beef herd and a train of about {{{fifty six-mule teams}}} strung out behind us, we had an exciting']}
    None | {'text': ['service in connection with the transfer of {{{fifty six-mule teams}}} and ey from this Department to the Department']}
    None | {'text': ['fifty animals ; corral, with capacity for {{{fifty six-mule teams}}}; offices, theater building, root house,']}
    None | {'text': ['with our beef herd and a train of about {{{fifty six-mule teams}}} strung out behind us we saw the buffalo']}
    None | {'text': ['crossed the Divide. It was not unusual to see {{{fifty six-mule teams}}}, each pulling two wagons, winding their']}
    None | {'text': ['animals ; corral, with capacity for {{{fifty six-mule teams}}}; offices, theater building, root house']}
None	"transportation for 4,000 men"	total 0
