GB | "six vessels" Oriental intitle:Grant | ERR HTTP Error 503: Service Unavailable
GB | "Webster, Ralph C." intitle:Grant | ERR HTTP Error 503: Service Unavailable
GB | "Dodge, George S." intitle:Grant | ERR HTTP Error 503: Service Unavailable
GB | "Howell, William T." intitle:Grant | ERR HTTP Error 503: Service Unavailable
GB | "Beckwith, Samuel H." intitle:Grant | ERR HTTP Error 503: Service Unavailable
GB | "Sheldon, George D." intitle:Grant | ERR HTTP Error 503: Service Unavailable
GB | "Ingalls, Rufus" "Jan. 5, 1865" intitle:Grant | ERR HTTP Error 503: Service Unavailable
GB | Montauk steamer intitle:Grant | ERR HTTP Error 503: Service Unavailable
GB | Blackstone steamer intitle:Grant | ERR HTTP Error 503: Service Unavailable
GB | Leary steamer intitle:Grant | ERR HTTP Error 503: Service Unavailable
GB | "Alliance" steamer Fort Monroe intitle:Grant | ERR HTTP Error 503: Service Unavailable
GB | Butler "Fort Monroe" "Jan. 6, 1865" intitle:Grant | ERR HTTP Error 503: Service Unavailable
GB | "C. C. Leary" Blackstone 1865 | total 8
    XJsyAQAAMAAJ | The Internal Revenue Record and Customs Journal 1865 :: ... Blackstone National Bank , Providence , Rhode Island ; capital , $ 500,000 . President , Fully D. Ber- ven ; cashier ... 1865 . 65 ) , same as BANKS . TRUST COMPANIES . Of dividends , in duplicate ( Form VESSELS engaged in&nbsp;...
    yXjs6cUWtkgC | Auction catalogues of books 1846 :: ... Blackstone&#39;s Commentaries , with Notes by Hovenden and Ryland , 4 vols . 1829 2 vols . half calf gilt 425 Phillimore ... 1865 - White&#39;s Selborne , 1836 - Kitto&#39;s Bible Illustrations 1862 432 Hallam&#39;s Europe during the Middle Ages&nbsp;...
    UD4yAAAAIAAJ | Mr. Serjeant Stephen's New Commentaries on the Laws of England 1903 :: ... Leary . Patrick ( 1850 ) , 15 Q. B. 266 ; 4 New Sess . Cas . 258 ; 19 L. J. M. C. 211 ; 14 Jur . 932 ii . 621 ... Leasingby v . Smith ( 1769 ) , 2 Wils . 406 iv . 285 Leather Cloth Co. v . American Leather Cloth Co. ( 1865 ) , 11&nbsp;...
    xpktAQAAMAAJ | Internal Revenue Record and Customs Journal 1865 :: ... Blackstone National Bank , Providence , Rhode Island ; capital , $ 500,000 . President , Fully D. Ber- ven ; cashier ... 1865 . CIGAR MAKERS . - Monthly on the first Monday of each month . CIRCUSES . - Gross receipts , same as&nbsp;...
    pZNFAQAAMAAJ | Bradstreet's Weekly 1891 :: ... BLACKSTONE BLD&#39;G , M CORMICK &amp; SPENCE , CLEVELAND , OHIO Attorneys and ... 1865. ) BANKFRS AND BROKERS , Attorneys and Counsellors , 800 BROAD STREET ... C. C. Baldwin , B. Aymar Sands , Stuart G. Nelson , M. C. D. Borden&nbsp;...
    V2eyCSVg5WMC | The Waterways Journal 1946 :: ... Leary , 822 Perdido St. , Tel . Ra - 3675 , New Orleans , La . 1 1 ا 4 OFFICES : New Orleans Houston Birmingham. 3020 Carew Tower 1865 oing ST . LOUIS SHIPBUILDING &amp; STEEL CO . Barges , Towboats , Caissons Kort Nozzles WE ST . LOUIS&nbsp;...
GB | "Eliza Hancox" Winants 1865 | ERR HTTP Error 503: Service Unavailable
GB | Beckwith Sheldon Butler "Fort Monroe" January 1865 | ERR HTTP Error 503: Service Unavailable
