papersofulyssess0010gran | Farquhar | 0
papersofulyssess0010gran | Weitzel | ERR HTTP Error 502: Bad Gateway
papersofulyssess0010gran | "chief engineer" | ERR HTTP Error 502: Bad Gateway
papersofulyssess0011gran | Biggs | 1
    Ingalls in the suggestion that Lieu- tenant-Colonel {{{Biggs}}} be directed to prepare the necessary transportation
    embarking the troops.” [bid., p. 725. To Col. Herman {{{Biggs}}} Cold Harbor, Va. June 12. 1864 Cot Brices CHIEF
    War Records Office, Army of the Potomac. Herman {{{Biggs}}} of N. Y., USMA 1856, was serving as 2nd It. and
     col. and chief q. m., Dept. of Va. and N. C., {{{Biggs}}} served under Maj. Gen. Benjamin F. Butler. JUNE
    12:20 P.M., Butler telegraphed to Bowers. “Lt Col {{{Biggs}}} is so sick with a very troublesome and dangerous
papersofulyssess0011gran | "ferry boats" | ERR HTTP Error 502: Bad Gateway
papersofulyssess0011gran | lumber | 1
    Mill a[t] Fort Monroe to saw all th[e] two inch {{{lumber}}} they can, [a]nd place it on board barges subject
    material he may have on hand. Send also all the {{{lumber}}} you can, particularly the 2 inch plank This will
papersofulyssess0012gran | "Sixth Corps" steamers | 1
    Hancock. “I have ordered to straw- berry plains {{{steamers}}} Ostensibly to bring down the 2d Corps. It is intended
    unfortunate giving way of a part of Ricketts Division {{{sixth Corps}}} and a portion of the 19th Corps which came back
    conduct of Uptons Brigade of the first Di- vision {{{sixth Corps}}}—The enemy then attempted to turn my right flank
    Surgeon Gn. informs me that the only two ocean {{{Steamers}}} at the disposal of the Medical Dept. suitable
    Butler to know why he wanted the two Ocean Hospital {{{Steamers}}} of which you telegraphed but have received no
papersofulyssess0000unse | Sixth Corps | 0
papersofulyssess0000unse | Weybosset | ERR HTTP Error 502: Bad Gateway
papersofulyssess0000unse | "Western Metropolis" | 0
papersofulyssess0000unse | Baltic | 0
papersofulyssess0014gran | Baltic | 0
papersofulyssess0014gran | "Western Metropolis" | 0
be-api requests 13
