"chestnut poles" "Gloucester Point" | totalItems 2 | returned 2
    Railway and Engineering Review 1916 | ... <b>Gloucester Point</b> and near Leedstown to Metomkin Point , on the Potomac river , and thence to a connection with the ... <b>chestnut poles</b> . EQUIPM
    Railway Review 1916 | ... <b>Gloucester Point</b> and near Leedstown to Metomkin Point , on the Potomac river , and thence to a connection with the ... <b>chestnut poles</b> . EQUIPM
"base of supplies" "chestnut poles" | totalItems 355 | returned 10
    Industrial Standardization 1948 | ... <b>bases</b> for the <b>supply</b> of wood <b>poles</b> the for- mer in the mountain states area and the latter on the Pacific coast . The specifications fo
    The "price Trend Review" of the American Telephone and Telegraph Compa 1938 | ... <b>Chestnut Poles</b> . When I mentioned Mr. Nihan&#39;s recent statement to the effect that their costs averaged 12 % below ... <b>suppliers</b> , nor in t
    Publications on Wood Technology 1895 | ... <b>supply</b> of <b>poles chestnut</b> will ultimately replace cedar , because of its ease ... <b>Pole</b> . Circumference outside bark Circumference inside
    The "Price trend review ..." 1938 | ... <b>Chestnut Poles</b> . When I mentioned Mr. Nihan&#39;s recent statement to the effect that their costs averaged 12 % below ... <b>suppliers</b> , nor in t
    Electrical Supply Year Book 1926 | ... <b>Bases</b> .... 253 , 259 , 269 732 CD - 85 . 447 CD - 93 . 590 CD - 93 . 114 CD ... <b>Bases</b> . 253 , 259 , 265,269 BD - 45 . 655 , 656 259 BG - 47 to
    Industrial Standardization 1949 | ... <b>bases</b> for the <b>supply</b> of wood <b>poles</b> the for- mer in the mountain states area and the latter on the Pacific coast . The specifications fo
"have not rotted down" poles | totalItems 1 | returned 1
    Digger's Diary 2000 | ... <b>poles</b> for the runners and cheaper 6 - foot ones for the climbing French ... <b>have not rotted down</b> , at least not on the surface , because they 
"very little wire on hand" | totalItems 358 | returned 10
    A Dictionary of Arts, Manufactures and Mines 1864 | ... <b>a</b> brass plate varnished on the inner side . Looking at the coil , <b>a short wire</b> from its right - <b>hand</b> end comes to <b>a</b> screw termin
    The Ornithologist and Oölogist 1886 | ... <b>very</b> easily handled . For birds larger than Robins , it will be better to ... <b>wire</b>- cutters , fine forceps , needle , bit and cop . For <b>a</
    The Gardener's Assistant: Practical and Scientific ... 1878 | ... <b>wire</b> , the other end of which has been curved into <b>a very small</b> semicircle ... <b>hand</b> , in <b>a</b> properly made bouquet the flowers are
    A Supplement to Mr. Chambers's Cyclopaedia 1753 | ... <b>little</b> , <b>so</b> as re to emit an inflammable vapour . bre And the experiment succeeds equally well , whether an elec ... <b>hand</b> merely ; but 
    More magic, by prof. Hoffmann 1890 | ... <b>a little wire</b> staple , one inch long by three quarters wide , soldered to <b>a</b> circular tin plate of slightly larger ... <b>hand</b> , the <b>wir
    Your Old Wiring 2001 | David E. Shapiro. Knife - could close on <b>hand</b> Wallboard being scored Knife held dangerously in <b>a hand</b> - where it could close on the <b>hand</b> . 
"Sheldon" "Gloucester Point" "Mattapony" 1864 telegraph | ERROR HTTP Error 503: Service Unavailable
CONTROL "telegraph route most easily protected" | totalItems 294 | returned 10
    Chapters of Telegraph History 1861 | ... <b>TELEGRAPH</b> . Telegraphic and Letter - Mail Communication with the Pacific - Including the <b>Protection</b> of Emi- grants and the Formation of Settle
    The Westminster Review 1887 | ... <b>telegraph</b> cable here is of much commercial and of the <b>highest</b> mili- tary importance . On this <b>route</b> there would be a refitting station 
    The Electrical Journal 1898 | ... <b>most</b> feasible is the one favoured , we are glad to notice , by the ... <b>easily protected</b> , and would afford alternative and multiple channels o
    The Telegraphic Journal and Electrical Review 1889 | ... <b>protected</b> by a double pole cut - out on the batten . No lamp holders are ... <b>telegraph</b> service of this country . 41 The German Telephones . - 
    Westminster and Foreign Quarterly Review 1887 | ... <b>telegraph</b> cable here is of much commercial and of the <b>highest</b> mili- tary importance . On this <b>route</b> there would be a refitting station 
    Accounts and Papers of the House of Commons 1878 | ... <b>most</b> difficult to mend . 50. This unhappy state of affairs may in some ... <b>telegraph</b> line along the Mekran coast to the Persian Gulf . * After
RETRY "Sheldon" "Gloucester Point" "Mattapony" 1864 telegraph | totalItems 4
    The War of the Rebellion: v. 1-53 [serial no. 1-111] Formal reports, b 1891 | ... <b>SHELDON</b> , <b>Telegraph</b> Operator , Fort Monroe : HEADQUARTERS , May 28 , <b>1864</b> . I should have no doubt that the <b>telegraph</b> route most
    The War of the Rebellion 1891 | ... <b>SHELDON</b> , <b>Telegraph</b> Operator , Fort Monroe : HEADQUARTERS , May 28 , <b>1864</b> . I should have no doubt that the <b>telegraph</b> route most
    The War of the rebellion: a compilation of the official records of the 1891 | 
    House documents 1892 | ... <b>1864</b> . I want you to prepare for work in direction of White House from ... <b>Sheldon</b> as to plans and route to build upon . Answer quick . You mu
