"Jan. 16" Morgan telegraphed intitle:Grant | total 2 | Grant Papers 2
    ij8fAQAAMAAJ 1967 The Papers of Ulysses S. Grant: November 16, 1864- | ... <b>Jan</b>. 8 , 9:10 A.M. , in O.R. , I , xlvi , part 2 , 64. On <b>Jan</b>. 8 , 1:00 P.M ... <b>telegraphed</b> that he had to go into camp , as transportation was not on hand ... <b>Morgan</b> . &quot; You will immediately proceed to Fort Monroe and load such&nbsp;...
    mnRjmhe3QLoC 1985 November 16, 1864-February 20, 1865 | ... <b>Jan</b>. 8 , 9:10 a.m. , in O.R. , I , xlvi , part 2 , 64. On <b>Jan</b>. 8 , 1:00 p.m. , Sheridan tele- graphed to USG ... <b>telegraphed</b> that he had to go into camp , as transportation was not on hand , and would not be , until this evening&nbsp;...
"Jan. 17" Morgan telegraphed intitle:Grant | total 4 | Grant Papers 4
    7DAAxfRuXKoC None The Papers of Ulysses S. Grant | ... <b>Jan</b>. 18 , 1864 , Maj . Gen. John G. Foster , Knox- ville , <b>telegraphed</b> to USG . &quot; Your telegram rec&#39;d . Gen&#39;ls Park ... <b>Morgan</b> is advancing towards Marysville . I have ordered Gen&#39;l Sturgis to meet him at the crossing of the Little&nbsp;...
    mD4fAQAAMAAJ 1967 The Papers of Ulysses S. Grant: January 1-May 31,  | ... <b>telegraphed</b> to USG . &quot; Your telegram rec&#39;d . Gen&#39;ls Park and Granger have ... <b>Morgan</b> is advancing towards Marysville . I have ordered Gen&#39;l Sturgis to ... <b>17</b> , USG , Nashville , had <b>telegraphed</b> to Maj . Gen. Henry W. Halleck&nbsp;...
    Mk7a6J79RO0C 1991 The Papers of Ulysses S. Grant, Volume 17 | Ulysses Simpson Grant John Y. Simon. 1867 , <b>JAN</b> . <b>17</b>. USG endorsement . &quot; Respectfully forwarded to the Sec- retary ... <b>Morgan</b> , Colorado Territory , to USG . “ I see by G. O. No 92 dated War Dept. Adjt Genl&#39;s Office Washington Nov&nbsp;...
    nQstPeWppxsC 2005 January 1-October 31, 1876 | ... <b>Jan</b>. 12 , 1876 , William T. Barnard , War Dept. , <b>telegraphed</b> to Col. Thomas H. Ruger , superintendent , USMA ... <b>17</b> , USG wrote . &quot; Geo . H. Sands asks to be appointed as his own successor to West Point . If elegible for such apt&nbsp;...
"Jan. 17" Porter Rawlins intitle:Grant | total 0 | Grant Papers 0
"three vessels" disabled intitle:Grant | total 2 | Grant Papers 1
    mnRjmhe3QLoC 1985 November 16, 1864-February 20, 1865 | ... <b>disabled</b> a small gunboat &amp; have two ( 2 ) Rams aground &amp; we are hitting them every shot . I am determined to blow ... <b>three</b> naval <b>boats</b> went up to your assistance &quot; &quot; All the naval <b>boats</b> have gone up to your assistance —give it to&nbsp;...
"ready by tomorrow noon" intitle:Grant | total 1 | Grant Papers 1
    DVLPEPsH1_oC 1985 Februray 21-April 30, 1865 | ... <b>noon tomorrow ready</b> to move This would indicate his crossing the bridge by daylight and making known his movement to the enemy ; Do you intend this &amp; do you design he should occupy Humphreys line ? I do not know of any objection to the&nbsp;...
"Fort Fisher" "your instructions" intitle:Grant | total 8 | Grant Papers 3
    5pA5AQAAMAAJ 1885 From April, 1861, to April, 1865 | ... <b>instructions</b> were in these words : &quot; <b>The</b> expedition entrusted to <b>your</b> command has been fitted out to renew <b>the</b> attempt to capture <b>Fort Fisher</b> , North Carolina , and Wilmington ultimate- ly , if <b>the</b> fort falls . It is exceedingly&nbsp;...
    ij8fAQAAMAAJ 1967 The Papers of Ulysses S. Grant: November 16, 1864- | ... <b>the</b> second expedition did actually go with about 8,000 men ... <b>your instructions</b> ? Answer . There is no question about that , so far as <b>the</b> ... <b>Fort Fisher</b> , and also Wilmington , if possible , before <b>the</b> enemy got down&nbsp;...
    1D8fAQAAMAAJ 1967 The Papers of Ulysses S. Grant: February 21-April  | ... <b>Fort Fisher</b> or vicinity , for temporary duty , as per verbal <b>instructions</b> given him by <b>the</b> Lieut General Comdg . Upon <b>the</b> completion of <b>his instructions</b> he will rejoin these Headquarters . &quot; Copies , DLC - USG , V , 57 , 63 , 64 , 65&nbsp;...
"thirty five hundred" wagons intitle:Grant | total 21 | Grant Papers 7
    7DAAxfRuXKoC None The Papers of Ulysses S. Grant | ... <b>twenty eight hundred wagons</b> , sixteen thousand four hundred mules — Many thousand animals died , or were sent to the rear , but only a few hundred <b>wagons</b> , according to my information were lost or or destroyed . Elev- enth and twelfth&nbsp;...
    5pA5AQAAMAAJ 1885 From April, 1861, to April, 1865 | ... thousand infantry , besides <b>five thousand five hundred</b> cavalry , commanded by Kilpatrick . The artillery had been reduced to sixty guns . Each soldier carried <b>forty</b> rounds of ammunition on his person , and in the <b>wagons</b> were cartridges&nbsp;...
    3YUfAQAAMAAJ 1885 Leading Soldier of the Age, President of the Unite | ... <b>twenty</b> days &#39; ra- tions and five days &#39; forage . A supply of beef was driven along on foot . The trains consisted of <b>twenty</b> - <b>five hundred wagons</b> and six hundred ambulances . The destination depended on the character of the opposition&nbsp;...
    u7hcAAAAcAAJ 1868 The Life of General Ulysses Grant, Etc | ... hundred in length , destroying every thing which could assist the rebels to carry on the war . About sixty thousand troops were gathered under his banners . Three thousand <b>five hundred wagons</b> were in his train , requiring the services of&nbsp;...
    51VBAQAAMAAJ 1899 Our Red Brothers and the Peace Policy of President | ... hundred and sixty of their best horses and mules , bound for the city of ... <b>wagons</b> . But the trainmasters would accept of no help except from the ... <b>five thousand</b> pounds of supplies . Here were some green Indians driving four&nbsp;...
    1T4fAQAAMAAJ 1967 The Papers of Ulysses S. Grant: June 1-August 15,  | ... <b>fifty</b> round to be carried on the persons &amp; One <b>Hundred</b> ( 100 ) rounds in the <b>Wagons</b> &amp; for the transportation of small arm ammunition <b>five Wagons</b> were allowed for Every one <b>thousand</b> men -special orders Number <b>forty</b> four of June 28th 1864&nbsp;...
    p_MMAQAAMAAJ 1997 Soldier & President | ... <b>thirty</b> - <b>five hundred wagons</b> , the fleet of steamers and gunboats , the tens of thousands of modern repeating arms , and the thousands of well - mounted cavalry under his command were what , in a later day , would be known as force&nbsp;...
"Haze" intitle:Grant | total 0 | Grant Papers 0
Small rations vessels "Quartermaster" designates intitle:Grant | total 1 | Grant Papers 0
"all we have" vessels intitle:Grant | total 64 | Grant Papers 1
    XXD9cBTsRk4C 1979 The Papers of Ulysses S. Grant, Volume 8 | ... <b>all</b> the <b>vessels</b> that come down , and <b>I</b> expect the detention of the troops is owing to the head <b>vessels</b> waiting until the stern ones come up . <b>I</b> gave the officer in charge there , orders not to permit any <b>vessel</b> to pass without a convoy . <b>I</b>&nbsp;...
"Atlantic" Howell steamers intitle:Grant | total 0 | Grant Papers 0
"Baltic" Newport intitle:Grant | total 0 | Grant Papers 0
