## Grant Monroe Greyhound 1864-08-27 1864-09-03 | 4 hits; returned dates ['1864-08-30'] .. ['1864-09-03']
    1864-09-02 | cleveland morning leader (cleveland [ohio]) 1854-1865 | http://www.loc.gov/resource/sn83035143/1864-09-02/ed-1/?sp=1
    1864-08-30 | worcester daily spy (worcester [mass.]) 1850-1888 | http://www.loc.gov/resource/sn83021205/1864-08-30/ed-1/?sp=2
    1864-09-03 | the mountain democrat (placerville, el dorado county, c | http://www.loc.gov/resource/sn82014487/1864-09-03/ed-1/?sp=3
    1864-09-03 | evening star (washington, d.c.) 1854-1972 | http://www.loc.gov/resource/sn83045462/1864-09-03/ed-1/?sp=2
## Grant "Fortress Monroe" Mrs 1864-08-27 1864-09-03 | 30 hits; returned dates ['1864-08-27'] .. ['1864-09-03']
    1864-08-30 | daily national intelligencer (washington city [d.c.]) 1 | http://www.loc.gov/resource/sn83026172/1864-08-30/ed-1/?sp=3
    1864-08-30 | new-york daily tribune (new-york [n.y.]) 1842-1866 | http://www.loc.gov/resource/sn83030213/1864-08-30/ed-1/?sp=1
    1864-08-28 | new york dispatch (new york [n.y.]) 1863-1899 | http://www.loc.gov/resource/sn85026214/1864-08-28/ed-1/?sp=1
    1864-09-02 | dayton daily empire (dayton [ohio]) 1850-1865 | http://www.loc.gov/resource/sn85026002/1864-09-02/ed-1/?sp=2
    1864-08-29 | evening star (washington, d.c.) 1854-1972 | http://www.loc.gov/resource/sn83045462/1864-08-29/ed-1/?sp=2
    1864-08-31 | lewistown gazette (lewistown, pa.) 1843-1944 | http://www.loc.gov/resource/sn83032276/1864-08-31/ed-1/?sp=2
    1864-08-30 | worcester daily spy (worcester [mass.]) 1850-1888 | http://www.loc.gov/resource/sn83021205/1864-08-30/ed-1/?sp=2
    1864-09-02 | the portland daily press (portland, me.) 1862-1921 | http://www.loc.gov/resource/sn83016025/1864-09-02/ed-1/?sp=3
    1864-08-27 | the daily gate city (keokuk, iowa) 1855-1916 | http://www.loc.gov/resource/sn83025182/1864-08-27/ed-1/?sp=1
    1864-08-31 | daily national republican (washington, d.c.) 1862-1866 | http://www.loc.gov/resource/sn86053570/1864-08-31/ed-1/?sp=2
    1864-08-28 | new york dispatch (new york [n.y.]) 1863-1899 | http://www.loc.gov/resource/sn85026214/1864-08-28/ed-1/?sp=5
    1864-08-29 | daily national intelligencer (washington city [d.c.]) 1 | http://www.loc.gov/resource/sn83026172/1864-08-29/ed-1/?sp=3
    1864-09-03 | the pacific commercial advertiser (honolulu, hawaiian i | http://www.loc.gov/resource/sn82015418/1864-09-03/ed-1/?sp=2
    1864-08-27 | the pacific commercial advertiser (honolulu, hawaiian i | http://www.loc.gov/resource/sn82015418/1864-08-27/ed-1/?sp=2
    1864-09-03 | springfield weekly republican (springfield, mass.) 1851 | http://www.loc.gov/resource/sn83020847/1864-09-03/ed-1/?sp=4
    1864-09-01 | evening star (washington, d.c.) 1854-1972 | http://www.loc.gov/resource/sn83045462/1864-09-01/ed-1/?sp=2
    1864-09-02 | daily ohio statesman (columbus, ohio) 1855-1870 | http://www.loc.gov/resource/sn84028645/1864-09-02/ed-1/?sp=3
    1864-09-03 | evening star (washington, d.c.) 1854-1972 | http://www.loc.gov/resource/sn83045462/1864-09-03/ed-1/?sp=2
    1864-09-03 | new-york daily tribune (new-york [n.y.]) 1842-1866 | http://www.loc.gov/resource/sn83030213/1864-09-03/ed-1/?sp=1
    1864-09-03 | the new york herald (new york [n.y.]) 1840-1920 | http://www.loc.gov/resource/sn83030313/1864-09-03/ed-1/?sp=1
## Perit Monroe 1864-11-05 1864-11-14 | 1 hits; returned dates ['1864-11-09'] .. ['1864-11-09']
    1864-11-09 | new-york daily tribune (new-york [n.y.]) 1842-1866 | http://www.loc.gov/resource/sn83030213/1864-11-09/ed-1/?sp=8
## "Ninth Vermont" Monroe 1864-11-05 1864-11-14 | 0 hits; returned dates [] .. []
