CTRL-E531	"six vessels" Oriental	total 356	shown 10
    oRQjxZm85K4C  Government Or Private Ownership of Merchant Shipping? (1927) :: ... <b>Oriental</b> Mail Line , which thereupon became the American Mail Line service between Seattle and Victoria and ... <b>six vessels</b> of the Pacific - Argentine - Brazil Line , and with this sale disposed of the last of its services from&nbsp;...
    v5xbAAAAQAAJ  Reports from Committees (1849) :: ... <b>Oriental</b> Steam Navigation Company . The duties stipulated for in the constitution or deed of settlement of the ... <b>six vessels</b> are not constantly employed ; there are about twenty- three employed ; there are always a certain number&nbsp;...
    kD_39F2huQQC  Decisions of the Federal Maritime Commission (1963) :: ... <b>six vessels</b> are basically the C2 type freighter design , modified for refrigerated cargo installations . They are of ... <b>Oriental</b> destinations . Applicant does not load commercial cargo , either dry or reefer , to the <b>Orient</b> out of&nbsp;...
    XOBUdiqR8CAC  Decisions of the U.S. Maritime Commission, Federal Maritime  (1963) :: ... <b>six vessels</b> are basically the C2 type freighter design , modified for refrigerated cargo installations . They are of ... <b>Oriental</b> destinations . Applicant does not load commercial cargo , either dry or reefer , to the <b>Orient</b> out of&nbsp;...
    CBh380f0bF4C  Diplomatic and Consular Reports (1899) :: ... <b>Oriental</b> .. 50 .. .. 125,810 Occidental and <b>Oriental</b> .. 39 106,216 Holt&#39;s Line ( Ocean Steamship Company ) 39 ... <b>six vessels</b> ( tive of which were built in England ) aggregating 34,724 tons to their fleet ; and it has now running&nbsp;...
    WDLSHSMKhlUC  Decisions (1963) :: ... <b>six vessels</b> are basically the C2 type freighter design , modified for refrigerated cargo installations . They are of ... <b>Oriental</b> destinations . Applicant does not load commercial cargo , either dry or reefer , to the <b>Orient</b> out of&nbsp;...
    em8jKUgFUi0C  Monthly Review - Immigration and Naturalization Service (1944) :: ... <b>Chinese</b> are eligible if they served on such vessels prior to July 31 , 1943 ; most of the other Allied Nations ... <b>six vessels</b> to sail on schedule . It may be of interest to know that despite many such last - minute demands , the&nbsp;...
    F5LZAAAAMAAJ  The Science of Immortality (1992) :: ... <b>Oriental</b> society . The Bible also says that woman must be calm in the church . Abraham Issac 1 Jacob 2 Dan 3 Pokhi Munwang 1 2 Suwoon 3 Jeungsan 4 Youngmo 4 55 Victress ( <b>Oriental six vessels</b> ) Victor 6 ( Occidental seven angels ) 67&nbsp;...
    P_IsAQAAMAAJ  The Timberman (1926) :: ... <b>six vessels</b> of the Tatsuuma Kisen Kaisha fleet , for which latter concern the first named company is Pacific Coast ... <b>Oriental</b> market . &quot; That there is a considerable improvement in the <b>Oriental</b> market is quite evident , &quot; said&nbsp;...
    w-NSd2UjTDIC  Marine Engineer and Motorship Builder (1909) :: ... <b>six vessels</b> , aggregating about 16,500 tons , having been sent off the stocks in Scottish yards . Two of the vessels ... <b>Oriental</b> fleet . She is of 11,500 tons register , 560 ft . long by 61 ft . beam and the largest vessel ever&nbsp;...
E558	"telegraph office at Yorktown" 1865	total 317	shown 10
    vxJXAAAAcAAJ  The Book of Dates; Or, Treasury of Universal Reference: ...  (1866) :: ... <b>1865</b> Nobbs&#39;s , King street , Camden Trestrail &amp; Co.&#39;s , Deptford , .. 1864 town ... <b>1865</b> Trowbridge , 1862 North ... <b>Yorktown</b> , Virginia , ..... 1863 convention , ... ..<b>1865</b> and Switzerland disagree as ... 1859 Pettitt &amp; Co.&#39;s&nbsp;...
    EJwVAAAAYAAJ  The Biographical Directory of the Railway Officials of Ameri (1885) :: 
    OeuqO9UOOZIC  Report of the Secretary of War, which Accompanied the Annual (1866) :: ... <b>telegraph</b> , for the fiscal year ending June 30 , <b>1865</b> . WASHINGTON CITY , D. C. , October 9 , <b>1865</b> . GENERAL : I ... <b>Office</b> , July 1 , <b>1865</b> . My annual report for the fiscal year ending June 30 , 1864 , was forwarded to your <b>office</b>&nbsp;...
    nSwaAAAAMAAJ  Annual Reports of the War Department (1866) :: ... <b>telegraph</b> , for the fiscal year ending June 30 , <b>1865</b> . WASHINGTON CITY , D. C. , October 9 , <b>1865</b> . GENERAL : I ... <b>Yorktown</b> , Jamestown island , Surrey Court House , Fort Powhatan , and City Point . The line from Swan&#39;s Point&nbsp;...
    -l43AAAAIAAJ  Who's who in Railroading in North America (1885) :: 
    h_9UAAAAcAAJ  House Documents (1866) :: ... <b>telegraph</b> , for the fiscal year ending June 30 , <b>1865</b> . WASHINGTON CITY , D. C. , October 9 , <b>1865</b> . GENERAL : I ... <b>Office</b> , July 1 , <b>1865</b> . My annual report for the fiscal year ending June 30 , 1864 , was forwarded to your <b>office</b>&nbsp;...
    7FwCOfeSX14C  Message of the President and Accompanying Documents (1866) :: ... <b>telegraph</b> , for the fiscal year ending June 30 , <b>1865</b> . WASHINGTON CITY , D. C. , October 9 , <b>1865</b> . GENERAL : I ... <b>Office</b> , July 1 , <b>1865</b> . My annual report for the fiscal year ending June 30 , 1864 , was forwarded to your <b>office</b>&nbsp;...
    nZ0FAAAAQAAJ  House Documents, Otherwise Publ. as Executive Documents (1866) :: ... <b>telegraph</b> , for the fiscal year ending June 30 , <b>1865</b> . WASHINGTON CITY , D. C. , October 9 , <b>1865</b> . GENERAL : I ... <b>Office</b> , July 1 , <b>1865</b> . My annual report for the fiscal year ending June 30 , 1864 , was forwarded to your <b>office</b>&nbsp;...
    2QSxkxE2fNkC  Annual Report of the Quartermaster-General to the Secretary  (1880) :: United States. Quartermaster&#39;s Dept. HEADQUARTERS UNITED STATES MILITARY <b>TELEGRAPH</b> , <b>Department</b> of the Cumberland , Nashville , Tenn . , <b>1865</b> ... <b>Yorktown</b> , Jamestown island , Surrey Court House , Fort Powhatan , and City Point . The line&nbsp;...
    4k4Kvxy9TFsC  Telegraphers of To-day (1893) :: ... <b>Telegraph</b> Company , where he still remains . A. B. McCOY . of San Francisco Western Union <b>office</b> , under Manager Flemon Drake . He resigned in Novem- ber of same year to go to Chicago , where he re- mained until the fall of 1890. He&nbsp;...
E558	Ord Yorktown "telegraph station" February 1865 quartermaster	total 3	shown 3
    OzpFAQAAMAAJ  The Journal of the Armed Forces (1885) :: ... <b>station</b> , San Fran- cisco , Cal . MISS NELLIE WILLIAMS , of Georgetown ... <b>quartermaster</b> , has been stricken with paralysis , and says that Maj . Lord ... <b>Ord</b>- nance Department , U. S. A. , who on Wednesday read an interesting&nbsp;...
    MGiuvhSFf4AC  The United States Army and Navy Journal and Gazette of the R (1901) :: ... <b>quartermaster</b> and chief surgeon occupy the second floor and they suffer more ... <b>telegraph</b> and military <b>station</b> , is well built and has a population of ... <b>Yorktown</b> , battle of Williamsburg , action of Oak Grove , battle of Glen&nbsp;...
    8E0-AQAAMAAJ  Army-Navy-Air Force Register and Defense Times (1907) :: ... <b>station</b> at Fort Leavenworth . The student officers completed their course in ... <b>February</b> 26 , to the House , the conference report and statement on the Army ... <b>telegraph</b> system for the extension and betterment of the system in&nbsp;...
E558	"George D. Sheldon" Yorktown operators	total 1	shown 1
    MRIzAQAAMAAJ  The Military Telegraph During the Civil War in the United St (1882) :: ... <b>Yorktown</b> . Besides those at McClellan&#39;s , there were at this time with the army , and on the line of communication to Washington , the following <b>operators</b> ... <b>George D. Sheldon</b> ; Cherrystone , G. W. Baldwin ; Drummondstown , Del- aware&nbsp;...
E564	"William L. James" pilots monitors	total 351	shown 10
    57Ms5CkigSkC  Report on Operations Analysis Including Monitoring, Enforcem (1973) :: Randall <b>L</b>. Hurlburt. Appendix C TASK GROUP 2 MEMBERSHIP Chairman Randall <b>L</b>. Hurlburt Members <b>William</b> B. Becker ... <b>James</b> Johnson H. Ray Lahr Bert J. Lockwood Harold F. Marthinsen Charles P. Miller <b>James</b> Mullins <b>James</b> M. Nissen John&nbsp;...
    XlQsAQAAMAAJ  Restaurant Finance Monitor (2002) :: ... <b>MONITOR</b> 200 Brad Honigfeld - CEO David Cahill -. THE TOP 25 Boddie - Noell ... <b>James</b> D. Olson - President <b>William L</b>. Boddie - President W. Craig Worthy ... <b>Pilot</b> Travel Centers , LLC . Knoxville , TN ADF Companies Fairfield , NJ&nbsp;...
    SyABBPNbHI4C  Deeds of Valor. How America's Heroes Won the Medal of Honor (1901) :: ... <b>WILLIAM</b> H. Priv . , Co. C , 82d Ohio Inf . WILLIAMSON , <b>JAMES</b> A. Col. , 4th ... <b>L</b> , 1st N. J. Cav . WILSON , JOHN M. 1st Lieut . , U. S. Engrs . INDIAN WARS ... <b>Monitor</b> Neosho . DORMAN , JOHN Seaman U. S. S. Carondelet . ERICKSON&nbsp;...
    C7dAAQAAMAAJ  Deeds of Valor (1902) :: ... <b>WILLIAM</b> H. Priv . , Co. C , 82d Ohio Inf . WILLIAMSON , <b>JAMES</b> A. Col. , 4th ... <b>L</b> , 1st N. J. Cav . WILSON , JOHN M. 1st Lieut . , U. S. Engrs . INDIAN WARS ... <b>Monitor</b> Neosho . DORMAN . JOHN Seaman U. S. S. Carondelet . ERICKSON&nbsp;...
    7m4pAQAAIAAJ  The AOPA Pilot (1996) :: ... <b>William</b> C. Carroll Jr. , Charles Kessler , <b>James</b> W. Cobb Jr. , Charles Mitchell , Frank Heffernan , Richard D. Abbott , Robert Hills , Reed Blair , Kevin R. Condroski , Roger Strantz , Karl Volger , Augusto Ferrara , <b>William L</b>. Rice&nbsp;...
    xzeVxPp66owC  Air University Library Index to Military Periodicals (1962) :: ... <b>Pilot</b> weather reports . LtCol <b>James</b> A. Talbot . illus MATS Flyer 11 : 12-13 Aug 164 Responsibility -- and its rewards : plain man&#39;s guide to Britain&#39;s air traffic control services . Humphrey Wynn . photos Flight 85 : 56-60 Jan 9 &#39;64 The&nbsp;...
    _8lQAAAAYAAJ  SAE Transactions (1983) :: ... <b>monitoring</b> of airplane acceleration on takeoff . <b>James</b> W. Danaher , National ... <b>pilots</b> have no direct , accurate means to assess actual air- plane ... <b>William L</b>. Derrick , Department of Behavioral Sciences and Leadership , U.S.&nbsp;...
    mOZNAQAAMAAJ  Deeds of Valor (1907) :: ... <b>WILLIAM</b> Sergt . , Co. K , 10th U. S. Cav . MCDONALD FRANKLIN м . Priv . , Co. G , 11th U. S. Inf . MCDONALD , <b>JAMES</b> ... <b>L</b>. 1st Sergt . , Co. C , 8th U. S. Cav . MURPHY , PHILLIP Corp. , Co. F ... <b>Monitor</b> Neosho . DORMAN , JOHN Seaman&nbsp;...
    d-STN4jlskwC  Research Awards Index (1982) :: ... <b>JAMES L</b> , NEW YORK , NEW YORK Prevent pre- maturity by treating genitourinary infection ( human ) . NO1HD - 32837-00 ( ** ) CROWLEY , <b>WILLIAM</b> ... <b>Monitoring</b> of NO1HR - 34003-01 ( ** ) ROSENTHAL , MYRON , CORAL GABLES , FLORIDA <b>Monitoring</b>&nbsp;...
    GFRGAAAAYAAJ  SAE Transactions and Literature Developed During ... (1983) :: 
E564	"two pilots" monitors "Fort Monroe" March 1865	total 102	shown 10
    _IMsAAAAMAAJ  The Naked Truth of the Rebellion, 1861-1865 (1963) :: ... <b>Fort Monroe</b> . Though the grounding of the Minnesota prevented the use of her battery , finally one heavy gun was brought to bear on <b>two</b> ... <b>pilot</b> came onboard and ... <b>March</b> 9 , 1862 Third Decisive Battle The night of 92 <b>MONITOR</b> AND MERRIMAC.
    urFYAAAAMAAJ  Sketches of War History, 1861-1865 (1888) :: ... <b>pilot</b> - house off its base ; four of the five shots fired struck her ... <b>monitors</b> , that many enthusiastic ones , among them ladies , came down on the <b>two</b> ... <b>Monroe</b> , in <b>March</b> , the year before ; and had it not been for the &quot; Little&nbsp;...
    sypzBgAAQBAJ  Civil War Biographies from the Western Waters (2015-02-20) :: ... <b>March 1865</b>, after his October resignation served as U.S. minister to Peru until 1870. He returned to his law ... <b>Monroe</b>, it was learned that the little ironclad&#39;s previous <b>pilot</b>, a man with Southern sympathies, was refusing to take&nbsp;...
    uglIAQAAMAAJ  Historical Sketch of the War of the Rebellion, from 1861 to  (1890) :: ... <b>two</b> six - inch rifles similar to the above , and six nine - inch smooth ... <b>March</b> 8 , 1862 , that the great iron - clad steamed out of Norfolk and up ... <b>Monroe</b> . The Minnesota and Roanoke had been sister - ships of the Merrimac&nbsp;...
    YH4xAQAAMAAJ  The American Annual Cyclopedia and Register of Important Eve (1901) :: ... <b>Fort Monroe</b> . In <b>March</b> , 1862 , he entered the volunteer service as ... <b>1865</b> , was assigned to duty in New Orleans . In <b>1865</b> he was appointed ... <b>two</b> parts of which had appeared in 1891 as Launcelot and Guenevere and were now&nbsp;...
    9GZBAQAAMAAJ  Appletons' Annual Cyclopaedia and Register of Important Even (1901) :: ... <b>Fort Monroe</b> . In <b>March</b> , 1862 , he entered the volunteer service as ... <b>1865</b> , was assigned to duty in New Orleans . In <b>1865</b> he was appointed ... <b>two</b> parts of which had appeared in 1891 as Launcelot and Guenevere and were now&nbsp;...
    Zs7iAAAAMAAJ  Sketches of War History, 1861-1865 (1991) :: ... <b>pilot</b> - house off its base ; four of the five shots fired struck her ... <b>monitors</b> , that many enthusiastic ones , among them ladies , came down on the <b>two</b> ... <b>Monroe</b> , in <b>March</b> , the year before ; and had it not been for the &quot; Little&nbsp;...
    HW0VAQAAMAAJ  Sketches of War History, 1861-1865: 1886-1888 (1991) :: ... <b>pilot</b> - house off its base ; four of the five shots fired struck her ... <b>monitors</b> , that many enthusiastic ones , among them ladies , came down on the <b>two</b> ... <b>Monroe</b> , in <b>March</b> , the year before ; and had it not been for the &quot; Little&nbsp;...
    jpJRAAAAYAAJ  Appleton's Annual Cyclopædia and Register of Important Event (1901) :: ... <b>Fort Monroe</b> . In <b>March</b> , 1862 , he entered the volunteer service as ... <b>1865</b> , was assigned to duty in New.Orleans . In <b>1865</b> he was appointed ... <b>two</b> parts of which had appeared in 1891 as Launcelot and Guenevere and were now&nbsp;...
    y9IJYrZ0ro8C  Appletons' Annual Cyclopedia and Register of Important Event (1901) :: ... <b>Fort Monroe</b> . In <b>March</b> , 1862 , he entered the volunteer service as ... <b>1865</b> , was assigned to duty in New Orleans . In <b>1865</b> he was appointed ... <b>two</b> parts of which had appeared in 1891 as Launcelot and Guenevere and were now&nbsp;...
E564	Sangamon Montauk pilots "Fort Monroe" quartermaster 1865	total 3	shown 4
    3x4_AQAAMAAJ  The United States Army and Navy Journal and Gazette of the R (1865) :: ... <b>Montauk</b> . Acting Second Assistant Engineer Charles B. Wright , from the Rescue , and ordered to the <b>Sangamon</b> ... <b>1865</b> . The dismissal of Acting Master and <b>Pilot</b> William Jones is hereby revoked from the date thereof , and his resignation&nbsp;...
    naw0AQAAMAAJ  Armed Forces Journal International (1864) :: ... <b>Montauk</b> . Acting Second Assistant Engineer Charles B. Wright , from the Rescue , and ordered to the <b>Sangamon</b> ... <b>1865</b> . The dismissal of Acting Master and <b>Pilot</b> William Jones is hereby revoked from the date thereof , and his resignation&nbsp;...
    vmxFAQAAMAAJ  Army, Navy, Air Force Journal & Register (1864) :: ... <b>Montauk</b> . and <b>Pilot</b> William Richardson is hereby revoked from its date , 221 COX ; Boatswain , Wm . Green . Acting Second Assistant Engineer Charles B. Wright , from the March , <b>1865</b> . MINNESOTA , screw , 52 , now at the Portsmouth Navy&nbsp;...
    hOz8GwAACAAJ  Standing Orders of the Post of Fort Monroe, Virginia (1910) :: 
E569	"Mrs. Ord" "Fort Monroe" telegraph office 1865	total 161	shown 10
    isstAAAAIAAJ  The War of the Rebellion (1894) :: ... <b>Mrs</b>. General <b>ORD</b> , <b>Fort Monroe</b> : April 9 , <b>1865</b> . Lee&#39;s army surrendered to - day . Army of the James did first rate ... <b>telegraph</b> from Dublin . Echols was CHAP . LVIII . ] 677 CORRESPONDENCE , ETC. - UNION . HEADQUARTERS ARMIES OF&nbsp;...
    j3Ap7INRXAEC  The War of the Rebellion: v. 1-53 [serial no. 1-111] Formal  (1894) :: ... <b>Mrs</b>. General <b>ORD</b> , <b>Fort Monroe</b> : April 9 , <b>1865</b> . Lee&#39;s army surrendered to - day . Army of the James did first rate ... <b>telegraph</b> from Dublin . Echols was CHAP . LVIII . ] 677 CORRESPONDENCE , ETC. - UNION .
    DVLPEPsH1_oC v14 The Papers of Ulysses S. Grant (1985) :: ... <b>1865</b> , 79-80 ; letter to , March 12 , <b>1865</b> , 145-46 ; letter to , April 17 , <b>1865</b> , 405 ; transmits message to ... <b>Fort</b> Adams , <b>Miss</b> . , 437n <b>Fort</b> Anderson , N.C. , 37n - 38n , 39n , 40n <b>Fort</b> Blakely , Ala . , 125 , 126n , 401n&nbsp;...
    1D8fAQAAMAAJ v14 The Papers of Ulysses S. Grant: February 21-April 30, 1865 (1967) :: ... <b>Ford</b> , Charles W. ( friend of USG ) ... <b>Fort</b> Adams , <b>Miss</b> . , 437n <b>Fort</b> Anderson , N.C. , 37n - 38n , 39n , 40n <b>Fort</b> ... <b>Monroe</b> , Va .: officers at , 18 , 19n , 39n , 89n , 149n , 180n , 181n , 237n , 354n , 409n , 420n ; <b>telegraph office</b>&nbsp;...
    ij8fAQAAMAAJ v13 The Papers of Ulysses S. Grant: November 16, 1864-February 2 (1967) :: ... <b>Ord</b> , Edward O. C. ( U.S. Army ) : as- signed to command 24th Army Corps ... Fort Fish- er , 348n ; manages personnel , 348n , 359n , 512 , 513 , 537 ; turns over C.S.A. currency , 362n ; goes to <b>Fort Monroe</b> ... <b>1865</b> , 183n ; <b>telegram</b>&nbsp;...
    XUY_AQAAMAAJ  New York Review of the Telegraph and Telephone and Electrica (1910) :: ... <b>Ford</b> &amp; Shultz . During this time he made the acquaintance of General U. S. ... <b>1865</b> , while the war was still in progress , he was married to <b>Miss</b> ... <b>FORT MONROE</b> , VA . - Sealed pro- posals ( in triplicate ) will be received&nbsp;...
    yPI-AQAAMAAJ  The United States Army and Navy Journal and Gazette of the R (1896) :: ... <b>Mrs</b>. Wood has received many beautiful presents from her friends throughout the country . &quot; Lieut . D. W. Kilburn ... <b>1865</b> to 1895 ; &quot; Capt . A. H. Bowman , 9th Inf . , &quot; A Memorandum on the Proper Military Support of the Civil&nbsp;...
    2uExAQAAMAAJ  Western Electrician (1897) :: ... <b>Telegraph</b> company , capitalized at $ 100,000 , was incorporated at Albany , November 29th . The principal <b>office</b> ... <b>Fort</b> Wash- ington , Md . , and Sheridan Point , Va . The <b>ord</b>- nance ... <b>Mrs</b>. Leroy Ransom , a grandniece of Benjamin&nbsp;...
    9H1AUnNmSqQC  Lincoln Day by Day (1960) :: A Chronology, 1809-<b>1865</b>. L. visits <b>telegraph office</b> in War Dept. , 61Ap27 ... <b>Monroe</b> , 61D8 submarine lines , 61D8 , 15 lines taken over by War Dept ... <b>Mrs</b>. L. and Robert attend , 64F15 see also Concerts ; Opera ; and names of&nbsp;...
    naw0AQAAMAAJ  Armed Forces Journal International (1864) :: ... <b>1865</b> : James Armstrong , first - class fireman , January 19 , Naval Hospital , New Orleans . Daniel McLean , quarter ... <b>fort</b> , arsenal and army headquar ters of the United States , in honor of the restoration of the Flag of the&nbsp;...
E569	"Mrs. Ord" Fortress Monroe room headquarters March 1865	total 84	shown 10
    3vc-AQAAMAAJ  The United States Army and Navy Journal and Gazette of the R (1866) :: ... <b>Fortress Monroe</b> , August 23d . THE Lenapee is repairing at Norfolk . The Agawam is at Beaufort . ALL the squadrons ... <b>Headquarters</b> De- partment of the Gulf , in charge of the records of the De- partment of Louisiana . Joseph H&nbsp;...
    H3JOAQAAMAAJ  The Journal of the Armed Forces (1894) :: ... <b>Monroe</b> , Va . , this week from a post leave of seven days . <b>Mrs</b>. Pettit ... <b>March</b> 13 , says : &quot; Paymaster Jewett of the U. S. cruiser Yantic is ill with ... <b>1865</b> . Secretary of War Lamont has awarded a medal of honor to Miran H&nbsp;...
    CN8_AQAAMAAJ  History of Essex County, Massachusetts (1888) :: ... <b>headquarters</b> in Boston with <b>Miss</b> Abby W. May as chairman , and it was as an adjunct to this society that the Lawrence Soldiers &#39; Aid Society was formed . Early in 1862 some Boston friends applied to <b>Mrs</b> ... <b>Room</b> ; the <b>room</b> was filled and an&nbsp;...
    rmwrAQAAIAAJ  Lincoln Herald (1988) :: ... <b>Ford&#39;s</b> Theatre April 14 , <b>1865</b> , passes- $ 2000 and $ 3200 ; Lincoln note of October 1 , 1860- $ 1600 ; <b>Fort Monroe</b> lamp used by Lincoln- $ 2800 . The life of John M. Lloyd who testified against Mary Surratt is discussed in Laurie&nbsp;...
    h5JIAQAAMAAJ  Harpers Weekly (1865) :: ... <b>room</b> and Booth would walk into the hall and out again , followed by Atzerott . The latter when in liquor had once ... <b>March</b> Booth handed him the following dispatch , which was sent to Washington : &quot; NEW YORK , Marek 28 , <b>1865</b>&nbsp;...
    z27O8QlrbpcC  Army and Navy Register (1942) :: ... <b>room</b> , <b>bedroom</b> , kitchenette , and bath . The kitchen and dining <b>rooms</b> of ... <b>Fortress Monroe</b> , Va . , or ( b ) the commandant of the Fifth Naval Dist ... <b>March</b> 7. 1920 . As a hotel for the armed services , the Chamber- lain is&nbsp;...
    FS905eXA9YIC  Congressional Record (1966) :: ... <b>word</b> , Jefferson Davis lived up to that pledge . At the close of the war , he was held prisoner in <b>Fortress Monroe</b> for 2 years . Humble and submissive to God , but un- cringing to man , he typified noble southern manhood . Dr. Craven&nbsp;...
    FXQOAAAAQAAJ  The British Flag (1862) :: ... <b>room</b> enough for black man was conducting the service . The tell a lie , nor use one bad <b>word</b> , nor swear a profane ... <b>March</b> 3rd . Amongst those present were the Rev. Dr. Sale , Vicar , the Rev. W. Wilkinson , the Rev. F. C. Morton&nbsp;...
    SRtGAQAAMAAJ  Cyclopedia of Classified Dates with an Exhaustive Index (1900) :: 
    BkRGCX13bs4C  Army-Navy-Air Force Register and Defense Times (1942) :: ... <b>room</b> , <b>bedroom</b> , kitchenette , and bath . The kitchen and dining <b>rooms</b> of ... <b>Fortress Monroe</b> , Va . , or ( b ) the commandant of the Fifth Naval Dist ... <b>March</b> 7 , 1920 . As a hotel for the armed services , the Chamber- lain is&nbsp;...
E569	Sheldon "telegraph office" removal "Fort Monroe" Ord 1865	total 3	shown 4
    vugnfIFKP-kC  American Horse Breeder (1903) :: ... <b>Office</b> The Horse Breeder . BOSTON , MASS . <b>Telephone</b> 2328 Main . Entered at ... <b>ord</b> - breaker Ten Broeck . He will endeavor that four of the six were ... <b>fort</b> would probably be made this season by the world&#39;s champion trotter&nbsp;...
    zyQ8AQAAMAAJ  New York Times Saturday Review of Books and Art (1969) :: ... <b>Sheldon&#39;s</b> poem , &quot; When the Call Is Sounded , &quot; published in THE NEW YORK ... <b>Monroe</b> Doctrine , Mexico , the rule of the sea , and other matters . a ... <b>removal</b> . Malkan&#39;s NEW YORK&#39;S LARGEST BOOKSTORE 42 BROADWAY Phone 3900 BROAD&nbsp;...
    YGSnTKov8DUC  The New York Times Review of Books (1969) :: 
    KbvezQEACAAJ  Telegram from Sheldon T. Mills in Amman to Secretary of Stat () :: 
E574	Stanton "City Point" March 1865 "River Queen" visit Grant	total 65	shown 10
    79E6AK63WXUC  Lincoln Day by Day (1960) :: ... <b>MARCH</b> 23. En route . President telegraphs Gen. <b>Grant</b> at <b>City Point</b> , Va .: &quot; We ... <b>River Queen</b> . &quot; Browning , Diary ; Washington Star , Mar. 23. President and party depart from Arsenal dock , 6th Street wharf , at 1 P.M. for <b>City Point</b>&nbsp;...
    Qv4oDwAAQBAJ  A Lincoln Dialogue (2014-07-01) :: ... <b>City Point</b> that Johnston “will get away if he can, and you will never catch him until after miles of travel and many ... <b>River Queen</b>, he brought together <b>Grant</b>, Porter, and Sherman, who had now reached North Carolina. At Sherman&#39;s&nbsp;...
    JoQcEAAAQBAJ  Abraham Lincoln (2009-01-05) :: ... <b>March</b> 24 , the <b>River Queen</b> arrived at <b>City Point</b> , an immense base of supplies for the army that swarmed with soldiers , teamsters , sentries , wagons , ambulances , and other conveyances . When <b>Grant</b> and his wife called to pay their&nbsp;...
    g5ueoofrMRkC  The Century (1890) :: ... <b>Grant</b> is certainly a very polite man . When I asked him to come into the ... <b>River Queen</b> until the transfer to the barge ; also that another transport ... <b>City Point</b> to carry the Presi- dent back and forth from the <b>River Queen</b>&nbsp;...
    bs0V4wVFv_wC  Lincoln Lore (1955) :: ... <b>City Point</b> where Abraham Lincoln lived on the &quot; <b>River Queen</b> , &quot; his marine White House for eighteen days , offered the most pronounced emotional appeal . The absence of any formal recog- nition of the events associated with this port&nbsp;...
    9H1AUnNmSqQC  Lincoln Day by Day (1960) :: ... <b>River Queen</b> . &quot; Browning , Diary ; Washington Star , Mar. 23. President and party depart from Arsenal dock , 6th Street wharf , at 1 P.M. for <b>City Point</b> . LL , No. 1385 ; J. S. Barnes , 520-21 ; OR 1 , XLVI , pt . 3 , 86-7 . [ Irwin&nbsp;...
    nXwKAQAAIAAJ  Collected Works (1953) :: ... <b>Stanton</b> telegraphed Lincoln on <b>March</b> 23 : &quot; I reached the Arsenal with Mrs. <b>Stanton</b> to <b>see</b> you depart a few minutes after you had ... <b>River Queen</b> . Hon . Sec . of War . Washington , D.C. To Edwin M. Stanton1 <b>City Point</b> ... <b>MARCH</b> 25 , <b>1865<
    ncVZAAAAYAAJ  Scribner's Monthly, an Illustrated Magazine for the People (1890) :: ... <b>Grant</b> is certainly a very polite man . When I asked him to come into the ... <b>River Queen</b> until the transfer to the barge ; also that another transport ... <b>City Point</b> to carry the Presi- dent back and forth from the <b>River Queen</b>&nbsp;...
    a4zPAAAAMAAJ  The Century Illustrated Monthly Magazine (1907) :: ... <b>Grant</b> , Lieutenant - General . He eagerly responded to the call and started on the <b>River Queen</b> , convoyed by the little steamer Bat , Friday , <b>March</b> 24 , and arrived at <b>City Point</b> the following evening . General <b>Grant</b> directed his&nbsp;...
    DW9XAAAAYAAJ  The Collected Works of Abraham Lincoln: 1864-1865 (1953) :: ... <b>Stanton</b> telegraphed Lincoln on <b>March</b> 23 : &quot; I reached the Arsenal with Mrs. <b>Stanton</b> to <b>see</b> you depart a few minutes after you had ... <b>River Queen</b> . Hon . Sec . of War . Washington , D.C. To Edwin M. Stanton1 <b>City Point</b> ... <b>MARCH</b> 25 , <b>1865<
E574	Stanton left Washington "March 15" 1865 "City Point"	total 25	shown 10
    DVLPEPsH1_oC v14 The Papers of Ulysses S. Grant (1985) :: ... <b>City Point</b> March 14th <b>1865</b> [ 3:00 P.m. ] Hon , E , M , <b>Stanton</b> Sec , of War , <b>Washington</b> I am very much dissatisfied ... <b>March 15</b> , USG telegraphed to Maj . Gen. Edward O. C. Ord . &quot; The . Secy . of War will be here tomorrow If all&nbsp;...
    tMktAAAAIAAJ  The War of the Rebellion (1895) :: ... <b>STANTON</b> , Secretary of War : <b>CITY POINT</b> , VA . , <b>March 15</b> , <b>1865</b> . The Richmond papers of to - day are received ... <b>left</b> , and sending them again across the James River . This movement is connected with other operations , of which&nbsp;...
    mkJ_4G_EE6MC  The War of the Rebellion: v. 1-53 [serial no. 1-111] Formal  (1895) :: ... <b>CITY POINT</b> , VA . , <b>March 15</b> , <b>1865</b> . The Richmond papers of to - day are received , but they contain no news of ... <b>left</b> , and sending them again across the James River . This movement is connected with other operations , of which&nbsp;...
    naw0AQAAMAAJ  Armed Forces Journal International (1864) :: ... <b>CITY POINT</b> , March 23 , <b>1865</b> . Hon EDWIN M. <b>STANTON</b> , Secretary of War : Richmond papers are received . The ... <b>March 15</b> , <b>1865</b> . } First Lieutenant Charles H. Bradford , United States Marine corps , who was mortally wounded and&nbsp;...
    3x4_AQAAMAAJ  The United States Army and Navy Journal and Gazette of the R (1865) :: ... <b>CITY POINT</b> , March 23 , <b>1865</b> . Hon EDWIN M. <b>STANTON</b> , Secretary of War : Richmond papers are received . The ... <b>March 15</b> , <b>1865</b> . } First Lieutenant Charles H. Bradford , United States Marine corps , who was mortally wounded and&nbsp;...
    cJRovKU5AcIC  House documents (1895) :: Hon . E. M. <b>STANTON</b> , Secretary of War : <b>CITY POINT</b> , VA . , <b>March 15</b> , <b>1865</b> ... <b>left</b> , and sending them again across the James River . This movement is ... <b>Washington</b> : Earl Russell&#39;s communication to Mason , Slidell , and Mann was&nbsp;...
    hDrcE0_iM-8C  The War of the rebellion: a compilation of the official reco (1895) :: 
    9xTctoH9pPYC  Military Records of Schoharie County Veterans of Four Wars (1891) :: ... <b>City Point</b> ; after six weeks , sent to <b>Stanton</b> Hospital , <b>Washington</b> , and discharged therefrom in <b>1865</b> ... <b>Washington</b> and Philadel- phia ; discharged June 30 ... <b>March 15</b> , 1891 , <b>leaving</b> a widow and daughter , Ida May ; 126 <b>Washington</b>&nbs
    1D8fAQAAMAAJ v14 The Papers of Ulysses S. Grant: February 21-April 30, 1865 (1967) :: ... <b>Stanton City Point</b> March 14th <b>1865</b> [ 3:00 Р.М. ] HON , E , M , <b>STANTON</b> SEC , OF WAR , <b>WASHINGTON</b> ... <b>March 15</b> , USG telegraphed to Maj . Gen. Edward O. C. Ord . &quot; The . Secy ... <b>left City Point</b> , if not at what time does he expect to&nbsp;...
    Lply8EeW4mgC  The Medical and Surgical History of the War of the Rebellion (1876) :: ... <b>City Point</b> , <b>March 15</b> , <b>1865</b> , suffering from dropsy . On March 23d , he was transferred to Harewood Hospital , <b>Washington</b> , and on April 17th to <b>Stanton</b> Hospital . On May 7th , Surgeon B. B. Wilson , U. S. V. , administered chloroform&nbsp;...
E574	"Dealy" telegraph "Fort Monroe" Stanton	total 2	shown 2
    JZc2AQAAMAAJ  Telegraph and Telephone Age (1917) :: ... <b>Stanton</b> . &quot; The war cloud broke upon us in &#39;61 like it has now , but closer ... <b>Dealy</b> and Pritchard , at the end of that line at night , worked their ... <b>Fort Monroe</b> . Two days later the Confederates cut his line to Newport News&nbsp;...
    ozZu1hIt_OgC  Lincoln in the Telegraph Office (1995-01-01) :: ... <b>Dealy</b> , at <b>Fort Monroe</b> , say over the wire , &quot; Turn down for Richmond . &quot; To one not a telegrapher these words would ... <b>STANTON</b> , Secretary of War , Washing- ton , D. C .: We took Richmond at 8:15 this morning . The city is on&nbsp;...
E574	Stanton visit "City Point" "March 16, 1865"	total 15	shown 10
    naw0AQAAMAAJ  Armed Forces Journal International (1864) :: ... <b>March 16 , 1865</b> , U.S ship North Lawrence Rooney , coal - heaver , March 17 , 1865 , Naval Asylum . OFFICIAL ... <b>CITY POINT</b> , March 23 , 1865 . Hon EDWIN M. <b>STANTON</b> , Secretary of War : Richmond papers are received . The following&nbsp;...
    3x4_AQAAMAAJ  The United States Army and Navy Journal and Gazette of the R (1865) :: ... <b>March 16 , 1865</b> , U.S ship North Corolina . Lawrence Rooney , coal - heaver , March 17 , 1865 , Naval Asylum ... <b>CITY POINT</b> , March 23 , 1865 . Hon EDWIN M. <b>STANTON</b> , Secretary of War : Richmond papers are received . The following&nbsp;...
    9prEEAAAQBAJ  George Henry Thomas (2019-06-09) :: ... <b>City , Point</b> , Va . , <b>March 16 , 1865</b> , OR , vol . 47 , pt . 2 , 859 . 113. U. S. Grant to Sherman , <b>City , Point</b> ... <b>Stanton</b> to GHT , Washington City , April 3 , 1865–10 AM , OR , vol . 49 , pt . 2 , 197–198 . The message&nbsp;...
    6hs7AgAAQBAJ  The Yellowhammer War (2013) :: ... <b>Stanton</b> to Grant , Washington , December 7 , 1864 , 10:20 A.M. , OR , 45 , pt . 2 , 84 . 19. Thomas to Halleck ... <b>City Point</b> , Va . , <b>March 16 , 1865</b> , OR , 47 , pt . 2 , 859 . 22. Sherman to Thomas , In the Field , Savannah , Ga&nbsp;...
    3yqivQAU5p0C  The War of the Rebellion (1895) :: ... <b>CITY POINT</b> , VA . , January 1 , 1865 . Secretary of War , Washington , D. C .: Herewith I submit a statement lately ... <b>March 16 , 1865</b> , to June 30 , 1865 , <b>see</b> Part III . ( 3 ) * <b>See</b> Grant to <b>Stanton</b> , 3 p . m PART II.-VOL. XLVI. ...
    cJRovKU5AcIC  House documents (1895) :: ... <b>STANTON</b> , <b>CITY POINT</b> , VA . , January 1 , 1865 . Secretary of War , Washington , D. C .: Herewith I submit a ... <b>March 16 , 1865</b> , to June 30 , 1865 , <b>see</b> Part III . ( 3 ) * <b>See</b> Vol . XLII , Part III , p.
    9b1OAQAAMAAJ  The Army & Navy Official Gazette (1865) :: ... <b>City Point</b> , Richmond , and WAR DEPARTMENT , WASHINGTON , April 27 , 1865 . No passes are required from Washington ... <b>March 16 , 1865</b> . 1. For the purpose of producing uniformity in the transportation service and guarding against&nbsp;...
    ePkVZ9RSsacC  Army & Navy Official Gazette (1865) :: ... <b>City Point</b> , Richmond , and Petersburg . WAR DEPARTMENT , WASHINGTON , April 27 , 1865 . No passes are required from ... <b>March 16 , 1865</b> . 1. For the purpose of producing uniformity in the transportation service and guarding&nbsp;...
    hDrcE0_iM-8C  The War of the rebellion: a compilation of the official reco (1895) :: 
    iOoXAQAAMAAJ  Life and Letters of George Gordon Meade, Major-general Unite (1994) :: ... <b>City Point</b> to the presentation . To - day Pendleton Watmough and young ... <b>March 16 , 1865</b> . To - day Mr. <b>Stanton</b> and lady , with a select party ... <b>visit</b> seems so like a dream I can hardly realize you have been here . The&nbsp;...
# requests 14
