papersofulyssess0014gran | Cashier | total 1
     ['papersofulyssess0014gran'] | None | think it will be advisable to call before it the {{{Cashier}}} of the National Bank Norfolk.” “You can remain
papersofulyssess0013gran | Grover | ERROR HTTP Error 502: Bad Gateway
papersofulysses0013gran | Grover | total 0
ALL | "Grover" "rounds of ammunition" "Fort Monroe" 1865 | ERROR HTTP Error 502: Bad Gateway
ALL | "forty rounds" Grover Rawlins | ERROR HTTP Error 502: Bad Gateway
ALL | "River Queen" "General Butler on board" | total 8
     ['underbluepennant00robe'] | None | Lincoln had  left  Washington  on  board  the  {{{River  Queen}}}  on  23  March  and  spent  two  weeks at  the together  for  a conference  on  board  the  {{{River  Queen}}}.  The  president  discussed  the  approaching Lincoln departed  for  Washington  on  the  {{{River  Queen}}}
Grattan's  nar
     ['underbluepennant00grat'] | None | Lincoln had  left  Washington  on  board  the  {{{River  Queen}}}  on  23  March  and  spent  two  weeks at  the together  for  a conference  on  board  the  {{{River  Queen}}} .   The  president  discussed  the  approaching Lincoln departed  for  Washington  on  the  {{{River  Queen}}}?x
Grattan’s 
     ['pictorialhistory00wils'] | None | was  raised  and the  firing  ceased.  {{{General  Butler,  on board}}}  the  tug  Fanny,  landed  at  the  fort Point.  There, in  the  upper  saloon  of  the  {{{River  Queen}}}, ]^nf^  on  the  evening  of  the  27th  of
     ['battlesofamerica03tome_0'] | None | was  raised  and the  firing  ceased.  {{{General  Butler,  on board}}}  the  tug  FcUiny,  landed  at  the  Point.  There, in  the  upper  saloon  of  the  {{{River  Queen}}}, Mar.  evening  of  the  27th  of
27 .  March
     ['battlessealand03tomerich'] | None | was  raised  and the  firing  ceased.  {{{General  Butler,  on board}}}  the  tug  Fanny,  landed  at  the  fort Point.  There, in  the  upper  saloon  of  the  {{{River  Queen}}}, Mar.  O11  the  evening  of  the  27th  of
     ['storyofwarpict9228wils'] | None | was  raised  and the  firing  ceased.  {{{General  Butler,  on board}}}  the  tug  Fanny,  landed  at  the  fort Point.  There, in  the  upper  saloon  of  the  {{{River  Queen}}}, Hqp^     on  the  everAug  of  the  27  th
     ['storyofwarpictor00wils'] | None | Avas  raised  and the  firing  ceased.  {{{General  Butler,  on board}}}  the  tug  Fanny,  landed  at  the  fort Point.  There, in  the  upper  saloon  of  llie  {{{River  Queen}}}, j[j^j^     on  the  eferSth.g  of  the  27
     ['pictorialhistorywils'] | None | was  raised  and the  firing  ceased.  {{{General  Butler,  on board}}}  the  tug  Fanny,  landed  at  the  fort Point.  There, in  the  upper  saloon  of  ihe  {{{River  Queen}}}, Mar.  ^^  ^^^  evening  of  the  27  th  of
ALL | "River Queen" Butler "up the James" 1865 Sheldon | ERROR HTTP Error 502: Bad Gateway
# requests 7
## retry after 25 s
papersofulyssess0013gran | Grover | total 0
ALL | "Grover" "rounds of ammunition" "Fort Monroe" 1865 | ERROR HTTP Error 502: Bad Gateway
ALL | "River Queen" Butler "up the James" 1865 Sheldon | ERROR HTTP Error 502: Bad Gateway
# requests 3
