== exchanges | sim_virginia-magazine-of-history-and-biography_fall-2014_122_supplement | 0
== Clark | sim_virginia-magazine-of-history-and-biography_fall-2014_122_supplement | 1
   meta None None
     * Caroline Y. Brandt * Dr. and Mrs. R. Thomas {{{Clark}}}, Jr. * Communication Design, Inc. * Mr. and Mrs
== "against orders" | sim_virginia-magazine-of-history-and-biography_fall-2014_122_supplement | 0
== telegram | sim_virginia-magazine-of-history-and-biography_fall-2014_122_supplement | 0
== Armstrong arrested | sim_virginia-magazine-of-history-and-biography_fall-2014_122_supplement | 1
   meta None None
     5. 30. {{{Armstrong}}}, “Reminiscences of the War”; George D. {{{Armstrong}}} to Lucretia N. {{{Armstrong}}}, 9 May 1864
    George D. {{{Armstrong}}} to Lucretia N. {{{Armstrong}}}, 4, 11, and 18 July, and 1 Aug. 1864, {{{Armstrong}}} Online Letters
    Presbyterian George D. {{{Armstrong}}}, whom Maj. Gen. Benjamin F. Butler {{{arrested}}} and imprisoned for disloyalty
    Presbyterian George D. {{{Armstrong}}} likewise ran afoul military authorities. Unlike Wingfield, {{{Armstrong}}} had taken the
    and {{{Armstrong}}} from their pulpits would facilitate the growth of loyalty among the laity. {{{Armstrong}}}, however
== Clark | letterofgovernor00pier | 1
   meta None None
    they  had quite  a  large  quantity  on  hand. —   {{{Clark}}},  being  duly  sworn,   says :  I  have  been one
    command  of  Major  General  Butler. "II.  C.  {{{CLARK}}}, '•''Cai)tam  and  A.  D.  C 35 "Headquarters, 
    for  editing  the  Kew  Eegime.  Then  Captain  {{{Clark}}}, one  of  General  Butler's  staff,  was  detailed
    Clarke,  about       1,800  00 34,317  46 Captain  {{{Clark}}}  is  on  detached  duty,  and  is  entitled  to
== exchanges | letterofgovernor00pier | 0
== Edgar Armstrong | letterofgovernor00pier | 0
requests 8
