papersofulyssess0014gran	Gordon Norfolk	total 1
    :: Cavalry to {{{Norfolk}}} Va. without delay. Col. S. will report by telegraph his arrival at {{{Norfolk}}} to Gen. Ord
    :: USG 3. 1865, Marcu 5. Brig. Gen. George H. {{{Gordon}}}, {{{Norfolk}}}, to USG. “I have three deserters from the 9th
    :: ibid. 1865, Marcu 12. Brig. Gen. George H. {{{Gordon}}}, {{{Norfolk}}}, to USG. “I have the honor to report that an
    :: commanding officer, {{{Norfolk}}}. “You will permit G Crowleys vessel to proceed from {{{Norfolk}}} to White House there
    :: Neck (Va.), 20n {{{Gordon}}}, George H. (U.S. Army), 90n, 162n—63n, 454, 459-60, 462, 474 {{{Gordon}}}, John B. (C.S
papersofulyssess0014gran	Suffolk	total 1
    :: useful—with other cavalry in a raid to winston from {{{Suffolk}}} and thence to—Halifax or Weldon—if there is a crossing
    :: think it will be advisable to Start Sumner from {{{Suffolk}}} to go to Weldon when Sheridan Starts from our left
    :: next Saturday will be the time for him to leave {{{Suffolk}}}” Tele- gram received (at 2:15 p.m.), Ord Papers
    :: Cavalry expedition will also be started by from {{{Suffolk}}}, to leave there on Saturday the Ist of Apl. under
    :: There are three companies of cavalry between {{{Suffolk}}} and Weldon,—called 12th N. C. Battalion,—commanded
papersofulyssess0014gran	Chowan	total 1
    :: telegraphed to USG. “The Blackwerdater a Branch of the {{{Chowan}}} I am informed can not be eressed exe forded except
    :: all the Maps ready that illustrate the Roanoke & {{{Chowan}}} Rivers. If Admiral Porter is there I should like
    :: afterwards will be reloaded and moved up to the {{{Chowan}}} to await our arrival north of Roanoke. I shall
    :: Depot, and one with Hd Qrs at Murfrees pickets the {{{Chowan}}} and Blackwater. When Genl. Sherman was last heard
    :: and n, 225, 286n, 468 Chickentown, Va., 365, 366n {{{Chowan}}} River (N.C.), 172n, 236n, 339n, 474 Christiansburg
papersofulyssess0014gran	pontoons	total 1
    :: let us cross the Marcu 12, 1865 143 river as our {{{pontoons}}} were useless on account of the high water—In this
    :: Send forage and rations to the White House also {{{Pontoons}}} in case I have to go around that far. I have had
    :: Potomac—a Cava[Iry] would have to have a ferry or {{{pontoons}}} the ferry is destroyed—hence a dash can not be
    :: Bottom’s Bridge or Long Bridge, and whether you wish {{{Pontoons}}} taken from here. When you start out from here
    :: bridging enough I will at once telegraph to you and {{{pontoons}}} can be sent to Long Bridge (crossing.)” LS, DNA
papersofulyssess0014gran	"Gordon" Blackwater	total 1
    :: Neck (Va.), 20n {{{Gordon}}}, George H. (U.S. Army), 90n, 162n—63n, 454, 459-60, 462, 474 {{{Gordon}}}, John B. (C.S
    :: See George Meade, The Life and Letters of George {{{Gordon}}} Meade (New York, 1913), Il, 263-64, where the footnote
    :: along the South-side R. R.—This cannot be either {{{Gordon}}} or Pegram. Our artillery this morning dra++ drew
    :: the sergt 11th N-C. of the departure of Rhodes & {{{Gordon}}}” “I have sent you a despatch from which you will
    :: shows that large amounts still go by way of the {{{Blackwater}}}—They no doubt go on the Treasury permits heretofore
papersofulyssess0014gran	forded	total 1
    :: the Chowan I am informed can not be eressed exe {{{forded}}} except near the Army of the Potomac—a Cava[Iry]
papersofulyssess0014gran	gunboats Suffolk	total 1
    :: with you the Army {{{Gunboats}}} accompanying your expedition and also request the Navy {{{Gunboats}}} to go, and remain
    :: sides of the Cape Fear river. Yesterday while the {{{gunboats}}} main- tained a heavy fire upon Fort Anderson I
    :: side. The troops are pursuing the enemy and the {{{gunboats}}} are moving up the river. Fort Anderson & its collateral
    :: GENL. GIBBON Compe. A oF J. If there are any Army {{{Gunboats}}} that can accompany the expedi- tion up the Rappahannock
    :: his district and he has a number of light draft {{{gunboats}}}” ALS (telegram sent), DNA, RG 45, Area File; telegram
papersofulyssess0014gran	Eckert	total 1
    :: qrs. had a postscript added by Maj. Thomas T. {{{Eckert}}}, March 9, 10:00 a.m. “The above despatch was handed
    :: (sent on April 15, 12:20 a.M.), Maj. Thomas T. {{{Eckert}}} telegraphed to USG “On night Train to Burlington
    :: xlix, part 2, 362. On April 16, Maj. Thomas T. {{{Eckert}}} telegraphed to USG. “The above is from the Cipher
    :: forwarded for your information, also one to Maj. {{{Eckert}}} from Operator at Cincinnati . . . “Hd. Qrs. Cavalry
    :: Genl.’ ‘Cincinnati Apl. 16th 10 P M 1865 Mas. {{{Eckert}}} Cairo says Clara Dean just arrived bringing news
papersofulyssess0014gran	telegraph Goldsboro	total 1
    :: message. “By {{{telegraph}}} & mail. {{{Telegraph}}} from {{{Goldsboro}}} & steamer to Old Point & {{{telegraph}}} from there,
    :: Schofield about {{{Goldsboro}}}’. He may have to make take Fayetteville and first on his way to {{{Goldsboro}}}. If you reach
    :: against Kinston & {{{Goldsboro}}}. I may cross Neuse about Cox’s Bridge and move into {{{Goldsboro}}}, but will not attempt
    :: possession of {{{Goldsboro}}}. I have ordered Schofield and Terry to press toward {{{Goldsboro}}}, as hard as possible
    :: Stanton. On March 23, Sherman, {{{Goldsboro}}}, wrote to USG. “On reaching {{{Goldsboro}}} this morig I found Lt Dunn
papersofulyssess0014gran	operators	total 1
    :: Charles A. Dana telegraphed to USG. “Two telegraph {{{operators}}} who were in the rebel service at Wilmington up
    :: telegraphed to USG. “I would suggest if there are any {{{operators}}} telegraphic of the Army of the James to spare
    :: Meade sug- gests that if you have any telegraphic {{{operators}}} to spare they be sent over to him as in extending
    :: Col. Theodore S. Bowers. “I will send two (2) {{{operators}}} to night.” Copy, DNA, RG 393, 25th Army Corps
    :: Dabney Mills March 31st/65 Mags. Gn. MEADE, The {{{operators}}} at my Hd Qrs. have gone to the wrong place or
papersofulyssess0014gran	Wilmington telegraph	total 1
    :: message. “By {{{telegraph}}} & mail. {{{Telegraph}}} from Goldsboro & steamer to Old Point & {{{telegraph}}} from there,
    :: telegraphed to USG. “Two {{{telegraph}}} operators who were in the rebel service at {{{Wilmington}}} up to its capture,
    :: left {{{Wilmington}}} on the 2nd inst. repert state that it was officially known reported at {{{Wilmington}}} on the
    :: 123n Williamson, Mrs. (of Va.), 321n {{{Wilmington}}}, Del., 207n {{{Wilmington}}}, N.C.: reinforcements sent from, 8
    :: 141; trade at, 189n 548 {{{Wilmington}}} and Manchester Railroad, 22n, A7n {{{Wilmington}}} and Weldon Railroad, 206n
requests 11
