"impossible to save all the wire" | error HTTPError 503
"with axes or otherwise" Bickford | total 356
    A Spin Wave Analysis of Ferromagnetic Resonance Relaxation 1960 | ... <b>axes</b> pointing in this direction also . Con- sequently , more crystallites will exist with resonant frequencies correspond- ing to the ( 110 ) directi
    Geological Survey Professional Paper 1982 | ... ( <b>Bickford</b> and <b>others</b> , 1977 ) . Contacts between the plutons and the volcanic roof , as well as chemical ... <b>axes</b> . PHANEROZOIC TIME (
    U.S. Geological Survey Professional Paper 1984 | ... ( <b>Bickford</b> and <b>others</b> , 1977 ) . Contacts between the plutons and the volcanic roof , as well as chemical ... <b>axes</b> . PHANEROZOIC TIME (
    History of the Corps of royal engineers, by W. Porter [and others]. 1889 | ... <b>axes</b> ; 120 hand hatchets , 160 bill - hooks , 70 reaping hooks , 100 gabion knives , 1,500 sand bags , 200 fathoms of <b>Bickford&#39;s</b> fuze , po
    Classic Permian Geology of West Texas and Southeastern New Mexico 2000 | ... <b>axes</b> of these possible folds were <b>not</b> determined by the author , they are interpreted to parallel the east - west ... <b>others</b> ( King and
"cable at West Point" "Gloucester" 1864 Eckert | total 4
    The War of the Rebellion: v. 1-53 [serial no. 1-111] Formal reports, both Union and Confederate, of the first seizures of United States property in the southern states, and of all military operations in the field, with the correspondence, order and returns relating specially thereto. 1880-1898. 111 v 1891 | ... <b>ECKERT</b> . Mr. SHELDON , Telegraph Operator , Fort Monroe : HEADQUARTERS , May 28 , <b>1864</b> . I should have no doubt that the telegraph route most 
    The War of the rebellion: a compilation of the official records of the Union and Confederate armies, prepared by R.N. Scott [and others]. 4 ser. 69 vols. [in 127 pt. 'Additions and corrections', dated 1902, have been inserted in the vols. With] Ser.1. Index to battles, campaigns, etc 1891 | 
    House documents 1892 | ... <b>ECKERT</b> . Mr. SHELDON , Telegraph Operator , Fort Monroe : HEADQUARTERS , May 28 , <b>1864</b> . I should have no doubt that the telegraph route most 
    The War of the Rebellion 1891 | ... <b>ECKERT</b> . Mr. SHELDON , Telegraph Operator , Fort Monroe : HEADQUARTERS , May 28 , <b>1864</b> . I should have no doubt that the telegraph route most 
    The Battle of West Point: Confederate Triumph at Ellis Bridge 2013-04-30 | Author John McBryde details the nuances of the battle that initiated Rebel opposition to the Meridian Campaign, including accounts from West Point locals of the
"no trouble from guerillas" | total 1
    Sale 1908 | 
"Perkins and party" Bermuda Hundred | total 195
    Descendants of Nicholas Perkins of Virginia 1958 | ... <b>party</b> in a conflict which was to lead to the triumph of Oliver Cromwell at ... <b>Perkins</b> arrived in Virginia in 1641 under such circumstances do
    Riders in the Storm 2022-05-15 | ... <b>Perkins</b> , Charles Eliot , 73 Perry , commodore , 6 Petersburg , 46 , 133 , 160 , 185-93 , 287-88 , 317 ; Butler and ... <b>Hundred</b> , 73-74 ; Higg
    Daughters of the American Revolution Magazine 1949 | nial <b>party</b> , honoring George Washington&#39;s birth date , which was held in the ... <b>PERKINS</b> MOODY , Chapter Regent . William Byrd , Nathaniel Bac
    The National Cyclopaedia of American Biography 1967 | 
    The American Civil War 2009-02-20 | ... <b>Perkins</b> , George H. , 111-112 personal liberty laws , 10-12 , 26 , 27 , 28,50 Petersburg , Virginia , 275 siege of , 297 Petersburg Campaign , 188 , 
"Abercrombie wishes" "White House" office | error HTTPError 503
"Grant's headquarters are removed" | total 345
    Federal Register 2013-11 | ... <b>is removed</b> and reserved . PART 1273 - UNIFORM ADMINISTRATIVE REQUIREMENTS FOR <b>GRANTS</b> AND COOPERATIVE AGREEMENTS TO STATE AND LOCAL GOVERNMENTS
    Portrait and Biographical Record of the State of Colorado 1899 | ... <b>is</b> in thorough sympathy with the men who follow these occupations ... <b>GRANT</b> . The his- tory of any city or state <b>is</b> best told in the li
    Parliamentary Papers 1984 | ... <b>grant</b> 1. The complainant and his wife wrote to me on 30 August 1983 ... <b>removed</b> 4 square yards of wall more than was permitted the total <b>gr
    Catalog of Federal Domestic Assistance 2009 | ... <b>headquarters</b> or regional <b>office</b> , as appropriate , for application deadlines . Range of Approval / Disapproval Time ... <b>grant is</b> made a
    Portrait and Biographical Record of Denver and Vicinity, Colorado 1898 | ... <b>is</b> his devotion to the interests of the state . Even those who were his ... <b>GRANT</b> . The his- tory of any city or state <b>is</b> best told in 
Sheldon Eckert Bickford "White House" line June 1864 "closing out" | error HTTPError 503
