control	"six vessels" Oriental intitle:Grant	total 1
    mnRjmhe3QLoC The Papers of Ulysses S. Grant November 16, 1864-February 20, 1865 1985 | ... <b>Oriental</b> &#39; seven hundred &amp; seventy eight ( 778 ) men has sailed — The &#39; Suwo Nada &#39; nine hundred &amp; thirty ( 930 ) men will start in half an hour — This makes <b>six vessels</b> , 5109 men , all as ordered— &quot; ALS ( telegram sent ) , ibid&nbsp;...
control	"enquiries made at both places" intitle:Grant	total 5
    mnRjmhe3QLoC The Papers of Ulysses S. Grant November 16, 1864-February 20, 1865 1985 | ... <b>two places</b> I had my coat off was at the theatre and at the hotel kept by Mr. Phil- lips . Will you be good enough to have <b>enquiries made at both places</b> and telegh me the result . &quot; Telegram received , DNA , RG 94 , Generals &#39; Papers and&nbsp;...
    0xVeAAAAcAAJ Report of the Proceedings on an Inquiry, directed by the Pri  1856 | ... <b>made</b> by members of the Corporation . We state the age each was when she first went out to service ; the length of time they have remained in each situation ; and notice the res- pective <b>places</b> ... <b>both</b> with respect to the girl and to the&nbsp;...
    ij8fAQAAMAAJ The Papers of Ulysses S. Grant: November 16, 1864-February 2  1967 | ... <b>two places</b> I had my coat off was at the theatre and at the hotel kept by Mr. Phil- lips . Will you be good enough to have <b>enquiries made at both places</b> and telegh me the result . &quot; Telegram received , DNA , RG 94 , Generals &#39; Papers and&nbsp;...
    qXZpirMgFhIC Enquiry Regarding the Grant of Protection to the Oil Industr  1928 | 
    HrUtGM7b7coC Personal Memoirs of U. S. Grant. In Two Volumes  1885 | Ulysses Simpson Grant. ing a court of <b>inquiry</b> , composed of Brevet Briga- dier - General Towson , the surgeon ... <b>places</b> . The efforts to kill off politically the <b>two</b> success- ful generals , <b>made</b> them <b>both</b> candidates for the&nbsp;...
E502	"which you have been and are now" intitle:Grant	total 286
    GdB50s7XcEcC The World as Seen by Gen. Grant  1879 | 
    wawKk48Ax9cC The Papers of Ulysses S. Grant 1875 2003 | ... <b>the</b> object for <b>which you have been</b> brought here . I want to say a few words for <b>you</b> to think about ; and I do not wish <b>you</b> to say anything <b>now</b> , until <b>you</b> have had time to think about it . I have always been a friend to <b>the</b> Indians&nbsp;...
    XrCvGLUX4GMC Around the World with General Grant A Narrative of the Visit of General U.S. 1879 | ... <b>been</b> at table about three hours there was a pause and a signal . <b>The</b> fans ... <b>NOW</b> ASSEMBLED : I beg <b>you</b> to bear <b>the</b> expression of <b>the</b> pleasure which I <b>have</b> ... <b>that we</b> should be exceedingly gratified by <b>the</b> visit paid to us by a&nbsp;...
    0xVeAAAAcAAJ Report of the Proceedings on an Inquiry, directed by the Pri  1856 | ... <b>Now</b> , during <b>the</b> time <b>that you have been</b> connected with <b>the</b> Corporation , I suppose there <b>have been</b> a great many ... <b>that they</b> are elected irrespective of politics ? WITNESS . Quite . MR . HUDDLESTON . So far as at present&nbsp;...
    3zBLjHeAGB0C Papers of Ulysses S. Grant october 1, 1878-september 30,1880 2008 | ... <b>have</b> not ceased to think of <b>you</b> , and I <b>have now</b> to thank <b>you</b> for your letter of 23d ulto . from Nagasaki ... <b>which you have</b> enjoyed , since <b>you</b> left Nagasaki , and during your excursions to <b>the</b> different localities . During&nbsp;...
    h_YCAAAAQAAJ A full report of the discussion between Brewin Grant and 'Ic  1858 | ... <b>have</b> them used in return , lest their partial , because he could not argue in favour of a cause may be entirely ... <b>been</b> pleasantly as I <b>can</b> . I <b>have now</b> come to <b>the</b> pretty well paraded by <b>the</b> gentleman himself . Iconoclast is fond&nbsp;...
    7UUBjLV9M5wC The Grant Family A Genealogical History of the Descendant 1898 | ... <b>have</b> so long and patiently awaited , and <b>which you have</b> helped to bring into ... <b>been</b> connected , an effort was made to publish <b>the</b> work ; but few ... <b>now</b> in your hands . In <b>the</b> first place , several hundred town , county , and&nbsp;...
    M40vAAAAMAAJ Relief of Settlers Within the Grant to the New Orlean, Baton Hearing Before the Committee on Public L 1914 | ... <b>have</b> heard . It has <b>been</b> fought at every step , down , down , down to this day . But I want this committee to recall ... <b>now you have</b> given to this bill , <b>the</b> most remarkable considera- tion that any bill of this kind has <b>ever</b>&nbsp;...
    Qm8BAAAAQAAJ Hay Macdowall Grant ... his life, labours, and teaching  1879 | ... <b>the</b> very first night ; when I <b>had been</b> preaching for three weeks , and never had seen any appearance of good ? Well , I too , <b>have got</b> a soul <b>now</b> , but like <b>you</b> I had to go some miles for it ! <b>You</b> remember my invitation to preach in <b>the</b>&nbsp;...
    kiwO3Em3CH0C A selected list of companies, foreign loans, and miscellaneo  1872 | ... <b>NOW</b> ON CATALANS ESTATE . Many first - class houses are <b>already</b> erected ; a ... <b>have been</b> demolished , a new port constructed , and additional streets made ... <b>that they</b> have <b>already</b> concluded arrangements with an Association of&nbsp;...
E502	"instructions received from General Ingalls" intitle:Grant	total 0
E502	"to be loaded with the required" intitle:Grant	total 5
    lyjGsuaysI0C Pell Grant Payment Schedule  1985 | ... <b>load</b> ( other than by correspondence ) as determined by the institution . Such work <b>load requirements</b> must be applicable to all students enrolled in a particular program . In addition , the institution&#39;s full time standard must equal or&nbsp;...
    OEtipytvkHAC Pell Grant Payment Schedule, 1984-1985  1984 | ... <b>load</b> ( other than by correspondence ) as determined by the institution . Such work <b>load requirements</b> must be applicable to all students enrolled in a particular program . In addition , the institution&#39;s full time standard must equal or&nbsp;...
    -2A5AQAAMAAJ Rifle-San Juan 345 KV Transmission Line, Grant (CO,NV) Environmental Impact Statement 1984 | ... <b>load</b> electric generating stations . The avail- able ... <b>loaded</b> at this time making this an impractical alternative . In addition , if Colorado - Ute&#39;s 115 - kv line were upgraded , new 115 - kv transmis- sion lines would be <b>required</b>&nbsp;...
    BhUxAQAAMAAJ Renewal of the Federal Grant for the Trans-Alaska Pipeline S Environmental Impact Statement 2002 | ... <b>loaded</b> : ( i ) ( AA ) The Vessel shall , prior to <b>loading</b> , remain for ten ( 10 ) consecutive hours ( the ... <b>required</b> entry or statement , and if the entry or statement had been properly made the Vessel would have been subject the&nbsp;...
    NGSy59o47bAC Workers in Subjects Pertaining to Agriculture in Land-grant   1944 | ... <b>load required</b> and should be of the voltage neces- sary to operate the motor - driven equipment . Gas service for gas - operated units should be ade- quate for operating all units in the plant at the same time . A telephone should be&nbsp;...
E502	"ready to receive them" intitle:Grant Morgan	total 2
    0xVeAAAAcAAJ Report of the Proceedings on an Inquiry, directed by the Pri  1856 | ... <b>it</b> down . MR . CLABON . Mrs. <b>Morgan</b> put <b>it</b> down in your presence ? HAYCOCK . Yes . MR . CLABON . Was Mr. <b>Morgan</b> present ? HAYCOCK . He was not ; Mr. Lewis was present ? MR . CLABON . Mr. Lewis , do you remember being present ? MR&nbsp;...
    z7ouAAAAMAAJ Providing an Educational Cost Grant Under Public Law 550 Hearings Before the Subcommittee on Educ 1954 | ... <b>about</b> representative of what most of the Korean veterans have seen ? Mr. <b>MORGAN</b> . I think that <b>it</b> may be a little longer since I enlisted in 1948. However , the average would probably run 3 years . Mr. SPRINGER . Yours was <b>about</b> four ? Mr.
    wUnmoAEACAAJ Morgan Papers [Donald Grant]   | A number of formal and candid photographs of Morgan with family, students, and his guide dogs are included in the collection.
E502	"what number of troops" intitle:Grant	total 16
    vNeREQAAQBAJ Military History Of Ulysses S. Grant From April 1861 To Apri  2014-06-13 | ... <b>troops</b> were opposite Smith&#39;s, and certain to be attacked at dawn, asserting that he could not hold out half an ... <b>no</b> two men in the Confederacy the Yankees would rather capture than themselves.&#39; Accordingly, Floyd turned over the&nbsp;...
    9m9wskxTrfUC Military History of Ulysses S. Grant  2008-11 | ... <b>no</b> positive orders that you send <b>no troops</b> up Red river , but what I do want is their speedy return if they do go , and that the minimum <b>number</b> necessary be sent . I have never heard a word from Steele since he has been placed in the&nbsp;...
    jA93AAAAMAAJ Military History of Ulysses S. Grant From April, 1861, to April, 1865 1885 | ... <b>many</b> words , that &quot; personal reasons controlled them . &quot; Buckner at once sent a bugler and note to Grant , asking terms . In the interim before receiving a re- ply , he allowed Floyd to escape across the river , with as <b>many troops</b> as&nbsp;...
    49kQ1p73xRUC Grant as a Soldier  1887 | ... <b>no</b> authority to any one else . Seeing McClernand&#39;s peril , Wallace determined to take the bit in his mouth , and in spite of Grant&#39;s order to aid McCler- nand . He accordingly lent him Cruft&#39;s brigade . But with nearly the whole&nbsp;...
    olrBL7JqGbQC Grant as a Soldier  1887 | ... <b>no</b> authority to any one else . Seeing McClernand&#39;s peril , Wallace determined to take the bit in his mouth , and in spite of Grant&#39;s order to aid McCler- nand . He accordingly lent him Cruft&#39;s brigade . But with nearly the whole&nbsp;...
    kL82AQAAMAAJ Papers and Correspondence Relative to the Proposed Grant to  Presented to Both Houses of Parliament b 1883 | ... <b>No</b>. 3,399 , to arrange for giving title to the War Department , which then contemplated the establishing a Sanitarium for <b>troops</b> invalided from India , of a site for Sanitarium and the Reserve of an extent of surrounding land measuring&nbsp;...
    5-sLAAAAIAAJ Military and Civil Life of Gen. Ulysses S. Grant ...  1885 | ... <b>soldier</b> , as a commander of <b>troops</b> , as a man capable of doing all that is possible with any <b>number</b> of men , there is <b>no</b> man living greater than Sheridan . He belongs to the very first rank of <b>soldiers</b> , not only of our country but&nbsp;...
    jY-kG1F6iTgC Grant Memorial Number  1885 | 
    3EoIAAAAQAAJ General Grant: his life and services  1885 | ... <b>troops</b> that could be brought into the field , regardless of season or weather , were necessary to a speedy termination of the war . Accordingly , when placed in supreme command , he at once determined to use the greatest <b>number of troops</b>&nbsp;...
    zcwyTJNvya4C The Papers of Ulysses S. Grant 1874 2003 | ... <b>no</b> insurrection or unusual com- motion here and <b>troops</b> are only desired in order that their presence may ensure the ad- vantage tage of one class of the population and against the other All that are under my control and are used in the&nbsp;...
E502	"turn them over to Col" intitle:Grant	total 10
    bts4DwAAQBAJ Delphi Collected Works of Grant Allen (Illustrated)  2017-10-08 | ... <b>make him</b> master of Milworth Manor ! He <b>turned them over</b> and gazed at <b>them</b> . &quot; Now I have her in my grip f &quot; he cried . &quot; Marked outside with his name ! These are they ! These are they ! <b>It</b> says , &#39; Letters from Arthur &#39; ! &quot; 6 666 He&nbsp;...
    NxF2GR7BQiUC The Papers of Ulysses S. Grant, Volume 6  1967 | ... <b>above</b> , True was confused with Maj . John W. True , 54th Ill . , who was not at Kenton . For the latter , see Lincoln , Works , V , 540 ; VI , 98 . 1. James M. True of Mattoon was mustered in as <b>col</b> . , 62nd III . , on April 10 , 1862&nbsp;...
    51VBAQAAMAAJ Our Red Brothers and the Peace Policy of President Ulysses S  1899 | ... <b>Colonel</b> Grierson , at Fort Sill , as his prisoners , stating that they &quot; had ... <b>him</b> . &quot; Well , &quot; said the <b>Colonel</b> , &quot; if that is the case , I won&#39;t treat you as prisoners . Orderly , take these Indians to the agency , and <b>turn them over</b>&nbsp;...
    zcwyTJNvya4C The Papers of Ulysses S. Grant 1874 2003 | ... <b>it</b> may be that the Government can obtain for these non - citizen <b>col</b>- ored people , a tract of country west of 96th meridian , &amp; <b>make</b> some arrangement by which they may be permitted to sell their improvements here or have the Nation buy&nbsp;...
    sty51KRVESIC The Papers of Ulysses S. Grant, Volume 5  1967 | ... <b>Col</b>. Josiah W. Bissell , Columbus , Ky . , telegraphed to USG . &quot; I have just arrived here for barges to load at points on the river with confiscated corn for Memphis have captured some Guerrillas &amp; have <b>them</b> ... <b>turn them over</b> to other&nbsp;...
    4VBKAAAAYAAJ The Most Complete and Authentic History of the Life and Publ  1885 | ... <b>turned it over to Colonel</b> Grant , who had arisen and stood beside his mother at the General&#39;s side . <b>It</b> was a private family communication , and , when finished , the sick man re- sumed his half reclining position with his head slightly&nbsp;...
    4uDIGQWEQVEC The Papers of Ulysses S. Grant, Volume 7  1967 | ... <b>turn over</b> Road to <b>Col</b> Webster Supt please answer to end of telegraph line as messenger will be waiting &quot; Telegram re ... <b>them</b> will notify you at once as soon as I can hear from <b>them</b> &quot; Telegram received , ibid . , Telegrams Received&nbsp;...
    PitBAQAAMAAJ Around the World with General Grant A Narrative of the Visit of General U.S. 1879 | ... <b>Colonel</b> , who again speared the boar , and this time more effectively , for the animal <b>turned over</b> and died . One pig is not a bad day&#39;s sport . But the morning was not far gone and <b>Colonel</b> Grant felt that his spearing had been clumsily&nbsp;...
    XXD9cBTsRk4C The Papers of Ulysses S. Grant, Volume 8  1979 | ... <b>Col</b>. Macfeely , chf . Com , who is now on the road to that place , to take imme- diate steps to supply you with rations , and land transportation . He will see you there ... <b>them</b> . <b>It</b> would 372 The Papers of Ulysses S. Grant.
    1ynl9m4jefQC Ulysses S. Grant A Novel 1999 | ... <b>Colonel</b> of Volunteers . Should you accept this appointment please report immediately . Yates ... <b>turn them</b> around , won&#39;t &quot; Hard - core regular army discipline , <b>Colonel</b> ... <b>over</b> the fence . And I&#39;ll be out there with <b>them</b> . 104.
E502	Howell Webster coaling intitle:Grant	total 0
E507	"had left here before" intitle:Grant	total 194
    _kOVEAAAQBAJ The Mystery Cases of Inspector Grant Enriched edition. 2022-11-13 | ... <b>was</b> ? &quot; &quot; No. &quot; &quot; Did no woman ever come to see him <b>here</b> ? &quot; &quot; No. &quot; &quot; How often did the letters come ? &quot; &quot; Oh , not often ! About once in six weeks , perhaps , or a little oftener . &quot; &quot; Lamont <b>has</b> said that Sorrell <b>was</b> secretiv
    B53hEAAAQBAJ Inspector Alan Grant Mysteries - Complete Series Enriched edition. Detective Novels: The  2023-11-10 | ... <b>was</b> ? &quot; &quot; No. &quot; &quot; Did no woman ever come to see him <b>here</b> ? &quot; &quot; No. &quot; &quot; How often did the letters come ? &quot; &quot; Oh , not often ! About once in six weeks , perhaps , or a little oftener . &quot; &quot; Lamont <b>has</b> said that Sorrell <b>was</b> secretiv
    xxQzAQAAMAAJ Personal Memoirs of U.S. Grant  1894 | ... <b>before</b> Long- street could possibly have reached Knoxville , I ordered Thomas peremptorily to attack the enemy&#39;s right , so as to force the re- turn of the troops that <b>had gone</b> up the valley . I directed him to take mules , officers&nbsp;...
    0cs3BXuW5DsC Macleod the Murderer ... A Sermon Preached ... After the Exe  1831 | ... <b>here before</b> the Circuit Court of Justiciary , after he was locked up for the night , he fell into a profound sleep ... had never seen <b>before</b> , where he saw his father , whom he <b>had left</b> with his mother almost broken hearted in&nbsp;...
    zcwyTJNvya4C The Papers of Ulysses S. Grant 1874 2003 | ... left of the old mili- tary Reservation at this Post - When Col Abercrombie he was Capt of Co K when I joined 1st U. S. Infy saw me <b>here</b> at the commencment of the last war he asked me what I was doing I told him I <b>was left here</b> guarding&nbsp;...
    YAX9EQAAQBAJ Personal Memoirs of U. S. Grant Complete 2026-08-02 | ... <b>before</b> Longstreet could possibly have reached Knoxville, I ordered Thomas peremptorily to attack the enemy&#39;s right, so as to force the return of the troops that <b>had gone</b> up the valley. I directed him to take mules, officers&#39; horses, or&nbsp;...
    WDsDvFAx6SIC Ulysses S. Grant Conversations and Unpublished Letters 1897 | ... <b>have</b> my clerk copy it on this [ now follows the copy : &quot; Day <b>before</b> yesterday I <b>left here</b> with about three thousand men on five steamers , convoyed by two gunboats , and proceeded down the river to within about twelve miles of Columbus&nbsp;...
    lHF8OrrzA20C Herodotus. The text of canon Rawlinson's tr. with the notes   1897 | ... <b>they</b> made complaint at the shrine , to the effect that , notwithstanding <b>they had</b> colonised Libya , <b>they</b> prospered as poorly as <b>before</b> . Hereon the Pythoness made them the following answer : -- &quot; Knowest thou better than I , fair Libya&nbsp;...
    K2KMDOmOfOwC The Chiefs of Grant  1883 | ... <b>here</b> about 3 in the afternoon , so I <b>have here</b> eight regiments of foot ... <b>left</b> this place this day se&#39;night , about one in the morning , that <b>they</b> ... <b>had</b> returned from their expedition against me , and drove them out of town&nbsp;...
    gRhCAAAAIAAJ Stories, Sketches and Speeches of General Grant at Home and  In Peace and in War 1879 | ... <b>had</b> a very pleasant time . I <b>have</b> seen a great many pleasant people , and I <b>have</b> been very well received at every ... <b>here</b> to - day to receive the welcome which you are according me . It is gratifying , but it is difficult for me to respond&nbsp;...
E507	"in time for a flag" intitle:Grant	total 3
    -ONWEhYhcmcC NSF Grant Policy Manual  1989 | ... <b>in time</b> ) , ( 2 ) sever his or her connection with the grantee organization , or ( 3 ) be absent for a continuous ... <b>Flag</b> Air Carriers ( 1 ) The Comptroller General of the United States , by Decision B - 138942 of June 17 , 1975&nbsp;...
    KXkzAQAAMAAJ Grant of the French Flag to Muscat Dhows Argument on Behalf of the Government of  1905 | ... <b>in time</b> past a misunderstanding among you as to my wishes in this connection , there must be nothing of the sort in future ; you must , therefore , clearly understand that from to - day I neither recognize nor permit that any subject of&nbsp;...
    ckwarsPCQ0AC The Life of Ulysses S. Grant Ex-president of the United States and Ge 1885 | ... <b>in time for a flag</b> of truce to be raised in front of Gordon&#39;s troops , and prevent a charge of Sheridan&#39;s cavalry , which was already drawn up and waiting the sound of the bugle to dash down . General R. E. Lee , Commanding C. S. A.&nbsp;...
    CC1lAQAACAAJ Kertch Grant. Return of the Names of the Flag Officers to Wh  1864 | 
E507	"steamer Russia" intitle:Grant	total 0
E507	"Russia is disabled" intitle:Grant	total 0
E507	"flag ship" Webster intitle:Grant	total 0
E512	"hardly capable of going" intitle:Grant	total 0
E512	"would be much better" Seneca intitle:Grant	total 3
    8Q2m4pjYBJMC Hearing on the Reauthorization of the Community Services Blo Hearing Before the Subcommittee on Human 1990 | ... <b>to</b> constructively help others in our community . In March of 1988 , we were elected <b>to</b> serve on the CCAP <b>Seneca</b> County Advisory Council , by our neighbors in the Ovid area . In serving on this Council , we have been enlightened <b>to</b> some&nbsp;...
    51VBAQAAMAAJ Our Red Brothers and the Peace Policy of President Ulysses S  1899 | Lawrie Tatum. Wyandotte , <b>Seneca</b> and Shawnee Mission . Not <b>much</b> religious ... <b>to</b> teach the Indians and <b>to</b> direct them <b>to</b> Jesus , whose blood was shed ... <b>better</b> stay away . Thomas Smith and he went there with Nicholas Cotter as a&nbsp;...
    mb1C-pYu7g0C The Ethics of Aristotle Illustrated with Essays and Notes. B  1866 | ... <b>to</b> the swinishness of the Campanian villas , and is in its complex entirety <b>very</b> sad and affecting . The works of <b>Seneca</b> are over - harshly judged by those who have no taste except for metaphysical philosophy , or who , expecting <b>to</b>&nbsp;...
    NrNcAAAAcAAJ Seneca's Morals by Way of Abstract. To which is Added, a Dis  1775 | 
    ZrchzwEACAAJ Seneca's Morals of a Happy Life, Benefits, Anger and Clemenc  2018-10-21 | This work has been selected by scholars as being culturally important and is part of the knowledge base of civilization as we know it. This work is in the public domain in the United States of America, and possibly other nations.
    BQja5E0NpasC Seneca's Morals by Way of Abstract To which is Added a Discourse Under the  1930 | 
    OlvXnA6GjY8C Seneca's Morals by Way of Abstract To which is Added a Discourse Under the  1917 | 
    C29ejwEACAAJ Seneca's Morals by Way of Abstract To Which Is Added a Discourse Under the  2015-11-03 | This work has been selected by scholars as being culturally important, and is part of the knowledge base of civilization as we know it.
    Mc7oAQAACAAJ Seneca 100 Quotes on Strength, Virtue, and Pers 2017-03-25 | &quot;True friends are the whole world to one another; and he that is a friend to himself is also a friend to mankind.
    RxXE0QEACAAJ Seneca: the Tragedies of Seneca, Rendered in to English Vers  1904 | 
E512	"tug D. D. Porter" intitle:Grant	total 2
    4uDIGQWEQVEC The Papers of Ulysses S. Grant, Volume 7  1967 | ... Porter is not authentic , or that it will be re - considered , and that in no case will its threats be executed ... <b>D. D. PORTER</b> COMD.G MISS . SQUADRON . ADMIRAL , I send you my reply1 to the letter brought by &quot; Flag of Truce&nbsp;...
    XXD9cBTsRk4C The Papers of Ulysses S. Grant, Volume 8  1979 | ... <b>tugs</b> . I will send some of these with the fleet . We have got a small steamer and some barges into Walnut Bayou . Hope to get them through to Carthage by Thursday . I move my Hd Qrs . to Carthage on Wednsday . TO ADMIRAL <b>D. D. PORTER</b>&nbsp;...
E512	"bring down a tug" intitle:Grant	total 1
    ru1ZEQAAQBAJ Fred Grant at Vicksburg A Boy’s Memoir at His Father’s Side Duri 2025-04-25 | ... <b>tug</b>.30 The gunboats had already started, and our little <b>tug</b>-boat followed <b>down</b> to within about a mile of the batteries at Grand Gulf. These batteries opened vigorously upon our little fleet, and Admiral Porter responded with vim. After&nbsp;...
E512	"the Winants" intitle:Grant	total 0
E512	"Eliza Hancox" intitle:"Papers of Ulysses"	total 0
E520	"ordered to Baltimore" intitle:Grant	total 2
    JUoGMP4xWscC Personal Memoirs of U.S. Grant  1995-01-01 | ... <b>Baltimore</b> , <b>commanded</b> the department in which the Shenandoah lay . His surplus of troops with which to move against the enemy was small in number . Most of these were raw and , consequently , very much inferior to our veterans and to&nbsp;...
    09Q0AQAAMAAJ Military History of Ulysses S. Grant From April, 1861, to April, 1865 1885 | ... <b>ordered</b> to strike the railroad between <b>Baltimore</b> and Harris- burg , on the north , burn the bridges over Gun- powder creek , east of <b>Baltimore</b> , and cut the rail- road between that city and Washington . It was not until the 4th of the&nbsp;...
E520	"except the Baltic" intitle:Grant	total 0
E520	"heard from them since" intitle:Grant	total 30
    hBPRAAAAMAAJ Oversight Hearing on Community Development Block Grant Progr Hearing Before the Subcommittee on Housi 1975 | ... <b>them</b> . <b>Since</b> the villages are all very small ( most have populations under 10,000 ) , and <b>since</b> their &quot; parent &quot; towns each have zoning , housing , and com- munity development powers , there is no need for cumbersome consortia agree&nbsp;...
    K2KMDOmOfOwC The Chiefs of Grant  1883 | ... <b>him</b> to meet me here . I have not <b>heard from him since</b> he left town . He was here some days <b>since</b> remarkably well . Dr. Hadley is so ill that there are scarce hopes . I saw Lorimer on Friday . The day was wet and cold , and affected <b>him</b>&nbsp;...
    af9SbjFZn9MC Oversight Hearing on Community Development Block Grant Progr Hearing Before the Subcommittee on Housi 1975 | ... <b>them</b> . <b>Since</b> the villages are all very small ( most have populations under 10,000 ) , and <b>since</b> their &quot; parent &quot; towns each have zoning , housing , and com- munity development powers , there is no need for cumbersome consortia agree&nbsp;...
    0cs3BXuW5DsC Macleod the Murderer ... A Sermon Preached ... After the Exe  1831 | ... <b>since</b> ; and the last awful meeting he felt would one day happen . When he went down to his cell , <b>after</b> the service was concluded , sleep fled from his eyes , he sat on ... <b>heard them</b> the day before . I am not sure if the passage 28.
    1J8BAAAAQAAJ Coming home to roost, by Gerald Grant  1872 | ... <b>heard</b> of <b>him since</b> , any more than we have . &quot; &quot; Felton ! &quot; repeated the doctor . That was the name of his own lawyer and confidential friend . &quot; But , oh ! &quot; said Miriam in a distressed tone , suddenly recollecting herself , &quot; I&nbsp;...
    J61LAQAAMAAJ Interim Hearing on the Welfare-to-work Grant Program, Monday  1997 | ... <b>since</b> 1990 through a program called Pathways to Independence . It&#39;s a six ... <b>them</b> how to show up for work , attendance issues , how to have a positive ... <b>them</b> personal financial management . Many of <b>them</b> , <b>since</b> they have not&nbsp;...
    YE8LAAAAIAAJ Statistics of Land-grant Colleges and Universities  1960 | ... <b>them after hearing them</b> a number of times without practice drills in imitation . <b>After</b> a few weeks the individual pupils can direct the class in executing re- quests of their own . The first requests of the series can be used for review&nbsp;...
    gMkwwk58cDwC Captain San Grant  1950 | ... <b>heard from him since</b> 1798 , and supposed <b>him</b> to be dead.10 Jesse had been ten when his father , <b>hearing</b> that the new lands , called the Western Reserve , were now open to settlement , moved his family forty miles west through the woods&nbsp;...
    0xVeAAAAcAAJ Report of the Proceedings on an Inquiry, directed by the Pri  1856 | MR . LEWIS . I <b>heard him</b> tell Mr. Haycock to put it down . MR . HUDDLESTON . Is he an Irish labourer ? MR . LEWIS ... <b>since</b> signing , but only those dead . THE COMMISSIONER . I may say , that it would only be the urgency of the&nbsp;...
    BqBMAQAAMAAJ The Papers of Ulysses S. Grant: October 1, 1880-December 31,  1967 | ... <b>them</b> in the matter without exception . The same is , of course , true of the ... <b>heard from him since</b> this affair happened , but from my knowledge of <b>him</b> ... <b>them</b> what I can do ; I will go back again ; I will fight <b>them</b> , &#39; and&nbsp;...
E520	"Victor and Illinois" intitle:Grant	total 1
    LiXipzGjMxsC Ulysses S. Grant, 1861-1864 His Rise from Obscurity to Military Grea 2014-07-15 | ... <b>Illinois</b> University Press , 1967-1995 . Personal Memoirs of U.S. Grant . Lincoln : University of Nebraska Press , 1996 . Hicken , <b>Victor</b> . <b>Illinois</b> in the Civil War . 2nd ed . 1966. Reprint , Chicago : University of Illi- nois Press&nbsp;...
    -8jRtgAACAAJ Index of Surveys Made in Illinois Grant  196? | 
    ByZ3AQAACAAJ Grant and Logan and Our Tears, Illinois, Illinois Grant and Logan and Our Tears, Illinois 1991 | 
    OGKNxAEACAAJ For President, Ulysses S. Grant, of Illinois  2019-03-10 | This work has been selected by scholars as being culturally important, and is part of the knowledge base of civilization as we know it.
    XfestgAACAAJ Ulysses S. Grant in Perspective A Conference to be Held at ... DeKalb 1972 | 
    8P2CtgAACAAJ Ulysses S. Grant in Perspective, April 27, 28, 1973, Norther  1972 | 
E520	"Ingalls" "Baltic" Webster intitle:Grant	total 0
E532	"mule teams complete" intitle:Grant	total 8
    YAX9EQAAQBAJ Personal Memoirs of U. S. Grant Complete 2026-08-02 | ... <b>mule</b> was released from his other bindings and allowed to rise. With more or less difficulty he would be conducted to a picket rope outside and fastened there. The delivery of that <b>mule</b> was then <b>complete</b> ... <b>team</b> in their lives, or indeed&nbsp;...
    rZW8AQAAQBAJ Personal Memoirs of U. S. Grant  2012-03-07 | ... <b>mule</b> , when he would immediately go to the length of his tether , first one end , then the other in the air . While ... <b>complete</b> . This process was gone through with every <b>mule</b> and wild horse with the army of occupation . The&nbsp;...
    JahABAAAQBAJ Personal memoirs of U. S. Grant  1885-01-01 | ... <b>mule</b> was then <b>complete</b> . This process was gone through with every <b>mule</b> and wild horse with the army of occupation ... <b>team</b> in their lives , or indeed that many had had any previous expe- rience in driving any animal whatever to&nbsp;...
    4VBKAAAAYAAJ The Most Complete and Authentic History of the Life and Publ  1885 | ... <b>entire</b> army to- ward Jackson . This readiness to modify an old plan , or substitute a new one on the instant ... <b>mule teams</b> , and no end of negroes delighted to drive them ; and thenceforth multitudes of cattle , sheep , turkeys&nbsp;...
    HrUtGM7b7coC Personal Memoirs of U. S. Grant. In Two Volumes  1885 | ... <b>team</b>- ster would select at the picket rope five animals of nearly the same color and general appearance for his <b>team</b> . With a <b>full</b> corps of assistants , other teamsters , he would then proceed to get his <b>mules</b> together . In two&#39;s the&nbsp;...
    GssNAQAAMAAJ General U. S. Grant His Early Life and Military Career : wit 1885 | ... <b>entire</b> route is dismal beyond execra- tion . <b>Mules</b> stage through twenty - five or thirty miles of almost un ... <b>mule teams</b> on their trial trips over this route ; but now it is positive inhumanity to ask half that work of the&nbsp;...
    6D-x0vo4GOUC Personal Memoirs of U. S. Grant In Two Volumes 1885 | ... <b>team</b>- ster would select at the picket rope five animals of nearly the same color and general appearance for his <b>team</b> . With a <b>full</b> corps of assistants , other teamsters , he would then proceed to get his <b>mules</b> together . In two&#39;s the&nbsp;...
    QtB2AAAAMAAJ Second Only to Grant Quartermaster General Montgomery C. Meig 2000 | ... <b>mule teams</b> ( a <b>total</b> of over 2,400 <b>mules</b> ) 150 four - horse <b>teams</b> ( a <b>total</b> of 600 horses ) 150 two - horse ambulances ( requiring 300 horses ) together with harness , wagon - masters , and drivers . 12 The supply situation continued to&nbsp;...
    ShedvQEACAAJ The 20-Mule-Team Brigade Being a Story in Jingles of the Good Wor 2018-10-12 | This work has been selected by scholars as being culturally important and is part of the knowledge base of civilization as we know it. This work is in the public domain in the United States of America, and possibly other nations.
E532	"what time can this" intitle:Grant	total 1
    zjkEEAAAQBAJ Cary Grant A Brilliant Disguise 2020-10-20 | ... <b>do</b>. I say to her, “<b>What time can</b> I see you tomor- row?” Hitchcock wants me to take a drink when I say the line. So I raise my glass of iced tea at the same <b>time</b>, which presents several problems. If I bring the glass up too soon, I sound&nbsp;...
    WAy1mQEACAAJ The Time Travel Adventures of Phoebe Grant Archeological Discoveries 2009-06-30 | Phoebe Grant can travel through time! In this volume, Phoebe meets some of the most influential people in the history of archeological discoveries.&quot;--Title page verso.
    pVLOEQAAQBAJ AI for Grant Writers: How Nonprofit Grant Professionals Can Us  | This is a book for grant writers who are ready to work smarter, not harder. It is a book for those who love the work but are struggling with the weight of it.
    h0j9EQAAQBAJ AI GRANT WRITING FOR NONPROFITS: The Step-by-Step Guide to .   | Inside this book, you&#39;ll discover how to: • Identify high-quality funding opportunities faster • Analyze grant guidelines with greater efficiency • Write compelling proposal narratives that connect with reviewers • Develop stronger ...
    _Iy-zQEACAAJ Grant Writing for School Leaders Books 1-3: From Start-Up to Impact 2020-06-06 | This book shows you how to make grants part of your school funding plan. Grant Writing for School Leaders will move you from start-up to impact.
    UloDnwEACAAJ Personal Memoirs of U. S. Grant  2013-09 | This historic book may have numerous typos and missing text. Purchasers can usually download a free scanned copy of the original book (without typos) from the publisher. Not indexed. Not illustrated. 1903 edition.
E532	"transportation for 4000" intitle:Grant	total 6
    bbCXQxu-UnIC Grant-in-aid Handbook  1974 | ... <b>TRANSPORTATION</b> .d <b>4000 Transportation</b> by line - haul ra and certain services allied to 11 <b>transportation</b> , such as sleeping and dining car services , railway express , and switching and terminal services . 700 707 RULES AND REGULATIONS&nbsp;...
    vG6-2LoOOHEC Grant Assistance Programs Statistical Summaries 1996 | ... <b>4,000 4,000</b> 0 <b>4,000 4,000</b> 180,000 0 180,000 De 3,756 0 3,756 76,000 0 76,000 180,000 0 180,000 188,515 0 188,515 ام ... <b>buses</b> 254,000 MN - DOT 5307 Purchase <b>buses</b> / equip 398,000 MN - DOT 5307 Purchase vehicle 16,865 MN - DOT 5307&nbsp;...
    Cr_sAAAAMAAJ Proposed Grant Assistance, Nepal Strengthening Decentralized Support for  2007 | ... <b>4,000 4,000</b> days lumpsum 1000 1 1,000 1,000 5.3 Consulting Services QCBS 5.3 ... <b>Transportation</b> Unit Rendered Quantity Units Cost Per Unit Total $ JFPR ... <b>transportation</b> Subotal : 612,500 262,500 <b>4,000 4,000</b> Shopping 2,000 2,000&nbsp;...
    8L8kAQAAMAAJ Formation of the Regional Transportation Planning Board and  FY '72 1972 | ... <b>Transit</b> Data In- - 11,000 - 66,000 77,000 ventories - Regular 3. Growth Monitoring 27,000 9,000 130,000 - 166,000 4. Current Estimates - <b>4,000</b> - 15,000 19,000 : B. Reappraisal - Annual ; Review 1. Analysis of Current <b>4,000</b> 2,000 3,000&nbsp;...
    3LfHG1W4hWAC Statistics of Land-grant Colleges and Universities  1933 | ... <b>Transportation</b> . I $ 3,400 31 , 295 $ 800 9,000 $ 2,000 $ 450 <b>4,000</b> $ 750 $ 710 7,100 $ 80 795 II 600 175 6,400 17,500 310 3 , 100 200 400 900 19,800 3,425 III Building . 790 <b>Transportation</b> . 1,350 7,900 450 1,500 5,500 165 120 1,650&nbsp;...
    qshPAQAAMAAJ Regional Transit Development Program and FY 1980 Transit Gra  1979 | ... <b>4,000 4,000 4,000</b> 19,000 Atlantic ** 0 1,000 1,500 2,000 2,000 2,000 8,500 Atlantic *** 0 1,000 1,500 2,000 2,000 2,000 8,500 Op . Rev. 4.480 6,250 6.750 8,000 8,250 8,250 37,500 TOTAL 11,200 17,750 20,000 23,500 24,250 24,500 110,000&nbsp;...
    HkCFNwAACAAJ Application for an Operating Assistance Grant as Authorized   1978 | 
    rtpWGwAACAAJ Seaction 18 Program Guidance and Grant Application Instructi  1988 | 
    ERPYXwAACAAJ Transportation Programs and Grant Application Information  1975 | 
    fu8kAQAAMAAJ Federal Assistance for Urban Mass Transportation  1979 | 
E532	"transportation for four thousand" intitle:Grant	total 6
    ZuvcGU1avCkC Repeal of Land-grant Rates on Transportation of Government T Hearings Before a Subcommittee...on H.R. 1944 | ... <b>four hundred</b> members ] CHAMBER OF COMMERCE OF THE STATE OF NEW YORK At the regular monthly meeting of the Chamber of Commerce of the State of New York , held October 1 , 1942 , the following resolutions and report , submitted by its&nbsp;...
    bK4KAAAAIAAJ Statistics of Land-grant Colleges and Universities  1921 | ... <b>four thousand</b> men should be trained in high- way <b>transport</b> each year in universities for positions of motor - truck fleet man- agers , sales engineers , advertisers , business administrators , and highway trans- port engineers ; second&nbsp;...
    08XiAAAAMAAJ A New, Original and Authentic Record of the Life and Deeds o  1885 | ... <b>transportation</b> for this force of <b>four thousand</b> five <b>hundred</b> men , while it would have required two <b>hundred</b> similar transports for the Federal army by that route of approach to Vicksburg . Next a division was ordered to follow in support&nbsp;...
    7DAAxfRuXKoC The Papers of Ulysses S. Grant   | ... <b>four thousand</b> ( 4000 ) more horses , twenty three <b>thousand</b> ( 23000 ) more mules , first cost <b>four</b> and a quarter ... <b>transportation</b> , after the 30th September — On 31st Dec. Army of Cumberland reports twenty five <b>hundred</b> wagons&nbsp;...
    CDQTAAAAYAAJ Personal Memoirs of U. S. Grant  1895 | 
    R0wLAAAAYAAJ The Grant and First Survey of the City of San Antonio  1962 | ... <b>transportation</b> of <b>four hundred</b> families from the Canary Islands and other points , but this order seems never to have been carried out . A similar order , issued in 1729 , resulted in the <b>transportation</b> of a group of Canary Islanders to&nbsp;...
    rtpWGwAACAAJ Seaction 18 Program Guidance and Grant Application Instructi  1988 | 
    ERPYXwAACAAJ Transportation Programs and Grant Application Information  1975 | 
    4vNOnQEACAAJ Application for a Mass Transportation Capital Improvement Gr  1974 | 
    x-yWHAAACAAJ Guide for Urban Mass Transportation 16 (b)(2) Grant Applicat Capitol Grants to Private, Nonprofit Age 1978 | 
E532	Bradley Webster "mule teams" intitle:Grant	total 0
E532	"Jan. 16" Bradley intitle:Grant	total 2
    23owAQAAMAAJ The History of Concord, from Its First Grant in 1725, to the With a History of the Ancient Penacooks 1856 | ... <b>Jan</b>. <b>16</b> , 1791 ; m . Nancy <b>Bradley</b> . 5. Parney , b . in Concord , May , 1794 ; 1 m . Bradbury Gill ; 2 m . Isaac Dow . 6. Achsah , b . in Concord , Aug. 31 , 1796 ; m . Rev. John Woods . 7. Susan , b . in Concord , May 10 , 1799 ; never&nbsp;...
    7UUBjLV9M5wC The Grant Family A Genealogical History of the Descendant 1898 | ... <b>16</b> , 1827 ; res . Orange , Vt .; 8 chil . Elizabeth Goodrich ( 1106,05 ) b ... <b>Jan</b>. 11 , 1799 ; res . T .; private in Col. Enos &#39; Regt . 1778 . ( Stark ... <b>Bradley</b> [ b . Litchfield , Mch . 21 , 1775 ; d . O. , <b>Jan</b>. 26 , 1839&nbsp;...
