be-api papersofulyssess0012gran | "Coggins" | 1
    USG at Baltimore. SepT.16. C.S.A. cav. raided {{{Coggins}}}’ Point, Va., driving off the cat- tle of the Army
    same time a dash was made on the cattle herd at {{{Coggins}}} Point & it is feared this herd & its guard have
    water, took the shortest & most direct road to {{{Coggins}}} Point.—Immediately on receiving intelligence of
    country to be watched, I have always considered {{{Coggins}}} point, an unsuitable position for the cattle herd
    13n, 23n, 195n, 269n, 291n, 352, 388n, 397n; at {{{Coggins}}}’ Point, 84n; Wade Hampton captures, 168 and n,
be-api papersofulyssess0012gran | "M. R. Morgan" | 0
be-api papersofulyssess0012gran | "Harpers Ferry" | 1
    the place of the hundred days men serving at {{{Harpers Ferry}}} and in west Virginia Grover has joined me I
    10:30 p.m., Maj. Gen. Philip H. Sheridan, {{{Harpers Ferry}}}, tele- graphed to USG. “Yesterday the enemy
    start in the morn- ing, dispatches directed to {{{Harpers Ferry}}} will reach me—I shall have a Cipher Operator
    Grant To Maj. Gen. George G. Meade (Cipher ) {{{Harpers Ferry}}} Va. Sept. 16th [1864] 9 pm Mas. Gen. MEAbDE
    , pp. 26-30. To Maj. Gen. Henry W. Halleck {{{Harpers Ferry}}} Sept 17th 1864 Mas Gen H W HALteck CHIEF OF
be-api privateofficialc05butl | "Coggins" | 0
be-api papersofulyssess0011gran | "Bickford" | 0
be-api papersofulyssess0011gran | "White House" telegraph | 1
    Depot at the {{{White House}}}. From the proximity of the enemy’s position to the {{{White House}}} a dash upon our
    by Express to Capt P P Pitkin at {{{White House}}} & inform me by {{{Telegraph}}} of what we may Expect” ALS (telegram
    Butler By {{{Telegraph}}} from City Point. Dated June 20 1864. To Mas Gen BuTLer I have directed {{{white House}}}, to
    GEN. J. J. ABERCROMBIE Com’p’c U. S. Forces, {{{WHITE House}}} VA GENERAL: Capt G. H Mendell’ of the Engineers
    The importance of the work to the be done at {{{White House}}} is such that I hope it will secure your immediate
gb E291	"Bickford" "White House" 1864 telegraph Eckert	total=3
    The War of the Rebellion: v. 1-53 [serial no. 1-111] Formal reports, both Union and Confederate, of the first seizures of United States property in the southern states, and of all military operations in the field, with the correspondence, order and returns relating specially thereto. 1880-1898. 111 v (1891) [ALL_PAGES] :: United States. War Department. <b>WHITE HOUSE</b> , VA . , June 18 , <b>1864</b>-10.30 p . m . Maj . THOMAS T. <b>ECKERT</b> : ( Received ... <b>BICKFORD</b> . CAMP NEAR WALKERTON , June 18 , <b>1864</b> . Major - General HUMPHREYS , Chief of Staff : I have the honor&nbsp;...
    The War of the rebellion: a compilation of the official records of the Union and Confederate armies, prepared by R.N. Scott [and others]. 4 ser. 69 vols. [in 127 pt. 'Additions and corrections', dated 1902, have been inserted in the vols. With] Ser.1. Index to battles, campaigns, etc (1891) [ALL_PAGES] :: 
    The War of the Rebellion (1891) [ALL_PAGES] :: ... <b>WHITE HOUSE</b> , VA . , June 18 , <b>1864</b>-10.30 p . m . Maj . THOMAS T. <b>ECKERT</b> : ( Received 2 a . m . 19th . ) Probably ... <b>BICKFORD</b> . CAMP NEAR WALKERTON , June 18 , <b>1864</b> . Chief of Staff : Major - General HUMPHREYS , I have the honor&nbsp;...
gb E291	"Bickford has a card"	total=319
    Decisions and Orders of the National Labor Relations Board (1971) [ALL_PAGES] :: ... <b>Bickford</b> , the job steward of Local 530 on the project , for one or two laborers . Yet none showed up on the ... <b>card</b> and , therefore , Shope would <b>have</b> to be replaced . And on August 15 <b>Bickford</b> proffered employee Richard Roan , a&nbsp;...
    Report of the Committee on Privileges and Elections of the United States Senate Relative to the Right and Title of William A. Clark to a Seat as Senator from the State of Montana (1900) [ALL_PAGES] :: ... <b>have</b> , at any time , a <b>letter</b> from Mr. Charles W. Clark ? Mr. MYERS . I think it was a day or two after Mr. <b>Bickford</b> spoke to me that I received a <b>letter</b> from one Charles W. Clark . Mr. BIRNEY . That is after the meeting you <b>have</b> just&nbsp;...
    Coast Banker and Pacific Banker and California Banker (1918) [NO_PAGES] :: ... <b>has</b> such facilities . This was done by <b>having</b> colored post <b>cards</b> printed and circu- lated wherever Mr. <b>Bickford</b> thought good could day on seeing an advertising postal <b>card</b> photo- | be accomplished . This is just one of the many ad&nbsp;...
    Catalog of Copyright Entries (1952) [ALL_PAGES] :: ... <b>card</b> . ( XB352-5 ) © Rust Craft Publishers , Boston ; 10Mar52 ; K31257 . Best wishes on this happy occasion ! Designed by Nana <b>Bickford</b> ... <b>has</b> blest Designed by Nana <b>Bickford</b> Rollins . Greeting <b>card</b> . ( 15XR3392 ) Rust Craft Publishers&nbsp;...
    The Tea & Coffee Trade Journal (1942) [NO_PAGES] :: ... <b>Bickford&#39;s</b> With a Coffee and Cereal Mixture Shows New Yorkers Want Their Coffee Free From Any Adulterants The reaction of the public was im- mediate and two days later <b>Bickford&#39;s had</b> a new <b>card</b> on the tables . These <b>cards</b> were a frank&nbsp;...
    The Pacific Printer (1923) [NO_PAGES] :: ... <b>cards</b> made by Orgain &amp; Company , Inc. The line is one which is well and ... <b>has</b> secured from Mr. Goudy the exclu- sive rights for his Goudy Open italic ... <b>BICKFORD</b> , head of the recently organized <b>Bickford</b> Printing Machinery Co&nbsp;...
gb E291	"not to build any farther"	total=7
    Report of the Secretary of War, which Accompanied the Annual Message of the President of the United States, to Both Houses of the ... Congress (1910) [ALL_PAGES] :: ... <b>not to build any farther</b> toward the west as now planned , but that the next cadet barrack should be erected on the site of the old cadet power house in the area of the old barracks . Even the short dis- tance between the old and the new&nbsp;...
    Annual Report of the Secretary of War (1910) [ALL_PAGES] :: ... <b>not to build any farther</b> toward the west as now planned , but that the next cadet barrack should be erected on the site of the old cadet power house in the area of the old barracks . Even the short dis- tance between the old and the new&nbsp;...
    Annual Reports of the War Department (1910) [ALL_PAGES] :: ... <b>not to build any farther</b> toward the west as now planned , but that the next cadet barrack should be erected on the site of the old cadet power house in the area of the old barracks . Even the short dis- tance between the old and the new&nbsp;...
    Annual Report of the Secretary of War (1910) [ALL_PAGES] :: ... <b>not to build any farther</b> toward the west as now planned , but that the next cadet barrack should be erected on the site of the old cadet power house in the area of the old barracks . Even the short dis- tance between the old and the new&nbsp;...
    Annual Report of the Superintendent - United States Military Academy (1910) [ALL_PAGES] :: ... <b>not to build any farther</b> toward the west as now planned , but that the next cadet barrack should be erected on the site of the old cadet power house in the area of the old barracks . Even the short dis- tance between the old and the new&nbsp;...
    Annals of Savannah, 1850-1937 (1976) [NO_PAGES] :: ... <b>not to build any farther</b> toward Savannah until the $ 50,000 had been raised , but President Bagley of the Americus Investment Company said that five contractors , with over 500 hands , are now engaged grading the line east of Mchae&nbsp;...
gb E291	"Bickford" "card" cipher telegraph 1864	ERROR HTTPError 503
gb E292	"lines are down" "order by telegraph" Monroe	ERROR HTTPError 503
gb E292	"Coggins Point" "1,200 head"	total=183
    Current Tables (1966) [ALL_PAGES] :: ... <b>1200</b> 2 Caesar Creek Caillou Boca- Calcasieu Pass 1917 Chesapeake Bay Bridge -------- 11762 2250 Chesapeake Bay Bridge Tunnel ------ 1128 ... <b>Point</b> Craighill Angle Craighill Channel Crane Neck <b>Point</b> Catfish <b>Point</b> 192 INDEX TO TABLE 2.
    Armor (1934) [ALL_PAGES] :: 1934. 94. At <b>Coggins</b> &#39; <b>Point</b> the Federals had about 6,000 troops within striking distance of Hampton&#39;s 2,000 . Their ... <b>1,200</b> , so that Hamp- ton&#39;s total forces considerably exceeded those of his old opponent of Virginia , General&nbsp;...
    Tidal Current Tables (1967) [ALL_PAGES] :: ... <b>Point</b>-- 2067 Bronx River 723 Catskill 881 Brooklyn Bridge ------------ 749 Cayo Obispo ------ 2293 Broomes Island ... <b>1200</b> Caesar Creek 1917 Chesapeake Bay Bridge ------ 1176 Caillou Boca --- 2250 Chesapeake Bay Bridge Tunnel&nbsp;...
    Current Tables, Atlantic Coast, North America (1967) [ALL_PAGES] :: ... <b>Point</b> 2067 Bronx River 723 Catskill- 881 Brooklyn Bridge --- 749 Cayo Obispo ----- --- 2293 Broomes Island 1435 ... <b>1200</b> Caesar Creek 1917 Chesapeake Bay Bridge -------- 1176 Caillou Boca 2250 Chesapeake Bay Bridge Tunnel&nbsp;...
    The Journal of the Armed Forces (1863) [ALL_PAGES] :: ... <b>head</b> of the armies and navies , as well as the Government of the nation . [ Here follows the letter from Harrison&#39;s ... <b>point</b> in rebeldom . Nothing should be left to chance here . I would recommend that General Burnside , with all&nbsp;...
    The United States Army and Navy Journal and Gazette of the Regular and Volunteer Forces (1864) [ALL_PAGES] :: ... <b>head</b> of the armies and navies , as well as the Government of the nation . [ Here follows the letter from Harrison&#39;s ... <b>point</b> in rebeldom . Nothing should be left to chance here , I would recommend that General Burnside , with all&nbsp;...
gb E292	"Coggins" "Morgan" "Harpers Ferry" commissary 1864	total=0
gb E292	"Thomas Wilson" commissary "Coggins"	total=59
    Report of the Adjutant-General of the State of California... (1886) [ALL_PAGES] :: ... <b>Thomas</b> L. Plotts , First Lieutenant and Ordnance Officer , with rank from ... <b>Wilson</b> , First Lieutenant and <b>Commissary</b> , with rank from January 3 , 1886 ... <b>Coggins</b> . J. H. Gumby , Second Lieutenant , with rank from June 26&nbsp;...
    Appendix to the Journals of the Senate and Assembly ... of the Legislature of the State of California ... (1887) [ALL_PAGES] :: ... <b>Wilson</b> , First Lieutenant and <b>Commissary</b> , with rank from January 3 , 1886 ; orig- inal . SECOND BRIGADE . Staff of ... <b>Coggins</b> . J. H. Gumby , Second Lieutenant , with rank from June 26 , 1886 ; vice Jones . RESIGNED . Second&nbsp;...
    Thom's Official Directory of Great Britain and Ireland (1851) [ALL_PAGES] :: ... <b>Commissary</b> , Wm . Young . Assistant <b>Commissary</b> , John Barr . Director - General , Sir James M&#39;Grigor , Bart ... <b>Thomas</b> H. Quigley , UStew . Chisholm , W , Richardson , and James E. Williams . LIEUTENANT - COLONEL . 11 June , 1842&nbsp;...
    Allen's Indian mail and register of intelligence for British and foreign India (1861) [ALL_PAGES] :: ... <b>Thomas</b> Kettlewell , adj . Khola- raine , midshipman , having served the prescribed commanding officers of regts ... <b>commissary</b> gen . 25th N.L.I. - Capt . Arthur Frederick Battye , 2nd in com . 1st Southern Mahratta horse . 26th&nbsp;...
    The Journal of the Senate During the ... Session of the Legislature of the State of California (1887) [ALL_PAGES] :: ... <b>Wilson</b> , First Lieutenant and <b>Commissary</b> , with rank from January 3 , 1886 ; orig- inal . SECOND BRIGADE . Staff of ... <b>Coggins</b> . J. H. Gumby , Second Lieutenant , with rank from June 26 , 1886 ; vice Jones . RESIGNED . Second&nbsp;...
    Appendix to the Journals of the Senate and Assembly ... of the Legislature of the State of California ... (1887) [ALL_PAGES] :: ... <b>Wilson</b> , First Lieutenant and <b>Commissary</b> , with rank from January 3 , 1886 ; orig- inal . SECOND BRIGADE . Staff of ... <b>Coggins</b> . J. H. Gumby , Second Lieutenant , with rank from June 26 , 1886 ; vice Jones . RESIGNED . Second&nbsp;...
requests: be-api 6 google books 8
