Q title:(war of the rebellion) AND (volume:"Ser. 3 vol. 4" OR volume:"ser.3 v.4" OR volume:"Series III" ) 0
Q title:(war of the rebellion official records) AND description:(series III) 241
   warrebellionaco24offigoog | None | The War of the Rebellion : a compilation of the official records of the Union and Confeder
   warrebellionaco00scotgoog | None | The War of the Rebellion : a compilation of the official records of the Union and Confeder
   cu31924077728255 | None | The war of the rebellion: a compilation of the official records of the Union and Confedera
   cu31924079609578 | None | The war of the rebellion: a compilation of the official records of the Union and Confedera
   cu31924079575381 | None | The war of the rebellion: a compilation of the official records of the Union and Confedera
   cu31924079609545 | None | The war of the rebellion: a compilation of the official records of the Union and Confedera
   warofrebellionco0023unit | 23 | The war of the rebellion: a compilation of the official records of the Union and Confedera
   warrebellion04unkngoog | 34, pt. 3 | The War of the Rebellion: a compilation of the official records of the Union and Confedera
   warrebellionaco13offigoog | None | The War of the Rebellion : a compilation of the official records of the Union and Confeder
   warrebellionaco23offigoog | None | The War of the Rebellion : a compilation of the official records of the Union and Confeder
   warrebellionaco34offigoog | None | The War of the Rebellion : a compilation of the official records of the Union and Confeder
   warrebellion00unkngoog | 22, pt. 1 | The War of the Rebellion: a compilation of the official records of the Union and Confedera
   warrebellion02unkngoog | 53 | The War of the Rebellion: a compilation of the official records of the Union and Confedera
   warofrebellionco272unit | 27 pt2 | The war of the rebellion : a compilation of the official records of the Union and Confeder
   warofrebellionco0022unit_x5y5 | 22 | The war of the rebellion: a compilation of the official records of the Union and Confedera
   warrebellionaco16offigoog | None | The War of the Rebellion : a compilation of the official records of the Union and Confeder
   warrebellion03unkngoog | 24, pt. 1 | The War of the Rebellion: a compilation of the official records of the Union and Confedera
   warrebellionaco01scotgoog | None | The War of the Rebellion : a compilation of the official records of the Union and Confeder
   warofrebellionco03unit | None | The war of the rebellion : a compilation of the official records of the Union and Confeder
   warofrebellionco08unit | 8 | The war of the rebellion : a compilation of the official records of the Union and Confeder
   warofrebellionco0020unit_f6h8 | 20 | The war of the rebellion: a compilation of the official records of the Union and Confedera
   warofrebellionco0040unit_u2k7 | 40 | The war of the rebellion: a compilation of the official records of the Union and Confedera
   cu31924077699811 | None | The war of the rebellion: a compilation of the official records of the Union and Confedera
   cu31924079575258 | None | The war of the rebellion: a compilation of the official records of the Union and Confedera
   cu31924077730244 | None | The war of the rebellion: a compilation of the official records of the Union and Confedera
   cu31924080787462 | None | The war of the rebellion: a compilation of the official records of the Union and Confedera
   cu31924079893701 | None | The war of the rebellion: a compilation of the official records of the Union and Confedera
   warofrebellionco0044unit_m7q7 | 44 | The war of the rebellion: a compilation of the official records of the Union and Confedera
   warofrebellionco0042unit_h2g0 | 42 | The war of the rebellion: a compilation of the official records of the Union and Confedera
   warofrebellionco0048unit_f0k5 | 48 | The war of the rebellion: a compilation of the official records of the Union and Confedera
   warofrebellionco0043unit_i9i6 | 43 | The war of the rebellion: a compilation of the official records of the Union and Confedera
   warofrebellionco0030unit | 30 | The war of the rebellion: a compilation of the official records of the Union and Confedera
   warofrebellionco0036unit_x2d4 | 36 | The war of the rebellion: a compilation of the official records of the Union and Confedera
   warofrebellionco0029unit_v5r6 | 29 | The war of the rebellion: a compilation of the official records of the Union and Confedera
   warofrebellionco0036unit_l3s6 | 36 | The war of the rebellion: a compilation of the official records of the Union and Confedera
   warofrebellionco0034unit_g8m8 | 34 | The war of the rebellion: a compilation of the official records of the Union and Confedera
   cu31924077699837 | None | The war of the rebellion: a compilation of the official records of the Union and Confedera
   cu31924079609560 | None | The war of the rebellion: a compilation of the official records of the Union and Confedera
   cu31924079609594 | None | The war of the rebellion: a compilation of the official records of the Union and Confedera
   cu31924079609628 | None | The war of the rebellion: a compilation of the official records of the Union and Confedera
   cu31924097311744 | None | The war of the rebellion: a compilation of the official records of the Union and Confedera
   cu31924077743031 | None | The war of the rebellion: a compilation of the official records of the Union and Confedera
   cu31924077728230 | None | The war of the rebellion: a compilation of the official records of the Union and Confedera
   cu31924077728263 | None | The war of the rebellion: a compilation of the official records of the Union and Confedera
   cu31924077699720 | None | The war of the rebellion: a compilation of the official records of the Union and Confedera
   cu31924077699779 | None | The war of the rebellion: a compilation of the official records of the Union and Confedera
   cu31924077730152 | None | The war of the rebellion: a compilation of the official records of the Union and Confedera
   cu31924077730160 | None | The war of the rebellion: a compilation of the official records of the Union and Confedera
   cu31924080772241 | None | The war of the rebellion: a compilation of the official records of the Union and Confedera
   warofrebellionco0034unit_r2w1 | 34 | The war of the rebellion: a compilation of the official records of the Union and Confedera
   warofrebellionco0037unit_z7m3 | 37 | The war of the rebellion: a compilation of the official records of the Union and Confedera
   warofrebellionco0046unit_z2y4 | 46 | The war of the rebellion: a compilation of the official records of the Union and Confedera
   warofrebellionco0028unit_f7m4 | 28 | The war of the rebellion: a compilation of the official records of the Union and Confedera
   warofrebellionco0017unit_y4o5 | 17 | The war of the rebellion: a compilation of the official records of the Union and Confedera
   warofrebellionco0047unit_e7s2 | 47 | The war of the rebellion: a compilation of the official records of the Union and Confedera
   warofrebellionco0041unit_e5e8 | 41 | The war of the rebellion: a compilation of the official records of the Union and Confedera
   warofrebellionco0005unit_i9i6 | 5 | The war of the rebellion: a compilation of the official records of the Union and Confedera
   warofrebellionco0039unit_z2j1 | 39 | The war of the rebellion: a compilation of the official records of the Union and Confedera
   cu31924077699852 | None | The war of the rebellion: a compilation of the official records of the Union and Confedera
   cu31924077700262 | None | The war of the rebellion: a compilation of the official records of the Union and Confedera
Q title:(papers of ulysses s. grant) 24
   papersofulyssess0003gran | 3 | The papers of Ulysses S. Grant
   papersofulyssess0009gran | 9 | The papers of Ulysses S. Grant
   papersofulyssess0004gran_z3v7 | 4 | The papers of Ulysses S. Grant
   papersofulyssess0006gran_p0o4 | 6 | The papers of Ulysses S. Grant
   papersofulyssess0008gran | 8 | The papers of Ulysses S. Grant
   papersofulyssess0002gran | 2 | The papers of Ulysses S. Grant
   compilationmessagespapersofpresidentulyssessgrant_1608_librivox | None | A Compilation of the Messages and Papers of the Presidents: Ulysses S. Grant
   papersofulyssess0004gran | 4 | The papers of Ulysses S. Grant
   papersofulyssess0007gran | 7 | The papers of Ulysses S. Grant
   papersofulyssess0017gran | 17 | The papers of Ulysses S. Grant
   papersofulyssess0000unse | None | The papers of Ulysses S. Grant
   papersofulyssess0005gran | 5 | The papers of Ulysses S. Grant
   papersofulyssess0010gran | 10 | The papers of Ulysses S. Grant
   the-papers-of-ulysses-s-grant-volume-20-november-11869-october-31-1870 | None | The Papers of Ulysses S Grant Volume 20: November 1,1869-October 31, 1870
   papersofulyssess0018gran | 18 | The papers of Ulysses S. Grant
   papersofulyssess0016gran | 16 | The papers of Ulysses S. Grant
   papersofulyssess0011gran | 11 | The papers of Ulysses S. Grant
   papersofulyssess0015gran | 15 | The papers of Ulysses S. Grant
   papersofulyssess0014gran | 14 | The papers of Ulysses S. Grant
   papersofulyssess0006gran | 6 | The papers of Ulysses S. Grant
   papersofulyssess0001gran | 1 | The papers of Ulysses S. Grant
   the-papers-of-ulysses-s-grant-volume-19 | None | The Papers of Ulysses S. Grant, Volume 19: July 1, 1868-October 31, 1869
   acompilationofth13012gut | None | A Compilation of the Messages and Papers of the Presidents: Volume 7, part 1: Ulysses S. G
   papersofulyssess0012gran | 12 | The papers of Ulysses S. Grant
Q2 title:(war of the rebellion) AND (volume:(ser 3) OR volume:(series 3) OR volume:(ser. III) OR title:(series III) OR title:(ser. III)) 44
   in.ernet.dli.2015.155281 | None | The War Of The Rebellion Series Iii Vol Vi
   in.ernet.dli.2015.171284 | None | The War Of The Rebellion Series I- Volume - Xi-part-iii
   in.ernet.dli.2015.171703 | None | The War Of The Rebellion Series - Iii Vol-iv
   in.ernet.dli.2015.165578 | None | The War Of The Rebellion Series Iii Vol Iv
   in.ernet.dli.2015.172149 | None | War Of The Rebellion Series Iii - Volume I
   waroftherebellio026242mbp | None | THE WAR OF THE REBELLION SERIES III VOL IV
   dli.ernet.171306 | None | War Of The Rebellion Series I Volume Xl Part Iii
   in.ernet.dli.2015.165572 | None | The War Of The Rebellion Series Ii Vol Iii
   in.ernet.dli.2015.165462 | None | The War Of The Rebellion Series 11 Vol Iii
   warofrebellion013903rootrich | Ser. 1 vol.39:3 | lion : a compilation of the official records of the Union and Confederate armies
   warofrebellion014703rootrich | Ser. 1 vol. 47:3 | lion : a compilation of the official records of the Union and Confederate armies
   warofrebellionco1473unit | ser.1, v.47, pt.3 | lion : a compilation of the official records of the Union and Confederate armies
   warofrebellion013403rootrich | Ser. 1 vol. 34:3 | lion : a compilation of the official records of the Union and Confederate armies
   in.ernet.dli.2015.155282 | None | The War Of The Rebellion Series Iii Vol Ii
   in.ernet.dli.2015.165574 | None | The War Of The Rebellion Series -ii Vol-iii
   in.ernet.dli.2015.155187 | None | The War Of The Rebellion Series 11 Vol Iii
   officialrecords06unkngoog | ser.2:v.3 | Official records of the Union and Confederate Navies in the War of the Rebellion
   personalnarrati188385rhod | Ser. 3, no. 1-10 (1883-1885) Personal narratives of events in the war of the rebellion, being papers read before the Rhode Island Soldiers and Sailors Historical Society | eing papers read before the Rhode Island Soldiers and Sailors Historical Society
   warofrebellion012703rootrich | Ser. 1 vol. 27:3 | lion : a compilation of the official records of the Union and Confederate armies
   warofrebellionof0000unse | II | ebellion: Official Records of the Union and Confederate Armies Series III Vol. 2
   in.ernet.dli.2015.204592 | None | War Of The Rebellion Series I Volume Iii
   in.ernet.dli.2015.155280 | None | The War Of The Rebellion Series Ii Vol Iii
   warofrebellion014203rootrich | Ser. 1 vol. 42:3 | rce] : a compilation of the official records of the Union and Confederate armies
   warofrebellion0203rootrich | Ser. 2 vol. 3 | lion : a compilation of the official records of the Union and Confederate armies
   warofrebellion012403rootrich | Ser. 1 vol. 24:3 | lion : a compilation of the official records of the Union and Confederate armies
   warofrebellion013603rootrich | Ser. 1 vol. 36:3 | lion : a compilation of the official records of the Union and Confederate armies
   in.ernet.dli.2015.165571 | None | The War Of The Rebellion Series Iii Vol V
   in.ernet.dli.2015.155283 | None | The War Of The Rebellion Series Iii Vol Iv
   in.ernet.dli.2015.165577 | None | The War Of The Rebellion Series -iv Vol-iii
   in.ernet.dli.2015.165575 | None | The War Of The Rebellion Series Iii Vol Ii
   waroftherebellio026237mbp | None | THE WAR OF THE REBELLION SERIES II VOL III
   warofrebellionco1313unit | ser.1, v.31, pt.3 | lion : a compilation of the official records of the Union and Confederate armies
   warofrebellion013803rootrich | Ser. 1 vol. 38:3 | lion : a compilation of the official records of the Union and Confederate armies
   warofrebellion0302rootrich | Ser. 3 vol. 2 | lion : a compilation of the official records of the Union and Confederate armies
   warofrebellion014103rootrich | Ser. 1 vol. 41:3 | lion : a compilation of the official records of the Union and Confederate armies
   warofrebellionco0043dani | 43 | on and Confederate Armies - Series 1 Volume XLI, Part III - Correspondence, etc.
   in.ernet.dli.2015.165573 | None | The War Of The Rebellion Series Iii Vol Vi
   in.ernet.dli.2015.171702 | None | The War Of The Rebellion Series - Iii Vol-iii
   personalnarrati188587rhod | Ser. 3, no. 11-20 (1885-1887) Personal narratives of events in the war of the rebellion, being papers read before the Rhode Island Soldiers and Sailors Historical Society | eing papers read before the Rhode Island Soldiers and Sailors Historical Society
   waroftherebellio026238mbp | None | THE WAR OF THE REBELLION SERIES III VOL VI
   warofrebellion014003rootrich | Ser. 1 vol.40:3 | lion : a compilation of the official records of the Union and Confederate armies
   warofrebellion0301rootrich | Ser. 3 vol. 1 | lion : a compilation of the official records of the Union and Confederate armies
   warofrebellion013103rootrich | Ser. 1 vol. 31:3 | lion : a compilation of the official records of the Union and Confederate armies
   warofrebellion013203rootrich | Ser. 1 vol. 32:3 | lion : a compilation of the official records of the Union and Confederate armies
Q2 title:(war of the rebellion) AND (description:"December 1, 1863" OR description:"1864, to December 31, 1864" OR title:"vol. IV" ) 4
   in.ernet.dli.2015.165578 | None | The War Of The Rebellion Series Iii Vol Iv
   in.ernet.dli.2015.171703 | None | The War Of The Rebellion Series - Iii Vol-iv
   waroftherebellio026242mbp | None | THE WAR OF THE REBELLION SERIES III VOL IV
   in.ernet.dli.2015.155283 | None | The War Of The Rebellion Series Iii Vol Iv
