papersofulyssess0010gran | Fort Monroe | 1
    ['papersofulyssess0010gran'] 
       en route to {{{Fort Monroe}}}, Va. Apri 1. USG visited Maj. Gen. Benjamin F. Butler at {{{Fort Monroe}}} to consult
       part 1, 5. On April 2, 1864, 11:00 a.m., USG, {{{Fort Monroe}}}, telegraphed to Maj. Gen. Henry W. Halleck. “I
       Halleck telegraphed to USG. “Genl Kautz ordered to {{{Fort Monroe}}}, Washburne to Memphis, Crittenden to Burnside
       hopes to have from seven to ten thousand at {{{Fort Monroe}}} by the [20th], if weather should favor. Shall
papersofulyssess0010gran | Van Vliet | 1
    ['papersofulyssess0010gran'] 
       Corps are to be in that Section—I send this by Lt {{{Van Vliet}}} of my Staff—” ALS, DNA, RG 108, Letters Received
       telegram of 11:36 A.M. from Ist Lt. Frederick {{{Van Vliet}}}, 3rd Cay., act. aide to Maj. Gen. Ambrose E. Burnside
       1347 Van Lew, Elizabeth (of Richmond, Va.), 560 {{{Van Vliet}}}, Frederick (U.S. Army), 262n, 263n, 448n Varnell’s
papersofulyssess0010gran | Chesapeake City | 0
papersofulyssess0010gran | Captain Wise | 0
papersofulyssess0010gran | Biggs | 0
papersofulyssess0010gran | canal barges | ERR 1 HTTP Error 502: Bad Gateway
papersofulyssess0010gran | canal barges | 1
    ['papersofulyssess0010gran'] 
       authorizing it. We are loading a fleet of {{{Canal}}} boats and {{{barges}}} at Saint Louis for Nashville, which will
       ses¥ ene n teva woe ys Bin eeate pepe Teele ay py {{{canal}}}: letapatetospehce aebbiaba beds Se bees ea ene eeeyya
       boats is now limited We are trying to gather up {{{barges}}} and organize in all ways most effective and I am
       cut the Danville R. R. and also the James River {{{Canal}}}. Genl Augur estimates that the reinforcements which
in.ernet.dli.2015.165578 | Van Vliet | 0
in.ernet.dli.2015.155283 | Van Vliet | 0
in.ernet.dli.2015.171703 | Van Vliet | ERR 1 HTTP Error 502: Bad Gateway
in.ernet.dli.2015.171703 | Van Vliet | ERR 2 HTTP Error 502: Bad Gateway
(all) | Van Vliet chartered vessels expedition Fort Monroe April 1864 Wise Meigs | ERR 1 HTTP Error 502: Bad Gateway
(all) | Van Vliet chartered vessels expedition Fort Monroe April 1864 Wise Meigs | 0
(all) | Shore correspondent World Butler arrested Baltimore Wallace | 0
(all) | Davenport Bureau of Information Butler Shore | 0
(all) | "W. W. Shore" | ERR 1 HTTP Error 502: Bad Gateway
(all) | "W. W. Shore" | 10
    ['correspinsurrecti1860mult'] 
       1859—7.48  P.  M. 0.  EoUitzell Telegraph  {{{W.  W.  Shore}}},  New  York,  only  this,  viz : Virginia  authorities
       HOBLITZELL. Bahimore,  Nov.  29,  1859—8.20  P.  M. {{{W.   W.   Shore}}}, Daily  Times,  New  York: Virginia    authorities
    ['correspondencere1860mult'] 
       1859—7.48,  P.  M. 0.  HOBLITZELL. Telegraph  {{{W.  W.  Shore}}},  New  York,  only  this,  viz: 64 Vigiuia 
        Baltimore,  Nov.  29,  1859—8.20,  P.  M. {{{W.  W.  Shore}}}, Daily  Times,  New  York: Virginia  authorities
    ['addressofmerchan00norf'] 
       William  B.  Tyson, Geo.  McAlpin, J.  II.  King, {{{W.  W.  Shore}}}, W.  E.  Lewis, H.  Wertheimier, B.  V.  Seldner
    ['betweenlinessecr00insmit'] 
       S.  Sanitary  Com- missi.. 1 — Arrest  of  {{{W.  W.  Shore}}},  of  the  New York  'World" — John  Gillock
       U.  S.  Sanitary  Commis- sion— Arrest  of  {{{W.  W.  Shore}}},  of  the  New  York "World" — John  Gillock
       three  and  a  half  years 100 ARREST, OF  {{{W.  W.  SHORE}}} in  such  service  it  was  hard  for  me  to
    ['betweenlinessecr00smit'] 
       S.  Sanitary  Com- missiv  i — Arrest  of  {{{W.  W.  Shore}}},  of  the  New York  'World" — John  Gillock
       U.  S.  Sanitary  Commis- sion— Arrest  of  {{{W.  W.  Shore}}},  of  the  New  Yor!. "World" — John  Gillock
       three  and  a  half  years 100 ARREST  OF  {{{W.  W.  SHORE}}} in  such  service  it  was  hard  for  me  to
    ['18babes-capamolhada'] 
       LESEN! LEICHT ZU BENUTZEN! LEICHT ZU BEKOMMEN! {{{w [w shore}}} ag = Options = x [EN r EES Bookmarks E E S ERRE
(all) | Butler ordered out of the department correspondent World 1864 Shore | 0
be-api requests 18
