CONTROL | "sailed in perfect order" intitle:Grant | total 3
    mnRjmhe3QLoC The Papers of Ulysses S. Grant 1985 PARTIAL | ... <b>sailed in perfect order</b>— &quot; ALS ( telegram sent ) , DNA , RG 107 , Telegrams Collected ( Unbound ) ; telegram received , ibid . &quot; The Steamer Victor with three hundred and seventy five ( 375 ) men has <b>sailed</b> — All right — Plenty of Hard&nbsp;...
    ij8fAQAAMAAJ The Papers of Ulysses S. Grant: November 16, 1864- 1967 NO_PAGES | ... <b>sailed in perfect order</b>- &quot; ALS ( telegram sent ) , DNA , RG 107 , Telegrams Collected ( Unbound ) ; telegram received , ibid . &quot; The Steamer Victor with three hundred and seventy five ( 375 ) men has <b>sailed</b> - All right - Plenty of Hard&nbsp;...
    IpH5DwAAQBAJ Complete Works of Jules Verne (illustrated): A Jor 2021-02-01 PARTIAL | ... <b>perfect order</b> , the Dutch cleanliness of the vessel . The captain&#39;s cabin , and that of the lieutenant , one on the ... <b>sailing</b> - master ; Hardy , Rogers , Drap , Francis , Gratian , Burg , and Stern <b>sailors</b> all between twenty&nbsp;...
E505 | "best going steamers" | total 355
    1bc5AQAAMAAJ The Practical Mechanic and Engineer's Magazine 1846 ALL_PAGES | ... <b>going steamers</b> can compete successfully with small river - boats built expressly for speed , and to this cause may be attributed the com- paratively favourable passages of the &quot; <b>Great</b> Britain , &quot; although her engines are notoriously&nbsp;...
    0wgKAAAAIAAJ U.S. Naval Institute Proceedings 1885 ALL_PAGES | ... <b>best</b> talent , on subjects of importance to the service , might be offered ... <b>best</b> arrangement of compartments for diminishing the effect of shell explosion within a ... <b>going steamers</b> THE RECONSTRUCTION AND INCREASE OF THE NAVY . 37.
    tIxutHRnpOwC The Nautical Magazine 1892 ALL_PAGES | ... <b>better</b> expended , even though they ( the boys ) went to sea before ... <b>best</b> with what we have . They , the present men , have little time for more ... <b>going steamers</b> , even here these remarks will in a <b>great</b> measure be relevant&nbsp;...
    F5EEAAAAYAAJ Cassier's Magazine 1899 ALL_PAGES | 
    M0J3gBHaU1YC Great Lakes-St. Lawrence Deep Waterway Treaty ... 1929 ALL_PAGES | ... <b>go</b> anywhere and everywhere to get cargoes . We have big ocean - <b>going steamers</b> running 1,000 miles up the Yangtze River where the current is very swift and navigation quite difficult , far more difficult than it would be <b>going</b> to Lake&nbsp;...
    XjAFAAAAQAAJ PROCEEDINGS OF THE UNITED STATES NAVAL INSTITUTE  1885 ALL_PAGES | ... <b>best</b> talent , on subjects of importance to the service , might be offered ... <b>best</b> arrangement of compartments for diminishing the effect of shell explosion within a ... <b>going steamers</b> THE RECONSTRUCTION AND INCREASE OF THE NAVY . 37.
E505 | "one of the best going" steamers Rawlins | total 214
    jrABAAAAQAAJ The lost ship; or, The Atlantic steamer 1860 ALL_PAGES | ... <b>Rawlins</b> rapidly ran over these . &quot; It&#39;s a very proper case for our interference , &quot; said the gallant captain . &quot; I ... <b>one</b> another . &quot; &quot; By the <b>great</b> O&#39;Toole , sir , my blood boils to think of such a thing ! In the whole course of&nbsp;...
    gcw2AQAAMAAJ Timber and Wood-working Machinery 1892 ALL_PAGES | ... <b>one</b> man . Measuring over all 14 - in , by 4 - in . by 8 - in . , and weighs ... <b>Steamers BEST</b> MATERIAL AND ACCURATE CONSTRUCTION .术 J. D. <b>RAWLINS</b> ... <b>Steamers</b> of this Line take specified courses according to the seasons of the year&nbsp;...
    7A8-AQAAMAAJ Chamber of Commerce Journal of Maine 1888 ALL_PAGES | ... <b>going</b> by those <b>steamers</b> during the flush of travel . This is not strange , for this is <b>one</b> of the this city , can refer with satisfaction to work performed <b>best</b> managed lines in New England . Lux- under personal supervision in all parts&nbsp;...
    6RcjAQAAMAAJ Rudder 1964 NO_PAGES | ... <b>one of the best</b> of our forty - footer skippers and it was you yourself who ... <b>going</b> on in the living quarters . Like frying pans sailing off the stove ... <b>Rawlins</b> , signer of the report , stated that since he did not feel that&nbsp;...
    5NdsbEHxeYIC Forest and Stream 1908 NO_PAGES | ... <b>steamers</b> . The fish simply is a wanderer and at any time is liable to wander ... <b>one</b> would think of <b>going</b> fishing for them as a regular diet . No <b>one</b> would ... <b>best</b> fish this year weighed sixty pounds or so . This and the white&nbsp;...
    Uq0QAAAAYAAJ Harper's Novels 1843 ALL_PAGES | ... <b>one</b> knew <b>better</b> than himself how to put on with the jaunty , careless air that marks the true seaman , Herbert took leave of his friend <b>Rawlins</b> ... <b>best</b> place , as they must board the <b>steamer</b> on the other side . &quot; terial point being left&nbsp;...
E505 | "Rawlins wishes you to send" | total 3658
    1AAiAQAAMAAJ A Complete Collection of State-trials and Proceedi 1742 ALL_PAGES | ... <b>you wish</b>&#39;d your felf Mr. Swendsen&#39;s Wife , several Times ? L. C. J. Holt . Did <b>you</b> ever tell her , that <b>you</b> wished your self Swendsen&#39;s Wife ? Mrs. <b>Rawlins</b> ... <b>send</b> back the Letters . L. C. J. Holt . Why did <b>you</b> fo ? Mrs. <b>Rawlins</b> . It&nbsp;...
    VQtDAAAAcAAJ A Complete Collection Of State-Trials And Proceedi 1730 ALL_PAGES | ... <b>you</b> marry a Man for his good Humour only ? Mrs. <b>Rawlins</b> . I never had married , if there had not been a Force put ... <b>send</b> back the Letters . L. C. J. Holt . Why did <b>you</b> so ? Mrs. <b>Rawlins</b> . It was not upon Mr. Swendsen&#39;s Account&nbsp;...
    mnRjmhe3QLoC The Papers of Ulysses S. Grant 1985 PARTIAL | ... <b>you</b> are going to be at home this morning I propose to visit City Point.— &quot; ALS ( telegram <b>sent</b> ) , DNA , RG 393 ... <b>Rawlins</b> . &quot; I have just examined an intelligent non - commissioned officer from Harris Brigade Ma- hones Divn who&nbsp;...
    jXg0AQAAMAAJ A Complete Collection of State-trials, and Proceed 1777 ALL_PAGES | ... <b>you</b> have with her ? <b>You</b> said I was the Prisoner . L. C. J. Holt . Did they take the Bail that was offered ? Mrs. <b>Rawlins</b> ... <b>send</b> all Mr. Pugh&#39;s Letters back aga and defired <b>him</b> in your Letter to come no more at <b>you</b> ; and that would have&nbsp;...
    BWhUAAAAYAAJ A Complete Collection of State-trials, and Proceed 1730 ALL_PAGES | ... <b>you wish</b>&#39;d your felf Mr. Swendsen&#39;s Wife , several Times ? L. C. J. Holt . Did <b>you</b> ever tell her , that <b>you</b> wished your felf Swendsen&#39;s Wife ? Mrs. <b>Rawlins</b> ... <b>send</b> all Mr. Pugh&#39;s Letters back again , and defired <b>him</b> in your Ler- ter to&nbsp;...
    W7XPAAAAMAAJ The Century Illustrated Monthly Magazine 1897 ALL_PAGES | ... <b>we</b> hurried for- ward to greet <b>him</b> . <b>Rawlins</b> , in his enthu- siasm , seized both of Sheridan&#39;s hands in his own , wrung <b>them</b> vigorously , and then went to patting <b>him</b> on the back . Sheridan re- turned all the <b>greetings</b> warmly , and <b>Rawlins</b>&nbsp;...
E505 | "no rations will be required" | total 344
    ye0WnfX_1dAC Federal Register 1943 ALL_PAGES | ... <b>shall</b> sur- render it to a Board within five days . SEC . 10.10 . Denial of <b>rations</b> . ( a ) <b>No</b> person who has refused to surrender a <b>ration</b> card , book , or coupon upon di- rection of the Board or who has refused , <b>without</b> good cause&nbsp;...
    bqcdAQAAIAAJ Annual Report of the Secretary of War 1900 ALL_PAGES | ... <b>No</b> one <b>shall</b> die of starvation and <b>no</b> able - bodied man <b>shall</b> eat the bread of idleness . &quot; But it is much easier to ... <b>will</b> be to investigate all cases which may <b>require</b> assist- ance . This committee <b>will</b> report to the local&nbsp;...
    86DRaGzxCt4C Report of the Secretary of War, which Accompanied  1900 ALL_PAGES | ... <b>No</b> one <b>shall</b> die of starvation and <b>no</b> able - bodied man <b>shall</b> eat the bread of idleness . &quot; But it is much easier to ... <b>will</b> be to investigate all cases which may <b>require</b> assist- ance . This committee <b>will</b> report to the local&nbsp;...
    H-3y3rdg3bkC Annual Report of the [Lieutenant-General] Commandi 1899 ALL_PAGES | ... <b>no rations</b> . Andrews&#39;s battery and Summers , with his 2 battalions of ... <b>will</b> be sent to the city . This places the whole Minnesota regiment on ... <b>required</b> for other troops , <b>will</b> wire you . LAWTON , Major - General Volunteers&nbsp;...
    tXlQAAAAYAAJ Elihu Root Collection of United States Documents 1899 ALL_PAGES | ... <b>No</b> one <b>shall</b> die of starvation and <b>no</b> able - bodied man <b>shall</b> eat the bread of idleness . &quot; But it is much easier to ... <b>will</b> be to investigate all cases which may <b>require</b> assist- ance . This committee <b>will</b> report to the local&nbsp;...
    28gJP56pGa0C Annual Reports of the War Department 1900 ALL_PAGES | ... <b>No</b> one <b>shall</b> die of starvation and <b>no</b> able - bodied man <b>shall</b> eat the bread of idleness . &quot; But it is much easier to ... <b>will</b> be to investigate all cases which may <b>require</b> assist- ance . This committee <b>will</b> report to the local&nbsp;...
E505 | "in addition to the steamers named" | total 8
    fWHUAAAAMAAJ The Isthmus of Panamá 1865 ALL_PAGES | ... <b>In addition to the steamers named</b> above , about twenty - five sailing vessels , coal - ships , and small coast- ing craft enter the port of Panamá annually , while those entering Colon are about 150. From Colon there is a regular line&nbsp;...
    V2FY5RJgNLAC Truth 1884 ALL_PAGES | ... <b>In addition to the steamers named</b> above , Messrs . John Elder &amp; Co. are now building for the Company two new steamers of 4,750 tons register each , of the highest class , finish , and equipment . The development of their business and&nbsp;...
    nUVOAAAAYAAJ The Statist 1884 ALL_PAGES | ... <b>In addition to the steamers named</b> above , Messrs . John Elder and Co. are now building for the Company two new steamers of 4,750 tons register each , of the highest class , finish and equipment . The development of their business and&nbsp;...
    dxl6AAAAIAAJ 1960 Supplement to North Atlantic Seaway 1960 NO_PAGES | ... <b>in addition to the steamers named</b> there were a number of others that carried passengers on the North Atlantic . These researches are continuing . Page 123 Substitute ( fifteenth and forty - first lines ) -Württemberg . Page 128 17&nbsp;...
    keM-AQAAMAAJ Shipbuilding and Shipping Record 1921 NO_PAGES | ... <b>In addition to the steamers named</b> in the report of last year , the directors have purchased the turbine steamer Piper , now called Snaefell , which has proved a very valuable acquisition to the company&#39;s fleet . They have also , in&nbsp;...
    743lAAAAMAAJ Shipbuilding & Shipping Record 1921 NO_PAGES | ... <b>In addition to the steamers named</b> in the report of last year , the directors have purchased the turbine steamer Piper , now called Snaefell , which has proved a very valuable acquisition to the company&#39;s fleet . They have also , in&nbsp;...
E505 | Howell Webster steamer "City Point" January 1865 intitle:Grant | total 0
E505 | Howell quartermaster "for other service" steamer 1865 | total 23
    Hnz1U6Mn4H0C The United States Army and Navy Journal and Gazett 1867 ALL_PAGES | ... <b>service</b> will prepare and forward , under proper charge , to Fort Mc Henry , Maryland , a detachment of twenty ... <b>Quartermaster&#39;s</b> Department to Superintendent J. F. Carl . The following - named officers of the First U. S. Caval- ry&nbsp;...
    rflYAAAAcAAJ House Documents 1872 ALL_PAGES | ... <b>quartermaster</b> . April 20. H. D. Walker , jr . , lieutenant and acting as ... <b>Howell</b> from Washington to New York and return with 1 person , October 19 ; 1 ... <b>1865</b> . Paid Baltimore and Ohio Railroad Company for transportation&nbsp;...
    naw0AQAAMAAJ Armed Forces Journal International 1864 ALL_PAGES | ... <b>Quartermaster&#39;s</b> Office Department Cumberland , April 10 , <b>1865</b> . Captain S. W. Hoskins . [ To Newbern , N. C. ] To relieve Captain A. 8. Kimball , A. Q. M. , in his duties at Newbern , North Carolina receiving and receipturg for such&nbsp;...
    InpIAQAAMAAJ Official Roster of the Soldiers of the State of Oh 1888 ALL_PAGES | ... <b>Service</b> . Remarks . Fishinger , F ... Private .. 19 Aug. 5 , 1862 3 yrs ... <b>1865</b> . Funkhouser , George A ...... do .... 21 Aug. 5 , 1862 3 yrs . Wounded ... <b>Howell</b> , Ellis ... .do ... 20 Aug. 6 , 1862 3 yrs . .do ... 24 Aug. 5&nbsp;...
    x2hFAQAAMAAJ Army, Navy, Air Force Journal & Register 1891 NO_PAGES | ... <b>Service</b> of 123 men , costing $ 2,444.50 per month , not much more than the montbly REAR ADMIRAL J. C. <b>HOWELL</b> ... <b>other</b> passengers Fort Apaobe , Ariz . lakes and the Bear discharge their ... <b>steamer</b> of Oct. 14 . Cercle Frapgais de l&nbsp;...
    T0pXcEQ-diAC History of the Eighty-fifth Regiment Pennsylvania  1915 NO_PAGES | ... <b>steamer</b> , &quot; Mary Benton . &quot; The duties assigned these two companies were ... <b>Howell</b> on August 27 , and subsequently the Regiment was favored with a ... <b>quartermaster&#39;s</b> department at Washington to , Rush down , if necessary&nbsp;...
E505 | "best going" steamer "Fort Monroe" 1865 Rawlins Howell | total 1
    3yqivQAU5p0C The War of the Rebellion 1895 ALL_PAGES | ... <b>1865</b>–7.20 р . т . Capt . J. M. BERRIEN , U. S. Navy , Norfolk , Va .: Please send the launches and large boats to Colonel Webster , quar- ermaster , at <b>Fortress Monroe</b> ... <b>HOWELL</b> , <b>top</b> nis and PED call NEW YORK , January 3 , <b>1865</b>&nbsp;...
E525 | "Baltic got off" | total 3
    rnXiEAAAQBAJ Sinclair Lewis - Ultimate Collection 2023-11-23 PARTIAL | ... over to London to hear the one language he knew, and fled from it because he did know the language, because some one might recognize him and pity him. He went on a German tour to the North Cape and the <b>Baltic, got off</b>.
    c1hZEAAAQBAJ Delphi Complete Novels of Sinclair Lewis (Illustra 2022-01-15 PARTIAL | ... <b>Baltic, got off</b> at Riga, and fled from it because he did not know the language. He returned to England, rented a motor, and toured along the old Roman road through Kent, stopping in villages of half-timbered houses and cottages covered&nbsp;...
    LArOEQAAQBAJ Dodsworth 2026-04-04 PARTIAL | ... <b>Baltic , got off</b> at Riga , and fled from it because he did not know the language . He returned to England , rented a motor , and toured along the old Roman road through Kent , stopping in villages of half - timbered houses and cottages&nbsp;...
E525 | "countermand the order" Baltic Newport | total 1
    2B5HAQAAMAAJ The Engineer 1901 NO_PAGES | ... <b>countermand the order</b> for the construc- best smalls , 9s . to 9s . 3d ... <b>Baltic</b> will close next month . For best steam coals 13s . 3d . to 13s . 6d ... <b>Newport</b> prices are : Tafna , 15s . to 15s . 3d .; Almeria , 14s . 9d&nbsp;...
E525 | "where she can take troops" | total 595
    Kf0ZAQAAMAAJ Hearings None ALL_PAGES | ... <b>troops will have</b> served as a catalytic agent or a &quot; shot in the arm , &quot; and so forth , to the point where they <b>can</b> defend their own countries ? General BRADLEY . <b>I</b> think there are two points to this . One is the point when they <b>can take</b>&nbsp;...
    gotODwAAQBAJ The U.S. Army in World War I 2018-02-09 PARTIAL | ... He must act first.” And then in conclusion I shall try to point out to him to try to put before the Emperor that if <b>he would do</b> the complete thing, if <b>he would</b> really <b>take</b> a complete step, not try to bargain with somebody, but <b>take</b> this&nbsp;...
    rVUfHQqf7HcC Soldiers 1973 ALL_PAGES | ... <b>can</b> afford to <b>have</b> higher standards . Again , <b>it&#39;s</b> a matter of the employer estab- lishing criteria that are best ... <b>where she</b> works , when <b>she</b> works , <b>where she</b> goes or when <b>she</b> goes . We must retain mobility . If the time comes&nbsp;...
    10FfhYibJCoC Army Reserve Magazine 1977 ALL_PAGES | ... where she figured she&#39;d <b>have</b> a better chance to catch a sided forte from his or her unit commander , flight , but she was repeatedly bumpedes Happening from planes - and gave up , again . Plane Jane Advice . &quot; <b>I would</b> Ks of the fi servist&nbsp;...
    cTjCQ24YpKsC To Increase the Efficiency of the Military Establi 1916 ALL_PAGES | ... <b>take</b> to refit them . After a ship is in the yards <b>it takes</b> from 4 to 7 days to refit and equip <b>it</b> . Some ships <b>take</b> longer and some <b>take</b> a lesser time , and that is the reason that one <b>can</b> never tell definitely when an oversea expedition&nbsp;...
    JL3bJFKMVrkC Army Appropriation Bill 1921 ALL_PAGES | ... <b>she can</b> work 200 miles off the coast . It is just as accurate at 200 miles as it is near the shore . All other countries <b>have</b> taken that into very serious consideration . AIR PROGRAM OF FOREIGN GOVERNMENTS . Mr. ANTHONY . <b>Have</b> you a&nbsp;...
E525 | "impossible for her to come up" | total 47
    ErPqDwAAQBAJ His Scandalous Love 2019-02-22 PARTIAL | ... her feet . The man wasn&#39;t making this easy on her one bit . In fact , he was making it damn near <b>impossible for her to come up</b> with reasons not to stay away from him . Carter was too good for her and she didn&#39;t deserve.
    7z2oDwAAQBAJ Stegomyia 2019-08-08 PARTIAL | ... <b>impossible for her to come up</b> with anything . I understood but was despondent , not disappointed . I only wished I had known before making the long , exhausting train trip . I did not want to go back to my uncle to give him feedback&nbsp;...
    k1aWk7eTpR8C A Husband Made in Texas 2011-07-15 PARTIAL | ... <b>impossible for her to come up</b> with the money . &#39; What on earth does Bill have to do with your visit ? &#39; she asked tensely . &#39; We&#39;ve done some business together . &#39; The eyes that held hers were cool as steel . The uneasy sensation was&nbsp;...
    OkLyMAyoK5cC The Coxville Murders 2009-07 PARTIAL | ... <b>impossible for her to come up</b> with a reason that Tom Buckley could not be guilty this time . He was wrong . &quot; Sheriff , he didn&#39;t do it . He&#39;s not your man . &quot; Her words were definite . She spoke with sureness . Becker walked closer to&nbsp;...
    KLPqDwAAQBAJ Cuffs and Spurs Collection 2019-05-23 PARTIAL | ... her feet . The man wasn&#39;t making this easy on her one bit . In fact , he was making it damn near <b>impossible for her to come up</b> with reasons not to stay away from him . Carter was too good for her and she didn&#39;t deserve.
    B_RiDgAAQBAJ Leftover Women 2016-07-31 PARTIAL | ... <b>impossible for her to come up</b> with the money to finance this hypothetical purchase . Yan ( woman ) : When he showed me the contract , I – and my parents , too we were not particularly happy . It was like , our marriage is just a&nbsp;...
E525 | "let me know what orders you give her" | total 354
    ZrBhDwAAQBAJ The Convenient Mail Order Bride 2016-02-13 PARTIAL | ... <b>me</b> . Until the stagecoach arrives and I can get <b>you</b> and <b>your</b> mother safely on it so <b>you</b> can go back home , I won&#39;t <b>let</b> anyone harm <b>you</b> . &quot; &quot; I <b>know</b> ... <b>her</b> ? Did she really want this kind of life ? Not only did she <b>give</b> up the conveniences&nbsp;...
    Pe1hAAAAcAAJ Cobbett's Complete Collection of State Trials and  1813 ALL_PAGES | But I would know , had not <b>you</b> reason to expect the like treatment again ? --- I had all the reason in the world to ... <b>let me know your</b> meaning , if <b>you</b> will speak so as to be understood , I shall <b>give you</b> an adequate answer . Did&nbsp;...
    GaIrAQAAMAAJ A Complete Collection of State Trials and Proceedi 1816 ALL_PAGES | Thomas Bayly Howell. But I would <b>know</b> , had not <b>you</b> reason to expect the like treatment again ? --- I had all the ... <b>give</b> any general directions ? --- I always gavė general directions for having our arms loaded , and in good <b>order</b>&nbsp;...
    wzxaAAAAcAAJ Novelist's Library 1824 ALL_PAGES | ... <b>you</b> and him : For I would not <b>make</b> mischief between <b>you</b> , for the world . This , <b>let me tell you</b> , will be a trying part of <b>your</b> conduct : for he loves the child ; and will judge of <b>you</b> by <b>your</b> conduct towards it . He dearly loved <b>her</b>&nbsp;...
    ix8tAAAAYAAJ A-I 1855 ALL_PAGES | James Orchard Halliwell-Phillipps. and which I does ; and <b>they</b> tells <b>me</b> theres nothing proved , that I could aford to pay for the things , and I mite go about my business ... <b>us know</b>&#39;d et <b>us</b> &#39; oller&#39;d ENGLISH PROVINCIAL DIALECTS . xix.
    F7ALAQAAIAAJ The British Drama 1871 ALL_PAGES | ... <b>you give</b> him <b>your</b> money ? Lord N. It was surprise caused <b>me</b> to do that ... <b>her</b> ; for , if <b>you</b> remember , he always spoke well behind <b>her</b> back . Lord N ... <b>know</b> my mother ? Har . I have seen <b>her</b> . Edw . Did <b>you</b> ever <b>see her</b> , my&nbsp;...
E525 | "The Baltic" Annapolis coal Newport 1865 quartermaster | total 0
E525 | "Baltic" Annapolis "Fort Monroe" January 1865 transport brigade | total 5
    1LY9AAAAYAAJ The War of the Rebellion: v. 1-53 [serial no. 1-11 1895 ALL_PAGES | United States. War Department. CITY POINT , VA . , <b>January</b> 12 , <b>1865</b>–4 р . т . Col. M. R. MORGAN , <b>Fort Monroe</b> : All ... <b>Brigade</b> orders to keep on hand four days &#39; rations , and to stay on board ship until they got different orders&nbsp;...
    3yqivQAU5p0C The War of the Rebellion 1895 ALL_PAGES | ... <b>January</b> 12 , <b>1865</b>–4 р . т . Col. M. R. MORGAN , <b>Fort Monroe</b> : All troops arriving at <b>Fort Monroe</b> from General ... <b>Brigade</b> orders to keep on hand four days &#39; rations , and to stay on board ship until they got different orders from&nbsp;...
    hDrcE0_iM-8C The War of the rebellion: a compilation of the off 1895 ALL_PAGES | 
    cJRovKU5AcIC House documents 1895 ALL_PAGES | CITY POINT , VA . , <b>January</b> 12 , <b>1865</b>–4 р . т . Col. M. R. MORGAN , <b>Fort Monroe</b> ... <b>Brigade</b> orders to keep on hand four days &#39; rations , and to stay on board ... <b>Baltic</b> went up yesterday to <b>Annapolis</b> , ready for sea . She ought to take&nbsp;...
    ltnbcGDOR4sC The United States Army and Navy Journal and Gazett 1899 ALL_PAGES | ... <b>Fort Monroe</b> , Va . , visited friends in New York City this week . Mrs. Read ... <b>Baltic</b> , McPherson Square , Washington , D. С. They have many warm friends ... <b>transport</b> Mississippi . Gen. and Mrs. Henry have given several dinner&nbsp;...
E525 | Newport Webster Baltic 1865 telegram | total 9
    j5XcDwAAQBAJ Lloyd ́s Register of British and Foreign Shipping 2020-04-13 PARTIAL | ... <b>Telegram</b> +2 Taunton SJ.Hogg 688 181-5 / 82-017-7 Hartipl 1868 Milburn &amp; Co Newcastle Lon.China 16 Ironframe planked Denton 5mo . ( A. &amp; C.P . ) | Bdgwtr1838 Berry &amp; Co . Bridgwatr Bdg.<b>Baltic</b> ... <b>1865</b> W.Atkinson Shields Shl.China 10&nbsp;...
    ktlXEAAAQBAJ Lloyd's Register of Shipping 1870 1870-01-01 ALL_PAGES | ... <b>Baltic</b> Srprs58 Drp.57 &amp; 61ND.TSds &amp; Srp rs64 4 Tauroa Bn AM Knzie 132 89-3 / 21-111 · 1 Mntrse 1864 D. Sutherlnd ... <b>1865</b> W.Atkinson Shields Drp.67 Shl.China 10 A 1 н.т.Shl.70 4,70 Tavy KJ.Kevern 8 A1 I.B. ( A. &amp; C.P . ) 7,69 Lon&nbsp;...
    c3I4AAAAMAAJ Lloyd's Register of British and Foreign Shipping 1870 ALL_PAGES | ... <b>Baltic</b> Srprs58 Drp.57 &amp; 61ND.TSds &amp; Srp rs64 Bn AM&#39;Knzie 132 89-3 / 21-1-11-1 Mntrse 1864 D.Sutherlnd Montrose Mtr.S ... <b>1865</b> W.Atkinson Shields Davison 1mo . KJ.Kevern 69 69-418-6 8-3 Plymth 1869 Bayley &amp; Co . Plymouth Ply&nbsp;...
    oDcSAAAAYAAJ Lloyd's Register of British and Foreign Shipping 1964 NO_PAGES | 
    hYEgBJp0tS0C Annual Report 1874 ALL_PAGES | ... <b>Webster</b> ( Ferry ) .. 100 Mary Davage ( Tow ) ....... 502 Fred . Wilson ( Tow ) ... <b>Newport</b> Belle ( Ferry ) ... 100 Bill Brannock . 372 160 N. J. Bigley No. 2 ... <b>Baltic</b> ( Tow ) Ben Wood ( Tow ) .. Billy Parson ( Tow ) .. Belle&nbsp;...
    T-QcCFGatdgC The Engineer 1867 ALL_PAGES | ... <b>Webster</b> , Esq . , coroner . Keg ........ TIN , Banca , per cwt Straits , fine - cash Prompt 3 months English blocks ... <b>Newport</b> .. .. .. .. .. 25,800 .. .. .. .. 41,117 Swansea .. .. .. .. 40,404 .. .. .. .. .. 51,146 Llanelly&nbsp;...
googleapis requests 17
