"Suwo Nada" "half an hour" | total 2
    mnRjmhe3QLoC The Papers of Ulysses S. Grant 1985 PARTIAL | ... <b>Suwo Nada</b> &#39; nine hundred &amp; thirty ( 930 ) men will start in <b>half an hour</b> — This makes six vessels , 5109 men , all as ordered— &quot; ALS ( telegram sent ) , ibid .; telegram received , ibid . &quot; If in summing up today I said six vessels I&nbsp;...
    ij8fAQAAMAAJ The Papers of Ulysses S. Grant: November 16, 1864-February 20, 1865 1967 NO_PAGES | ... <b>Suwo Nada</b> &#39; nine hundred &amp; thirty ( 930 ) men will start in <b>half an hour</b> - This makes six vessels , 5109 men , all as ordered- &quot; ALS ( telegram sent ) , ibid .; telegram received , ibid . &quot; If in summing up today I said six vessels I&nbsp;...
"Oriental" "Suwo Nada" sailed 1865 | total 5
    ij8fAQAAMAAJ The Papers of Ulysses S. Grant: November 16, 1864-February 20, 1865 1967 NO_PAGES | ... <b>Oriental</b> &#39; seven hundred &amp; seventy eight ( 778 ) men has <b>sailed</b> - The &#39; <b>Suwo Nada</b> &#39; nine hundred &amp; thirty ( 930 ) men will start in half an hour - This makes six vessels , 5109 men , all as ordered- &quot; ALS ( telegram sent ) , ibid&nbsp;...
    hDrcE0_iM-8C The War of the rebellion: a compilation of the official records of the 1895 ALL_PAGES | 
    tMktAAAAIAAJ The War of the Rebellion 1895 ALL_PAGES | ... <b>1865</b>-11.30 a . m . Bvt . Brig . Gen. CHARLES THOMAS , ( Received 11.45 a . m . ) Acting Quartermaster - General : The <b>Oriental</b> has not yet arrived . The Illinois , Victor , and Ashland are loaded and under orders to <b>sail</b> . The <b>Suwo Nada</b>&nbsp;...
    mkJ_4G_EE6MC The War of the Rebellion: v. 1-53 [serial no. 1-111] Formal reports, b 1895 ALL_PAGES | ... <b>1865</b>-11.30 a . m . ( Received 11.45 a . m . ) Byt . Brig . Gen. CHARLES THOMAS , Acting Quartermaster - General : The <b>Oriental</b> has not yet arrived . The Illinois , Victor , and Ashland are loaded and under orders to <b>sail</b> . The <b>Suwo Nada</b>&nbsp;...
    cJRovKU5AcIC House documents 1895 ALL_PAGES | ... <b>1865</b>–11.30 а . т . Bvt . Brig . Gen. CHARLES THOMAS , ( Received 11.45 a . m . ) Acting Quartermaster - General : The <b>Oriental</b> has not yet arrived . The Illinois , Victor , and Ashland are loaded and under orders to <b>sail</b> . The <b>Suwo Nada</b>&nbsp;...
"returned from the expedition disabled" | total 336
    Py9LAQAAIAAJ Limca Book of Records 2006 NO_PAGES | ... <b>expedition</b> on Oct. 6 , 2004 on his Yamaha R2 , having started from Varanasi ... <b>returned</b> on July 31 , 2005 . <b>Expedition</b> Ladakh Beckons - 2005 was led by Dr ... <b>disabled</b> sailor Maj . Ashok Kumar Singh , a permanent member of the&nbsp;...
    HtxXAAAAYAAJ Abridgment ... Containing the Annual Message of the President of the U 1872 ALL_PAGES | ... <b>expedition</b> to keep a private journal of the progress of the <b>expedition</b> , and ... <b>returned</b> to the writer , or not , at the option of the Government ; but each ... <b>disability</b> -a contingency we sincerely trust may not arise - they&nbsp;...
    fsBGAQAAMAAJ The Veterans' Administration Disability Rating Schedule: Historical De 1956 ALL_PAGES | ... <b>returned</b> by the circuit courts for the hereafter - named districts , and who have been placed on the list ... <b>expedition</b> Rhode Island . Decrepited by a musket ball in his left leg , Apr. 27 , 1977 . Wounded by Barmore&#39;s Corps of&nbsp;...
    Dn1ZAAAAcAAJ House Documents 1872 ALL_PAGES | ... <b>expedition</b> require it , you will continue your explorations to such a fur ... <b>returned</b> to the writer , or not , at the option of the Government ; but each ... <b>disability</b> -a contingency we sincerely trust may not arise - they&nbsp;...
    vgEllEtX3ZgC A History of the Scottish Highlands, Highland Clans and Highland Regim 1881 ALL_PAGES | ... <b>Expedition</b> to Egypt , 1800 - Battle of the 13th March 1801 - Battle of the ... <b>disabled</b> state of some of the ships , to re- turn to Portsmouth , where he ... <b>returned</b> regi- ments was changed . Five companies of the Highlanders&nbsp;...
"Fort Fisher news change" | total 355
    GCQJxL3xmI0C The Illustrated London News 1864 ALL_PAGES | THE WAR IN AMERICA : <b>FORT FISHER</b> , COMMANDING THE NEW INLET ENTRANCE TO CAPE FEAR RIVER , THE BRITISH STEAMER HANSA ... <b>change</b> for thine . I sent thee late a rosy wreath , Not so much honouring thee , As giving it a hope that there&nbsp;...
    YyrzAAAAMAAJ News Notes - American Society of Photogrammetry 1971 NO_PAGES | ... <b>change</b> ( feet per year ) in the dune line and high - water line in New ... <b>change</b> that reflect the net rate of <b>change</b> in the beach location over ... Fisher <b>Fort Kure Beach</b> Carolina Beach CAPE 572 PHOTOGRAMMETRIC ENGINEERING , 1971.
    j4sVAQAAMAAJ The Wilmington Campaign And The Battles For Fort Fisher 1999-07-21 NO_PAGES | ... <b>Fort Fisher</b> for their two - month training session . The unit also trained with other weapons , including machine guns . That December , <b>news</b> of the Japanese attack on Pearl Har- bor , Hawaii , shook the nation to its core . On the day&nbsp;...
    Nus_AQAAMAAJ Popular Science News 1869 ALL_PAGES | ... <b>Fort Fisher</b> through it water is flowing to thousands of fami- Their action upon leaden pipes is of an unfavor- in ... <b>change</b> this dangerous soluble oxide into a hard lead poison . No city or large town can intra eral use , whether&nbsp;...
    IM5CAwAAQBAJ Future Earth 2014-06-23 PARTIAL | ... <b>News</b> &amp; Numbers: A Guide to Reporting Statistical Claims and Controversies in Health and Related Fields (Cohn), 116 ... <b>Change</b> Interpretation NOAA. See National Oceanic and Atmospheric Administration Nonpersuasive communication&nbsp;...
"Haze and Sentinel" | total 349
    YmAeEQAAQBAJ Machine Learning and Knowledge Discovery in Databases. Applied Data Sc 2024-09-01 PARTIAL | ... <b>haze</b> and restore the region obscured by <b>haze</b> in a hazy RGB image , denoted as XH 2RGB . This hazy RGB image is ... <b>Sentinel</b> - 2 image . This approach allows our framework to be easily extended to any combination of satellite&nbsp;...
    k8dxEQAAQBAJ The New Global Possible 2025-09-09 PARTIAL | ... <b>Sentinel</b> Satellite Data , &quot; European Space Agency , November 15 , 2013 , https://www.esa.int/Applications ... <b>Haze</b> : What Data Can Tell Us About the Fires in Indonesia , &quot; World Resources Institute , June 21 , 2013 , https://www&nbsp;...
    z_N0EAAAQBAJ Charleston 2023-04-04 PARTIAL | ... <b>Sentinel</b> , August 2 , 2019 , https://www.sun-<b>sentinel</b>.com/news/florida/fl-ne-gulf-stream-climate-change-20190802 ... <b>Haze</b> of Memory : The Making of Historic Charleston ( Chapel Hill , North Carolina : Univ . of North Carolina Press&nbsp;...
    u8B8EAAAQBAJ Proceedings of the 7th Brazilian Technology Symposium (BTSym’21) 2022-07-19 PARTIAL | ... <b>Sentinel</b> Hub at the EO Browser [5]. We describe the image preprocessing used to filter the <b>haze</b> using the dark channel. Then, we remove the clouds using averaging filters and a threshold. Finally, we apply an image segmentation method&nbsp;...
    aofTDgAAQBAJ Chimpanzee 2014-08-07 PARTIAL | ... <b>haze</b> . <b>Sentinel</b> Park . They&#39;re shouting addresses . All those houses . The fires make it downtown . The human crush is more than Dimitri and I can fight . We move away from each other , like continental drift or glacial crawl . Things&nbsp;...
"Dupont, Thames, Haze" | total 11
    eTfx4WoHwQIC Harlem, Mecca of the New Negro 1980 PARTIAL | ... <b>haze</b> that often hangs over the <b>Thames</b> , are a lovely sight . I have stood on London Bridge and it did not fall down ; I have seen the Tower of Lon- don and marvelled at the Crown Jewels and no less at the Beef - Eaters in their&nbsp;...
    EhQj330j9UIC Merchant Vessels of the United States 1974 ALL_PAGES | ... <b>Dupont</b> Bldg Wilmington De 19801 511487 PORTLAND CONTAINERSHIPS INC DE , Chase Manhattan Bldg New York NY 10006 ... <b>HAZE</b> 510814 LADY ANNIE 294260 LITTLE DAVID 253119 MAYBELL 232628 VALENCIA 271949 WANDA AND PEGGY COOK , DONALD A&nbsp;...
    Hj7gyRGc8kMC 1970 Census of Housing 1971 ALL_PAGES | ... <b>THAMES</b> 407 410 ST . 411 ST . STATE LIVINGSTON AVE . 413 HWY STANLEY AVE 414 MARYLAND 101 111 112 CLEVELAND AVE . 114 ... <b>DUPONT</b> TWOOD CT . RD LEHM AVE . VALLEY RADCLIFF 217 CT ATWOOD RD BROOKSIDE DR 303 CURTIS RTIS AVE 304 DODSON&nbsp;...
    x1ka139HY5IC The Survey 1924 NO_PAGES | ... <b>DUPONT</b> CIRCLE JENSEN EWING GALLOWAY FORUM ROMANUM - ROME These Cruises have ... <b>haze</b> that often hangs over the <b>Thames</b> , are a lovely sight . I have stood on ... <b>Thames</b> to Windsor Castle and it was most beautiful . We lunched at&nbsp;...
    qD1NAAAAcAAJ Illustrated Times 1861 ALL_PAGES | ... <b>haze</b> that make the hoary castle and lofty hill one of the most beautiful scenes in the world . Perhaps no other ... <b>Thames</b> for Portsmouth on or about the 21st inst . A SERIES OF TRACTS HAS BEEN COMMENCED , called &quot; Tracts for&nbsp;...
"fifteen days rations on such vessels" | total 340
    mnRjmhe3QLoC The Papers of Ulysses S. Grant 1985 PARTIAL | ... <b>such</b> sea - going <b>vessels</b> , as may arrive at that point , with <b>fifteen days rations</b> of provisions and to see that <b>such vessels</b> are supplied with fuel and water . You will also provision each <b>vessel</b> with ten days extra <b>rations</b> of hard&nbsp;...
    cJRovKU5AcIC House documents 1895 ALL_PAGES | ... <b>such</b> sea- going <b>vessels</b> as may arrive at that point , with <b>fifteen days</b> &#39; <b>rations</b> of provisions , and to see that <b>such vessels</b> are supplied with fuel and water . You will also provision each <b>vessel</b> with ten days &#39; extra <b>rations</b> of hard&nbsp;...
    hDrcE0_iM-8C The War of the rebellion: a compilation of the official records of the 1895 ALL_PAGES | 
    bx1RAQAAIAAJ The War of the Rebellion: Formal reports, both Union and Confederate,  1985 NO_PAGES | ... <b>boats</b> to land at least 5,000 infantry at once . The <b>vessels</b> carrying the above expedition will be supplied with <b>fifteen days</b> &#39; <b>rations</b> and 100 rounds of ammunition , for which ample room must be allowed , in <b>such</b> manner that these&nbsp;...
    ij8fAQAAMAAJ The Papers of Ulysses S. Grant: November 16, 1864-February 20, 1865 1967 NO_PAGES | ... <b>such</b> sea - going <b>vessels</b> , as may arrive at that point , with <b>fifteen days rations</b> of provisions and to see that <b>such vessels</b> are supplied with fuel and water . You will also provision each <b>vessel</b> with ten days extra <b>rations</b> of hard&nbsp;...
"overcoat pocket" "Wilmington expedition" | total 2
    mnRjmhe3QLoC The Papers of Ulysses S. Grant 1985 PARTIAL | ... <b>overcoat pocket</b> , a large package of papers containing Gen. Butler&#39;s report of the <b>Wilmington Expedition</b> . The only two places I had my coat off was at the theatre and at the hotel kept by Mr. Phil- lips . Will you be good enough to&nbsp;...
    ij8fAQAAMAAJ The Papers of Ulysses S. Grant: November 16, 1864-February 20, 1865 1967 NO_PAGES | ... <b>overcoat pocket</b> , a large package of papers containing Gen. Butler&#39;s report of the <b>Wilmington Expedition</b> . The only two places I had my coat off was at the theatre and at the hotel kept by Mr. Phil- lips . Will you be good enough to&nbsp;...
"Butler's report" lost overcoat Beckwith | total 27
    Z49OAQAAMAAJ Annual Report 1890 ALL_PAGES | ... <b>S</b>. 78 <b>Beckwith</b> Daniel , 2 shares , 445 , 700 Burgess Edwin A. 682 <b>Beckwith</b> ... <b>Butler</b> Cyrus * 7 Berry Cora I. 678 <b>Butler</b> Hospital for the Insane 710 Binney ... <b>Coats</b> James 686 134 Coe Marcy W. 14 Bullock Julia 502 Coggeshall&nbsp;...
    Qf8s_1W_C1IC Old King William Homes and Families 1964 PARTIAL | ... <b>Butler</b> in the &quot; Assurance &quot; from London , July , 1635 ( there was a John <b>Butler</b> in the London Com- pany ) ; John ... <b>Beckwith</b> arms engraved thereon . <b>Beckwith Butler</b> was guardian of the children of Margaret , the widow of William&nbsp;...
    pYJ7WLB-T5EC The Virginia Magazine of History and Biography 1935 NO_PAGES | ... <b>Butler&#39;s</b> nephew , Lawrence <b>Butler</b> , could not have married a Mistress <b>Beckwith</b> ... <b>coat</b> of arms of Margaret <b>Butler</b> who married in England August 3 , 1588 ... <b>Butlers</b> , the earls and dukes of Ormond . As this titled family , originally&nbsp;...
    uDoSAAAAYAAJ William and Mary College Quarterly Historical Magazine 1895 ALL_PAGES | ... <b>s</b> will was dated December 13 , 1704 , proved February 21 , 1704 - &#39; 5 ... <b>coat</b> - of - arms upon it . Capt . Henry Brereton ( supra ) had a son Thomas ... <b>BECKWITH</b> - <b>BUTLER</b> . - &quot; Mr. Lawrence Washington has an inter- esting silver&nbsp;...
    2XssAAAAYAAJ Annual Report of the American Missionary Association 1886 ALL_PAGES | 
"cannot approach the docks at Annapolis" | total 143
    yUgeX5UuIngC Sailing "the Annapolis Way" 1984 NO_PAGES | ... <b>approach the dock</b> downwind , turn directly up into the wind , coast to a ... <b>problem</b> . You <b>can&#39;t</b> beat to windward because you must have the centerboard ... <b>Annapolis</b> Way &quot; /
    CMMWAAAAYAAJ Public Archaeology in Annapolis 1994 NO_PAGES | A Critical <b>Approach</b> to History in Maryland&#39;s Ancient City Parker B. Potter ... <b>dock</b> , in the center of <b>Annapolis&#39;s</b> tourist district . The site was opened ... <b>Annapolis</b> , built around the same time , with foun- dations the same&nbsp;...
    gqcUbJXbS28C Swan's Chance 1986-08 NO_PAGES | Celeste De Blasis. could make it easier for you , but I <b>can&#39;t</b> , not any more ... <b>Annapolis</b> had lost its bid to be the nation&#39;s capital in the last century ... <b>approach</b> to its <b>docks</b> and had lured trade away . <b>Annapolis</b> had a quiet&nbsp;...
    -9_PTer48VQC MotorBoating 1932-09 ALL_PAGES | ... <b>cannot</b> help but meditate a reverential moment upon that great yachtsman from across the water, whose untiring ... <b>Annapolis</b> is but a short and pleasant trip of twenty odd miles by motor bus which gives you an opportunity to visit&nbsp;...
    aNBQlDjGqdMC Munitions Industry, Naval Shipbuilding 1935 ALL_PAGES | ... <b>Docks</b> and $ 6,000,000 for destroyers , if the committee <b>cannot</b> see its way clear to put in a separate and additional ... <b>approach</b> the Senate and see if I could not have a break - down of the funds designated for naval use , so that&nbsp;...
"soonest ship troops" | total 336
    apna4pv7Ks8C Seagoing Ships & Seamanship in the Bronze Age Levant 2009 PARTIAL | ... <b>troops</b> north of the Carmel mountains , on the Plain of Jezreel , and found villages and fortified towns there ... <b>earliest</b> “ <b>ship</b>- wreck &quot; ever recorded , and , al- though meager , it also supplies the only textual information on&nbsp;...
    HLSEEQAAQBAJ Report from the Select Committee on East India (Transport of Troops) 2025-08-28 PARTIAL | ... <b>soonest</b> . Then came another question , whether it was expedient to send away line - of - battle <b>ships</b> from England ... <b>troops</b> , so much as with a view to the moral effect that the appearance of those powerful <b>ships</b> of war might&nbsp;...
    HBRDAAAAcAAJ Journals of the House of Commons 1742 ALL_PAGES | ... <b>Troops</b> about St. Malo ; and that the Four thousand , or Five thousand which Vice Admiral Rook saw upon the Coast ... <b>soonest</b> join the Transport <b>Ships</b> ; in order to come to some Resolutions how her Ma- jesty&#39;s Orders may be most&nbsp;...
    F5GZCwAAQBAJ Companion 2016-02-12 PARTIAL | ... <b>ship</b> when he went to the Earth system.” “The Captain has his way of doing things and I have mine. I&#39;m glad to help ... <b>troops</b> would be on board long enough to use any of the conveniences he provided. Five thousand <b>troops</b> were now&nbsp;...
    nYskAQAAIAAJ Littell's Living Age 1879 ALL_PAGES | ... <b>ship</b> reached her port . The north side of Jamaica showed itself one splendid ... <b>soon</b> as de daylight come , me will take you in . &quot; This was not an ... <b>troops</b> which had been ordered temporarily to that region in consequence of&nbsp;...
"Weybossett and Towanda" | total 246
    75E5AQAAMAAJ Sawards' Coal Freight Circular 1887 ALL_PAGES | ... <b>TOWANDA</b> , PA . State Line and Sullivan R. R. Co. Miners and Shippers of MARYLAND COAL CO . , Georges Creek ... <b>Weybosset</b> St. , Providence , R. I. 20 Central Street , Boston . 600 Louisiana Ave. , Washington , D. C. Piers Nos . 20&nbsp;...
    _dPAOZ3JEkIC Coal and Coal Trade Journal 1888 ALL_PAGES | ... <b>TOWANDA</b> , PA . O. A. BALDWIN , Secretary and Treasurer , <b>ToWANDA</b> , PA . State Line and Sullivan R. R. Co. MINERS AND ... <b>Weybosset</b> St. , Providence , R. I. 20 Central Street , Boston . 600 Louisiana Ave. , Washington , D. C. Piers&nbsp;...
    GGtHAQAAMAAJ Garland's Banks, Bankers and Banking, and Financial Directory of Canad 1895 ALL_PAGES | ... <b>Towanda</b> - First National Bank . Citizens &#39; National Bank . Tunkhannock - Wyoming National Bank . Tyrone - First ... <b>Weybosset</b> National Bank . Slatersville - First National Bank of Smithfield . Warren - First National Bank&nbsp;...
    a7CHWwHFupQC A Revision of the North American Aphids of the Genus Myzus 1940 ALL_PAGES | ... <b>Towanda</b> : E &amp; PQ ... Mercur Block . White - pine blister rust control ; ( 1 ) T. C. Williams . SCS ...... Bradford ... <b>Weybosset</b> St. New England for . emergency proj .; ( 12 ) K. J. Helmick . FSCC ... Food stamp program ; ( 5 )&nbsp;...
    IBTWAAAAMAAJ Elliott's Magazine 1898 ALL_PAGES | ... <b>Weybosset</b> 1 Suesman , Walter P. , 671 Broad 2 Burdick , Elisha C. , 9 School 3 Hopkins , Horatio A. , Box 142 4 Paine ... <b>Towanda</b> 110 Miller , A. A. Trestle Unattached . 1 Eshelman , S. T. 2 Ludwig , John J. 3 Buchanan , W. C. West&nbsp;...
"Champion, Weybosset" Towanda | total 1
    -AOr7TO4iDgC Forest and Stream 1903 NO_PAGES | Sergt . W. E. Petty , the <b>champion</b> revolver shot , owing to the exactions of ... <b>Towanda</b> , Pa . , Gun Club&#39;s annual tournament . W. F. Dittrich , Sec&#39;y ... <b>Weybosset</b> street , Providence , or J. C. Coggeshall , 32 Church street&nbsp;...
"draws too much water to go up" | total 11
    Xw1D7tXl3kMC The War of the Rebellion: v. 1-53 [serial no. 1-111] Formal reports, b 1891 ALL_PAGES | ... <b>draws too much water to go up</b> , and I should hesitate to send her unless absolutely necessary . She has the First Maryland , and they have but little baggage . Can&#39;t they march ? GEO . S. DODGE , Captain and Quartermaster . JUNE 12&nbsp;...
    drM9AAAAYAAJ The War of the Rebellion 1891 ALL_PAGES | ... <b>draws too much water to go up</b> , and I should hesitate to send her unless absolutely necessary . She has the First Maryland , and they have but little baggage . Can&#39;t they march ? GEO . S. DODGE , Captain and Quartermaster . JUNE 12&nbsp;...
    dRRKcjRlkrwC House documents 1892 ALL_PAGES | ... <b>draws too much water to go up</b> , and I should hesitate to send her unless absolutely necessary . She has the First Maryland , and they have but little baggage . Can&#39;t they march ? GEO . S. DODGE , Captain and Quartermaster . JUNE 12&nbsp;...
    7xoAE1i7HVIC Official Records of the Union and Confederate Navies in the War of the 1894 ALL_PAGES | ... <b>draws too much water to go up</b> the bay , and will therefore have to take her chance with the forts . The passing of the blockade was owing to two things - first , not firing at her in time when she was so close that they could not miss&nbsp;...
    M_zo-8ufJm8C Official records of the Union and Confederate navies in the war of the 1894 ALL_PAGES | ... <b>draws too much water to go up</b> the bay , and will therefore have to take her chance with the forts . The passing of the blockade was owing to two things - first , not firing at her in time when she was so close that they could not miss&nbsp;...
