E289	"Dewey" "court martial" 1864 "Taylor" witnesses Porter squadron	total=0
E289	"Taylor and Lieutenant Commander Dewey"	ERROR HTTPError 503
E289	"Captain Taylor" "Dewey" "court-martial" 1864	total=62
    The United States Army and Navy Journal and Gazette of the Regular and Volunteer Forces (1868) [ALL_PAGES] :: A GENERAL <b>Court</b> - <b>martial</b> is appointed to meet at Fort Hays , Kansas , on the fifth day of April , for trial of <b>Captain</b> ... <b>1864</b> , from March 2 , 1867 ; also major for Chancellorsville and Get- The Editor would be pleased to receive for&nbsp;...
    Report of the Adjutant General and Acting Quartermaster General of Iowa (1867) [ALL_PAGES] :: ... <b>court martial</b> February 25 , 1863 .... 1 , &#39;63 From 2d Lieutenant ; <b>Captain</b> January 1 , 1865 ... &quot; ... 1st Sergeant ... <b>Taylor</b> .. Allen J. Chantry .... Panora , Guthrie ... Benton , Fremont ...... N. Y .. Au . 6 , &#39;63 Se . 1 , &#39;62&nbsp;...
    Report of Brig.-Gen. Nathaniel B. Baker, Adjutant General and Act'g Q.M.G., and Act'g as P.M.G., to ... Governor of the State of Iowa (1867) [ALL_PAGES] :: ... <b>Captain</b> August 6 , 1863 . Iowa .. Au . 6 , &#39;63 Se . 14 , &#39;63 Wounded in battle April 2 , <b>1864</b> , at Terre Noir ... <b>Taylor</b> . Fe . 26 , &#39;63 Je . De . 1 , &#39;62 De . 1 , &#39;62 Resigned April 25 , 1863 , at Helena , Ark .. 14 , &#39;63 From 2d&nbsp;...
    Proceedings of the Grand Lodge of Iowa (1868) [ALL_PAGES] :: ... <b>1864</b> Pleasant Hill , La .... Amputated leg . Shiloh .... Wounded April 9 . Gunshot . Battle . In battle . DIED ( 93 ) <b>1864</b>-65 . NAME . J. Wesley. Hartford . Jefferson . Mt. Calvary 86 <b>Captain</b> ... <b>Dewey</b> Nishnebottany . 153 ] Colonel&nbsp;...
    Report (1867) [ALL_PAGES] :: ... <b>Captain</b> August 6 , 1863 . .. Allen J. Chantry .... Panora , Guthrie ... 14 , &#39;63 Wounded in battle April 2 , <b>1864</b> ... <b>court martial</b> February 25 , 1863 .... 1 , &#39;63 From 2d Lieutenant ; <b>Captain</b> January 1 , 1865 ... 8 , &#39;65 .. &quot; ... 1st&nbsp;...
E289	"shall the witnesses leave"	ERROR HTTPError 503
E289	"prospect of this squadron leaving"	total=354
    Accounts and Papers (1871) [ALL_PAGES] :: ... <b>squadron&#39;s</b> getting far enough to the eastward to see either of the islands ... <b>prospect</b> of provisions , which had not been completed since <b>leaving</b> Sydney ... <b>squadron</b> too far to the westward of Ocean Island for it to be sighted&nbsp;...
    Narrative of the Expedition to the China Seas and Japan, 1852-1854 (2000-01-01) [PARTIAL] :: ... <b>SQUADRON</b> AT CUM - SING - MOON . HOSPITAL ESTABLISHED AND HOUSE TAKEN AT MACAO . SICKNESS IN THE <b>SQUADRON</b>.- WORK KEPT ... <b>prospect</b> of a revolutionary outbreak in the city . These gentlemen addressed a communi- cation to the&nbsp;...
    Fire in the Sky (2013-03) [PARTIAL] :: ... <b>Squadron left</b> an account of what happened when his <b>squadron</b> moved to ... <b>prospects</b> of — I was going to say &#39; looting , but I forgot ; I should have ... <b>leaving</b> for conference with the flight commanders , who would afterwards 35&nbsp;...
    Only Birds and Fools (2000) [NO_PAGES] :: ... <b>squadron</b> in a state of turmoil . <b>Leave</b> had been cancelled and there was a great deal of re- shuffling amongst the ... <b>prospect</b> of <b>leaving</b> the <b>squadron</b> . But there was no need to panic , for good friends had been pulling strings&nbsp;...
    House Documents (1856) [ALL_PAGES] :: ... <b>SQUADRON</b> AT CUM - SING - MOON . HOSPITAL ESTABLISHED AND HOUSE TAKEN AT MACAO . SICKNESS IN THE <b>SQUADRON</b>.- WORK KEPT ... <b>prospect</b> of a revolutionary outbreak in the city . These gentlemen addressed a communi- cation to the&nbsp;...
E278	"few remaining will get away"	total=344
    Regional Impact of an Economic Slowdown: the Michigan Picture (1980) [ALL_PAGES] :: ... <b>few remaining</b> areas in the Midwest where one <b>can get away</b> away from it all . Frequently our industry is considered ... <b>will</b> be involved . UNCERTAINTY OF FEDERAL ENERGY POLICY And we do back up one of Bruce&#39;s statements - strongly&nbsp;...
    Arthur's Lady's Home Magazine (1862) [ALL_PAGES] :: ... <b>little</b> ones soon learned to shrink from the decided tread of her creaking shoes , so different from the soft footfall which used to <b>make</b> their hearts bound with gladness . light just as soon as I <b>have</b> put these clothes <b>away</b> . &quot; The child&nbsp;...
    Diary of David Zeisberger (1885) [ALL_PAGES] :: 
    NLT Study Bible Large Print (2020-11-03) [PARTIAL] :: ... <b>will</b> never again feel happiness . 8 You see me now , but not for long . You <b>will</b> look for me , but I <b>will be</b> gone ... <b>few remaining</b> days . 7 : 6-21 Job cried <b>out</b> to God , complain- ing that life was too brief ( 7 : 6-10 ) . This&nbsp;...
    A fatal shot on Dover beach (2012-01-11) [PARTIAL] :: ... <b>would</b> certainly want to <b>be</b> well into the country lanes and <b>away</b> from any busy thoroughfares before daylight . The only reason he had waited this long was because they had had such an early landing that there was still a <b>few</b> hours of the&nbsp;...
E278	"Webster" "Ingalls" "fleet" December 1864 "Fort Monroe" quartermaster	total=1
    Assault and Logistics (1995) [NO_PAGES] :: ... <b>Ingalls</b> , Brigadier General and Chief <b>Quartermaster</b> 107 † Correct name is DANIEL <b>WEBSTER</b> ... <b>Monroe</b> , City Point , and Annapolis , while the ice blockade of Philadelphia ... <b>fleet</b> of sailing vessels . The steamers as they return are&nbsp;...
    Standing Orders of the Post of Fort Monroe, Virginia (1910) [NO_PAGES] :: 
E278	"most of the fleet left" 1864 Fortress Monroe	total=334
    Official Records of the Union and Confederate Navies in the War of the Rebellion (1900) [ALL_PAGES] :: ... <b>FORTRESS MONROE</b> , VA . , December 27 , <b>1864</b>-9 : 20 р . т . The powder ship was exploded within 300 yards of Fort ... <b>fleet</b> . <b>Left</b> Wilmington yesterday . Will reach Washington with Admiral Porter&#39;s dispatches to - morrow . S. W.&nbsp;...
    Official Records of the Union and Confederate Navies in the War of the Rebellion (1900) [ALL_PAGES] :: ... <b>FORTRESS MONROE</b> , VA . , December 27 , <b>1864</b>–9 : 20 р . т . The powder ship was exploded within 300 yards of Fort ... <b>fleet</b> . <b>Left</b> Wilmington yesterday . Will reach Washington with Admiral Porter&#39;s dispatches to - morrow . S. W.&nbsp;...
    Official records of the Union and Confederate navies in the war of the Rebellion, publ. by R. Rush and R.H. Woods [and others]. (1900) [ALL_PAGES] :: ... <b>FORTRESS MONROE</b> , VA . , December 27 , <b>1864</b>–9 : 20 р . т . The powder ship ... <b>more</b> daring actually entered the works and brought off the flag . Troops ... <b>fleet</b> . <b>Left</b> Wilmington yesterday . Will reach Washington with Admiral&nbsp;...
    The United States Army and Navy Journal and Gazette of the Regular and Volunteer Forces (1865) [ALL_PAGES] :: ... <b>1864</b> . Major - General G. WEITZEL , Commanding Twenty - fifth corps : - GENERAL - The Major - General Commanding bas ... <b>left</b> . Take one set of wheel harness . Fifty men of the Massachusetts cavalry will be ordered to report to you&nbsp;...
    The Union Army, 1861-1865: The Eastern theater (1989) [NO_PAGES] :: ... <b>1864</b> , about 7,000 men belonging to Adelbert Ames &#39; Second Division , Twenty ... <b>left</b> of the lines at Bermuda Hundred . The next morning Weitzel embarked his command at Ber- muda Hundred for <b>Fort Monroe</b> ... <b>fleet</b> lay there until the&nbsp;...
E289	"Dewey" "court martial" 1864 "Taylor" witnesses Porter squadron	total=0
E289	"Taylor and Lieutenant Commander Dewey"	total=322
    Journal of the Executive Proceedings of the Senate of the United States of America (1966) [ALL_PAGES] :: ... <b>lieutenant commander</b> .. Tate , Robert Hunter , Jr. , lieutenant commander_ . Tate , Robert Wofford , lieutenant ... <b>Taylor</b> , Alan Bruce , lieutenant ( junior grade ) . <b>Taylor</b> , Andrew James , Jr. , lieutenant__ <b>Taylor</b> , Arnett&nbsp;...
    The Record of the United States Naval Institute (1875) [ALL_PAGES] :: ... COMMANDER GEO . <b>DEWEY</b> , U. S. N. LIEUTENANT CHAS . SEYMOUR , U. S. N. MASTER U. R. HARRIS , U. S. N. MASTER F. WINSLOW , U. S. N. <b>LIEUTENANT</b> - <b>COMMANDER</b> H. C. <b>TAYLOR</b> , U. S. N. PROFESSOR C. E. MUNROE , U. S. Ν . Α . LIEUTENANT E. W.&nbsp;...
    History of the Connecticut Valley in Massachusetts: History of the Connecticut Valley in Massachusetts. History of Hampshire County (1879) [ALL_PAGES] :: ... <b>Command</b> of Capt . Enoch Chapin , marched Apl . 20th , 1775 : &quot; <b>Captain</b> ; Enoch Chapin , &quot; First <b>Lieutenant</b> , Samuel ... <b>Dewey</b> , Abel Chapin , Thos . Green , John Inglesbee , Joshua Chapman , Thomas Trescott , Vinton Leonard , Mishoek&nbsp;...
    The Dewey Reception and Committee of New York City (1899) [ALL_PAGES] :: ... <b>Taylor</b> ; Governor M. B. McSweeney , of South Carolina , and staff : Adjutant General J. W. Floyd , Colonels W. C. Mauldin , W. B. Wilson , J. F. Folk , George D. Tillman , Jr. , M. X. Gunter , and L. J. Bristow ; <b>Lieutenant</b> Colonels H&nbsp;...
    The Chicago Daily News Almanac and Year Book for ... (1916) [NO_PAGES] :: ... Commander Kufus Z. Johnston , secretary . JOINT BOARD . President , Admiral of the Navy George <b>Dewey</b> ... <b>Lieutenant</b> - <b>Commanders</b> William N. Jeffers , Lewis Coxe ; Lients . Jacob H ... <b>Taylor</b> ; Na- val Constructors Robert Stocker&nbsp;...
E289	"Captain Taylor" "Dewey" "court-martial" 1864	total=62
    The United States Army and Navy Journal and Gazette of the Regular and Volunteer Forces (1868) [ALL_PAGES] :: A GENERAL <b>Court</b> - <b>martial</b> is appointed to meet at Fort Hays , Kansas , on the fifth day of April , for trial of <b>Captain</b> ... <b>1864</b> , from March 2 , 1867 ; also major for Chancellorsville and Get- The Editor would be pleased to receive for&nbsp;...
    Report of the Adjutant General and Acting Quartermaster General of Iowa (1867) [ALL_PAGES] :: ... <b>court martial</b> February 25 , 1863 .... 1 , &#39;63 From 2d Lieutenant ; <b>Captain</b> January 1 , 1865 ... &quot; ... 1st Sergeant ... <b>Taylor</b> .. Allen J. Chantry .... Panora , Guthrie ... Benton , Fremont ...... N. Y .. Au . 6 , &#39;63 Se . 1 , &#39;62&nbsp;...
    Report of Brig.-Gen. Nathaniel B. Baker, Adjutant General and Act'g Q.M.G., and Act'g as P.M.G., to ... Governor of the State of Iowa (1867) [ALL_PAGES] :: ... <b>Captain</b> August 6 , 1863 . Iowa .. Au . 6 , &#39;63 Se . 14 , &#39;63 Wounded in battle April 2 , <b>1864</b> , at Terre Noir ... <b>Taylor</b> . Fe . 26 , &#39;63 Je . De . 1 , &#39;62 De . 1 , &#39;62 Resigned April 25 , 1863 , at Helena , Ark .. 14 , &#39;63 From 2d&nbsp;...
    Proceedings of the Grand Lodge of Iowa (1868) [ALL_PAGES] :: ... <b>1864</b> Pleasant Hill , La .... Amputated leg . Shiloh .... Wounded April 9 . Gunshot . Battle . In battle . DIED ( 93 ) <b>1864</b>-65 . NAME . J. Wesley. Hartford . Jefferson . Mt. Calvary 86 <b>Captain</b> ... <b>Dewey</b> Nishnebottany . 153 ] Colonel&nbsp;...
    Report (1867) [ALL_PAGES] :: ... <b>Captain</b> August 6 , 1863 . .. Allen J. Chantry .... Panora , Guthrie ... 14 , &#39;63 Wounded in battle April 2 , <b>1864</b> ... <b>court martial</b> February 25 , 1863 .... 1 , &#39;63 From 2d Lieutenant ; <b>Captain</b> January 1 , 1865 ... 8 , &#39;65 .. &quot; ... 1st&nbsp;...
E289	"shall the witnesses leave"	ERROR HTTPError 503
E289	"prospect of this squadron leaving"	total=353
    Accounts and Papers (1871) [ALL_PAGES] :: ... <b>squadron&#39;s</b> getting far enough to the eastward to see either of the islands ... <b>prospect</b> of provisions , which had not been completed since <b>leaving</b> Sydney ... <b>squadron</b> too far to the westward of Ocean Island for it to be sighted&nbsp;...
    Narrative of the Expedition to the China Seas and Japan, 1852-1854 (2000-01-01) [PARTIAL] :: ... <b>SQUADRON</b> AT CUM - SING - MOON . HOSPITAL ESTABLISHED AND HOUSE TAKEN AT MACAO . SICKNESS IN THE <b>SQUADRON</b>.- WORK KEPT ... <b>prospect</b> of a revolutionary outbreak in the city . These gentlemen addressed a communi- cation to the&nbsp;...
    Fire in the Sky (2013-03) [PARTIAL] :: ... <b>Squadron left</b> an account of what happened when his <b>squadron</b> moved to ... <b>prospects</b> of — I was going to say &#39; looting , but I forgot ; I should have ... <b>leaving</b> for conference with the flight commanders , who would afterwards 35&nbsp;...
    Only Birds and Fools (2000) [NO_PAGES] :: ... <b>squadron</b> in a state of turmoil . <b>Leave</b> had been cancelled and there was a great deal of re- shuffling amongst the ... <b>prospect</b> of <b>leaving</b> the <b>squadron</b> . But there was no need to panic , for good friends had been pulling strings&nbsp;...
    House Documents (1856) [ALL_PAGES] :: ... <b>SQUADRON</b> AT CUM - SING - MOON . HOSPITAL ESTABLISHED AND HOUSE TAKEN AT MACAO . SICKNESS IN THE <b>SQUADRON</b>.- WORK KEPT ... <b>prospect</b> of a revolutionary outbreak in the city . These gentlemen addressed a communi- cation to the&nbsp;...
E278	"few remaining will get away"	total=350
    Regional Impact of an Economic Slowdown: the Michigan Picture (1980) [ALL_PAGES] :: ... <b>few remaining</b> areas in the Midwest where one <b>can get away</b> away from it all . Frequently our industry is considered ... <b>will</b> be involved . UNCERTAINTY OF FEDERAL ENERGY POLICY And we do back up one of Bruce&#39;s statements - strongly&nbsp;...
    Arthur's Lady's Home Magazine (1862) [ALL_PAGES] :: ... <b>little</b> ones soon learned to shrink from the decided tread of her creaking shoes , so different from the soft footfall which used to <b>make</b> their hearts bound with gladness . light just as soon as I <b>have</b> put these clothes <b>away</b> . &quot; The child&nbsp;...
    Diary of David Zeisberger (1885) [ALL_PAGES] :: 
    NLT Study Bible Large Print (2020-11-03) [PARTIAL] :: ... <b>will</b> never again feel happiness . 8 You see me now , but not for long . You <b>will</b> look for me , but I <b>will be</b> gone ... <b>few remaining</b> days . 7 : 6-21 Job cried <b>out</b> to God , complain- ing that life was too brief ( 7 : 6-10 ) . This&nbsp;...
    A fatal shot on Dover beach (2012-01-11) [PARTIAL] :: ... <b>would</b> certainly want to <b>be</b> well into the country lanes and <b>away</b> from any busy thoroughfares before daylight . The only reason he had waited this long was because they had had such an early landing that there was still a <b>few</b> hours of the&nbsp;...
E278	"Webster" "Ingalls" "fleet" December 1864 "Fort Monroe" quartermaster	ERROR HTTPError 503
E278	"most of the fleet left" 1864 Fortress Monroe	total=334
    Official Records of the Union and Confederate Navies in the War of the Rebellion (1900) [ALL_PAGES] :: ... <b>FORTRESS MONROE</b> , VA . , December 27 , <b>1864</b>-9 : 20 р . т . The powder ship was exploded within 300 yards of Fort ... <b>fleet</b> . <b>Left</b> Wilmington yesterday . Will reach Washington with Admiral Porter&#39;s dispatches to - morrow . S. W.&nbsp;...
    Official Records of the Union and Confederate Navies in the War of the Rebellion (1900) [ALL_PAGES] :: ... <b>FORTRESS MONROE</b> , VA . , December 27 , <b>1864</b>–9 : 20 р . т . The powder ship was exploded within 300 yards of Fort ... <b>fleet</b> . <b>Left</b> Wilmington yesterday . Will reach Washington with Admiral Porter&#39;s dispatches to - morrow . S. W.&nbsp;...
    Official records of the Union and Confederate navies in the war of the Rebellion, publ. by R. Rush and R.H. Woods [and others]. (1900) [ALL_PAGES] :: ... <b>FORTRESS MONROE</b> , VA . , December 27 , <b>1864</b>–9 : 20 р . т . The powder ship ... <b>more</b> daring actually entered the works and brought off the flag . Troops ... <b>fleet</b> . <b>Left</b> Wilmington yesterday . Will reach Washington with Admiral&nbsp;...
    The United States Army and Navy Journal and Gazette of the Regular and Volunteer Forces (1865) [ALL_PAGES] :: ... <b>1864</b> . Major - General G. WEITZEL , Commanding Twenty - fifth corps : - GENERAL - The Major - General Commanding bas ... <b>left</b> . Take one set of wheel harness . Fifty men of the Massachusetts cavalry will be ordered to report to you&nbsp;...
    The Union Army, 1861-1865: The Eastern theater (1989) [NO_PAGES] :: ... <b>1864</b> , about 7,000 men belonging to Adelbert Ames &#39; Second Division , Twenty ... <b>left</b> of the lines at Bermuda Hundred . The next morning Weitzel embarked his command at Ber- muda Hundred for <b>Fort Monroe</b> ... <b>fleet</b> lay there until the&nbsp;...
