openalex	Fort Monroe telegrams cipher 1865	4 shown
    1942 With Fremont in Missouri in 1861
    1944 Des Moines M. E. Conference Growth
    1909 The assassination of Abraham Lincoln and its expiation
    1905 Report to the Louisiana Purchase Exposition Commission
s2	Fort Monroe telegrams cipher 1865	0 shown
crossref	Fort Monroe telegrams cipher 1865	8 shown
    None The Hauntings at Fort Monroe
    1997 Joint Force Fires Coordinator Study
    1973 Operation STEADFAST Phased Implementation Plan. Revised
    1972 Operation Steadfast. Detailed Plan, Book 3
    2021 Freedom’s Fort
    None Escape, Capture, and Fort Monroe
    2019 Reconstruction of a 1940 Spanish strip cipher by means of a cyclic rotation model applied to encrypted telegrams
    1865 The Law of Telegraphs and Telegrams
openalex	Eckert telegraph cipher ledger Huntington	1 shown
    2024 Loss and Found: Barthes, Hidden Biography and Ethical Deficit in Alexander Gardner’s ‘Portrait of Lewis Payne’
s2	Eckert telegraph cipher ledger Huntington	0 shown
crossref	Eckert telegraph cipher ledger Huntington	8 shown
    1926 Cipher printing telegraph systems
    2019 The “Grapevine Telegraph”
    1927 Damages. Measure of Damages. Telegraph and Telephone Companies. Cipher Messages
    1910 Telegraph and Telephone Companies. Damages for Error, Delay, or Non-Delivery. Cipher Message
    1929 The continuously-loaded submarine telegraph cable
    2019 The “Grapevine Telegraph”:
    1908 Telegraphs. Cipher Messages. Western Union Telegraph Co. v. Merritt, 46 So. 1024 (Fla.)
    1926 Cipher printing telegraph systems: For secret wire and radio telegraphic communications
openalex	Fort Fisher expedition transports quartermaster Webster 1865	8 shown
    2014 "They Cannot Catch Guerrillas in the Mountains Any More Than a Cow Can Catch Fleas": Guerrilla Warfare in Western Virginia, 1861-1865
    1919 Life of Lieutenant General Chaffee
    2018 Cornerstone of Union Victory: Officer Partnerships in Joint Operations in the West
    2019 The Challenge of Victory: Ulysses S. Grant, Prisoners of War, and the Evolution of Union Strategy
    2016 Semi-Weekly News [San Antonio, TX]
    2017 References
    1939 Catholics of Illinois in the Civil War
    2019 Between King Cotton and Queen Victoria: Confederate Informal Diplomacy and Privatized Violence in British America During the American Civil 
s2	Fort Fisher expedition transports quartermaster Webster 1865	ERROR HTTPError HTTP Error 429: 
crossref	Fort Fisher expedition transports quartermaster Webster 1865	8 shown
    2017 Expedition against Fort Fisher - Attack on the Fort - Failure of the Expedition - Second Expedition against the Fort - Capture of Fort Fishe
    2017 Expedition against Fort Fisher—Attack on the Fort—Failure of the Expedition—Second Expedition against the Fort—Capture of Fort Fisher
    1976 DSU Repair Parts Stockouts
    None Fort Fisher and Wilmington
    2007 Peach, Major Edmund, (28 May 1865–20 Dec. 1902), Deputy Assistant Quartermaster-General, Army Headquarters
    2012 The Fort Fisher Campaign
    1986 From Antietam to Fort Fisher: The Civil War Letters of Edward King Wightman, 1862-1865 (review)
    1974 Proceedings of the Annual U.S. Army Operations Research Symposium (13th) , AORS XIII, Held at Fort Lee, Virginia on 29 October - 1 November 
openalex	Winants Eliza Hancox steamer	0 shown
s2	Winants Eliza Hancox steamer	0 shown
crossref	Winants Eliza Hancox steamer	8 shown
    None Co-assistentschappen als inwijding in de medische beroepscultuur : gender in de socialisatie tot arts
    1901 Dredging and other records of the United States Fish Commission steamer Albatross,
    2002 Eliza
    None Eliza Farnham, or The Love Letters
    2001 Carthy, Eliza
    2026 steamer, n.
    2011 Allen, Eliza
    2011 Trotter, Eliza
openalex	military telegraph cipher books Civil War decipherment	8 shown
    2020 This is a War for the Utter Extinction of Slavery: The Civil War Letters of James Benjamin Franklin Curtis, Hospital Steward, 1st Michigan C
    2017 The Evolution of Communications in the Military as it Relates to Leadership
    2025 The military roots of American intelligence as an organization
    2018 Complete Proceedings - Armistice & Aftermath: A World War One Symposium
    2011 The birth of modern journalism & the war between the states
    2019 Polish mathematicians and mathematics in World War I
    2020 Bletchley park and big science: industrialising the secret war, 1939-1945
    2016 Domestic Surveillance in the United States: World War II to Vietnam
s2	military telegraph cipher books Civil War decipherment	8 shown
    2008 The Military Telegraph During The Civil War In The United States: With An Exposition Of Ancient And Modern Means Of Communication, And Of Th
    2006 The Civil War Reborn
    2024 CRYPTOGRAPHY ON THE STEEL HIGHWAYS: INTERCEPTION OF REPORTS, DECRYPTION AND PROTECTION OF INFORMATION IN THE ACTIVITIES OF RAILWAY GENDARMES
    1981 A Signal-Intelligence War
    2016 Victory in Today's Wars: New Insights on the Role of Communications
    2003 CBQ REVIEW ESSAY 1: Histories of Military Communications
    2006 From Philology to Formalism: Edith Rickert, John Matthews Manly, and the Literary/Reformist Beginnings of U.S. Cryptology
    1998 Information Warfare And Security
crossref	military telegraph cipher books Civil War decipherment	8 shown
    2004 The Telegraph Goes to War: The Personal Diary of David Homer Bates, Lincoln's Telegraph Operator
    1988 Books and Libraries in Camp and Battle: The Civil War Experience.
    1968 Civil War Books: A Critical Bibliography.
    2023 The War in Virginia by Telegraph
    1994 The Telegraph, Censorship, and Politics at the Outset of the Civil War
    2015 Smith (William G.) Civil War Military Commissions
    None The Civil War in British Military Thought
    2014 Reflections on the military history of the Great Civil War
openalex	Ingalls quartermaster transports Baltimore January 1865	6 shown
    1988 Gray ghostbusters : Eastern theatre Union Counterguerrilla operations in the Civil War, 1861-1865 /
    2004 Jonathan Letterman and the development of a battlefield evacuation system
    1983 Jeremy Gilmer and the Confederate engineers
    1915 John Shaw Billings: A Memoir.
    2013 The Irony of Emancipation in the Civil War South.
    2017 Wagon Tracks. Volume 24, Issue 4 (August, 2010)
s2	Ingalls quartermaster transports Baltimore January 1865	0 shown
crossref	Ingalls quartermaster transports Baltimore January 1865	8 shown
    2007 Peach, Major Edmund, (28 May 1865–20 Dec. 1902), Deputy Assistant Quartermaster-General, Army Headquarters
    2023 quartermaster, n.
    2023 quartermaster general, n.
    1957 A Boy's Voyage to San Francisco, 1865-66: Selections from the Diary of William Bowers Bourn Ingalls (Concluded)
    1957 A Boy's Voyage to San Francisco, 1865-66: Selections from the Diary of William Bowers Bourn Ingalls
    None 28307, 1865-02-24, CORBELL (W. G.), Baltimore
    1971 The Apologia: January 1864 to June 1865
    1954 Quality and Stability of Canned Meats ; a Symposium Sponsored by the Quartermaster Food and Container Institute for the Armed Forces, Quarte
