be-api papersofulyssess0012gran | Greyhound | 1
    1864 et ground? Shall I call for you with the {{{Greyhound}}}?” Jbid., p. 254. On the same day, USG telegraphed
    Pocahontas—Shall we see you today I have ordered the {{{Greyhound}}} to report to you” ALS (telegram sent), DNA, RG
    Groves of Chelsa are here, & will go up on the ‘{{{Greyhound}}}’ in the morning to see you, Will you please have
    Ky.), 125n Greino, Ernst (Ohio Vols.), 433-34 {{{Greyhound}}} (steamboat), 21n, 253n, 461 Grierson, Benjamin
be-api papersofulyssess0012gran | Ingalls Webster | 1
    Joseph (steamboat steward), 461-64 {{{Webster}}}, Amos (U.S. Army), 460 {{{Webster}}}, Ralph C. (U.S. Army), 378n Weisiger
     On Aug. 29, Bowers wrote to Brig. Gen. Rufus {{{Ingalls}}}. “You will please extend the City Point. RailRoad
    letterbook (PHi) as addressed to USG was written to {{{Ingalls}}} as the content indicates. O.R., I, xlii, part 2
    you would prefer that you start this evening. {{{Ingalls}}} starts for Washingtn this evening on a special
    received I will be ready to leave this evening with {{{Ingalls}}}, and will endeavor to return before the end of
be-api papersofulyssess0012gran | "Fort Monroe" Julia | 1
    Va. 27. USG left for a visit with {{{Julia}}} Dent Grant at {{{Fort Monroe}}}, Va., bringing her to City Point, Va
    battle of the Crater. 31. USG escorted {{{Julia}}} Grant to {{{Fort Monroe}}} on her way to Burlington, N.J. xt xxit
    Ue, sbi. part 2, 419. To {{{Julia}}} Dent Grant City Point Aug. 23d 1864. DEAR {{{JULIA}}}, Fred starts in the morning
    xliii, part 1, 905-6. To {{{Julia}}} Dent Grant City Point Va. Aug. 25th 1864. DEAR {{{JULIA}}}, If you can locate yourself
    Papers of Ulysses S. Grant To {{{Julia}}} Dent Grant Sept. Ist 1864. Dear {{{JULIA}}}, After you left yesterday we
be-api papersofulyssess0012gran | "Ninth Vt." | 0
be-api personalmemoirso1975gran | Greyhound | 0
be-api personalmemoirso1975gran | "Fortress Monroe" | 1
    River  in  his  own  boat  and  meet  us  at {{{Fortress  Monroe}}},  and  taking  the  party  on  his  boat,
    visit,  the  General  accompanied  us  to {{{Fortress  Monroe}}}.  He  suggested  that  Jess  should  remain
    Henry,  Tennessee,  95,  97,  115  n, 1 16  n {{{Fortress  Monroe}}},  Virginia,  132,  133 Fort  Sill,  Indian
be-api personalmemoirso1975gran | "Fort Monroe" | 0
be-api personalmemoirso1975gran | "City Point" | 1
    in  1853. Grant’s  headquarters  cabin  at  {{{City  Point}}}  Virginia,  winter  of  1864-65. The  Grant 
    party  on  his  boat,  we  would  arrive  at {{{City  Point}}}  the  next  morning.  On  one  occasion,  as
    holidays  with  his  father,  then  in  camp  at  {{{City  Point}}}  on  the  James River,  Va.  Whilst  there, 
    been  to  visit  him,  and  he  came  up  to  {{{City  Point}}}  to  see  them off  and  remained  all  night
    afternoon,  soon  after  Sherman’s  visit  to  {{{City  Point}}},  not  long before  the  last  eventful  and
loc | "Lieutenant General Grant" "Fortress Monroe" 1864-08-27 1864-09-03 | 76 results; dates ['1864-03-08', '1864-03-11', '1864-03-15'] .. ['1864-09-21', '1864-10-02', '1864-10-28']
    1864-03-21 | ['alexandria gazette (alexandria, d.c.) 1834-1974'] | http://www.loc.gov/resource/sn85025007/1864-03-21/ed-1/?sp=3
    1864-03-22 | ['alexandria gazette (alexandria, d.c.) 1834-1974'] | http://www.loc.gov/resource/sn85025007/1864-03-22/ed-1/?sp=1
    1864-10-28 | ['the new york herald (new york [n.y.]) 1840-1920'] | http://www.loc.gov/resource/sn83030313/1864-10-28/ed-1/?sp=4
    1864-05-10 | ['the new york herald (new york [n.y.]) 1840-1920'] | http://www.loc.gov/resource/sn83030313/1864-05-10/ed-1/?sp=8
    1864-03-16 | ['daily national intelligencer (washington city [d.c.]) 1813 | http://www.loc.gov/resource/sn83026172/1864-03-16/ed-1/?sp=3
    1864-05-07 | ['the burlington weekly hawk-eye (burlington [iowa]) 1860-18 | http://www.loc.gov/resource/sn84027060/1864-05-07/ed-1/?sp=1
    1864-05-27 | ['the new york herald (new york [n.y.]) 1840-1920'] | http://www.loc.gov/resource/sn83030313/1864-05-27/ed-1/?sp=1
    1864-03-25 | ['the willimantic journal (willimantic, conn.) 185?-1911'] | http://www.loc.gov/resource/sn82016399/1864-03-25/ed-1/?sp=1
    1864-06-06 | ['worcester daily spy (worcester [mass.]) 1850-1888'] | http://www.loc.gov/resource/sn83021205/1864-06-06/ed-1/?sp=2
    1864-05-29 | ['new york dispatch (new york [n.y.]) 1863-1899'] | http://www.loc.gov/resource/sn85026214/1864-05-29/ed-1/?sp=1
    1864-03-17 | ['danbury times (danbury, conn.) 1837-1870'] | http://www.loc.gov/resource/sn84022465/1864-03-17/ed-1/?sp=3
    1864-10-02 | ['the new york herald (new york [n.y.]) 1840-1920'] | http://www.loc.gov/resource/sn83030313/1864-10-02/ed-1/?sp=1
loc | Grant "Fortress Monroe" Greyhound 1864-08-27 1864-09-03 | 73 results; dates ['1864-04-28', '1864-04-29', '1864-05-08'] .. ['1864-12-03', '1864-12-07', '1864-12-16']
    1864-12-03 | ['the burlington weekly hawk-eye (burlington [iowa]) 1860-18 | http://www.loc.gov/resource/sn84027060/1864-12-03/ed-1/?sp=6
    1864-11-29 | ['new-york daily tribune (new-york [n.y.]) 1842-1866'] | http://www.loc.gov/resource/sn83030213/1864-11-29/ed-1/?sp=1
    1864-04-28 | ['alexandria gazette (alexandria, d.c.) 1834-1974'] | http://www.loc.gov/resource/sn85025007/1864-04-28/ed-1/?sp=1
    1864-12-02 | ['the union and journal (biddeford, me.) 1858-1882'] | http://www.loc.gov/resource/sn83009571/1864-12-02/ed-1/?sp=2
    1864-11-29 | ['worcester daily spy (worcester [mass.]) 1850-1888'] | http://www.loc.gov/resource/sn83021205/1864-11-29/ed-1/?sp=2
    1864-05-19 | ['rutland weekly herald (rutland, vt.) 1859-1877'] | http://www.loc.gov/resource/sn84022367/1864-05-19/ed-1/?sp=8
    1864-11-29 | ['chicago tribune (chicago, ill.) 1864-1872'] | http://www.loc.gov/resource/sn82014064/1864-11-29/ed-1/?sp=1
    1864-05-26 | ['western sentinel (winston [i.e. winston-salem], n.c.) 1856 | http://www.loc.gov/resource/sn84026526/1864-05-26/ed-1/?sp=3
    1864-04-29 | ['ellsworth american (ellsworth, me.) 1855-current'] | http://www.loc.gov/resource/sn84022374/1864-04-29/ed-1/?sp=2
    1864-05-09 | ['new-york daily tribune (new-york [n.y.]) 1842-1866'] | http://www.loc.gov/resource/sn83030213/1864-05-09/ed-1/?sp=8
    1864-12-01 | ['cleveland morning leader (cleveland [ohio]) 1854-1865'] | http://www.loc.gov/resource/sn83035143/1864-12-01/ed-1/?sp=2
    1864-12-02 | ['burlington free press (burlington, vt.) 1827-1865'] | http://www.loc.gov/resource/sn84023127/1864-12-02/ed-1/?sp=2
loc | "Ninth Vermont" "Fortress Monroe" 1864-11-05 1864-11-14 | 5 results; dates ['1864-03-24', '1864-05-06', '1864-07-14'] .. ['1864-07-14', '1864-08-18', '1864-10-13']
    1864-03-24 | ['rutland weekly herald (rutland, vt.) 1859-1877'] | http://www.loc.gov/resource/sn84022367/1864-03-24/ed-1/?sp=1
    1864-08-18 | ['rutland weekly herald (rutland, vt.) 1859-1877'] | http://www.loc.gov/resource/sn84022367/1864-08-18/ed-1/?sp=1
    1864-10-13 | ['rutland weekly herald (rutland, vt.) 1859-1877'] | http://www.loc.gov/resource/sn84022367/1864-10-13/ed-1/?sp=6
    1864-07-14 | ['rutland weekly herald (rutland, vt.) 1859-1877'] | http://www.loc.gov/resource/sn84022367/1864-07-14/ed-1/?sp=3
    1864-05-06 | ['the new york herald (new york [n.y.]) 1840-1920'] | http://www.loc.gov/resource/sn83030313/1864-05-06/ed-1/?sp=1
loc | Perit "Fortress Monroe" 1864-11-05 1864-11-14 | 15 results; dates ['1864-02-07', '1864-03-09', '1864-03-10'] .. ['1864-11-01', '1864-11-09', '1864-11-23']
    1864-03-09 | ['new-york daily tribune (new-york [n.y.]) 1842-1866'] | http://www.loc.gov/resource/sn83030213/1864-03-09/ed-1/?sp=4
    1864-03-10 | ['cleveland morning leader (cleveland [ohio]) 1854-1865'] | http://www.loc.gov/resource/sn83035143/1864-03-10/ed-1/?sp=1
    1864-09-16 | ['new-york daily tribune (new-york [n.y.]) 1842-1866'] | http://www.loc.gov/resource/sn83030213/1864-09-16/ed-1/?sp=8
    1864-05-08 | ['the new york herald (new york [n.y.]) 1840-1920'] | http://www.loc.gov/resource/sn83030313/1864-05-08/ed-1/?sp=1
    1864-11-23 | ['new-york daily tribune (new-york [n.y.]) 1842-1866'] | http://www.loc.gov/resource/sn83030213/1864-11-23/ed-1/?sp=6
    1864-11-01 | ['new-york daily tribune (new-york [n.y.]) 1842-1866'] | http://www.loc.gov/resource/sn83030213/1864-11-01/ed-1/?sp=4
    1864-03-14 | ['new-york daily tribune (new-york [n.y.]) 1842-1866'] | http://www.loc.gov/resource/sn83030213/1864-03-14/ed-1/?sp=4
    1864-03-12 | ['springfield weekly republican (springfield, mass.) 1851-19 | http://www.loc.gov/resource/sn83020847/1864-03-12/ed-1/?sp=8
    1864-03-09 | ['worcester daily spy (worcester [mass.]) 1850-1888'] | http://www.loc.gov/resource/sn83021205/1864-03-09/ed-1/?sp=2
    1864-07-29 | ['worcester daily spy (worcester [mass.]) 1850-1888'] | http://www.loc.gov/resource/sn83021205/1864-07-29/ed-1/?sp=2
    1864-11-09 | ['new-york daily tribune (new-york [n.y.]) 1842-1866'] | http://www.loc.gov/resource/sn83030213/1864-11-09/ed-1/?sp=8
    1864-09-15 | ['new-york daily tribune (new-york [n.y.]) 1842-1866'] | http://www.loc.gov/resource/sn83030213/1864-09-15/ed-1/?sp=5
loc | "Ninth Vermont" election New York 1864-11-05 1864-11-14 | 18 results; dates ['1864-01-14', '1864-02-12', '1864-02-18'] .. ['1864-10-13', '1864-10-27', '1864-11-10']
    1864-11-10 | ['rutland weekly herald (rutland, vt.) 1859-1877'] | http://www.loc.gov/resource/sn84022367/1864-11-10/ed-1/?sp=6
    1864-02-18 | ['rutland weekly herald (rutland, vt.) 1859-1877'] | http://www.loc.gov/resource/sn84022367/1864-02-18/ed-1/?sp=3
    1864-10-13 | ['rutland weekly herald (rutland, vt.) 1859-1877'] | http://www.loc.gov/resource/sn84022367/1864-10-13/ed-1/?sp=1
    1864-03-10 | ['rutland weekly herald (rutland, vt.) 1859-1877'] | http://www.loc.gov/resource/sn84022367/1864-03-10/ed-1/?sp=3
    1864-01-14 | ['rutland weekly herald (rutland, vt.) 1859-1877'] | http://www.loc.gov/resource/sn84022367/1864-01-14/ed-1/?sp=1
    1864-10-27 | ['rutland weekly herald (rutland, vt.) 1859-1877'] | http://www.loc.gov/resource/sn84022367/1864-10-27/ed-1/?sp=8
    1864-04-07 | ['rutland weekly herald (rutland, vt.) 1859-1877'] | http://www.loc.gov/resource/sn84022367/1864-04-07/ed-1/?sp=3
    1864-02-19 | ['the caledonian (st. johnsbury, vt.) 1837-1867'] | http://www.loc.gov/resource/sn84023252/1864-02-19/ed-1/?sp=2
    1864-03-10 | ['rutland weekly herald (rutland, vt.) 1859-1877'] | http://www.loc.gov/resource/sn84022367/1864-03-10/ed-1/?sp=1
    1864-01-14 | ['rutland weekly herald (rutland, vt.) 1859-1877'] | http://www.loc.gov/resource/sn84022367/1864-01-14/ed-1/?sp=6
    1864-05-05 | ['rutland weekly herald (rutland, vt.) 1859-1877'] | http://www.loc.gov/resource/sn84022367/1864-05-05/ed-1/?sp=2
    1864-02-26 | ['orleans independent standard (irasburgh, vt.) 1856-1871'] | http://www.loc.gov/resource/sn84022548/1864-02-26/ed-1/?sp=2
requests 13
