ALL | "Suwo Nada" | total 909
     ['dli.ministry.07639'] | None | upples
mn
        
 
 
§ )  JAPAN—INLAND Bea. {{{Suwo Nada}}}, Northern Shore—Amendments to Charts with regard shoals and depths off the northern shore of the {{{Suwo nada}}}.
Charts affected.—No. 3153, Mardyama zaki to Ominase (H. 2352-22.)
 
mene ' JAPAN—INLAND SEA.
tee {{{Suwo Nada}}}, Northern S
     ['sim_the-womans-journal_1877-02-10_8_6'] | None | sixteenth, on the Messageries Imperial Steamship ‘{{{Suwo-Nada}}},’ and shall reach Yokohama towards the middle Suddenly there was a cry, ‘‘Par- ker has news of the {{{Suwo-Nada}}}—he is in the bowling-alley-—he will speak.”
Ina early this morning in regard to the fate of the {{{Suwo-Nada}}} has bee
     ['for-romantik-og-historie-bind-14'] | None | tilbage og vedblev fan med faſt Stemme:
{{{Suwo Nada}}}. 537
„{{{Suwo-Nada}}} forlod Marſeille med fire og tyve Mand efter var Skuret tomt og ſtille. —
Er
{{{Suwo Nada}}}. 539
{{{Suwo⸗Nada}}} ligger ved Cap Idſu, i Indlobet til Bugten Fruen paa Soelbjerg. Af ee til 5 5 e . 43598. {{{Suwo Nada}}}. Fo
     ['per_north-china-herald_the-north-china-herald-market-report_1868-03-18_2_48'] | None | 00 Denne. a: te * 4 * a . Hs 108.80 8 108.80 {{{Suwo- Nada}}} e eee » 3 144.00 * * Ra és 1 40 ie Ki 144.00  Carr, Lieut. Davidson, and Dr. Leach. Per ‘ {{{Suwo- Nada}}}” for Hongkow n Rooper. Per * Western Chiet” for GOOD SAUCE. 14\Claro Babuyan ny 14 Fusi-Yama 14/{{{Suwo Nada}}} 14 Dragon F 15 Osak
     ['dli.ministry.01541'] | None | traders navigate the great inland sea known as the {{{Suwo-nada}}}, between the three great islands of Nipon- Sikok Kiu-siu and Ni- pon. In our charts it is called the {{{Suwo-nada}}} Sea, Perfectly land-locked, possessing three routes CRUISE IN JAPANESE WATERS. 101
onter ocean. This {{{Suwo-nada}}}
     ['cu31924023219573'] | None | whales — ^the  Abb6 Sidotti— renewed  storm— the  {{{Suwo-nada}}}  Sea^-the  Pacific  gulf-stream — meteors— iirst navigate  the  great  inland  sea  known  as  the {{{Suwo-nada}}},  between  the  three  great  islands  of  Nipon- Ni- pon.  In  out  charts  it  is  called  the  {{{Suwo-nada}}}  Sea.
     ['per_north-china-herald_the-north-china-herald_1867-05-18_1_6'] | None | Holmes, 2 Children and servant, 8 Chinese. er {{{Suwo - Nada}}}, from Hongkong Messers. E. W. Rice, Hoppins and Nagasaki = Messrs. LAN E, CRAWFORD & Co. „  9){{{Suwo-Nada}}} Am str 1802 Jayne Hongkong . 17jy 2796 February Rock Simmons Hankow & Ports Russell aud Co „ 12){{{Suwo-Nada}}} Jayne Hongkong
     ['per_north-china-herald_the-north-china-herald_1867-04-27_1_4'] | None | Constables, and 5 Constables Wives. Per Str. ‘{{{Suwo-Nada}}},” for Hongkong, Mr. and Mrs, Gant, Messrs. Pembleton 24
24
24
EA & PRRRINS' Cz- |
0d e
„„
Express {{{Suwo - Nada}}} Nanzing Elizabeth Shanse Aden Confucius Plymouth Chefoo & Tientsin General Trautmann and Co 25 {{{Suwo-Nada}}} Am ayne Hon
ALL | "Elias Smith" Tribune "Fort Fisher" | total 637
     ['fortandersonbatt0000fonv'] | None | second fiddle to {{{Fort Fisher}}} on the opposite side of the Cape Fear River. Indeed, {{{Fort Fisher}}} was the Confederacy’s state’s coastal plain, including {{{Fort Fisher}}}. Hedrick commanded at {{{Fort Fisher}}} from late January 1862 until appearance off {{{Fort Fisher}}}.
A novel feature of
     ['northreportscivi0000andr'] | None | of the {{{Tribune}}} during the winter of 1860-1861.32 After his departure from Charleston, the {{{Tribune}}} rotated turn forwarded them to the {{{Tribune}}} office. Some of the letters from other {{{Tribune}}} correspondents in the South including the {{{Tribune}}}; but we shall be glad to just li
     ['thecivilwar0000unse'] | None | of the {{{Tribune}}} during the winter of 1860-1861.32 After his departure from Charleston, the {{{Tribune}}} rotated turn forwarded them to the {{{Tribune}}} office. Some of the letters from other {{{Tribune}}} correspondents in the South including the {{{Tribune}}}; but we shall be glad to just li
     ['civilwaryearsinu0000maxw'] | None | ” Salt Lake {{{Tribune}}}, July 12, 1885, 5/1.
32. “The Insults of the Year,” Salt Lake {{{Tribune}}}, July 28, 1886 Mormons." In the same issue, News editor Judge {{{Elias Smith}}} penned: “Abraham the I [Lincoln], in all probability would not furnish troops in Utah."
The New York {{{Tribune}}} out
     ['warbetweenstates0000jimh'] | None | Gunner USS New Ironsides {{{Fort Fisher}}} Mills, Charles Seaman USS Minnesota {{{Fort Fisher}}}
Mills, Frank W. Sergeant C. Private 142nd NY {{{Fort Fisher}}}
Neil, John Quarter Gunner USS Agawam {{{Fort Fisher}}}
Neville, Edwin M. Captain Coxswain USS Ticonderoga {{{Fort Fisher}}}
Shivers, John Pr
     ['civilwarnewspape0000boss_l7k3'] | None | Advertiser 1 Boston Daily Journal 2 Chicago Daily {{{Tribune}}} 4 Chicago Evening Journal 21 Chicago Post 21 Chicago New York Herald 60 New York Times 138 New York {{{Tribune}}} 151 Philadelphia Inquirer 167 The Press 196 The to the journalistic cartography of the Times, {{{Tribune}}}, and World. Ev
     ['confederategolia0000grag_q3o4'] | None | references ISBN 0-06-16096-9 1. {{{Fort Fisher}}} (N.C.)—Capture, 1865. 2. {{{Fort Fisher}}} (N.C.)— Battles 1864-1865 cousins, who lived at {{{Fort Fisher}}} year-round, had a repertoire of {{{Fort Fisher}}} stories. Along with tales against {{{Fort Fisher}}}. The fleet steamed into battle lines ab
     ['bwb_S0-EAP-283'] | None | references ISBN 0-06-16096-9 1. {{{Fort Fisher}}} (N.C.)—Capture, 1865. 2. {{{Fort Fisher}}} (N.C.)— Battles 1864-1865 cousins, who lived at {{{Fort Fisher}}} year-round, had a repertoire of {{{Fort Fisher}}} stories. Along with tales against {{{Fort Fisher}}}. The fleet steamed into battle lines ab
ALL | "Colonel Webster" "Elias Smith" | total 44
     ['albertsidneyjohn0000rola_r0q2'] | None | Langston, Hannah H. H. Romney, Azariah Smith, {{{Elias Smith}}}, and Allen
Joseph Stout; from the University  The Mormon Conflict, 1850-1859, p. 215. 40 {{{Elias Smith}}} Journal, March 23, 1859. ‘1 Henry Heth to “Sir hopes. While Prentiss was being overcome, {{{Colonel Webster}}} of Grant’s staff g
     ['albertsidneyjohn0000rola_p6d1'] | None | Langston, Hannah H. H. Romney, Aza- riah Smith, {{{Elias Smith}}}, and Allen Joseph Stout; from the University  The Mormon Conflict, 1850-1859, p. 215.
40 {{{Elias Smith}}} Journal, March 23, 1859.
“. Henry Heth to “Sir hopes. While Prentiss was being overcome, {{{Colonel Webster}}} of Grant’s staff
     ['bwb_C0-AXF-886'] | None | Langston, Hannah H. H. Romney, Aza- riah Smith, {{{Elias Smith}}}, and Allen Joseph Stout; from the University  The Mormon Conflict, 1850-1859, p. 215.
40 {{{Elias Smith}}} Journal, March 29, 1859.
41 Henry Heth to “Sir hopes. While Prentiss was being overcome, {{{Colonel Webster}}} of Grant’s staff
     ['albertsidneyjohn00rola'] | None | Hannah  H.  H.  Romney,  Aza- riah  Smith,  {{{Elias  Smith}}},  and  Allen  Joseph  Stout;  from  the  University Mormon  Conflict,  1850-1859,  p.  215.
40  {{{Elias  Smith}}}  Journal,  March  23,  1859.
41  Henry  Heth hopes. While  Prentiss  was  being  overcome,  {{{Colonel  Webster}}}  of  Gr
     ['fl-95734-tn-4290'] | None | herson(  ) Samuel Thurber, Esq., married Elder {{{Elias Smith}}}, of Boston, of the Christian order, ‘‘a workman Thurber, Esq’s daughter Rachel married Elder {{{Elias Smith}}}, of Boston, of the Christian order; “a workman  in the company of Captain Manning, under {{{Colonel Webster}}}, and was stat
     ['genealogicalabst0000scob'] | None | Senators were elected:
Hillsborough County—{{{Colonel Webster}}}, Colonel Means, Henry Gerrish, and Colonel husband. Funeral services were conducted by {{{Elias Smith}}}. (11,35 2/22/1792)
1266. Several pieces of new
     ['per_st-louis-post-dispatch_1991-03-21_113_80'] | None | 12th-grade class. He holds the cadet rank of {{{colonel.
WEBSTER}}} GROVES
Jazz Honors: Sixteen members of the 12th-grade class. He holds the cadet rank of {{{colonel.
WEBSTER}}} GROVES
Jazz Honors: Sixteen members of the Haas, 87, died Wednes- day, funeral Friday, {{{Elias-Smith}}}.
Belleville Shar
     ['commemorativebiogr00jhbe'] | None | permanent  set- tlement. In  December,  1835,  Dr.  {{{Elias  Smith}}}  arrived,  and  found,  in  addi- tion to  the William  Saltonstall.  Enoch Thompson,  Dr.  {{{Elias  Smith}}}.  Seth  Parsons,  and  in  all  about  twenty-fi\-e victorious."
I  am  told  that  at  this  time.  Dr.  {{{Elias  Sm
ALL | "George J. Carney" Eastville | total 22
     ['wartimegenesisof0000irab'] | None | Servant,
HLS O Brown
Capt. O. Brown to Maj. {{{George J. Carney}}}, 9 Dec. 1864, enclosed in Lt. Col. Horace 44: Virginia Unionist to the Secretary of War
{{{Eastville}}} Northampton County State of Virginia Jan’ 16" {Endorsement} Hdq" U.S. Forces. East" Shore Va {{{Eastville}}} Feb” 15 /6
Resp’ ret
     ['cu31924077699811'] | None | received from  the  provost-marshal  at  {{{Eastville}}},  Va.  :
{{{Eastville}}},  April  18,  1864—12  p.  m. Maj.  Duvall,  Purnell  Legion  Maryland  Cav- alry.
{{{Eastville}}},  Va.,  March  7,  1864.
Major  :  I  have  the 
As  soon  as  information  reached  me  at  {{{Eastville}}},  I  proce
     ['warofrebellion33unit'] | None | provost-marshal  at  {{{Eastville}}},  Ya.  :
Maj.  R.  S.  Davis,
Assistant  Adjutant-General :
{{{Eastville}}},  April  18 Duvall ,   Purnell  Legion  Maryland  Cav- alry.
{{{Eastville}}},  Va.,  March  7 ,   1864.
Major  :   I   have 
As  soon  as  information  reached  me  at  {{{Eastville}}},  
     ['warofrebellionco0033unit'] | None | provost-marshal  at  {{{Eastville}}},  Va.  :
Maj.  R.  S.  Davis,
Assistant  Adjutant-General :
{{{Eastville}}},  April  18 Duvall,  Purnell  Legion  Maryland  Cav¬ alry.
{{{Eastville}}},  Va.,  March  7,  1864.
Major  :  I  have  the 
As  soon  as  information  reached  me  at  {{{Eastville}}},  I
     ['warofrebellionco0033unit_w6a0'] | None | received from the provost-marshal at {{{Eastville}}}, Va. :
{{{EASTVILLE}}}, April 18, 1864—12 p. m.
Maj. R. S. Davis EL. Bupel, Purnell Legion Maryland Cav- alry.
{{{EASTVILLE}}}, Va., March 7, 1864.
Magor: I have the honor respectfully Titan. }
As soon as information reached me at {{{Eastville}}},
     ['warofrebellion0133rootrich'] | None | received from  the  provost-marshal  at  {{{Eastville}}},  Va.  :
{{{EASTVILLE}}},  April  18,  1864—12  p.  m. Maj.  DuvalL  Purnell  Legion  Maryland  Cav
alry.
{{{EASTVILLE}}}.  V  A.,  'March  7,  1864.
MAJOR  :  I  have 
As  soon  as  information  reached  me  at  {{{Eastville}}},  I  proceeded
     ['11548683bsb'] | None | Duvall, Purnell Legion Maryland Cav- alry. f {{{EASTVILLE}}}, VA., March 7, 1864. MaJor: I haye the honor respectfully steam-tug Titan. As soon us information reached me at {{{Eastville}}}, I proceeded with all possible dispatch to Cherrystone Saint Mary’s (Marston) Drummondtown (Powell) {{{Eastvill
     ['massachusettsreg1874bost'] | None |   Edwin  A.  Alger,  John  A. Buttrick,  {{{George  J.  Carney}}},  Joseph H.  Ely,  Dana  B.  Gove,  Geo. Quartermaster  (with  rank  of  Lt.-CoL),  {{{George  J.  Carney}}},  of  Lowell.
Aide-de-Camp  (loith  rank Fred  L.  Ames;  Treasurer,  Pardon  A. Gilford.
{{{Eastville}}}  Savings  Bank,  Ed
ALL | "Joseph Lanman" "Foster" | total 1065
     ['reportofsecretar7311unit'] | None | Commodore  {{{Joseph  Lanman}}} — Minnesota    14
Additional  report  of  Commodore  {{{Joseph  Lanman}}} — Minnesota New  Ironsides    93
Report  of  Commodore  {{{Joseph  Lanman}}} — Minnesota    94
List  of  casualties — Minnesota 436
Report  of  Lieutenant  Commander  James  P.  {{{Foster}}}    
     ['lanmanfamilydesc00ston'] | None | Chapter  Eight
REAR     ADMIRAL     {{{JOSEPH        LANMAN}}}
12
{{{JOSEPH  LANMAN}}}  was  born  July  11  or  18,  Peter  Lanman  III    64
8:  Rear  Admiral  {{{Joseph  Lanman}}}    106
Part  2
I.  American  Ancestry:  Family   21,  1730/1.   She  married  first  William  {{{Foster}}}  of Plymou
     ['annualreportsna10deptgoog'] | None | Conimiidore  {{{Joseph  Lanman}}} — Minnesota  
Addilioual  report  of  Cominadore  {{{Joseph  Lanman}}} — Hianeiwita the  coast,  had  conferred  with Major  General  {{{Foster}}},  then  commanding  the  department  of  the  south navy  yard,  was  succeeded  by  Commodore  {{{Joseph  Lanman}}}  i
     ['officialrecordso0002john'] | None | 178 {{{Foster}}}, Amos P. Mentioned...-.......-..--..---- 39, 97, 140, 192, 194, 399, 598, 722 {{{Foster}}}, Erancis:) cce ecu cn 497, 504 {{{Foster}}}, Gustavus. Mentioned........ ————— —— M A 692 {{{Foster}}}, Henry H. Mentioned  Josselyn . (NETO doo ios meme e Acting Master H. H. {{{Foster}}}. Co
     ['supplementtohis00morrgoog'] | None | of Rev. Loren Thayer  36
Settlement of Rev. {{{Joseph Lanman}}}  37, 38
#
X Contents.
Voted to build a parsonage parsonage  37
Resignation of Rev. {{{Joseph Lanman}}}  39
Installation of Rev. Charles Packard  39
Meeting-house special meeting, the society voted to give Rev. {{{Joseph Lanman}}} a call
     ['indian-wells-cape-fear-css-chick-official-records-of-the-union-and-confed'] | None | by
Google
Page.
{{{Foster}}}, James. Mentioned. 506
{{{Foster}}}, John G. Mentioned. 397,628
{{{Foster}}}, Lyman L. Mentioned Mentioned. 19,168,175,178
{{{Foster}}}, Amos P. Mentioned. 39,97,140,192,194, 399, 698, 722
{{{Foster}}}, Francis. Mentioned Mentioned. 497,504
{{{Foster}}}, Oustavus. Mentio
     ['officialrecordso0011unse'] | None | INDEX.
845
{{{Foster}}},  James.  Mentioned .  ggg
{{{Foster}}},  John  G.  Mentioned .  3g7  g9g
{{{Foster}}},  Lyman  L 175,  178
{{{Foster}}},  Amos  P.  Mentioned .  39,  97, 140, 192,  194,  399,  598,  722
{{{Foster}}},  Francis Francis.  Mentioned .  497,  504
{{{Foster}}},  Gustavus.  Mentio
     ['supplementtohist1892morr'] | None |   Loren  Thayer   36
Settlement  of  Rev.  {{{Joseph  Lanman}}}   37,  38
X
Contents,
Voted  to  build  a   p  arsonage   37
Resignation  of  Rev.  {{{Joseph  Lanman}}}   39
Installation  of  Rev.  Charles  Packard meeting,  the  society  voted to  give  Rev.  {{{Joseph  Lanman}}}  a  call  with  "a
ALL | "Lanman" "detached" "Minnesota" 1865 | total 18205
     ['cu31924080772175'] | None | Commodore  Joseph  {{{Lanman}}},
Commanding  {{{Minnesota}}}.
[Enclosarea.]
U.  S.  Ship  {{{Minnesota}}}, Off  Beaufort, Commodore  Joseph  {{{Lanman}}},
Commanding  U.  8.  8.  {{{Minnesota}}}.
IT.  S.  S.  {{{Minnesota}}}, Off  Beaufort,  N Parker,  TJ.  S.  N.,  1863-{{{1865}}}.
6.  Atlantic  Bl
     ['officialrecordso0011unse'] | None | Commodore  Joseph  {{{Lanman}}},
Commanding  {{{Minnesota}}}.
[Enclosures.]
IT.  S.  Ship  {{{Minnesota}}},
Off  Beaufort  Commodore  Joseph  {{{Lanman}}},
Commanding  U.  8.  8.  {{{Minnesota}}}.
TJ.  S.  S.  {{{Minnesota}}},
Off  Beaufort,  N Parker,  U.  S.  N.,  1863-{{{1865}}}.
Atlantic  Blocka
     ['indian-wells-cape-fear-css-chick-official-records-of-the-union-and-confed'] | None | Commodore Joseph {{{Lanman}}},
Commanding {{{Minnesota}}}.
[Eucloaiiri'S.]
XT. S. Ship {{{Minnesota}}},
Off Beaufortj N Gunner.
Commodore Joseph {{{Lanman}}},
Commanding U. S. S. {{{Minnesota}}}.
U. S. S. {{{Minnesota}}},
Off Beaufort^ N. 0., the IT. 8.8. {{{Minnesota}}}.
U. S. S. {{{Minnesota}}}.
O
     ['officialrecordso0002john'] | None | 
Commodore JosEPH {{{LANMAN}}}, Commanding {{{Minnesota}}}.
[Enclosures.]
U.S. SHIP {{{MINNESOTA}}}, Off Beaufort, N. C Gunner. Commodore JOSEPH {{{LANMAN}}}, Commanding U. S. S. {{{Minnesota}}}.
U. S. S. {{{MINNESOTA}}}, . Off Beaufort, N. C Commander Parker, U.S. N., 1863-{{{1865}}}.
5. Atlantic B
     ['officialrecords15librgoog'] | None | Commodore  Joseph  {{{Lanman}}},
Commanding  {{{Minnesota}}}.
[Enclosures.]
TJ.  S.  Snir  {{{Minnesota}}}, Off  Beauforty Commodore  Joseph  {{{Lanman}}},
Commanding  U.  8.  S.  {{{Minnesota}}}.
U.  S.  S.  {{{Minnesota}}}, OffBeaufortj  N. Parker,  U.  S.  N.,  1663-{{{1865}}}.
5.  Atlantic  Bloc
     ['official-records-union-and-confederate-navies-in-war-of_1900_11'] | None | 
Commodore JOSEPH {{{LANMAN}}}, Commanding {{{Minnesota}}}.
[Enclosures.]
U.S. Sarp {{{MINNESOTA}}}, Off Beaufort, N. O Gunner. Commodore JosEPH {{{LANMAN}}},
Commanding U. 8. 8. {{{Minnesota}}}.
U.S. S. {{{MINNESOTA}}}, Off Beaufort, N. C., Commander Parker, U.S. N., 1863-{{{1865}}}.
5. Atlantic Bl
     ['annualreportsna10deptgoog'] | None | Conimiidore  Joseph  {{{Lanman}}} — {{{Minnesota}}}  
Addilioual  report  of  Cominadore  Joseph  {{{Lanman}}} — Hianeiwita    CommtMlere  Joseph  {{{Lanman}}} — {{{Minnesota}}}    94
List  of  casualties — {{{Minnesota}}}    103
Report  of  Connnodore Commodore  Joseph  {{{Lanman}}},  Commanding  {
     ['reportsecretary02deptgoog'] | None | Commodore  Joseph  {{{Lanman}}} — ^{{{Minnesota}}}    14
Additional  report  of  Commodore  Joseph  {{{Lanman}}} — ^Mlnnesota of  Commodore  Joseph  {{{Lanman}}} — {{{Minnesota}}}    94
List  of  casualties — {{{Minnesota}}}    103
Report  of  Commodore Joseph  {{{Lanman}}},  commanding  U,  S.  ste
ALL | "vainly protested" Gordon | total 4371
     ['per_missionary-horizons_1894-05_7_10'] | None | _ among the very early missionaries. Dr. Andtew {{{Gordon}}} was the first missionary
lessons. How many different although long time some enlightened Rajputs hays. {{{vainly protested}}} against it. His High
_ness the Maharaja of gpringdele, 5; Mt. Nebo, 13; Unity,
Miss Nellie {{{Gordon}}} Girardeau
     ['indarkesteuropea00tresrich'] | None | Retreat  of  the
Serbian    Army."      By    {{{Gordon}}}     {{{Gordon}}}-Smith.      (Hutchinson
.^  Co.)
?   Literature executed  within  three  hours.  Hadzija  {{{vainly  protested}}} his  innocence.  He  was  compelled  to  walk
     ['greatmissionaryf00tayl'] | None | first elements  of  the  Christian  faith.
General  {{{Gordon}}},  in  one  of  his  last  letters,  has  told  And  yet  what  a  field !"     And  Gen- eral {{{Gordon}}},  a  zealous  Puritan  Protestant,   if  ever  committee  room  into  African  graves,  he has  {{{vainly  protested}}}  against
     ['IAPSOP-better_way_v11_n4_jul_23_1892'] | None | Guillotine, who died in 1814, ener- getically but {{{vainly protested}}} against the use of hia name in connection Guillotine, who died in 1814, ener- Ketically but {{{vainly protested}}} againat the use of hia name in connection ferred ta; butin the spring of tSS5 the Rey. Mr. {{{Gordon}}}, of Milw
     ['cihm_33766'] | None | first elements of the Christian faith.
General {{{Gordon}}}, in one of his last letters, has told us the same few, such. And yet what a field!” And Gen- eral {{{Gordon}}}, a zealous Puritan Protestant, if ever there was committee room into African graves, he has {{{vainly protested}}} against such u
     ['hope-star-1971-09-25'] | None | PATRICIA FREE, DEBBIE BARHAM, COSY BURKE, AND REV. {{{GORDON}}} RENSHAW.
Sees Money Talk But Little Action
By STERLING Snowdon, began a
"It's your decision," Kiwanian {{{Gordon}}} Renshaw told
groups of students at Hope High School 
The British said they had
repeatedly and {{{vainly protested}}} to 
     ['sim_printers-circular-and-stationers-and-publishers-gazette_1868-02_2_12'] | None |  BED—
36x52. Cheap. {{{GORDON}}} CYLINDER PRESS, 18x24. Price $550. HALF MEDIUM {{{GORDON}}}. Price $250.
Ruggles that these rollers against which they had {{{vainly protested}}}, and afterwards
 
 
gladly used, were destined year:
President, A. H. Brown; Vice-President, John {{{Gordon}}}; Record- i
     ['fact-labour-party-gb_1956-09_14_9'] | None | - missioner for Refugees for three Le have {{{vainly protested}}}.
But. even worse was the in-—
- terpretation in ichuanaland. He was sup- rted by Mr. Patrick {{{Gordon}}}- alker, who said, in reference j} the original happening. That is the logic of the Tory policy.” Mr. {{{Gordon}}}-Walker_ said t
ALL | "Gordon" "Vogdes" "Eastern District" | total 2070
     ['sim_brooklyn-barrister_1970-03_21_5'] | None | as Chief Assistant United States Attorney {{{Eastern District}}} of New York sworn in to office by Federal the command of Brevet Brigadier General Israel {{{Vogdes}}}, Colonel of the First Artillery, stationed at Fort reporting to General McDowell’s headquarters General {{{Vogdes}}} complimented his
     ['autobiographyrem00dye'] | None | Miss  Julia  {{{Vogdes}}},  a  daughter  of Major  and  Mrs.  A.  S.  {{{Vogdes}}}.  Major  {{{Vogdes}}}  was employed belonged  to  a  corps  com- manded by  General  {{{Gordon}}}  Granger,  and  I  to  the 16th  Corps  commanded Smith,  the  Thirteenth  Corps  under  General {{{Gordon}}}  Granger,
     ['in.ernet.dli.2015.156324'] | None | her age. Miss Julia {{{Vogdes}}}, a daughter of Major and Mrs. A. S. {{{Vogdes}}}. Major {{{Vogdes}}} was employed in the regiment. He belonged to a corps commanded by General {{{Gordon}}} Granger, and I to the 16th Corps commanded by General General Smith, the Thirteenth Corps under General {{{Gord
     ['autobiographyrem0000unse_u0m4'] | None | her age, Miss Julia {{{Vogdes}}}, a daughter of Major and Mrs. A. 8. {{{Vogdes}}}. Major {{{Vogdes}}} was employed in the  He belonged to a corps com- manded by General {{{Gordon}}} Granger, and I to the 16th Corps commanded by General General Smith, the Thirteenth Corps under General] {{{Gordon}}} 
     ['in.ernet.dli.2015.154052'] | None | her age. Miss Julia {{{Vogdes}}}, a daughter of Major and Mrs. A. S. {{{Vogdes}}}. Major {{{Vogdes}}} was employed in the regiment. He belonged to a corps commanded by General {{{Gordon}}} Granger, and I to the 16th Corps commanded by General General Smith, the Thirteenth Corps under General {{{Gord
     ['autobiographyrem00dyer'] | None | Miss  Julia  {{{Vogdes}}},  a  daughter  of Major  and  Mrs.  A.  S.  {{{Vogdes}}}.  Major  {{{Vogdes}}}  was employed belonged  to  a  corps  com- manded by  General  {{{Gordon}}}  Granger,  and  I  to  the 16th  Corps  commanded Smith,  the  Thirteenth  Corps  under  General {{{Gordon}}}  Granger,
     ['per_the-press_the-press_1862-01-03_1'] | None | Prof. {{{Vogdes}}} never had an oppor- tunity to come before that committee. Mr. Hollingsworth. Mr. {{{Vogdes}}} was they re-
quested Messrs. 'dlchlurtrie, Gerard, and {{{Vogdes}}} to re-
sign, a request with which Messrs. Atchfurtrio Atchfurtrio and Gerard complied ; but as Professor {{{Vogdes}}} r
     ['autobiographyand005600mbp'] | None | her age, Miss Julia {{{Vogdes}}}, a daughter of Major and Mrs. A. S. {{{Vogdes}}}. Major {{{Vogdes}}} was employed in the regiment. He belonged to a corps commanded by General {{{Gordon}}} Granger, and I to the 16th Corps commanded by General General Smith, the Thirteenth Corps under General {{{Gord
ALL | "William L. James" quartermaster "Fort Monroe" | total 329
     ['sim_armed-forces-journal_1901-10-26_39_8'] | None | as chiet {{{quartermaster}}} of the Department, reileving Major Robert R. Stevens, {{{quartermaster}}}, U. 8. A. authorize in this way, he directs that the local {{{quartermaster}}} at each station re port at as early a date as electrician sergeants from the Artillery School at {{{Fort Monroe}}} to 
     ['per_the-evening-telegraph_1867-10-22_1'] | None | Cable be- tween {{{Fort Monroe}}}, Vn, and Cherrystone, Va. Cable extends from the Back {{{Fort Monroe}}}, to the Chorrystone days from the
"of the {{{Quartermaster}}} General, SE J, €. MoFERRAN, Deputy {{{Quartermaster}}}-General,
10 15 8t Brevet party y recoiled. In the writer's own county, a {{{q
     ['sim_armed-forces-journal_1866-07-28_3_49'] | None | Brigadier- General {{{William L. James}}}, Colonel {{{Quartermaster}}}’ s partment, and Assistant {{{Quartermaster}}} U. S. Volunteers transportation to the {{{Quartermaster}}}-General, consigned to Brevet Colonel J. C. McFerran, {{{Quartermaster}}} U. S. Army 8. Volunteers, Staff {{{Quartermaster}}
     ['guidetocivilwarp0000saue'] | None | Section F, Lot 28.
{{{William L. James}}} (1833-1903) became a colonel in the {{{quartermaster}}} corps and served up with suddenly increased demand, the army {{{quartermaster}}} authorized the beginning of an elaborate system well.
Soon after the war began, Pennsylvania {{{Quartermaster}}} Gen- era
     ['papersofulyssess0014gran'] | None | 25, 1865, USG telegraphed to Capt. {{{William L. James}}}, {{{Fort Monroe}}}. “stop the boat bound for Fort Fisher p.M., Babcock telegraphed to Capt. {{{William L. James}}}, {{{Fort Monroe}}}. “Please send steamer called for by Inf. Infantry
Le Lieutenant
Maj. Major
Q. M. {{{Quartermaster}}}
Regt. R
     ['sim_armed-forces-journal_1887-05-28_24_44'] | None | C. Capt. G. E. Pond asst. {{{quartermaster}}}, is re- lieved as post {{{quartermaster}}} at Fort Riley, Kas , to devote Deputy {{{Quartermaster}}} General, U.s. Army.
WAR DEPARTMENT, NEW YORK DEPOT OF THE {{{QUARTERMASTER}}}’'S DEPARTMENT  Lieut. Col. and Deputy {{{Quartermaster}}} Gen.,
U. 8. Army,
     ['sim_armed-forces-journal_1883-05-12_20_41'] | None | Wanted. Sure sale everywhere for all time.
ef {{{Quartermaster}}}.
Proposals for Military Supp'ies. Governor's  Rafferty, ist U. S. Artillery, rejoined at {{{Fort Monroe}}}, Va., early in the week from a brief trip East Olmsted has assumed the duties of Regi- mental {{{Quartermaster}}}, 9th Cavalry,
     ['per_the-evening-telegraph_1867-05-10_1'] | None | lo connection witlythe Georgia Central Hal {{{WILLIAM L JAMES}}}, General Agent No. 814 & h, Hunter &
einwnre Burton, U.S. Army, or the commanding officer at {{{Fort Monroe}}}:—The President of the United States directs that held contined under military au- thority in {{{Fort Monroe}}}, to the U. 8.
# requests 9
