Q Butler 1864-05-01/1864-05-31 | total 2111 | shown 25
    1864-05-05 | Image 1 of Dodgeville chronicle (Dodgeville, Wis.), May 5, 1864 | http://www.loc.gov/resource/sn85033019/1864-05-05/ed-1/?sp=1
    1864-05-20 | Image 1 of Orleans independent standard (Irasburgh, Vt.), May 20, 1864 | http://www.loc.gov/resource/sn84022548/1864-05-20/ed-1/?sp=1
    1864-05-12 | Image 8 of Rutland weekly herald (Rutland, Vt.), May 12, 1864 | http://www.loc.gov/resource/sn84022367/1864-05-12/ed-1/?sp=8
    1864-05-12 | Image 1 of Wood County reporter (Grand Rapids [i.e. Wisconsin Rapids], | http://www.loc.gov/resource/sn85033078/1864-05-12/ed-1/?sp=1
    1864-05-11 | Image 3 of The Nashville daily union (Nashville, Tenn.), May 11, 1864 | http://www.loc.gov/resource/sn83025718/1864-05-11/ed-1/?sp=3
    1864-05-21 | Image 5 of The Burlington weekly hawk-eye (Burlington [Iowa]), May 21, | http://www.loc.gov/resource/sn84027060/1864-05-21/ed-1/?sp=5
    1864-05-11 | Image 2 of Illinois Staats-zeitung (Chicago, Ill.), May 11, 1864 | http://www.loc.gov/resource/sn85033492/1864-05-11/ed-1/?sp=2
    1864-05-14 | Image 2 of Dollar weekly mirror and New Hampshire journal of agricultu | http://www.loc.gov/resource/sn84023819/1864-05-14/ed-1/?sp=2
    1864-05-17 | Image 1 of The Nashville daily union (Nashville, Tenn.), May 17, 1864 | http://www.loc.gov/resource/sn83025718/1864-05-17/ed-1/?sp=1
    1864-05-13 | Image 2 of Ellsworth American (Ellsworth, Me.), May 13, 1864 | http://www.loc.gov/resource/sn84022374/1864-05-13/ed-1/?sp=2
    1864-05-20 | Image 2 of The Union and journal (Biddeford, Me.), May 20, 1864 | http://www.loc.gov/resource/sn83009571/1864-05-20/ed-1/?sp=2
    1864-05-14 | Image 1 of The Nashville daily union (Nashville, Tenn.), May 14, 1864 | http://www.loc.gov/resource/sn83025718/1864-05-14/ed-1/?sp=1
Q "Shore" "World" correspondent Butler 1864-04-01/1864-07-31 | total 520 | shown 25
    1864-05-21 | Image 1 of The daily Gate City (Keokuk, Iowa), May 21, 1864 | http://www.loc.gov/resource/sn83025182/1864-05-21/ed-1/?sp=1
    1864-06-29 | Image 2 of The weekly north Iowa times (McGregor, Iowa), June 29, 1864 | http://www.loc.gov/resource/sn84027238/1864-06-29/ed-1/?sp=2
    1864-06-07 | Image 1 of The daily register (Wheeling, W. Va.), June 7, 1864 | http://www.loc.gov/resource/sn86092517/1864-06-07/ed-1/?sp=1
    1864-05-26 | Image 5 of Rutland weekly herald (Rutland, Vt.), May 26, 1864 | http://www.loc.gov/resource/sn84022367/1864-05-26/ed-1/?sp=5
    1864-05-20 | Image 2 of The Union and journal (Biddeford, Me.), May 20, 1864 | http://www.loc.gov/resource/sn83009571/1864-05-20/ed-1/?sp=2
    1864-06-11 | Image 3 of The Pacific commercial advertiser (Honolulu, Hawaiian Islan | http://www.loc.gov/resource/sn82015418/1864-06-11/ed-1/?sp=3
    1864-06-03 | Image 4 of Daily Davenport Democrat (Davenport, Iowa), June 3, 1864 | http://www.loc.gov/resource/sn83045646/1864-06-03/ed-1/?sp=4
    1864-06-18 | Image 1 of Cleveland morning leader (Cleveland [Ohio]), June 18, 1864 | http://www.loc.gov/resource/sn83035143/1864-06-18/ed-1/?sp=1
    1864-05-27 | Image 1 of New-York daily tribune (New-York [N.Y.]), May 27, 1864 | http://www.loc.gov/resource/sn83030213/1864-05-27/ed-1/?sp=1
    1864-05-27 | Image 1 of Orleans independent standard (Irasburgh, Vt.), May 27, 1864 | http://www.loc.gov/resource/sn84022548/1864-05-27/ed-1/?sp=1
    1864-05-14 | Image 12 of New-York daily tribune (New-York [N.Y.]), May 14, 1864 | http://www.loc.gov/resource/sn83030213/1864-05-14/ed-1/?sp=12
    1864-05-27 | Image 7 of The weekly pioneer and Democrat (Saint Paul, Minn. Territor | http://www.loc.gov/resource/sn83016751/1864-05-27/ed-1/?sp=7
Q "Shore" correspondent arrested Baltimore 1864-04-01/1864-07-31 | total 442 | shown 25
    1864-07-09 | Image 2 of The Burlington weekly hawk-eye (Burlington [Iowa]), July 9, | http://www.loc.gov/resource/sn84027060/1864-07-09/ed-1/?sp=2
    1864-06-11 | Image 2 of The Burlington weekly hawk-eye (Burlington [Iowa]), June 11 | http://www.loc.gov/resource/sn84027060/1864-06-11/ed-1/?sp=2
    1864-06-08 | Image 2 of Hammond gazette (Point Lookout, Md.), June 8, 1864 | http://www.loc.gov/resource/sn82002197/1864-06-08/ed-1/?sp=2
    1864-06-18 | Image 3 of Prescott journal (Prescott, Wis.), June 18, 1864 | http://www.loc.gov/resource/sn85033221/1864-06-18/ed-1/?sp=3
    1864-06-08 | Image 1 of Chicago daily tribune (Chicago, Ill.), June 8, 1864 | http://www.loc.gov/resource/sn84031490/1864-06-08/ed-1/?sp=1
    1864-04-21 | Image 4 of Rutland weekly herald (Rutland, Vt.), April 21, 1864 | http://www.loc.gov/resource/sn84022367/1864-04-21/ed-1/?sp=4
    1864-06-16 | Image 3 of Wood County reporter (Grand Rapids [i.e. Wisconsin Rapids], | http://www.loc.gov/resource/sn85033078/1864-06-16/ed-1/?sp=3
    1864-06-15 | Image 3 of Mineral Point weekly tribune (Mineral Point, Wis.), June 15 | http://www.loc.gov/resource/sn86086769/1864-06-15/ed-1/?sp=3
    1864-05-13 | Image 2 of Alexandria gazette (Alexandria, D.C.), May 13, 1864 | http://www.loc.gov/resource/sn85025007/1864-05-13/ed-1/?sp=2
    1864-06-10 | Image 1 of The daily register (Wheeling, W. Va.), June 10, 1864 | http://www.loc.gov/resource/sn86092517/1864-06-10/ed-1/?sp=1
    1864-07-28 | Image 2 of Daily national Republican (Washington, D.C.), July 28, 1864 | http://www.loc.gov/resource/sn86053570/1864-07-28/ed-1/?sp=2
    1864-07-21 | Image 1 of Rutland weekly herald (Rutland, Vt.), July 21, 1864 | http://www.loc.gov/resource/sn84022367/1864-07-21/ed-1/?sp=1
Q "W. W. Shore" 1863-01-01/1866-12-31 | total 48268 | shown 25
    1864-09-24 | Image 1 of Alexandria gazette (Alexandria, D.C.), September 24, 1864 | http://www.loc.gov/resource/sn85025007/1864-09-24/ed-1/?sp=1
    1864-09-29 | Image 3 of Weekly national intelligencer (Washington [D.C.]), Septembe | http://www.loc.gov/resource/sn83045784/1864-09-29/ed-1/?sp=3
    1864-09-24 | Image 3 of Daily national intelligencer (Washington City [D.C.]), Sept | http://www.loc.gov/resource/sn83026172/1864-09-24/ed-1/?sp=3
    1865-06-03 | Image 1 of Daily Richmond Whig (Richmond, Va.), June 3, 1865 | http://www.loc.gov/resource/sn84024660/1865-06-03/ed-1/?sp=1
    1864-02-17 | Image 2 of Illinois Staats-zeitung (Chicago, Ill.), February 17, 1864 | http://www.loc.gov/resource/sn85033492/1864-02-17/ed-1/?sp=2
    1865-05-30 | Image 2 of Daily Richmond Whig (Richmond, Va.), May 30, 1865 | http://www.loc.gov/resource/sn84024660/1865-05-30/ed-1/?sp=2
    1864-02-12 | Image 3 of Daily national intelligencer (Washington City [D.C.]), Febr | http://www.loc.gov/resource/sn83026172/1864-02-12/ed-1/?sp=3
    1864-02-11 | Image 3 of The daily register (Wheeling, W. Va.), February 11, 1864 | http://www.loc.gov/resource/sn86092517/1864-02-11/ed-1/?sp=3
    1864-05-12 | Image 2 of Evening star (Washington, D.C.), May 12, 1864 | http://www.loc.gov/resource/sn83045462/1864-05-12/ed-1/?sp=2
    1864-03-18 | Image 2 of Muscatine weekly journal (Muscatine, Iowa), March 18, 1864 | http://www.loc.gov/resource/sn84027253/1864-03-18/ed-1/?sp=2
    1864-02-11 | Image 2 of Evening star (Washington, D.C.), February 11, 1864 | http://www.loc.gov/resource/sn83045462/1864-02-11/ed-1/?sp=2
    1863-11-27 | Image 1 of New-York daily tribune (New-York [N.Y.]), November 27, 1863 | http://www.loc.gov/resource/sn83030213/1863-11-27/ed-1/?sp=1
Q2 "W. W. Shore" | total 48268
    1864-09-24 | Image 1 of Alexandria gazette (Alexandria, D.C.), September  | http://www.loc.gov/resource/sn85025007/1864-09-24/ed-1/?sp=1
    1864-09-29 | Image 3 of Weekly national intelligencer (Washington [D.C.]) | http://www.loc.gov/resource/sn83045784/1864-09-29/ed-1/?sp=3
    1864-09-24 | Image 3 of Daily national intelligencer (Washington City [D. | http://www.loc.gov/resource/sn83026172/1864-09-24/ed-1/?sp=3
    1865-06-03 | Image 1 of Daily Richmond Whig (Richmond, Va.), June 3, 1865 | http://www.loc.gov/resource/sn84024660/1865-06-03/ed-1/?sp=1
    1864-02-17 | Image 2 of Illinois Staats-zeitung (Chicago, Ill.), February | http://www.loc.gov/resource/sn85033492/1864-02-17/ed-1/?sp=2
    1865-05-30 | Image 2 of Daily Richmond Whig (Richmond, Va.), May 30, 1865 | http://www.loc.gov/resource/sn84024660/1865-05-30/ed-1/?sp=2
    1864-02-12 | Image 3 of Daily national intelligencer (Washington City [D. | http://www.loc.gov/resource/sn83026172/1864-02-12/ed-1/?sp=3
    1864-02-11 | Image 3 of The daily register (Wheeling, W. Va.), February 1 | http://www.loc.gov/resource/sn86092517/1864-02-11/ed-1/?sp=3
    1864-05-12 | Image 2 of Evening star (Washington, D.C.), May 12, 1864 | http://www.loc.gov/resource/sn83045462/1864-05-12/ed-1/?sp=2
    1864-03-18 | Image 2 of Muscatine weekly journal (Muscatine, Iowa), March | http://www.loc.gov/resource/sn84027253/1864-03-18/ed-1/?sp=2
    1864-02-11 | Image 2 of Evening star (Washington, D.C.), February 11, 186 | http://www.loc.gov/resource/sn83045462/1864-02-11/ed-1/?sp=2
    1863-11-27 | Image 1 of New-York daily tribune (New-York [N.Y.]), Novembe | http://www.loc.gov/resource/sn83030213/1863-11-27/ed-1/?sp=1
    1865-06-05 | Image 1 of Daily Richmond Whig (Richmond, Va.), June 5, 1865 | http://www.loc.gov/resource/sn84024660/1865-06-05/ed-1/?sp=1
    1865-06-06 | Image 1 of Daily Richmond Whig (Richmond, Va.), June 6, 1865 | http://www.loc.gov/resource/sn84024660/1865-06-06/ed-1/?sp=1
    1864-02-11 | Image 2 of Daily national Republican (Washington, D.C.), Feb | http://www.loc.gov/resource/sn86053570/1864-02-11/ed-1/?sp=2
    1864-02-11 | Image 1 of The New York herald (New York [N.Y.]), February 1 | http://www.loc.gov/resource/sn83030313/1864-02-11/ed-1/?sp=1
    1865-06-07 | Image 1 of Daily Richmond Whig (Richmond, Va.), June 7, 1865 | http://www.loc.gov/resource/sn84024660/1865-06-07/ed-1/?sp=1
    1865-06-01 | Image 1 of Daily Richmond Whig (Richmond, Va.), June 1, 1865 | http://www.loc.gov/resource/sn84024660/1865-06-01/ed-1/?sp=1
    1865-06-01 | Image 3 of Daily Richmond Whig (Richmond, Va.), June 1, 1865 | http://www.loc.gov/resource/sn84024660/1865-06-01/ed-1/?sp=3
    1865-05-27 | Image 3 of Daily Richmond Whig (Richmond, Va.), May 27, 1865 | http://www.loc.gov/resource/sn84024660/1865-05-27/ed-1/?sp=3
    1865-05-31 | Image 3 of Daily Richmond Whig (Richmond, Va.), May 31, 1865 | http://www.loc.gov/resource/sn84024660/1865-05-31/ed-1/?sp=3
    1866-02-08 | Image 2 of The daily dispatch (Richmond [Va.]), February 8,  | http://www.loc.gov/resource/sn84024738/1866-02-08/ed-1/?sp=2
    1866-08-18 | Image 2 of New-York tribune (New York [N.Y.]), August 18, 18 | http://www.loc.gov/resource/sn83030214/1866-08-18/ed-1/?sp=2
    1866-02-09 | Image 3 of The daily dispatch (Richmond [Va.]), February 9,  | http://www.loc.gov/resource/sn84024738/1866-02-09/ed-1/?sp=3
    1865-06-01 | Image 2 of Daily Richmond Whig (Richmond, Va.), June 1, 1865 | http://www.loc.gov/resource/sn84024660/1865-06-01/ed-1/?sp=2
Q2 "Shore, the correspondent" | total 1
    1864-05-12 | Image 2 of St. Cloud Democrat (Saint Cloud, Stearns County,  | http://www.loc.gov/resource/sn83016836/1864-05-12/ed-1/?sp=2
