== or363 2589889
  phrase 'base of supplies' 5
      they will be sent. U. S. GRANT, Lieutenant- General. Circular.] Headquarters of the Army, Washington , May 22, 1864. Lieutenant-General Grant has given notice that his base of sup- plies will be immediately changed from Fredericksburg to Port 78 OPERATIONS IN SE. VA. AND N. C. [Chap. XLVIII. Royal. Orders will be given accordingly to remove everything from Fredericksburg, Bel
      Senate. CHAS. SUMNER. May 23, 1864—12.30 p. m. Brigadier-Generals Meigs and Barnard, Via Fort Monroe : General Grant has moved south to Milford Station and changed his base of supplies to Port Royal. He says Lee has been re-enforced by Pickett’s division and other troops from Richmond, and that General Butler’s force is not detaining 10,000 of the enemy. Your report anxiously look
      not effected at Hanovertown it will probably be necessary for us to move on down the Pamunkey until a crossing is effected. I think it advisable, therefore, to change our base' of supplies from Port Royal to the White House. I wish you would direct this change at once, and also direct Smith to put the railroad bridge there in condition for crossing troops and artillery,, and leave m
      or-General Halleck, Chief of Staff : The object of sending troops to Mobile now would not be so much to assist General Sherman against Johnston as to secure for him a base of supplies after his work is done. Mobile also is important to us and would be a great loss to the enemy. Let the 100-days’ men, such of them as you have to spare, move on. U. S. GRANT, Lieutenant- Gene
      . m. (Received 2 a. m. 19th.) Maj. Thomas T. Eckert: Probably cannot leave here for two or three days yet. Have ar- ranged to destroy telegraph and to go by river to base of supplies by the last boat. BICKFORD. Camp near Walkerton, June 18, 1864. Major-General Humphreys, Chief of Staff: I have the honor to state, for the information of the major-general commanding, that the a
  phrase 'chestnut poles' 0
  phrase 'not rotted down' 0
  phrase 'very little wire' 0
  phrase 'Gloucester Point, thence by a direct road' 0
  phrase 'from West Point to White House' 1
      s here. His stock of ammunition ought to be replenished at the same time his orders go to him. Two army gun-boats were sent from here yesterday to keep the river clear from West Point to White House. U. S. GRANT, Lieutenant - General . Headquarters Army of the Potomac, June 19, 1864 — 8.30 p. m. Lieutenant-General Grant : Your dispatch directing that General Sheridan remain at
  phrase 'pretty secure' 0
  phrase 'raiders' 1
      ction of the com- manding general, stop all troops who may be passing ^ou, providing, at the time of their passing, you have truly authentic information of the advance of raiders. J. H. HILL, Major and Assistant Adjutant-General . Taylorsville, May 27, 1864—6.45 a. m. Hon. James A. Seddon: The enemy retired to the north side of the North Anna last night. A portion of his force i
  phrase 'old line was all destroyed' 0
  phrase 'whole line of the Chickahominy' 0
  phrase 'office at Gloucester' 0
  phrase "asked O'Brien" 0
  phrase 'cross to West Point' 0
  phrase "Glo'ster" 0
  SHELDON 678837 ['white house'] | and beyond is of greatest importance ; it will be the only means of communication with Grant, and must be built without a moment’s delay. I need a building party from here to commence work at White House, continuing thence to Grant’s headquarters. Confer with Sheldon as to plans and route to build upon. Answer quick. You must use all the arbitraries in your cipher. Important words should not come in English. Leave 4 ‘snow” out. Butler’s headquarters to work cipher with his card key, and direct him to use great care. T. T. ECKERT. Headquarters, May 28, 1864. Mr. Sheldon, Telegraph Operator, Fort Monroe : I should have no doubt that the telegraph route most easily pro- tected
  SHELDON 679204 ['gloucester', 'mattapony', 'west point', 'chickahominy'] | . You must use all the arbitraries in your cipher. Important words should not come in English. Leave 4 ‘snow” out. Butler’s headquarters to work cipher with his card key, and direct him to use great care. T. T. ECKERT. Headquarters, May 28, 1864. Mr. Sheldon, Telegraph Operator, Fort Monroe : I should have no doubt that the telegraph route most easily pro- tected would be across the York at Gloucester Point, thence up to West Point, thence across the Mattapony between the two rivers. The route by the old road and New Kent Court-House would be broken all the time until General Grant crosses the Chickahominy. BENJ. F. BUTLER, Major- General, Commanding. Gillmore’s, May 27
  SHELDON 1536563 ['gloucester', 'west point'] | ts be sent up from Newport News to shell them out. Respectfully, yours, EDWD. A. WILD, Brigadier-General of Volunteers. [OPERATOR.] Fort Monroe, June 4, 1864. General Shepley : Following dispatch has been received from West Point, June 4, to George D. Sheldon, manager telegraph line : I have guards stationed day and night at each end of the cable. There are 38 miles line from here ito Gloucester Point. It will require 50 mounted men to patrol line properly. There are 20 here now. The balance had better come over line to this point and report to Lieutenant McGee, and he will station them so that they can go over every part of the line each day, and have 10 men in
== militarytelegraph01plumrich 968875
  phrase 'base of supplies' 2
      move rapidly across to Pine Bluff, on the Arkansas, crossing the river and advancing on Little Rock from the south side, which was wholly undefended, making Napoleon his base of supplies. The latter plan was substantially adopted, the army striking the river at Ashley's Mills, where Davidson had a brush with the enemy. About this time. General Grant started John E. Smith's division
      e- tailed to assist Woodring. Early in January, 1863, Marmaduke, collecting about four thousand troops, mainly horse, and avoiding Blunt, prepared to assault Springfield, his base of supplies. Herron having taken away the best troops with him, leaving under General E. B. Brown but about twelve hundred militia, three hundred conva- lescents and one hundred and fifty Iowa troops, the result
  phrase 'chestnut poles' 0
  phrase 'not rotted down' 0
  phrase 'very little wire' 0
  phrase 'Gloucester Point, thence by a direct road' 0
  phrase 'from West Point to White House' 0
  phrase 'pretty secure' 0
  phrase 'raiders' 1
      most vigorously. It was a desperate railroad race, in which the brasses in the jour- nal boxes of the forward engine melted. Andrews' party, for he was in command of the raiders, sought to impede pursuit by throwing off the railroad ties they had collected, and occa- sionally tearing up a rail, but the pursuers overcame every obstruction about as fast as they were interposed. At ever
  phrase 'old line was all destroyed' 0
  phrase 'whole line of the Chickahominy' 0
  phrase 'office at Gloucester' 0
  phrase "asked O'Brien" 0
  phrase 'cross to West Point' 0
  phrase "Glo'ster" 0
== militarytelegraph02plumrich 1051433
  phrase 'base of supplies' 4
      fight it out on this line if it takes all summer. After the battle of Spottsylvania, Fredericksburg was taken possession of by Union troops, and constituted a temporary base of supplies. We have already stated that a new line was built from Washington via Port Tobacco, Md., to Maryland Point, This was extended across the Potomac, by a submarine cable two miles in length and the
      the Pamunkey, where it crossed and took position about Cold Harbor. The offices at Belle Plain, Fredericksburg, Port Royal and Maryland Point were closed about May 30, the base of sup- plies having been changed to White House. Consequently the line from Fortress Monroe to Yorktown was extended along the north bank of the York from Gloucester Point to West Point, submarine cables being
      ove was, by marching cautiously and keeping constantly in readiness to repel attack, to cross the Chiekahom- iny on the enemy's right, and then the James, effecting a new base of supplies at City Point, with the view to the speedy cap- ture of Petersburg and operations against Richmond from the south side. The passage of the James was effected magnifi- cently, telegraph offices being
      I am now working fifteen miles of siege line surrounding Spanish and Huger Forts and Fort Blakely and numerous water batteries, rifle pits, etc. The ofiices are at our base of supplies, Stark's Wharf, head-quarters Thirteenth Army Corps, head-quarters Sixteenth Army Corps, head-quarters of the army and head-quar- ters General Steele's command. Our lines are worked night and day and the
  phrase 'chestnut poles' 0
  phrase 'not rotted down' 0
  phrase 'very little wire' 0
  phrase 'Gloucester Point, thence by a direct road' 0
  phrase 'from West Point to White House' 0
  phrase 'pretty secure' 0
  phrase 'raiders' 5
      iffith, James Fork- er, E. W. Atwater, John D. Richardson, and others. Geo. W. Bell was at the Glasgow end of a new line, built from Cave City, in June, to watch such raiders as Morgan. From the outbreak of the rebellion, the Federal Government had striven to possess and hold East Tennessee. Never was such possession so important to the loyalists there residing, as since the swe
      on Danville, where operator Benner was exposed to his musketry fire, and from whence Carter was driven across the Kentucky River, by which time it was discovered that the raiders were unsupported, and were in fact driving a larger force than they possessed. So the tide changed. Burnside, in turn, in June, sent a cavalry force into East Tennessee, which greatly injured the railroad,
      ly interested in their work, that the operator, keenly intent on escaping, was enabled quietly to pass out and enter an adjoin- ing corn-field, where he remained until the raiders left town, after which he returned to his office; connected the wires and went to bed again. After several Federal cavalry incursions, one of which re- sulted in the re-capture of two gun-boats in the Rappa
      Charleston ; Canby, about Mobile ; Steele, in Arkansas, and numerous smaller commands. But everywhere the inferior- ity of the Confederates became more and more apparent as raid- ers brushed away opposition and armies pressed their sieges, or the foe in the field, until, at last in utter despair of the wicked cause, the end came, and foemen " shook hands over the bloody chasm. " It
      Winter of 1861-'^. 170; in Summer '62, 338 Mingle", John K., II, 249, 2S8, 343. Mitchell, F. W., II., 344. Mitchell, Gen. O. M.. successes in N. Ala., I, 208; sends raiders Into Qa., 209. Mixer, C. H., II. 267, 31.5. Mobile evacuated, II, 303. Mobile Bay, entrance to, captured, II. 212. Moffatt, A. H., II. 248. Molony, P., II. 209, 343. Monitor and Merrimac fight. I. 139
  phrase 'old line was all destroyed' 0
  phrase 'whole line of the Chickahominy' 0
  phrase 'office at Gloucester' 0
  phrase "asked O'Brien" 0
  phrase 'cross to West Point' 0
  phrase "Glo'ster" 0
  SHELDON 57692 ['west point'] | was soon sent to Fort Monroe. It will be remembered that Gilmore succeeded David Strouse, the first Superintendent in the East, and was himself superseded by Captain Stager. After about three months employment at the Fortress, Gilmore concluded to accompany Sheldon to his new field of labor — the scenes of his brother, the General's splendid military operations. Sheldon and Gilmore laid a cable across Calibogue Sound (eight miles), from the south end of Hilton Head Island to Tybee, near the Martello Tower ; from Tybee across Lazaretto Creek to Cockspur Island, establishing an office in Fort Pulaski. Another cable was laid from the north-west point of Hilton Head Island across Bro
  SHELDON 57816 ['west point'] | intendent in the East, and was himself superseded by Captain Stager. After about three months employment at the Fortress, Gilmore concluded to accompany Sheldon to his new field of labor — the scenes of his brother, the General's splendid military operations. Sheldon and Gilmore laid a cable across Calibogue Sound (eight miles), from the south end of Hilton Head Island to Tybee, near the Martello Tower ; from Tybee across Lazaretto Creek to Cockspur Island, establishing an office in Fort Pulaski. Another cable was laid from the north-west point of Hilton Head Island across Broad River to the south end of Parry's Island, in the Port Royal entrance ; also across Beaufort Creek to
  SHELDON 64112 ['wire'] | to Savannah, which of course would prove a very dangerous under- 30 THE MILITARY TELEGRAPH DURING THE taking. The Commanding General had considered the matter some time, and as Forster was anxious to undertake the risk, he was sent, although Captain Sheldon refused to order him to go. Forster succeeded in tapping the wire a little west of Pocotaligo. On this errand he was led by runaway jiegroes, who were famil- iar with the country, and it is probable that he reached his des- tination via the Combahee River. His pocket instrument was inserted in the circuit by means of fine copper wire covered with silk, which was hidden by moss that gi'ows so beautifully in that cou
  SHELDON 70619 ['wire'] | the city, where William Bryan was operator, and on Sullivan's Island was another, named Peacock. Thus were the troops and forts united by lines of telegraph. Among the many projects for blowing up Sumter was one which occupied the attention of Captain Sheldon and operator A. G. Safford. While General Foster was in command (July, 1864), he asked Sheldon if he could explode powder by electri- city through submerged wires, and if so, to arrange to blow up Sumter. Sheldon possessed some field cable, turned over by the Signal Corps, which he tested, and reported that it would stand submersion successfully for twelve hours. He then procured a large number of tin canteens, and ha
  SHELDON 70730 ['wire'] | ck. Thus were the troops and forts united by lines of telegraph. Among the many projects for blowing up Sumter was one which occupied the attention of Captain Sheldon and operator A. G. Safford. While General Foster was in command (July, 1864), he asked Sheldon if he could explode powder by electri- city through submerged wires, and if so, to arrange to blow up Sumter. Sheldon possessed some field cable, turned over by the Signal Corps, which he tested, and reported that it would stand submersion successfully for twelve hours. He then procured a large number of tin canteens, and had them made air- tight, to use as floats to his cable. Ten miles of cable on one reel, and ^
  SHELDON 70868 ['wire'] | one which occupied the attention of Captain Sheldon and operator A. G. Safford. While General Foster was in command (July, 1864), he asked Sheldon if he could explode powder by electri- city through submerged wires, and if so, to arrange to blow up Sumter. Sheldon possessed some field cable, turned over by the Signal Corps, which he tested, and reported that it would stand submersion successfully for twelve hours. He then procured a large number of tin canteens, and had them made air- tight, to use as floats to his cable. Ten miles of cable on one reel, and ^YG^ of manilla rope on another, were arranged to pay out equally. The rope was attached to a scow containing ten barr
  SHELDON 97042 ['wire'] | ported just below Donaldsonville, and had torn down the wire. The message ended with a request for permission to withdraw the guard into the works at Bonnet Carre, and being authorized so to do, he soon reported his command safely within the works. W. A. Sheldon, manager of the city office, and Department chief operator, had had much experience as a cavalry officer, and doubting the report, obtained an order from Emory to take com- mand of the patrol, about one hundred strong, and, if possible, restore communication with Banks. The officer in command pleaded indisposition, but thought if he could ride up on a gun- hoat^ he could take command in case of a fight, if landed in
  SHELDON 97994 ['wire'] | les CIVIL WAR IN THE UNITED STATES. 43 distant, a large party was seen coming toward them. Sheldon took them for guerrillas, but they Avere soon proven to be passen- gers, who the evening before, had left New Orleans on the same steamer that landed Sheldon. This steamboat had been fired into a few miles below Donaldsonville by a battery on the oppo- site side of the river, striking the steampipe, whereupon the steamer was run to the east side and the passengers landed. A gunboat soon after drove off the battery and saved the steamer. Sheldon discovered a quarter of a mile of wire missing, near Donaldsonville, which an old negro reported to have been cut by an overseer
  SHELDON 98335 ['wire'] | ed into a few miles below Donaldsonville by a battery on the oppo- site side of the river, striking the steampipe, whereupon the steamer was run to the east side and the passengers landed. A gunboat soon after drove off the battery and saved the steamer. Sheldon discovered a quarter of a mile of wire missing, near Donaldsonville, which an old negro reported to have been cut by an overseer, who threw it into the river. Of course the line was restored, and the overseer imprisoned. It was a cruel necessity that compelled Banks to abandon Alexandria and the Red River country to besiege Port Hudson, and many are the sad stories of misery and worse inflicted on Unionists, partic
  SHELDON 330000 ['yorktown'] | tor Kichard O'Brien, and J. Hervey Nichols and J. W. Collings, assistants. The latter was detailed from the ranks, and sent in June to the army of the Potomac. Other operators were stationed in this vicinity, as follows : At Fort Monroe, chief, George D. Sheldon, John A. Sheridan, C. L. Snyder and Silas C. Burns ; at New- port News, F. B. Knight ; at head-quarters near Portsmouth, Wilbur F. Halloway ; at Norfolk, John E. O'Brien ; at Fort Magruder, Robert J. Murphy ; at Yorktown, H. N. Snow. As soon as General Butler received his telegraphic orders to move, he embarked his forces, consisting mainly of the Eigh- teenth Corps, General W. F. Smith, and the Tenth, General Gilm
  SHELDON 810769 ['wire'] | Stevens, at Cincinnati ; C. C. Northrup, H. H. At- water, D. C. Aughinbaugh, H. H. Bishop, George B. Davis, John W. Carver, A. F. Childs, Richard Powers, W. L. Ives, A. G. Hancock, W. S. Maynard ; and on the Fort Monroe and City Point wire, George D. Sheldon, chief ; John D. Tinney, A. G. Safford, Thomas Morrison, R. J. Murphy, C. A. Mixer, M. S. Andrews, H. D. Frank, J. E. O'Brien, V. H. Wells, T. Q. ^^"aterhouse, and C. A. Homan. With the armies in the field were W. K. Applebaugh, W. B. Wood and Ed. Schermerhorn, Twenty-fourth Corps ; W. H. Wilson and E. W. Mason, Twenty-fifth Corps ; P. H. Nunan, and James H. Glazier, Fifth Corps; D. E. Rand, and S. K. Rupley,
