warofrebellion363unit | General Halleck has given his opinion | 1
    head< 281 :: on and assistance in the work ? It must be done as soon as possible. G. D. SHELDON. Fort Monroe, May 28, 1864. Major-General Butler : Since sending my dispatch General Halleck has given his opinion that the north side of York River is best route, as it can be guarded by small force. G. D. SHELDON. Fort Monroe, Va., May 28, 1864. [Major Eckert:] On consulting General Carr, commanding at Yorktown and Will- iamsburg, he
warofrebellion363unit | telegraph route most easily | 1
    head< 262 :: key, and direct him to use great care. T. T. ECKERT. Headquarters, May 28, 1864. Mr. Sheldon, Telegraph Operator, Fort Monroe : I should have no doubt that the telegraph route most easily pro- tected would be across the York at Gloucester Point, thence up to West Point, thence across the Mattapony between the two rivers. The route by the old road and New Kent Court-House would be broken all the time until General Gra
warofrebellion363unit | On consulting General Carr | 1
    head< 281 :: is opinion that the north side of York River is best route, as it can be guarded by small force. G. D. SHELDON. Fort Monroe, Va., May 28, 1864. [Major Eckert:] On consulting General Carr, commanding at Yorktown and Will- iamsburg, he says : “ It would be practicable to run a telegraph from Gloucester to West Point if the country was occupied by our forces. I think the old road from Williamsburg to West Point the best
warofrebellion363unit | Butler favors crossing | 1
    head< 822 :: cester side at daylight in morning. Has everything he wants. I will try to go to Yorktown to-morrow. G. D. SHELDON. Fort Monroe, May 29, 1864. [Major Eckert :] Butler favors crossing at Yorktown and the north route. J. M. Palmer and party, with Homan and Collins, arrived at Jamestown last night ; had to land them there, as they came down on regular dispatch-boat ; would have been better if they had come here. They wi
warofrebellion363unit | Embree | 0
warofrebellion363unit | Logue | 0
warofrebellion363unit | Glazier | 0
warofrebellion363unit | Cowan | 0
warofrebellion363unit | Bickford | 8
    head< 321 :: , who says [the] line need not be extended farther than White House, as we will probably leave here before it can reach us ; cannot tell now where we will meet Bickford, but will look out for him if we get near railroad. Dispatches will be sent from headquarters to White House by messenger. Will advise you as promptly as possible when Grant makes his wants known. Our battery wagon was fired into by rebels while leavi
    head< 321 :: d quantity of rubber slips for covering places where con- nections have been made in field wire. A. H. CALDWELL. Fort Monroe, Va., May 29, 1864. Major Eckert : Bickford and party arrived this morning. Have got their six teams complete and a steamer to take them direct to West Point. 21 R R— VOL XXXVI, PT III 822 OPERATIONS IN SE. VA. AND N. C. [Chap. XLVII1. Have furnished them everything they wanted and material to 
    head< 424 :: d fire-rafts will probably be down soon. S. P. LEE, Acting Rear-Admiral. Fort Monroe, Va., May 31, 1864. Major Eckert : I understand, and will communicate with Bickford. Following just received from Homan : “ Palmer’s party met rebel pickets about 12 miles from Gloucester Point ; the party expects an attack. I have got 25 more cavalry from adjutant-general to send Palmer.” Have expected this, but Palmer started with 
warofrebellion363unit | circuit twice | 0
warofrebellion363unit | regiment could | 1
    head< 700 :: , Brigadier- General. Hdqrs. Second Division, Ninth Army Corps, Woody’s House , June 8, 1864. Maj. Gen. A. E. Burnside, Ninth Army Corps: General : I wish some regiment could be sent to take the place of the Forty-eighth Pennsylvania Volunteers. My line is entirely Chap. XLYIII.] CORRESPONDENCE, ETC. UNION. 701 too weak, and unless more force can be put upon it it will be en- dangered by a strong attack. The position
warofrebellion363unit | Gloucester route | 0
militarytelegraph02plumrich | Embree | 5
    head< ? :: eo. E. Cromwell, M. V. B. BUELL, o. h. dorrence, Thomas N. Loucks, R. H. Ryan, W. F. HOTiLOWAY. M. Y. Holly, P. H. Nunan, Thos. Morrison, Silas C. Burns, W. N. Embree, R. O'Brien, Thos. E. Mo'Reland, J. H. Glazier, J. W. Parsons, J. H. Bunnell, A. H. K A NODE, J. W. Sampson, J. O'Brien, C. L. Snyder, J. H. Emerick, Chas. R. Roberts, W. G. Baldwin, D. McCarty, It is true that the subject of salaries embraces the major
    head< ? ::  messages were soon forwarded by despatch boats, which were kept running be- tween the Island and Bermuda Hundred. Jamestown Island of- fice was worked by W. N Embree and W. S. Logue. It was, at that season of the year, a very disagreeable place. Most venomous reptiles in great numbers were there, but what proved infinitely more annoying were the mosquitoes and other winged tormentors, that compelled the operators, w
    head< ? :: amestown Island, Yorktown, Fort Monroe, Cherrystone and Wilmington. L. M. Painter operated at Fort Powhatan until relieved in August by T. Q. Waterhouse. W. N. Embree at Jamestown Island until relieved in August by T. CIVIL WAR IN THE UNITED STATES. 261 N. Loucks. At Fort Monroe, were George D. Sheldon, C. L. Snyder, W. J. Dealy, C. A. Homan and S. C. Burns. This line, from Swan's Point, opposite Jamestown Island via
militarytelegraph02plumrich | Logue | 5
    head< ? :: on forwarded by despatch boats, which were kept running be- tween the Island and Bermuda Hundred. Jamestown Island of- fice was worked by W. N Embree and W. S. Logue. It was, at that season of the year, a very disagreeable place. Most venomous reptiles in great numbers were there, but what proved infinitely more annoying were the mosquitoes and other winged tormentors, that compelled the operators, while on duty at n
    head< ? :: hard question, for Drake's name wasn't a pass-word on that wire and he did not know that of the Milledgeville operator. So after a little safe bravado the dia- logue closed and Drake re-entered the saddle; then Kilpatrick's men began destroying the line on the Macon side. Arriving at Sandei-sville, Ga., Eddy tried his hand on the wires running to Augasta. He discovered in the office what every " plug" ope- rator keep
    head< ? :: rles Douglass. The Tenth Corps stationed along the James about Jones' Neck and Bermuda Hundred, was in line of several oflSces, one at Jones' Neck, where W. S. Logue and O. B. Vincent operated; another at Bermuda Hundred, W. H.Wilson, operator; another at General Brooks' Head-quarters, Bermuda Hundred Front, W. K. Applebaugh; and another at Point of Rocks, a pontoon sta- tion across the Appomattox, where Maynard A. H
militarytelegraph02plumrich | Glazier | 8
    head< ? :: nson were with one of the corps; E. A. Hall with Howard, S. H. Edwards with Hancock, and A. H. Bliss, R. H. Ryan, T. H. Fonda, H. W. Cowan, J. D. Tinney, J. H. Glazier, R. F. Weitbrecht, L. A. Rose and F. T. Bickford either accompanied corps head-quarters or reached their respect- ive stations via Washington and Poolesville in apt time. David E. Rand, who had served with his cavalry regiment since Octo- ber, 1861, an
    head< ? :: e, Thomas N. Loucks, R. H. Ryan, W. F. HOTiLOWAY. M. Y. Holly, P. H. Nunan, Thos. Morrison, Silas C. Burns, W. N. Embree, R. O'Brien, Thos. E. Mo'Reland, J. H. Glazier, J. W. Parsons, J. H. Bunnell, A. H. K A NODE, J. W. Sampson, J. O'Brien, C. L. Snyder, J. H. Emerick, Chas. R. Roberts, W. G. Baldwin, D. McCarty, It is true that the subject of salaries embraces the major part of this petition, but that was because i
    head< ? :: A. Rose (and C. Douglass from the eighteenth) operated at the head- quarters of the Second Corps at Morrisville; H. W. Cowan and W. C. Hall, at Bealeton; J. H. Glazier, J. D. Flynn and E. A. Hall, at Ma- nassas Junction; D. E. Rand, at Burkes Station; R. H. Brigham,* at Centre ville; J. D. Tinney and A. H. Bliss, at Rappahannock CIVIL WAK IN THE UNITED STATES. 123 Station; R. F. Weitbrecht and W. H. Shreffler, at Kel
militarytelegraph02plumrich | Cowan | 7
    head< ? :: C. Mc- Connell and F. N. Benson were with one of the corps; E. A. Hall with Howard, S. H. Edwards with Hancock, and A. H. Bliss, R. H. Ryan, T. H. Fonda, H. W. Cowan, J. D. Tinney, J. H. Glazier, R. F. Weitbrecht, L. A. Rose and F. T. Bickford either accompanied corps head-quarters or reached their respect- ive stations via Washington and Poolesville in apt time. David E. Rand, who had served with his cavalry regimen
    head< ? ::  month, were moved to Winchester, and a line was rebuilt along the turn- pike from Franklin to Columbia, Tenn. Early in August, I con- structed a new line from Cowan to Tracy City, Tenn., and extended the line south along the Chattanooga Railroad to Bridgeport, Ala., opening offices at Anderson and Stevenson ; at department head- quarters, near Stevenson ; at head-quarters Fourteenth Army Corps, near Bolivar, Ala., a
    head< ? :: Wm. C. Hall, C. W. Jacques, Frank Drummond, A. H. Bliss, F. T. BiCKPORD, John Winthrup, C. W. Moore, R. F. Weitbrecht, H. C. BUELL, Edward F. Chapman, Henry W. Cowan, C. H. Lounsberry, H. P. ROYCE, Charles I. Brown, Geo. E. Cromwell, M. V. B. BUELL, o. h. dorrence, Thomas N. Loucks, R. H. Ryan, W. F. HOTiLOWAY. M. Y. Holly, P. H. Nunan, Thos. Morrison, Silas C. Burns, W. N. Embree, R. O'Brien, Thos. E. Mo'Reland, J. 
militarytelegraph02plumrich | Bickford | 6
    head< ? ::  Howard, S. H. Edwards with Hancock, and A. H. Bliss, R. H. Ryan, T. H. Fonda, H. W. Cowan, J. D. Tinney, J. H. Glazier, R. F. Weitbrecht, L. A. Rose and F. T. Bickford either accompanied corps head-quarters or reached their respect- ive stations via Washington and Poolesville in apt time. David E. Rand, who had served with his cavalry regiment since Octo- ber, 1861, and participated in the battles of Front Royal, Ce
    head< ? :: and several wounded. The following operated at these several offices : at Port Tobacco, C. Weber; across from Maryland Point, D. E. Rand; at Belle Plain, F. T. Bickford; at White House, Clinton S. Barrett and later D. E. CIVIL WAR IN THE UNITED STATES. 137 Rand and Bickford; at White Plains, W. K. Applebaugh, assisted doubtless by some others. Cowen, J. E. Bliss and Rand worked the White House office during its busie
    head< ? :: rom Maryland Point, D. E. Rand; at Belle Plain, F. T. Bickford; at White House, Clinton S. Barrett and later D. E. CIVIL WAR IN THE UNITED STATES. 137 Rand and Bickford; at White Plains, W. K. Applebaugh, assisted doubtless by some others. Cowen, J. E. Bliss and Rand worked the White House office during its busiest days. Applebaugh, detailed from the Sixteenth Pennsylvania cavalry, in which he was Sergeant-Major, whi
militarytelegraph02plumrich | Homan | 8
    head< ? :: nd W. H. Wilson, detailed from Ohio regiments, at Ber- muda Hundred; O. B. Vincent, at General Gilmore's, and at Smith's on the right, near Fort Darling, C. A. Homan, whose office consisted of a cracker box under a tree. As already seen, Grant's army had crossed the Rapidan. As the morning broke, Lee's signal officers on Clark's Mountain es- pied the advancing columns and promptly notified the General, whose signal f
    head< ? :: e on the third. Between the latter place and Cold Harbor, a line of couriers was established. William Mcintosh and party of builders, accompanied by opera- tor Homan, constructed about twelve miles of line from Glouces- ter Point. In the construction of the line from Gloucester to West Point, Mcintosh's or some other building party had several serious skirmishes with guerrillas, in which the latter were driven off, b
    head< ? :: n Island until relieved in August by T. CIVIL WAR IN THE UNITED STATES. 261 N. Loucks. At Fort Monroe, were George D. Sheldon, C. L. Snyder, W. J. Dealy, C. A. Homan and S. C. Burns. This line, from Swan's Point, opposite Jamestown Island via Surrey Court House, was frequently interrupted by guerrillas, and as a suffi- cient force could not be spared permanently for its protection, a cable was laid in July from the I
militarytelegraph02plumrich | Collings | 2
    head< ? :: were mainly stationed, awaiting the order of the Lieuten- ant General. With General Butler were chief operator Kichard O'Brien, and J. Hervey Nichols and J. W. Collings, assistants. The latter was detailed from the ranks, and sent in June to the army of the Potomac. Other operators were stationed in this vicinity, as follows : At Fort Monroe, chief, George D. Sheldon, John A. Sheridan, C. L. Snyder and Silas C. Burns
    head< ? :: h of. 309. Cody, \V. H., I. 136: 11,343. Cold Harbor, battle of. II, 138. Cole, Geo.. 11,63.77. 115. Colestock, D., II. 149, 268. Collier, B. W.. II, 120. 343. Collings. J. W., II, 131. Columbus, Ky., occupied by Confederates, I, Congdon, J. D.. I, 56. Conner. Charles O., II, 209, 298. Conway, Edward, I, 158. 217. 232. 240, 246; II. 38. 4.5. 114. 356 ; office shelled, I, 84; brings news of battle, 226; narrow escape,
militarytelegraph02plumrich | Bliss | 10
    head< ? :: and J. B. Pierce were with Hooker; C. C. Mc- Connell and F. N. Benson were with one of the corps; E. A. Hall with Howard, S. H. Edwards with Hancock, and A. H. Bliss, R. H. Ryan, T. H. Fonda, H. W. Cowan, J. D. Tinney, J. H. Glazier, R. F. Weitbrecht, L. A. Rose and F. T. Bickford either accompanied corps head-quarters or reached their respect- ive stations via Washington and Poolesville in apt time. David E. Rand, w
    head< ? :: econd Bull Run and Chantilly, and was captured near Philmont Virginia, and sent to Libby, being exchanged, was detailed in June and ordered to relieve operator Bliss at General Abercrombie's head-quarters at Centreville. While there, the northward movement of the army caught him and he, by direction, joined General John Newton's division of the Sec- ond Army Corps, followed it to Poolesville and Frederick City, from 
    head< ? ::  Matlock, John S. Kerrey, Richard Graham, Edward Conway, Geo. Garland, F. Lamb, W. K. De Witte, J. L. Cherry, Wm. C. Hall, C. W. Jacques, Frank Drummond, A. H. Bliss, F. T. BiCKPORD, John Winthrup, C. W. Moore, R. F. Weitbrecht, H. C. BUELL, Edward F. Chapman, Henry W. Cowan, C. H. Lounsberry, H. P. ROYCE, Charles I. Brown, Geo. E. Cromwell, M. V. B. BUELL, o. h. dorrence, Thomas N. Loucks, R. H. Ryan, W. F. HOTiLOWA
militarytelegraph02plumrich | Mcintosh | 5
    head< ? ::  office at West Point was opened June 2, and at White House on the third. Between the latter place and Cold Harbor, a line of couriers was established. William Mcintosh and party of builders, accompanied by opera- tor Homan, constructed about twelve miles of line from Glouces- ter Point. In the construction of the line from Gloucester to West Point, Mcintosh's or some other building party had several serious skirmish
    head< ? :: accompanied by opera- tor Homan, constructed about twelve miles of line from Glouces- ter Point. In the construction of the line from Gloucester to West Point, Mcintosh's or some other building party had several serious skirmishes with guerrillas, in which the latter were driven off, but of the builders, two were killed and several wounded. The following operated at these several offices : at Port Tobacco, C. Weber; 
    head< ? :: ns at Alexandria, started from Alexandria early one morning, escorted by eighty soldiers under Colonel Gallupe, to restore the road and wire. Advancing slowly, Mcintosh of the Telegraph Corps constructed the line while the railroaders were rebuilding the bridges and repairing the track. The party worked their way through Thor- oughfare Gap, reaching the south end of it at Broad Run late one evening, and halted. Power
