ALL | "Suwo Nada" | total 909
     ['dli.ministry.07639'] | None | upples
mn
        
 
 
§ )  JAPAN—INLAND Bea. {{{Suwo Nada}}}, Northern Shore—Amendments to Charts with regard shoals and depths off the northern shore of the {{{Suwo nada}}}.
Charts affected.—No. 3153, Mardyama zaki to Ominase (H. 2352-22.)
 
mene ' JAPAN—INLAND SEA.
tee {{{Suwo Nada}}}, Northern S
     ['sim_the-womans-journal_1877-02-10_8_6'] | None | sixteenth, on the Messageries Imperial Steamship ‘{{{Suwo-Nada}}},’ and shall reach Yokohama towards the middle Suddenly there was a cry, ‘‘Par- ker has news of the {{{Suwo-Nada}}}—he is in the bowling-alley-—he will speak.”
Ina early this morning in regard to the fate of the {{{Suwo-Nada}}} has bee
     ['for-romantik-og-historie-bind-14'] | None | tilbage og vedblev fan med faſt Stemme:
{{{Suwo Nada}}}. 537
„{{{Suwo-Nada}}} forlod Marſeille med fire og tyve Mand efter var Skuret tomt og ſtille. —
Er
{{{Suwo Nada}}}. 539
{{{Suwo⸗Nada}}} ligger ved Cap Idſu, i Indlobet til Bugten Fruen paa Soelbjerg. Af ee til 5 5 e . 43598. {{{Suwo Nada}}}. Fo
     ['per_north-china-herald_the-north-china-herald-market-report_1868-03-18_2_48'] | None | 00 Denne. a: te * 4 * a . Hs 108.80 8 108.80 {{{Suwo- Nada}}} e eee » 3 144.00 * * Ra és 1 40 ie Ki 144.00  Carr, Lieut. Davidson, and Dr. Leach. Per ‘ {{{Suwo- Nada}}}” for Hongkow n Rooper. Per * Western Chiet” for GOOD SAUCE. 14\Claro Babuyan ny 14 Fusi-Yama 14/{{{Suwo Nada}}} 14 Dragon F 15 Osak
     ['dli.ministry.01541'] | None | traders navigate the great inland sea known as the {{{Suwo-nada}}}, between the three great islands of Nipon- Sikok Kiu-siu and Ni- pon. In our charts it is called the {{{Suwo-nada}}} Sea, Perfectly land-locked, possessing three routes CRUISE IN JAPANESE WATERS. 101
onter ocean. This {{{Suwo-nada}}}
     ['cu31924023219573'] | None | whales — ^the  Abb6 Sidotti— renewed  storm— the  {{{Suwo-nada}}}  Sea^-the  Pacific  gulf-stream — meteors— iirst navigate  the  great  inland  sea  known  as  the {{{Suwo-nada}}},  between  the  three  great  islands  of  Nipon- Ni- pon.  In  out  charts  it  is  called  the  {{{Suwo-nada}}}  Sea.
     ['per_north-china-herald_the-north-china-herald_1867-05-18_1_6'] | None | Holmes, 2 Children and servant, 8 Chinese. er {{{Suwo - Nada}}}, from Hongkong Messers. E. W. Rice, Hoppins and Nagasaki = Messrs. LAN E, CRAWFORD & Co. „  9){{{Suwo-Nada}}} Am str 1802 Jayne Hongkong . 17jy 2796 February Rock Simmons Hankow & Ports Russell aud Co „ 12){{{Suwo-Nada}}} Jayne Hongkong
     ['per_north-china-herald_the-north-china-herald_1867-04-27_1_4'] | None | Constables, and 5 Constables Wives. Per Str. ‘{{{Suwo-Nada}}},” for Hongkong, Mr. and Mrs, Gant, Messrs. Pembleton 24
24
24
EA & PRRRINS' Cz- |
0d e
„„
Express {{{Suwo - Nada}}} Nanzing Elizabeth Shanse Aden Confucius Plymouth Chefoo & Tientsin General Trautmann and Co 25 {{{Suwo-Nada}}} Am ayne Hon
ALL | "pilots for monitors" | total 0
ALL | "furnish the Navy with" | total 528
     ['sim_defense-news_may-27-june-02-2002_17_21'] | None | and  General  Dynamics  Cotp.  -  would  {{{furnish  the  Navy  with}}}  $2.56  billion  in  goods and  services  Corp.,  Falls  Church,  Va  — would  {{{furnish  the  Navy  with}}} goods  and  services  they  estimate at
     ['41771359081044'] | None | oiroulAtion here. And we ere committed to {{{furnish the navy with}}} one eopy. In the event thst future lnterrogetiens
     ['sim_world-oil_1917-06-30_38'] | None | when the Gulf Refining Company offered to {{{furnish the navy with}}} oil for 84 cents per barrel last year, with does not see why the oil companies who can {{{furnish the navy with}}} oil, should not furnish it at a big loss
     ['sim_united-states-congress-congressional-globe_1852-08-16_24_139'] | None | made a contract with the Government to {{{furnish the Navy with}}} water-rotted hemp at $300 a ton, when the made a contract with the Gov- ernment to {{{furnish the Navy with}}} water-rotted
hemp—that he broke at it, and
     ['GC1942111301'] | None |  however,  Mr.  Conger was  able  to  {{{furnish  the  Navy  with}}} valuable  information  bearing  on the
     ['topeopleofsecond00thom'] | None | stores— -$600,000. This  bill  is  to  {{{furnish  the  Navy  with}}}  supplies,  and  to  give  it  that  efficiency
     ['foreign-policy-report'] | None | portion of its foreign commerce, and to {{{furnish the navy with}}} auxiliaries and supply ships in time of
     ['sim_foreign-policy-reports_1940-04-01_16_2'] | None | of  its  foreign  commerce,  and  to  {{{furnish  the  navy with}}}  auxiliaries  and  supply  ships  in  time
ALL | "office at Yorktown" Ord 1865 | total 32
     ['bwb_W9-CLV-673'] | None | while looking over the records in the Clerk’s {{{office at Yorktown}}}, Virginia, for papers regarding his own family original tomb- stone was removed from the church in {{{1865}}} during repairs, and was placed in the churchyard Page, taken from the records in the clerk’s {{{office at Yorktown}}}, 
     ['genealogyofpagef00page'] | None | looking  over  the  records  in  the Clerk's  {{{office  at  Yorktown}}},  Virginia,  for  papers  regarding  his tomb- stone was  removed  from  the  church  in  {{{1865}}}  during  repairs,  and  was placed  in  the  churcliA-ard taken  from the  records  in  the  clerk's  {{{office  at  Yorktown}
     ['genealogyofpagef0000rich'] | None | while looking over the records in the Clerk’s {{{office at Yorktown}}}, Virginia, for papers regarding his own family original tomb- stone was removed from the church in {{{1865}}} during repairs, and was placed in the churchyard Page, taken from the records in the clerk’s {{{office at Yorktown}}}, 
     ['genealogypagefa01pagegoog'] | None | original tombstone was removed from the church in {{{1865}}} during repairs, and was placed in the churchyard Page, taken from the records in the clerk's {{{office at Yorktown}}}, Va., in May, 1884:
In the name of God Amen 1653
Ut in Alys
John Paoe Merchant '
NOICE 
William {{{Ord}}} John Cox
r
Land
     ['seldensofvirgini0002mary'] | None | Is- land until {{{1865}}}; made Lieutenant-Colonel, C. S. A., while in prison; married, in {{{1865}}}, Lucy Colston Hunter was relieved from command by Sheridan, and, in {{{1865}}}, he was mustered out with the rank of Brevet Brigadier Seward on a vessel in Hampton Roads in February, {{{1865}}}, and
     ['armisteadfamily100gard'] | None | Confederate  Army,  1861-{{{1865}}},  in  the  Richmond  Howitzers; married  {{{1865}}},  Nannie  Kepler,  daughter succeeded  his  father,  as  Patron  of  Sandbach,  in  {{{1865}}},  and 1877,  upon  the  death  of  his  cousin, Toddsbury,  married  Mary Mason ;  Thomas,  of  Seaf  {{{ord}}} ;  El
     ['seldensofvirginikenn'] | None | until  {{{1865}}} ;  made  Lieutenant-Colonel,  C. S.  A.,  while  in  prison;  married,  in  {{{1865}}},  Lucy Colston articles  of  capitulation  at  the  surrender  of _.{{{ord}}}  Cornwallis  were  drawn  up  and  subscribed  in relieved  from  command  by Sheridan,  and,  in  {{{1865}}},  he  w
     ['sim_american-bankers-association-aba-banking-journal_1953-09_46_3'] | None | this unusual photograph of Wash- ington, made about {{{1865}}}, shortly after completion of the Capitol dome
é time de-
83
due
be-
edit
ate
act,
ate
Sed
ap-
end
{{{ord}}}
pa
unt
and
the
ent
and
ur-
:
ore
‘om
ity
and
sly WESTCHESTER BANK has opened its new Yorktowy {{{Office at Yorktown}}} Heights, N
ALL | "Mrs. Ord" "telegraph office" | total 1322
     ['lincolnsgreatest0000trud'] | None | received [{{{Mrs. Ord}}}] most graciously.”
While the account by Adam Badeau has Mrs. Lincoln giving {{{Mrs. Ord}}} a tongue-lashing that was then carried to the War Department {{{telegraph office}}}, where it was coded for transmission:
We start see to the water exchange and to visit the {{{telegra
     ['lincolnswartimet0000john'] | None | his close friend Ward Hill Lamon go to the {{{telegraph office}}} to send a message confirming his safe arrival closing in on Richmond and Petersburg.” ‘he {{{telegraph office}}} was in the first-floor bedroom of Appomattox questioned him about his operations. Walking to the {{{telegraph office}}}, 
     ['girlsordeal00lill'] | None | expected,  went  away  to  summon  {{{Mrs.  Ord}}}.
A   moment  later  {{{Mrs.  Ord}}}  was  in  the  room,  her  conven- .
76
XXIV.
G resham-in  the-Pines,
•
81
XXV.
{{{Mrs.  Ord}}}  to  the  Rescue,
•
91
XXVI.
The  Journey  to criticized  them  all  in  person.  At last  {{{Mrs.  Ord}}},  conscien
     ['newbirthoffreedo0000unse_s1z2'] | None | disheartened man had just come in from the {{{telegraph office}}} where he had stayed for hours, waiting for  his long beard flying, dashed off to the {{{telegraph office}}}. He spent the rest of the morning dictating in from skirmishes and battles, haunted the {{{telegraph office}}} night and day, 
     ['lastweeksofabrah0000john'] | None | president frequently visited the War Department's {{{telegraph office}}} to read the latest communiques from his generals bed and made his way to the War Department’s {{{telegraph office}}} to contact the president. At 8:45 p.m., he her horse expertly and with “extreme grace.””
{{{Mrs. Ord}}} saw th
     ['firstladyrebelno0000higg'] | None | voyage, as did General and {{{Mrs. Ord}}}. Another general’s wife! But at least {{{Mrs. Ord}}} did not try to crowd Mary Ellsworth, who was getting ready to secure the {{{telegraph office}}}, decided that it could wait a little while obeyed. Early on July 22, they rode down to the {{{telegraph offic
     ['abrahamlincoln0000unse_t3n1'] | None | to Badeau, hurled vile names at {{{Mrs. Ord}}} and again asked what {{{Mrs. Ord}}} meant by following the President from Nicolay arrived at the War Department {{{telegraph office}}}. When Major Eckert congratu- lated him, his left the brain=unaffected. . = Ux “In the {{{telegraph office}}} one eveni
     ['sim_lincoln-herald_winter-1979_81_4'] | None | comfortable.
This time it was {{{Mrs. Ord}}} who triggered Mary Lincoln’s passion. {{{Mrs. Ord}}}, a beautiful woman, the sination, was in charge of the War Department {{{Telegraph Office}}} in 1865. Major Eckert testified
that it was post of Censor of the United States Military {{{Telegraph Office}
ALL | "River Queen" Stanton "Fort Monroe" March 15 | total 121
     ['LapsleyLincWrit18631865'] | None | Telegram to Secretary {{{Stanton, March}}} 25th : : Telegram to Secretary {{{Stanton, March}}} 26th : - Telegram to to Secretary {{{Stanton, March}}} 27th : Telegram to Secretary {{{Stanton, March}}} 28th A : Telegram to Secretary Secretary {{{Stanton, March}}} 3oth 4 : Telegram to Secretary {{{Stan
     ['writingsofabraha02abe'] | None | Telegram  to  Secretary  {{{Stanton,  March}}}  2Sth Telegram  to  Secretary  {{{Stanton,  March}}}  26th Telegram  to to  Secretary  {{{Stanton,  March}}}  27th Telegram  to  Secretary  {{{Stanton,  March}}}  28th Telegram  to  Secretary Secretary  {{{Stanton,  March}}}  30th Telegram  to  Secretar
     ['writingsofabra07linc'] | None | Telegram  to  Secretary  {{{Stanton,  March}}}  25th Telegram  to  Secretary  {{{Stanton,  March}}}  26th Telegram  to to  Secretary  {{{Stanton,  March}}}  27th Telegram  to  Secretary  {{{Stanton,  March}}}  28th Telegram  to  Secretary Secretary  {{{Stanton,  March}}}  30th Telegram  to  Secretar
     ['writingsofabraha03abe'] | None | Telegram  to  Secretary  {{{Stanton,  March}}}  25th Telegram  to  Secretary  {{{Stanton,  March}}}  26th Telegram  to to  Secretary  {{{Stanton,  March}}}  27th Telegram  to  Secretary  {{{Stanton,  March}}}  28th Telegram  to  Secretary Secretary  {{{Stanton,  March}}}  30th Telegram  to  Secretar
     ['writingsofab1108linc'] | None | Telegram  to  Secretary  {{{Stanton,  March}}}  25th Telegram  to  Secretary  {{{Stanton,  March}}}  26th Telegram  to to  Secretary  {{{Stanton,  March}}}  27  th Telegram  to  Secretary  {{{Stanton,  March}}}  28th Telegram  to  Secretary Secretary  {{{Stanton,  March}}}  30th Telegram  to  Secret
     ['writingsofabraha02linco'] | None | Secretary  {{{Stanton,  March}}}  25th  .         .     342
Telegram  to  Secretary  {{{Stanton,  March}}}  26th  . Secretary  {{{Stanton,  March}}}  27th  .         -343
Telegram  to  Secretary  {{{Stanton,  March}}}  28th  .   Secretary  {{{Stanton,  March}}}  30th  .         .     344
Telegram  t
     ['writingsofabrahav7linc'] | None | Telegram  to  Secretary  {{{Stanton,  March}}}  25th Telegram  to  Secretary  {{{Stanton,  March}}}  26th Telegram  to to  Secretary  {{{Stanton,  March}}}  27th Telegram  to  Secretary  {{{Stanton,  March}}}  28th Telegram  to  Secretary Secretary  {{{Stanton,  March}}}  30th Telegram  to  Secretar
     ['writingsofabraha07lincuoft'] | None | Secretary  {{{Stanton,  March}}}  25th  .         .     342
Telegram  to  Secretary  {{{Stanton,  March}}}  26th  . Secretary  {{{Stanton,  March}}}  27th  .         -343
Telegram  to  Secretary  {{{Stanton,  March}}}  28th  .   Secretary  {{{Stanton,  March}}}  30th  •         .344
Telegram  to  Se
ALL | "Secretary of War left" "City Point" March 1865 | total 38
     ['lincolnsgreatest0000trud'] | None | Bll {{{City Point}}}, Virginia, {{{March 1865}}} 66, 67 Petersburg/{{{City Point}}}, Forts and Lines, 1865 99
White Oak Road/Dinwiddie momentous time.
Lincoln traveled to {{{City Point}}}, Virginia, in late {{{March 1865}}} to escape the constant interruptions to {{{City Point}}} 14
Battle of Fort S
     ['warrebellionaco34offigoog'] | None | of  Subsistence  of  Volunteers.
{{{City  Point}}},  Va.,  {{{March  ^,  1865}}}—12  m. M%j.  Qen.  H.  W.  HAL2.BCK ,  MD.,  AND  PA.  (0»kF.  LVm.
{{{City  Point}}},  Va.,  {{{March  ^,  1865}}}. M^jor-General  Hunt,
HeadquarterB Major-OeneraX  and  Chief  of  Staff.
{{{City  Point}}},  Va.,  {{{M
     ['mexicanviewofame0000rome'] | None | cabinet.  Benjamin’s  promotion
90
1861
to  {{{secretary  of  war  left}}}  the  post  of  attorney  general  vacant; Report¬ edly,  General  Butler  has  arrived  at  {{{City  Point}}}  on  his  march  toward Richmond,  without  learning   On 27  October  as  General  Grant  left  {{{City  Point}}}
     ['lincolnmusicofci0000unse'] | None | MUSIC A STORY OFA SONG -
THE SUN BURST FORTH {{{City POINT}}}—-WASHINGTON—SPRINGFIELD
A NOTE ON SOURCES A NOTE the Secretary of War, and the Assistant {{{Secretary of War, left}}} their carriage and joined General McClellan we'll rally once again” upon his return from {{{City Point}}}.#4
Of all the 
     ['lincolnmusicof00bern'] | None | XX.  The  Sun  Burst  Forth   -   277
XXI.  {{{City  Point}}} — Washington — Springfield  291
Epilogue  ------ Secretary  of  War,  and  the  Assistant  {{{Secretary  of  War, left}}}  their  carriage  and  joined  General rally  once  again”  upon  his  return  from  {{{City Point}}}.34
Of  all  th
     ['cu31924079618785'] | None |  General  Carr,
{{{City  Point}}}:
AssTinie  command  of  the  post  and  of  {{{City  Point}}}  included,  within I  was  about  to  move  tlie  cavalry  to  {{{City  Point}}}  to  refit  and  feed  the horses.  It  is  impossible condition.
JNO.  A.  EAWLINS,
Chief  of  Staff.
{{{City  Point}}},  
     ['lincolnmusicofci0000bern'] | None | 243
XX. THESUN BURST FORTH - - - - - = 277
XXI. {{{CITY POINT}}}—WASHINGTON—SPRINGFIELD 291
EPILOGUE - - - - - the Secretary of War, and the Assistant {{{Secretary of War, left}}} their carriage and joined General McClellan we’ll rally once again” upon his return from {{{City Point}}}.*4
Of all the 
     ['warofrebellionco0046dani'] | None | General RAWLINS, Chief of Staff, {{{City Point}}}: I leave for {{{City Point}}} on the train leaving here at 1.10 and at {{{City Point}}} before morning.
O. E. BABCOCK, Tnieutenant-Colonel and Aide-de-Camp.
; {{{City Point}}}, VA General Crook to {{{City Point}}}.
WINF’D S. HANCOCK, Major-General of
# requests 7
