"ordered O'Brien away" | 337
    hOWNyXK-WakC Decisions and Orders of the National Labor Relatio 1979 :: ... <b>O</b>&#39;<b>Brien</b> had grievances concern- ing Captain McConnell&#39;s treatment of <b>O</b>&#39;<b>Brien</b> . Lane told Young that the captain was ... <b>out</b> of the union for good . &
    7688AAAAYAAJ The Complete Works of Captain F. Marryatt 1840 :: ... <b>O</b>&#39;<b>Brien</b> sent a boat to bring the master of her on board . &quot; Well , captain , &quot; said he , &quot; so you met with a squall ... <b>ordered</b> the boats &#39; crews to be 
    5tVqzI43VQ0C Peter Simple ... New Edition 1876 :: ... <b>O</b>&#39;<b>Brien</b> appeared struck with my argument , and it was agreed that if the boats did go <b>away</b> , it should be for a ... <b>ordered</b> the boats &#39; crews to be piped <b>awa
    ZUUmhy749ZQC New York Court of Appeals. Records and Briefs. 1906 :: ... O&#39;Brien pushed the woman away , saying , &quot; You&#39;re the cause of it &quot; ( fol ... <b>ordered O&#39;Brien out</b> . O&#39;Brien didn&#39;t go out and defendant shot at him ( fol ... o
    4UIZAAAAYAAJ Reports of State Trials 1896 :: ... <b>order</b> to fire was given by Mr. Smith <b>O</b>&#39;<b>Brien</b> ; but whether the <b>order</b> to fire was given by him or not is a matter ... <b>away</b> before he came down . After same pa
    2wZCAQAAMAAJ Atlantic Reporter 1900 :: ... <b>O</b>&#39;<b>Brien</b> , went <b>away</b> a few days after , and did not see the confirmation . John M. Creighton , another defendant ... <b>ordered</b> the car of feed with the un- derstanding
    wv8zAQAAMAAJ Reports of Cases Argued and Determined in the Supr 1880 :: ... <b>O</b>&#39;<b>BRIEN</b> AND Lane&#39;s paddock by removing a slip - panel , and is killed at a ... <b>away</b> , and he did not hear Smith going <b>away</b> , and it is quite consistent ... <b>o
    TxpDAQAAMAAJ The Parliamentary Debates 1892 :: ... <b>O</b>&#39;CONNOR : It consists mostly of Irishmen . MR . SEXTON ( Belfast , W ... <b>ordered</b> by the sergeant major to &quot; throw <b>away</b> those tufts of grass , and ... <b>BRIEN</b> : 
    _eAXAQAAIAAJ Adventure 1925 :: ... <b>O</b>&#39;<b>Brien</b> rose to his knees . &quot; There&#39;s no sense in this , &quot; he said . &quot; Let&#39;s go to the half - deck . &quot; Michael at his side murmured- &quot; Son , you 
    mm_7yf3pUAIC The United States Army and Navy Journal and Gazett 1901 :: ... <b>order</b> : Maj . Gen. John R. Brooke , U. S. A. Staff : Brig . Gen. Alfred E ... <b>O</b>&#39;<b>Brien</b> was immediately on Mr. Milburn&#39;s left , Private Fenn- bough was ... <b>away</b> t
"OBrien away from Bermuda" | 4858
    4fPUroTdlD8C Supreme Court Case on Appeal Volume I None :: ... <b>Bermuda</b> ; and Edna <b>O&#39;Brien</b> said , &quot; Bring those in and I will have them transferred while you are <b>away</b> at <b>Bermuda</b> . &quot; Well , she said , &quot; I am going 
    wKfKDAAAQBAJ Heroes of New York Harbor 2016-10-01 :: ... <b>Bermuda</b> , reporters compared notes . One claimed that <b>O&#39;Brien</b> took out clearance papers for Veracruz with a load of ... <b>away</b> thinking he had a deal . The next day at the j
    OyJbAAAAMAAJ Edward J. O'Brien and His Role in the Rise of the  2001 :: ... <b>O&#39;Brien</b> was fond of relating in later life . Whether or not the story had any factual substance is obscure , but he always insisted that it was true . According to him , during a spell 
    BYgJAAAAIAAJ The Victorian Half Century 1887 :: ... <b>O&#39;Brien</b> creeping <b>away</b> on all fours through the cabbage garden . After wandering about the country for some days he was arrested , and brought to trial for high treason with his c
    AEU4AQAAMAAJ History of North Carolina: North Carolina biograph 1919 :: ... <b>O&#39;Brien</b> made good yields with very much less fertilizer than is the average in this section . With the exception of one year , when Mr. <b>O&#39;Brien</b> ... <b>Bermuda</b> and native 
    cdhkAAAAMAAJ The Bermudian 1960 :: ... <b>Bermuda</b> Sailboat Club&#39;s summer sailing class . Michael Hayward ... <b>away</b> from the boat either through its fantastic dead weight or through panic ... <b>O&#39;Brien</b> 7-5 , 6-1 i
    peBBAQAAMAAJ Chambers's Journal 1917 :: ... <b>Bermuda</b> , in the lofty way which it is the privilege of principal medical ... <b>O&#39;Brien</b> , &#39; Biscom said sternly . <b>O&#39;Brien</b> tore the mask off his face ... <b>away</b> 
    xOIKAAAAIAAJ Anti-slavery Monthly Reporter 1831 :: Zachary Macauley. chain had been put upon him by Mrs. <b>O&#39;Brien</b> , to prevent his running <b>away</b> during the night . During the day , he worked in the custody of another slave who kept wat
    2tUXAQAAIAAJ Chambers's Journal of Popular Literature, Science  1916 :: ... <b>Bermuda</b> , in the lofty way which it is the privilege of principal medical ... <b>O&#39;Brien</b> , &#39; Biscom said sternly . <b>O&#39;Brien</b> tore the mask off his face ... <b>away</b> 
    TGDgAAAAMAAJ Time 1956 :: ... <b>Bermuda&#39;s</b> St. David&#39;s Head at 9:10 a.m. one day last week . Ob- servers were ... <b>away from Bermuda</b> . &quot; All around Finisterre , the same thing was happening ... <b>O&#39;
"Caldwell will attend to all cipher" | 261
    qG3jENGSXdcC Hearings on United States Military Academy Honor C 1977 :: ... <b>all</b> had trouble with the Thermo - Dynamics course . CPT Jones &#39; also stated that he <b>would</b> personally consider ... <b>Caldwell</b> and himself . It was described as an honor case 
    -dhHAAAAIAAJ Caldwell's Practical Arithmetic ... 1883 :: ... <b>cipher</b> annexed you <b>will</b> have a decimal figure in the quotient . 1. Divide 11.97 by 5.7 . Ans . 2.1 . The dividend has two deci- 5.70 11.97 ( 2.1 Ans . mals , the divisor must have 11
    xQVf9FBnxdQC Boys' Life 1933-05 :: ... <b>go</b> down to breakfast. The weather copied and delivered to the bridge, Harry went about his day&#39;s work, and saw very little of Ericson until after supper. At 9:30 that evening, when he k
    rSYbAAAAYAAJ The Code of Civil Procedure of the State of South  1888 :: 
    tp84AAAAIAAJ Select Cases on Code Pleading 1895 :: ... <b>is</b> that the libelous articles published related to him- self , while on ... <b>All</b> the judges concurred . Judgment affirmed . <b>CALDWELL</b> v . RAYMOND . N. Y. ... <b>CODE</b> PLEADIN
    2kYhAQAAIAAJ Catalog of Copyright Entries. Third Series 1952 :: ... <b>CALDWELL</b> , CHARLES W. , Jr. Modern single wing football . [ 1st ed . ] Philadelphia , Lippincott . 283 p . Charles W ... <b>all</b> subsequent legislative enactments to and including the fi
    IdWcor7dMEoC Trial of Oscar T. Caldwell, Late a Conductor on th 1855 :: ... <b>all</b> fallible ; however much you are oppressed by the protracted length of this trial , I beg you <b>will</b> consider the ... <b>cipher</b> out the guilt of <b>Caldwell</b> , and so they or
    QXhCAQAAMAAJ The Annotations to All Sections of the Complete Ge 1922 :: ... <b>will</b> as good reason and moral condition of mind <b>would</b> require ; that <b>is</b> a question for the jury : Moore v . <b>Caldwell</b> ... <b>all</b> the facts and circum- stances develo
    uxzKeBiRUs4C Reports of Cases Argued and Determined in the Supr 1928 :: ... <b>is</b> dissolved by a judge , it <b>can</b> only be reinstated by the judge be- fore ... <b>Caldwell</b> v . <b>Caldwell</b> , 166 Ala . 406 , 52 So. 323 , 139 Am . St. Rep . 48 ... <b>all</b> 
    dzgyAQAAMAAJ Reports of Cases Argued and Determined in the Supr 1921 :: ... <b>will</b> itself and the circumstances <b>attending</b> its execution , showing an ... <b>all</b> her personal property to a named brother who died before her , and there ... <b>Caldwell</b> and
"dragged up by anchors" cable 1864 | 330
    3Sw1AAAAIAAJ A Digest of Maritime Law Cases, from 1837 to 1860 1865 :: ... <b>1864</b> , Jan. 18 ; 2 Mar. Law Cas . 6. ) 2. Damage to submarine telegraph . - Liability of owners of foreign ship for damage done to a sub- marine telegraph <b>cable</b> by negligence , throu
    UwM5AQAAMAAJ The Jurist .. 1865 :: ... <b>cable</b> was at proceeded on her voyage , and so <b>dragged</b> her <b>anchor</b>. 27 said , took so little and such bad care of their ... <b>up</b> her <b>anchor</b> and proceed on her voyage
    Vu5NAQAAIAAJ Reports of Cases Argued and Determined in the Engl 1880 :: ... <b>up</b> her <b>anchor</b> and proceed on her voyage ; that , without any default of the ... <b>cable</b> , and that , on getting <b>up</b> the said <b>anchor</b> , and in order to save the same 
    qHuQcI0SrrIC Practical Shipbuilding 1918 :: ... <b>cable</b> . And the rules of the Bureau Veritas also specify a smaller proof stress . At one time it was common , when launching a ship , to make use of her <b>cables</b> to bring her <b>up</b>
    pBNHAQAAMAAJ The Law Times Reports of Cases Decided in the Hous 1874 :: ... <b>up</b> and <b>anchor</b> . 7. The said <b>anchor</b> was a mooring - <b>anchor</b> , with one fluke ... <b>anchors</b> , including the mooring <b>anchor</b> in question , in order to ascertain 
    MoHjAAAAMAAJ David Livingstone's Shire Journal, 1861-1864 1992 :: ... <b>up</b> + down relieved him considerably , the effect of rousers . Hardisty ... <b>dragging</b> sensation in the liver . 26th May 1862. Met José St. Anna127 at ... <b>cable</b> broke at last lin
    i6gDAAAAQAAJ The Law Times Reports 1874 :: ... <b>up</b> and <b>anchor</b> . 7. The said <b>anchor</b> was a mooring - <b>anchor</b> , with one fluke ... <b>anchors</b> , including the mooring <b>anchor</b> in question , in order to ascertain 
    hYADAAAAQAAJ Reports of the Cases Relating to Maritime Law 1868 :: ... <b>cable</b> - Negligence . In an action for damage done through negligence to the telegraphic <b>cable</b> of the plts . by reason of its being <b>dragged</b> ... <b>up</b> again , and that the <
    2QSxkxE2fNkC Annual Report of the Quartermaster-General to the  1880 :: ... <b>cable</b> proved too frail for the strong currents and quicksands of these island passes . In &quot; dead &quot; water , across ... <b>up</b> Mobile bay in telegraphic commu- nication , but the
    6CwlAQAAMAAJ Telegraph Cases Decided in the Courts of America,  1873 :: ... <b>anchor</b> , after it had been cast as aforesaid , in consequence of the effect of the winds and waves upon the said vessel , <b>dragged</b> and became entangled with the said part of the teleg
"string wire across" Yorktown | 67
    k96hzmOJX6sC Field Armies and Fortifications in the Civil War 2006-03-08 :: ... <b>wires</b> leading from the friction primer of the shell to the superincumbent articles were so arranged that the ... <b>Yorktown</b> , where a coffeepot under a table in one corner of a room wa
    JJFWUTt0Uo0C The "Poor Potter" of Yorktown 1985 :: ... <b>Yorktown</b> wares were formed or thrown on the potters wheel except stove tiles ... <b>wire</b> pulled <b>across</b> the base . There is no evidence for the use of a twisted ... <b>string</b> 
    AeMxAQAAMAAJ Western Electrician 1901 :: ... <b>across</b> the country from Gallipolis to Portsmouth . О. М. С. Novel Farmers &#39; Telephone System in Canada . Writing ... <b>Yorktown</b> a telephone line upon what was then an entirely new 
    8pFCU0ktn6gC The United States Army and Navy Journal and Gazett 1907 :: ... <b>across</b> the water . Several teams can fire on each range at the same time ... <b>string</b> of 48 , 49 and 50 is quite frequent . The new club house of the Ohio ... <b>Yorktown</b> ; Mid . J
    39sRSZs9wWkC Eye of the Storm 2002-05-07 :: ... <b>wire</b> with a small piece of white cotton rag attached showed where some were taken out and where others were yet planted . <b>Yorktown</b> ... <b>across</b> the plateau all day into the town
    SWU-AQAAMAAJ Outing and the Wheelman 1896 :: ... <b>YORKTOWN</b> D.3 THE DEFENDER AND VALKYRIE BEFORE , AT , AND AFTER THE FOUL . great <b>wire rope</b> bent like a bow - <b>string</b> ... <b>across</b> the line at the signal , but immedi- ately
    55iN4O4I9RUC Forest and Stream 1897 :: ... <b>wire</b> . There has been no shooting allowed since 1894 , and as a result the ... <b>string</b> of birds , not- withstanding many villainous misses . After a couple ... <b>Yorktown</b> . While
    3zV6rwZP2j0C Home and Field 1931 :: ... <b>string</b> taut . To this <b>string</b> he leveled the court so that it gradually sloped <b>across</b> ... <b>wire</b> . If pos- sible the pipe should be tarred and sunk in concrete . The ... <
    bmDzdS4mfJ8C Congressional Record 1959 :: ... <b>Yorktown</b> , Va . , where American patriots finally won their long and hard struggle for independence . And within it ... <b>across</b> the northern plains and the Rockies , a region beuatifu
    vpJVAAAAYAAJ Western Electrician 1901 :: ... <b>across</b> the country from Gallipolis to Portsmouth . O. M. C. Novel Farmers ... <b>Yorktown</b> a telephone line upon what was then an entirely new system , into ... <b>wire</b> , No. 12 , B.
Telegrapher 1865 O'Brien Bermuda Eckert | 1
    BHY2AQAAMAAJ Telegraph and Telephone Age 1910 :: ... <b>O&#39;Brien</b> having been ordered to North Carolina . I found a line here about a dozen miles long , extending from <b>Bermuda</b> Hun- dred on the James River on the left , to Kautz&#39;s ca
requests 6
