==================== warofrebellion363unit May (2[6-9]|3[01]), 1864 2589889
--- p~211 off 548063 kw telegraph
--- p~212 off 548568 kw telegraph
--- p~212 off 549126 kw telegraph
--- p~212 off 549580 kw cable,telegraph
--- p~212 off 549876 kw cable,telegraph
--- p~212 off 550106 kw cable,telegraph
--- p~212 off 551024 kw cable
--- p~212 off 551808 kw cable
--- p~212 off 552215 kw cable
--- p~212 off 552637 kw cable
--- p~216 off 563693 kw firing
--- p~218 off 564335 kw firing
--- p~218 off 564716 kw firing
--- p~218 off 564913 kw firing
--- p~221 off 572356 kw cable
--- p~221 off 572826 kw cable
--- p~221 off 573508 kw cable
--- p~227 off 587450 kw cable
--- p~228 off 588293 kw cable
--- p~230 off 594853 kw cable
--- p~230 off 595367 kw cable
--- p~234 off 604112 kw telegraph
--- p~234 off 605264 kw telegraph
--- p~234 off 605854 kw telegraph
--- p~235 off 606309 kw telegraph
--- p~235 off 607203 kw telegraph
--- p~237 off 614442 kw telegraph,wire
--- p~238 off 615297 kw telegraph,wire
--- p~238 off 615603 kw telegraph,wire
--- p~238 off 615886 kw telegraph,wire
--- p~240 off 620863 kw cable
--- p~240 off 621456 kw cable
--- p~240 off 622111 kw cable
--- p~245 off 633674 kw telegraph
--- p~245 off 634048 kw telegraph
--- p~245 off 634659 kw telegraph
--- p~247 off 641134 kw telegraph,wire
--- p~247 off 641347 kw telegraph,wire
--- p~247 off 641857 kw telegraph,wire
--- p~247 off 642205 kw wire
--- p~247 off 642541 kw wire
--- p~248 off 642850 kw wire
--- p~253 off 655080 kw cable
--- p~257 off 665146 kw cable
--- p~257 off 665461 kw cable,telegraph
--- p~257 off 666273 kw telegraph
--- p~259 off 671212 kw telegraph
--- p~259 off 671505 kw telegraph
--- p~259 off 673298 kw telegraph
--- p~259 off 673691 kw telegraph
--- p~259 off 674016 kw telegraph
--- p~259 off 674444 kw telegraph,yorktown
--- p~261 off 675283 kw yorktown
--- p~261 off 676599 kw o’brien,williamsburg
--- p~261 off 677405 kw eckert,operator,o’brien,sheldon,williamsburg
--- p~262 off 678060 kw cable,eckert,gloucester,mattapon,operator,o’brien,sheldon,telegraph,williamsburg,wire
--- p~262 off 679181 kw cable,gloucester,mattapon,operator,sheldon,telegraph,wire
--- p~262 off 679697 kw cable,wire
--- p~264 off 683452 kw cable
--- p~265 off 686154 kw yorktown
--- p~265 off 686480 kw yorktown
--- p~266 off 687909 kw williamsburg,yorktown
--- p~266 off 688126 kw williamsburg,yorktown
--- p~266 off 688421 kw williamsburg,yorktown
--- p~266 off 688626 kw williamsburg,yorktown
--- p~266 off 688992 kw williamsburg,yorktown
--- p~268 off 692821 kw cable
--- p~268 off 694108 kw cable
--- p~269 off 695540 kw cable
--- p~269 off 695891 kw cable
--- p~269 off 696489 kw cable
--- p~272 off 702468 kw telegraph
--- p~272 off 703282 kw telegraph
--- p~274 off 709534 kw cable
--- p~274 off 710259 kw cable
--- p~279 off 723264 kw telegraph
--- p~279 off 723972 kw telegraph,yorktown
--- p~280 off 725901 kw telegraph,williamsburg
--- p~280 off 726166 kw mattapon,telegraph,williamsburg,yorktown
--- p~280 off 726504 kw mattapon,sheldon,telegraph,williamsburg,yorktown
--- p~280 off 726794 kw cable,eckert,gloucester,mattapon,sheldon,telegraph,williamsburg,yorktown
--- p~281 off 727046 kw cable,eckert,gloucester,mattapon,sheldon,telegraph,williamsburg,yorktown
--- p~281 off 727221 kw cable,eckert,gloucester,mattapon,sheldon,telegraph,williamsburg,yorktown
--- p~281 off 727493 kw cable,eckert,gloucester,mattapon,sheldon,telegraph,williamsburg,yorktown
--- p~281 off 728133 kw cable,eckert,gloucester,sheldon,telegraph,williamsburg,yorktown
--- p~281 off 728398 kw cable,eckert,gloucester,sheldon,telegraph,williamsburg,yorktown
--- p~288 off 731753 kw wire
--- p~288 off 732685 kw wire
--- p~288 off 733266 kw wire
--- p~284 off 735433 kw telegraph
--- p~285 off 735888 kw telegraph
--- p~285 off 736695 kw telegraph
--- p~285 off 737374 kw telegraph
--- p~285 off 741753 kw yorktown
--- p~? off 742017 kw yorktown
--- p~? off 742381 kw yorktown
--- p~? off 742732 kw yorktown
--- p~288 off 744632 kw telegraph
--- p~288 off 744798 kw telegraph
--- p~289 off 747284 kw firing
--- p~289 off 747502 kw firing
--- p~290 off 748428 kw firing
--- p~? off 761354 kw telegraph,wire
--- p~? off 762568 kw telegraph,wire
--- p~297 off 770513 kw cable
--- p~297 off 771023 kw cable
--- p~297 off 771637 kw cable
--- p~300 off 777568 kw cable
--- p~302 off 783308 kw telegraph
--- p~302 off 784163 kw telegraph
--- p~302 off 784700 kw telegraph
--- p~308 off 798664 kw cable
--- p~312 off 811878 kw telegraph
--- p~312 off 812469 kw telegraph
--- p~312 off 812823 kw telegraph
--- p~312 off 813269 kw operator,telegraph
--- p~314 off 814357 kw operator,telegraph
--- p~314 off 814966 kw operator,telegraph
--- p~315 off 816962 kw williamsburg
--- p~317 off 822156 kw operator
--- p~317 off 822765 kw operator
--- p~317 off 823398 kw operator
--- p~319 off 828417 kw jamestown,telegraph
--- p~319 off 828697 kw jamestown,telegraph
--- p~320 off 829316 kw telegraph
--- p~320 off 830727 kw eckert,yorktown
--- p~320 off 830822 kw eckert,yorktown
--- p~320 off 830980 kw eckert,yorktown
--- p~321 off 831230 kw eckert,yorktown
--- p~321 off 831547 kw eckert,yorktown
--- p~321 off 832412 kw eckert,gloucester,wire,yorktown
--- p~321 off 833491 kw cable,collins,eckert,gloucester,homan,jamestown,operator,sheldon,yorktown
--- p~822 off 834340 kw cable,collins,eckert,gloucester,homan,jamestown,operator,sheldon,yorktown
--- p~323 off 837851 kw firing
--- p~324 off 839227 kw firing
--- p~324 off 841667 kw cable,telegraph
--- p~324 off 842490 kw cable,firing,telegraph
--- p~324 off 843183 kw firing
--- p~324 off 843594 kw firing
--- p~324 off 844180 kw firing
--- p~326 off 844582 kw firing
--- p~326 off 846184 kw firing
--- p~327 off 847312 kw firing
--- p~327 off 848568 kw telegraph
--- p~327 off 849541 kw telegraph
--- p~328 off 851931 kw firing
--- p~329 off 852451 kw firing
--- p~329 off 853155 kw firing
--- p~329 off 853369 kw firing
--- p~330 off 858902 kw firing
--- p~330 off 859337 kw firing
--- p~335 off 868280 kw cable
--- p~337 off 874698 kw firing
--- p~337 off 875077 kw firing
--- p~338 off 877423 kw firing
--- p~338 off 878483 kw firing
--- p~338 off 880393 kw firing
--- p~338 off 880796 kw firing
--- p~340 off 881468 kw firing
--- p~341 off 883746 kw telegraph
--- p~341 off 884649 kw telegraph
--- p~341 off 884950 kw telegraph
--- p~342 off 888322 kw firing
--- p~343 off 888795 kw firing
--- p~343 off 889546 kw cable,firing
--- p~343 off 889804 kw cable,firing
--- p~343 off 890478 kw cable
--- p~349 off 902704 kw firing
--- p~349 off 903263 kw firing
--- p~349 off 903573 kw firing
--- p~349 off 903873 kw firing
--- p~353 off 911890 kw cable
--- p~353 off 913214 kw cable
--- p~353 off 913968 kw cable
--- p~354 off 915090 kw cable
--- p~356 off 921532 kw telegraph
--- p~357 off 922285 kw telegraph
--- p~358 off 924818 kw telegraph
--- p~358 off 925386 kw cable,telegraph
--- p~358 off 925756 kw cable,telegraph
--- p~359 off 926101 kw cable,telegraph
--- p~359 off 926343 kw cable,telegraph
--- p~359 off 926700 kw cable
--- p~359 off 927243 kw telegraph
--- p~359 off 927720 kw telegraph
--- p~360 off 929939 kw operator,telegraph
--- p~360 off 930594 kw operator,telegraph
--- p~360 off 931104 kw operator,telegraph
--- p~360 off 931839 kw firing
--- p~362 off 933075 kw firing
--- p~364 off 939808 kw telegraph
--- p~364 off 940591 kw telegraph
--- p~364 off 941522 kw mattapon,telegraph
--- p~364 off 942618 kw mattapon
--- p~367 off 949516 kw cable
--- p~367 off 949865 kw cable
--- p~367 off 950586 kw cable
--- p~368 off 951831 kw cable
--- p~375 off 973481 kw telegraph
--- p~375 off 974187 kw telegraph
--- p~375 off 975235 kw cable
--- p~376 off 976073 kw cable
--- p~376 off 976447 kw cable
--- p~376 off 977510 kw cable
--- p~377 off 981280 kw firing
--- p~377 off 981633 kw firing
--- p~378 off 982375 kw firing
--- p~378 off 982619 kw firing
--- p~381 off 989240 kw cable
--- p~381 off 990230 kw cable
--- p~381 off 990521 kw cable
--- p~381 off 991119 kw firing
--- p~382 off 991806 kw firing
--- p~386 off 1002303 kw firing
--- p~386 off 1002886 kw firing
--- p~388 off 1007719 kw firing
--- p~388 off 1008376 kw cable,firing
--- p~389 off 1008724 kw cable,firing
--- p~389 off 1009259 kw cable,firing
--- p~389 off 1009578 kw cable
--- p~390 off 1011560 kw cable
--- p~390 off 1011958 kw cable
--- p~390 off 1012359 kw cable
--- p~392 off 1016811 kw firing
--- p~392 off 1017494 kw firing
--- p~392 off 1017699 kw firing
--- p~393 off 1018277 kw firing
--- p~393 off 1018596 kw firing
--- p~393 off 1018899 kw cable,firing
--- p~393 off 1019150 kw cable
--- p~393 off 1019798 kw cable
--- p~394 off 1020456 kw cable
--- p~399 off 1033071 kw cable
--- p~400 off 1034065 kw cable
--- p~400 off 1034256 kw cable
--- p~400 off 1035429 kw cable
--- p~400 off 1035845 kw cable
--- p~400 off 1036286 kw cable
--- p~404 off 1044618 kw firing
--- p~404 off 1044831 kw firing
--- p~404 off 1045896 kw cannonad,firing
--- p~405 off 1046237 kw cannonad,firing
--- p~405 off 1046456 kw cannonad
--- p~407 off 1053199 kw telegraph
--- p~408 off 1053661 kw cannonad,telegraph
--- p~408 off 1054743 kw cannonad
--- p~408 off 1055215 kw cannonad
--- p~408 off 1055553 kw cannonad
--- p~414 off 1072932 kw cable,operator,telegraph
--- p~414 off 1073816 kw operator,telegraph
--- p~415 off 1074563 kw firing
--- p~415 off 1076062 kw firing,yorktown
--- p~416 off 1077355 kw operator,yorktown
--- p~416 off 1078099 kw gloucester,yorktown
--- p~416 off 1078862 kw gloucester,sheldon,yorktown
--- p~417 off 1079184 kw gloucester,sheldon,yorktown
--- p~417 off 1079627 kw gloucester,sheldon,yorktown
--- p~422 off 1091528 kw firing
--- p~422 off 1091855 kw firing
--- p~422 off 1092147 kw firing
--- p~422 off 1092451 kw firing
--- p~422 off 1092717 kw firing
--- p~423 off 1092938 kw firing
--- p~423 off 1093134 kw firing
--- p~423 off 1093216 kw firing
--- p~423 off 1093488 kw cannonad
--- p~423 off 1094308 kw cannonad,eckert,gloucester,homan,sheldon
--- p~424 off 1094731 kw cannonad,eckert,gloucester,homan,sheldon
--- p~424 off 1094997 kw cannonad,eckert,gloucester,homan,sheldon
--- p~424 off 1095561 kw eckert,gloucester,homan,sheldon
--- p~836 off 2193572 kw telegraph
--- p~836 off 2193993 kw telegraph
--- p~836 off 2194642 kw telegraph
--- p~839 off 2201028 kw telegraph
--- p~839 off 2201426 kw telegraph
--- p~840 off 2203588 kw cable
--- p~840 off 2204644 kw cable
--- p~844 off 2218219 kw telegraph
--- p~844 off 2218909 kw telegraph
--- p~846 off 2222120 kw cable
--- p~846 off 2222621 kw cable
--- p~846 off 2223576 kw cable
--- p~848 off 2227445 kw telegraph
--- p~848 off 2227968 kw telegraph
--- p~848 off 2228337 kw telegraph
--- p~850 off 2235315 kw cable
--- p~850 off 2236583 kw cable
--- p~854 off 2247265 kw firing
--- p~855 off 2247932 kw firing
--- p~855 off 2248192 kw firing
windows with keywords: 290
==================== warofrebellion363unit May 20, 1864 2589889
--- p~432 off 9934 kw quartermaster
--- p~432 off 10800 kw forage,quartermaster
--- p~432 off 11292 kw forage,quartermaster
--- p~432 off 11604 kw forage,quartermaster
--- p~10 off 21063 kw quartermaster
--- p~11 off 24824 kw forage
--- p~11 off 25268 kw forage
--- p~11 off 25347 kw forage
--- p~11 off 25590 kw forage
--- p~12 off 26196 kw forage
--- p~20 off 47440 kw sheridan
--- p~20 off 48076 kw sheridan
--- p~22 off 49901 kw sheridan
--- p~23 off 54773 kw meigs,quartermaster
--- p~23 off 55368 kw meigs,quartermaster
--- p~23 off 55847 kw meigs,quartermaster
--- p~23 off 56473 kw meigs,quartermaster
--- p~28 off 68021 kw meigs,quartermaster,sheridan
--- p~28 off 68543 kw meigs,quartermaster,sheridan
--- p~29 off 69161 kw forage,meigs,quartermaster,sheridan
--- p~29 off 69683 kw forage,meigs,quartermaster,sheridan
--- p~29 off 70019 kw forage,quartermaster,sheridan
--- p~29 off 70386 kw biggs,forage,quartermaster,sheridan
--- p~29 off 70687 kw biggs,forage,quartermaster,sheridan
--- p~29 off 71907 kw biggs,forage,quartermaster,sheridan
--- p~29 off 72752 kw biggs,forage,quartermaster
--- p~41 off 105818 kw quartermaster
--- p~? off 106118 kw quartermaster
--- p~? off 106521 kw quartermaster
--- p~43 off 106885 kw quartermaster
--- p~43 off 107366 kw quartermaster
--- p~43 off 107836 kw meigs
windows with keywords: 32
==================== warofrebellion33unit April (2[4-9]|30), 1864 4558224
--- p~307 off 1072045 kw clark,regime
--- p~307 off 1072787 kw clark,regime
--- p~? off 1073572 kw regime
--- p~? off 1092764 kw regime
--- p~? off 1093887 kw regime
--- p~? off 2827314 kw regime,telegraph
--- p~961 off 2925755 kw newspaper
--- p~961 off 2926382 kw regime
--- p~961 off 2927110 kw regime
--- p~961 off 2928192 kw regime
--- p~961 off 2929470 kw regime
--- p~? off 2930456 kw regime
--- p~? off 2932569 kw regime,telegraph
--- p~? off 2933415 kw regime,telegraph
--- p~? off 2933892 kw regime
--- p~965 off 2935294 kw telegraph
--- p~965 off 2936608 kw telegraph
--- p~965 off 2940513 kw regime,telegraph
--- p~967 off 2941592 kw telegraph
--- p~967 off 2942165 kw telegraph
--- p~967 off 2943727 kw regime
--- p~? off 2953371 kw regime
--- p~? off 2955421 kw clark
--- p~? off 2955760 kw clark
--- p~? off 2956243 kw clark
--- p~973 off 2962350 kw telegraph
--- p~973 off 2963716 kw telegraph
--- p~975 off 2965955 kw operator,telegraph
--- p~975 off 2966420 kw operator,telegraph
--- p~975 off 2969224 kw clark
--- p~975 off 2969485 kw clark
--- p~975 off 2969838 kw clark
--- p~975 off 2970178 kw clark
--- p~975 off 2970345 kw clark
--- p~975 off 2970572 kw clark
--- p~? off 2971561 kw regime
--- p~? off 2973101 kw regime
--- p~? off 2974880 kw regime
--- p~979 off 2976158 kw regime
--- p~979 off 2976685 kw regime
--- p~? off 2984236 kw telegraph
--- p~? off 2984479 kw telegraph
--- p~? off 2985087 kw telegraph
--- p~? off 2985700 kw regime
--- p~? off 2986267 kw regime
--- p~983 off 2988161 kw clark
--- p~983 off 2988730 kw clark
--- p~983 off 2988985 kw clark
--- p~983 off 2989829 kw telegraph
--- p~983 off 2990173 kw regime,telegraph
--- p~983 off 2990491 kw regime,telegraph
--- p~985 off 2991038 kw regime,telegraph
--- p~985 off 2991461 kw regime
--- p~985 off 2991673 kw regime
--- p~985 off 2992044 kw regime
--- p~985 off 2992599 kw regime
--- p~985 off 2992942 kw regime
--- p~985 off 2994929 kw regime
--- p~987 off 2996935 kw clark,regime
--- p~987 off 2998318 kw clark,regime
--- p~989 off 3005706 kw telegraph
--- p~989 off 3006286 kw telegraph
--- p~? off 3010176 kw telegraph
--- p~? off 3010649 kw telegraph
--- p~? off 3011826 kw regime
--- p~? off 3012517 kw regime
--- p~993 off 3012995 kw regime
--- p~993 off 3013272 kw clark,regime
--- p~993 off 3014150 kw clark,regime,telegraph
--- p~993 off 3014884 kw clark,regime,telegraph
--- p~993 off 3015336 kw regime,telegraph
--- p~993 off 3015591 kw regime,telegraph
--- p~993 off 3015961 kw regime
--- p~993 off 3016259 kw regime
--- p~993 off 3016967 kw regime
--- p~? off 3026622 kw regime
--- p~999 off 3032173 kw regime
--- p~999 off 3032710 kw regime
--- p~? off 3039157 kw telegraph
--- p~1003 off 3040335 kw clark,telegraph
--- p~1003 off 3040971 kw clark
--- p~1003 off 3041721 kw clark
--- p~1003 off 3041969 kw clark
--- p~1003 off 3042441 kw clark
--- p~1005 off 3046439 kw telegraph
--- p~1005 off 3047830 kw telegraph
--- p~1007 off 3049527 kw regime
--- p~1007 off 3050086 kw regime
--- p~1007 off 3051296 kw regime
--- p~1007 off 3051602 kw regime
--- p~1007 off 3054262 kw clark,telegraph
--- p~1009 off 3054597 kw clark,telegraph
--- p~1009 off 3054922 kw clark,telegraph
--- p~1009 off 3055211 kw clark,telegraph
--- p~1009 off 3056354 kw clark
--- p~1009 off 3058339 kw regime
--- p~? off 3064956 kw regime
--- p~1013 off 3067041 kw telegraph
--- p~1013 off 3067857 kw telegraph
--- p~1013 off 3068195 kw regime,telegraph
--- p~1013 off 3068268 kw regime,telegraph
--- p~1013 off 3068775 kw regime
--- p~1013 off 3069418 kw regime
--- p~1013 off 3070910 kw clark,regime
--- p~1013 off 3071151 kw clark,regime
--- p~1015 off 3074202 kw regime
--- p~? off 3084710 kw telegraph
--- p~? off 3085277 kw telegraph
--- p~? off 3086753 kw regime
--- p~? off 3087443 kw regime
--- p~1021 off 3089351 kw regime
--- p~1021 off 3092741 kw telegraph
--- p~1021 off 3093648 kw regime,telegraph
--- p~1021 off 3094296 kw regime
--- p~? off 3124524 kw regime
--- p~? off 3125016 kw regime
--- p~? off 3125463 kw regime
--- p~? off 3802803 kw regime
--- p~? off 3985712 kw regime
--- p~? off 3986072 kw regime
--- p~? off 3987299 kw edgar
--- p~1311 off 3992954 kw regime,telegraph
--- p~1311 off 3994071 kw regime
--- p~? off 3999292 kw regime,telegraph
--- p~? off 3999512 kw regime,telegraph
--- p~? off 4000892 kw telegraph
--- p~? off 4001546 kw telegraph
--- p~? off 4008430 kw regime
--- p~? off 4015956 kw regime
--- p~? off 4016481 kw regime
--- p~? off 4016887 kw regime
--- p~? off 4019325 kw regime
--- p~? off 4023142 kw regime,telegraph
--- p~? off 4023306 kw regime,telegraph
--- p~? off 4023901 kw telegraph
--- p~? off 4024229 kw telegraph
--- p~? off 4028546 kw regime
--- p~? off 4029364 kw regime
--- p~? off 4032340 kw regime
--- p~? off 4033407 kw regime
--- p~? off 4034903 kw regime
--- p~? off 4040672 kw telegraph
--- p~? off 4042793 kw telegraph
--- p~? off 4043728 kw telegraph
--- p~1331 off 4049590 kw newspaper
--- p~? off 4056687 kw regime
--- p~? off 4258478 kw regime
--- p~? off 4352785 kw regime
--- p~? off 4369665 kw regime
--- p~? off 4551850 kw regime
windows with keywords: 150
==================== officialrecordso0010unse May (29|30|31), 1864 2786952
--- p~52 off 332133 kw heard
--- p~106 off 365530 kw bermuda
--- p~669 off 2128127 kw grant
--- p~669 off 2128947 kw grant
--- p~670 off 2131362 kw bermuda
--- p~672 off 2136404 kw heard
windows with keywords: 6
==================== officialrecordso0009unse April (2[4-9]|30), 1864 2914032
--- p~697 off 2275743 kw telegraph
--- p~697 off 2276275 kw telegraph
--- p~698 off 2276660 kw telegraph
--- p~705 off 2300191 kw telegraph
--- p~706 off 2301111 kw telegraph
--- p~706 off 2301474 kw telegraph
--- p~710 off 2311915 kw telegraph
--- p~711 off 2315334 kw clark
--- p~713 off 2320963 kw telegraph
--- p~808 off 2647712 kw telegraph
--- p~809 off 2651299 kw clark
windows with keywords: 11
