== Sheldon | papersofulyssess0010gran | 1
    Secretary-Treasurer DIRECTORS William K. Alderfer E. B. Long {{{Sheldon}}} S. Cohen Ralph E. McCoy Charles G. Ellington Ralph
    communication of Sep’t 12. 1863, from Col. L. A {{{Sheldon}}} commd’g 42d Reg’t Ohio Volunteers, and by you forwarded
    H. (N.Y. Vols.), 438n Shelbyville, Tenn., 106n {{{Sheldon}}}, Lionel A. (Ohio Vols.), 543 Shenandoah River (Va
== "O'Brien" | papersofulyssess0010gran | 0
== "dispatch of 27th" | papersofulyssess0010gran | 0
== Mattapony telegraph | papersofulyssess0010gran | 1
    South-western {{{Telegraph}}} Co. in Louisville. Appointed asst. superintendent of the military {{{telegraph}}}, he was
    25, USG telegraphed to “{{{Telegraph}}} Operator Washington D.C” “Is the {{{telegraph}}} line working to Nashville”
    delay my movement I will {{{telegraph}}} you. Acknowledge the receipt of this by {{{telegraph}}}. Everything possible
    47'7n Matagorda Bay, Tex., 306, 540 {{{Mattapony}}} Church, Va., 413n {{{Mattapony}}} River (Va.), 478n, 503n Matthies
     11:00 a.M., Foster telegraphed to USG. “The {{{telegraph}}} having reported that Gov Bramblette of Kentucky
== firing | papersofulyssess0010gran | 1
    found all well—Will write you fully by mail. No {{{firing}}} on boats of late. Water very low for the season
    below Plymouth and has possession of the river. {{{Firing}}} was heard at New Berne in the direction of Washington
    Wadsworth, and now moves at once toward Hancock’s {{{firing}}}, with Potter’s division deployed, supported by
    by a brigade. I should think Hancock’s {{{firing}}} a mile away.” Ibid., p. 460. At 11:45 a.M., Brig. Gen. John
    rather smartly engaged for fifteen minutes and the {{{firing}}} has now stopped. He must be near Hancock, as General
== "New Regime" | sim_virginia-magazine-of-history-and-biography_fall-2014_122_supplement | 1
    reading General Butler’s official organ, the {{{New Regime}}}, and sent a copy to the editor of the 7imes.
    follow-up letter and the enclosed clipping from the {{{New Regime}}}. Why the president failed to intervene on Armstrong’s
    Individual Citizens, RG 109, M 345, roll 293, NARA; {{{New Regime}}}, 6 Mar. 1864. 16. JHDW to CTQ, 8 Jan. 1895, in
    Private and Official Correspondence, 4:55). The {{{New Regime}}}, 29 Mar. 1864, and Old Dominion, 30 Mar. 1864
    (cited hereafter as Armstrong Online Letters); {{{New Regime}}}, 12 and 29 Mar. 1864, and 26 Apr. 1864; Richmond
== Edgar | sim_virginia-magazine-of-history-and-biography_fall-2014_122_supplement | 1
    Armstrong protested vehemently. Captain George P. {{{Edgar}}}, an aide-de-camp to provost marshal Charles M. Whelden
    latter. After completing the interrogation, Captain {{{Edgar}}} allowed the minister to return home. Two days later
    “more heinous” than the average disloyal citizen. {{{Edgar}}} hoped that Armstrong would “find the benefit of
    the clergyman’s initial questioning by Captain {{{Edgar}}} appeared in the New York Times, which con- tained
    he had given during his questioning by Captain {{{Edgar}}}. She explained that his continued residence in the
== Edgar | letterofgovernor00pier | 1
    of  the  association.  On  the  22d,  Captain  {{{Edgar}}}  called  on the  secretary  of  the  association
    for- ward and  follow  the  dictates  of  Captain  {{{Edgar}}},  in  whom they  have  no  confidence,  they  are
== "New Regime" | letterofgovernor00pier | 1
    under  the  auspices  of  General  Butler.  {{{New  Regime}}} means  new  government,  or  order  of  things
      corner  of  Commerce." Kept  up  as  the  {{{New  Regime}}}  is  by  the  Federal  Government, at  the  tune
    that  was  shipped  into  the  department. The  {{{New  Regime}}}  takes  up  the  gauntlet,  and  in  his  issue
    General  Butler,  and  the  sneers  of his  {{{New  Regime}}},  at  the  civil  government  of  Norfolk  and
    letter  from  General  Batler  appeared  in  the {{{New  Regime}}},  his  own  organ,  published  in  Korfolk, 
== Dunn | privateofficialc04butl | 1
    N.  C,  Fort  Monroe,  May  Uh,  1864 John  M.  {{{Dunn}}},  Assessor  ^th  Dist.  of  Va.,  Norfolk,  Va.
      Miss  D.  L.,  15,  80 Duncan,  Colonel,  324 {{{Dunn}}},  John  M.,  159 Dutton,  Col.  A.  H.,  118 "Evening
    324; 475 Duncan's  Brigade,  290,  297,  300,  345 {{{Dunn}}},  John  M.,  letter  from  B.  to,  159 Dutch  Gap
requests 10
