======== warofrebellion014301rootrich | SERIES I— VOLUME XLIII— IN TWO PARTS.  PART I
-- 'One hundred and fourth Pennsyl': 1 hit(s)
    (Via Fort Monroe 4 p. in. 28th. Received 11.20 p. in. 2Sth.) / Major-General HALLECK, Chief of Staff: / On the steamer Fulton I send the One hundred and fourth Pennsyl / vania Volunteers, 900 men, to Washington to report to you. The com / manding officer has orders to report by telegraph from Fort Monroe, and / then, unless otherwise ordered, to proceed to Alexandria and march / thence to Washington.
-- 'One hundred and fourth\\s+Regiment': 0 hit(s)
-- 'steamer Fulton': 1 hit(s)
    (Via Fort Monroe 4 p. in. 28th. Received 11.20 p. in. 2Sth.) / Major-General HALLECK, Chief of Staff: / On the steamer Fulton I send the One hundred and fourth Pennsyl / vania Volunteers, 900 men, to Washington to report to you. The com / manding officer has orders to report by telegraph from Fort Monroe, and / then, unless otherwise ordered, to proceed to Alexandria and march / thence to Washington.
-- 'Hart, Thompson D': 1 hit(s)
    Hart, Robert McD. Mentioned 138, 305. 321. 323, 348 / Hart, Thompson D. / Correspondence with Henry W. Halleck 944 / Mentioned 977
-- 'Foster, John G': 2 hit(s)
    Foster, James F. Mentioned 319, 339, 340, 345, 986 / Foster, John G. / Correspondence with Henry W. Halleck 919 / Mentioned 860
    Couch, Darius N 693, 706, 718, 719. 774, 782, 808, 821, 828, 939, 973 / Foster, John G 919 / Grant, U. S 43, 681, 695, 708, 725. 775. 791, 840. 841, 905 / Grover, Cuvier 711, 729
======== warofrebellion422unit | SERIES I— VOLUME XLII— IN THREE PARTS.  PART I
-- 'hundred and fourth Penn': 0 hit(s)
-- 'steamer Fulton': 0 hit(s)
-- 'Hilton Head': 0 hit(s)
======== warofrebellion423unit | (no OR title)
-- 'Bartonsville': 0 hit(s)
-- 'Stephen Barton': 0 hit(s)
-- 'Carney': 1 hit(s)
    Special Orders, 1 Headquarters Second Army Corps, / In Carney before Petersburg , Va., / No. 319. ) December 15 , 1864. / * * * * * * *
======== warofrebellion401unit | SERIES I— VOLUME XL— IN THREE PARTS.   PART I
-- 'Dealy': 0 hit(s)
-- 'Bridge was taken up': 0 hit(s)
-- 'Jamestown Island 1': 4 hit(s)
    City Point, June 16 , 1864 — 7 a. m. / (Yia Jamestown Island 11.45 a. m. Received 4.45 a. m. 17th.) / At 7.20 p. m. yesterday Smith assaulted and carried the principal / line of the enemy before Petersburg, taking 13 cannon, several stand / of colors, and between 300 and 400 prisoners. This line is two miles / from Petersburg. Hancock got up and took position on Smith’s left at
    Heights South of Petersburg, June 16 , 1864 — 8 a. m. / (Yia Jamestown Island 12.30 p. m. Received 4 p. m. 17tli.) / Tlie success of Smitli last niglit was of the most important character. / He carried these heights, which were defended by works of the most / formidable character, and this gives us perfect command of the city and / railroad. The enemy still hold south of the city and west of the river,
    City Point, Va., June 16 , 1864 — 1 p. on. / (Via Jamestown Island 11.45 p. m. Peeeived 5.30 a. m. 17th.) / The Richmond Whig- of yesterday says that General Stahel, with / 2,000 cavalry, lias passed Avest through Robertson’s Gap, apparently / to destroy the Tennessee railroad. The infantry force Avhicli had been / at Amherst Court-House is said to be moving in the direction of Buffalo
    City Point, June 16 , 1864 — 4.15 p. on. / (Via Jamestown Island 11.45 p. m. Received 4.50 a. m. 17th.) / General Butler reports from Bermuda Hundred that the enemy have / abandoned the works in the front of that place. His troops are now / engaged in tearing up the railroad between* Petersburg and Richmond. / Two divisions of the Sixth Corps, now coming up on steamers from / Bout hat’s Landing, Avill be sent to support Butler.
======== warofrebellion402unit | SERIES I— VOLUME XL— IN THREE PARTS.   PART II
-- 'Dealy': 0 hit(s)
-- 'Channing Clapp': 1 hit(s)
    In Camp on Jones 1 Neck, James River , Va., June 26, 1864. / Capt. Channing Clapp, / Assistant Adjutant- General, Engineer Brigade: / Sir: I have the honor to report that in obedience to orders from / headquarters Engineer Brigade, I embarked my command (from City
-- 'Pettes': 3 hit(s)
    15th New York (five companies), Maj. William A. Ketchum. / 50th New York, Col. William H. Pettes.* / BATTALION U. S. ENGINEERS. / Capt. George H. Mendell,
    Perry’s (Charles C.) Infantry.. See Maine Troops, 8th Regiment. / Pettes’ (William H.) Engineers. See New 'York Troops, 50th Regiment. / Phillips’ (Charles B.) Infantry. See Ohio Troops, 130th Regiment. / Phillips’ (JohnW.) Cavalry. See Pennsylvania Troops, 18th Regiment.
    Willcox, Orlando B 139, 193, 196, 220, 221, 253 / Pettes, William H. Mentioned 542 / Phillips, Charles B. (Colonel.) / Correspondence with
======== warofrebellion352unit | SERIES I— VOLUME XXXV— IN TWO PARTS.   PART II
-- 'regiment sent on the Fulton': 1 hit(s)
    points to be guarded. I have literally obeyed the order to send every / man that I possibly could. I have no doubt but I can get along with / what I have as long as the enemy’s force in front is also weak. The / regiment sent on the Fulton is the One hundred and fourth Pennsyl- / vania Volunteers, 900 men, just from Florida. Their time is nearly / Chap. XLVII.]
-- 'August 2[6-8], 1864': 9 hit(s)
    Headquarters Department of the South, / Hilton Head, S. C., August 26, 1864. / Maj. Gen. H. W. Halleck, / Chief of Staff, Washington, D. C. :
    Flag-Steamer Philadelphia, / Port Royal Harbor, S. C., August 26, 1864. / Maj. Gen. J. G. Foster, / Comdg. Department of the South, Hdqrs. Hilton Head : / General : In a recent expedition several citizens of McIntosh
    Flag-Steamer Philadephia, / Port Royal Harbor, August 26, 1864. / Maj. Gen. J. G. Foster, / Comdg. Department of the South, Hdqrs. Hilton Head:
    Quartermaster-General’s Office, / Washington City, August 27, 1864. / Maj. Gen. J. G. Foster, / Comdg. Department of the Sbuth, Hilton Head,, S. C. : / General : Your letter of the 17th instant, inclosing drawings of
======== militarytelegraph02plumrich | (no OR title)
-- 'Douglas Kent': 1 hit(s)
    the hospital at Newport Barracks, where he had suffered from / bilious fever, when, hearing of McGaughey's sufferings, he vol- / unteered to nurse him. Thus Waterhouse took the dread dis- / ease. McGaughey, Waterhouse, and Douglas Kent another op- / erator, fell victims of the scourge, and on the pay-rolls, which / alone indicate that these men were in the service of their coun- / try, is written opposite their respective names the simple word, / ^'Discharged." An eternal discharge, indeed ; but who would / suspect from that word the honorable service rendered. Yet that
-- 'close the lines': 1 hit(s)
    In response to repeated requests for men to take the places / of these " discharged" ones, Mr. Gilmore was ordered by Major / Eckert to close the lines and protect himself and men as best he / could, as he did not consider that the exigencies of the service / required additional sacrifices. / James R. Gilmore was on the third day of November, 1864, / commissioned captain and assistant quarter-master, and the next
======== historyof104thpe00davi | (no OR title)
-- 'landed from the': 1 hit(s)
    PENNSYLVANIA REGIMENT. 329 / one. It was ordered to Washington city and landed from the / steamer at Alexandria, when it was assigned to the fortifications on / the south side of the Potomac. It was attached to the brigade of / colonel Heine. Here it remained until its term of enlistment / expired.
-- 'last of August several': 1 hit(s)
    along the rail road guarding it from Jacksonville to Baldwin, where / three companies were stationed. The weather was warm, but the / duty was not particularly arduous, being principally engaged on / picket and fatigue. The last of August several regiments from the / department of the South were sent north, of which the 104th was / PENNSYLVANIA REGIMENT. 329
======== privateofficialc05butl | (no OR title)
-- 'Bartonsville': 2 hit(s)
    Brig. Genl. Shepley, Comd'g. Norfolk / Stephen Barton, of Bartonsville, Hertford Co., was arrested / near South Mills with his property. Send him up to me with / copies of charges against him, all papers found upon him, any / examinations that may have been had, and an inventory of the / property found upon him. ^^^^ p Butler, Maj. GenH.
    Barrow, Capt. Samuel, 543 / Bartlett, General, 70 / Barton, Stephen, 265 / Bartonsville, Hertford Co., 265 / Batchelder, Mr., 587 / Baton Rouge, La., 695, 696 / Battery, Captain, 234 / Battery Harrison, 254, 256, 260, 373 / Beal, William, 625
-- 'Provost Marshal': 42 hit(s)
    Unofficial. Aug. 6th, 1864 / I HAVE assigned you to duty in Norfolk as Provost Marshal / because I have confidence in your judgment, integrity, and / personal habits to correct abuses which exist there. The great / vices of the officers are (gaming) and drinking, neither of which / can be interfered with of course unless they interfere with / duties or are open and public. Ofiicers seen riding in the streets
    Colonel: I have the honor to acknowledge the receipt of a / letter from Maj. Gen'l. Butler of the 6th, in reply to one I had / addressed to the Provost Marshal General of the "Armies / operating against Richmond" on the subject of the arrest of / the steward of the steamer "Key Port." / I should abstain from further correspondence on this subject, / as it was one simply of reference to the proper authority for
    Quarter Master's Department. / I meant that here, at the Head Qrs. of the Lieut. Genl. / Comd'g. the Armies, and where his Provost Marshal General / has an office, that there is power enough here, as well as at / Bermuda: of course, I adhere still to that opinion. / Third, I said nothing about the "disgrace of working along- / side of negroes." I have no affectations on this point, and can-
    I had no idea that Gen'l. Butler proposed to examine the / matter in person. I assumed the case would come before the / Provost Marshal General of the Armies. / I shall refer the matter to the Lieut. General in order that / this point, as well as that of limits and jurisdiction of the / Department of Va. & N. C, may be determined. I am Very
-- 'Geo. C. Carney': 1 hit(s)
    to be mustered into the regiments then serving in the Depart- / ment, I cannot state the names of the officers to whom pay- / ment was made, but all that was paid was turned over to Maj. / Geo. C. Carney of Quartermaster's dept.. Superintendent of / Negro affairs, by whom the most accurate record was kept of / the persons from whom he received the money. The money / was made the foundation of a capital of a Savings Bank for / colored troops, was invested in 7,30s amounting to over / $60,000. None of it was spent under my administration, and
