## Sheridan "Cedar Creek" 1864-10-20 1864-10-24 | 85 hits; returned dates ['1864-10-20'] .. ['1864-10-24']
    1864-10-20 | the weekly register (point pleasant, va. [w. va.]) 1862 | http://www.loc.gov/resource/sn84026817/1864-10-20/ed-1/?sp=2
    1864-10-21 | baltimore wecker (baltimore [md.]) 1851-1867 | http://www.loc.gov/resource/sn85025148/1864-10-21/ed-1/?sp=2
    1864-10-22 | the daily register (wheeling, w. va.) 1863-1864 | http://www.loc.gov/resource/sn86092517/1864-10-22/ed-1/?sp=3
    1864-10-22 | worcester daily spy (worcester [mass.]) 1850-1888 | http://www.loc.gov/resource/sn83021205/1864-10-22/ed-1/?sp=2
    1864-10-22 | the portland daily press (portland, me.) 1862-1921 | http://www.loc.gov/resource/sn83016025/1864-10-22/ed-1/?sp=2
    1864-10-21 | daily intelligencer (wheeling, va. [w. va.]) 1859-1865 | http://www.loc.gov/resource/sn84026845/1864-10-21/ed-1/?sp=3
    1864-10-21 | worcester daily spy (worcester [mass.]) 1850-1888 | http://www.loc.gov/resource/sn83021205/1864-10-21/ed-1/?sp=2
    1864-10-24 | the new york herald (new york [n.y.]) 1840-1920 | http://www.loc.gov/resource/sn83030313/1864-10-24/ed-1/?sp=1
    1864-10-22 | gold hill daily news (gold hill, n.t. [nev.]) 1863-1882 | http://www.loc.gov/resource/sn84022046/1864-10-22/ed-1/?sp=2
    1864-10-22 | evansville daily journal (evansville, ind.) 1863-1866 | http://www.loc.gov/resource/sn86059181/1864-10-22/ed-1/?sp=3
    1864-10-22 | the daily gate city (keokuk, iowa) 1855-1916 | http://www.loc.gov/resource/sn83025182/1864-10-22/ed-1/?sp=1
    1864-10-22 | daily national intelligencer (washington city [d.c.]) 1 | http://www.loc.gov/resource/sn83026172/1864-10-22/ed-1/?sp=3
    1864-10-20 | daily davenport democrat (davenport, iowa) 1864-1874 | http://www.loc.gov/resource/sn83045646/1864-10-20/ed-1/?sp=4
    1864-10-20 | daily national republican (washington, d.c.) 1862-1866 | http://www.loc.gov/resource/sn86053570/1864-10-20/ed-1/?sp=2
    1864-10-21 | daily national republican (washington, d.c.) 1862-1866 | http://www.loc.gov/resource/sn86053570/1864-10-21/ed-1/?sp=2
    1864-10-22 | the burlington weekly hawk-eye (burlington [iowa]) 1860 | http://www.loc.gov/resource/sn84027060/1864-10-22/ed-1/?sp=2
    1864-10-20 | evening star (washington, d.c.) 1854-1972 | http://www.loc.gov/resource/sn83045462/1864-10-20/ed-1/?sp=2
    1864-10-21 | the daily register (wheeling, w. va.) 1863-1864 | http://www.loc.gov/resource/sn86092517/1864-10-21/ed-1/?sp=3
    1864-10-20 | the evening telegraph (philadelphia [pa.]) 1864-1918 | http://www.loc.gov/resource/sn83025925/1864-10-20/ed-1/?sp=1
    1864-10-22 | daily intelligencer (wheeling, va. [w. va.]) 1859-1865 | http://www.loc.gov/resource/sn84026845/1864-10-22/ed-1/?sp=3
    1864-10-20 | weekly national intelligencer (washington [d.c.]) 1841- | http://www.loc.gov/resource/sn83045784/1864-10-20/ed-1/?sp=3
    1864-10-22 | the new york herald (new york [n.y.]) 1840-1920 | http://www.loc.gov/resource/sn83030313/1864-10-22/ed-1/?sp=1
    1864-10-21 | daily national intelligencer (washington city [d.c.]) 1 | http://www.loc.gov/resource/sn83026172/1864-10-21/ed-1/?sp=3
    1864-10-22 | chicago tribune (chicago, ill.) 1864-1872 | http://www.loc.gov/resource/sn82014064/1864-10-22/ed-1/?sp=1
    1864-10-21 | the new york herald (new york [n.y.]) 1840-1920 | http://www.loc.gov/resource/sn83030313/1864-10-21/ed-1/?sp=1
## Stanton Keyport 1864-10-08 1864-10-22 | 4 hits; returned dates ['1864-10-13'] .. ['1864-10-20']
    1864-10-13 | monmouth herald & inquirer (freehold, n.j.) 1860-1865 | http://www.loc.gov/resource/sn83032312/1864-10-13/ed-1/?sp=2
    1864-10-15 | evening star (washington, d.c.) 1854-1972 | http://www.loc.gov/resource/sn83045462/1864-10-15/ed-1/?sp=2
    1864-10-16 | new york dispatch (new york [n.y.]) 1863-1899 | http://www.loc.gov/resource/sn85026214/1864-10-16/ed-1/?sp=1
    1864-10-20 | monmouth herald & inquirer (freehold, n.j.) 1860-1865 | http://www.loc.gov/resource/sn83032312/1864-10-20/ed-1/?sp=3
## "Secretary of War" Keyport 1864-10-08 1864-10-22 | 2 hits; returned dates ['1864-10-15'] .. ['1864-10-16']
    1864-10-16 | new york dispatch (new york [n.y.]) 1863-1899 | http://www.loc.gov/resource/sn85026214/1864-10-16/ed-1/?sp=1
    1864-10-15 | evening star (washington, d.c.) 1854-1972 | http://www.loc.gov/resource/sn83045462/1864-10-15/ed-1/?sp=2
ERR "Secretary Stanton" "City Point" IncompleteRead(26823 bytes read, 83366 more expected)
## "Secretary Stanton" "City Point" 1864-10-10 1864-10-22 | 43 hits; returned dates ['1864-10-10'] .. ['1864-10-22']
    1864-10-15 | evening star (washington, d.c.) 1854-1972 | http://www.loc.gov/resource/sn83045462/1864-10-15/ed-1/?sp=2
    1864-10-22 | the burlington weekly hawk-eye (burlington [iowa]) 1860 | http://www.loc.gov/resource/sn84027060/1864-10-22/ed-1/?sp=5
    1864-10-16 | new york dispatch (new york [n.y.]) 1863-1899 | http://www.loc.gov/resource/sn85026214/1864-10-16/ed-1/?sp=1
    1864-10-20 | cleveland morning leader (cleveland [ohio]) 1854-1865 | http://www.loc.gov/resource/sn83035143/1864-10-20/ed-1/?sp=1
    1864-10-10 | daily intelligencer (wheeling, va. [w. va.]) 1859-1865 | http://www.loc.gov/resource/sn84026845/1864-10-10/ed-1/?sp=3
    1864-10-17 | the daily register (wheeling, w. va.) 1863-1864 | http://www.loc.gov/resource/sn86092517/1864-10-17/ed-1/?sp=3
    1864-10-17 | cleveland morning leader (cleveland [ohio]) 1854-1865 | http://www.loc.gov/resource/sn83035143/1864-10-17/ed-1/?sp=1
    1864-10-11 | worcester daily spy (worcester [mass.]) 1850-1888 | http://www.loc.gov/resource/sn83021205/1864-10-11/ed-1/?sp=2
    1864-10-19 | the ashland union (ashland, ashland county, ohio) 1854- | http://www.loc.gov/resource/sn83035173/1864-10-19/ed-1/?sp=2
    1864-10-13 | chicago tribune (chicago, ill.) 1864-1872 | http://www.loc.gov/resource/sn82014064/1864-10-13/ed-1/?sp=1
    1864-10-21 | evening star (washington, d.c.) 1854-1972 | http://www.loc.gov/resource/sn83045462/1864-10-21/ed-1/?sp=2
    1864-10-11 | daily ohio statesman (columbus, ohio) 1855-1870 | http://www.loc.gov/resource/sn84028645/1864-10-11/ed-1/?sp=3
    1864-10-20 | dayton daily empire (dayton [ohio]) 1850-1865 | http://www.loc.gov/resource/sn85026002/1864-10-20/ed-1/?sp=3
    1864-10-14 | the weekly pioneer and democrat (saint paul, minn. terr | http://www.loc.gov/resource/sn83016751/1864-10-14/ed-1/?sp=6
    1864-10-22 | national democrat (little rock, ark.) 1863-1865 | http://www.loc.gov/resource/sn82007021/1864-10-22/ed-1/?sp=1
    1864-10-22 | the burlington weekly hawk-eye (burlington [iowa]) 1860 | http://www.loc.gov/resource/sn84027060/1864-10-22/ed-1/?sp=2
    1864-10-10 | cleveland morning leader (cleveland [ohio]) 1854-1865 | http://www.loc.gov/resource/sn83035143/1864-10-10/ed-1/?sp=1
    1864-10-20 | the daily gate city (keokuk, iowa) 1855-1916 | http://www.loc.gov/resource/sn83025182/1864-10-20/ed-1/?sp=1
    1864-10-21 | the weekly pioneer and democrat (saint paul, minn. terr | http://www.loc.gov/resource/sn83016751/1864-10-21/ed-1/?sp=8
    1864-10-20 | chicago tribune (chicago, ill.) 1864-1872 | http://www.loc.gov/resource/sn82014064/1864-10-20/ed-1/?sp=1
    1864-10-16 | chicago tribune (chicago, ill.) 1864-1872 | http://www.loc.gov/resource/sn82014064/1864-10-16/ed-1/?sp=1
    1864-10-14 | evening star (washington, d.c.) 1854-1972 | http://www.loc.gov/resource/sn83045462/1864-10-14/ed-1/?sp=2
    1864-10-15 | daily national republican (washington, d.c.) 1862-1866 | http://www.loc.gov/resource/sn86053570/1864-10-15/ed-1/?sp=2
    1864-10-15 | the burlington weekly hawk-eye (burlington [iowa]) 1860 | http://www.loc.gov/resource/sn84027060/1864-10-15/ed-1/?sp=5
    1864-10-15 | the daily register (wheeling, w. va.) 1863-1864 | http://www.loc.gov/resource/sn86092517/1864-10-15/ed-1/?sp=3
## "Secretary Stanton" "Fortress Monroe" 1864-10-10 1864-10-22 | 9 hits; returned dates ['1864-10-14'] .. ['1864-10-22']
    1864-10-20 | cleveland morning leader (cleveland [ohio]) 1854-1865 | http://www.loc.gov/resource/sn83035143/1864-10-20/ed-1/?sp=1
    1864-10-21 | the weekly pioneer and democrat (saint paul, minn. terr | http://www.loc.gov/resource/sn83016751/1864-10-21/ed-1/?sp=8
    1864-10-14 | the weekly pioneer and democrat (saint paul, minn. terr | http://www.loc.gov/resource/sn83016751/1864-10-14/ed-1/?sp=6
    1864-10-22 | the burlington weekly hawk-eye (burlington [iowa]) 1860 | http://www.loc.gov/resource/sn84027060/1864-10-22/ed-1/?sp=5
    1864-10-15 | evening star (washington, d.c.) 1854-1972 | http://www.loc.gov/resource/sn83045462/1864-10-15/ed-1/?sp=1
    1864-10-20 | weekly national intelligencer (washington [d.c.]) 1841- | http://www.loc.gov/resource/sn83045784/1864-10-20/ed-1/?sp=3
    1864-10-15 | daily national intelligencer (washington city [d.c.]) 1 | http://www.loc.gov/resource/sn83026172/1864-10-15/ed-1/?sp=3
    1864-10-15 | the portland daily press (portland, me.) 1862-1921 | http://www.loc.gov/resource/sn83016025/1864-10-15/ed-1/?sp=3
    1864-10-20 | chicago tribune (chicago, ill.) 1864-1872 | http://www.loc.gov/resource/sn82014064/1864-10-20/ed-1/?sp=1
## Stanton Meigs "City Point" 1864-10-10 1864-10-22 | 36 hits; returned dates ['1864-10-11'] .. ['1864-10-22']
    1864-10-22 | the burlington weekly hawk-eye (burlington [iowa]) 1860 | http://www.loc.gov/resource/sn84027060/1864-10-22/ed-1/?sp=2
    1864-10-20 | the daily gate city (keokuk, iowa) 1855-1916 | http://www.loc.gov/resource/sn83025182/1864-10-20/ed-1/?sp=1
    1864-10-20 | cleveland morning leader (cleveland [ohio]) 1854-1865 | http://www.loc.gov/resource/sn83035143/1864-10-20/ed-1/?sp=1
    1864-10-20 | daily ohio statesman (columbus, ohio) 1855-1870 | http://www.loc.gov/resource/sn84028645/1864-10-20/ed-1/?sp=3
    1864-10-21 | evening star (washington, d.c.) 1854-1972 | http://www.loc.gov/resource/sn83045462/1864-10-21/ed-1/?sp=2
    1864-10-19 | evening star (washington, d.c.) 1854-1972 | http://www.loc.gov/resource/sn83045462/1864-10-19/ed-1/?sp=2
    1864-10-20 | weekly national intelligencer (washington [d.c.]) 1841- | http://www.loc.gov/resource/sn83045784/1864-10-20/ed-1/?sp=3
    1864-10-14 | the weekly pioneer and democrat (saint paul, minn. terr | http://www.loc.gov/resource/sn83016751/1864-10-14/ed-1/?sp=6
    1864-10-15 | evening star (washington, d.c.) 1854-1972 | http://www.loc.gov/resource/sn83045462/1864-10-15/ed-1/?sp=2
    1864-10-21 | muscatine weekly journal (muscatine, iowa) 185?-1890 | http://www.loc.gov/resource/sn84027253/1864-10-21/ed-1/?sp=2
    1864-10-20 | chicago tribune (chicago, ill.) 1864-1872 | http://www.loc.gov/resource/sn82014064/1864-10-20/ed-1/?sp=1
    1864-10-20 | baltimore wecker (baltimore [md.]) 1851-1867 | http://www.loc.gov/resource/sn85025148/1864-10-20/ed-1/?sp=2
    1864-10-14 | the jeffersonian democrat (chardon, ohio) 1854-1865 | http://www.loc.gov/resource/sn84028083/1864-10-14/ed-1/?sp=2
    1864-10-14 | the union and journal (biddeford, me.) 1858-1882 | http://www.loc.gov/resource/sn83009571/1864-10-14/ed-1/?sp=2
    1864-10-20 | worcester daily spy (worcester [mass.]) 1850-1888 | http://www.loc.gov/resource/sn83021205/1864-10-20/ed-1/?sp=2
    1864-10-12 | illinois staats-zeitung (chicago, ill.) 1848-1922 | http://www.loc.gov/resource/sn85033492/1864-10-12/ed-1/?sp=3
    1864-10-14 | burlington free press (burlington, vt.) 1827-1865 | http://www.loc.gov/resource/sn84023127/1864-10-14/ed-1/?sp=3
    1864-10-12 | the nashville daily union (nashville, tenn.) 1862-1866 | http://www.loc.gov/resource/sn83025718/1864-10-12/ed-1/?sp=2
    1864-10-11 | green-mountain freeman (montpelier, vt.) 1844-1884 | http://www.loc.gov/resource/sn84023209/1864-10-11/ed-1/?sp=2
    1864-10-11 | daily ohio statesman (columbus, ohio) 1855-1870 | http://www.loc.gov/resource/sn84028645/1864-10-11/ed-1/?sp=3
    1864-10-14 | the vermont transcript (st. albans, vt.) 1864-1870 | http://www.loc.gov/resource/sn84023246/1864-10-14/ed-1/?sp=2
    1864-10-11 | cleveland morning leader (cleveland [ohio]) 1854-1865 | http://www.loc.gov/resource/sn83035143/1864-10-11/ed-1/?sp=1
    1864-10-13 | rutland weekly herald (rutland, vt.) 1859-1877 | http://www.loc.gov/resource/sn84022367/1864-10-13/ed-1/?sp=5
    1864-10-11 | the daily gate city (keokuk, iowa) 1855-1916 | http://www.loc.gov/resource/sn83025182/1864-10-11/ed-1/?sp=1
    1864-10-11 | worcester daily spy (worcester [mass.]) 1850-1888 | http://www.loc.gov/resource/sn83021205/1864-10-11/ed-1/?sp=2
## "light vessel" "York river" 1864-07-20 1864-08-31 | 0 hits; returned dates [] .. []
## "light ship" "York river" 1864-07-20 1864-08-31 | 0 hits; returned dates [] .. []
requests 9
