'"construction corps and some operators"': 348 total, 10 shown
   x4P5FEts_gcC | Northwest Colorado Coal: Site specific analysis: Ruby Construction Com | 1976 | ... <b>construction</b> . By complying with CFR 211.40 ( a ) ( 7 ) , <b>some</b> im- pacts on the aquatic ecosystem , and thereby on a segment of the food web of the area&#39;s terrestrial wildlife , would be mitigated . This reference states that the <b>opera
   eq1nCgAAQBAJ | The New Urban Area Development | 2015-08-19 | ... <b>Operators</b>. Developing and constructing a new urban district is a complicated thing as well as a new cause for a district, a country, and its decision-makers and executors. Every government, especially those of <b>some</b> developing countries&nbsp;.
   Vpag73BY8gQC | Northwest Colorado Coal: Site specific analysis: Ruby Construction Com | 1976 | ... <b>construction</b> . By complying with CFR 211.40 ( a ) ( 7 ) , <b>some</b> im- pacts on the aquatic ecosystem , and thereby on a segment of the food web of the area&#39;s terrestrial wildlife , would be mitigated . This reference states that the <b>opera
   tQNaAAAAYAAJ | Construction Labor Report | 2011 | ... <b>construction</b> equipment <b>operators</b> who operate , maintain , and repair heavy <b>construction</b> equipment such as mechanized hoes , bulldozers , and loaders . The union alleged that <b>some</b> city workers were oper- ating heavy <b>constructi
   aHs2AQAAMAAJ | Western Electrician | 1906 | ... <b>some</b> principles of the auto- matic can be , and , in fact , are , being ... <b>operators</b> on a manual - transfer board , which is bad , because the service ... <b>Construction Company</b> of San Francisco has secured a contract from the&nbsp;...
   DgNRAAAAYAAJ | The Electrical World | 1898 | ELEC . WORLD N.Y. NEWS OF THE WEEK. EXHIBIT OF THE WESTERN TELEPHONE <b>CONSTRUCTION COMPANY</b> ... <b>operators</b> to complete the con- nection , but effecting this much more simply ... <b>some</b> 2 miles of rubber covered twin wire and an instrument&nbsp;
   wdVFAQAAMAAJ | Electrical Review | 1890 | 
   VuRAAQAAMAAJ | Electrical World | 1901 | ... <b>some</b> cases this system is worked on a common return . Telephone men are beginning to realize the importance of good line <b>construction</b> ... <b>operators</b> , while on the same boards there are <b>operators</b> that have more ... <b>corps</b> o
   h8m-kGQkT8gC | The Construction Advisor | 1962 | ... <b>COMPANY</b> , Inc. 1325 Macklind Avenue St. Louis 10 , Missouri Phone Mission ... <b>Operators</b> and the Wage - Hour Law : A much - discussed owner - <b>operator</b> ... <b>Some</b> of the <b>operators</b> were paid on a weekly basis , and <b>some</b>
   m5EyAAAAIAAJ | American Law Reports Annotated | 1949 | ... <b>construction company</b> to take reasonable precautions to protect the public may subject the company to liability in ... <b>operators</b> . <b>Some</b> courts in cases involving in- juries to workers in the highway by streetcars , as in cases&nbsp;...
'"cipher operator to go with him"': 335 total, 10 shown
   -0fFvJtsdWsC | Coded Messages | 2010 | ... <b>cipher</b> clerks, Corporal Samuel H. Beckwith. As General Grant tells it in his memoirs: I was obliged to leave the telegraphic <b>operator</b> back at Nashville, because that was the point at which all dispatches to me would <b>come</b>, to <b>be</b>&
   JUoGMP4xWscC | Personal Memoirs of U.S. Grant | 1995-01-01 | ... <b>operator</b> during this inspection who had possession of this <b>cipher</b> to enable me to telegraph to my division and to ... <b>him</b> I would see whether he would or not . He said that if he did he would <b>be</b> punished . I told <b>him</b> if h
   YAX9EQAAQBAJ | Personal Memoirs of U. S. Grant | 2026-08-02 | ... <b>cipher operator</b> to turn over the key to Captain Cyrus B. Comstock, of the Corps of Engineers, whom I had selected as ... <b>him</b> I would see whether he would or not. He said that if he did he would <b>be</b> punished. I told <b>him</b> if he did 
   v13fAAAAMAAJ | The Intelligence Revolution | 1991 | ... <b>operators</b> , who swore not to &quot; reveal or divulge to any person or persons any <b>cipher</b> that may <b>be</b> given me for United States military purposes , &quot; and who reported directly to Stager . Commanding officers and their most truste
   8VTUnZ_-g0QC | The War of the rebellion: a compilation of the official records of the | 1895 | 
   ihIIAAAAQAAJ | The Telegram Formula and Code Combiner ... | 1885 | 
   DxBYAAAAcAAJ | House Documents | 1872 | ... <b>be</b> asked . The CHAIRMAN . I think you have gone far enough on that point . He stated that he requested <b>him</b> ... <b>cipher</b> with the president ? -A . I have . Q. Do you send all your telegrams ... <b>operators</b> should not know what were t
   6SBRAQAAIAAJ | The War of the Rebellion: Formal reports, both Union and Confederate,  | 1985 | ... <b>him</b> ; has plenty of rations at Eastport ; gets forage from the country ; will destroy what he does not use . He thinks the enemy will strongly re - enforce . Will know to - morrow if gunboats can <b>go</b> ... <b>cipher operator</b> to send to you ,
   GXA7AQAAMAAJ | Harper's New Monthly Magazine | 1898 | ... <b>cipher</b> - <b>operator</b> ever prove recreant to his sacred trust , and we have in a sentence two facts that reflect ... <b>be</b> forwarded by <b>him</b> to Richmond , Vir- ginia . One of <b>them</b> was addressed to Judah P. Benjamin , and the othe
   01VBO8CV5rEC | Personal Memoirs of U. S. Grant | 1895 | ... <b>come</b> , to <b>be</b> for- warded from there . As I have said , it was neces- sary for me also to have an <b>operator</b> during this inspection who had possession of this <b>cipher</b> ... <b>him</b> I would see whether he would or not . He said that
'"Mack and party"': 10 total, 10 shown
   gy4kAQAAMAAJ | Hearings | 1971 | ... <b>Mack and party</b> of 11 , Montebello , Calif . ( 6 - day canoe trip ) __ July 15 - Robert Hauser and family , Brook Park , Ohio ( 4 - day canoe trip ) July 16 - Vick Eckland and wife , Bureau of Outdoor Recreation , Seattle office ( 3&nbsp;...
   WAnGvybSEasC | Missouri Breaks Scenic Recreation River | 1971 | ... <b>Mack and party</b> of 11 , Montebello , Calif . ( 6 - day canoe trip ) -- July 15 - Robert Hauser and family , Brook Park , Ohio ( 4 - day canoe trip ) 6 12 4 July 16 - Vick Eckland and wife , Bureau of Outdoor Recreation , Seattle office&nbsp;...
   -wILAQAAIAAJ | Parliamentary Papers | 1884 | 
   qbdZAAAAMAAJ | Ministers̓ Manual | 1946 | ... <b>Mack and party</b> arrived in Philadelphia Sept. 15 . 1735. Death of Alexander Mack , on Feb. 19 . 1738. First Sunday school in America and probably in the world was held by Brethren at Germantown . 1732. First Annual Conference at the home&nbsp;...
   lqpD3-Li_0EC | Telegraphing in Battle | 1910 | 
   N9JLAAAAYAAJ | Railway International Passenger and Ticket Agents Journal | 1913 | ... <b>Mack and party</b> , of Buffalo , N. Y .; John Pillsbury , the flour man , of Minneapolis . The N. P. S. S. which was scheduled to sail Feb. 17 will not depart until March 27 , is also nearly booked up . The date of the in- auguration of&nbsp;...
   3mlDcadgUzoC | The Florists' Exchange | 1904 | ... <b>Mack and party</b> of three leave on Wednesday . All the florists that are church mem- bers are praying for rain , as it is very dry , and the stock planted out is suf- fering badly . Many of the florists are lifting their carnations as&nbsp;...
   DnNJAQAAIAAJ | Management Practices on Public Lands | 1971 | ... <b>Mack and party</b> of 11 , Montebello , Calif . ( 6 - day canoe trip ) __ July 15 - Robert Hauser and family , Brook Park , Ohio ( 4 - day canoe trip ) July 16 - Vick Eckland and wife , Bureau of Outdoor Recreation , Seattle office ( 3&nbsp;...
   RBoTAAAAIAAJ | The Union Pacific Magazine | 1929 | ... <b>Mack and party</b> of eight left August 4 on Los Angeles Limited enroute New York City ; Jack Dempsey left August 12 on Los Angeles Limited for Salt Lake City . It was six years ago that W. C. German , known as Bill , agent of the Railway&nbsp;...
   8y0wAAAAYAAJ | New Seattle Chamber of Commerce Record | 1912 | ... <b>Mack , and party</b> constituting the New York State Commission to the Panama - Pacific International Exposition at San Francis- co , and others . Owing to the absence of a legislative session during the year , the Committee on State&nbsp;...
'Schofield Stager "cipher operator" 1865': 1 total, 1 shown
   JJ87AAAAMAAJ | The Military Vs. the Press | 1937 | ... <b>cipher operator</b> of the U. S. Military Telegraph 1862-<b>1865</b> ; in describing the origination of the cipher , Mr. O&#39;Brien gives credit to Anson <b>Stager</b> , chief of the U. S. Military Telegraph and to Bates , Chandler and Tinker , members
'Plum "military telegraph" Schofield Mack "North Carolina"': 0 total, 0 shown
'"Schofield" "Mack" telegraph construction Newbern 1865': 0 total, 0 shown
'"refers the matter to you" Schofield': 348 total, 10 shown
   K-3CxL8UkkwC | The War of the rebellion: a compilation of the official records of the | 1902 | 
   UgUpAQAAMAAJ | Accountants and the Law of Negligence | 1966 | ... <b>you</b> will consider , which <b>Schofield</b> said that he did rely upon , the internal check as he called it , that may not be quite the proper phrase but he did rely , at any rate , upon the check constituted by these lists . He called it&nbsp;...
   vVIc_-IWAncC | Hearings | 1932 | ... <b>Schofield</b>. According to the needs. That <b>refers</b> to appropriations for ... <b>matter</b>? Captain <b>Schofield</b>. It is just the same with regard to that ... <b>you</b> say? Captain <b>Schofield</b>. Yes. &quot; From the amount, under this ye
   dqQFAAAAQAAJ | Reports of Committees | 1870 | ... <b>you</b> gave him the money ? -A . I cannot say . This was a <b>matter</b> running through two or three weeks from the beginning ... <b>Schofield</b> . I alluded to General <b>Schofield</b> , among others , as being a gen- tleman in close relations&nbsp;
   4Z4E_UbvV2AC | Report of the Commissioners Appointed to Inquire Into the Working of t | 1876 | ... <b>you</b> eliminate from the labour field , so to speak , all children from 9 to ... <b>matter</b> that is <b>referred</b> to this Commission . The Act of 1874 was a parlia ... <b>Schofield</b> . ) I have the authority of Mr. Wheeler , who is the clerk of
   Zd4kAQAAIAAJ | Parliamentary Debates | 1898 | ... <b>Schofield</b> . I make no apology for coming back to it . Mr. <b>Schofield</b> was a political tout in Christchurch . He never ... <b>matter</b> that was dealt with by the honourable member for Awarua the night he spoke . He made <b>refer</b>- ence to t
   1edXAAAAcAAJ | House Documents | 1870 | ... <b>you</b> gave him the money - A . I cannot say . This was a <b>matter</b> running through two or three weeks from the beginning ... <b>Schofield</b> . I alluded to General <b>Schofield</b> , among others , as being a gen- tleman in close relations , perh
   7-k-AAAAYAAJ | Debates | 1899 | 
   dyAVAAAAIAAJ | Pamphlets on Fire | 1910 | ... <b>you</b> can document the statement , Mr. <b>Schofield</b> , that the Forest Service ... <b>refer</b> specifically to the <b>matter</b> of area ignition . I think <b>you</b> will hear ... <b>refer</b> to the fact that there has been definitely demon- str
   vNcDAAAAYAAJ | Parliamentary Debates | 1898 | ... <b>matter</b> that was dealt with by the honourable member for Awarua the night he spoke . He made <b>refer</b>- ence to the loans ... <b>Schofield</b> . I make no apology for coming back to it . Mr. <b>Schofield</b> was a political tout in Christchurch . 
'Stager report 1865 telegraph "North Carolina" Schofield operators O\'Brien': 0 total, 0 shown
requests 8
'"Mack and party" intitle:"Telegraphing in Battle"': 0 total, 0 shown
'Mack Schofield intitle:"Telegraphing in Battle"': 0 total, 0 shown
'Mack Schofield intitle:"military telegraph"': 0 total, 0 shown
'"cipher operator" Schofield "North Carolina" intitle:"military telegraph"': 0 total, 0 shown
'Mack Goldsboro Newbern telegraph construction 1865': 0 total, 0 shown
requests 5
'"Mack and party" telegraphing battle': 1 total, 1 shown
   lqpD3-Li_0EC | Telegraphing in Battle | 1910 | 
'"Mack and party" telegraph 1864': 200 total, 10 shown
   chmBpIJ9AGAC | A Memorial Lincoln Bibliography: Being an Account of Books, Eulogies,  | 1870 | ... <b>1864</b> . A Cure for Republican Lockjaw . Benj . Day , New York , 1861 . &quot; After the chivalrous defeat of 60 men at Fort Sumter by 12,000 confederate troops , Jefferson Davis sent the following witty &#39; pome , &#39; by <b>telegraph</b> ... <b>M
   B6xyAAAAMAAJ | A Memorial Lincoln Bibliography | 1870 | ... <b>1864</b> . A Cure for Republican Lockjaw . Benj . Day , New York , 1861 . &quot; After the chivalrous defeat of 60 men at Fort Sumter by 12,000 confederate troops , Jefferson Davis sent the following witty &#39; pome , &#39; by <b>telegraph</b> ... <b>M
   JkosAQAAMAAJ | A Digest of Railway Decisions | 1898 | ... <b>Mack</b>. Pac . R. Co. , 10 Nev . 47. - QUOTED IN Wis- consin C. R. Co. v . Taylor County , I Am . &amp; Eng . R. Cas . 532 , 52 Wis . 37 . 8. Regulation of <b>telegraph</b> ... <b>1864</b> , § 4 , the company is authorized to transfer to the United Sta
   k_F_QD15X30C | A Comparative Rhetorical Analysis of the Nevada Constitutional Convent | 1972 | ... <b>Mack</b> is forced to admit : The leading merchants • • • were disappointed with ... <b>telegraph</b> brought news of Union victories , or the local &quot; Union Clubs , &quot; or the overwhelming Union <b>Party</b> election victories in <b>1864</b> ...
   bbhEAQAAMAAJ | Proceedings of the Common Council of the City of Buffalo, ... | 1865 | ... <b>1864</b>. Re- ferred to Committee on Streets . Western Union <b>Telegraph</b> Company , for <b>Telegraph</b>- ing for Mayor . William ... <b>parties</b> in whose favor the same are drawn or to their authorized Agents or Attorneys , upon their giving the
   6kY3AAAAIAAJ | Cumulative Index to Published Hearings and Reports of the Subcommittee | 1957 | ... <b>1864</b> , 1866 , 1869 , 1871 , 1872 , 1875 , 1885 , 1888 , 1903 , 1916 , 1919 , 1921 , 2152-2155 , 2158 , 2163 , 2165-2172 , 2174 , 2175 , 2177 , 2193 , 2223 , 2236 ... <b>Mack</b> , Virginia <b>Mack</b> 468 CUMULATIVE INDEX TO HEARINGS AND REPORTS.
   jYQVAQAAMAAJ | It is Begun! | 2001 | ... <b>TELEGRAPH</b> . THE ELECTION R CONSTITUTION &amp; LAWS Abraham ahead of <b>Mack</b> . Old ... <b>1864</b> Page 2 Column 1 THE RESULT . It is still too early to state the full ... <b>party</b> has gained no Congressmen and that our gains are now enough t
   a19AAQAAMAAJ | Rowell's American Newspaper Directory | 1873 | ... <b>Telegraph</b> ; Thursdays ; re- publican ; four pages ; size 29x44 ... <b>1864</b> ; S. C. Cole , editor and publisher : circulation 720 , estimated ... <b>party</b> , and official paper of the town and county ; de- voted exclusively to local&nbsp;...
   MbhCAQAAMAAJ | The Central Law Journal | 1896 | ... <b>party</b> meant a different thing from the other as is implied in explanations ... <b>telegraph</b> , the telephone , electric light and power , electric railway ... <b>Mack&#39;s</b> Digest of the American State Reports , embracing volumes 1 to 24&nbsp
   LnE5AQAAMAAJ | Geo. P. Rowell and Co.'s American Newspaper Directory | 1873 | ... <b>Telegraph</b> ; Thursdays ; re- publican ; four pages ; size 29x44 ... <b>1864</b> ; S. C. Cole , editor and publisher ; circulation 720 , estimated ... <b>party</b> , and official paper of the town and county ; de- voted exclusively to local&nbsp;...
requests 2
