control	isbn:0809311976 Ariel Sedgwick	total 2
    mnRjmhe3QLoC The Papers of Ulysses S. Grant 1985 | ... <b>Ariel</b> &#39; 973 men and the &#39; <b>Sedgwick</b> &#39; 496 men , have arrived — The troops were rationed up to tomorrow night — They have water at the rate of a gallon per man for fifteen days — I will have issued some salt - water soap — I am not&nbsp;...
    Q_d2AAAAMAAJ The Papers of Ulysses S. Grant: November 16, 1864-February 20, 1865 1967 | ... <b>Ariel</b> &#39; 973 men and the &#39; <b>Sedgwick</b> &#39; 496 men , have arrived - The troops were rationed up to tomorrow night - They have water at the rate of a gallon per man for fifteen days - I will have issued some salt - water soap - I am not&nbsp;...
control	isbn:0809311976 "perfect order"	total 2
    mnRjmhe3QLoC The Papers of Ulysses S. Grant 1985 | ... orders to keep on hand four days rations and to stay on board ship until they got different orders from him or ... <b>perfect order</b>— &quot; ALS ( telegram sent ) , DNA , RG 107 , Telegrams Collected ( Unbound ) ; telegram received , ibid&nbsp;...
    ij8fAQAAMAAJ The Papers of Ulysses S. Grant: November 16, 1864-February 20, 1865 1967 | ... <b>perfect order</b>- &quot; ALS ( telegram sent ) , DNA , RG 107 , Telegrams Collected ( Unbound ) ; telegram received , ibid . &quot; The Steamer Victor with three hundred and seventy five ( 375 ) men has sailed - All right - Plenty of Hard Bread&nbsp;...
control	isbn:0809311976 Ashland	total 0
E502	isbn:0809311976 Howell	total 0
E502	isbn:0809311976 Howell Webster	total 0
E502	isbn:0809311976 "Colonel Morgan" steamers	total 0
E502	isbn:0809311976 coaling watering	total 0
E502	isbn:0809311976 "Rawlins wishes"	total 1
    mnRjmhe3QLoC The Papers of Ulysses S. Grant 1985 | ... <b>wish</b> you would have special attention directed to ascertaining if Hill&#39;s Corps has gone South . It looks much ... <b>Rawlins</b> . &quot; Gen Fererro commanding Bermuda Defences reports his command very weak his men have to go on picket duty&nbsp;...
E502	isbn:0809311976 "chief commissary" steamers rations	total 0
E507	isbn:0809311976 Russia	total 0
E507	isbn:0809311976 "flag ship"	total 2
    mnRjmhe3QLoC The Papers of Ulysses S. Grant 1985 | ... <b>Flag Ship</b> &#39; Malvern , &quot; Beaufort , N. C. , wrote to USG . &quot; I hold it to be a good rule never to send a boy on a man&#39;s errand , and we must now calculate that the rebels having ascertained their weakness , will take measures to&nbsp;...
    Q_d2AAAAMAAJ The Papers of Ulysses S. Grant: November 16, 1864-February 20, 1865 1967 | ... <b>Flag Ship</b> &#39; Malvern , &#39; &quot; Beaufort , N. C. , wrote to USG . &quot; I hold it to be a good rule never to send a boy on a man&#39;s errand , and we must now calculate that the rebels having ascertained their weakness , will take measures to&nbsp;...
E507	isbn:0809311976 "flag-ship"	total 2
    mnRjmhe3QLoC The Papers of Ulysses S. Grant 1985 | ... <b>Flag Ship</b> &#39; Malvern , &quot; Beaufort , N. C. , wrote to USG . &quot; I hold it to be a good rule never to send a boy on a man&#39;s errand , and we must now calculate that the rebels having ascertained their weakness , will take measures to&nbsp;...
    Q_d2AAAAMAAJ The Papers of Ulysses S. Grant: November 16, 1864-February 20, 1865 1967 | ... <b>Flag Ship</b> &#39; Malvern , &#39; &quot; Beaufort , N. C. , wrote to USG . &quot; I hold it to be a good rule never to send a boy on a man&#39;s errand , and we must now calculate that the rebels having ascertained their weakness , will take measures to&nbsp;...
E507	isbn:0809311976 Webster Dodge	total 1
    Q_d2AAAAMAAJ The Papers of Ulysses S. Grant: November 16, 1864-February 20, 1865 1967 | ... <b>Webster</b> . Col. Dodge1 will probably return to the Dept. of Va . so that it ... <b>Webster</b> as q . m . , Dept. of Va . and N. C. , and USG endorsed the ... <b>Dodge</b> of Vt . , appointed q . m . and capt . as of May 12 , 1862 , assigned&nbsp;...
E512	isbn:0809311976 Winants	total 0
E512	isbn:0809311976 Hancox	total 0
E512	isbn:0809311976 Seneca	total 0
E512	isbn:0809311976 "Porter" tug	total 0
E520	isbn:0809311976 Baltic	total 0
E520	isbn:0809311976 Illinois Victor	total 1
    mnRjmhe3QLoC The Papers of Ulysses S. Grant 1985 | ... <b>Victor</b> with three hundred and seventy five ( 375 ) men has sailed — All right — Plenty of Hard Bread— &quot; &quot; Steamer <b>Illinois</b> goes to sea at 11 o&#39;clock with Twelve hundred and Eighty seven ( 1287 ) men — All right— &quot; ALS ( telegrams sent )&nbsp;...
E520	isbn:0809311976 Ingalls Webster Baltimore	total 0
E532	isbn:0809311976 Bradley	total 0
E532	isbn:0809311976 "mule teams"	total 2
    mnRjmhe3QLoC The Papers of Ulysses S. Grant 1985 | ... <b>Mule teams</b> and the Caisons , Wagons , and Horses of batteries &quot; E &quot; 3d U , S , Artillery and the 16th N. Y. Ind&#39;p&#39;t battery now here , and one Company of Cavalry numbering at liast fifty men for duty as order- lies and couriers&nbsp;...
    ij8fAQAAMAAJ The Papers of Ulysses S. Grant: November 16, 1864-February 20, 1865 1967 | ... <b>Mule teams</b> and the Caisons , Wagons , and Horses of batteries &quot; E &quot; 3d U , S , Artillery and the 16th N. Y. Ind&#39;p&#39;t battery now here , and one Company of Cavalry numbering at liast fifty men for duty as order- lies and couriers&nbsp;...
E532	isbn:0809311976 "4,000 men"	total 2
    mnRjmhe3QLoC The Papers of Ulysses S. Grant 1985 | ... <b>4000 men</b> , &amp; 1000 additional of the N. C. Reserves . To attack him in an intrnched line here , or around Wilmington with 6000 to his 5000 seems hardly advisable . Unless the Navy then can move up the river with us , I doubt if Gen Terry&nbsp;...
    ij8fAQAAMAAJ The Papers of Ulysses S. Grant: November 16, 1864-February 20, 1865 1967 | ... <b>4000 men</b> , &amp; 1000 additional of the N. C. Reserves . To attack him in an intrnched line here , or around Wilmington with 6000 to his 5000 seems hardly advisable . Unless the Navy then can move up the river with us , I doubt if Gen Terry&nbsp;...
E532	isbn:0809311976 Webster transportation	total 1
    mnRjmhe3QLoC The Papers of Ulysses S. Grant 1985 | ... <b>Webster</b> , Joseph D. ( U.S. Army ) : let- ter to , Dec. 29 , 1864 , 485 ; instructed to send officer , 485 ... <b>transportation</b> , 192n ; leave of absence for , 220n ; officer may report to , 348n ; forwards information from newspapers&nbsp;...
E502u	"turn them over to Col. Morgan"	total 352
    WZItAAAAIAAJ The War of the Rebellion 1892 | ... <b>them</b> and no one to give further orders . Captain Bird , captain of pioneers , on my staff , accidentally met Lieutenant - <b>Colonel Morgan</b> ... <b>Col</b>- onel <b>Morgan</b> , besides giving the <b>above</b> directions , pointed out the road on a map . I may&nbsp;...
    elyl03UAM1kC The War of the Rebellion: v. 1-53 [serial no. 1-111] Formal reports, b 1892 | ... <b>them</b> and no one to give further orders . Captain Bird , captain of pioneers , on my staff , accidentally met Lieutenant - <b>Colonel Morgan</b> ... <b>Col</b>- onel <b>Morgan</b> , besides giving the <b>above</b> directions , pointed out the road on a map . I may&nbsp;...
    eenSh9eVjw8C Who Killed John Clayton? 1998 | ... <b>make Morgan&#39;s</b> task an easy one . One threatened the teacher of the bureau&#39;s school , W. J. Evans , that he must stop &quot; teaching niggers and leave the place or be killed . &quot; In early 1867 , <b>Colonel Morgan</b> found Conway County in such a&nbsp;...
    _8gXAAAAIAAJ The Boys of '76 1899 | ... <b>Colonel Morgan</b> , &quot; said General Lee . Captain Edwards , Lee&#39;s aid , wrote an order to <b>Morgan</b> , directing <b>him</b> to march at once and join General Dickinson , who was south - east of the court - house , and to <b>make</b> an attack as soon as the&nbsp;...
    HloTAAAAYAAJ Report of the Col. Morgan Morgan Monument Commission ... 1924 | ... <b>across</b> the Alleghanies and thence to the Ohio River . They encountered obstacles that would have shriveled timid souls . Neither treacherous savage nor wild animal or the perils of the unknown and loneliness could <b>turn them</b> ... <b>COL</b> . <b>MORGAN</b>&nbsp;...
    jvwDAAAAMBAJ Boys' Life 2005-03 | ... <b>Morgan</b> ordered 50 men from his regiment to set up an advanced post in the woods beside the road. He asked Bold Antelope and his warriors to go with <b>them</b> ... <b>over</b>. We will <b>make him</b> one of our people. He will become Running Wolfs brother&nbsp;...
    tQdQAAAAYAAJ Decisions of the Appeal Section, War Department Claims Board 1921 | ... <b>Col</b>. <b>Morgan</b> had a conference in Washington with Mr. Holt at which the latter informed <b>him</b> that they were going to ... <b>them</b> to Canton and went <b>over</b> the plant of the Canton Co. , examining its facilities with a view to their&nbsp;...
    zmeacVvgQNcC Congressional Record 1934 | ... <b>turned them over</b> to you ? <b>Colonel</b> BRITTIN . I don&#39;t know whether <b>it</b> was the next day or 2 days after . <b>It</b> was not the same day . Anything I would throw in my wastebasket on a certain day , of course , would be taken out and cleaned that&nbsp;...
    kwcRAAAAYAAJ Decisions of the Appeal Section, War Department, Claims Board 1921 | 
    4DhYlOqKLxgC Scribner's Magazine ... 1906 | ... <b>over</b> their heads . There was a mangy - looking crow sitting up there on a branch , and <b>Morgan</b> ... <b>them</b> to wait , and back he went , pell - mell , all alone , into that horde ... <b>turn them</b> loose in- stanter ; and just as he got all&nbsp;...
E502u	"what number of troops each steamer"	total 346
    SpNAAQAAMAAJ The Parliamentary Debates (official Report[s]) ... 1857 | ... <b>number of troops each</b> are to carry , the length of voyage stipulated for , the forfeit for non - performance , and the cost , and whether <b>steam</b> ... <b>many troops</b> they will carry , and whether <b>steamers</b> or sailing ships ; <b>what number of troops</b>&nbsp;...
    1h9tfKkQpwQC Cobbett's Parliamentary Debates 1857 | ... <b>number of troops each</b> are to carry , the length of voyage stipulated for , the forfeit for non - performance , and the cost , and whether <b>steam</b> ... <b>many troops</b> they will carry , and whether <b>steamers</b> or sailing ships ; <b>what number of troops</b>&nbsp;...
    X8IMt8N11OwC Hansard's Parliamentary Debates 1857 | ... <b>troops</b> , their names and rate , when they will be ready , and how <b>many troops</b> they will carry , and whether <b>steamers</b> or sailing ships ; <b>what number of troops</b> of <b>all</b> arms will be left in Great Britain and Ireland ? Whether <b>steamers</b> have&nbsp;...
    wwYUAAAAQAAJ The history of the Indian revolt, and of the expeditions to Persia, Ch 1859 | ... <b>many</b> perils of wreck in and near the Red Sea , much deterioration of health to the <b>troops</b> during the hot weather in that region , and much embar- rassment felt by Viscount Canning if the <b>troops</b> came to him faster than he could transfer&nbsp;...
    cqI9AAAAcAAJ Parliamentary Debates 1857 | ... <b>steam</b> or sailing vessels ? If any Ships of War are commissioned for carrying <b>troops</b> , their names and rate , when they will be ready , and how <b>many troops</b> they will carry , and whether <b>steamers</b> or sailing ships ; <b>what number of troops</b> of&nbsp;...
    HLSEEQAAQBAJ Report from the Select Committee on East India (Transport of Troops) 2025-08-28 | ... <b>steamer</b> from Calcutta ; three <b>steamers</b> a fortnight . 1443. By your calculation , <b>what number of troops</b> would have been poured into Calcutta before the arrival of those which came round the Cape ; what would have been the gain in <b>troops</b>&nbsp;...
    fJn91ZiEKtoC Battles and capitulation of Santiago de Cuba, tr. from the Spanish 1899 | José Müller y Tejeiro. <b>no</b> roads , because our <b>troops</b> , few in <b>number</b> , could ... <b>each</b> , especially in view of the short distance from Key West to Santiago ... <b>steamer</b> , and there would still be 16,000 . There can be <b>no</b> doubt , as&nbsp;...
    PmBSoOZHo1MC Official Records of the Union and Confederate Navies in the War of the 1896 | ... <b>steamer</b> Baltic , <b>all</b> the provisions and munitions to be put up in portable packages easily handled by one man , the Baltic to carry 300 extra sailors and a suffi- cient <b>number</b> of armed launches to land <b>all</b> the <b>troops</b> at Fort Sumter in&nbsp;...
    7k4KAQAAMAAJ The American Annual Cyclopedia and Register of Important Events of the 1875 | ... <b>number of troops</b> in the colonies , 78,100 . For <b>military</b> purposes , the kingdom is divided into five districts , or &quot; capitanias generales , &quot; at the head of <b>each</b> ... <b>steamers</b> ......... Vessels of the Second Class . 10 wheel - <b>steamers</b> 9&nbsp;...
    KcBgzZxFTVMC Cassell's Illustrated History of India 1878 | ... <b>troops</b> , who , with the exception of those to whom the Persian tents had ... <b>number</b> furnished by Captain McAndrew&#39;s companies of the High- landers . <b>Each steamer</b> ... <b>troops</b> were accompanied by Captain Wray , the Deputy Quartermaster&nbsp;...
E507u	"send her here in time for a flag"	total 349
    aU5IAAAAYAAJ Official Records of the Union and Confederate Navies in the War of the 1897 | ... <b>time</b> , because of accidents which have occurred to <b>her</b> machinery . Respectfully , your obedient servant , Hon . GIDEON WELLES , S. H. STRINGHAM , <b>Flag</b> ... <b>here</b> , and as I have the Union <b>here</b> , and rechartered , I will <b>send her</b> immediately&nbsp;...
    9wfaZJDiEuIC Official Records of the Union and Confederate Navies in the War of the 1897 | ... <b>time</b> , because of accidents which have occurred to <b>her</b> machinery . Respectfully , your obedient servant , Hon . GIDEON WELLES , S. H. STRINGHAM , <b>Flag</b> ... <b>here</b> , and as I have the Union <b>here</b> , and rechartered , I will <b>send her</b> immediately&nbsp;...
    sJc5li7LRV0C The War of the rebellion: a compilation of the official records of the 1884 | 
    3VYSAAAAYAAJ Parliamentary Papers 1842 | ... <b>Her</b> Majesty&#39;s sloop &quot; Wanderer , &quot; under the command of the Honour- able Joseph Denman , fell in with and detained this vessel ; and on the following 15th she anchored in the port of Sierra Leone , whither she had been <b>sent</b> for&nbsp;...
    puBEvE0FnO8C Our work at home & abroad 1882 | ... <b>time</b> ago the <b>flag</b> and the bell <b>sent</b> us , for which please accept our sincere ... <b>here</b> are in company putting <b>it</b> up . We had a big meeting on Christmas Eve in ... <b>her</b> . We would have written to you long <b>time</b> ago , but we were&nbsp;...
    ay8rAQAAMAAJ Proceedings of the United Spanish War Veterans, Department of New York 1929 | ... <b>here</b> at the present <b>time</b> , and all we need in order to complete that report ... <b>flag</b> that was authorized at last year&#39;s convention , held in Jamestown . We ... <b>her</b> a tele- gram as soon as I received the <b>flag</b> , stating that she&nbsp;...
    anRbAAAAQAAJ Accounts and Papers of the House of Commons 1842 | ... <b>Her</b> Majesty&#39;s sloop &quot; Wanderer , &quot; under the command of the Honour- able Joseph Denman , fell in with and detained this vessel ; and on the following 15th she anchored in the port of Sierra Leone , whither she had been <b>sent</b> for&nbsp;...
    V_ArAAAAIAAJ Maritime Notes and Queries 1883 | ... <b>flag</b> . Is <b>it</b> necessary that I should be a naturalised subject of these ... <b>send</b>- ing <b>her</b> to sea ? April 7 , 1876 . SHIPBROKER . [ The Board of Trade ... <b>here</b> , the vessel might be registered in a Colony . Ve sels that were on the&nbsp;...
    ye6X7cHDIgEC Maritime Notes and Queries 1883 | ... <b>flag</b> . Is <b>it</b> necessary that I should be a naturalised subject of these ... <b>send</b>- ing <b>her</b> to sea ? SHIPBROKER . April 7 , 1876 . [ The Board of Trade ... <b>here</b> , the vessel might be registered in a Colony . Vessels that were on the&nbsp;...
    HYEyAQAAMAAJ June 1862-February 1863 1892 | ... <b>flag</b> made ; <b>it</b> is finished and in your house ; and I should get <b>it</b> from there now , as I have seen fit to move about ... <b>send</b> down a party of soldiers to get <b>it</b> , because you will know that I know where <b>it</b> is when I tell you where <b>it</b> is . <b>It</b
E507u	"Russia" "flag ship" 1865 Butler Monroe	total 4
    naw0AQAAMAAJ Armed Forces Journal International 1864 | ... <b>FLAG SHIP</b> MALVERN , January 9 , <b>1865</b> . } SPECIAL ORDER NO . 10. The following vessels will form a separate line ... <b>Russia</b> , Blackstone . The distance between the ships will be as small as consistent with safety . Due notice will&nbsp;...
    3x4_AQAAMAAJ The United States Army and Navy Journal and Gazette of the Regular and 1865 | ... <b>FLAG SHIP</b> MALVERN , January 9 , <b>1865</b> . ARMY AND NAVY JOURNAL . McClellan , Atlantic , Varuna , Tonawanda , De Molay ... <b>Russia</b> , Blackstone . SPECIAL ORDER NO . 10. The following vessels will form a separate line under command of&nbsp;...
    2D06AQAAMAAJ Johnson's New Universal Cyclopædia : a Scientific and Popular Treasury 1875 | ... ( <b>1865</b> ) , The Lost Found , and the Wanderer Welcomed ( 1870 ) , Memoirs and Remains of Rev. M. Dickie , Bristol ( 1872 ) ... <b>flag - ship</b> , into and during the action , and for his services was made ... <b>Russia</b> , gov- 748 TAYLOR .
    2RsiZRCne6kC Who was who in America 1943 | ... <b>1865</b>-67 ; admitted to bar , 1867 , and prac- ticed at Americus , Ga ... <b>Russia</b> . Home : Washington , D.C. Died 1899 . LOHRE of regents Smithsonian ... <b>flag - ship</b> European Sta . , 1871- 73 ; torpedo duty , 1874 ; Tennessee&nbsp;...
E512u	"Seneca at Bermuda"	total 3578
    VBb3dAyGCzsC Admirals and Generals 2010-02 | ... <b>Bermuda</b> end is waiting for your call , Sir . ” They rode in silence as William Seward began to absorb what James Buchanan had told him on the way to <b>Seneca</b> Hill . He was amazed when they entered the house on <b>Seneca</b> Hill , he had&nbsp;...
    _VgAsqc8RRMC The General 2011-05-12 | ... <b>Seneca</b> Hill to St. George&#39;s , <b>Bermuda</b> . Can you patch me through ? Over . ” Sam then pressed a button and waited for the operator&#39;s reply . &quot; Go ahead , <b>Seneca</b> Hill . Over . &quot; A voice said out of the second cone placed beside the first&nbsp;...
    W2IyAQAAMAAJ Bullinger's Postal and Shipping Guide for the United States & Canada 1889 | 
    FChGAQo5TG8C Virginia 2012 | ... <b>Seneca</b> district ; Brookneal district exchanged area with Rustburg and <b>Seneca</b> districts ; Concord district exchanged ... <b>Bermuda</b> district gained area from Matoaca district ; Clover Hill district gained area from Matoaca district and&nbsp;...
    Q3kkAQAAMAAJ Who Owns Whom 1980 | 
    iZ40AQAAMAAJ Oil, Paint and Drug Reporter and New York Druggists' Price Current 1903 | ... <b>Bermuda</b> 1 dr , $ 26 , T Towner , St Croix 4 cyls , $ 201 , Mexico , Havana ... <b>Seneca</b> , Cuba 9 bls , 895 lbs , $ 202 , Valencia , Savanilla 10 bls , 650 ... <b>Seneca</b> , Cuba CUMMIN SEED - 10 bgs , 1,200 lbs , $ 102 , Seg- uranca&nbsp;...
    vEr9eZA8V6kC Physicians and Surgeons of America 1896 | ... <b>Seneca</b> Falls , N. Y. After a preparatory course at <b>Seneca</b> Falls Academy , he began to read medicine , 1876 , with ... <b>Bermuda</b> . Married , September 27 , Palmer , of <b>Seneca</b> Falls. PHYSICIANS AND SURGEONS OF AMERICA . 559.
    1f2wiAWTo5sC The Vancouver Stock Exchange 1996 | ... <b>Seneca</b> Developments Ltd. , a Quebec based uranium deal which was a real high flyer in its heyday . <b>Seneca</b> did one of ... <b>Bermuda</b> Triangle , <b>Seneca</b> had William R. Jones of Vancouver , Jones Tent and Awning , and a mysterious&nbsp;...
    GoTNAAAAMAAJ United States Official Postal Guide 1911 | ... <b>Bermuda</b> , Conecuh ... Ala <b>Bermuda</b> , Decatur ...... Ga <b>Bermuda</b> , Natchitoches La Berwind . McDowell .. W. Va <b>Bermuda</b> , Dimmit Maine Bettsville , <b>Seneca</b> Berwind , Las Animas.Colo Betty , Greene Tex Berwinsdale , Clearfield .. Pa <b>Bermuda</b>&nbsp;...
    V4lUFM97GgoC 2010 Census of Population and Housing: no. 1. United States summary 2012 | ... <b>Seneca</b> district ; Brookneal district exchanged area with Rustburg and <b>Seneca</b> districts ; Concord district exchanged ... <b>Bermuda</b> district gained area from Matoaca district ; Clover Hill district gained area from Matoaca district and&nbsp;...
E512u	"Winants" "Hancox" 1865	total 8
    OeuqO9UOOZIC Report of the Secretary of War, which Accompanied the Annual Message o 1866 | ... <b>1865</b> Jan. 11 , <b>1865</b> ..do . Molocka .... Ship 699 Nov. 2 , 1864 Nov. 2 , 1864 ..do . W. R. Beebe ... <b>Winants</b> Steamer Blackbird .do . 256 City of Hudson . .do C. Vanderbilt ... .do Columbus .do . City of Troy do . Express do Eliza <b>Hancox</b>&nbsp;...
    7FwCOfeSX14C Message of the President and Accompanying Documents 1866 | ... <b>Winants</b> Steamer Blackbird .do . 256 Dec. 29 , 1864 Dec. 29 , 1864 Capt . W. L. James . Dec. 29 , 1864 Dec. 29 , 1864 ... <b>Hancox</b> . do . 382 Nov. 1 , 1863 Nov. 1 , 1863 Major S. Van Vleit . 347.48 Oct. 9 , 1864 Oct. 9 , 1864 Capt&nbsp;...
    Vqa5u5IXtaoC Annual Report of the Secretary of War 1866 | ... <b>Winants</b> Steamer 257 225. 57 June 15 , 1864 June 15 , 1864 Capt . A. S. Kimball 135 Sept. 23 , 1864 Sept. 23 , 1864 ... <b>Hancox</b> . do 256 Aug. 14 , 1864 Aug. 14 , 1864 Capt . A. S. Kimball 444. 23 June 1 , 1863 June 1 , 1863 Major S&nbsp;...
    2QSxkxE2fNkC Annual Report of the Quartermaster-General to the Secretary of War for 1880 | ... <b>Winants</b> Steamer ... 274.42 June 14 , 1864 257 June 14 , 1864 ... do Feb. 25 , 1864 Feb. 25 , 1864 Lt. Col. H. Biggs ... <b>Hancox</b> do Ella do 9 , 1864 Capt . W.L.James Capt . R. G.Orme , a . q . m . Flora Temple . do Gen. D. H. Rucker&nbsp;...
    h_9UAAAAcAAJ House Documents 1866 | ... <b>1865</b> Jan. 11 , <b>1865</b> ..do . Molocka Ship 699 Nov. 2 , 1864 Nov. 2 , 1864 ...... do W. R. Beebe ... <b>Winants</b> Steamer Blackbird do . 256 City of Hudson .do . C. Vanderbilt . do . Columbus do . City of Troy .do . Express do Eliza <b>Hancox</b>&nbsp;...
    nZ0FAAAAQAAJ House Documents, Otherwise Publ. as Executive Documents 1866 | ... <b>1865</b> Jan. 11 , <b>1865</b> ..do . Molocka . Ship 699 W. R. Beebe ..... Schooner 346 Colonel W. L. ... <b>Winants</b> Steamer Blackbird ..do . 256 City of Hudson do . C. Vanderbilt ... do 482 Columbus do . City of Troy do . Express do . Eliza <b>Hancox</b>&nbsp;...
    PhNAAAAAYAAJ Annual Report of the Quartermaster General of the Operations of the Qu 1865 | ... <b>Winants</b> Steamer 257 Feb. 25. 1864 Feb. 25 , 1864 Lt. Col. H. Biggs , 1 a . q . m . Blackbird . do 256 City of Hudson ... <b>Hancox</b> . do Ella .. do . Aug. 14 , 1864 Aug. 14 , 1864 Capt . A. S. Kimball 444. 23 June 1 , 1863 June 1&nbsp;...
    nSwaAAAAMAAJ Annual Reports of the War Department 1866 | ... <b>Winants</b> Steamer 257 Blackbird .do . 256 City of Hudson . .do . C. Vanderbilt ... .do . 444. 23 June 1 , 1863 June 1 ... <b>Hancox</b> do . 382 Nov. 1 , 1863 Nov. 1 , 1863 Major S. Van Vleit . 347.48 Oct. 9 , 1864 Oct. 9 , 1864 Capt&nbsp;...
E520u	"Baltic" "Ariel" "Illinois" "Sedgwick" "Victor" 1865	total 5
    mkJ_4G_EE6MC The War of the Rebellion: v. 1-53 [serial no. 1-111] Formal reports, b 1895 | ... <b>1865</b>-10.10 a . m . Col. R. M. NEWPORT , Chief Quartermaster , Baltimore : <b>Ariel</b> , <b>Illinois</b> , General <b>Sedgwick</b> , <b>Victor</b> , and <b>Baltic</b> are ordered from Fort Monroe to Baltimore ; should be there this morning . Suwo Nada is on her way from&nbsp;...
    tMktAAAAIAAJ The War of the Rebellion 1895 | ... <b>1865</b>-10.10 a . m . Col. R. M. NEWPORT , Chief Quartermaster , Baltimore : <b>Ariel</b> , <b>Illinois</b> , General <b>Sedgwick</b> , <b>Victor</b> , and <b>Baltic</b> are ordered from Fort Monroe to Baltimore ; should be there this morning . Suwo Nada is on her way from&nbsp;...
    hDrcE0_iM-8C The War of the rebellion: a compilation of the official records of the 1895 | 
    cJRovKU5AcIC House documents 1895 | ... <b>1865</b>–10.10 а . т . Col. R. M. NEWPORT , Chief Quartermaster , Baltimore : <b>Ariel</b> , <b>Illinois</b> , General <b>Sedgwick</b> , <b>Victor</b> , and <b>Baltic</b> are ordered from Fort Monroe to Baltimore ; should be there this morning . Suwo Nada is on her way from&nbsp;...
    ij8fAQAAMAAJ The Papers of Ulysses S. Grant: November 16, 1864-February 20, 1865 1967 | ... <b>Ariel</b> &#39; 973 men and the &#39; <b>Sedgwick</b> &#39; 496 men , have arrived - The troops ... <b>Baltic</b> went up yesterday to Annapolis , ready for sea - She ought to take a ... <b>Victor</b> with three hundred and seventy five ( 375 ) men has sailed - All&nbsp;...
E532u	"transportation for four thousand men"	total 1
    QYcR7koQXQEC The St. Louis-San Francisco Transcontinental Railroad 1972 | ... <b>transportation for four thousand men</b> at a mo- ment&#39;s notice , and capacity for three thousand more if fifty platform cars could be altered . However , four engines which needed only minor re- pairs remained idle in the machine shop for&nbsp;...
E532u	"what time can this transportation"	total 370
    3ymrpLPwRiwC Container Terminals and Automated Transport Systems 2014-07-08 | ... <b>transportation</b> system (Bodin et al., 1983) or a static dial-a-ride problem with multiple vehicles of single ... <b>can</b> be found if the total vehicle travel <b>time</b> in the planning horizon is known. The lower bound on the required&nbsp;...
    870LEFbxZTQC Transportation Decision Making 2011-09-09 | ... <b>time</b>. —EliZabeth I (1533—1603) INTRODUCTION There is an old adage that “<b>time</b> is money.” But <b>can time</b> have a value? The attributes of <b>time</b> make it unexchangeable and therefore, strictly speaking, <b>time</b> cannot be purchased, sold, or&nbsp;...
    7SGl9LzwiZwC Complex Scheduling 2011-09-29 | Peter Brucker, Sigrid Knust. arise between different <b>transport</b> operations . Thus , we <b>do</b> not have to decide which robot transports which job and the <b>transportation times can</b> be modeled by minimal <b>time</b> - lags between operations of the&nbsp;...
    xERDEAAAQBAJ Emerging Frontiers in Operations and Supply Chain Management 2021-09-15 | ... <b>can</b> bring lower safety stock level, low stock-out loss, and improved customer service level, leading toward an efficient supply chain. Liao ... <b>Transportation Time</b>, and Their Control 2.6 Inventory Models with Service-Level Constraint.
    nd5oDQAAQBAJ Intelligent Transport Systems in Europe 2006 | ... <b>Transportation</b> ( IGT ) <b>will</b> also provide alternatives to individual or regular public <b>transport</b> . Overall ... <b>time</b> , fare , as well as the travel <b>time</b> , <b>can</b> be given to a new passenger during the primary booking call . Another&nbsp;...
    AvJSAAAAMAAJ Transportation Research Record 2002 | ... <b>time</b> - space constraints on individual travel behavior , and ( c ) explicit modeling variability of travel demand ... <b>transportation</b> flows . Thus , a decision on the capacity of the planned <b>transportation</b> facility <b>can</b> be made on&nbsp;...
    KixPAAAAMAAJ Transportation Geography: Comments and Readings 1973 | ... <b>transportation</b> service is considered in more detail in a trans- port costing ... <b>Transport</b> charges are considered at the ... <b>time</b> period , congestion costs for the next <b>time</b> period are estimated so that total <b>transport</b> user costs <b>can</b>&nbsp;...
    kmJPwmorZFcC Tourism Management in Southern Africa 2003 | ... <b>time</b> because this improves their efficiency and reduces expenditure on such trips . In the case of leisure travellers , an increase in speed <b>will</b> mean that a larger territory <b>can</b> ... <b>transportation</b> offers a high degree of accessibility&nbsp;...
    cHxrAAAAMAAJ Emergency Care and Transportation of the Sick and Injured 1999 | ... <b>What time</b> did the incident occur ? • Are there any changes in behavior or level of consciousness ? • Was there any choking or coughing after the expo- sure ? ( These <b>can</b> be signs of airway involvement . ) • Are there any burns or&nbsp;...
    FcG7AAAAIAAJ Land Transportation 1982 | ... <b>should</b> run the secondary and tertiary lines . Q- Supposing , the secondary streets <b>could</b> not accommo- date all these jeepneys in Metro - Manila ? A That is a problem created by Government , and I am hopeful that this in due <b>time can</b> be&nbsp;...
