COUNT officialrecords10librgoog | Elias Smith | 0 total, 0 shown
COUNT officialrecords10librgoog | Tribune corre | 0 total, 0 shown
COUNT officialrecords10librgoog | Webster | 0 total, 0 shown
COUNT officialrecords10librgoog | Carney | 0 total, 0 shown
COUNT officialrecords10librgoog | Frank J\. White|Colonel White | 0 total, 0 shown
COUNT officialrecords10librgoog | Lanman | 0 total, 0 shown
officialrecords10librgoog | Parker | 26563 :: S. N., 1861. Potomac Flotilla, under Lieutenant Wyman, U. 8. N., 1861-1862. Potomac Flotilla, under Commodore Harwood, U. S. N., 1862-1863. Potomac Flotilla, under Commander Parker, U. S. N., 1863-1865. 5. Atlantic Blockading Squadrons, 1861-1865. Atlantic Blockading Squadron, under Flag-Offlcer Stringham, U. S. N., May 13 to Sept 23, 1861. West India Squadron, under Flag-Offlcer Pendergrast, U. S
officialrecords10librgoog | Parker | 58012 :: Nary, regarding the extension of the limits of the Potomac Flotilla. Navy Department, February 6, 1865. Sir : On the 31st ultimo the Oeparment authorized Commander F. A. Parker to extend the limits of the Potomac Flotilla to Back River, Vir- ginia, and to take command of the vessels of the North Atlantic Squad- ron within those limits. Very respectfully, etc., Gideon Welles, Secretary of th
officialrecords10librgoog | Parker | 59260 :: ary 11, last, I have ordered the Heliotrope (now at Norfolk) and one of the picket boats from James River to proceed to St. Iuigoes, Md., and report to Commander F. A. Parker for duty in the Potomac Flotilla. 1 am, sir, very respectfully, your obedient servant, David D. Porter, Bear-Admiral. Hon. Gideon Welles, Secretary of the Navy, Washington, /), C. General instructions from Rear- Admi
officialrecords10librgoog | Parker | 185768 :: Admiral. Lieutenant-Commander E. £. Stone, Commanding Montauk. 46 NORTH ATLANTIC BLOCKADING SQUADRON. Order of Bear-Admiral Porter, U. 8. Navy, to Lieutenant-Commander Parker, U. 8. Navy, to proceed to duty in the James River. Off Wilmington, February 22, 1865. Sir: You will proceed with your vessel up James River and report to Commodore William Radford for 'duty iu his district. Respect
officialrecords10librgoog | Parker | 186107 :: th your vessel up James River and report to Commodore William Radford for 'duty iu his district. Respectfully, • David D. Porter, Rear-Admiral. Lieutenant Commander J as. Parker, Commanding Maumee, off Wilmington, N. C. I Telegram.] City Point, February 22, \1865]. I will be up tonight. It is thought an attack will be made in a few days, or at any time. Captain Nichols, U. 8. S
officialrecords10librgoog | Parker | 240292 :: hom I was ordered to report when ordered to the command of this flotilla, to send two or more gunboats up the Rappahannock. I telegraphed to General Grant that Commander Parker was in command of that district, and that he had gunboats better adapted for those waters. In reply the general stated that he wished me to send them, as they were to go on a special expedition, and to go immedia
COUNT officialrecords10librgoog | Parker | 48 total, 6 shown
officialrecords10librgoog | Foster | 251845 :: Act Vol. Lt. G. B. Livingston. . Act Mas. and Pilot J. Evans. . . Acting Master R. G. Lee , Act Vol. Lieut Peter Hays Lieut Com . A. W. Weaver Act Vol. Lieut A. P. Foster Acting Ensign G. W. Hadden. Present duty or sta- tion. Detached. Sounds, North Caro- lina. Hampton Roads. James River, Va. Beaufort N. C. Do. New Berne, N. C. James River. Norfolk, Va. Sound*, North Caro-
officialrecords10librgoog | Foster | 365618 :: orders to give? David D. Porter, Rear- Admiral. Hon. Gideon Welles, Secretary of the Navy. Order of Rear- Admiral Porter, TJ. S. Navy, to Acting Volunteer Lieuten- ant Foster, TJ. S. Navy, commanding TJ. S. S. Commodore Perry. City Point, Va., April 11, 1865. Sir: Take your station at 3 miles below Rocketts &s guard ship. Examine all vessels not in the quartermaster's employ, such as sut
officialrecords10librgoog | Foster | 366163 :: egu- lar permit from General Patrick, provost-marshal-general. Respectfully, David D. Porter, Rear-Admiral, Commanding North Atlantic Squadron. Acting Volunteer Lieutenant A. P. Foster, Commanding Commodore Perry. Order of Rear-Admiral Porter, TJ. S. Navy, to Commander Spotts, TJ. S. Navy, commanding U. S. S. Pawtuxet. City Point, Va., April 11, 1865. Sir: Proceed up James River to a position 1
officialrecords10librgoog | Foster | 410627 :: Commander H. N. T. Arnold — Act. VoL Lieut H. S. WeUnore. . Aoting Master H. H. Foster . . Acting Master H. Bingham. Lieut Com. E. E. Potter Act. Vol. Lieut A. P. Foster . . . . ' Acting Ensign G. W. Hadden. . . Acting Ensign W. W. Ottiwell. . Aoting Ensign Griffin . James River. Sounds, North Caro- lina. Beaufort Hampton Roads. Ordered to West Gulf Squadron. Norfolk (repairing)
officialrecords10librgoog | Foster | 489688 :: ge Lieut. Com. W. C. West Acting Assistant Paymaster G.R.Watkina. Acting Ensign J. Blake Commander H. N. T. Arnold Acting Master H. Bingham.. Act VoL Lieut A. P. Foster . Present duty or station. Hampton Roads. Navy yaid. Norfolk (repairing). Beaufort, N.C. Do. Sounds, North Caro- lina. Hampton Roads. Navy yard, Norfolk (repairing). Chickahomlny River. James River. 15
officialrecords10librgoog | Foster | 592740 :: ....do ....do Richmond . ....do Hampton . . do . C. B. Boh ami on . W. B Lit t It* page. A. W. Masters.... S. L. Simpson L. Bftwdoin W.R. Rowe B. Smith H. Foster W.Smith Nansemond. do do Roanoke do Beaufort .....do do Torpedo Hospital. Charge of lighter. Hospital. Hospital. 188 NORTH ATLANTIC BLOCKADING SQUADRON. [Telegram.] Florence, [S. 0.1, February 19, 18
COUNT officialrecords10librgoog | Foster | 30 total, 6 shown
COUNT officialrecords10librgoog | Portsmouth, N | 0 total, 0 shown
COUNT officialrecords10librgoog | Abbott | 7 total, 0 shown
COUNT officialrecords10librgoog | Vogdes | 0 total, 0 shown
COUNT officialrecords10librgoog | Sheldon | 4 total, 0 shown
COUNT officialrecords10librgoog | Emerick | 0 total, 0 shown
COUNT officialrecords10librgoog | Eastern District | 0 total, 0 shown
COUNT wardiaryevents00gordrich | Elias Smith | 0 total, 0 shown
COUNT wardiaryevents00gordrich | Tribune corre | 0 total, 0 shown
COUNT wardiaryevents00gordrich | Webster | 0 total, 0 shown
COUNT wardiaryevents00gordrich | Carney | 0 total, 0 shown
COUNT wardiaryevents00gordrich | Frank J\. White|Colonel White | 0 total, 0 shown
COUNT wardiaryevents00gordrich | Lanman | 0 total, 0 shown
COUNT wardiaryevents00gordrich | Parker | 0 total, 0 shown
wardiaryevents00gordrich | Foster | 376895 :: ple, was suggestive of what might take place should our country be invaded in a foreign war. It was hard to realize that this was my own country. Major-General John G. Foster was in command of the department of the James, with headquarters at Fortress Monroe. No longer the slim cadet of yore, he was burly in figure and six feet in height, with a pleasing smile and genial welcome for al
wardiaryevents00gordrich | Foster | 379450 :: ark ing her complement of troops at Newport News, the " Em pire City " was directed to take myself and staff on board at Fortress Monroe. In the mean time, at General Foster's invitation, I had joined a party of officers with ladies on their way to the iron-clad, turreted ship " Eoanoke " (cut down from her former size of a sister ship of the " Minne sota "), the foremost vessel awai
wardiaryevents00gordrich | Foster | 948850 :: 289. Fort Fisher, first attack on, 366- 368 ; second attack on, and capt ure of, by Union forces, 373-375. Fortress Monroe, and its vicinity, description of, 358, 359. Foster, General John G., command ing the Department of the James, 172, 173 ; account of his interview with President Lincoln, 172, 173. Fraternization between Union and Rebel soldiers, 100, 235, 236, 250, 256, 257, 261, 266
COUNT wardiaryevents00gordrich | Foster | 12 total, 3 shown
COUNT wardiaryevents00gordrich | Portsmouth, N | 0 total, 0 shown
COUNT wardiaryevents00gordrich | Abbott | 0 total, 0 shown
COUNT wardiaryevents00gordrich | Vogdes | 5 total, 0 shown
COUNT wardiaryevents00gordrich | Sheldon | 0 total, 0 shown
COUNT wardiaryevents00gordrich | Emerick | 0 total, 0 shown
COUNT wardiaryevents00gordrich | Eastern District | 0 total, 0 shown
COUNT telegraphinginba00obri | Elias Smith | 0 total, 0 shown
COUNT telegraphinginba00obri | Tribune corre | 0 total, 0 shown
telegraphinginba00obri | Webster | 304176 :: ednesday, January 4th. — Nichols got up first time he was called — something unheard of before. Very busy all day with ciphers. Colonel Dodge making arrangements with Colonel Webster, quarter- master at Fort Monroe, in cipher, for Terry's expedi- 180 REMINISCENCES OF THE CIVIL WAR tion. Tom Morrison and Loucks, operators, over from the Petersburg front to see me. We bunk them for the night.
telegraphinginba00obri | Webster | 328000 :: and, both speculating on the chances of war in our new field, forgot our chess board and men and left them on the boat. Arrived at Fort Monroe at 4 P.M. Saw Colonel Webster, who told us General Schofield had not yet arrived. Went to Norfolk, leaving ''Lucy" in Mr. Fulton's charge at Fort Monroe. Went to Portsmouth and surprised James, who had known nothing of our new movements. We slep
COUNT telegraphinginba00obri | Webster | 3 total, 2 shown
COUNT telegraphinginba00obri | Carney | 0 total, 0 shown
COUNT telegraphinginba00obri | Frank J\. White|Colonel White | 0 total, 0 shown
COUNT telegraphinginba00obri | Lanman | 0 total, 0 shown
telegraphinginba00obri | Parker | 121658 :: one Inlet, a more sheltered position, and the Fort Monroe cable was relaid over to that point. Major Eckert assembled at Fort Monroe a telegraph construction party, under Parker Spring, with material to build lines with the Army of the Potomac in the forthcoming campaign, and on April 3rd, with a party of eight additional operators, arrived at the Fort, having accompanied General McClellan fr
COUNT telegraphinginba00obri | Parker | 3 total, 1 shown
COUNT telegraphinginba00obri | Foster | 5 total, 0 shown
COUNT telegraphinginba00obri | Portsmouth, N | 0 total, 0 shown
COUNT telegraphinginba00obri | Abbott | 0 total, 0 shown
COUNT telegraphinginba00obri | Vogdes | 0 total, 0 shown
telegraphinginba00obri | Sheldon | 136711 :: but enjoyed the unusual experience quite as much as if I had slaughtered a whole flock of geese. General Wool had missed and kindly inquired for me, and requested j\Ir. Sheldon to bring me back to Fort Monroe. McClellan being now on the Peninsula with the army advancing on Yorktown, the telegraph work at Fort Monroe was becoming heavy, so Mr. Sheldon requested that I be returned, and Majo
telegraphinginba00obri | Sheldon | 136918 :: to bring me back to Fort Monroe. McClellan being now on the Peninsula with the army advancing on Yorktown, the telegraph work at Fort Monroe was becoming heavy, so Mr. Sheldon requested that I be returned, and Major Eckert so directed. Richard, Sheldon, Jim Norris and myself were then the operators who, at Fort Monroe, handled and repeated McClellan's business with Washington. With McClellan,
telegraphinginba00obri | Sheldon | 137007 :: the army advancing on Yorktown, the telegraph work at Fort Monroe was becoming heavy, so Mr. Sheldon requested that I be returned, and Major Eckert so directed. Richard, Sheldon, Jim Norris and myself were then the operators who, at Fort Monroe, handled and repeated McClellan's business with Washington. With McClellan, in the field, were Harper Caldwell, chief operator; Jesse Bunnell, C. W. Ja
telegraphinginba00obri | Sheldon | 252208 :: other across from Jamestowm Island to Wil- liamsburg, whence it completed connection by Mc- Clellan's old wire to Fort Monroe and Washington. Richard, with the assistance of Sheldon, from Fort Monroe, then united these links by a submarine cable from Jamestown Island to Fort Powhatan, some nine- teen miles in the James River, and a short one across the Appomattox. The James River cable was nece
telegraphinginba00obri | Sheldon | 274302 :: outh, Suffolk, Camp Getty, and other points in that vicinity. In the Fall, Major Eckert sent more operators to Norfolk and transferred me to Fort Monroe, where George D. Sheldon had replaced, as chief operator, his brother Lem Sheldon, who was now in charge of militar}^ telegraphs in South Carolina. I worked twelve hours a day, from 2 a.m. until 2 p.m., when Charlie Homan relieved me for
telegraphinginba00obri | Sheldon | 274368 :: ity. In the Fall, Major Eckert sent more operators to Norfolk and transferred me to Fort Monroe, where George D. Sheldon had replaced, as chief operator, his brother Lem Sheldon, who was now in charge of militar}^ telegraphs in South Carolina. I worked twelve hours a day, from 2 a.m. until 2 p.m., when Charlie Homan relieved me for twelve hours ; and Billy Dealy worked all day. During my
COUNT telegraphinginba00obri | Sheldon | 10 total, 6 shown
COUNT telegraphinginba00obri | Emerick | 2 total, 0 shown
COUNT telegraphinginba00obri | Eastern District | 0 total, 0 shown
COUNT militarytelegraph02plumrich | Elias Smith | 0 total, 0 shown
COUNT militarytelegraph02plumrich | Tribune corre | 0 total, 0 shown
militarytelegraph02plumrich | Webster | 204153 :: office of General J. D. Webster, the efficient and talented Superintendent of military railroads in that department. The trains were run largely on telegraphic orders from Webster's office. A large number of the department operators served in the city office temporarily. 84 THE MILITARY TELEGRAPH DURING THE Captain Fuller made Memphis his head-quarters from about the first of February, 1863,
COUNT militarytelegraph02plumrich | Webster | 4 total, 1 shown
COUNT militarytelegraph02plumrich | Carney | 1 total, 0 shown
COUNT militarytelegraph02plumrich | Frank J\. White|Colonel White | 0 total, 0 shown
COUNT militarytelegraph02plumrich | Lanman | 0 total, 0 shown
militarytelegraph02plumrich | Parker | 847505 :: wing telegrams, received by H. H. At- water, operator at the Navy Yard, will indicate some of the ac- tivity that prevailed : War Department, April 14, 1865. To Commander Parker: An attempt has been made this p. m. to assassinate the Presi- dent and Secretary of State. The parties may escape, or attempt to escape, down the Potomac. J. H. Taylor, Chief of Staff. 330 THE MILITARY TELEGRA
militarytelegraph02plumrich | Parker | 847967 :: DURING THE Navy Yard, Washington, April 14, 1865. S. NiCKERSON, a Vol. Lieut., St. Inegoes: Send the fastest vessel you have, with the following message, to Commander Parker. T. H. Eastman, Comdr. Potomac Flotilla, To Commander Parker: An attempt has, this evening, been made to assassinate the President and Secretary Seward. The President was shot through the head and Secretary Seward had
COUNT militarytelegraph02plumrich | Parker | 8 total, 2 shown
militarytelegraph02plumrich | Foster | 74647 :: d to the command of the Department of North Carolina, but Burnside having withdrawn so many troops, Foster could not act aggressively to any considerable ex • tent. After Foster took twelve thousand troops to the South Carolina coast, it was still more certain that advances were hardly to be counted on from that quarter. On the 1st of February, General Pickett, commanding the Confederates in
militarytelegraph02plumrich | Foster | 85766 :: cavalry company, S. B. Fairchild, form- erly manager of New Haven, Connecticut, office, B. B. Glass from Department of the Missouri, S. L. Griffin, J. J. Wilkie, Pitfield, Foster, David Elphick and Henry Stouder. December 16, General N. P. Banks succeeded Butler in the department, which then included Texas. Banks' forces (Nine- teenth Army Corps), about thirty thousand, were expected to aid in
militarytelegraph02plumrich | Foster | 675931 :: n the south and Petersburg around the rebel right. Butler laid a pontoon across the James at Big Bottom, and W. H. Wilson opened an office on the north bank at General Foster's head- quarters. The Second Corps debarked there, and for several days it and the Tenth Corps engaged the enemy along Bailey's Creek near by, Wilson at the time being at Hancock's head- quarters, which were in telegra
COUNT militarytelegraph02plumrich | Foster | 11 total, 3 shown
COUNT militarytelegraph02plumrich | Portsmouth, N | 0 total, 0 shown
COUNT militarytelegraph02plumrich | Abbott | 0 total, 0 shown
COUNT militarytelegraph02plumrich | Vogdes | 0 total, 0 shown
militarytelegraph02plumrich | Sheldon | 56530 :: service in preparation for a third one, that early in September, 1863, the works were occu- pied, unopposed ; the enemy having evacuated the night previ- ous. Lemuel F. Sheldon and his brother George D. entered the United States telegraph service about the same time (early in 1862), the former at Fortress Monroe, and the latter at Wheeling, W. Va., afterwards at Martinsburg and General Sche
militarytelegraph02plumrich | Sheldon | 100192 :: nt became greatly ex- hausted from long vigilance. In only one office was there more than one operator, and that was New Orleans, the focal point in the department, where Sheldon was zealously assisted by Henry Stouder, at that time a very ordinary operator. While General Taylor was operating against Fort Butler and Brashier City, Sheldon, about midnight, granted permission to the operators at
militarytelegraph02plumrich | Sheldon | 100379 :: ent, where Sheldon was zealously assisted by Henry Stouder, at that time a very ordinary operator. While General Taylor was operating against Fort Butler and Brashier City, Sheldon, about midnight, granted permission to the operators at La Fourche, Baton Rouge and Donaldsonville to retire until six 44 THE MILITARY TELEGRAPH DURING THE A. M. , as they had been on continuous duty for two day
militarytelegraph02plumrich | Sheldon | 330000 :: was detailed from the ranks, and sent in June to the army of the Potomac. Other operators were stationed in this vicinity, as follows : At Fort Monroe, chief, George D. Sheldon, John A. Sheridan, C. L. Snyder and Silas C. Burns ; at New- port News, F. B. Knight ; at head-quarters near Portsmouth, Wilbur F. Halloway ; at Norfolk, John E. O'Brien ; at Fort Magruder, Robert J. Murphy ; at
militarytelegraph02plumrich | Sheldon | 670041 :: by T. Q. Waterhouse. W. N. Embree at Jamestown Island until relieved in August by T. CIVIL WAR IN THE UNITED STATES. 261 N. Loucks. At Fort Monroe, were George D. Sheldon, C. L. Snyder, W. J. Dealy, C. A. Homan and S. C. Burns. This line, from Swan's Point, opposite Jamestown Island via Surrey Court House, was frequently interrupted by guerrillas, and as a suffi- cient force could no
militarytelegraph02plumrich | Sheldon | 810769 :: ishop, George B. Davis, John W. Carver, A. F. Childs, Richard Powers, W. L. Ives, A. G. Hancock, W. S. Maynard ; and on the Fort Monroe and City Point wire, George D. Sheldon, chief ; John D. Tinney, A. G. Safford, Thomas Morrison, R. J. Murphy, C. A. Mixer, M. S. Andrews, H. D. Frank, J. E. O'Brien, V. H. Wells, T. Q. ^^"aterhouse, and C. A. Homan. With the armies in the field were
COUNT militarytelegraph02plumrich | Sheldon | 32 total, 6 shown
militarytelegraph02plumrich | Emerick | 811619 :: n February, at head-quarters Army of the Potomac, A. H. Caldwell, James Caldwell and Richard Graham ; at head- quarters Army of the James, commanded by General Ord, J. H. Emerick, J. H. Nichols, F. W. Davis, M. A. Huyck, Charles H. Mixer ; at General Sheridan's was R. R. McCaine. At various stations about Petersburg and Bermuda Hundred, were J. A. Munson, J. J. Mulligan, L. M. Painter, J.
COUNT militarytelegraph02plumrich | Emerick | 21 total, 1 shown
COUNT militarytelegraph02plumrich | Eastern District | 0 total, 0 shown
COUNT recollectionsofc00danauoft | Elias Smith | 0 total, 0 shown
COUNT recollectionsofc00danauoft | Tribune corre | 0 total, 0 shown
COUNT recollectionsofc00danauoft | Webster | 0 total, 0 shown
COUNT recollectionsofc00danauoft | Carney | 0 total, 0 shown
COUNT recollectionsofc00danauoft | Frank J\. White|Colonel White | 0 total, 0 shown
COUNT recollectionsofc00danauoft | Lanman | 0 total, 0 shown
COUNT recollectionsofc00danauoft | Parker | 2 total, 0 shown
COUNT recollectionsofc00danauoft | Foster | 2 total, 0 shown
COUNT recollectionsofc00danauoft | Portsmouth, N | 0 total, 0 shown
COUNT recollectionsofc00danauoft | Abbott | 0 total, 0 shown
COUNT recollectionsofc00danauoft | Vogdes | 0 total, 0 shown
COUNT recollectionsofc00danauoft | Sheldon | 0 total, 0 shown
COUNT recollectionsofc00danauoft | Emerick | 0 total, 0 shown
COUNT recollectionsofc00danauoft | Eastern District | 0 total, 0 shown
COUNT privateofficialc05butl | Elias Smith | 0 total, 0 shown
COUNT privateofficialc05butl | Tribune corre | 0 total, 0 shown
privateofficialc05butl | Webster | 20564 :: his denuncia- tion of Wade for his letter " after receiving as much as he had from the Administration and the Govt." He said many things but few worth repeating here. Webster, Chief Cl'k. State D., said the whole thing meant that "in order to save the country you must make Old LETTERS OF GEN. BENJAMIN F. BUTLER 9 Ben Butler President!" That was the Protest reduced to a
privateofficialc05butl | Webster | 48526 :: was much prejudiced against this class of boats originally, but their service has shown their utility. Respectfully, Your obedient servant, (Benj. F. Butler) From W. P. Webster to General Butler Office of Provost Judge, Dept. of Va. and N. Car. Norfolk, Va., Aug. 8th, 1864 Dear Gen'l. : I received yours of to-day, and will mark the suggestions. I wish that I had known your wishes earl
privateofficialc05butl | Webster | 50672 :: ic man. I think the whole mechanical operations of the Government need more systematizing than they have ever received. Please communicate freely to me. Yours Truly, W. P. Webster, Prov. Judge From Mrs. Butler to General Butler St. Nicholas Hotel, Aug. 8th, '64 Dearest: We arrived here this evening, covered with dust and very tired. Bennett has gone to look for Dr. McCormick. Is it really
privateofficialc05butl | Webster | 233638 :: But if you were at home, contented, I should be satisfied if it were less pretty than it is. There are rumors very frequently that you are to be Secre- tary of War. Webster writes that Susy and I need not trouble ourselves with too many plans in relation to Fortress Monroe, as it is not at all unlikely that Washington will be the place. Write me what you think about it. If I though
privateofficialc05butl | Webster | 347339 :: at I should come down to the fort and take a sweat last night. So down we came (mind I am not the least sick enough for a doc- tor), got here about 9 o'clock, found Webster gone to Norfolk and not to return we didn't know when, and all the keys gone with him. So we broke open the door to our room, heated some water, I took a warm bath, a preparation by the doctor, a warm toddy,
privateofficialc05butl | Webster | 383290 :: . Gen'l. Comcfg. From General Butler Telegram. Hd. Qrs. Army of the James, Sept. (Mth), 1864 [Not in chronological order] Mr. D. W. C. Farrington, Norfolk See Col. Webster. Ship by the first boat possible your cotton to New York. Go yourself there. Make a bargain with some auctioneer to sell the cotton at the cheapest possible rate. As there may be large amounts there should be larg
COUNT privateofficialc05butl | Webster | 87 total, 6 shown
privateofficialc05butl | Carney | 676856 :: and borrow enough money (if I can) on Col. Butler's stock to cover his debt. I will write to my friend in Montreal to send me your bonds, which I will place in Mr. Carney's hands for safe keeping. With sincerest good wishes for your health and continued good fortune. y^^^^ ^^^^ ^^^j^^ Richard Fay, Jr. From General Butler to Simon Cameron In the Field, Oct. I9th, 1864 My dear Sir :
privateofficialc05butl | Carney | 891754 :: he paper from London, to place the whole matter in its true light. For this purpose I shall freely use your favor, and remain, Sir ' Very respectfully, yours, Jas. G. Carney LETTERS OF GEN. BENJAMIN F. BUTLER 357 From Edward W. Serrell to General Butler No. 57 West Washington Place, New York, Nov. 19,1864 General: Supposing it possible that it may be of interest to you and the
privateofficialc05butl | Carney | 901011 :: unless you know it say nothing about it. Webster and family have gone to Norfolk to live in the Brown house. No word from Shepley that I have heard of. Farrington and Carney have given us an invitation for a Thanksgiving dinner next Thursday. Would you not like to join us? Shepley is invited. The Admiral, Mrs. Porter, and the stafif called on me the last fair day. There were several th
COUNT privateofficialc05butl | Carney | 9 total, 3 shown
COUNT privateofficialc05butl | Frank J\. White|Colonel White | 0 total, 0 shown
COUNT privateofficialc05butl | Lanman | 0 total, 0 shown
privateofficialc05butl | Parker | 8283 :: enough to throw a bridge over the James or Appomattox. I do not order this, if you see any good reason for keeping it as it is. U. S. Grant, Lt. Genl. From E. S. Parker to General Butler CiTT Point, Aug. 4, 1864 Gen. Grant left about an hour ago. E. S. Parker, A. A. C. From J. K. Herbert to General Butler Washington, D.C, August ith, 1864 My dear General: My friend. Gov. Fo
privateofficialc05butl | Parker | 8395 :: ood reason for keeping it as it is. U. S. Grant, Lt. Genl. From E. S. Parker to General Butler CiTT Point, Aug. 4, 1864 Gen. Grant left about an hour ago. E. S. Parker, A. A. C. From J. K. Herbert to General Butler Washington, D.C, August ith, 1864 My dear General: My friend. Gov. Ford, this day showed me the letter you sent by his hand to the President relating to myself, an
privateofficialc05butl | Parker | 1554959 :: ity of Mr. Greene, and think that this mystery should be unravelled and ventilated by proper authority. ' ' Very respectfully, your obedient servant, William A. Parker, Commanding 5th Division U. S. Steamer " Massasoit," James River, Va., January \Uh, 1865 Commander Wm. A. Parker, U. S. N., commanding James River Squadron Sir: The following is a copy, furnished at your request,
privateofficialc05butl | Parker | 1555093 :: Very respectfully, your obedient servant, William A. Parker, Commanding 5th Division U. S. Steamer " Massasoit," James River, Va., January \Uh, 1865 Commander Wm. A. Parker, U. S. N., commanding James River Squadron Sir: The following is a copy, furnished at your request, of a letter sent by me this evening to Senator H. B. Anthony. With a few exceptions, it is the same as the one
COUNT privateofficialc05butl | Parker | 16 total, 4 shown
privateofficialc05butl | Foster | 107555 :: RS OF GEN. BENJAMIN F. BUTLER 43 From General Butler to General Meade Confidential. Head Qrs., Aug. 12th, 3.50 p.m. There is no physical difficulty in getting out on Foster's front, as well as below. In either case you will meet about three brigades in light rifle pits. Benj. F. Butler, Maj. Genl. ComcTg. P.S. Have captured Gen. Lane's (Alabama Brigade) A. A. Gen., who says when we
privateofficialc05butl | Foster | 602146 :: G. My corps is disposed as follows: Terry on right, holding Kautz's position of this morning across the Darbytown road with strong skirmish line. His brigades massed on Foster's right. Foster holds the right of my position this morning, and Gen'l. Birney the left, excepting that portion relieved by the 18th A. C. ^ B g^^^^^^ j^ ^ From General Butler to General Weitzel Oct. 7th, 1864,
privateofficialc05butl | Foster | 602164 :: is disposed as follows: Terry on right, holding Kautz's position of this morning across the Darbytown road with strong skirmish line. His brigades massed on Foster's right. Foster holds the right of my position this morning, and Gen'l. Birney the left, excepting that portion relieved by the 18th A. C. ^ B g^^^^^^ j^ ^ From General Butler to General Weitzel Oct. 7th, 1864, 9 p.m. Birney
privateofficialc05butl | Foster | 893192 :: nby Head Quarters 3rd Brigade, 1st Div. 10th A.C. November 19th, 1864 Major Genl. B. F. Butler, Comd'g. Army of the James Sir: On the 25th of July last Brig. Gen'l. Foster, then in command of this brigade requested me if possible to ascertain the author of an article published in the Buffalo Courier, of a scurrilous character, reflecting upon the conduct of the affairs of this Dept., a
privateofficialc05butl | Foster | 1667335 :: l get his eyes open, and change his milk and water policy. I see all the Volunteer officers that would be worth a d m to govern those states are resigning, — Logan, Foster, etc. I hope you are right about the future, but my faith is weak, unless Congress compels Johnson to change. J. W. S. From Samuel Wilkinson (1865) Dear General Butler : The enclosed may be useful to you.
COUNT privateofficialc05butl | Foster | 21 total, 5 shown
COUNT privateofficialc05butl | Portsmouth, N | 0 total, 0 shown
privateofficialc05butl | Abbott | 698904 :: ol. Alvin C. Voris 67th Ohio Vols. Col. N. Martin Curtis 142d N. Y. Vols. Col. Alonzo G. Draper 36th U. S. C. 7 Col. Samuel A. Duncan 4th U. S. C. 7 Col. Joseph Abbott 7th N. H. Vols. Major B. C. Ludlow 4th Mo. Car. 1st Lt. Peter S. Michie U. S. Engineers. Benj. F. Butler, Maj. Gen'l. 280 LETTERS OF GEN. BENJAMIN F. BUTLER From Captain J. Mclntire Office of the Provo
COUNT privateofficialc05butl | Abbott | 2 total, 1 shown
privateofficialc05butl | Vogdes | 1420444 :: Princess Ann road out of Norfolk, and the other at Getty's line. There is also to be a guard of boats. Several new regiments of colored troops have been sent here, and Vogdes has his reward by being placed in command of the Posts and all the troops. White troops (Thornton's new regiment) are to do the Provost duty, and all the colored troops put on picket duty. In riding into the count
privateofficialc05butl | Vogdes | 1738117 :: e purpose before indicated must not the following officers be excepted from the muster out? — Generals David Hunter, Daniel Butterfield, Carl Schurtz, John W. Geary, Israel Vogdes, E. A. Wilde. I suppose these may be on the list as not in com- mand. Some of them may not be. t. t-. t. •^ Benj. F. Butler From General Butler Lowell, Nov. 15, 1865 Hon. Thaddeus Stevens, Lancaster, Penn
COUNT privateofficialc05butl | Vogdes | 6 total, 2 shown
COUNT privateofficialc05butl | Sheldon | 0 total, 0 shown
COUNT privateofficialc05butl | Emerick | 0 total, 0 shown
COUNT privateofficialc05butl | Eastern District | 0 total, 0 shown
COUNT warofrebellion461unit | Elias Smith | 0 total, 0 shown
COUNT warofrebellion461unit | Tribune corre | 0 total, 0 shown
warofrebellion461unit | Webster | 5466267 :: in the Shenandoah Valley, Feb. 27 - April 23, 1865 . 530 Webb, Joseph C. Mentioned . 1272 Webbert, Reuben R. Mentioned . 349,354 Weber, Max. Mentioned . . . . . 26, 525 Webster, Hiram, Mentioned . 1039, 1074, 1075, 1082 Webster, Richard. Mentioned . . 961 Weddell, John H. Mentioned . 1269 Weeks, Benjamin F. Mentioned . 1026 Weir, Henry C. Mentioned . 1143 Weisiger, David A. Mentioned . 389, 127
warofrebellion461unit | Webster | 5466324 :: 1865 . 530 Webb, Joseph C. Mentioned . 1272 Webbert, Reuben R. Mentioned . 349,354 Weber, Max. Mentioned . . . . . 26, 525 Webster, Hiram, Mentioned . 1039, 1074, 1075, 1082 Webster, Richard. Mentioned . . 961 Weddell, John H. Mentioned . 1269 Weeks, Benjamin F. Mentioned . 1026 Weir, Henry C. Mentioned . 1143 Weisiger, David A. Mentioned . 389, 1273, 1278 Weiss, Adolphus. Mentioned . 571 Weitzel,
COUNT warofrebellion461unit | Webster | 8 total, 2 shown
warofrebellion461unit | Carney | 5158222 :: son E. Mentioned . 961,974,975 Carleton, Charles A. Mentioned . 417 Carman, Warren. Mentioned . 509 Carmical, George H. Mentioned . 1268 Carncross, Septimus. Mentioned . 195 Carney, Edward. Mentioned . 335,338 Carothers, James A. Mentioned . 599 Carr, Joseph B. Mentioned . 61-63,577,593 Carr, Joshua W. Mentioned . 335, 341 Carrick’s Ford, W. Va. Scout from Philippi to, March 14-16,1865. Report o
COUNT warofrebellion461unit | Carney | 3 total, 1 shown
COUNT warofrebellion461unit | Frank J\. White|Colonel White | 0 total, 0 shown
COUNT warofrebellion461unit | Lanman | 0 total, 0 shown
warofrebellion461unit | Parker | 2085441 :: under Lieut. Gen. Ulysses S. Grant, January 1 to April 9, 1865. No. 4. — Maj. Gen. George G. Meade, U. S. Army, commanding Army of the Potomac. No. 5. — Lieut. Francis H. Parker, U. S. Army, Chief Ordnance Officer. No. 6. — Surg. Thomas A. McParlin, U. S. Army, Medical Director, of operations January 1-June 30. No. 7. — Surg. John A. Lidell, U. S. Army, Inspector of Medical and Hospital Depa
warofrebellion461unit | Parker | 2085740 :: Army, Medical Director, of operations January 1-June 30. No. 7. — Surg. John A. Lidell, U. S. Army, Inspector of Medical and Hospital Department. No. 8. — Surg. George B. Parker, U. S. Army, in charge of Depot Field Hospital, of • operations March 27- J une 30. No. 9. — Capt. Charles L. Davis, Chief Signal Officer. * See also reports of Lieut. Gen. U. S. Grant (pp. 50-58), Surg. T. Rush
warofrebellion461unit | Parker | 2217812 :: circumstances stated, recommended. I am, general, very respectfully, your obedient servant, GEO. G. MEADE, Major- General , Commanding. No. 5. Report of Lieut. Francis H. Parker , TJ. S. Army , Chief Ordnance Officer. Ordnance Office, Hdqrs. Army of the Potomac, June 5, 1865. Sir: I have the honor to make the following supplementary report of ordnance property received at the depot at City
warofrebellion461unit | Parker | 2325138 :: LL, Surg ., IT. S. Vols ., Insp. of Medical and l Hospital Department , Army of the Potomac. Col. T. A. McParlin, Medical Director. No. 8. Report of Surg. George B. Parker Y TJ. S. Army , in charge o f Depot Field Hospital , of operations March 27 -June 30. Washington D. C., July 25 , 1865 . Colonel : I have the honor to submit the following report of the Depot Field Hospital of the
warofrebellion461unit | Parker | 5194199 :: ioned . 1026 Dudley Buck, Steamer. Mentioned . 144 Dudley, Hollis O. Mentioned . 574 Dudley, Ira L. Report of affair at Williamsburg, Va., Feb. 11, 1865 . 458 Dudrow, J. Parker. Mentioned . 999 Duff, David K. Mentioned . 465,466 Duff, John M. Mentioned . 294 Duff, Thomas. Mentioned . 1000 Duggan, James B. Mentioned . 1272 Duguidsville, Va. Skirmish at, March 8, 1865. See Petersburg, Va. Expe
warofrebellion461unit | Parker | 5355012 :: 7 Reports of Appomattox, V a., Campaign, March 29-April 9, 1865 . 1015 Richmond, Va., Campaign, Jan. 1- April 3, 1865 . 315, 316 Resumes command of 9th Army Corps . 3 Parker, Ely S. Mentioned . 808 Parker, Ezra K. Mentioned . 565,1011 Parker, Foxhall A. Mentioned . 542 Parker, Francis H. Report of Appomattox, Va., Campaign, March 29-April 9, 1865 . 607 Parker, George B. Mentioned . . 6
COUNT warofrebellion461unit | Parker | 33 total, 6 shown
warofrebellion461unit | Foster | 185707 :: ge, La., and one from Vicks¬ burg, Miss., were started by General Ganby to cut the enemy’s lines of communication with Mobile and detain troojis in that field. Gen¬ eral Foster, commanding Department of the South, also sent an expedi¬ tion, via Broad River, to destroy the railroad between Charleston and Savannah. The expedition from Vicksburg, under command of Bvt. Brig. Gen. E. D. Osband (co
warofrebellion461unit | Foster | 1127029 :: command — D, First New York Artil¬ lery, Capt. Janies B. Hazelton; L, First New York Artillery, Bvt. Maj. George Breck; Ninth Massachusetts Battery, First Lieut. George W. Foster — in the late operations near Hatcher’s Bun: The batteries moved with the Fifth Corps from the camp near the Jerusalem plank road February 5, 6 a. m., and after crossing Hatch¬ er’s Bun the same afternoon on the Di
warofrebellion461unit | Foster | 4375728 :: my of the James. Headquarters Army of the James, Richmond, Va., April 26, 1865. Sir : In obedience to orders from the lieutenant-general commanding, I took Turner’s and Foster’s divisions, of Gibbon’s corps, Birney’s divis¬ ion, Twenty-fifth Corps, and Mackenzie’s cavalry division, and placed them on the left front of the Petersburg defenses, by a march of thirty- six miles. This was done se
warofrebellion461unit | Foster | 4389573 :: L. Thomas, Adjutant- General TJ. 8. Army , Washington , D. C.: Sir: I respectfully recommend the following promotions for gallant conduct in the field: Brig. Gen. R. S. Foster, U. S. Volunteers, to be major-general by brevet, from 31st March, 1865. Brig. Gen. R. S. Mackenzie, U. S.Volunteers, to be major-general by brevet, from 31st March, 1865. Col. Albert M. Barney, One hundred and fort
warofrebellion461unit | Foster | 5182597 :: h, George. Mentioned . 311, 995 Dana, Amasa E. Mentioned . , 492, 493, 1123, 1127, 1135 Dana, Robert S. Mentioned . 294, 895 Dandy, George B. Correspondence with Robert S. Foster . 1194 Mentioned . 130, 577, 594, 1179-1187, 1193, 1196, 1199, 1200, 1202, 1203, 1209, 1214, 1242 Report of Appomattox, Va., Campaign, March 29-April 9, 1865 . 1192 Dandy, Janies H. Mentioned . . . 577, 598, 1183, 1194, 1195, 120
warofrebellion461unit | Foster | 5228358 :: latory Orders. Assault upon and capture of fortified lines in front of Petersburg, Ya., April 2, 1865 . 1176 Correspondence with Adjutant-General’s Office, U. S. A . 1176 Foster, Robert S . . . ---7 1183 Osborn, Thomas O . 1183 Mentioned . 52, 54, 58, 61-63, 75, 83, 87, 129, 136-138, 264, 375-378, 577, 594, 597, 600, 601, 603, 605, 626, 629-632, 644, 654, 675-677, 688, 689, 697, 698, 739, 760
COUNT warofrebellion461unit | Foster | 87 total, 6 shown
COUNT warofrebellion461unit | Portsmouth, N | 0 total, 0 shown
warofrebellion461unit | Abbott | 50502 :: 97. — Bvt. Brig. Gen. Alfred L. Pearson, One hundred and fifty-fifth Pennsylva¬ nia Infantry, commanding Third Brigade, of operations February 5-7. No. 98. — Capt. George R. Abbott, First Battalion Maine Sharpshooters, of oper¬ ations March 25. No. 99. — Lieut. Col. Walter G. Morrill, Twentieth Maine Infantry, of operations March 25. No. 100. — Lieut Col. James A. Cunningham, Thirty-second Massachus
warofrebellion461unit | Abbott | 1040688 :: forgotten the name) commands here.” I am willing to withdraw my entire report. A. L. PEARSON, Brevet Brigadier- General, Commanding. No. 98. Report of Capt. George R. Abbott , First Battalion Maine Sharpshooters , of operations March 25. Headquarters First Maine Sharpshooters, March 28 , 1865. Sir: In compliance with instructions from brigade headquarters I respectfully submit the following r
warofrebellion461unit | Abbott | 1471580 :: e U. S. Forces at Fort Fisher, N. C., January 15. No. 4. — Bvt. Brig. Gen. Cyrus B. Comstock, Aide-de-Camp to Lieutenant-General Grant. No. 5.— Bvt. Brig. Gen. Joseph C. Abbott, Seventh New Hampshire Infantry, com¬ manding Second Brigade, First Division, Twenty-fourth Army Corps, of operations January 15. # For Union naval reports see Annual Report of the Secretary of the Navy, Decem¬ ber 4,
warofrebellion461unit | Abbott | 1514766 :: anuary 16 , 1865. (Via Fortress Monroe, Ya.) After a careful reconnaissance on the 14th, it was decided to risk an assault on Fort Fisher; Paine’s division, with Colonel Abbott’s bri¬ gade, to hold our line, already strong across the peninsula and facing Wilmington, against Hoke, while Ames’ division should assault on the * There was also 1 man killed and 4 men wounded in the Twenty-sevent
warofrebellion461unit | Abbott | 1530788 :: 47 6§-inch rifle (32) . (mound) . _ do . Serviceable. 410 N. AND SE. VA., N. C., W. VA., MD,, AND PA. [Chap. L VIII. No. 5. Report of Bvt. Brig. Gen. Joseph C. Abbott, Seventh New Hampshire Infantry , commanding Second Brigade , First Division , Twenty fourth Army Corps , of operations January 15. Hdqrs. Second Brig., First Div., 24tii Army Corps, Fisher’’ s Island , N. C ., January 1
warofrebellion461unit | Abbott | 1583794 :: he exception of the Twenty- seventh Begiment, reported back to me about midnight, and was placed in its original position on the line. On the 16th Brevet Brigadier-General Abbott’s brigade resumed its position on my right, relieving the detachment of marines. January 18 Col. J. W. Ames, with the Fourth, Sixth, and Thirtieth Begiments of his brigade (the Second) and the division sharpshooters,
COUNT warofrebellion461unit | Abbott | 54 total, 6 shown
COUNT warofrebellion461unit | Vogdes | 0 total, 0 shown
warofrebellion461unit | Sheldon | 4438741 :: late campaign. Capt. Charles E. Thomas, Fourth Massachusetts Cavalry, to be bre¬ vet major for gallant and distinguished services during the late cam¬ paign. First Lieut. Sheldon Leavitt, jr., Fourth Massachusetts Cavalry, to be brevet captain for gallant and distinguished services during the late campaign. All to date from the 9th of April, 1865, the day of the surrender of Lee’s army. I
COUNT warofrebellion461unit | Sheldon | 2 total, 1 shown
COUNT warofrebellion461unit | Emerick | 0 total, 0 shown
COUNT warofrebellion461unit | Eastern District | 0 total, 0 shown
COUNT warofrebellion014602rootrich | Elias Smith | 0 total, 0 shown
COUNT warofrebellion014602rootrich | Tribune corre | 0 total, 0 shown
warofrebellion014602rootrich | Webster | 49613 :: mmandant, Nacy Yard. CITY POINT, VA., January 3, 1865 — 7.20 p. m. Capt, J. M. BERRIEN, U. S. Navy, Norfolk, Va. : Please send the launches and large boats to Colonel Webster, quar- *"nnaster, at Fortress Monroe, by to-morrow noon, U. S. GRANT, Lieutenant- General. NEW YORK, January 3, 1865. Major-General ME ADE : 1 leave on Thursday to report to you. A. S. WEBB, Brevet Major- General.
warofrebellion014602rootrich | Webster | 278658 :: bels this morning. Send messenger immediately to Philippi, with directions that if forced to fall back, to take all the plank off the bridge and move toward Clarksburg or Webster, as may be most practicable. Advise your whole command to be on the alert. N. WILKINSON, Colonel, Commanding Brigade. BALTIMORE, MD., January 11, 1865—2.30 p. m. Lieutenant-General GRANT, City Point: Transportation
warofrebellion014602rootrich | Webster | 764303 :: nations. J. C. BAUCOCK. 288 N. AND SE. VA., N. C., W. VA., MD., AND PA. [CHAP. LVIII. CITY POINT, January 29, 1865. (Received 1.55 p. in.) General BUCKER: The Webster left here for Annapolis at 10 a. in. There are com- plaints that the railroad trains are insufficient and horribly slow and irregular Can you not ran a train direct between Washington and Annapolis during this cold
warofrebellion014602rootrich | Webster | 1397928 :: r return you will call upon the commanding officer of the naval force at Fort Monroe, and request him to send a gun-boat to that neighborhood. You will apply to Colonel Webster, chief quarter master at Fort Monroe, and request immediate transportation. Very respectfully, your obedient servant, WICK HAM HOFFMAN, Assistant Adjutant- General. [FEBRUARY 10, 1865.] Major-General ORD, Commanding Depa
warofrebellion014602rootrich | Webster | 2041489 :: l Orders, Xo. 37, head quarters Armies of the United States, February 23, 1805; Lieut. Will iam McK. Dunn, jr., aide-de-camp; Lieut. D. E. Porter, aide-de-camp; Capt. Amos Webster, assistant quartermaster. i:. S. GEAXT, Lieutenant- General, HEADQUARTERS ARMY OF THE POTOMAC, March 1, 186 'j — 11 p. m. Lieutenant-General GRANT : Thirty deserters have been examined to-day. The only material infor
COUNT warofrebellion014602rootrich | Webster | 19 total, 5 shown
COUNT warofrebellion014602rootrich | Carney | 0 total, 0 shown
COUNT warofrebellion014602rootrich | Frank J\. White|Colonel White | 0 total, 0 shown
warofrebellion014602rootrich | Lanman | 811296 :: NO. W. TURNER, Brigadier- General and Chief of Staff. NORFOLK, VA., January 30, 1865. Lieutenant-Colonel SMITH, Assistant Adjutant -General, Headquarters Department: Commodore Lanman, U. S. S. Minnesota, has requested me to send troops to aid in an expedition to Pagan Creek, near Smithfield. I sent General Vogdes to confer with him. General Vogdes has sent a small cavalry force to reconnoi
warofrebellion014602rootrich | Lanman | 811677 :: th him. General Vogdes has sent a small cavalry force to reconnoiter. At present the ice will prevent a boat expedition. In case that General Yogdes and Commodore Lanman should think the expedition advisable, shall I send a force? .Respectfully, GEO. F. SHEPLEY, Brigadier-genera I, Commanding. HEADQUARTERS ARMY OF THE JAMES, January 30, 1865 — 8.10 p. m. Brigadier-General SHEPLEY, Nor
COUNT warofrebellion014602rootrich | Lanman | 5 total, 2 shown
warofrebellion014602rootrich | Parker | 188763 :: s Hood was known to have gone south of Corinth? When started it would be advisable to have the troops transported on boats, if navigation is not closed, to Wheeling and Parkersburg, one- half to come over the Baltimore and Ohio road, the other over the Penn sylvania Central. U. S. GRANT, Lieutenant- General. CHAP.LVHI.] CORRESPONDENCE, ETC. UNION. 75 WASHINGTON, January 9, 1865 — 9.20 p. m
warofrebellion014602rootrich | Parker | 383071 :: ASHINGTON, I). C., January 15, 1865. Major-General CROOK, Cumberland: It is expected that within a few days a part, at least, of General SchofiekVs corps will arrive at Parkersburg for transportation over the Baltimore and Ohio "Railroad to Annapolis. You will be prepared to have guards at all stations to prevent desertions, and you will close all grog shops in the places through which they
warofrebellion014602rootrich | Parker | 448928 :: from the West are now taking place over the Baltimore and Ohio Railroad, and will be continued for some time to come. Please cause all liquor shops along the line from Parkersburg and Bellaire to be kept closed for the present. C. A. DANA, Assistant Secretary of War. MOOREFIELD, W. VA., January 17, 1865. (Received 11 a. m.) Major-General HALLECK: I will direct General Wallace to send
warofrebellion014602rootrich | Parker | 491639 :: 19, 1865. (Received 2.27 p. m.) General D. C. McCALLUM: It will take some 400 troop-cars for matter I discussed with you last week, first of which will be wanted at Parkersburg about Sunday or Monday next. It will seriously derange our equipment and embarrass in every way to n't that many of our cars. Can you not lend us 100 of your troop-cars for the one trip? We will return them
warofrebellion014602rootrich | Parker | 511426 :: was given on Tuesday, but why it was not carried out was not explained. JNO. A. BAWL1NS. Brigadier-General and Chief of titajf. (Substance of this was sent to Captain Parker. He was advised to take the necessary precautionary measures.) WASHING-TON, January 21, 1865. Col. E. S. PARKER, City Point: Please make order in case of Maj. Gen. Lewis Wallace. The papers are on the table.
warofrebellion014602rootrich | Parker | 549365 :: ommanding Brigade. HEADQUARTERS DEPARTMENT OF WEST VIRGINIA, Cumberland, January 22, 18(>5. Brigadier-General STEVENSON : The Twenty third Army Corps will pass through from Parkersburg to Washington, commencing within a day or two. You will have arrangements made to give them hot coffee at two or three points. 204 N. AND BE. VA., N. C., W. VA., MI)., AND PA. [CHAP. LVIII. Close all t
COUNT warofrebellion014602rootrich | Parker | 81 total, 6 shown
warofrebellion014602rootrich | Foster | 15410 :: ORE READ, Major and Assistant Adjutant-General. GENERAL ORDERS, ( HDQRS. FIRST Div., 24TH ARMY CORPS, No. 1. J In the Field, Va., January 1, 1865. Brig. Gen. R. S. Foster having received a leave of absence from the department the undersigned assumes command of this division. JOS. R. HAWLEY, Brigadier- General, U. 8. Volunteers. SPECIAL ORDERS, \ HDQRS. FIRST Div., 24'ni ARMY CORPS,
warofrebellion014602rootrich | Foster | 15873 :: o. 1. } In the Field, January 1, 1865. I. Brig. Gen. Joseph R. Hawley, U. S. Volunteers, having assumed command of the division during the absence of Brig. Gen. R. S. Foster, Col. Joseph C. Abbott, Seventh New Hampshire Volunteers, is assigned to the command of the Second Brigade. By order of Brig. Gen. J. R. Hawley : A. TERRY, Captain and Assistant Adjutant -General. 8 N. AND 8E. VA.,
warofrebellion014602rootrich | Foster | 421691 :: th Corps went in transports to Beau fort. Saturday, January 14, the Seventeenth Corps, under Major- General Blair, crossed Port Royal Ferry, and, with a portion of General Foster's command, moved on Pocotaligo. General Howard, command ing that wing of the army, reported on Sunday that "the enemy abandoned his strong works in our front during Saturday night. Gen eral Blair's corps now occupy a
warofrebellion014602rootrich | Foster | 528195 :: two 30-pounder Parrott guns; hull and engine in excel lent order, but requires new boiler; crew, thirty men. (4, 5, 0, 7.) Side- wheel light-draft boats — Burnside, Reno, Foster, and Parke — built by Norman Wiard, of New York, for this department by order of Major- General Foster, and accepted by Major-General Butler after he had superseded General Foster. These boats are upward of 140 feet i
warofrebellion014602rootrich | Foster | 528315 :: y men. (4, 5, 0, 7.) Side- wheel light-draft boats — Burnside, Reno, Foster, and Parke — built by Norman Wiard, of New York, for this department by order of Major- General Foster, and accepted by Major-General Butler after he had superseded General Foster. These boats are upward of 140 feet in length, draw three anil a half feet of water, and are only suitable for river and sound navigation
warofrebellion014602rootrich | Foster | 528403 :: and Parke — built by Norman Wiard, of New York, for this department by order of Major- General Foster, and accepted by Major-General Butler after he had superseded General Foster. These boats are upward of 140 feet in length, draw three anil a half feet of water, and are only suitable for river and sound navigation in fine weather. At present the Parke and Foster are on duty in the Appoma
COUNT warofrebellion014602rootrich | Foster | 33 total, 6 shown
COUNT warofrebellion014602rootrich | Portsmouth, N | 0 total, 0 shown
warofrebellion014602rootrich | Abbott | 15900 :: January 1, 1865. I. Brig. Gen. Joseph R. Hawley, U. S. Volunteers, having assumed command of the division during the absence of Brig. Gen. R. S. Foster, Col. Joseph C. Abbott, Seventh New Hampshire Volunteers, is assigned to the command of the Second Brigade. By order of Brig. Gen. J. R. Hawley : A. TERRY, Captain and Assistant Adjutant -General. 8 N. AND 8E. VA., N. C., W. VA., MD.,
warofrebellion014602rootrich | Abbott | 267811 :: roops on each transport of this brigade will be prepared to land as soon as the transports anchor, and will land as expeditiously as possible. By command of Col. J. C. Abbott: E. LEWIS MOOEE, Captain and Assistant Adjutant- General. JANUARY 11, 1865. Lieut. Col. J. H. TAYLOR, Chief of Staff and Assistant Adjutant- General: COLONEL: All quiet along the line of my command. Three of White's
warofrebellion014602rootrich | Abbott | 709508 :: nding Army of the Potomac: I beg leave to recommend that the battery now being constructed on the right of Fort Welch be called Battery Abbott, after Lieutenant-Col onel Abbott, Twentieth Massachusetts Volunteers, a distinguished young officer killed on the Cth of May, in the Wilderness. A. A. HUMPHREYS, Major- General. HEADQUARTERS ARMY OF THE POTOMAC, January 2(>, 18(i~> — 1 p. m. Major-G
warofrebellion014602rootrich | Abbott | 709975 :: HUMPHREYS, Commanding Second Army Corps : GENERAL: I am informed by Colonel Michler that one of the works on the City Point line has been named after Lieutenant-Colonel Abbott, Twentieth Massachusetts Volunteers, his name having been sent in by Major-General Hancock. JXO. G. PARKE, Major- General. HEADQUARTERS SIXTH ARMY CORPS, January 56', 1865. (Received 10.40 a. m.) Lieutenant-Colonel B
warofrebellion014602rootrich | Abbott | 3789539 :: 218,210,221,223-220 Wood, J. Taylor 1130 Fort Fisher, N. C. Expedition to, and capture of, and its dependencies, Jan. 3-17, 1865. Communications from Abbot, Henry L 90 Abbott, Joseph C 99 Bragg, Braxtou .... 1015, 1042-1066, 1068-1073, 1078-1082, 1085-1089, 1095, 1J37 Bright, John J 1068, 1070, 1071 Colquitt, Alfred H 1065 Cornstock, Cyrus B 4, 69, 79, 93, 166, 167, 176 Davis, Jefferson 1061, 1073,
warofrebellion014602rootrich | Abbott | 3790743 :: 1048, 1050, 1055, 1056, 1064, 1065 Newspaper extracts concerning 126, 128, 152 Orders, series 1865 — Terry : Jan. 5, 47. Orders, Circulars, series 1865 — Terry : Jan. 5, 47. Abbott: Jan. 9, 80. Orders, General, series 1865— Terry: Nos. 1, 2, 46; No. 3, 90; No. 4, 129; No. 5, 153. Abbott: No. 1, 99. Orders, Special, series 1865— Terry: No. 4, 129; No. 7, 174; No. 8,181; No. 10, 197;
COUNT warofrebellion014602rootrich | Abbott | 18 total, 6 shown
warofrebellion014602rootrich | Vogdes | 65558 :: a., January 3, 1865. Col. GEORGE W. LEWIS, Third New York Cavalry : COLONEL: The brigadier-general commanding directs that during the temporary absence of Brigadier-General Vogdes yon assume com mand of the defenses of Norfolk and Portsmouth, by virtue of seniority. Very respectfully, your obedient servant, WICKHAM HOFFMAN, Assistant Adjutant-General. WINCHESTER, VA., January 3, 1865. Hon. E. M.
warofrebellion014602rootrich | Vogdes | 811455 :: , Headquarters Department: Commodore Lanman, U. S. S. Minnesota, has requested me to send troops to aid in an expedition to Pagan Creek, near Smithfield. I sent General Vogdes to confer with him. General Vogdes has sent a small cavalry force to reconnoiter. At present the ice will prevent a boat expedition. In case that General Yogdes and Commodore Lanman should think the expedition
warofrebellion014602rootrich | Vogdes | 811499 :: man, U. S. S. Minnesota, has requested me to send troops to aid in an expedition to Pagan Creek, near Smithfield. I sent General Vogdes to confer with him. General Vogdes has sent a small cavalry force to reconnoiter. At present the ice will prevent a boat expedition. In case that General Yogdes and Commodore Lanman should think the expedition advisable, shall I send a force? .Re
warofrebellion014602rootrich | Vogdes | 919548 :: CITY POINT, YA., February 1, 1865 — 4.30 p. m. Major-General ORD : 1 think it will be advisable, on relieving General Shepley from com mand in Norfolk, to place General Vogdes in his place. He is next in rank in that command and is an old brigadier-general, and as he is an 348 N. AND SE. VA., W. VA., MD., AND PA. [CHAP. LV1II. old Army officer, expecting to spend his days in the
warofrebellion014602rootrich | Vogdes | 920313 :: l. HEADQUARTERS ARMY OF THE JAMES, February 7, 1SG5 — 6 p. m. Lieutenant-General GRANT : GENERAL : Inquire of any officer of the Army who has ever served with General Vogdes in the field or in garrison his fitness for command, and I am sure you will change your mind. He would bring us into con tempt. E. O. C. ORD, Major- General. CITY POINT, VA., February 7. lwi~> — 7 )>. in. Majo
warofrebellion014602rootrich | Vogdes | 920615 :: ange your mind. He would bring us into con tempt. E. O. C. ORD, Major- General. CITY POINT, VA., February 7. lwi~> — 7 )>. in. Major-General ORD: Do not give General Vogdes the command of Norfolk if you deem him unfit for it. You know him better than I do. U. S. GRANT, Lieutenant -General. HEADQUARTERS ARMY OF THE JAMES, February 7, 1865 — 6.20 p. m. (Received 0.25 p. m.) Lieu
COUNT warofrebellion014602rootrich | Vogdes | 24 total, 6 shown
COUNT warofrebellion014602rootrich | Sheldon | 0 total, 0 shown
COUNT warofrebellion014602rootrich | Emerick | 0 total, 0 shown
COUNT warofrebellion014602rootrich | Eastern District | 0 total, 0 shown
COUNT warofrebellion463unit | Elias Smith | 0 total, 0 shown
COUNT warofrebellion463unit | Tribune corre | 0 total, 0 shown
COUNT warofrebellion463unit | Webster | 11 total, 0 shown
COUNT warofrebellion463unit | Carney | 0 total, 0 shown
COUNT warofrebellion463unit | Frank J\. White|Colonel White | 0 total, 0 shown
COUNT warofrebellion463unit | Lanman | 0 total, 0 shown
warofrebellion463unit | Parker | 40535 :: Please answer. F. A. PARKER, Commander , Commanding Potomac Flotilla . Hdqrs. Dept, of Washington, 22d Army Corps, Washington , D. (7., March 16 , 1865. Commander F. A. Parker, U. S. Navy, Saint Inigoes , Md. : My cavalry have just returned from a long scout, and it will be some days before they can go out again. I hope to be able to act with you by the first of next week. Respect
warofrebellion463unit | Parker | 40902 :: again. I hope to be able to act with you by the first of next week. Respectfully, C. C. AUGUR, Major- General. Yorktown, March 16 , 1865 — 2 p. m. Commander F. A. Parker, Saint Inigoes , Md. : General Roberts occupied White House 14th instant. Was in¬ trenched. Sheridan had not arrived at 12 yesterday. His camp fires in sight. Pamunkey is patrolled by army gun-boats Mosswood and Jesup
warofrebellion463unit | Parker | 694692 :: Brigadier- General Devens, Commanding Twenty-fourth Army Corps : The following dispatch just received.* W. L. GOODBIOH, Captain and Acting Assistant Adjutant- General. * See Parker to BoAvers, p. 242. 18 R R — VOL. XLVI, PT III 274 N. AND SE. VA., W. VA., MD., AND PA. [Chai\ LVIII. March 29, 1865 — 10.30 p. m. Brigadier-General Deyens, Twenty -fourth Army Corps: The enemy are attacki
warofrebellion463unit | Parker | 769068 :: Major- General and Chief of Staff. * See Webb to Warren, 11.15 a. m., forwarding dispatch from Grant to Meade, p. 283. tAs received by Warren. As originally written by Parker it reads “A messen¬ ger.” Chap. LVII1.] CORRESPONDENCE, ETC. - UNION. 303 Headquarters Army of the Potomac, March 30, 1865 — 12.55 p. m. (Sent 1.05 p. m.) Maj. Gen. G. K. Warren, Commanding Fifth Corps: In vi
warofrebellion463unit | Parker | 1063882 :: mac, April 11 1865 — 8.45 a. m. (Received 12 m.) Major-General Warren, Commanding Fifth Corps : General : General Meade desires me to say that he has directed Lieutenant Parker, chief ordnance officer of the Army, to instruct your chief ordnance officer to replenish the ammunition with the men, so as to bring it up to the allowance prescribed, and then to send his empty wagons to the rear
warofrebellion463unit | Parker | 1267389 :: you that it would be madness for them to do so. G. WEITZEL, Major- General. Provisional Division, Army of the James, [April 2 , 1865 } — 3.30 p. m. Lieutenant-Colonel Parker, Acting Assistant Adjutant- General : Colonel : I find Major-General Hartsuff, my superior in rank, in com¬ mand here. Is it intended to place me over him, or is he to be assigned to other duties? Who, by the orde
COUNT warofrebellion463unit | Parker | 78 total, 6 shown
warofrebellion463unit | Foster | 265695 :: at his headquarters in the morning. THEODORE READ, Assistant Adjutant- General. Headquarters Twenty-fourth Army Corps, Before Richmond , March 24, 1865. Brig. Gen. R. S. Foster, Commanding First Division: General : The major-general commanding directs that you relieve the pickets of the Independent Division after dark to-night with 7 offi¬ cers and 41 non-commissioned officers and 227 privates
warofrebellion463unit | Foster | 467778 :: TON, Captain and Chief Signal Officer. General Orders, I Hdqrs. Twenty-fourth Army Corps, [• Army of the James, No. 37. ) Before Richmond , Va ., March 26 , 1865. I. Foster’s and Turner’s divisions of the Twenty-fourth Corps will be prepared to march at — p. m. on the 27th instant. Order of march: First, Turner’s division; second, Anthony’s battery; third, ambulances of Turner’s division
warofrebellion463unit | Foster | 469847 :: John Gibbon: EDWARD MOALE, Lieutenant- Colonel and Assistant Adjutant- General. Headquarters Twenty-fourth Army Corps, Before Richmond , March 26 , 1865. Brig. Gen. R. S. Foster, Commanding First Division : General : By direction of the major-general commanding the corps, the Twenty-third Regiment Illinois Volunteers will break camp to-mor- 190 N. AND SE. VA., W. VA., MD., AND PA. [Chap.
warofrebellion463unit | Foster | 602964 :: . S. Grant : My men are all across. General Turner about six miles ahead of this; may get to Fort Sampson to-night. Trains much delayed and not across; bad roads, &c. Foster’s and Birney’s divisions must rest till 10 or 12 o’clock, and cannot make more than ten miles to-day. Been up all night and march poorly. E. O. C. ORD, Major General. City Point, Y a., March 28, 1865. Major-Gen
warofrebellion463unit | Foster | 603758 :: PONDENCE, ETC. - UNION. 237 Headquarters, Tucker ’s House , March 28, 1865. General Turner, Commanding Division : General: Your division will move at 5 a. m., following Foster’s division, taking the same battery with you. You will probably be in reserve in the vicinity of the Tucker house. I will see to putting you in position. Respectfully, JOHN GIBBON, Major- General of Volunteers , Co
warofrebellion463unit | Foster | 687069 :: mand of Maj. Gen. John Gibbon: J. H. POTTEB, Colonel and Chief of Staff. Headquarters Twenty-fourth Army Corps, In the Field , Fa., March 29 , 1865. Brig. Gen. B. S. Foster, Commanding First Division: General: The commanding [general] directs that any information you may gain during the night be forwarded to these headquarters without delay. Very respectfully, your obedient servant, EDWABD
COUNT warofrebellion463unit | Foster | 56 total, 6 shown
COUNT warofrebellion463unit | Portsmouth, N | 0 total, 0 shown
warofrebellion463unit | Abbott | 75976 :: ant at 11 a. in.) Special Orders, ) Headquarters Fifth Army Corps, No. 72. ) Near Batcher's Bun,Va., March 18, 1865. I. The First Maine Sharpshooters, Capt. George R. Abbott command¬ ing, having reported, in compliance with Special Orders, No. 69, head- Chap. LVIII.] CORRESPONDENCE, ETC. - UNION. 31 quarters Army of the Potomac, of March 16, 1865, are assigned to the First Division,
COUNT warofrebellion463unit | Abbott | 11 total, 1 shown
warofrebellion463unit | Vogdes | 143098 :: iet place. I propose an expedition for them in a few days, but want it kept very quiet. E. O. 0. ORD, Major- General. Norfolk, Va., March 20, 1865. Brigadier-General Vogdes, Portsmouth , Va.: A squadron of cavalry of Colonel Sumner’s command have arrived here and is ordered to report to you. You will please keep their movements quiet. Respectfully, &c., G. H. GORDON, Brigadier- Genera
warofrebellion463unit | Vogdes | 143804 :: orders from headquarters depart¬ ment, is hereby assigned to the command of the post of Norfolk and Portsmouth and its defenses. General Graham will relieve Brig. Gen. I. Vogdes, E. S. Volunteers, relieved from duty in this department by order of the lieutenant-general, and will assume the command now exercised by General Vogdes. By order of Brig. Gen. George H. Gordon : WICKHAM HOFFMAN, Ass
warofrebellion463unit | Vogdes | 143981 :: ieve Brig. Gen. I. Vogdes, E. S. Volunteers, relieved from duty in this department by order of the lieutenant-general, and will assume the command now exercised by General Vogdes. By order of Brig. Gen. George H. Gordon : WICKHAM HOFFMAN, Assistant Adjutant- General. Headquarters Cavalry, March 20, 1865. Colonel Forsyth, Additional Aide-de-Camp : Colonel: On my return to camp I find a conso
COUNT warofrebellion463unit | Vogdes | 5 total, 3 shown
COUNT warofrebellion463unit | Sheldon | 2 total, 0 shown
COUNT warofrebellion463unit | Emerick | 0 total, 0 shown
COUNT warofrebellion463unit | Eastern District | 0 total, 0 shown
