== "Butler favors crossing at Yorktown" | total 4
   r9J8mEEQ-_0C | The War of the Rebellion | 1891 | ... <b>Butler favors crossing at Yorktown</b> and the north route . J. М. Palmer and party , with Homan and Collins , arrived at Jamestown last night ; had to land them there , as they came down on regular dispatch - boa
   QC2ZSnJ3dlwC | The War of the rebellion: a compilation of the official records of the | 1891 | 
   JiNRAQAAIAAJ | The War of the Rebellion: Formal reports, both Union and Confederate,  | 1971 | ... <b>Butler favors crossing at Yorktown</b> and the north route . J. M. Palmer and party , with Homan and Collins , arrived at Jamestown last night ; had to land them there , as they came down on regular dispatch - boa
   dRRKcjRlkrwC | House documents | 1892 | ... <b>Butler favors crossing at Yorktown</b> and the north route . J. М. Palmer and party , with Homan and Collins , arrived at Jamestown last night ; had to land them there , as they came down on regular dispatch - boa
== "New Regime" "Captain Clark" Butler Norfolk | total 2
   pnYglmWDN2UC | Southern Unionist Pamphlets and the Civil War | 1999 | ... <b>NEW REGIME</b> This is the title of a new daily newspaper, published in <b>Norfolk</b> under the auspices of General <b>Butler</b> ... <b>Captain Clark</b>, one of General <b>Butler&#39;s</b> staff, was detailed w
   qxhnAAAAMAAJ | The Occupation of Japan | 1976 | ... <b>Butler</b> , Oddly enough , he sponsored the best of the papers . The <b>New Regime</b> he called it -- it was conducted by an able captain on his staff , a man named Clark . With the withdrawal of General <b>Butl
== "H. C. Clark" "New Regime" ERR HTTPError
== "Captain Edgar" Armstrong Norfolk 1864 | total 35
   L2owAQAAMAAJ | Oxford Men, 1880-1892, with a Record of Their Schools, Honours and Deg | 1893 | ... <b>1864</b> ; O.S. Thomas , gent . NON- COLLEGIATE , matric . 18 Oct. , 83 , aged ... <b>Edgar Armstrong</b> , born at East Dere- ham , <b>Norfolk</b> , Oct. , 1870 ; 2s ... <b>1864</b> ; 3s . John Aiken , cler . CHR
   IKwUAQAAMAAJ | British Biographical Archive | 1991 | ... <b>Edgar Armstrong</b> ( * 1870 ) , Law graduate Foster 3 II 1465,406 Everington ... <b>Norfolk</b> - 1 385 , 40 ; II 1465,412-414 Everitt , Sir Clement ( * 1873 , † 1934 ) , Colonial representative WWW 1929 II 1465,
   6AlFAQAAMAAJ | The Rebellion Record | 1865 | ... <b>Armstrong&#39;s</b> Ferry , a point six miles above Knoxville , Tenn . - <b>CAPTAIN</b> GEORGE P. <b>EDGAR</b> was ordered to the headquarters of Major - General Butler to investigate into the condition of the poo
   3x4_AQAAMAAJ | The United States Army and Navy Journal and Gazette of the Regular and | 1865 | ... <b>Armstrong</b> Phillips , Acting First Assistant Engineer , Enos Ayres Axtell , Acting Third Assistant Engineer , and ... <b>Edgar</b> K Sellew , Acting Assistant Pavmaster , and waiting orders . George 8. Parker ,
   DnEGuYxqQfsC | Turf, Field and Farm | 1866 | ... <b>Norfolk</b> , Harris &#39; Sunbeam , A. Smith&#39;s Minnie Grey . Shedden&#39;s Die Vernon , A. Smith&#39;s Wild Irishmen , Lingwood&#39;s ... <b>EDGAR</b> , TRAINER . Brown horse , Grant , 5 yrs old , by Lexingto
   _iAzEAAAQBAJ | From Arlington to Appomattox | 2021-06-15 | ... <b>Captain</b> Oscar Hinrichs. Chapel Hill, NC: University of North Carolina Press, 2014. May 18, 1862. Lynchburg, VA ... <b>Edgar</b>., Manassas to Appomattox: The Civil War Memoirs of Pvt. <b>Edgar</b> Warfield, 17
   Urs_AQAAMAAJ | The Pall Mall Budget | 1876 | ... <b>Captain</b> the Hon . H. Carr Glyn . Lieutenant Dudley R. Apthorp , roth Hussars ... <b>1864</b> , and March 24 , 1866 , the undermentioned officer having attained ... <b>Norfolk</b> , from Melbourne ; Ocean Range
   r1ZFAQAAMAAJ | The Journal of the Armed Forces | 1882 | ... <b>Armstrong</b> , Lord Wolseley thus responded : He begged in the name of his ... <b>Norfolk</b> Dec. 26 for Fort <b>Norfolk</b> - the naval anchorage -preparatory to going ... <b>1864</b>. Fremont resigned June <b>
   naw0AQAAMAAJ | Armed Forces Journal International | 1864 | ... <b>Norfolk</b> , and waiting orders . Lieutenand - <b>Commander</b> William Mitchell , from the command of the Ascutney , and ... <b>Captain</b> John P. Gillis . PLACED ON SICK LEAVE . Boatswain Francis McLoud , of t
   arcqr_HMtrQC | Thom's Official Directory of the United Kingdom of Great Britain and I | 1895 | ... <b>Captain</b> of H.M.&#39;s Hon . Corps Baron Clifford ] ; b . 28 Nov. , 1846 ; s ... <b>1864</b> . Hon . Edward Dayrolles ; b . 1871 . Hon . Richard Andrew ; b . 1874 ... <b>Armstrong</b> , esq . , of Melbourne . R
== "New Regime" Edgar Armstrong Butler | total 5
   FtrSG5tNA6IC | Congressional Record | 1978 | ... <b>Edgar</b> Kildee Kostmayer Krebs LaFalce Lagomarsino Lederer Leggett Edwards , Calif . Lehman Roe Rosenthal ... <b>new regime</b> behaves as we expect it will , more likely than not we are apt to see that they wil
   iLcWAQAAMAAJ | New York Times Saturday Book Review Supplement | 1969 | ... <b>Butler</b> The Far Northwest : The Alaska - Yukon- Pacific Exposition at Seattle ... <b>Edgar</b> Stephenson Some Curious Premieres .......... Willis Steell THE ... <b>New Regime</b> in China .... William Dean How
   a-_zKSO_Zh4C | Congressional Record | 1978 | 
   wUoSAQAAMAAJ | New York Times Saturday Review of Books and Art | 1969 | ... <b>Edgar</b> B. Bronson Divorce ... James Cardinal Gibbons Edward Alsworth Ross The ... <b>Butler</b> The Far Northwest : The Alaska - Yukon- Pacific Exposition at ... <b>New Regime</b> in China ..... As He Thinketh 
   ZnOX8LEcyNsC | The New York Times Saturday Review of Books and Art | 1968 | 
== "heavy and continuous firing" Butler 1864 Grant ERR HTTPError
== "Mattapony" Eckert telegraph Sheldon 1864 | total 4
   Xw1D7tXl3kMC | The War of the Rebellion: v. 1-53 [serial no. 1-111] Formal reports, b | 1891 | ... <b>1864</b> . I want you to prepare for work in direction of White House from Williamsburg without delay . I do not ... <b>Mattapony</b> between the two rivers . The route by the old road and New Kent Court - House w
   drM9AAAAYAAJ | The War of the Rebellion | 1891 | ... <b>1864</b> . I want you to prepare for work in direction of White House from Williamsburg without delay . I do not ... <b>Mattapony</b> between the two rivers . The route by the old road and New Kent Court - House w
   QC2ZSnJ3dlwC | The War of the rebellion: a compilation of the official records of the | 1891 | 
   dRRKcjRlkrwC | House documents | 1892 | ... <b>telegraph</b> to reach Grant . Two routes are in view ; by the old road from Williamsburg direct to White House , thence up north side of Pamunkey River , or across at Yorktown and up north side York River , cross
== Dunn Cherrystone operator disloyal | total 0
== "Bermuda landing" "City Point" cable telegraph 1864 ERR HTTPError
