(all) | "Steamers all ready coaled and loaded with proper rations" | 7
    ['warofrebellionco46p2unit'] 
       Assistant  Quartermaster: {{{Steamers  all  ready  coaled  and  loaded  with  proper  rations}}}.  The  list will 
    ['warrebellionaco41offigoog'] 
       Assistant  Quartermaster: {{{Steamers  all  ready  coaled  and  loaded  with  proper  rations}}}.    The  list will
    ['warofrebellion014602rootrich'] 
       Assistant  Quartermaster : {{{Steamers  all  ready  coaled  and  loaded  with  proper  rations}}}.     The  list will
    ['warofrebellion462unit'] 
       Assistant  Quartermaster : {{{Steamers  all  ready  coaled  and  loaded  with  proper  rations}}}.  The  list will 
    ['cu31924077729014'] 
       Assistant  Quartermaster : {{{Steamers  all  ready  coaled  and  loaded  with  proper  rations}}}.    The  list will
(all) | "best going steamers" | 0
(all) | "Rawlins wishes you to send" | 0
(all) | "no rations will be required" | 0
(all) | "in addition to the steamers named in your" | 0
(all) | "before I could countermand" | 10
    ['blackmoonlight0000joge'] 
       Mrs. Sarah.”’ She bobbed and was gone {{{before I could countermand}}} the order. ‘That was unforgivable. My
    ['Weird_Tales_v38n01_1944-09'] 
       coastline was fifty or sixty miles away. {{{Before I could countermand}}} his orders, we had taken the full weight
    ['weird-tales-v-36-n-09-1943-01'] 
       coastline was fifty or sixty miles away. {{{Before I could countermand}}} his orders, we had taken the full weight
    ['Weird_Tales_v38n01_1944-09_sas'] 
       coastline was fifty or sixty miles away. {{{Before I could countermand}}} his orders, we had taken the full weight
    ['f_2117000'] 
       orders on the subject and called you {{{before I could countermand}}} her decision. Our patient’s really out
(all) | "she had better coal there" | 0
(all) | "what orders you give her" | 1
    ['isbn_9781481086523'] 
       Rick you weren’t all there, but watch {{{what orders you give her}}}. She’s dangerous, but still trustworthy
be-api requests 8
LOC | Baltic Annapolis troops | 1 results
    1865-01-06 Image 2 of Bedford inquirer (Bedford, Pa.), Januar http://www.loc.gov/resource/sn83032006/1865-01-06/ed-1/?sp=2
LOC | steamer Baltic Fortress Monroe | 4 results
    1865-01-14 Image 8 of The New York herald (New York [N.Y.]),  http://www.loc.gov/resource/sn83030313/1865-01-14/ed-1/?sp=8
    1865-01-14 Image 2 of Daily national intelligencer (Washingto http://www.loc.gov/resource/sn83026172/1865-01-14/ed-1/?sp=2
    1865-01-06 Image 2 of Bedford inquirer (Bedford, Pa.), Januar http://www.loc.gov/resource/sn83032006/1865-01-06/ed-1/?sp=2
    1865-01-07 Image 4 of The New York herald (New York [N.Y.]),  http://www.loc.gov/resource/sn83030313/1865-01-07/ed-1/?sp=4
loc requests 2
