"last night I lost" intitle:Grant | total 6 | Grant Papers 0
"some place from my overcoat" intitle:Grant | total 13 | Grant Papers 1
    mnRjmhe3QLoC 1985 November 16, 1864-February 20, 1865 | ... <b>some place , from my overcoat</b> pocket , <b>a</b> large package of papers containing Gen. Butler&#39;s report of <b>the</b> Wilmington Expedition . <b>The</b> only two <b>places</b> I had <b>my coat</b> off was at <b>the</b> theatre and at <b>the</b> hotel kept by Mr. Phil- lips . Will you&nbsp;...
"inquiries made at both places" intitle:Grant | total 1 | Grant Papers 0
"Beckwith" "Shepley" intitle:Grant | total 0 | Grant Papers 0
"travel very much" intitle:Grant | total 16 | Grant Papers 2
    Nywmdo_OyoMC 2000 Februrary 1-December 31, 1872 | ... much better opportunity of seeing and profiting by your <b>travels</b> . We have had two letters from Nelly.1 She seems to be enjoying herself <b>very much</b> . Her <b>travels</b> will not be very extensive as she must stay with Mr. &amp; Mrs. Borie and they&nbsp;...
    WDsDvFAx6SIC 1897 Conversations and Unpublished Letters | ... very often through the papers . He has enjoyed his European <b>trip very much</b> , and I think will be much improved by it . Nellie writes very often , and is a <b>very much</b> better letter - writer than either of the boys are . Her composition is&nbsp;...
"Wilmington Expedition" Beckwith Sheldon intitle:Grant | total 0 | Grant Papers 0
"If in summing up today I said six vessels" intitle:Grant | total 2 | Grant Papers 2
    mnRjmhe3QLoC 1985 November 16, 1864-February 20, 1865 | ... <b>said vessels</b> , and also to the Commanding Officer of the whole of <b>said</b> troops . The greatest promptitude possible in ... <b>up</b> to tomorrow night — They have water at the rate of a gallon per man for fifteen days — I will have issued&nbsp;...
    ij8fAQAAMAAJ 1967 The Papers of Ulysses S. Grant: November 16, 1864- | ... <b>said vessels</b> , and also to the Commanding Officer of the whole of <b>said</b> ... <b>up</b> to tomorrow night - They have water at the rate of a gallon per man for ... <b>If</b> the division Commander comes in the mean while he can do as he pleases&nbsp;...
"seven hundred & seventy eight" intitle:Grant | total 10 | Grant Papers 5
    mnRjmhe3QLoC 1985 November 16, 1864-February 20, 1865 | ... <b>7</b> . On Jan. 13 , noon , 2:30 P.m . , and <b>8</b>:00 P.m . , Morgan telegraphed to Raw- lins . &quot; The Sedgwick &#39; five <b>hundred</b> and one men , &#39; Ariel &#39; nine <b>hundred</b> and <b>seventy</b> three men and &#39; Ashland &#39; two <b>hundred</b> and <b>seventy</b> men have sailed in&nbsp;...
    51VBAQAAMAAJ 1899 Our Red Brothers and the Peace Policy of President | ... <b>eight hundred</b> and thirty - <b>eight</b> dollars , which was about one - sixth of ... <b>seven</b> mil- lion three <b>hundred</b> and forty - two <b>thousand eight</b> hun- dred and <b>eight</b> dollars . Of this amount three million one <b>hundred</b> and twenty - three <b>thousand</b>&nbsp;...
    0G1LAAAAYAAJ 1868 A Personal History of Ulysses S. Grant | ... <b>seven hundred</b> and thirty - <b>seven</b> . The return of Burnside&#39;s Ninth Corps , for the same month , shows its numbers ... <b>seventy</b> - <b>eight</b> bearing muskets . One division of these , numbering about four <b>thousand</b> , was with the wagon train&nbsp;...
    jA93AAAAMAAJ 1885 From April, 1861, to April, 1865 | ... <b>hundred</b> and fifty - three officers , of whom fifteen were gen- erals . ↑ One <b>hundred</b> and <b>seventy</b> - two cannon also ... <b>eight thousand eight hundred</b> and ninety - two ; in addition to these , <b>seven hundred</b> and nine refused to be&nbsp;...
    ij8fAQAAMAAJ 1967 The Papers of Ulysses S. Grant: November 16, 1864- | ... <b>7</b> . On Jan. 13 , noon , 2:30 P.M . , and <b>8</b>:00 P.M . , Morgan telegraphed to Raw- lins . &quot; The Sedgwick &#39; five <b>hundred</b> and one men , &#39; Ariel &#39; nine <b>hundred</b> and <b>seventy</b> three men and &#39; Ashland &#39; two <b>hundred</b> and <b>seventy</b> men have sailed in&nbsp;...
"5109 men" intitle:Grant | total 1 | Grant Papers 1
    mnRjmhe3QLoC 1985 November 16, 1864-February 20, 1865 | ... <b>men</b> and the &#39; Sedgwick &#39; 496 <b>men</b> , have arrived — The troops were rationed up to tomorrow night — They have water at ... <b>5109 men</b> , all as ordered— &quot; ALS ( telegram sent ) , ibid .; telegram received , ibid . &quot; If in summing up&nbsp;...
"three of the vessels" disabled intitle:Grant | total 2 | Grant Papers 1
    mnRjmhe3QLoC 1985 November 16, 1864-February 20, 1865 | ... <b>disabled</b> a small gunboat &amp; have two ( 2 ) Rams aground &amp; we are hitting them every shot . I am determined to blow ... <b>three</b> naval <b>boats</b> went up to your assistance &quot; &quot; All the naval <b>boats</b> have gone up to your assistance —give it to&nbsp;...
"returned from the expedition" intitle:Grant | total 34 | Grant Papers 1
    Dr6-E83jv9sC 1967 The Papers of Ulysses S. Grant | ... <b>Expeditions</b> have <b>returned</b> , bringing twenty three prisoners , among them Captain Day , Q. M. One Battalion Independent Rangers - all discharged men from Thompson&#39;s Army Shall I release them by administering Oath . Dallas <b>expedition</b> not&nbsp;...
"thirty five hundred men" intitle:Grant | total 148 | Grant Papers 5
    ZF4fAQAAMAAJ 1868 From April, 1861, to April, 1865 | ... <b>thirty</b> - <b>five thousand men</b> , and the French , less than two thousand , not seventeen hundred being able to bear arms ; the British loss was twelve hundred and ninety , <b>seven hundred</b> and ten of these at the breaches ; while only three&nbsp;...
    5pA5AQAAMAAJ 1885 From April, 1861, to April, 1865 | ... <b>five hundred men</b> , who remained ashore two days after Butler left , with no support except from the guns of the squadron . On the 25th , therefore , there were <b>thirty</b> - <b>five hundred men</b> opposed to Butler&#39;s six thousand <b>five hundred</b>&nbsp;...
    NLo4AQAAMAAJ 1868 His Youth, His Manhood, His Campaigns, and His Emi | ... <b>thirty</b> - <b>five thousand five hundred</b> , without counting the killed and wounded , though he says of Fort Gregg , that only <b>thirty</b> of two hundred and <b>fifty</b> composing the garrison survived the defence . Long before the fortunes of the day&nbsp;...
    4gL-ZmqMdhAC 1868 A Popular and Authentic Life of Ulysses S. Grant | ... <b>twenty</b>- <b>five thousand men</b> , and he has now , on the 17th of May , ( <b>thirty</b> - five days , ) arrived in front of Corinth . He has averaged just half a mile per day , without meeting any serious resistance . In the mean time , the enemy&nbsp;...
    Sn8fAQAAMAAJ 1885 General of the United States Army, and Twice Presi | ... <b>thirty</b> - <b>five thousand men</b> , and the French less and ill - starred city of Vicksburg is irrevocably than two thousand , not seventeen hundred being sealed . The escape of the forces now in it seems im- possible . the echoes of the State&nbsp;...
"fifty wagons" intitle:Grant | total 9 | Grant Papers 8
    Be-a9wVl1foC 1967 The Papers of Ulysses S. Grant, Volume 2 | ... ( <b>50</b> ) <b>Fifty wagons</b> , part of the Harness required for the Mules , and some other Government property , all of which is consigned to you . The invoices of these supplies I will forward you to - morrow , at which time the remaining Harness&nbsp;...
    51VBAQAAMAAJ 1899 Our Red Brothers and the Peace Policy of President | ... <b>fifty wagons</b> and one hundred sets of harness were received two trains , one from Fort Sill and one from Wichita , were on the road to the railroad . The Indians entered into the new work very eagerly , and all who applied could not be&nbsp;...
    5N2D5Fp928MC 1982 The Papers of Ulysses S. Grant [v.9] | ... <b>50</b>-51 . On Sept. 29 , 1863 , Maj . Gen. Henry W. Halleck telegraphed to USG . &quot; Genl Banks has made requisition on Quarter Dept for six hundred <b>wagons</b> &amp; teams . The <b>wagons</b> &amp; harness will be sent from Philadelphia . Send all the teams&nbsp;...
    XXD9cBTsRk4C 1979 The Papers of Ulysses S. Grant, Volume 8 | ... <b>wagons</b> . Not having more than one hundred and <b>fifty wagons</b> that can be made available , it would require eight days to transport it , including two for one return trip . To transport three hundred rounds , per gun , for ten six gun&nbsp;...
    mnRjmhe3QLoC 1985 November 16, 1864-February 20, 1865 | ... <b>fifty</b> eight ( 58 ) I think that <b>fifty wagons</b> and teams should also be sent down ; They will be useful in any event &quot; &quot; After consultation with Col. Comstock and in view of what I think is the ascertained fact ; that the whole , or&nbsp;...
    4uDIGQWEQVEC 1967 The Papers of Ulysses S. Grant, Volume 7 | ... <b>fifty wagons</b> giving same instructions as to your own Regimental trains , to report to Gen. Quimby for further use ” “ The Genl Commanding desires to know if you received order to send trains to Memphis for supplies , telegraphed you&nbsp;...
    Oz4fAQAAMAAJ 1967 The Papers of Ulysses S. Grant: July 7-December 31 | ... <b>wagons</b> &amp; Harness &amp; ought to have the mules . I am ordered to haul from Hamburg to Corinth &amp; this will require two Hundred &amp; <b>fifty</b> teams &amp; I have only ninety . this comes in a Despatch to Col Meyers . I ordered <b>fifty wagons</b> with Harness&nbsp;...
    -TwfAQAAMAAJ 1967 The Papers of Ulysses S. Grant: September 1-Decemb | ... <b>Wagons</b> were loaded in Such a manner that the Train could not be divided - Am having <b>Fifty wagons</b> loaded to be sent to Genl . Hamil- ton to night - No Commissary came down with the Train , and I have detailed Lt. Gillespie of the 41st&nbsp;...
"Fort Fisher news" mortars intitle:Grant | total 0 | Grant Papers 0
"instructions in regard to mortars" intitle:Grant | total 0 | Grant Papers 0
"each vessel leaves here" intitle:Grant | total 5 | Grant Papers 4
    4IdgBaZRr9MC 1990-10-01 Ulysses S. Grant: Memoirs & Selected Letters (LOA  | ... <b>vessel</b> to <b>leave here</b> to - morrow . It is not <b>all</b> the <b>vessels</b> that it will do to entrust letters with . A few that come take the trouble , and expense , of going to the Post Office in San Francisco and geting <b>all</b> the mail directed to&nbsp;...
    r0d5C4hAav8C 1967 The Papers of Ulysses S. Grant, Volume 11 | ... <b>leave</b> on 4th Shall they <b>all</b> be ordered to Washington &quot; ALS ( telegram sent ) , DNA , RG 107 , Telegrams ... <b>Vessel</b> that has reached <b>here</b> from New Orleans I will notify you of the arrival of <b>Each Vessels</b> as soon as they get&nbsp;...
    mnRjmhe3QLoC 1985 November 16, 1864-February 20, 1865 | ... <b>all</b> is secure <b>here</b> I cannot <b>leave</b> for Wilmington ; it will be Thursday morning at the earliest before I can <b>leave</b> &quot; Telegram received ( at 8:10 p.m. ) , DNA , RG 45 , Miscellaneous Letters Received ; ( 2 ) ibid . , RG 107 , Telegrams&nbsp;...
    jA93AAAAMAAJ 1885 From April, 1861, to April, 1865 | ... <b>all</b> , has been expended in keeping water out of our camps . Five good working days would enable the force <b>here</b> to complete the canal sixty feet wide , and of sufficient depth to admit any <b>vessel here</b> . Judging from the past , it is fair&nbsp;...
"every effort will be made" vessels noon intitle:Grant | total 2 | Grant Papers 1
    jCTREQAAQBAJ 2026-04-15 Illustrated Edition | Restored Historical Images w | ... <b>made</b> up his mind to blow up the gunboats rather than have them fall into the hands of the enemy. More welcome visitors he probably never met than the &quot;boys in blue&quot; on this occasion. The <b>vessels</b> ... <b>effort</b> to <b>make</b> a waterway through Lake&nbsp;...
"Sentinel are all" intitle:Grant | total 5 | Grant Papers 0
"sufficient for the teams" intitle:Grant | total 4 | Grant Papers 1
    hz0fAQAAMAAJ 1967 The Papers of Ulysses S. Grant: April 1-July 6, 18 | ... <b>sufficient</b> quantity of <b>teams</b> , without interruption . &quot; LS , ibid . , Letters Received . On June 10 , USG wrote to Porter . &quot; I will give the Quarter Master directions to turn over to you all the <b>teams</b> he can spare , to haul coal . A&nbsp;...
"obtain the remainder" intitle:Grant | total 0 | Grant Papers 0
"Have you nothing at City Point" intitle:Grant | total 30 | Grant Papers 4
    mnRjmhe3QLoC 1985 November 16, 1864-February 20, 1865 | ... <b>have nothing</b> of importance to communicate . If <b>you are</b> going to be at home this morning I propose to visit <b>City Point</b>.— &quot; ALS ( telegram sent ) , DNA , RG 393 , Army of the Potomac , Cav . Corps , Letters Received ; copies , ibid&nbsp;...
    5euuFDTkXacC 1967 The Papers of Ulysses S. Grant, Volume 12 | ... <b>you Nothing</b> has changed since that despatch I <b>have</b> thrown my right back Put Spring hill near New Market in fighting ... <b>City point</b> any dispatch I may send to Genl Grant &quot; ALS ( telegram sent ) , DNA , RG 107 , Telegrams Col- lected&nbsp;...
    r0d5C4hAav8C 1967 The Papers of Ulysses S. Grant, Volume 11 | ... <b>have</b> retained from Wilsons command a small force of cavalry to watch the left . --Burnside reports an attack about 11 PM yesterday , which he repulsed His picket line he says was at one <b>point</b> ... <b>you</b> advised of any thing occurring&nbsp;...
    lUAfAQAAMAAJ 1967 The Papers of Ulysses S. Grant: May 1-December 31, | ... you have not been consequently instructions have been sent him direct ... <b>City Point</b> tomorrow and receive my orders from you . <b>Did you</b> get my despatch ... <b>nothing</b> from you since you left Raleigh &quot; Telegram received ( at 6:35 P.M. )&nbsp;...
"put fifteen days rations" intitle:Grant | total 3 | Grant Papers 3
    mnRjmhe3QLoC 1985 November 16, 1864-February 20, 1865 | ... <b>fifteen days rations</b> of provisions and to see that such vessels are supplied with fuel and water . You will also ... <b>put</b> on board , and water replenished — Have I done rightly ? &quot; ALS ( tele- gram sent ) , ibid .; telegram received&nbsp;...
    3YUfAQAAMAAJ 1885 Leading Soldier of the Age, President of the Unite | ... <b>fifteen days</b> &#39; <b>rations</b> , to <b>bring</b> Meade&#39;s and Butler&#39;s forces together on the James . This determination he at the proper time communi- cated to his subordinates and to the authorities at Washing- ton . It has been much commented on by&nbsp;...
    4uDIGQWEQVEC 1967 The Papers of Ulysses S. Grant, Volume 7 | ... <b>fifteen days rations</b> , a portion of their tents and cooking utensils but no wagons . When the steamers are adapted one piece might be <b>put</b> on the bow . of each If this expedition should succeed in geting into the cold water Coldwater I&nbsp;...
"each vessel will carry" Small intitle:Grant | total 18 | Grant Papers 0
"Atlantic" "1400" troops intitle:Grant | total 0 | Grant Papers 0
"ordered to report to Col. Bradley" intitle:Grant | total 1 | Grant Papers 1
    Mk7a6J79RO0C 1991 The Papers of Ulysses S. Grant, Volume 17 | ... <b>report</b> of Gen&#39;l P. S. Geo . Cooke asking for two regiments of Cavalry and two regiments of Infantry with your ... <b>ordered</b> the Adjt . Gen&#39;l to send sufficient number of recruits to fill the regiments in the Dept. of the Platte to&nbsp;...
"Gen. Lyon" Varuna intitle:Grant | total 0 | Grant Papers 0
"Euterpe" intitle:Grant | total 0 | Grant Papers 0
"Weybossett" intitle:Grant | total 0 | Grant Papers 0
"ship troops on the Baltic" intitle:Grant | total 0 | Grant Papers 0
"Coal at Annapolis" intitle:Grant | total 0 | Grant Papers 0
"Baltic" Newport Sampson intitle:Grant | total 0 | Grant Papers 0
"own judgment after seeing the captain" intitle:Grant | total 1 | Grant Papers 0
