CTRL-E531	"six vessels" Oriental	total 356	shown 10
    oRQjxZm85K4C  Government Or Private Ownership of Merchant Shipping? (1927) :: ... <b>Oriental</b> Mail Line , which thereupon became the American Mail Line service between Seattle and Victoria and ... <b>six vessels</b> of the Pacific - Argentine - Brazil Line , and with this sale disposed of the last of its services from&nbsp;...
    v5xbAAAAQAAJ  Reports from Committees (1849) :: ... <b>Oriental</b> Steam Navigation Company . The duties stipulated for in the constitution or deed of settlement of the ... <b>six vessels</b> are not constantly employed ; there are about twenty- three employed ; there are always a certain number&nbsp;...
    kD_39F2huQQC  Decisions of the Federal Maritime Commission (1963) :: ... <b>six vessels</b> are basically the C2 type freighter design , modified for refrigerated cargo installations . They are of ... <b>Oriental</b> destinations . Applicant does not load commercial cargo , either dry or reefer , to the <b>Orient</b> out of&nbsp;...
    XOBUdiqR8CAC  Decisions of the U.S. Maritime Commission, Federal Maritime  (1963) :: ... <b>six vessels</b> are basically the C2 type freighter design , modified for refrigerated cargo installations . They are of ... <b>Oriental</b> destinations . Applicant does not load commercial cargo , either dry or reefer , to the <b>Orient</b> out of&nbsp;...
    CBh380f0bF4C  Diplomatic and Consular Reports (1899) :: ... <b>Oriental</b> .. 50 .. .. 125,810 Occidental and <b>Oriental</b> .. 39 106,216 Holt&#39;s Line ( Ocean Steamship Company ) 39 ... <b>six vessels</b> ( tive of which were built in England ) aggregating 34,724 tons to their fleet ; and it has now running&nbsp;...
    WDLSHSMKhlUC  Decisions (1963) :: ... <b>six vessels</b> are basically the C2 type freighter design , modified for refrigerated cargo installations . They are of ... <b>Oriental</b> destinations . Applicant does not load commercial cargo , either dry or reefer , to the <b>Orient</b> out of&nbsp;...
    em8jKUgFUi0C  Monthly Review - Immigration and Naturalization Service (1944) :: ... <b>Chinese</b> are eligible if they served on such vessels prior to July 31 , 1943 ; most of the other Allied Nations ... <b>six vessels</b> to sail on schedule . It may be of interest to know that despite many such last - minute demands , the&nbsp;...
    F5LZAAAAMAAJ  The Science of Immortality (1992) :: ... <b>Oriental</b> society . The Bible also says that woman must be calm in the church . Abraham Issac 1 Jacob 2 Dan 3 Pokhi Munwang 1 2 Suwoon 3 Jeungsan 4 Youngmo 4 55 Victress ( <b>Oriental six vessels</b> ) Victor 6 ( Occidental seven angels ) 67&nbsp;...
    P_IsAQAAMAAJ  The Timberman (1926) :: ... <b>six vessels</b> of the Tatsuuma Kisen Kaisha fleet , for which latter concern the first named company is Pacific Coast ... <b>Oriental</b> market . &quot; That there is a considerable improvement in the <b>Oriental</b> market is quite evident , &quot; said&nbsp;...
    w-NSd2UjTDIC  Marine Engineer and Motorship Builder (1909) :: ... <b>six vessels</b> , aggregating about 16,500 tons , having been sent off the stocks in Scottish yards . Two of the vessels ... <b>Oriental</b> fleet . She is of 11,500 tons register , 560 ft . long by 61 ft . beam and the largest vessel ever&nbsp;...
E518	"Smith of the Tribune" Fort Fisher Terry 1865	total 36	shown 10
    XyoXAAAAYAAJ  The Tribune Almanac for the Years 1838 to 1868, Inclusive (1866) :: ... <b>1865</b>. ] No. 7. - Thanks to General <b>Terry</b> . -Presents the thanks of Congress to Brevet Major - General Alfred H. <b>Terry</b> , and the officers and men under his command , for their gallantry and good con- duct in the capture of <b>Fort Fisher</b>&nbsp;...
    OW8FAAAAQAAJ  The Tribune Almanac (1868) :: ... <b>1865</b>. ] No. 7. - Thanks to General <b>Terry</b> . - Presents the thanks of Congress to Brevet Major - General Alfred H. <b>Terry</b> , and the officers and men under his command , for their gallantry and good con- duct in the capture of <b>Fort Fisher</b>&nbsp;...
    ExwXAAAAYAAJ  The Tribune Almanac and Political Register (1866) :: ... <b>1865</b>. ] No. 7. - Thanks to General <b>Terry</b> . - Presents the thanks of Congress to Brevet Major - General Alfred H. <b>Terry</b> , and the officers and men under his command , for their gallantry and good con- duct in the capture of <b>Fort Fisher</b>&nbsp;...
    IL8pAAAAYAAJ  The Tribune Almanac for the Years L838 to L868, Inclusive (1868) :: ... <b>1865</b>. ] No. 7. - Thanks to General <b>Terry</b> . -Presents the thanks of Congress to Brevet Major - General Alfred H. <b>Terry</b> , and the officers and men under his command , for their gallantry and good con- duct in the capture of <b>Fort Fisher</b>&nbsp;...
    1cFOAQAAMAAJ  The Tribune Almanac and Political Register For... (1864) :: ... <b>1865</b>. ] No. 7. - Thanks to General <b>Terry</b> . - Presents the thanks of Congress to Brevet Major - General Alfred H. <b>Terry</b> , and the officers and men under his command , for their gallantry and good con- duct in the capture of <b>Fort Fisher</b>&nbsp;...
    m5KS1XcjqXUC  The North Carolina Historical Review (2002) :: ... <b>Tribune</b> intimated the importance of Ames&#39;s role in conducting and ... <b>Terry&#39;s</b> initial report of the battle was unjust . <b>Terry&#39;s</b> briefings to Stanton and the press , he believed , diminished his role and ... <b>FORT FISHER</b> 215.
    xWo_AQAAMAAJ  Harper's Pictorial History of the Civil War (1862) :: ... <b>Fort Fisher</b> , 726 . 264. Iron - clad Monitor Monadnock , 726 . 265. Federal Fleet at Hampton Roads , 727 . 266 ... <b>Tribune</b> Office , 652 . 199. Burning of Colored Orphan Asylum , 653 . 200. Soldiers voting for President , 668 . 201&nbsp;...
    u084AQAAMAAJ  The Historians' History of the World (1907) :: ... <b>tribune</b> of the plebs ( 462 B.C. ) ; legislation concerning consuls , 5 , 131 . Terentius , Marcus , Roman knight ... <b>Terry</b> , Alfred Howe ( 1827-1890 ) , American soldier ; at capture of <b>Fort Fisher</b> ( <b>1865</b> ) , 23 , 446 . T&#39;er - sa&nbsp;...
    MqA-AAAAYAAJ  The Historians' History of the World: Index (1905) :: 
    WKwVAAAAYAAJ  Index (1908) :: 
E518	"Colonel Webster" Ingalls Tribune correspondent pass	total 6	shown 6
    SLKk4quEL9AC  The United States Army and Navy Journal and Gazette of the R (1868) :: ... <b>colonel</b> de- these weeping ones that &quot; God is not the God of the dead , but of the living ; &quot; that , as we gather around the graves of our departed heroes ... <b>CORRESPONDENT</b> of the <b>Tribune</b> MAY 29 , 1869 . 649 ARMY AND NAVY JOURNAL .
    r1ZFAQAAMAAJ  The Journal of the Armed Forces (1882) :: ... <b>COLONEL</b> R. Lodor , U. S. Army , left New York early in the week to rejoin at ... <b>Ingalls</b> . His health , though im- proved , is still somewhat delicate ... <b>Tribune correspondent</b> reports that Jefferson Davis&#39;s estate covers an area&nbsp;...
    QCg5AQAAMAAJ  The Civil Service Chronicle (1889) :: ... <b>Webster</b> re - appointed , 207 , 208 ; of U. S. dis- trict attorney at Washington , D. C. , 211 ; of Royer , worthless Indian agent at Pine Ridge , S. Dak . , 211 , 217 , 218 ; by Senator <b>Ingalls</b> of clerk of com- mittee of District of&nbsp;...
    icuML1iSgJYC  Editor & Publisher (1934) :: ... <b>Tribune</b> - C . B. Welch . bell , R. L. Bachman . Walla Walla Bulletin - J . G ... <b>Webster</b> , Leroy E. Snyder . Rome Sentinel - A . R. Kessinger , John A. Scott ... <b>Ingalls</b> . ff Grants <b>Pass</b> Courier - Earle E. Voorhies . Marshfield&nbsp;...
    M1iCsWiMbhIC  Portland Transcript (1855) :: ... <b>Ingalls</b> , South Bridgton , Ap 10 , 1856 - A R. Moore , Standish , Ap 7 , 1856 - F Brown , South Windham , Oct 14 ... <b>correspondent</b> . ANSWERS . Transposition and Rebus answered by Milton Far- rar ; and J. L. C. ers . Rebus by C. D.&nbsp;...
    Um_3cTVVihgC  International Year Book Number (1934) :: ... <b>Reporter</b> - Walter V. Hogan &amp; M. Harker . Yonkers Record - Norman H. Orr . NORTH ... <b>Tribune</b> - N . G. Gooding . Raleigh News &amp; Observer - Jonathan Daniels ... <b>Ingalls</b> . Grants <b>Pass</b> Courier - Earle E. Voorhies . Marshfield Coos Bay&nbsp;...
E518	"Elias Smith" "Fort Fisher"	total 1	shown 1
    hVkPAQAAMAAJ  The National Union Catalog, Pre-1956 Imprints (1968) :: 
E526	"Captain James" quartermaster "Fort Monroe" forage January 1865	total 9	shown 10
    7KNMAAAAYAAJ  The United States Army and Navy Journal and Gazette of the R (1865) :: ... <b>January</b> last , only forty now remain , con- taining about seven thousand patients , who are treat- ed with great ... <b>Captain</b> act . Probably an official order will be soon issued posts . According to the Raleigh Standard , the&nbsp;...
    eSJEAQAAMAAJ  History of Washington County, Ohio (1881) :: ... <b>quartermaster</b> sergeant , served three years and nine months , discharged May 8 , <b>1865</b> ... <b>Fort Monroe</b> to Bermuda , Kansas . Hoisington , George , aged 30 , volunteer ... <b>captain</b> in place of <b>Captain</b> Chandler , supposed to be dead , on&nbsp;...
    r1ZFAQAAMAAJ  The Journal of the Armed Forces (1882) :: ... <b>Fort</b> Leavenworth , leave for that place on Surg . certificate ( S. O. , Oct ... <b>James</b> Halloran , 2d Lieut . Palmer G. Wood , members , and 2d Lieut ... <b>Quartermaster</b> . RETIREMENT . D. Columbia . ) Board of Officers . At <b>Fort</b>&nbsp;...
    hM4UAQAAIAAJ  American Diaries: Diaries written from 1845 to 1980 (1983) :: ... <b>Jan</b> 1863. Extracts from diary of Company D corporal detailing company&#39;s voyage on the MONTEBELLO from <b>Fortress Monroe</b> to Louisiana ; quarantined for smallpox below New Orleans ; sights and occurrences in new camp ; notes on contrabands&nbsp;...
    Q8lPGffSnYoC  Army and Navy Register (1931) :: ... <b>quartermaster</b> corps has rendered the woolen industry of the country a ... <b>forage</b> , estimated at nearly 17 millions of dollars yearly . This is no ... <b>Fort</b> Benning for the purpose of observing field artillery activities at the&nbsp;...
    M_miQxxTPnkC  Army-Navy-Air Force Register and Defense Times (1929) :: ... <b>January</b> , 1902 , after the surrender of that leader . Gen. Bridges attained the rank of <b>captain</b> ... <b>Fort</b> Benjamin Har- rison , Ind . , and <b>Fort</b> Hayes , Ohio . He was detailed ... <b>1865</b>. His father was Brig . Gen. John Campbell , medical&nbsp;...
    vn1TAAAAYAAJ  The Collector (1960) :: ... <b>James</b> Madison , then President U. S. Countersigned by B. W. Crowninshield ... <b>Captain</b> Cur- rie in full . Currie&#39;s bill notes that 12- / 2 gal- lons of rum ... <b>Quartermaster</b> Ernest , stating that &quot; The Rum will be credited to&nbsp;...
    wMYdAQAAMAAJ  24th Virginia Cavalry (1997) :: ... <b>Monroe</b> - Date of arrival - 15 Mar 64. Exchanged 30 Oct 64. Paroled - 3 May 65 , Richmond . Col. D.M. Evans , 20 NY Cav . COX , <b>JAMES</b> ... <b>captain</b> 17 July 1861. Feb 29 , 6430 June 64 Present .... rollof POW&#39;S ... <b>Forage</b> Request - 2&nbsp;...
    Kos6AQAAIAAJ  History of the State of Kansas (1976) :: ... <b>Captain</b> , but being on detached service , was never mustered as <b>Captain</b> . He ... <b>James</b> Garfield . <b>Capt</b> . L. was elected by the Summer County Bar , in 1883 ... <b>Monroe</b> , of Memphis , Mo. , where he continued for two years , in the&nbsp;...
    hOz8GwAACAAJ  Standing Orders of the Post of Fort Monroe, Virginia (1910) :: 
E526	Webster Ingalls forage "Fort Monroe" "City Point" January 9 1865	total 0	shown 0
E527	"Carney" Eastville White Norfolk 1865	total 0	shown 0
E527	"Major Carney" Negro affairs Norfolk	total 207	shown 10
    eRbaAAAAQBAJ  Afro-Virginian History and Culture (2013-09-13) :: ... <b>Negro Affairs</b> , 2nd District <b>Norfolk</b> , Vir- ginia , to <b>Major</b> George J. <b>Carney</b> , Aide - de - Camp and General Superintendent <b>Negro Affairs</b> , 9 December 1864 , 7-8 , enclosure 12 , V - 87 1865 , ( M619 , roll 429 , frame 508-9 ) , RG 94&nbsp;...
    2_d1AAAAMAAJ  Dear Ones at Home (1966) :: ... <b>Carney</b> in his place , which good thing was this day effected so God and man favor the cause in this Department and ... <b>Norfolk</b> , Va . SARAH E. CHASE 2. <b>Major</b> George J. <b>Carney</b> of Massachusetts was Superintendent of <b>Negro Affairs</b> , Department&nbsp;...
    ssMBzqrUpjwC  Notable Black American Women (1992) :: ... <b>Affairs</b> and Scientific Literature ; President Rich- ard Nixon&#39;s award for exemplary medical service ; and the ... <b>major</b> inroads for <b>black</b> women . Because of her dedication and commitment to service , she is one of the most&nbsp;...
    YxtNAQAAMAAJ  Dixie's Other Daughters (1998) :: ... <b>Negro Affairs</b> , reported that women performed the majority of the farm labor ... <b>Major</b> George J. <b>Carney</b> , 9 December 1864 , p . 7 , enclosure 12 , series 87 ... <b>Norfolk</b> : The First Four Centuries ( Charlottesville , Va . , 1994 )&nbsp;...
    3x4_AQAAMAAJ  The United States Army and Navy Journal and Gazette of the R (1865) :: ... <b>Major</b> - General Canby is ra- pidly recovering , and will soon be out again . He is able to attend to business at his ... <b>Negro Affairs</b> in the Department of Virginia and North Carolina , and ordered to turn over all records and&nbsp;...
    ZDxxAAAAMAAJ  From Contraband to Freedman (1969) :: ... <b>Major</b> George J. <b>Carney</b> , December 30 , 1864 , QMG , Annual Reports . 28Orlando Brown to Colonel Kinsman , June 22 , 1864 , BRFAL - Va . , Department of <b>Negro Affairs</b> . two counties under Brown&#39;s supervision contained over 13,000 <b>blacks</b>.29&nbsp;...
    naw0AQAAMAAJ  Armed Forces Journal International (1864) :: ... <b>Major</b> - General Canby is ra- pidly recovering , and will soon be out again . He is able to attend to business at his ... <b>Negro Affairs</b> in the Department of Virginia and North Carolina , and ordered to turn over all records and&nbsp;...
    rpryVszCLcgC  Black Americans in Congress, 1870-2022 (2023) :: ... <b>Carney</b> Smith ( Detroit , MI : Gale Research Inc. , 1998 ) : 270 ; Nancy Weiss , Farewell to the Party of Lincoln ... <b>Affairs</b> to the Capital , &quot; 21 November 1942 , Pittsburgh Courier . 13 ; “ Politicians Scoff At Idea Of Taking&nbsp;...
    coYOAQAAMAAJ  Black Diaspora (2001-03) :: ... <b>Norfolk</b> , Virginia . In a solemn ceremony a plaque commemorating Sergeant William <b>Carney</b> ... <b>AFFAIRS</b> AT PEPSICO , INC . Ronald Harrison was promoted last February to ... <b>major</b> ethnic consumer groups , in part though his leadership&nbsp;...
    ttmYydzUsogC  Complete Works (1894) :: ... <b>Carney</b> , respecting <b>affairs</b> in , 521 , 522 ; faction in , on question of ... <b>negro</b> in , 344 , 435 ; slavery in , not a re- sult of climatic conditions ... <b>Major</b> Anderson ordered to raise troops in , 43 ; the President&#39;s&nbsp;...
E527	"Colonel White" Eastville Butler relieved	total 2	shown 2
    84kdAQAAMAAJ  Marylanders in Blue, the Artillery and the Cavalry (1999) :: ... <b>Colonel</b> William P. Maulsby in Maryland Heights . The brigade was part of the ... <b>Eastville</b> , which was now part of the Department of Virginia and North Carolina under the com- mand of General <b>Butler</b> ... <b>White</b> , requested a 30 - day&nbsp;...
    Neqy2zlxtmAC  The United States Army and Navy Journal and Gazette of the R (1906) :: ... <b>Colonel</b> Hoyt , Major Penrose and Capt . O&#39;Neil have been sick for several ... <b>white</b> paper , upon which roses had been painted very artistically , the work ... <b>BUTLER</b> . -At Washington , D.C. , June 9 , 1906 , Miss Lillie <b>Butler</b>&nbsp;...
E546	"Commodore Lanman" detached 1865	total 5	shown 5
    f1BAAQAAMAAJ  Official Records of the Union and Confederate Navies in the  (1900) :: ... <b>1865</b> - Continued . Name . Guns . Class . Commanding officer . Present duty or station . Shamrock . 11 3 Shokokon 6 ... <b>Commodore Lanman</b> , U. S. Navy , regarding the transfer of duties as senior officer in Hampton Roads to Commodore&nbsp;...
    oVFIAAAAYAAJ  Official Records of the Union and Confederate Navies in the  (1900) :: ... <b>Detached</b> . Ordered to Key West . <b>Detached</b> .. New York . S. Atlantic Squadron . Key West . Boston . Repairing north ... <b>Commodore Lanman</b> , U. S. Navy , regarding the transfer of duties as senior officer in Hampton Roads to Commodore&nbsp;...
    toFHIALtTS4C  Official records of the Union and Confederate navies in the  (1900) :: ... <b>1865</b> - Continued . Name . Guns . Class . Shamrock .. 11 3 Shokokon 6 4 ... <b>Detached</b> . Ordered to Key West . <b>Detached</b> . New York . S. Atlantic Squadron ... <b>Commodore Lanman</b> , U. S. Navy , regarding the transfer of duties as senior&nbsp;...
    G0hEAQAAMAAJ  Officers of the Army and Navy (regular) who Served in the Ci (1892) :: ... <b>detached</b> from the Minnesota &quot; and ordered to the command of the steamer ... <b>1865</b> - he joined the flag - ship &quot; Hartford , &quot; Admiral H. H. Bell , on the ... <b>Commodore Lanman</b> , His next service was in the U. S. S. “ Brooklyn , &quot; on&nbsp;...
    CyeLEQAAQBAJ  Every Day of the Civil War (2025-10-01) :: ... <b>1865</b> , with <b>Commodore Lanman</b> in command of the 2nd Division of Admiral David D. Porter&#39;s fleet . The USS Saranac ... <b>detached</b> from the James River Flotilla and named commander of the Potomac River Flotilla ; however , the&nbsp;...
E546	"Lanman" "Portsmouth" Minnesota Foster telegraph	total 3	shown 3
    Wh4_AQAAMAAJ  The United States Army and Navy Journal and Gazette of the R (1864) :: ... <b>Portsmouth</b> Yard on Monday , and was received with a salute of thirteen guns . ADMIRAL Simpson , of the Chilian Navy ... <b>Lanman</b> in command of the U. S. sloop - of - war Lancaster ( flagship ) . He will leave Panama by the steamer of&nbsp;...
    CG1FAQAAMAAJ  The Journal of the Armed Forces (1863) :: ... <b>Portsmouth</b> Yard on Monday , and was received with a salute of thirteen guns . ADMIRAL Simpson , of the Chilian Navy ... <b>Lanman</b> in command of the U. S. sloop - of - war Lancaster ( flagship ) . He will leave Panama by the steamer of&nbsp;...
    forPwUt22OkC  International Year Book Number (1953) :: ... <b>Telegraph</b> Journal and Times Globe- K. Logan . NEWFOUNDLAND ohn&#39;s Herald ... <b>Lanman</b> . Cedartown Standard - Frances Russell . scott Courier - Evan Thomas ... <b>Portsmouth</b> Herald M. P. Manson . NEW JERSEY Bridgeton News - Wm . Wilson&nbsp;...
E546	"Lanman" "Hampton Roads" detached "Portsmouth, N. H."	total 5	shown 5
    LtO9xlsuny0C  Official Records of the Union and Confederate Navies in the  (1900) :: ... <b>Detached</b> . Nereus Commander [ J.C. ] Howell ... Mariguana Pass . Powhatan 24 1 Commodore [ J. F. ] Schenck ... <b>Portsmouth , N. H.</b> Report of Commodore <b>Lanman</b> , U. S. Navy , regarding the transfer of duties as senior officer in <b>Hampton Roads</b>&nbsp;...
    w0xTDY__dY4C  Army and Navy Register (1925) :: ... <b>detached</b> , upon ... <b>Portsmouth , N. H.</b> , and Henry P. Stevens , jr . , attached to marine ... <b>Hampton Roads</b> , Va . The following have tendered their resignations as officers of the Navy medical corps : Lieutenant Everett L. <b>Lanman</b>&nbsp;...
    ESFaz0CvhZMC  Army-Navy-Air Force Register and Defense Times (1925) :: ... <b>detached</b> from ... <b>Hampton Roads</b> , Va . The following have tendered their resignations as officers of the Navy medical corps : Lieutenant Everett L. <b>Lanman</b> ... <b>Portsmouth , N. H.</b> , and Henry P. Stevens , jr . , attached to marine&nbsp;...
    SLKk4quEL9AC  The United States Army and Navy Journal and Gazette of the R (1868) :: ... <b>Hampton Roads</b> and wait for instructions . Pay- master A. H. Gilman and Commander C. C. Carpenter , have been ... <b>Lanman</b> , has received preparatory orders to command the South Atlantic Squadron ; he will be <b>detached</b> from duty as&nbsp;...
    dWtFAQAAMAAJ  The Journal of the Armed Forces (1872) :: ... <b>Portsmouth , N. H.</b> , and ordered to the California , and as fleet surgeon of ... <b>Hampton Roads</b> , Va . New Hampshire , 2d rate ( 15 ) , Commander E. K. Owen ... <b>Lanman</b> , July 18 , 1872 ; Captain J. F. Arm- strong , September 2&nbsp;...
E553	"General Vogdes" Gordon commission Norfolk 1865	total 5	shown 5
    mkJ_4G_EE6MC  The War of the Rebellion: v. 1-53 [serial no. 1-111] Formal  (1895) :: ... <b>1865</b>-7 p . m . Do not give <b>General Vogdes</b> the command of <b>Norfolk</b> if you deem him unfit for it . You know him better than I do . U. S. GRANT , Lieutenant - General . HEADQUARTERS ARMY OF THE JAMES , February 1 , <b>1865</b>—6.20 p.m. ( Received&nbsp;...
    tMktAAAAIAAJ  The War of the Rebellion (1895) :: ... <b>1865</b>-7 p . m . Do not give <b>General Vogdes</b> the command of <b>Norfolk</b> if you deem him unfit for it . You know him better than I do . U. S. GRANT , Lieutenant - General . HEADQUARTERS ARMY OF THE JAMES , February 1 , <b>1865</b>–6.20 р . т&nbsp;...
    cJRovKU5AcIC  House documents (1895) :: ... <b>1865</b>–6 р . т . GENERAL : Inquire of any officer of the Army who has ever ... <b>General Vogdes</b> the command of <b>Norfolk</b> if you deem him unfit for it . You ... <b>Gordon</b> on the <b>commission</b> ; General <b>Gordon</b> to relieve General Shepley ; and&nbsp;...
    hDrcE0_iM-8C  The War of the rebellion: a compilation of the official reco (1895) :: 
    NVUhl6_gkJUC  Congressional Record (1901) :: ... <b>1865</b> , he was the senior officer of the regi- ment , and for most of the time in command of it , during which ... <b>General Vogdes</b> is based in part on the reports of several of the subordinate officers on duty at Portsmouth and the&nbsp;...
E553	Gordon "protested" command "Eastern Virginia" 1865	total 1	shown 1
    3hvVAAAAMAAJ  A War Diary of Events in the War of the Great Rebellion (1882) :: 1863-<b>1865</b> George Henry <b>Gordon</b>. Ο. CHAPTER XI . DISTRICT OF <b>EASTERN VIRGINIA</b> . N the 9th of December troops from the Army of the James were lying in transports at anchor in the bay under <b>command</b> ... <b>command</b> ... <b>protested</b> that the fort would be&nbsp;...
E554	Ord Gordon "for the present" investigation Norfolk Vogdes	total 6	shown 6
    KtNAAQAAMAAJ  Private and official correspondence of Gen. Benjamin F. Butl (1917) :: ... <b>Norfolk</b> , and the other at Getty&#39;s line . There is also to be a guard of boats . Several new regiments of colored troops have been sent here , and <b>Vogdes</b> has his reward by being placed in command of the Posts and all the troops . White&nbsp;...
    vnNJAQAAMAAJ  August 1864-March 1868 (1917) :: ... <b>Norfolk</b> , and the other at Getty&#39;s line . There is also to be a guard of boats . Several new regiments of colored troops have been sent here , and <b>Vogdes</b> has his reward by being placed in command of the Posts and all the troops . White&nbsp;...
    gXYTgx7qXtAC  The United States Army and Navy Journal and Gazette of the R (1919) :: ... <b>present</b> , and the event proved a most enjoyable party for all who attended ... <b>Norfolk</b> , Va . , Sept , 7 , 1919 , to the wife of Lieut . Comdr . J. V. ... <b>GORDON</b> . - At Leavenworth , Kas . , Oct. 4 , 1919 , Allen Ross Highfield&nbsp;...
    zNjRfkXajpsC  Army-Navy-Air Force Register and Defense Times (1934) :: ... <b>present</b> tour of foreign service , and will join that station in ac- cordance ... <b>Gordon</b> W. Haines , U. S. N. She left Newport , R. I. , on July 19 for her ... <b>Norfolk</b> , on June 4 , under command of Capt . Arthur L. Bristol&nbsp;...
    031x1aGbLUYC  Army and Navy Register (1934) :: ... <b>present</b> tour of foreign service , and will join that station in ac- cordance ... <b>Gordon</b> W. Haines , U.S. N. She left Newport , R. I. , on July 19 for her ... <b>Norfolk</b> , on June 4 , under command of Capt . Arthur L. Bristol&nbsp;...
    dqwQAQAAMAAJ  The City of First (1926) :: ... <b>Norfolk</b> for Somerset with coal . The vessel foundered at sea . The captain ... <b>Vogdes</b> , High School professor ; Thomas U. Walter , architect ; Robert Wood ... <b>Gordon</b> and Bregy , took up the applications for liquor licenses under&nbsp;...
# requests 15
