GB | "six vessels" Oriental intitle:Grant | ERR HTTP Error 503: Service Unavailable
GB | "Webster, Ralph C." intitle:Grant | ERR HTTP Error 503: Service Unavailable
GB | "Dodge, George S." intitle:Grant | ERR HTTP Error 503: Service Unavailable
GB | "Howell, William T." intitle:Grant | ERR HTTP Error 503: Service Unavailable
GB | "Beckwith, Samuel H." intitle:Grant | ERR HTTP Error 503: Service Unavailable
GB | "Sheldon, George D." intitle:Grant | ERR HTTP Error 503: Service Unavailable
GB | "Ingalls, Rufus" "Jan. 5, 1865" intitle:Grant | ERR HTTP Error 503: Service Unavailable
GB | Montauk steamer intitle:Grant | ERR HTTP Error 503: Service Unavailable
GB | Blackstone steamer intitle:Grant | ERR HTTP Error 503: Service Unavailable
GB | Hancox intitle:Grant | total 0
GB | Leary steamer intitle:Grant | ERR HTTP Error 503: Service Unavailable
GB | "Alliance" steamer Fort Monroe intitle:Grant | ERR HTTP Error 503: Service Unavailable
GB | "light draft" steamers Rawlins 1865 intitle:Grant | total 2
    GRANT-PAPERS vol 13 | The Papers of Ulysses S. Grant: November 16, 1864-February 20, 1865 1967 :: ... Rawlins telegraphed to USG . &quot; [ T ] he Richmond papers of today contain the following- From Georgia Shermans ... light draft steamers to ply between the ocean fleet of transports and supply vessels and Gen. Sher- man&#39;s army on the Ogeechee .
    GRANT-PAPERS vol 13 | The Papers of Ulysses S. Grant 1985 :: November 16, 1864-February 20, 1865 Ulysses Simpson Grant John Y. Simon. -So far as we can learn Shermans Army has ... light draft steamers to ply between the ocean fleet of transports and supply vessels and Gen. Sher- man&#39;s army on&nbsp;...
GB | Butler "Fort Monroe" "Jan. 6, 1865" intitle:Grant | ERR HTTP Error 503: Service Unavailable
GB | "Ben De Ford" "Western Metropolis" | total 10
    zQVVAAAAcAAJ | House Documents 1867 :: ... Ben De Ford ... A. Some of the boats owned by the United States . Names . Names . Arago Atlantic . Baltic .. Fulton Mississippi Western Metropolis . Illinois . Empire City B. Cost . Tonnage . $ 135,000 1,643 195,000 1,623 85,000 1,017&nbsp;...
    x5sFAAAAQAAJ | House Documents, Otherwise Publ. as Executive Documents 1867 :: ... Ben De Ford .... Arago . Atlantic . Baltic A. Some of the boats owned by the United States . Names . Fulton Mississippi Western Metropolis . Illinois . Empire City . Names . B. Cost . Tonnage . $ 135,000 1,643 195,000 1,623 85,000 1,017&nbsp;...
    LNSuaLGV500C | House documents 1878 :: ... Ben De Ford van ren het ruc tel WS F. H. GREGORY , Admiral . w . w . w . WOOD , Chief Engineer . S. M. POOK , Naval ... Western Metropolis . Illinois Empire City Names . Cost . Tonnage . $ 135,000 1,643 195,000 1,623 85,000 1,017&nbsp;...
    Q5tDAAAAIAAJ | History of American Steam Navigation 1908 :: ... Ben De Ford , &quot; 1861 , $ 750 per day . &quot; Empire City , &quot; 1861 , $ 1,000 ; 1863 , $ 800 per day . &quot; Ericcson , &quot; 1862 ... Western Metropolis 504 CHARTERED STEAM VESSELS DURING CIVIL WAR .
    m8U8zPpb1rwC | The Medical and Surgical History of the War of the Rebellion (1861-65) 1870 :: ... Western Metropolis , Acting Assistant Surgeon W. M. Hudson , U. S. A. , in charge ; capacity , four hundred and ... Ben De Ford and S. N. Spaulding , were sent to City Point , after their superiority became evident . Patients were&nbsp;...
    tTVFAAAAcAAJ | The Medical and Surgical History of the War of the Rebellion, 1861-65  1870 :: ... Western Metropolis , Acting Assistant Surgeon W. M. Hudson , U. S. A. , in charge ; capacity , four hundred and ... Ben De Ford and S. N. Spaulding , were sent to City Point , after their superiority became evident . Patients were&nbsp;...
GB | "C. C. Leary" Blackstone 1865 | ERR HTTP Error 503: Service Unavailable
GB | "Eliza Hancox" Winants 1865 | ERR HTTP Error 503: Service Unavailable
GB | Beckwith Sheldon Butler "Fort Monroe" January 1865 | ERR HTTP Error 503: Service Unavailable
GB | "Western Metropolis" Alliance Montauk 1865 | total 7
    ihYlxyUkJycC | The Insurance Year Book 1937 :: ... Western Alliance , Chicago . 1899 - Merchants National , Chicago ; failed ... Metropolis , New York ; retired . 1919 - Metropolitan , Chicago ; merged ... Montauk Fire , Brooklyn ; reins . in Niagara , N. Y. 1896 - Montauk Fire&nbsp;...
    gjEMAQAAMAAJ | The Spectator Insurance Year Book 1941 :: ... Alliance , Gal- veston , Tex .; retired . 1916 - Merchants Mutual Fire ... Western Mutual Fire , Denver . 1886 - Merchants Marine , Bangor , Me ... Metropolis , New York ; retired . 1919 - Metropolitan , Chicago ; merged into&nbsp;...
    kwExAQAAMAAJ | The American Dictionary and Cyclopedia 1900 :: 
    iHI3AAAAMAAJ | The World Almanac & Book of Facts 1949 :: ... ( 1865 ) , 32 East 26th St. , New Tork , N. Y .; address communications to the ... Metropolis City Club ( 1878 ) , 111 East 56th St .. ew York 18 , N. Y ... Montauk Club ( 1885 ) , Eighth Avenue &amp; Lincoln. Place. ,. Brooklyn. ,. N. Y.
    NgpGAQAAIAAJ | Twentieth Century Encyclopædia 1912 :: ... Montauk , in Charleston harbor , 1863 ; acting fleet captain on the flagship ... 1865 ; inspector - general at various Dept. and Division Headquarters until ... metropolis of Bakon has been phenomenal . Thirty years ago it was a&nbsp;...
    bvorAAAAIAAJ | The World Almanac and Book of Facts 1949 :: ... ( 1865 ) , 32 East 26th St. , New York , N. Y .; address communications to the ... Metropolis City Club ( 1878 ) , 111 East 56th St. , New York 18 , N. Y ... Montauk Club ( 1885 ) , Eighth Avenue &amp; Lincoln Place , Brooklyn , N. Y&nbsp;...
