warofrebellion014602rootrich | "Suwo Nada" | 1
     ['warofrebellion014602rootrich'] | Quartermaster-General : Can also obtain the {{{Suwo Nada}}}— 1,200 men, and sixteen feet loaded; she
     ['warofrebellion014602rootrich'] | three detached from Fort Monroe, and the {{{Suwo Nada}}}, on her way from New York, will be able
(all) | "Saugus" "early daylight" "City Point" | ERR HTTP Error 502: Bad Gateway
(all) | "Saugus" aground "December" 1864 "James River" Colhoun | 473
     ['officialrecordso0011unse'] | C., {{{December}}} 24, {{{1864}}} . 207-245 First attack on Fort Fisher, {{{December}}} 24-25, {{{1864}}} . 245-378
     ['officialrecordso0011unse'] | March 31, {{{1864}}}. Volume 3. Operations of the cruisers from April 1, {{{1864}}}, to {{{December}}} 30, 1865
     ['officialrecordso0002john'] | Fisher, N. C., {{{December}}} 24, {{{1864}}}. ...... .... First attack on Fort Fisher, {{{December}}} 24-25, {{{1864}}}.... .....
     ['officialrecordso0002john'] | to March 31, {{{1864}}}. VOLUME 3. Operations of the cruisers from April 1, {{{1864}}}, to {{{December}}} 50, 1865. VOLUME
     ['official-records-union-and-confederate-navies-in-war-of_1900_11'] | N. C., {{{December}}} 24, {{{1864}}}. ....-.--.. 207-245 First attack on Fort Fisher, {{{December}}} 24-25, {{{1864}}}.......--:
     ['official-records-union-and-confederate-navies-in-war-of_1900_11'] | to March 31, {{{1864}}}. VOLUME 3. Operations of the cruisers from April 1, {{{1864}}}, to {{{December}}} 30, 1865. VOLUME
     ['indian-wells-cape-fear-css-chick-official-records-of-the-union-and-confed'] | to March 31, {{{1864}}}. Volume 3. Operations of the cruisers from April 1, {{{1864}}}, to {{{December}}} 30, 1865. Volume
     ['indian-wells-cape-fear-css-chick-official-records-of-the-union-and-confed'] | N. C., {{{December}}} 9-28, {{{1864}}} . 160-182 Sinking of the U. S. S. Otsego by a torpedo, {{{December}}} 9,1864- 161
(all) | "number one cipher" Sheldon | 2
     ['modpowerengin1914toro'] | pansion piping and a 70-inch motor-driv- en "{{{Sheldon}}}" fan. Cream Boom. In the cream room the
     ['modpowerengin1914toro'] | through which air is forced by a 36-inch ' ' {{{Sheldon}}} ' ' fan driven by a 5 h.p. motor. Adjacent
     ['canmachinery11torouoft'] | motor-driven 128 CANADIAN MACHINERY Volume. XI. ' ' {{{Sheldon}}} ' ' fan. At each fire is installed a jib
     ['canmachinery11torouoft'] | the first figure of the root to the {{{number one cipher}}} to the second correction, and two ciphers
(all) | "cable" "Cherrystone" March 1864 broken | 1
     ['sim_congressional-record-proceedings-and-debates_august-28-september-25-1890_21'] | them—immediately that it became known at Rio by {{{cable}}} in some way that this law had passed Congress, reducing
     ['sim_congressional-record-proceedings-and-debates_august-28-september-25-1890_21'] | Peru, Ind.; Bentley & Gering, New Brighton, La.; {{{Cable}}} Flax Mill, Troy, N. Y.; John F. Bailey & Co., Philadelphia;
(all) | "Butler's fleet" Ingalls Webster | 34
     ['cihm_15896'] | me and said: “We are going to stop for General {{{Ingalls}}}, who wishes to come on board to pay his respects
     ['cihm_15896'] | suppose there is any one in the wide world Rufus {{{Ingalls}}} loves more than he does your hus- 24 PICKETT AND
     ['sim_npn-national-petroleum-news_1957-11_49_11'] | Transportation Specialist to bring you the details of {{{Butler’s Fleet}}} Modernization Program. BUTLER MAKES BOTH Choose
     ['sim_npn-national-petroleum-news_1957-11_49_11'] | OF P. 0. BOX 1490 Telephone FAirfax 2-3301 THE {{{INGALLS}}} IRON WORKS COMPANY BIRMINGHAM, ALABAMA News closes
     ['sim_npn-national-petroleum-news_1957-04_49_4'] | driver and tractor time has been cut 20-25%. {{{BUTLER’S FLEET}}} MODERNIZATION PROGRAM This new program makes
     ['sim_npn-national-petroleum-news_1957-04_49_4'] | 7a@Mhk COMPANY DIVISION OF IRON WORKS COMPANY THE {{{INGALLS}}} SALES OFFICES: New York Chicago Pittsburgh Houston
     ['corpusjurissecun0100thom'] | Enterprises), 719 A.2d 847 (Pa. Commw. Ct. 1998). *Ky.—{{{Butler’s Fleet}}} Service v. Martin, 173 S.W.3d 628 (Ky. Ct.
     ['corpusjurissecun0100thom'] | , 223 Minn. 277, 26 N.W.2d 459 (1947). ?Tenn.—{{{Webster}}} v. Teledyne Lewisburg and Argonaut Ins. Co., 674
(all) | "fleet left yet" | ERR HTTP Error 502: Bad Gateway
be-api requests 7
