== "Suwo Nada" | None | total 909
   ['dli.ministry.07639'] | None | None | upples mn              § )  JAPAN—INLAND Bea. {{{Suwo Nada}}}, Northern Shore—Amendments to Charts with regard ... shoals and depths off the northern shore of the {{{Suwo nada}}}. Charts affected.—No. 3153, Mardyama zaki to Ominase ... (H. 2352-22.)   mene ' JAPAN—INLAND SEA. tee {{{Suwo Nada}}}, No
   ['sim_the-womans-journal_1877-02-10_8_6'] | None | None | sixteenth, on the Messageries Imperial Steamship ‘{{{Suwo-Nada}}},’ and shall reach Yokohama towards the middle ... Suddenly there was a cry, ‘‘Par- ker has news of the {{{Suwo-Nada}}}—he is in the bowling-alley-—he will speak.” Ina ... early this morning in regard to the fate of the {{{Suwo-Nada}}}
   ['for-romantik-og-historie-bind-14'] | None | None | tilbage og vedblev fan med faſt Stemme: {{{Suwo Nada}}}. 537 „{{{Suwo-Nada}}} forlod Marſeille med fire og tyve Mand ... efter var Skuret tomt og ſtille. — Er {{{Suwo Nada}}}. 539 {{{Suwo⸗Nada}}} ligger ved Cap Idſu, i Indlobet til Bugten ... Fruen paa Soelbjerg. Af ee til 5 5 e . 43598. {{{Suwo Nad
   ['per_north-china-herald_the-north-china-herald-market-report_1868-03-18_2_48'] | None | None | 00 Denne. a: te * 4 * a . Hs 108.80 8 108.80 {{{Suwo- Nada}}} e eee » 3 144.00 * * Ra és 1 40 ie Ki 144.00 ...  Carr, Lieut. Davidson, and Dr. Leach. Per ‘ {{{Suwo- Nada}}}” for Hongkow n Rooper. Per * Western Chiet” for ... GOOD SAUCE. 14\Claro Babuyan ny 14 Fusi-Yama 14/{{{Suwo Nada}}} 14 Dragon F
   ['dli.ministry.01541'] | None | None | traders navigate the great inland sea known as the {{{Suwo-nada}}}, between the three great islands of Nipon- Sikok ... Kiu-siu and Ni- pon. In our charts it is called the {{{Suwo-nada}}} Sea, Perfectly land-locked, possessing three routes ... CRUISE IN JAPANESE WATERS. 101 onter ocean. This {{{Suwo
   ['cu31924023219573'] | None | None | whales — ^the  Abb6 Sidotti— renewed  storm— the  {{{Suwo-nada}}}  Sea^-the  Pacific  gulf-stream — meteors— iirst ... navigate  the  great  inland  sea  known  as  the {{{Suwo-nada}}},  between  the  three  great  islands  of  Nipon- ... Ni- pon.  In  out  charts  it  is  called  the  {{{Suwo-nada}
   ['per_north-china-herald_the-north-china-herald_1867-05-18_1_6'] | None | None | Holmes, 2 Children and servant, 8 Chinese. er {{{Suwo - Nada}}}, from Hongkong Messers. E. W. Rice, Hoppins and ... Nagasaki = Messrs. LAN E, CRAWFORD & Co. „  9){{{Suwo-Nada}}} Am str 1802 Jayne Hongkong . 17jy 2796 February ... Rock Simmons Hankow & Ports Russell aud Co „ 12){{{Suwo-Nada}}} Jayne 
   ['per_north-china-herald_the-north-china-herald_1867-04-27_1_4'] | None | None | Constables, and 5 Constables Wives. Per Str. ‘{{{Suwo-Nada}}},” for Hongkong, Mr. and Mrs, Gant, Messrs. Pembleton ... 24 24 24 EA & PRRRINS' Cz- | 0d e „„ Express {{{Suwo - Nada}}} Nanzing Elizabeth Shanse Aden Confucius Plymouth ... Chefoo & Tientsin General Trautmann and Co 25 {{{Suwo-Nada}}} Am 
== Eckert | papersofulyssess0010gran | total 1
   ['papersofulyssess0010gran'] | None | None | xxxvi, part 2, 812-13. 1. On May 14, Maj. Thomas T. {{{Eckert}}}, U.S. Military Telegraph, tele- graphed to USG ... (U.S. Army): tele- gram to, Sept. 10, 1864, 2687 {{{Eckert}}}, Thomas T. (U.S. Army), 455n Eddy, Asher R. (U
== "heavy and continuous firing" | papersofulyssess0010gran | total 0
== "how wide is the Mattapony" | None | total 0
== "dread the necessity" | None | total 563
   ['can-liberal-be-educated-revilo-p.-oliver'] | None | None | automatic consciousness of an animal. They {{{dread the necessity}}}, the risk, and the responsibility of rational
   ['CanLiberalsBeEducated_144'] | None | None | automatic consciousness of an animal. They {{{dread the necessity}}}, the risk, and the responsibility of rational
   ['CanLiberalsBeEducated'] | None | None | automatic consciousness of an animal. They {{{dread the necessity}}}, the risk, and the responsibility of rational
   ['VariousPdfFiles'] | None | None | automatic consciousness of an animal. They {{{dread the necessity}}}, the risk, and the responsibility of rational
   ['revilo-p.-oliver-can-liberals-be-educated'] | None | None | automatic consciousness of an animal. They {{{dread the necessity}}}, the risk, and the responsibility of rational
   ['sim_weekly-entertainer-and-west-of-england-miscellany_1811-02-04_51'] | None | None | comfortlessly arranged, that Mr. Shandy began to {{{dread the necessity}}} of receiving his friends, and sometimes he
   ['oliver-revilo-pendleton-can-liberals-be-educated_202012'] | None | None | automatic consciousness of an animal. They {{{dread the necessity}}}, the risk, and the responsibility of rational
   ['can-liberals-be-educated-by-oliver-revilo-p.-z-lib.org'] | None | None | automatic consciousness of an animal. They {{{dread the necessity}}}, the risk, and the responsibility of rational
== "office at Gillmore" | None | total 6
   ['officialdirector18971newe'] | None | None | Ti'ansmitter. PUBLIC  PAY  STATION. **  Central  {{{Office  at  Gillmore}}}  &  Bardwell's  Store,  Cor  Second  Street
   ['officialdirector1896newe'] | None | None |    q PUBLIC  PAY  STATION. **  Central  {{{Office  at  Gillmore}}}  &  Bardwell's  Store,  Cor  Second  Street
   ['officialdirector1898newe'] | None | None | Transmitter. PUBLIC  PAY  STATION. **  Central  {{{Office  at  Gillmore}}}  &  Bardwell's  Store,  Cor  Second  Street
   ['officialdirector18981newe'] | None | None | Transmitter. PUBLIC   PAY  STATIONS. **  Central  {{{Office  at  Gillmore}}}  &  Bardwell's  Store,  Cor  Second  Street
   ['officialdirector1899newe'] | None | None | Transmitter. PUBLIC  PAY  STATIONS. **  Central  {{{Office  at  Gillmore}}}  &  Bardwell's  Store,  Cor  Second  Street
   ['officialdirector1900newe'] | None | None |  PUBLIC  PAY  STATIONS.  £ **  Central  {{{Office  at  Gillmore}}}  &  Bardwell's  Store,  Cor  Second  Street
== "one at Bermuda landing" | None | total 0
== "stop your exchanges" | None | total 1
   ['exhibitorsherald14exhi_0'] | None | None | PRICES  AND  MADE  A  TREMENDOU: HIT.    {{{STOP.    YOUR  EXCHANGES}}}  AND  EX- HIBITORS CAN  LOOK  FORWARD
== "know of none and do not believe" | None | total 13
   ['per_star-news_the-morning-star_1877-12-29_21_82'] | None | None | writing in posses- sion of Mr. Burke, I {{{know of none, and do not believe}}} there exists one. As regards the reasons
   ['micro_IA1176906_1248'] | None | None | of any type of help from abroad. We {{{know of none and do not believe}}} there is any. [Rosas] Last question:
   ['sim_art-amateur-art-in-the-household_1896-03_34_4'] | None | None | illustrated book on fresco designs. We {{{know of none, and do not believe}}} any exists. This term is generally
   ['per_courier_journal_the-courier-journal_1870-12-30_42_830'] | None | None | Forty-second House, say that they {{{know of none, and do not believe}}} the matter will be considered, if
   ['tragedyoferrors00munsuoft'] | None | None |  But  are  there  none?" "  I  {{{know  of  none,  and  do  not  believe}}}  there  is one." "  Isn't  it 
   ['annualreportcom33unkngoog'] | None | None | instances  have  occurred. 65.  I  {{{know  of  none,  and  do  not  believe}}}  in  such  cases. 66.  Isolation
   ['annualreport11healgoog'] | None | None | instances  have  occurred. 65.  I  {{{know  of  none,  and  do  not  believe}}}  in  such  cases. 6G.  Isolation
   ['annualreportofse1877mich'] | None | None | instances  have  occurred. 65.  I  {{{know  of  none,  and  do  not  believe}}}  in  such  cases. 66.  Isolation
== "it may be that Grant has reached" | None | total 0
== "New Regime" Norfolk 1864 Edgar | None | total 65333
   ['sim_virginia-magazine-of-history-and-biography_fall-2014_122_supplement'] | None | None | Letters); {{{New Regime}}}, 12 and 29 Mar. {{{1864}}}, and 26 Apr. {{{1864}}}; Richmond Daily Dispatch, 2 May {{{1864}}}; Central ... in {{{Norfolk}}}, issued General Orders no. 3 on 11 February {{{1864}}}. Wild placed all churches in {{{Norfolk}}} and ... 11 May {{{1864}}}. 15. BFB to Edward A. Wil
   ['per_civil-war-and-reconstruction_letter-of-governor-pierpoint_1864'] | None | None | verbatim: ITEADQUARTERS, {{{NORFOLK}}} AND PORTSMOUTH, {{{Norfolk}}}, Va., March 7, {{{1864}}}. General Order, No. 6. Let ... The county and municipal laws of {{{Norfolk}}} and Portsmouth and {{{Norfolk}}} county were put into operation about ... natives in {{{Norfolk}}}, to en- courage them.” ‘ Wel
   ['per_civil-war-and-reconstruction_letter-of-governor-carolina_pierpoint-francis-_1864'] | None | None | The county and municipal laws of {{{Norfolk}}} and Portsmouth and {{{Norfolk}}} county were put into operation about ... of {{{Norfolk}}} city, against a rebel inarms against the United States. ITe had real estate in {{{Norfolk}}} city ... natives in {{{Norfolk}}}, to. en- courage them.” ‘ Well,” sa
   ['letterofgovernor01pier'] | None | None |  Headquarters,  {{{Norfolk}}}  and  Portsmouth,  Va., {{{Norfolk}}},  Va.,  February  28,  {{{1864}}}. Respectfully  return ... : "  Headquarters  {{{Norfolk}}}  and  Portsmouth, {{{Norfolk}}},  Va.,  February  11,  {{{1864}}}. Special  Order,  No ... county  and  municipal  laws  of  {{{Norfolk}}} 
   ['letterofgovernor00pier'] | None | None | Fort  Moxroe,  Va.,  Febnianj  IG,  {{{1864}}}. Brig.  G-en.  Wild,  {{{Norfolk}}},  Ya.  : I  am  directed  by  the ... newspaper,  published  in {{{Norfolk}}}  under  the  auspices  of  General  Butler.  {{{New  Regime}}} means  new  government ...  of  prices  : "  IIeadquarteks  {{{Norfolk}}}  a
   ['hidden-americans'] | None | None | Roanoke Island and {{{Norfolk}}}, transforming the {{{Norfolk}}}-Roanoke line into a {{{Norfolk}}}-Roanoke-Fort Ferelis ... Millard, {{{Edgar}}} Cayce, p. 89. 76 Bro, {{{Edgar}}} Cayce on Religion, p. 33. 17 Ibid., p. 35. 78 Bro, {{{Edgar}}} Cayce ... Stearn, {{{Edgar}}} Cayce, p. 197. 86 Tbid. 87 B
   ['hiddenamericansm0000leam'] | None | None | Roanoke Island and {{{Norfolk}}}, transforming the {{{Norfolk}}}-Roanoke line into a {{{Norfolk}}}-Roanoke-Fort Ferelis ... Stearn, {{{Edgar}}} Cayce, p. 197. 86 Thid, 87 Bro, {{{Edgar}}} Cayce on Religion, p. 120. 88 Cayce, The {{{Edgar}}} Cayce ... ° Bro, {{{Edgar}}} Cayce on Religion, p. 141. °3 
   ['letterofgovernor3489pier'] | None | None | : "  Headquarters  {{{Norfolk}}}  and  Portsmouth, {{{Norfolk}}},  Va.,  February  11,  {{{1864}}}. Special  Order,  No ... in  {{{Norfolk}}},  to  en- courage them."  "AYell,"  says  my  friend,  "I  am  a  native of  {{{Norfolk}}}:  only ... Headquarters,  JSTorfolk  and  Portsmouth, {{{Norfolk}}}
requests 11
