Beckwith overcoat intitle:Grant | total 0 | Grant Papers 0
"Butler's report of the Wilmington" intitle:Grant | total 3 | Grant Papers 3
    mnRjmhe3QLoC 1985 November 16, 1864-February 20, 1865 | ... <b>Butler&#39;s report of the Wilmington</b> Expedition . The only two places I had my coat off was at the theatre and at the hotel kept by Mr. Phil- lips . Will you be good enough to have enquiries made at both places and telegh me the result&nbsp;...
    4_sRthib-ekC 2007-11-01 Personal Memoirs of Ulysses S. Grant | ... <b>Wilmington</b> , I deemed it of the utmost importance that the expedition should reach its destination before the return of Bragg , and directed General <b>Butler</b> ... <b>report</b> of the Fort Fisher failure , with my indorsement and papers&nbsp;...
"report of the Wilmington Expedition" lost intitle:Grant | total 2 | Grant Papers 2
    mnRjmhe3QLoC 1985 November 16, 1864-February 20, 1865 | ... <b>lost</b> , some place , from my overcoat pocket , a large package of papers containing Gen. Butler&#39;s <b>report of the Wilmington Expedition</b> . The only two places I had my coat off was at the theatre and at the hotel kept by Mr. Phil- lips&nbsp;...
"Mr. Phillips" theatre intitle:Grant | total 0 | Grant Papers 0
"Shepley" Norfolk Beckwith intitle:Grant | total 0 | Grant Papers 0
"Has it been lost again" intitle:Grant | total 91 | Grant Papers 4
    mnRjmhe3QLoC 1985 November 16, 1864-February 20, 1865 | ... <b>has been</b> picked up here , and <b>is</b> in my possession . What <b>will</b> you <b>have</b> done with it ? &quot; LS ( telegram sent ) , ibid ... <b>lost again</b> ? If so , I <b>have</b> a copy— &quot; ALS ( tele- gram sent ) , DNA , RG 107 , Telegrams Collected ( Unbound )&nbsp;...
    AEIOAAAAIAAJ 1898 His Life and Character | ... <b>was</b> foredoomed to failure at the start . As the contest went on it ... <b>again</b> about to <b>be lost</b> . Many of the Democratic papers in the North <b>had</b> per ... <b>been</b> monstrous in its degrading acts . He <b>was</b> accused of associating with&nbsp;...
    THqT6UlDY_AC 2001 Ulysses S. Grant | ... <b>had lost again</b> and <b>again</b> to Lee , and because of those losses <b>had been</b> called a &quot; butcher &quot; and worse . Now , he <b>had</b> a chance to bring the elegant Southerner to his knees . Instead , Ulysses Grant chose to <b>be</b> generous and respectful&nbsp;...
    DpYEAAAAYAAJ 1885 Military and Civil Life of Gen. Ulysses S. Grant . | ... <b>back</b> to the Brock road , and come to his support . But too much time <b>had been lost</b> by the halt . Longstreet&#39;s attack <b>was</b> furious and persistent , or rather the attack of Hill reinforced by Longstreet . Mott&#39;s division to the left caught&nbsp;...
"vessels returned" disabled intitle:Grant | total 7 | Grant Papers 1
    mnRjmhe3QLoC 1985 November 16, 1864-February 20, 1865 | ... <b>disabled</b> a small gunboat &amp; have two ( 2 ) Rams aground &amp; we are hitting them every shot . I am determined to blow ... <b>vessels</b> you have at the front . At this juncture of affairs all the <b>vessels</b> you can controll should be got&nbsp;...
"disabled" "Fort Fisher" mortars intitle:Grant | total 4 | Grant Papers 1
    jCTREQAAQBAJ 2026-04-15 Illustrated Edition | Restored Historical Images w | ... <b>fort</b> ran across this peninsula, about five hundred yards in width, and extended along the sea coast about thirteen hundred yards. The <b>fort</b> had an armament of 21 guns and 3 <b>mortars</b> ... <b>Fisher</b>; and Hoke&#39;s division, five or six thousand&nbsp;...
"3500 men" intitle:Grant | total 7 | Grant Papers 3
    gMhDtP_rwdIC 1967 The Papers of Ulysses S. Grant | ... <b>3500 men</b>— 600 of whom are mounted- &amp; nine pieces of artillery - His pickets were at Bertrand yesterday , 25 strong . I can learn of no movement from Belmont An accident occurred last night on the camp guard - A man belonging to the 11th&nbsp;...
    4uDIGQWEQVEC 1967 The Papers of Ulysses S. Grant, Volume 7 | ... <b>men</b> from Clifton who saw forrest cross say he did not cross over three thousand five hundred <b>3500</b> I think he will ... <b>men</b> arrived yesterday from Tullahoma , Tenn .; ten days on the road . The main body of Bragg&#39;s army was there&nbsp;...
    sty51KRVESIC 1967 The Papers of Ulysses S. Grant, Volume 5 | ... <b>men</b> &amp; say our troops acknowledge loss of ( 1000 ) they mention 17 regts cavalry being in the fight , say these numbered ( <b>3500</b> ) <b>men</b> when they started but ( 500 ) dropped sick by rain &amp; heat on the way — B . H. Hill was knocked over&nbsp;...
"Coehorn" Fisher Monroe intitle:Grant | total 0 | Grant Papers 0
"Thames" "Haze" intitle:Grant | total 0 | Grant Papers 0
"Haze" Sentinel Dupont intitle:Grant | total 0 | Grant Papers 0
"Sentinel" Monroe Bradley intitle:Grant | total 0 | Grant Papers 0
"rations on such vessels" intitle:Grant | total 2 | Grant Papers 2
    mnRjmhe3QLoC 1985 November 16, 1864-February 20, 1865 | ... <b>such</b> sea - going <b>vessels</b> , as may arrive at that point , with fifteen days <b>rations</b> of provisions and to see that <b>such vessels</b> are supplied with fuel and water . You will also provision each <b>vessel</b> with ten days extra <b>rations</b> of hard&nbsp;...
"Atlantic" "draws too much water" intitle:Grant | total 1 | Grant Papers 0
"Towanda" intitle:Grant | total 0 | Grant Papers 0
"Howell" steamers Bradley intitle:Grant | total 0 | Grant Papers 0
"Baltic" Annapolis coal intitle:Grant | total 0 | Grant Papers 0
"Baltic" Swann Point intitle:Grant | total 0 | Grant Papers 0
"Morgan telegraphed to Rawlins" intitle:Grant | total 8 | Grant Papers 8
    mnRjmhe3QLoC 1985 November 16, 1864-February 20, 1865 | ... <b>Morgan</b> wrote to <b>Rawlins</b> . &quot; Two steamers , the &#39; Ariel &#39; 973 men and the &#39; Sedgwick &#39; 496 men , have arrived — The ... <b>telegraphed</b> to Raw- lins . &quot; The Sedgwick &#39; five hundred and one men , &#39; Ariel &#39; nine hundred and seventy three&nbsp;...
    NxF2GR7BQiUC 1967 The Papers of Ulysses S. Grant, Volume 6 | ... <b>Rawlins telegraphed</b> to Brig . Gen. Thomas A. Davies . “ Send Troops from Paducah &amp; from Cairo if nessary under command of Genl Rawson to Eddyville to attack <b>Morgan</b> at Hopkinsville order at same time all the avaible force at Ft Henry&nbsp;...
    ij8fAQAAMAAJ 1967 The Papers of Ulysses S. Grant: November 16, 1864- | ... <b>Rawlins</b> . &quot; Two steamers , the &#39; Ariel &#39; 973 men and the &#39; Sedgwick &#39; 496 ... <b>Morgan telegraphed</b> to Raw- lins . &quot; The Sedgwick &#39; five hundred and one men ... <b>Morgan</b> wrote to <b>Rawlins</b> . &quot; I am making out , but very tired at such&nbsp;...
    4uDIGQWEQVEC 1967 The Papers of Ulysses S. Grant, Volume 7 | ... <b>telegraphed to Rawlins</b> . &quot; Dispatch received . I notified Colonel <b>Morgan</b> at 6 o&#39;clock to be prepared for attack , and that if attacked I would go to his assistance . I send dispatch to Colonel Grierson to Saulsbury . &quot; &quot; I have re&nbsp;...
    7DAAxfRuXKoC None The Papers of Ulysses S. Grant | ... <b>Rawlins</b> , Chattanooga , had <b>telegraphed</b> to Maj . Gen. John A. Logan . &quot; Where is your pontoon bridge , and what is ... <b>Morgan</b> L. Smith advanced yesterday to Lebanon and <b>Rawlinsville</b> capturing about three officers and about 40&nbsp;...
    -TwfAQAAMAAJ 1967 The Papers of Ulysses S. Grant: September 1-Decemb | ... <b>Rawlins telegraphed</b> to Brig . Gen. Thomas A. Davies . &quot; Send Troops from Paducah &amp; from Cairo if nessary under command of Genl Rawson to Eddyville to attack <b>Morgan</b> at Hopkinsville order at same time all the avaible force at Ft Henry&nbsp;...
"Sheldon" Rawlins Jan. 17 intitle:Grant | total 0 | Grant Papers 0
