LOC | "General Butler" "Fortress Monroe" | total 18
    1865-01-09 | Image 2 of The daily confederate (Raleigh, N.C.), January 9, | -
    1865-01-12 | Image 2 of The Portland daily press (Portland, Me.), January | -
    1865-01-12 | Image 2 of Evening star (Washington, D.C.), January 12, 1865 | -
    1865-01-06 | Image 1 of The daily dispatch (Richmond [Va.]), January 6, 1 | -
    1865-01-05 | Image 2 of The daily dispatch (Richmond [Va.]), January 5, 1 | -
    1865-01-06 | Image 2 of Ellsworth American (Ellsworth, Me.), January 6, 1 | ace propos ed to gi there and the President while he declined to give the visit official charac ter saw no reason for preventing it Mr Blair accompanied by his son Mont gomery accordingly repaired to General Grants headquarters bat was not per mitted to proceed farther because the Secretary of War believed that no good e mid be effected bv bis proposed confer ence svith the Confederate ciiiefs and saw lit to intimate to General Grant by tele graph that he did not approve Mr Blairs proceedings wh
    1865-01-11 | Image 4 of The New York herald (New York [N.Y.]), January 11 | -
    1865-01-12 | Image 1 of New-York daily tribune (New-York [N.Y.]), January | -
    1865-01-06 | Image 2 of Bedford inquirer (Bedford, Pa.), January 6, 1865 | -
    1865-01-07 | Image 8 of The New York herald (New York [N.Y.]), January 7, | THE ARMY OF THE POTOMAC Wlftt a British Officer Says of That Army m DESCRIPTION OF GENERAL GRANT VkeNorthlBexhaftitiUe iaHea and Monef kc vm ofaHHtiik O Ulcer to tM Amy f the Potomac JProm the London Star DM M TtoftJtowing letter addressed to a member f Motto ant by aJirlilsb flM officer ia active servtoe wbo has oeritly iUii tbe Army of the Potomac wtinw found M ooubur hue valuab
LOC | Butler Fortress Monroe relieved | total 17
    1865-01-12 | Image 2 of The Portland daily press (Portland, Me.), January | -
    1865-01-06 | Image 4 of The weekly pioneer and Democrat (Saint Paul, Minn | -
    1865-01-06 | Image 3 of The weekly pioneer and Democrat (Saint Paul, Minn | -
    1865-01-09 | Image 2 of The Portland daily press (Portland, Me.), January | -
    1865-01-11 | Image 2 of The Portland daily press (Portland, Me.), January | -
    1865-01-07 | Image 5 of The Burlington weekly hawk-eye (Burlington [Iowa] | -
    1865-01-12 | Image 2 of Pomeroy weekly telegraph (Pomeroy, Meigs County,  | -
    1865-01-10 | Image 1 of The Manchester journal (Manchester, Vt.), January | -
    1865-01-11 | Image 2 of Urbana union (Urbana, Ohio), January 11, 1865 | rs have had their salaries raised with a rush Mr Brough fsaid in his message that poor pay brings poor servants The men now elected came in on lie poor pay Why raise it until we get a new set Gen B F Butler is relieved of com mand and ordered to report at Lowell his home in Slassachusetts I Pirates and the Florida The common Republican papers of the flay always speak of tho war vessels of the Insurgent States as Pirates It 16 nothing strange that they should do so as they are not careful to be a
    1865-01-05 | Image 2 of The Kenosha telegraph (Kenosha, Wis.), January 5, | 000 letters the largest single mail ever re ceived at the New York post office Fortress Monroe Dec 30Nearly all the steamers composing the portion of the extraordinary fleet under command of Maj Gen Butler which sailed from this port several weeks since have returned in safety notwithstanding the severe storm experi enced along the coast and while anchored off Wilmington The Santiago de Cuba and Fort Jackson have been the only vessels at tached to the naval fleet which have yet ar rived from of
LOC | "Western Metropolis" | total 3
    1865-01-06 | Image 2 of Baltimore Wecker (Baltimore [Md.]), January 6, 18 | -
    1865-01-06 | Image 2 of Ellsworth American (Ellsworth, Me.), January 6, 1 | -
    1865-01-05 | Image 1 of New-York daily tribune (New-York [N.Y.]), January | -
LOC | "Ben De Ford" | total 0
LOC | Leary steamer Fortress Monroe | total 0
LOC | Beckwith telegraph Butler | total 4
    1865-01-11 | Image 3 of Chicago tribune (Chicago, Ill.), January 11, 1865 | -
    1865-01-09 | Image 3 of Chicago tribune (Chicago, Ill.), January 9, 1865 | -
    1865-01-08 | Image 3 of Chicago tribune (Chicago, Ill.), January 8, 1865 | -
    1865-01-05 | Image 3 of Chicago tribune (Chicago, Ill.), January 5, 1865 | -
