CTRL | "meet you and the admiral there" Butler Grant | ERR HTTP Error 503: Service Unavailable
E474 | "fleet left yet" Ingalls | ERR HTTP Error 503: Service Unavailable
E474 | Ingalls "Colonel Webster" "December 13, 1864" | ERR HTTP Error 503: Service Unavailable
E474 | "most of the fleet left during last night" | ERR HTTP Error 503: Service Unavailable
E447 | "early daylight" Saugus Colhoun | ERR HTTP Error 503: Service Unavailable
E447 | Saugus aground James River December 1864 Colhoun "Hampton Roads" | total 0 | no Grant 13/14 hit
E447 | "Colhoun" "six miles above City Point" | ERR HTTP Error 503: Service Unavailable
E471 | "number one cipher" Sheldon 1864 | total 338 | no Grant 13/14 hit
     Xw1D7tXl3kMC The War of the Rebellion: v. 1-53 [serial no. 1-111] Formal reports, b 1891 | ... <b>Sheldon</b> as to plans and route to build upon . Answer quick . You must use all the arbitraries in your <b>cipher</b> ... <b>1864</b> . I should have <b>no</b> doubt that the telegraph route most easily pro- tected would be across the York at Gloucest
     jkR3AAAAMAAJ The War of the Rebellion 1985 | ... <b>number</b> of the men entirely inexperienced , so that it is difficult to get up ... <b>1864</b> . * * * * V. The following troops will embark on the night of the 27th ... <b>one</b> section of Battery B , Mesereau&#39;s New York artillery ; from&nbsp;.
     noiKUBQfSK8C Sheldon's Retail Directory of the United States and Canada and Phelon' 1989 | ... <b>no</b> event shall we be liable for a sum greater than the amount in the ... <b>one</b> copy of the list , in zip <b>code</b> order , for <b>one</b> time use , on 4 across ... <b>1864</b> - 1988 PHELON , <b>SHELDON</b> &amp; MARSAR , INC . SINCE <b>1864
     QC2ZSnJ3dlwC The War of the rebellion: a compilation of the official records of the 1891 | 
     OcoHKGMu-uEC House documents 1895 | ... <b>number</b> of the men entirely inexperienced , so that it is difficult to get up ... <b>1864</b> . * * * * V. The following troops will embark on the night of the 27th ... <b>one</b> section of Battery B , Mesereau&#39;s New York artillery ; from&nbsp;.
     qJs0rb2TT44C Lincoln's Code 2012-09-04 | ... <b>1864</b> , box 44 , FLP HL ; see also FL to Charles Sumner , June 24 , <b>1864</b> , box 44 , FLP HL ; FL to Henry Halleck , June 18 , <b>1864</b> , and June 25 , <b>1864</b> , box 28 , FLP HL . 341 &quot; the very moral sentiment ” : <b>Sheldon</b> Amo
E471 | "cable" Cherrystone broken March 1864 telegraph Fort Monroe | ERR HTTP Error 503: Service Unavailable
E471 | "nothing heard from Kilpatrick" | total 351 | no Grant 13/14 hit
     wpXsAAAAMAAJ A Critical Analysis of William Heard Kilpatrick's The Montessori Syste 1970 | ... <b>nothing</b> more than a growth pattern and are thus subject to deviation and abnormality the same as in a physical sense . In fact Standing claims that the &quot; sensitivity periods &quot; have a biological foundation , &quot; as all of Montessori&#39;
     YsdaAAAAYAAJ The War of the Rebellion 1971 | ... <b>heard</b> of General Garrard&#39;s cavalry , but am satisfied the enemy has been held to his lines to - day , and General <b>Kilpatrick</b> ... <b>Nothing</b> positive done along our lines , as <b>nothing</b> was attempted , but , although we displayed 
     tIs0AQAAMAAJ Reports of Cases Argued and Decided in the Supreme Court of the United 1901 | ... <b>heard Kilpatrick</b> make some reply , I told him this . &quot; Q. Where was he at that time ? &quot; A. He was on the west of the caboose . &quot; Q. Now , then , you told him that ; what did you see , if <b>anything</b> , him do ? &quot; A. Well , I s
     PM381btVBG0C House documents 1892 | ... <b>Kilpatrick</b> . Dahlgren pushed forward vigorously , but the night overtaking him and <b>hearing nothing</b> from <b>Kilpatrick</b> , whose guns he had <b>heard</b> early in the afternoon , he withdrew and attempted to rejoin the main body . The next d
     0HbLaE7yO9cC United States Supreme Court Reports 1929 | ... <b>nothing</b> more un- til the engine and caboose stopped within 6 feet of this freight car that they were working on , when it stopped still ; the next signal was Mr. <b>Kilpatrick</b> ... <b>heard</b> Mr. Fowers holler &#39; Pull up ! &#39; I run back t
     JfE_AAAAYAAJ A Night in Dixie, Or, Kilpatrick's Ride to Richmond 1883 | 
E471 | Sheldon Eckert "March 3, 1864" cipher | ERR HTTP Error 503: Service Unavailable
