"sailed in perfect order" intitle:Grant | total 3
    mnRjmhe3QLoC The Papers of Ulysses S. Grant 1985 PARTIAL | ... <b>sailed in perfect order</b>— &quot; ALS ( telegram sent ) , DNA , RG 107 , Telegrams Collected ( Unbound ) ; telegram received , ibid . &quot; The Steamer Victor with three hundred and seventy five ( 375 ) men has <b>sailed</b> — All right — Plenty of Hard&nbsp;...
    ij8fAQAAMAAJ The Papers of Ulysses S. Grant: November 16, 1864-February 20, 1865 1967 NO_PAGES | ... <b>sailed in perfect order</b>- &quot; ALS ( telegram sent ) , DNA , RG 107 , Telegrams Collected ( Unbound ) ; telegram received , ibid . &quot; The Steamer Victor with three hundred and seventy five ( 375 ) men has <b>sailed</b> - All right - Plenty of Hard&nbsp;...
    IpH5DwAAQBAJ Complete Works of Jules Verne (illustrated): A Jorney To The Centre Of 2021-02-01 PARTIAL | ... <b>perfect order</b> , the Dutch cleanliness of the vessel . The captain&#39;s cabin , and that of the lieutenant , one on the ... <b>sailing</b> - master ; Hardy , Rogers , Drap , Francis , Gratian , Burg , and Stern <b>sailors</b> all between twenty&nbsp;...
"Suwo Nada" intitle:Grant | total 0
"Oriental" "half an hour" intitle:Grant | total 3
    zZlIAQAAMAAJ Around the World with General Grant 1879 ALL_PAGES | ... <b>Oriental</b> standard . We drove around it next morning on donkeys , and went through the bazaars . We drove into the suburbs and saw a Bedouin camp , and , having driven all over the town in <b>half an hour</b> , and having nothing else to do&nbsp;...
    bts4DwAAQBAJ Delphi Collected Works of Grant Allen (Illustrated) 2017-10-08 PARTIAL | ... <b>half an hour</b> in close consultation.&#39; I had <b>half</b> a mind to send down a message that I could not see him. My face ... <b>Oriental</b> stuffs, and wore his full white turban swathed in folds round his head. I could not see his features. He&nbsp;...
    CTgNAQAAIAAJ A Tour Around the World by General Grant 1879 ALL_PAGES | ... <b>Oriental</b> standard . We drove around it next morning on donkeys , and went through the bazaars . We drove into the suburbs and saw a Bedouin camp , and , having driven all over the town in <b>half an hour</b> , and having nothing else to do&nbsp;...
"six vessels" Oriental intitle:Grant | total 1
    mnRjmhe3QLoC The Papers of Ulysses S. Grant 1985 PARTIAL | ... <b>Oriental</b> &#39; seven hundred &amp; seventy eight ( 778 ) men has sailed — The &#39; Suwo Nada &#39; nine hundred &amp; thirty ( 930 ) men will start in half an hour — This makes <b>six vessels</b> , 5109 men , all as ordered— &quot; ALS ( telegram sent ) , ibid&nbsp;...
"all as ordered" intitle:Grant | total 24
    JXn2Bq8KpDEC The Papers of Ulysses S. Grant 1995 PARTIAL | ... <b>order</b> at <b>all</b> but under the law requiring <b>all orders</b> of the President and Secretary of War to go through the General of the Army . Neither of these papers con- tained a reason for the discharge asked for , and I could not <b>order</b> the&nbsp;...
    K2KMDOmOfOwC The Chiefs of Grant 1883 ALL_PAGES | ... <b>ordered all</b> the men to Castle Grant ; and as the rebells were in great numbers in Badenouch and in Murray , besides their bodies in Bamffshire , and Glenbucket with a number of men with him in Strathdown , Lord Findlater and I thought&nbsp;...
    rZW8AQAAQBAJ Personal Memoirs of U. S. Grant 2012-03-07 PARTIAL | ... <b>all</b> chance of ignoring Richmond or going north on a raid . But if we took this route , <b>all</b> we did would have to be ... <b>ordered</b> to report to you , to command the troops sent into the field from your own department . &quot; General&nbsp;...
    OwP9EQAAQBAJ Personal Memoirs of U. S. Grant 2026-08-02 PARTIAL | ... <b>all</b> except the officers of the regular army who had served in the Mexican war. There had been some changes <b>ordered</b> in the organization of that army before my promotion. One was the consolidation of five corps into three, thus throwing&nbsp;...
    5euuFDTkXacC The Papers of Ulysses S. Grant, Volume 12 1967 PARTIAL | ... <b>ordered</b> somewhere into Missouri ; that Genl Canby has given his own commander to the District of Vicksburg . From <b>every</b> little stampeding report Genl Washburn , Commdg Disct of West Tennessee is <b>ordered</b> or <b>requested</b> to send troops&nbsp;...
"returned from the expedition disabled" intitle:Grant | total 0
"Fort Fisher news" intitle:Grant | total 14
    mnRjmhe3QLoC The Papers of Ulysses S. Grant 1985 PARTIAL | ... <b>Fort Fisher</b> . The Unwelcome <b>news</b> of the fall of <b>Fort Fisher</b> commanding the entrance to Cape Fear River , was received this morning , and occasioned in this Com- munity a sensation of profound regret . The Capture of this Fort is&nbsp;...
    xxQzAQAAMAAJ Personal Memoirs of U.S. Grant 1894 ALL_PAGES | ... <b>fort</b> was not yet captured though the parapet was gained . The works were ... <b>Fisher</b> , Bell , one of the brigade com- manders , was killed , and two ... <b>news</b> he promoted all the officers of any considerable rank for their&nbsp;...
    YAX9EQAAQBAJ Personal Memoirs of U. S. Grant 2026-08-02 PARTIAL | ... <b>Fort Fisher</b> had fallen, <b>news</b> of which Sherman had received before starting out on his march. We already had New Bern and had soon Wilmington, whose fall followed that of <b>Fort Fisher</b>; as did other points on the sea coast, where the&nbsp;...
    JahABAAAQBAJ Personal memoirs of U. S. Grant 1885-01-01 PARTIAL | ... <b>fort</b> was not yet captured though the parapet was gained . The works were very extensive . The large parapet around ... <b>Fisher</b> , Bell , one of the brigade com- manders , was killed , and two , Curtis and Pennypacker , were badly&nbsp;...
    c23IEQAAQBAJ Campaigning with Grant (Annotated) 2026-03-12 PARTIAL | ... <b>Fort Fisher</b>, near Wilmington, North Carolina, was largely reduced for the same purpose. The latter <b>news</b> now made the general-in-chief anxious to start the expedition which he had in contemplation against Wilmington. This port had become&nbsp;...
"ready by to-morrow noon" intitle:Grant | total 3
    DVLPEPsH1_oC The Papers of Ulysses S. Grant 1985 PARTIAL | ... <b>noon tomorrow ready</b> to move This would indicate his crossing the bridge by daylight and making known his movement to the enemy ; Do you intend this &amp; do you design he should occupy Humphreys line ? I do not know of any objection to the&nbsp;...
    zjkEEAAAQBAJ Cary Grant 2020-10-20 PARTIAL | ... <b>ready</b> for trouble they inform me that unless the bill is paid by <b>tomorrow noon</b> they will attack . The premiere [ sic ] carpet co and Western showcase are also of the same mind .... The first attachment of the store and your personal&nbsp;...
    1D8fAQAAMAAJ The Papers of Ulysses S. Grant: February 21-April 30, 1865 1967 NO_PAGES | Ulysses Simpson Grant John Y. Simon, John F. Marszalek. Broadway by <b>noon tomorrow ready</b> to move This would indicate his crossing the bridge by daylight and making known his movement to the enemy ; Do you intend this &amp; do you design he&nbsp;...
"mortars, troops or ammunition" intitle:Grant | total 0
"fifty wagons" vessels Monroe intitle:Grant | total 0
"Haze" "Sentinel" intitle:Grant | total 0
"fifteen days rations on such vessels" intitle:Grant | total 3
    mnRjmhe3QLoC The Papers of Ulysses S. Grant 1985 PARTIAL | ... <b>such</b> sea - going <b>vessels</b> , as may arrive at that point , with <b>fifteen days rations</b> of provisions and to see that <b>such vessels</b> are supplied with fuel and water . You will also provision each <b>vessel</b> with ten days extra <b>rations</b> of hard&nbsp;...
    ij8fAQAAMAAJ The Papers of Ulysses S. Grant: November 16, 1864-February 20, 1865 1967 NO_PAGES | ... <b>such</b> sea - going <b>vessels</b> , as may arrive at that point , with <b>fifteen days rations</b> of provisions and to see that <b>such vessels</b> are supplied with fuel and water . You will also provision each <b>vessel</b> with ten days extra <b>rations</b> of hard&nbsp;...
    sty51KRVESIC The Papers of Ulysses S. Grant, Volume 5 1967 PARTIAL | ... <b>fifteen days rations</b> aboard the Steamers &#39; Meteor &#39; , &#39; John Bell &#39; , &#39; Emma &#39; , &#39; Ella &#39; and &#39; Glide , &#39; and ... <b>such</b> proportions that the entire regt . 156 The Papers of Ulysses S. Grant.
"are all we have" Thames intitle:Grant | total 6
    hHdjAAAAcAAJ The Substance of the Speech of Robert Grant, Esq 1814 ALL_PAGES | ... <b>Thames</b> may <b>have</b> rendered to their country : it is no part of my case to do so . Long be those services , whatever ... <b>all I</b> can say , is , that this language may be well in the mouth of an advocate ; but , should it be adopted by&nbsp;...
    IpH5DwAAQBAJ Complete Works of Jules Verne (illustrated): A Jorney To The Centre Of 2021-02-01 PARTIAL | ... you certain that we are in the Turkish capital , sir ? Perhaps after <b>all we have</b> come wrong , and that is the <b>Thames</b> yonder and not the Golden Horn in the Bosphorus . That mosque yonder may be St Paul&#39;s instead of St Sophia . This&nbsp;...
    bts4DwAAQBAJ Delphi Collected Works of Grant Allen (Illustrated) 2017-10-08 PARTIAL | ... <b>you</b> call it, into a proper shape. Suppose <b>we get</b> this fellow to make us nose-machines for distorting it into a Chinese pattern. <b>You</b>&#39;ll do well enough as <b>you</b> stand, with a little walnut-juice, <b>all</b> except the eyes; but your warmest&nbsp;...
    _kOVEAAAQBAJ The Mystery Cases of Inspector Grant 2022-11-13 PARTIAL | ... <b>you</b> still can, for <b>all I</b> know. That&#39;s not my department at the Yard. <b>What</b> is certain is that if Richard went to such lengths to contradict the marriage rumour then he most certainly would <b>have</b> gone to much greater lengths to put a stop&nbsp;...
    NxjmEAAAQBAJ The Daughter of Time (Inspector Alan Grant Mystery) 2023-12-15 PARTIAL | ... <b>you</b> still can, for <b>all I</b> know. That&#39;s not my department at the Yard. <b>What</b> is certain is that if Richard went to such lengths to contradict the marriage rumour then he most certainly would <b>have</b> gone to much greater lengths to put a stop&nbsp;...
"as the Quartermaster designates" intitle:Grant | total 3
    2HbWxyX9ymEC Schedule of Land-grant and Bond-aided Railroads of the United States a 1917 ALL_PAGES | ... <b>designated</b> for the purpose and the form is filled in by him . In other cases the owner is requested to fill in the form by the Quar- termaster General of the Army ... <b>Quartermaster</b> Corps forms - MANUAL FOR THE <b>QUARTERMASTER</b> CORPS . 55.
    zj4mAAAAMAAJ Repeal of Land-grant Rates on Transportation of Government Traffic 1942 ALL_PAGES | ... <b>Quartermaster</b> has <b>designated</b> , in writing , the point of inspection and acceptance as the &quot; approved storage site &quot; for such property . Accordingly , where large quantity purchases are involved , particularly where it is manifest that&nbsp;...
    ANY3_WYwaw8C Repeal of Land-grant Rates on Transportation of Government Traffic. He 1942 ALL_PAGES | ... <b>Quartermaster</b> has <b>designated</b> , in writing , the point of inspection and acceptance as the &quot; approved storage site &quot; for such property . Accordingly , where large quantity purchases are involved , particularly where it is manifest that&nbsp;...
    CwX9zgEACAAJ Letter of Quartermaster General 1864 NO_PAGES | 
    rPOgAAAAMAAJ Compendium of Regulations for the Quartermaster's Department 1898 ALL_PAGES | 
"draws too much water" Atlantic intitle:Grant | total 1
    PWHDEAAAQBAJ Grant Invades Tennessee 2021-10-29 PARTIAL | ... <b>draw too much water</b> . It will be a blow upon the Navy if they fail . &quot; 28 By late December , the boats were receiving their guns and other equip- ment , and the only thing left to obtain was crews to man them . In transferring to one of&nbsp;...
Weybosset Towanda intitle:Grant | total 0
Euterpe Prometheus Varuna intitle:Grant | total 0
"overcoat pocket" intitle:Grant | total 7
    -ZxRAAAAQBAJ The Secret Life Of Private Grant 2011-10-20 PARTIAL | ... <b>overcoat pocket</b>, I also placed it in the false bottom. Getting to the safe house was no easy task . Chapter 27 Chapter 28 Chapter 29.
    VN_jkUCkiakC Donal Grant 1884 ALL_PAGES | ... <b>overcoat pocket</b> or a travelling - bag . &quot; - St . James&#39;s Gazette . &quot; We know no prettier edition of Shakspere for the price . &quot; Academy . &quot; It is refreshing to meet with an edition of Shakspere of convenient size and low price , without&nbsp;...
    -Kz-EQAAQBAJ The Downfall of Grant Carrington None PARTIAL | ... <b>jacket pocket</b>. Pulled out a single sheet. Heavy stock. Legal letterhead. &quot;As trustee of the Carrington Family Trust, I am exercising my right to remove Julian Alexander Carrington as a beneficiary, effective immediately, for cause&nbsp;...
    UvyREQAAQBAJ Grant In Peace. From Appomattox To Mount Mcgregor; A Personal Memoir 2014-06-13 PARTIAL | ... <b>overcoat pocket</b> and forgot all about it until after coming East, when I was asked by some one “when Badeau&#39;s second volume would be out.” For the first time then since receiving it, it flashed upon my mind that I had rec&#39;d a chapter to&nbsp;...
    w1ijHal5rKMC The Papers of Ulysses S. Grant 2005 PARTIAL | ... <b>overcoat pocket</b> and forgot all about it until after coming east when I was asked by some one &quot; when Badeau&#39;s second volume would be out . &quot; For the first time then since receiving it it flashed upon my mind that I had rec . a chapter to&nbsp;...
"kept by Mr. Phillips" intitle:Grant | total 1
    CECJwV_FxH8C Family Contribution Schedule for the Basic Educational Opportunity Gra 1976 ALL_PAGES | ... <b>Mr</b>. <b>PHILLIPS</b> . If I may supplement the response , Mr. Chairman , table 4A in your statistical materials , I think ... <b>kept</b> up with increasing costs . Mr. VOIGT . It should also be remembered , Senator , that for the first 2 years&nbsp;...
Butler report Wilmington lost Beckwith intitle:Grant | total 0
"Baltic" Annapolis docks intitle:Grant | total 0
"approach the docks" Annapolis intitle:Grant | total 0
