7 White = Report (H, p.23 l.12 (340) L)
15 Hagar = West Point (H, p.15 l.1 (332) L)
21 queenly = Depot (H, p.19 l.23 (336) L)
24 office = line indicator: 3 lines (page 7) (H, p.7 (324) R)
31 unity = Period (H, p.22 l.17 (339) R)
34 line = line indicator: 4 lines (page 5) (H, p.5 (322) L)
36 all = line indicator: 4 lines (page 3) (H, p.3 (320) R)
40 pedlar = Comma (H, p.19 l.7 (336) L)
42 line = line indicator: 4 lines (page 5) (H, p.5 (322) L)
43 must = line indicator: 4 lines (page 6) (H, p.6 (323) R)
46 zebra = Period (H, p.24 l.26 (341) R)
52 Hebrew = Williamsburg (H, p.15 l.4 (332) L)
58 white = Report (H, p.23 l.12 (340) L)
62 peasant = By the way of (H, p.18 l.24 (335) L)
63 Homer = West Point (H, p.15 l.1 (332) R)
64 pekin = Comma (H, p.19 l.7 (336) R)
67 line = line indicator: 4 lines (page 5) (H, p.5 (322) L)
68 torch = Of the (H, p.22 l.10 (339) L)
69 Chicken = Huntsville (H, p.12 l.18 (329) L)
71 must = line indicator: 4 lines (page 6) (H, p.6 (323) R)
79 zodiac = Period (H, p.24 l.26 (341) L)
82 plum = Cross (-ed, -ing) (H, p.19 l.13 (336) L; # in margin)
84 Hastings = Yorktown (H, p.15 l.6 (332) L)
88 vernon = Point (H, p.22 l.19 (339) L)
93 wiley = Road (H, p.23 l.13 (340) L)
97 pony = 9 (numeral) (H, numerals p.25 row 9 (342) L)
99 pocket = Cross (-ed, -ing) (H, p.19 l.13 (336) R; # in margin)
101 Hagar = West Point (H, p.15 l.1 (332) L)
102 sugar = Interrogation (H, p.21 l.14 (338) R)
106 vernon = Point (H, p.22 l.19 (339) L)
110 pony = 9 (numeral) (H, numerals p.25 row 9 (342) L)
112 lamp = 30 (numeral) (H, numerals p.25 row 21 (342) R)
114 pekin = Comma (H, p.19 l.7 (336) R)
115 windham = Road (H, p.23 l.13 (340) R)
120 pedlar = Comma (H, p.19 l.7 (336) L)
122 Homer = West Point (H, p.15 l.1 (332) R)
124 White = Report (H, p.23 l.12 (340) L)
127 weldon = Rail Road (H, p.23 l.9 (340) R)
128 forbid = 12 (numeral) (H, numerals p.25 row 12 (342) R)
130 zodiac = Period (H, p.24 l.26 (341) L)
132 think = line indicator: 2 lines (page 8) (H, p.8 (325) R)
134 torch = Of the (H, p.22 l.10 (339) L)
137 welch = Rail Road (H, p.23 l.9 (340) L)
140 pekin = Comma (H, p.19 l.7 (336) R)
152 unity = Period (H, p.22 l.17 (339) R)
155 peasant = By the way of (H, p.18 l.24 (335) L)
157 vernon = Point (H, p.22 l.19 (339) L)
160 little = line indicator: 5 lines (page 5) (H, p.5 (322) R)
164 Hindoo = Williamsburg (H, p.15 l.4 (332) R)
170 venus = Position (H, p.22 l.20 (339) L)
173 must = line indicator: 4 lines (page 6) (H, p.6 (323) R)
177 pekin = Comma (H, p.19 l.7 (336) R)
178 office = line indicator: 3 lines (page 7) (H, p.7 (324) R)
181 Vernon = Point (H, p.22 l.19 (339) L)
186 zebra = Period (H, p.24 l.26 (341) R)
192 think = line indicator: 2 lines (page 8) (H, p.8 (325) R)
194 must = line indicator: 4 lines (page 6) (H, p.6 (323) R)
197 pedlar = Comma (H, p.19 l.7 (336) L)
201 little = line indicator: 5 lines (page 5) (H, p.5 (322) R)
key-row words: 59
