== E260 'hudson ingalls': 1 hits
  5787 | Page 243 | ...Ft Monroe Oct 4 / 64 Maj Eckert  Washn. Animal Rosalie pension for palate Rucker growl zebra will send Perit Belvidere H Livingston Veruna Blackstone United States Karnak Weybosset Shelby Lyon Hudson Star torch waxy Crescent and Shelter Sedgwick tonight zodiac Please give orders to have these wick here after performing the service you require yoke Are See Webster paradise & vincent end  Geo. D. S...
== E260 'hudson steamer': 5 hits
  7159 | Page 361 | ... up which left Wednesday evening but I can find no dispatches. have searched and inquired every where can not learn that any thing Especial had occurred. A news paper report says Banks has taken Port Hudson with ten thousand prisoners but Gen Hurlbut does not believe it and Capt and Clerk of boats heard nothing of it below. Jackson papers report Gen. Grant repulsed in an assault on Saturday last with he...
  2734 | Page 256 | ...8. P.M Fort Monroe June 8th 1863  Prst U.S. Steamer "Cahawba" has just arrived  from New Orleans with the sixth New York Vols . left on the second June . Port Hudson was attacked on the twenty seventh Genl Sherman was brought to New Orleans severely wounded and little hope of his recovery he was speechless when Col Wilson saw him Genl Neal Dow was slightly wounde...
  7741 | Page 83 | ...ry just arrived from Savannah. Major Anderson bearer  of dispatches from Gen Sherman to Gen Schofield leaves for Annapolis  on mail boat Webster this P M No news of importance beyond dispatches. Capt Hudson of Gen Grants Staff also arrived by same boat with detailed dispatch for Gen Grant  J. J. Eckert   3. P. M  Ft Monroe Va Feby 2nd 1865  2.30 P. M for Bates, ascertain enemy by. what boat the Presiden...
  13753 | Leaf 392 | ...to hotel this evening Had I better take the amount you send by Express in my pocket home Is there any Connection between the two . Horner   625P Jany 18 Pt Lookout  Jany 18 Maj Eckert Steamer City of Hudson passed up at Eleven oclock today Carver ...
  2672 | Page 194 | ...rn Pass. May 10th by telegraph from New Orleans two P. M  10th for Col Stager Gen Banks is at Alexandria Farragut arrived here yesterday via the Atchafalaya & Berwick Bay Mortar fleet at work at Port Hudson from this side. C. L. Buckley I get nothing further by the Steamer "Geo Washington" this afternoon   320 AM  Hdqrs Cincinnati 2 am May 18th 1863  for Genl Halleck the following dispatches have just b...
== E260 'such orders were received': 13 hits
  5787 | Page 243 | ... Geo. D. Sheldon   Ft Monroe Oct. 5 / 64 R. O'Brien Butlers Hd Qrs. Eugenia plaster for Knox unity Shelby In galls wrangles that the City of Hudson was ordered to white to him perm repaired zodiac No such orders were received and I have answered him to this effect zebra If Shelter In galls orders her toby sent to black shall I comply sugar we are almost destitute of water whig optic present time webster Are ...
  3740 | Page 164 | (term not in transc window)
  5436 | Page 304 | (term not in transc window)
  2917 | Page 27 | (term not in transc window)
  4656 | Page 215 | (term not in transc window)
  6157 | Page 230 | ...From Washn Sept 12 ' 1 PM . For Col A S Miles Harpers Ferry Asp will forward by conveyance period you will obey such orders as Gen McC may give you . you will endeavor to open communications with him & with your forces to his at the earliest possible moment his Army is now near the line of the Monocacy signed Abortion cop...
  7586 | Page 342 | (term not in transc window)
  7605 | Page 361 | (term not in transc window)
  3581 | Page 5 | (term not in transc window)
  5083 | Page [128] | (term not in transc window)
  8812 | Page 334 | (term not in transc window)
  9202 | Page 308 | (term not in transc window)
  7828 | Page 170 | (term not in transc window)
== E260 'webster comply': 3 hits
  5787 | Page 243 | ...the City of Hudson was ordered to white to him perm repaired zodiac No such orders were received and I have answered him to this effect zebra If Shelter In galls orders her toby sent to black shall I comply sugar we are almost destitute of water whig optic present time webster Are See Webster paradise and winton Cloudy here . Geo. D. Sheldon   Ft Monroe 8 P. M. Oct. 6 / 64 Maj. Eckert Washington Blubber...
  5854 | Page 310 | ...odiac The Montauk is there and few need her wreathe Bradley at once There is no other Verseille here except the Alliance and the Horse spittal boat Wicoff win Metropolis The boots sent thus far fully comply with the orders of John Orcey Webster Geo. D. Sheldon   Ft Monroe Jany 4 / 65 Maj. Eckert Wash'n. Laura for paradise James A. Hardie Inspect Shelter growl zodiac Have just arrived unity The Saddle Sh...
  5738 | Page 194 | ...Ft Monroe June 11 . 1864  Maj Eckert  130 A. M Di White horse federal sarah peasant appian for Shelby Rucker grapes zebra to enable me to comply with orders  just received from shelter Ingalls Chief Vincent oyster torch Attica Pekin I shall require at once person weaselers and plaster tugs in addition to those now here unity the vessels arriv...
== E260 'water transportation destitute': 0 hits
== E260 'obrien ingalls': 1 hits
  5658 | Page 114 | ...iter unity nothing is known of his condition except from new papers whites which represent plank days hard ravishing on Thursday and Friday zebra from pledge to platina promise wilkes are sent back & Ingalls wrangles yesterday at noon to shelter Meigs that virgin it is said the ridge are retiring violet zodiac in respect to the reserves mentioned in your telegram there are none at the disposal torch quad...
== E262 'homan cable': 4 hits
  11895 | Leaf 374 | ... night . There are no more oprs here than are necessary to do our work. Geo. D. Sheldon   11.30pm Ft Monroe 7 Maj Eckert Line is down either on this shore [insertion]or[/insertion] near this shore in cable . I send package to prevent delay Have sent out on line . Bay too rough to work at cable . The most important messages have been recd. since 4.20pm Line to White House works well . Geo. D. Sheldon...
  5707 | Page 163 | ...Hd Qrs Genl Butler May 27 .1864  Maj Eckert Di  11.30 PM Yours received Knox says he must have office at his snake one at maxims & one at Bermuda landing wants blubber connected by cable I will start construction party material etc tomorrow with homan & Collings retaining one operator for each office & one repairer with little fine wire for repairs zodiac party will go to Hebrew via ...
  5713 | Page 169 | ...e my progress from time to time but I shall send a pardon on fast steamers & a pagoda of negro to secure the patent in advance of my arrival with the main body Walrus Nankin We must get along without cable here  R OBrien    Ft. Monroe May 29 1864 Maj Eckert Di  Knox favors pocketing at Hastings and the torrent route pedlar Mack and party with Homan and Collings arrived at Jamestown last night Pekin Had...
  5741 | Page 197 | ... considerable numbers zodiac every thing indicates work for as this side of Bergen unity would it not be well to have spit & material ready for short notice zebra we will need I think sooner or later cable for Bergen Knox has asked again for one for apple mattox but I have told him there is none on hand at present please send hoe man here R OBrien   Ft. Monroe June 12 . 1864 Maj Eckert Di As James town...
== E262 'short notice material': 2 hits
  5735 | Page 191 | ... situation here pedlar as he may reach you before this does Zebra the orders of Jolly are so distinct for me to remain here with my special material till his further orders pekin but ready to move at short notice pedlar that I fear to leave without such orders Pekin or those of John Zodiac Should the presence of myself spit & material be tarquin with you pedlar would not this be safely accomplished for me Pek...
  5741 | Page 197 | ... Qrs June 12 / 64 Maj Eckert Di Whiskey arriving here in considerable numbers zodiac every thing indicates work for as this side of Bergen unity would it not be well to have spit & material ready for short notice zebra we will need I think sooner or later cable for Bergen Knox has asked again for one for apple mattox but I have told him there is none on hand at present please send hoe man here R OBrien   Ft. ...
== E262 'cable appomattox': 1 hits
  5741 | Page 197 | (term not in transc window)
== E262 'arriving considerable': 7 hits
  3762 | Page 186 | ... of the Artillery was especially admirable We are encamped on the field of battle which may be renewed at any moment signed Fremont -   McClellans June 10  Recd June 11 Stanton all quiet this morning considerable Artillery firing yesterday No one injured on our side During the night it commenced to rain heavy & has not yet ceased The ground in such condition that Artillery cannot be moved over the fields I ho...
  4295 | Page 146 | ...Carsville has been engaged with the Windham more or less for two days a lively Richard fire has been kept up on our workmen yesterday the  wiley wafered within Canister range but was driven back with Considerable loss period on our side a Caisson was riddled a horse webster & nine men whistle The iron is arriving in milan when we get on the other road we shall probably have some sharp Woolwiching Adorn  morto...
  4698 | Page 257 | ...rom Ransoms N. C. Brigade (lately belonging to Beauregards Command)  who have come to our lines with avowed purpose of availing themselves of the Presidents proclamation one of them is Sergeant & man considerable intelligence Ransom's brigade came from the Bluff on 4th Inst passed to right Richmond & was left by Sergeant , day before yesterday , just below Bottoms bridge on Chick - - ahominy . On arriving the...
  6771 | Page 190 | ...Recd July 15 " 62  Head Quarters Army of the Potomac For A Lincoln Your telegram of yesterday has been received The difference between the effective force of troops and that expressed in returns is considerable in every Army All commanders find the actual strength less than the strength represented on paper I have not my own returns for the two monthly period since arriving at Ft Monroe at hand at this mome...
  4533 | Page 92 | ... to brigades . Augur mentioned to me the ar = rival of a regiment of heavy Artillery twenty nine hundred strong which he could make such dis - position <insertion>of</insertion> as to give Burnside a considerable force of Infantry sig US Grant Lt Genl D   Recd 2 PM Maj. Eckert.  New York Apl 16th 1864  New York 16th April For Secy Navy Washn   I am fearful that the explosion in the Chenango yesterday may have...
  5741 | Page 197 | ...Gen Butlers Hd Qrs June 12 / 64 Maj Eckert Di Whiskey arriving here in considerable numbers zodiac every thing indicates work for as this side of Bergen unity would it not be well to have spit & material ready for short notice zebra we will need I think sooner or later cable for Ber...
  2669 | Page 191 | ...arsville has been engaged with the enemy more or less for two days a lively artillery fire has been kept up on our workmen yesterday the  enemy advanced within canister range but was driven back with considerable loss period on our side a caisson was riddled a horse killed and nine men wounded the iron is arriving in Norfolk when we get on the other road we shall probably have some sharp fightingJno A Dix   5...
== E262 'none on hand cable': 1 hits
  5741 | Page 197 | ...ld it not be well to have spit & material ready for short notice zebra we will need I think sooner or later cable for Bergen Knox has asked again for one for apple mattox but I have told him there is none on hand at present please send hoe man here R OBrien   Ft. Monroe June 12 . 1864 Maj Eckert Di As James town smyrna is within peach or perfume hours of Knox silver peasant weaseler perhaps it is best to  hol...
== E262 'side of the james': 34 hits
  5782 | Page 238 | ...Head Qrs A. P. Sept. 1 / 64 Maj. Eckert Di - Sheldon F I think cab bell should be laid on tremble side of windsor as it will take less cab bell and will be less danger of being dragged up by anchors and channel most of way is nearest waxy shore D do wren Caldwell   Washington Sept. 9 / 64 G. D. Sheldon "...
  4585 | Page 144 | ...430 pm  Martinsburg Apl 30 64  Bunker Hill Apl 30th 12 M Lt Gen Grant no news of special importance has been received since yesterday . There is no enemy of considerable force this side of Cedar creek and no information of a strong movement of the enemy down the valley . It is reported but not  fully reliable that Lees army had begun to move with seven days rations yesterday  & that he...
  4841 | Page 400 | ... the ridge beyond which would give us Petersburg & the south bank of the Appomattox failed ---- as the line held by the enemy would be a very bad one for us ---- Being on a side hill the crest on the side of the enemy & not being willing to take the chances of slaughter  sure to occur if another assault was made I have directed the withdrawal of our troops to their old lines ---- Although just from the f...
  8639 | Page 161 | ...nts I have had no news of any kind since I left . the latest Richmond paper was of the fourth but contained nothing ---- I omitted to mention that the bridges on the RR from Swoops depot on the other side of Staunton to Charlottesville were utterly destroyed also all bridges for a distance of ten miles on the Gordonsville RR ---- The weather had been very bad indeed raining hard every day with the except...
  10357 | Page 215 | ...d Qrs May 25th 1035 am  Hd Qrs 730 am, May twenty fifth For Secy War Major General Fitz Hugh Lee lately promoted made with cavalry Infantry and Artillery an attack upon my post at Wilsons Wharf North side of James River below Fort Powhattan garrisoned by two regiments all Negro troops Br Genl Wild commanding and was handsomely repulsed . Before the attack Lee  sent a flag stating he had force enough to t...
  2742 | Page 264 | ...t he intends moving two columns up James river to morrow but if organized to correspond in number to the troops as they have of late been posted neither column will be successful the one on the north side of the river will be too small & on the south  side with his whole column I question if Richmond can be taken at all provided two or three ...
  4625 | Page 184 | ...da Hundred May 13th 8 P. M For Fulton & Craig via Ft Monroe 14th May . At an early hour Gen Butler renewed advance towards Fort Darling , reached Kingsland Creek 12 m formed line of Battle South East side of Creek right on James River Monitors & gunboats near mouth Creek within three <insertion>3</insertion> miles Drury's Bluff . 3. P. M , Gen Butler superintending concentrating batteries . Yesterday P. ...
  13582 | Leaf 221 | ...ames town Island yesterday two P. M. Underrun cable about six miles and anchored . Started this morning at daylight , found cable broken up knotted & tangled & scattered about promiscuously just this side of Wilson's Wharf. Have got one end straightened must start from here to find other end. Sheldon Geo D Sheldon   745P Dec 15 Chicago  Dec 15 Maj Eckert I havent money enough to pay my fare will you plea...
  10387 | Page 245 | ...d their approaches , <deletion>in some</deletion> Hancocks lines are thus brought with - in some forty yards of the Rebel works ---- Rebels were yesterday very busy Constructing entrenchments on west side of the Chicahominy at Bottoms Bridge and towards evening threw at party across to East side , Genl Gregg thinks this party were Infantry he could not attack them last night owing to darkness but would a...
  5487 | Page 355 | (term not in transc window)
  4658 | Page 217 | (term not in transc window)
  10413 | Page 271 | ... Gen Butlers Hd Qrs 145 pm 14th June 130 pm. Burmuda Hundred June 14 For Halleck our forces will commence crossing James River today ---- the enemy show no signs of yet having brought troops to south side of Richmond ---- I will have Petersburg secured if possible before they get there in much force ---- Our movement from Cold Harbor to the James River has been made with great celerity and so far without...
  10414 | Page 272 | (term not in transc window)
  13368 | Leaf 7 | ...ent temporarily if not permanently I will pay what is right for the [unclear][/unclear] in Keeping accounts &c C Westbrook   Ft Monroe Nov 9 Maj Eckert The [unclear]scout[/unclear] was captured south side of James River opposite Jamestown Island not between Jamestown & Ft Magruder As I reported make this morning the operator who was with the [unclear]scout[/unclear] escaped River cable works perfectly [u...
  6702 | Page 121 | (term not in transc window)
  10423 | Page 281 | (term not in transc window)
  5261 | Page 129 | (term not in transc window)
  6713 | Page 132 | ...r the hundred pounder Parrotts will you have them sent to us here without delay Commodore Goldsborough ---- ---- ----   Cumberland 14  Recd May 15 62 A Lincoln The battle will be fought probably this side of Richmond we think that you should order whole or major part of Gen McDowell with Shields up the York as soon as possible and order Wymans flotilla up the James we find Gen McClellan confident success...
  10434 | Page 292 | (term not in transc window)
  4695 | Page 254 | (term not in transc window)
  5652 | Page 108 | (term not in transc window)
  10453 | Page 311 | (term not in transc window)
  7371 | Page 127 | (term not in transc window)
  6742 | Page 161 | ...equence of the movements of the Enemy the two preceding days at twelve yesterday he was in possession of our Rail Road at Despatch twelve miles from White House It was known he was marching down this side of the Chickahominy in great force at least thirty thousand strong and that a column of six thousand was moving rapidly on this Depot at five PM Genl Stoneman fell back from Tunstalls to White House pre...
  6743 | Page 162 | (term not in transc window)
  7758 | Page 100 | (term not in transc window)
  5925 | Page 381 | (term not in transc window)
  6746 | Page 165 | ...pied the point at White House Our gunboats were still lying in the river and the Enemy reinforcements were only seen on the high ground a mile or two back I cannot learn as yet whether they come this side of the White House I shall soon have a report from Williamsburg Jno A Dix M. G.   Ft Monroe  Recd June 30 62 For Col J P Taylor Com Genl of Sub. Our loss at the White House by our own destruction on the...
  6768 | Page 187 | (term not in transc window)
  5100 | Page [145] | ...ng on Gordonsville and Charlotteville cut off their retreat at the same time covering the country between Richmond and Sable It was my purpose to have marched on Charlotteville and thence along north side of James River towards Richmond destroying the Rail Road East of Lynchburg by pushing vomit...
  5741 | Page 197 | ...Gen Butlers Hd Qrs June 12 / 64 Maj Eckert Di Whiskey arriving here in considerable numbers zodiac every thing indicates work for as this side of Bergen unity would it not be well to have spit & material ready for short notice zebra we will need I think sooner or later cable for Bergen Knox has asked again for one for apple mattox but I have t...
  4796 | Page 355 | ...connoissance by  Gregg on our left show that none of Hills or Longstreets corps have left our front ---- Two brigade parenthesis Laws & McGowan parenthesis of Wilcox division Hills corps are on north side of James River in Fosters front  ---- Two brigades parenthasis Thomas and Schaler parenthesis same division same corps are between Walthal and Appomattox ---- Picketts division in Butlers immediate fron...
  4551 | Page 110 | (term not in transc window)
  10313 | Page 171 | (term not in transc window)
== E263 'empty steamers': 2 hits
  8568 | Page 90 | ...number of men he sends from Baltimore or when they leave there I had suggested to him the propriety of furnishing this information he has selected a steamer for his HdQrs and  directed her to be kept empty till certain troops arrive . I will disregard this arrangement sig R. M. Scott Maj A A. G. ...
  10532 | Page 390 | ...3.30 PM  City Point July 28th 1864 City Pt. 28th 10 am For Qr Genl <deletion>us</deletion> There  is no necessity for more mules until the 19th Corps arrives here . several Steamers arrived  empty last night . It would have been as well had they been sent loaded ---- It will probably be determined today whether any more troops will be sent from this place ---- when I know, the transports will ...
== E263 'estimates buildings': 1 hits
  5812 | Page 268 | ...iam T. Howell Johns snake Blubber unity tell pandora Bradley to send all Empty Weaselers to grapes to bring down Whist zodiac Let them be sent as fast as they arrive and become stagger Zebra See that estimates are prepared of material still required for buildings already in process of Erection Walrus rough us in galls palsy Chief Vincent Geo D Sheldon   Ft Monroe Nov 29 . 1864 Maj Eckert Di Animal Julia fo...
== E263 'fast as they arrive': 12 hits
  7498 | Page 254 | ...soners our loss one severely & several slightly wounded Rebels have fired forty or fifty shell from top Look - out to day without doing any damage we are getting supplies by Steamboat up the river as fast as they arrive by RR at bridgeport we  shall need more rolling stock on the RR immy to keep this army supplied one of my scouts ...
  5804 | Page 260 | ...by transferred here within lampoon paddle ours unless you send me authority toothache a sufficient number of pandora mull fords boots just as they are zodiac If I can do so I can transfer the spit as fast as they arrive unity Lizzie Baker is the only boat that has yet wicked please wreathe me at once whether I shall take the boots youth Babcock Lew is here sends respects Geo D Sheldon   New York Nov 4 . ...
  5812 | Page 268 | ...ipher Agent City Point Animal Jennie for princess William T. Howell Johns snake Blubber unity tell pandora Bradley to send all Empty Weaselers to grapes to bring down Whist zodiac Let them be sent as fast as they arrive and become stagger Zebra See that estimates are prepared of material still required for buildings already in process of Erection Walrus rough us in galls palsy Chief Vincent Geo D Sheldon...
  2729 | Page 251 | ...510 PM  Head Qrs Cincinnati June 7th 1863  For Halleck the last of the troops leaves here to night I think Gen Parke is at Cairo & will forward as fast as they arrive there sig A E Burnside 330 P.M    530 PM  Head Qr Baltimore <insertion>5 PM</insertion> June 7 1863 Secy of War I have positive information that one of the party in question went to New Y...
  8323 | Page 253 | ...M 1863 For Ague I think it will be best for you to post = pone a general Warner till you can con = cent = rate all your forces and get up  your reserves and Yankees period I will push on the youth as fast as they arrive period It would be well to have Staff Officers at the Monocacy to direct the yoke arriving where to go and to see that they are properly fitted out They should join you by forced march pe...
  2107 | Page 51 | ...ter Master should be sent to Fort Monroe to receive these stores and keep them separate - they should all be landed at once please inform me tonight what transport are on hand and keep me informed as fast as they arrive - I will make it Col Astors business to keep the run of it so that I may be constantly posted - Andes ten fifty P M   Fairfax CH  Mch 13th 62 - 1150 For Major Genl McDowell Washn please  ...
  8530 | Page 52 | ...ncinnati O Jany 22d 1865 Cincin twenty two 8 PM CA Dana Asst Secy Wash - your despatch of yesterday recd owing to a dense fog entirely suspending navigation for thirty hours boats have not arrived as fast as was expected ---- have sent up to six oclock PM via Columbus about six thousand are loading  and expect to send over two thousand tonight & about four thousand tomorrow if river is certainly safe sha...
  7412 | Page 168 | ...3 Memphis Oct second 5 PM for Gen Halleck I have regularly reported all arrivals and movement of troops . I have  ordered the Memphis & Charleston RR repaired toward Decatur & am moving troops out as fast as they arrive period Osterhaus is beyond Corinth . Smiths Division will move as soon as their camp equipage comes up from below . I have not thought  it advisable to throw them across Bear Creek until ...
  8382 | Page 312 | ...3 P. M. Fuller Memphis  Washn D. C. Oct. 4. 1863. Beacon Yours of Oct. 2d just recd period as fast as youth arrive they should be pushed forward first to Jamaica & then to oyster repairing the <deletion>Moscow</deletion> <insertion>Melon</insertion> and Jordan Soap You will also increase your rolling...
  5713 | Page 169 | (term not in transc window)
  9490 | Page 182 | (term not in transc window)
  4161 | Page 12 | (term not in transc window)
== E263 'howell ingalls': 4 hits
  5849 | Page 305 | ... loaded with required number wales and that you inform him soons the versailles are ready to receive them shelby Rawlins wishes Know what No whisky wayworn will  Carry tattoo send up yoke William Tea Howell pilgrim S. H. Beckwith ...
  5853 | Page 309 | ...f possible send the BenDe Ford  for snake boat unity give me particulars youth paradise Dodge hes a gas boy R. O'Brien   Ft Monroe Jan 4 / 65 S. H. Beckwith City Point Imogene for pilgrim William Tea Howell a vincent unity The See See Leary is just in and leaves immed'y for blubber She answers the description you required and has feeble days Cole If you can spare the Montauk we need her here - Walrus We...
  8910 | Page 18 | (term not in transc window)
  9928 | Page 262 | ...ls fit for sea that are not required at your place please send them to baptism to wick to the Chf Vinton R Ingalls Br Gen &c Qm   No 3  Beckwith City Pt  Wash. Jan. 3 1865. ---- 1 1/2 pm topsy baffle Howell Alpha pink dutch belgium Webster to send all surplus sea going levels to tumbler ---- If that be not hominy let belgium Webster be notified ---- Plump has Gendered Allen levels from Warden capable of...
== E263 'bradley steamers washington': 0 hits
== E263 'bring down troops': 4 hits
  7492 | Page 248 | (term not in transc window)
  2824 | Page 346 | (term not in transc window)
  10525 | Page 383 | (term not in transc window)
  4395 | Page 246 | (term not in transc window)
requests 18
