## CTRL own=5899 q='Dumbarton': total 2
  OWN 5899 (Page 355) run=0 cov=0.00 :: 
  cand 7749 (Page 91) run=0 cov=0.00 :: 
## CTRL own=5907 q='Lynch torpedoes Wise Inspector': total 1
  cand 8538 (Page 60) run=0 cov=0.00 :: 
## CTRL own=5896 q='Mack party material': total 4
  OWN 5896 (Page 352) run=0 cov=0.00 :: 
  cand 5713 (Page 169) run=0 cov=0.00 :: 
  cand 5716 (Page 172) run=0 cov=0.00 :: 
  cand 5744 (Page 200) run=0 cov=0.00 :: 
## E509 own=5854 q='Montauk Metropolis Alliance': total 1
  OWN 5854 (Page 310) run=9 cov=0.73 :: 
## E509 own=5854 q='Leary Bradley Ainsworth': total 1
  OWN 5854 (Page 310) run=9 cov=0.73 :: 
## E511 own=5855 q='Hancox Winants': total 2
  OWN 5855 (Page 311) run=6 cov=0.78 :: 
  cand 5856 (Page 312) run=3 cov=0.32 :: 
      >> Ft Monroe Jan 4 / 65 S. H. Beckwith City Point Rosalie for pilgrim William Tea Howell a vincent unity The Eliza Hancox has already been sent to paradise dodge forth purpose The winants is hardly capable of going I think the Seneca at Burr Moody or black would be much better Are C Webster pandora Geo. D. Sheldon Hd. Qrs. A. J. 4 / 65 Geo. D. Sheldon Reliance to paradise Webster animal zebra please have the winants in order to go with rape pedlar also the tug D D porter zodiac will Try bring down a tug whelp for your use youth dodger R. O'Brien Washington 10.10 AM Jan 5 / 65 Geo. D. Sheldon Ft Monroe G
## E511 own=5855 q='light draft steamers rough weather': total 1
  OWN 5855 (Page 311) run=6 cov=0.76 :: 
## E514 own=5858 q='Blackstone Leary Ingalls': total 1
  OWN 5858 (Page 314) run=5 cov=0.62 :: 
## E514 own=5858 q='Blackstone medical department': total 1
  OWN 5858 (Page 314) run=5 cov=0.62 :: 
## E518 own=5864 q='Tribune correspondent Smith Ingalls': total 0
## E518 own=5864 q='Elias Smith Tribune': total 4
  cand 8650 (Page 172) run=2 cov=0.38 :: 
  OWN 5864 (Page 320) run=4 cov=0.65 :: 
  cand 8510 (Page 32) run=4 cov=0.35 :: 
      >> 920 AM Ft Monroe Va Jany 7th 65 9 AM for CA Dana Washn I require permission from the War Dept to go on the expedition . A steamer sails immy Please telegraph permit & oblige Tribune Elias Smith Army Correspondent 1030 AM 9 PM Maj Eckert Louisville Ky Jany 6th 1865 Guerrillas under the notorious Magruder cut our telegraph today at Bards town Junction and about time we had that repaired they cut it again at Lebanon Junction and killed four soldiers in Cold blood this cut throat gang of twenty or thirty men has infested that section all Summer murdering every union soldier they find and no effort seems to be made to drive them out or exterminate them snowing hard tonigh
  cand 5936 (Page 392) run=3 cov=0.38 :: 
      >> . H. Beckwith City Point For your sweden zodiac Bible abacus March harrow to Samuel Sinclair Tribune office france zebra Kitchen occupied census yes wedge Sun day morning with out opposite shun youth Elias Smith not sent . Geo. D. Sheldon Ft Monroe Mar 22 / 65 Maj. Eckert , Washington Nelly dated Snake oysters us harsh plank for Shelter J A Ekin plug quincy Belchers office unity It is supposed Nabob wilby here by the harrow postpone prepared for another march withy exception of peach woodbury panama spartans zodiac The Lieut. Shelter directs me to obtain all that you can possibly send mean time zebra Both these opals require a large number yet ditto Please forward as rapidly as possible zo
## E526 own=5867 q='Emerick Abbott forage': total 0
## E526 own=5867 q='forage Abbott troops sailed': total 0
## E527 own=5869 q='Eastville Carney Norfolk': total 0
## E527 own=5869 q='Carney White resign relieved': total 1
  OWN 5869 (Page 325) run=7 cov=0.67 :: 
## E542 own=5887 q='Saugus turn her back': total 1
  cand 7722 (Page 64) run=24 cov=0.69 :: 
      >> ht then will be about three or four thousand who will go tomorrow I shall be at Columbus tomorrow Wheeling next day ---- ---- Lewis B. Parsons Col &c 6 PM Norfolk Jan 24 1865. Norfolk Sec Navy The Saugus left this morning for Washn ---- Gen Grant needs her at once ---- she must be now half way ---- no use for me to send for her ---- will you let a message <insertion>meet</insertion> her & turn her back J. M Berrin Comdt 420 PM Beckwith City Pt Winchester Va Jan 24. 1865. 7 PM 24th Gen Grant ---- I wish to fit up a canvas pontoon bridge for the cavalry of this mily Divn. & want a co. of pontooners to take charge of it ---- will you have the kindness to order a co. to me from the Arm
## E542 own=5887 q='Saugus Berrien half way': total 1
  OWN 5887 (Page 343) run=8 cov=0.69 :: 
## E543 own=5888 q='contingency headquarters field': total 0
## E543 own=5888 q='absent several days': total 3
  cand 14220 (Leaf 369) run=3 cov=0.15 :: 
      >> 330P Jany 6 6 New York " " 6 Hon TT Eckert Gen Sanford has gone to Philadelphia and will be absent for Several days . I go there this Evening to See him . Messrs Wade and Stager are both here [unclear]TW[/unclear] Clendenin DH 410P Jany 7 6 Richmond Jany 7 6 Gen T. T. Eckert One of my big horses was stolen last night D Doren
  cand 9107 (Page 213) run=2 cov=0.21 :: 
  OWN 5888 (Page 344) run=7 cov=0.71 :: 
## E546 own=5890 q='Portsmouth Hampshire detached executive Parker': total 0
## E546 own=5890 q='Willards Faster Portsmouth': total 1
  OWN 5890 (Page 346) run=11 cov=0.74 :: 
## E548 own=5895 q='Annapolis President Point Lookout': total 0
## E548 own=5895 q='Bates Lookout Annapolis': total 2
  OWN 5895 (Page 351) run=8 cov=0.67 :: 
  cand 7741 (Page 83) run=15 cov=0.76 :: 
      >> news of importance beyond dispatches. Capt Hudson of Gen Grants Staff also arrived by same boat with detailed dispatch for Gen Grant J. J. Eckert 3. P. M Ft Monroe Va Feby 2nd 1865 2.30 P. M for Bates, ascertain enemy by. what boat the President left Annapolis & the time of leaving and telegraph me in cipher also the time the boat passes Pt Lookout Eckert 730 P. M Ft Monroe Feby 2nd 1865 7. P M. For Fred'k W. Seward Asst Secy State Richmond party are here. President not arrived Wm. H. Seward another to Secy War. Richmond party here. President not arrived I do not recognize them until he Comes Wm H. Seward Secy State
## E550 own=5897 q='Blodget Schofield Annapolis': total 0
## E550 own=5897 q='Schofield despatches Sherman Friday': total 1
  cand 8561 (Page 83) run=12 cov=0.70 :: 
      >> 4 P. M. Ft Monroe Feby 2nd 1865 4 P. M. for Gen Schofield Washn or Annapolis . I arrived here today with despatches for you from Gen Sherman will be in Annapolis tomorrow morning (Friday) sig John F Anderson Maj & A. D. C. 710 pm 2d Ft Monroe Feb 2 1865 Capt Blodgett a Q m Annapolis ---- Please inform Gen Schofield should he arrive in annapolis tonight that I will be at Annapolis to morrow Fryday morning with important dispatches for him from Gen Sherman J. F Anderson Major & A. D. C. 7 PM 8 pm Annapolis Feb 2 1865 Gen D. H. Rucker Tele
## E553 own=5902 q='Vogdes Gordon Commission Eastern District': total 1
  OWN 5902 (Page 358) run=9 cov=0.71 :: 
## E553 own=5902 q='Vogdes investigation command': total 0
## E554 own=5902 q='Vogdes investigation quietly': total 1
  OWN 5902 (Page 358) run=12 cov=0.76 :: 
## E554 own=5902 q='Gordon command present Vogdes': total 0
## E558 own=5912 q='Yorktown operators office Ord': total 0
## E558 own=5912 q='Yorktown imperative operators': total 0
## E562 own=5917 q='Washburne Johnson rascal': total 0
## E562 own=5917 q='Johnson rascal escape guard': total 1
  cand 7787 (Page 129) run=32 cov=0.66 :: 
      >> tions opened from his army to Wilmington or Newberne US Grant Lt Gen 945 PM Ft Monroe Feb 25 1865 Norfolk twenty fifth to Hon. E. B. Washburn Chairman Committee of Commerce Washn ---- I sent for Johnson to try him ---- It would be a pity that the greatest rascal should escape ---- I can send him to you under guard but do not let him turn states evidence ---- His confidential is clear ---- Do you want him sig George H Gordon Br Gen
## E564 own=5918 q='pilots monitors James River Bradley': total 0
## E564 own=5918 q='out of pilots Navy monitors': total 1
  OWN 5918 (Page 374) run=14 cov=0.71 :: 
## E566 own=5919 q='Sumner Mounted Rifles Turner': total 0
## E566 own=5919 q='Sumner Turner joined expedition': total 0
## E569 own=5924 q='moving office Mrs Ord room': total 0
## E569 own=5924 q='precedent accommodation office room': total 1
  OWN 5924 (Page 380) run=12 cov=0.93 :: 
requests 39
