## CTRL | ALL | "Suwo Nada" | total 908
     ['dli.ministry.07639'] | None | upples mn              § )  JAPAN—INLAND Bea. {{{Suwo Nada}}}, Northern Shore—Amendments to Charts with regard shoals and depths off the northern shore of the {{{Suwo nada}}}. Charts affected.—No. 3153, Mardyama zaki to Ominase (H. 2352-22.
     ['sim_the-womans-journal_1877-02-10_8_6'] | None | sixteenth, on the Messageries Imperial Steamship ‘{{{Suwo-Nada}}},’ and shall reach Yokohama towards the middle Suddenly there was a cry, ‘‘Par- ker has news of the {{{Suwo-Nada}}}—he is in the bowling-alley-—he will speak.” Ina early this 
     ['for-romantik-og-historie-bind-14'] | None | tilbage og vedblev fan med faſt Stemme: {{{Suwo Nada}}}. 537 „{{{Suwo-Nada}}} forlod Marſeille med fire og tyve Mand efter var Skuret tomt og ſtille. — Er {{{Suwo Nada}}}. 539 {{{Suwo⸗Nada}}} ligger ved Cap Idſu, i Indlobet til Bugten Fruen
     ['per_north-china-herald_the-north-china-herald-market-report_1868-03-18_2_48'] | None | 00 Denne. a: te * 4 * a . Hs 108.80 8 108.80 {{{Suwo- Nada}}} e eee » 3 144.00 * * Ra és 1 40 ie Ki 144.00  Carr, Lieut. Davidson, and Dr. Leach. Per ‘ {{{Suwo- Nada}}}” for Hongkow n Rooper. Per * Western Chiet” for GOOD SAUCE. 14\Claro Ba
     ['dli.ministry.01541'] | None | traders navigate the great inland sea known as the {{{Suwo-nada}}}, between the three great islands of Nipon- Sikok Kiu-siu and Ni- pon. In our charts it is called the {{{Suwo-nada}}} Sea, Perfectly land-locked, possessing three routes CRUI
     ['cu31924023219573'] | None | whales — ^the  Abb6 Sidotti— renewed  storm— the  {{{Suwo-nada}}}  Sea^-the  Pacific  gulf-stream — meteors— iirst navigate  the  great  inland  sea  known  as  the {{{Suwo-nada}}},  between  the  three  great  islands  of  Nipon- Ni- pon. 
## E509 | ALL | "hospital boat Metropolis" | total 0
## E511 | ALL | "Eliza Hancox" | total 443
     ['sim_powerships_summer-1985_42_174'] | None | Cove Springs. Apr. 17 - {{{ELIZA HANCOX}}} left yesterday for New York, {{{ELIZA HANCOX}}} continued on this winter-summer Wouspereieen ‘' (Above) John Nicholson painting of {{{ELIZA HANCOX}}} in original version - Edward A. Mueller col tri
     ['steamboatsinhyac0000ella'] | None | with the Post Line steamers, John Sylvester and {{{Eliza Hancox}}}. The Sylvan Glen, by being pushed to the limit limit of speed, could keep up with the {{{Eliza Hancox}}}, but she was not able to keep pace with the Sylvester The Sylvan Gle
     ['sim_chesapeake-and-ohio-historical-magazine_1987-08_19_8'] | None | Steamship Companys steamers Northampton and {{{Eliza Hancox}}} will take that route." While the main line was over the British. The steamers Northampton and {{{Eliza Hancox}}} made alternate trips October 18-21 every 90 commodious steamers 
     ['bardbrotherspain0000unse'] | None | George T: Olyphant , {{{Eliza Hancox}}} (cut down) 18% x 36%" PC 1864 Glen Cove {{{Eliza Hancox}}} 15 x 39%" 1863 Glen presentation pieces. The drawings for Alice C. Price, {{{Eliza Hancox}}}, and Seneca contain notes entered on ruled lines
     ['claycounty0000hoop'] | None | aoe ia a oe ey | aes & eRacee* {{{ELizA HANCOX}}} AT MAGNOLIA. The {{{Eliza Hancox}}} was built in 1863 at Jersey City wide. It was not until December 1880 that the {{{Eliza Hancox}}} began making runs along the St. Johns River
     ['trainonbeachforg0000will'] | None | mention that the Pier was to be served by Post’s {{{Eliza Hancox}}} sailing from Foster’s Wharf in Boston. A second first time they served an ocean pier attraction. {{{Eliza Hancox}}} (also known as Eliza Hancock) was the older Iron Pier ne
## E514 | ALL | "Blackstone can be dispensed with" | total 0
## E518 | ALL | "Elias Smith" | total 15207
     ['lifecon00smit'] | None |   Preaching,  Travels  and  Sufferings  of  {{{Elias Smith}}},  written  by  himself. ...And  thou  shalt  Jesus  sake,  and  the  least  of  all  saints. {{{ELIAS  SMITH}}}. Portsmouth,  New-Hampshire,  March  5,  1816 Conclusion,  &c.  ..
     ['democratizationo00ha_vgfp'] | None | Travels and Sufferings of {{{Elias Smith}}} (Portsmouth, N.H., 1816), 341-42. 6. {{{Elias Smith}}}, The Loving Kindness 3:447—64. 13. Smith, Life . . . of {{{Elias Smith}}}, 309. 14. {{{Elias Smith}}}, The Clergyman’s Looking-Glass: Being 1
     ['lifeconversionpr0000smit'] | None |  PREACHING, TRAVELS AND SUFFERINGS OF {{{ELIAS SMITH}}} {{{Elias Smith}}} ail ARNO PRESS A New York Times Company CONVERSION, PREACHING, TRAVELS AND SUFFERINGS OF {{{ELIAS SMITH}}} ¥ —_ ] aes Fa he? Z “ B = 4 - > _ eh ““y 3° « conversion, p
     ['historyofchristi00morr'] | None | Ibid.,  p.  287. {{{ELIAS   SMITH}}}  39 and  once  more  the  tie  was  snapped.  {{{Elias  Smith}}}  went  back  to Preaching,   Travels,    and   Sufferings of  {{{Elias  Smith}}}. Stone=Biography  of  Elder  Barton  Warren denunciatory 
     ['democratizationo0000unse_o0t5'] | None | Travels and Sufferings of {{{Elias Smith}}} (Portsmouth, N.H., 1816), 341-42. 6. {{{Elias Smith}}}, The Loving Kindness 3:447—64. 13. Smith, Life . . . of {{{Elias Smith}}}, 309. 14. {{{Elias Smith}}}, The Clergyman’s Looking-Glass: Being 1
     ['democratizationo0000unse_i6g8'] | None | Travels and Sufferings of {{{Elias Smith}}} (Portsmouth, N.H., 1816), 341-42. 6. {{{Elias Smith}}}, The Loving Kindness 3:447—64. 13. Smith, Life . . . of {{{Elias Smith}}}, 309. 14. {{{Elias Smith}}}, The Clergyman’s Looking-Glass: Being 1
## E526 | ALL | "no other vessels of forage" | total 0
## E527 | ALL | "I think I will resign" | total 153
     ['aldermanicclubth00alde'] | None | free  speech,  send  me  to  my  commit' {{{I  think  I  will  resign}}}— but  maybe  nit. PATTERSON: The  city
     ['militaryrecordan00torr'] | None |  a  speck  of  dust  on his  gun  ?  {{{I  think  I  will  resign}}}."  At  an  early  date  thereafter he
     ['jstor-25109943'] | None | never wish to hear it spoken of again. {{{I think I will resign}}} from the society, that I will see even Cousin
     ['governorsguardia00tibb'] | None |  matter, man?    Come  here. Otway — {{{I  think  I  will  resign}}}  my  posi- tion, sir. Jack — Resign, 
     ['pleasurepromoter00bowe'] | None | attendance  to  all the  special  meetings.  {{{I   think  I   will  resign}}}  my position,  and  give  it  to  some
     ['oldbushsongs0004abpa'] | None | AND BEN HALL 43 So now my song is ended, {{{I think I will resign}}}, We'll toast those gallant heroes In a glass
## E542 | ALL | "Saugus left this morning" | total 0
## E543 | ALL | "return to your headquarters in the field" | total 5
     ['warofrebellion462unit'] | None | several  days.  I  wish  you to  {{{return  to  your  headquarters  in  the  field}}},  so  that  in  case  of  necessity
     ['cu31924077729014'] | None | several  days.  I  wish  you to  {{{return  to  your  headquarters  in  the  field}}},  so  that  in  case  of  necessity
     ['warofrebellion014602rootrich'] | None | several  days.  I  wish  you to  {{{return  to  your  headquarters  in  the  field}}},  so  that  in  case  of  necessity
     ['warofrebellion0046unse'] | None | absent several days. I wish you to {{{return to your headquarters in the field}}}, so’ that in case of necessity
     ['warofrebellionco0046unit_r6c6'] | None | absent several days. I wish you to {{{return to your headquarters in the field}}}, so that in case of necessity
## E546 | ALL | "Ship ordered to Portsmouth" | total 0
## E548 | ALL | "boat passes Point Lookout" | total 0
## E550 | ALL | "important despatches for him from General Sherman" | total 0
## E553 | ALL | "General Vogdes" | total 625
     ['totakecharleston0000hagy'] | None | skirmish of May 10 did nothing to reassure {{{General Vogdes}}}, whose men considered him to be a very nervous Folly, at the camp just below the Neck, and at {{{General Vogdes}}} headquarters. They sent messages during the to pre- vent the 
     ['transactionsofsa1119461953sand'] | None | figured by  {{{General  Vogdes}}},  but  is  illustrated  here.  It  was  said  by  {{{General  Vogdes}}} to  have  of  some  of  the  species described  by  {{{General  Vogdes}}}  and  of  one  species  described  by  A.  described  below 
     ['in.ernet.dli.2015.171318'] | None | surroundings next to Folly and James Islands. {{{General Vogdes}}} is in command on Folly Island. All his arrangements  On his arrival there he will consult with {{{General Vogdes}}} as to the best locality for his encampment Massachusetts 
     ['sim_brooklyn-barrister_1970-03_21_5'] | None | reporting to General McDowell’s headquarters {{{General Vogdes}}} complimented his officers and noted the general necessary. General McDowell, on November 1, ordered {{{General Vogdes}}} to have one thousand men at the Navy Yard the steambo
     ['sim_united-states-service-magazine_1864-02_1_2'] | None | has since been under the command of Brigadier-{{{General Vogdes}}}. No fortifications have been erected except though they, empty, rattle by us on their way. {{{General Vogdes}}} has forbidden any one to ride in these wagons Vogdes has orde
     ['isbn_1557930279'] | None | General Gilmore requesting an interview between {{{General Vogdes}}} and the officer commanding Battery Wagner. the day of the 22nd, with an interval, when {{{General Vogdes}}}, U. S. A., requested, under a flag of truce having been given a
## E554 | ALL | "investigation can progress" | total 55
     ['dfrws_-_an_event-based_digital_forensic_investigation_framework_2004-20250402_174339'] | None | to obtain a search warrant before the {{{investigation can progress}}}. Physical Crime Scene Investigation Phases:
     ['micro_IA1176911_1070'] | None | investigating this alleged incident and this {{{investigation can progress}}} further only with the full cooperation
     ['sim_executive-educator_1994-03_16_3'] | None | discuss concerns objec- tively so an {{{investigation can progress}}} fairly. Indeed, the key to a fair investi-
     ['sim_environmental-ethics_winter-1982_4_4'] | None | low-cost energy), this type of scientific {{{investigation can progress}}} only if it is provided with accelerating
     ['sim_bioscience_1971-05-01_21_9'] | None |  the natural  sciences.  ScientiHc  {{{investigation can  progress}}}  through  direct  interaction between
     ['phronesis_2003_48_4'] | None | introducing definitions just so that the {{{investigation can progress}}} beyond 126 (1994) 29-30. 127 “Definitions
## E558 | ALL | "office at Yorktown" | total 97
     ['bwb_W9-CLV-673'] | None | while looking over the records in the Clerk’s {{{office at Yorktown}}}, Virginia, for papers regarding his own family Page, taken from the records in the clerk’s {{{office at Yorktown}}}, Va., in May, 1884: In the name of God Amen Page, tak
     ['genealogyofpagef00page'] | None | looking  over  the  records  in  the Clerk's  {{{office  at  Yorktown}}},  Virginia,  for  papers  regarding  his taken  from the  records  in  the  clerk's  {{{office  at  Yorktown}}},  Va.,  in  Maj^,  1884: In  the  name  taken  from  th
     ['genealogyofpagef0000rich'] | None | while looking over the records in the Clerk’s {{{office at Yorktown}}}, Virginia, for papers regarding his own family Page, taken from the records in the clerk’s {{{office at Yorktown}}}, Va., in May, 1884: In the name of God Amen Page, tak
     ['jstor-1915307'] | None | Editor from the Originals in the Clerk's {{{office at Yorktown}}}. No. 2— October Number, 1892. 1. Early Presidents
     ['jstor-1915416'] | None | the oldest book (1644-1649) in the clerk's {{{office at Yorktown}}}, the front pages being torn away, has "Croshaw's
     ['jstor-1915417'] | None | the oldest book (1644-1649) in the clerk's {{{office at Yorktown}}}, the front pages being torn away, has "Croshaw's
## E562 | ALL | "greatest rascal should escape" | total 0
## E564 | ALL | "entirely out of pilots" | total 0
## E566 | ALL | "First Mounted Rifles" | total 410
     ['documentsofassem1193newy'] | None | Buffalo;  mustered  in  as  private,  Co.  K,  {{{First  Mounted Rifles}}},  August  23, 1862,  to  serve  three  years; city;  mustered  in  as  private,  Co.  A,  {{{First  Mounted Rifles}}},  August  31,  1861,  to  serve  three  Ky.;  p
     ['annualreportadj01unkngoog'] | None | 1864,  to  V.  R.  C. Digitized  by Google {{{FIRST  MOUNTED  RIFLES}}}. ABRAHAMS,  SAMUEL.— Age,  21  years.   serve  three years;  transferred  to  {{{First  Mounted  Rifles}}},  date  not  stated;  no further  record three  years;  trans
     ['CONFEDERATESCHNABELSBATTALIONMISSOURIM861'] | None | Cavalry (Dobbin's) First Cavalry (Monroe's) {{{First Mounted Rifles}}} First Battalion (Stirman's), Cavalry First Cavalry (Heines) First Battalion, Cavalry {{{First Mounted Rifles}}} Second Cavalry (Duke's) Second Cavalry (Wood-ward’s) Moun
     ['annualreporttran1867newy'] | None | Transferred  to  {{{First  Mounted Rifles}}},  July  21,  1865. Transferred  to  {{{First  Mounted Rifles}}},  July  21 Transferred  to  {{{First  Mounted Rifles}}}  July  21,  1865. Transferred  to  {{{First  Mounted Rifles}}}  July  21, T
     ['condensedhistory00fisk'] | None | 1864. Benton,  Samuel — Private,  Co.  D,  {{{First  Mounted  Rifles}}}  ;  trans- ferred to  Co.  C,  this  regiment Private ;  transferred  from  Co.  D,  {{{First  Mounted Rifles}}},  to  Co.  C,  this  regiment,  October C. Drown.  Will
     ['sim_military-images_march-april-2005_26_5'] | None | Service. he organization that became the {{{First Mounted Rifles}}} began as a squadron of cavalry organized City and a full regiment was created The {{{First Mounted Rifles}}} served inzinly in the Department of Virginia
## E569 | ALL | "want the room" | total 14468
     ['isbn_9781468575491'] | None | pictures will allow you to see what you don't {{{want the room}}} to look like again. There’s a blank page at picture will allow you to see what you don't {{{want the room}}} fo look like again. There's a blank page at picture will allow yo
     ['manualzilla-id-5683207'] | None | degrees. You ae se work from 8 am until 5 pm. You {{{want the room}}} temperature to (Ordinary set temp.) (Ordinary to 62 degrees while you are at work and you {{{want the room}}} to return to 70 degrees at 4 pm so it will be 65 Temp. - deg
     ['artofspace0000mary'] | None | goals for the project. What impression do you {{{want the room}}} to make? What are your goals? What would make is the time to start thinking about how you {{{want the room}}} to function. That will drive what you put in or storage. Once yo
     ['manualzilla-id-5973494'] | None | degrees. You work from 8 am until 5 pm. You {{{want the room}}} temperature to 70°F 70°F drop to 62 degrees degrees while you are at work and you {{{want the room}}} to return to 70 degrees at 4 pm so it will be warm when drop to 65 degrees
     ['whatdoyousaytona0000cran'] | None | colors  when  you {{{want  the  room}}}  to  be  lighter  and  brighter,  you {{{want  the  room}}}  to  feel  spacious colors  when  you {{{want  the  room}}}  to  be  stimulating/dramatic  or  if  you {{{want  the  room}}}  to  feel  cozy
     ['isbn_0385271220'] | None | light colors when you {{{want the room}}} to be LIGHTER AND BRIGHTER, YOU {{{want the room}}} to feel spacious, or bright colors when you {{{want the room}}} to be sTIMULATING/DRAMATIC or if you {{{want the room}}} to feel cozy. Intense har
## E571 | ALL | "Glisson says he will send" | total 1
     ['papersofulyssess0014gran'] | None | to Brig. Gen. John A. Rawlins. “Capt {{{Glisson says he will send}}} gun boats as-de- sired, at once. Convoy
## E574 | ALL | "go on board the boat on arrival" | total 0
## E577 | ALL | "General Hartsuff" | total 1292
     ['warofrebellionco0046unit_z2y4'] | None | HEADQUARTERS DEPARTMENT, March 18, 1865—7.15 p.m. {{{General HARTSUFF}}}: Cobb’s Hill signal officer reported at 3 the Field, March 20, 1865—10.25 a.m. Major-{{{General HARTSUFF}}}, Hatcher’s, Bermuda Defenses: Organize your Infantry, aide-
     ['warofrebellionco0000robe'] | None | satisfaction of the State authorities and myself. {{{General Hartsuff}}} was now in chief command of the troops iu movements were necessarily much restricted. —— {{{General Hartsuff}}} at once ordered all his available forces in ROCKY GAP, 
     ['sim_united-service-a-quarterly-review-of-military-and-naval_1881-07_5'] | None | to dominate a captious clerk. Accordingly, {{{General Hartsuff}}} unhesitatingly applied for active orders, and the distinguished services rendered by {{{General Hartsuff}}} on this occasion were the subject of general trust. “I think they 
     ['FindingAidForOha198JacksonCollection'] | None | hand, a handwritten (auto?)biography of Major {{{General Hartsuff}}}, and one of Jackson's pay receipts. There collection, a narrative of the military service of {{{General Hartsuff}}}, and a report (probably authored by R.M.S Nelson but he
     ['warofrebellionco0046dani'] | None | HEADQUARTERS DEPARTMENT, March 18, 1865—7.15 p.m. {{{General HARTSUFF}}}: Cobb’s Hill signal officer reported at 3 the Field, March 20, 1865—10.25 a. m. Major-{{{General HARTSUFF}}}, Hatcher's, Bermuda Defenses : Organize your Infantry, aid
     ['warofrebellion012301rootrich'] | None | portion  of  the  Twenty-third  Corps, under  {{{General  Hartsuff}}}.  On  my  arrival  at  Lexington,  I  received of  the  State  authorities  and  myself.  {{{General Hartsuff}}}  was  now  in  chief  command  of  the  troops movements 
## E506 | ALL | "steamers named in your dispatch" | total 0
## E508 | ALL | "ten days coal" | total 262
     ['cihm_25803'] | None | them can carry, with its armament, more than {{{ten days’ coal}}}, and it is neither prudent nor safe for a war
     ['wilshires-magazine_1912-03_16_3'] | None | week advance by a strike lasting less than {{{ten days. Coal}}} Strike in England As we go to press a big coal
     ['designforhocking00burr'] | None | and  of  suf- ficient capacity  to  hold  {{{ten  days  coal}}}  supply, (d)    Chimneys: •lovav suo 19. There
     ['mil-1926'] | None | miners in 1935 remained in the Huelva pits for {{{ten days. Coal}}} miners in Wales, Seotland and France adopted
     ['britishtreatieso00carerich'] | None | carry,  with  its  armament,  more  than  {{{ten  days'  coal}}},  and  it  is  neither prudent  nor  safe
     ['peking-review-1976-34'] | None | safe and sound, and within the short space of {{{ten days coal}}} was extracted again and the railway reopened
## E521 | ALL | "don't mention that I enquired" | total 0
## E441 | ALL | "dread the necessity of cables" | total 0
## E472 | ALL | "forage him by the other line" | total 0
## E465 | ALL | "none of the New Orleans troops" | total 0
## E447 | ALL | "six miles above City Point" | total 1
     ['per_alexandria-gazette-packet_alexandria-gazette_1843-06-22_43_146'] | None | Rich- , mond te Walthall’s Landing ({{{six miles above. City Point}}}) it will be only eleven miles and three-
## E442 | ALL | "one mile of cable" | total 507
     ['exhibitsoftangib00chic'] | None | build  {{{one  mile  of  cable}}}  track    20 "            "            to  restore  {{{one  mile  of  cable}}}  track  1-A. UNIT  COST  ESTIMATE  TO  BUILD  {{{ONE   MILE  OF  CABLE}}}  TRACK. Excavation       3,920       cu ESTIMATES— CA
     ['sim_record-at-t-bell-laboratories_1981-09_59_7'] | None | fathoms of water. The subsequent burial of this {{{one mile of cable}}} by a conven- tional submarine with crew took for about $50,000. Recently, SCARAB buried {{{one mile of cable}}} in 12 hours. The use of SCARAB not only reduces
     ['graphics_world'] | None | connectivity — they were linked with more than {{{one mile of cable}}}. PC Slave. Simply the most efficient way f connectivity — they were linked with more than {{{one mile of cable}}}. 
     ['ERIC_ED086172'] | None | determines the revenue base for the system. {{{One mile of cable}}} passing thirty homes (Hatfield) will yield yield quite different monthly revenues from {{{one mile of cable}}} passing 300 homes (Cambridge). If 100% of the
     ['micro_IA41153020_0829'] | None | determines the revenue base for the system. {{{One mile of cable}}} passing thirty homes (Hatfield) will yield yield quite different monthly revenues from {{{one mile of cable}}} passing 300 homes (Cambridge). If 100% of the
     ['keralalegislativeassembly.proceedings.926740'] | None | over-head lines, by: another 6 miles, for {{{one mile. of ~ cable}}} and for other works: detailed in Appendix
## E474 | ALL | "General Butler's fleet left" | total 0
## E471 | ALL | "send no ciphers till the cable is repaired" | total 0
## E470 | ALL | "Mahopac, Canonicus and Saugus" | total 23
     ['underbluepennant00grat'] | None | New  Ironsides ,   Monadnock ,   {{{Mahopac,  Canonicus,  and  Saugus}}} Frigates  and  Sloops  of  War Minnesota
     ['gunsmokeoveratla0000coom'] | None | previously.  The  monitors  Monadnock,  {{{Mahopac, Canonicus,  and  Saugus}}}  would  close  to  within  1,200 
     ['gunsmokeoveratla0000coom_g7d1'] | None | previously. The monitors Monadnock, {{{Mahopac, Canonicus, and Saugus}}} would close to within 1,200 yards of
     ['admiraldaviddixo0000hear'] | None | monitors  New  Ironsides,  Monadnock,  {{{Mahopac,  Canonicus, and  Saugus}}}  steamed  up  to  the  fort  and 
     ['civilwaratsea0000jone'] | None | Tronsides, and near by, the Monadnock, {{{Mahopac, Canonicus, and Saugus}}}, alk ironclad. Next were the ships
     ['civilwaratsea0003unse'] | None |  and near  by,  the  Monadnock,  {{{Mahopac,  Canonicus,  and  Saugus}}},  all ironclad.  Next  were  the 
## E468 | ALL | "meet you at Monroe tomorrow" | total 0
## E443 | ALL | "yellow fever is prevailing" | total 581
     ['national-board-of-health-bulletin_1881-11-19_supplement-15'] | None | Suc. 6. All vessels from ports in which {{{yellow fever is prevailing}}} or from ports where contagious or infectious SEC. 6. All vessels from ports in which {{{yellow fever is prevailing}}}, or from ports where other contagious that all ve
     ['synopsisrisksas00flitgoog'] | None | territories (except in localities where {{{yellow fever is prevailing}}} at the time as an epidemic); And in the beyond the above limits (except where {{{yellow fever is prevailing}}} as an epidemic); but in such case he territories (except
     ['flitcraftlifein09flitgoog'] | None | countries, or therein in localities where {{{yellow fever Is prevailing}}} at the time as an epidemic, will subject Territories (except in localities where {{{yellow fever is prevailing}}} at the l\Tne as an epidemic); and in beyond the abo
     ['flitcraftlifein13flitgoog'] | None | countries, or therein in localities where {{{yellow fever is prevailing}}} at the time as an epidemic, will subject Territories (except in localities where {{{yellow fever is prevailing}}} at the time as an epidemic); and in the beyond the 
     ['per_semi-weekly-standard-north-carolina_semi-weekly-standard_1862-09-13_12_74'] | None | had fired it. It is also stated that {{{yellow fever is prevailing}}} in "New Orleans among the Yankee troops had fired it. It is also stated that {{{yellow fever is prevailing}}} in New Orleans among the Yankee troops
     ['jstor-41439681'] | None | American schooner Lelia Smith states that {{{yellow fever is prevailing}}} on the Island of Martinique, and that
## E473 | ALL | "stop your exchanges" | total 1
     ['exhibitorsherald14exhi_0'] | None | PRICES  AND  MADE  A  TREMENDOU: HIT.    {{{STOP.    YOUR  EXCHANGES}}}  AND  EX- HIBITORS CAN  LOOK  FORWARD
## E445 | ALL | "City of Hendron" | total 18
     ['afterworldscolli0000unse_i6e6'] | None | from its unornamented gray walls out over the {{{city of Hendron}}}. Presently he began to write. In a cabinet plane, however, was evidently headed for the {{{city of Hendron}}}. When that fact became assured, the alarm was argued fis under
     ['afterworldscolli0000unse_s0a1'] | None | from its unornamented gray walls out Over the {{{city of Hendron}}}. Presently he began to write. In a cabinet plane, however, was evidently headed for the {{{city of Hendron}}}. When that fact became as- sured, the alarm argued this under 
     ['afterworldscolli0000phil'] | None | from its unornamented gray walls out Over the {{{city of Hendron}}}. Presently he began to write. In a cabinet of vision, This plane, however, 1 d for the {{{city of Hendron}}}. When that fac _the alarm was sounded. ‘ _ argued this under th
     ['f_4000'] | None | from its unomamented gray walls out over the {{{city of Hendron}}}. Presently he began to write. In a cabinet plane, however, was evidently headed for the {{{city of Hendron}}}. When that fact became assured, the alarm was argued this under
     ['bwb_S0-BFS-573'] | None | from its unornamented gray walls out over the {{{city of Hendron}}}. Presently he began to write. In a cabinet plane, however, was evidently headed for the {{{city of Hendron}}}. When that fact became as- ; z sured, the alarm suggested an a
     ['f_1898000'] | None | from its unornamented gray walls out over the {{{city of Hendron}}}. Presently he began to write. In a cabinet plane, however, was evidently headed for the {{{city of Hendron}}}. When that fact became assured, the alarm was argued this unde
## E469 | ALL | "heavy and continuous firing" | total 582
     ['sim_citrus-industry_1947-03_28_3'] | None | (Continued on page 26) No Freeze Damage By {{{heavy and continuous firing}}} of our nursery and bearing avocado groves Cleo- patra Mandarin seed; harvesting By {{{heavy and continuous firing}}} of our nursery time delivery. Write R
     ['in.gazette.central.w.1968-04-20.68821'] | None | to a very grave risk- Undeterred by {{{heavy and continuous firing}}} by the dacoits he continued to advance
     ['in.gazette.1968.114'] | None | to a very grave risk- Undeterred by {{{heavy and continuous firing}}} by the dacoits he continued to advance
     ['meghanmarkle0000reus'] | None | a performance. barrage (buh-RAHJ)—A {{{heavy and continuous firing}}} of questions. biracial (by-RAY-shul)—Having
     ['per_civil-war-and-reconstruction_history-of-the-seco-infantry_charles-f-morse_1882'] | None | armies could not be long delayed. Soon {{{heavy and continuous firing}}} was heard in our front, and we marched
     ['per_civil-war-and-reconstruction_history-of-the-seco-f-infantry_morse-charles-fess_1882'] | None | armies could not be long delayed. Soon {{{heavy and continuous firing}}} was heard in our front, and we marched
## E466 | ALL | "believe a word against him" | total 245
     ['sim_leisure-hour-an-illustrated-magazine-for-home-reading_1869-08-21_18_921'] | None | fond of each other, and she would never {{{believe a word against him}}}.”   POSSESSION. (Leisure Hour, August
     ['MTN_1916051901'] | None | that to me. Patil is my husband I don't {{{believe a word against him}}}, and I know you won't either when you've
     ['CFA_1916060801'] | None | that to me. Paul is my husband. I don’t {{{believe a word against him}}}, and I know you won't either when you've
     ['comrade-1901_1904-01_3_4'] | None | name before his moiher.. She will not {{{believe a word against him}}}. He was cashier and bookkeeper for both
     ['blindgoddess00wilc'] | None | but  for  a  spell  she  couldn't  {{{believe a  word  against  him}}},  and  she  wouldn't  let  Evans  see
     ['f_2067000'] | None | fallen for him, and she’s not going to {{{believe a word against him}}}. She thinks he’s going to save her, when
## E446 | ALL | "operator at Cherrystone" | total 22
     ['per_new-york-clipper_new-york-clipper_1867-04-20_15_2'] | None | Point Comfort, Va.), and Mr. Clewell, {{{operator at Cherrystone}}}, E. 8. of V 30 miles distant The game commenced
     ['MilitaryTelegraphDuringTheCivilWarInTheUnitedStatesV1'] | None | withdrawal  was  announced  to  the  {{{operator  at  Cherrystone}}},  when McClellan  sent  the  following
     ['cu31924092908742'] | None | sudden withdrawal was announced to the {{{operator at Cherrystone}}}, when McClellan sent the following moderate
     ['militarytelegra03plumgoog'] | None | sudden withdrawal was announced to the {{{operator at Cherrystone}}}, when McClellan sent the following moderate
     ['militarytelegra00plumgoog'] | None | sudden withdrawal was announced to the {{{operator at Cherrystone}}}, when McClellan sent the followhag moderate
     ['militarytelegraph01plumrich'] | None | withdrawal  was  announced  to  the  {{{operator  at  Cherrystone}}},  when McClellan  sent  the  following
## E448 | ALL | "wharf when the Manhattan arrives" | total 0
## E548 | papersofulyssess0014gran | "boat passes Point Lookout" | total 0
## E550 | papersofulyssess0014gran | "important despatches for him from General Sherman" | total 0
## E553 | papersofulyssess0014gran | "General Vogdes" | total 0
## E554 | papersofulyssess0014gran | "investigation can progress" | total 0
## E558 | papersofulyssess0014gran | "office at Yorktown" | total 0
## E562 | papersofulyssess0014gran | "greatest rascal should escape" | total 0
## E564 | papersofulyssess0014gran | "entirely out of pilots" | total 0
## E566 | papersofulyssess0014gran | "First Mounted Rifles" | total 0
## E569 | papersofulyssess0014gran | "want the room" | total 0
## E571 | papersofulyssess0014gran | "Glisson says he will send" | total 1
     ['papersofulyssess0014gran'] | None | to Brig. Gen. John A. Rawlins. “Capt {{{Glisson says he will send}}} gun boats as-de- sired, at once. Convoy
## E574 | papersofulyssess0014gran | "go on board the boat on arrival" | total 0
## E577 | papersofulyssess0014gran | "General Hartsuff" | total 1
     ['papersofulyssess0014gran'] | None | officer I should be more glad to have than {{{General Hartsuff}}}, yet I can not, in justice to others, say War Edwin M. Stanton telegraphed to USG. “{{{General Hartsuff}}} is ordered to report to you immediately. What
# requests 53
