## E552 own=5899 q='Dumbarton': total 2
  OWN 5899 (Page 355) run=5 cov=0.60 :: 
  cand 7749 (Page 91) run=15 cov=0.70 :: 
      >> 520 P. M. Ft Monroe Va Feb 4. 65 Norfolk for Sec Navy ---- Sir : ---- Telegram recd we have but one vessel, the Dumbarton , ready & she had been promised to Commo. Bell to convey him up the James river ---- the Cambridge will be available on Tuesday next ---- J. M Perrien Comdt 8 P. M. <deletion>Wash</deletion> Balt. Feb. 4. 1865. 730 PM for Secy of War. I feel it my duty to report that thirty eight rebels were again permitted last night to throw off & rob a train breaking the engine & cars within three & half miles of Harpers Ferry in the immediate vicinity of the recent similar attack. May I ask
## E557 own=5907 q='submarine torpedoes immediate James River': total 0
## E557 own=5907 q='Lynch Commander Inspector Ordnance': total 0
## E549 own=5896 q='Mack party material': total 4
  OWN 5896 (Page 352) run=18 cov=0.76 :: 
  cand 5713 (Page 169) run=3 cov=0.32 :: 
      >> e of my arrival with the main body Walrus Nankin We must get along without cable here R OBrien Ft. Monroe May 29 1864 Maj Eckert Di Knox favors pocketing at Hastings and the torrent route pedlar Mack and party with Homan and Collings arrived at Jamestown last night Pekin Had to land them there as they came down on regular dispatch boat . Pekin would have been better if they had come here unity They will arrive at Haven this afternoon by land zodiac will hurry the work pedlar will lay the Cables and have all ready zodiac propeller Detroit with material arrived yesterday was sent to Hastings and the material is landed on Gloucester side zebra Operators will be distributed according to ord
  cand 5716 (Page 172) run=3 cov=0.27 :: 
      >> to take them direct to Hagar Pekin have furnished them every thing they wanted and material to make harrow spoons with what they had unity teams & wayworners scarce pause they left at sun down zodiac mack arrived at Hastings at Fanny wedge pekin has run line from office to Windsor pedlar is now salmoning his train plum windpipe on a barge says it will take till Topsy to finish pocketing pekin he will Commence on Gloucester side at day light in morning has every thing he wants zebra I will try to go to Haven whelp unity hope to succeed in my job Geo D Sheldon
  cand 5744 (Page 200) run=3 cov=0.22 :: 
      >> have therefore asked Bickford to send Perkins and party direct to Burr Moody publish to wick to OBrien pedlar also peach operators zodiac Bickford to remain and take charge of closing out that line Mack and party to do the work. unity Shelby Abercrombie wishes white horse office kept open till Nabob and mackerel arrive there which will be within perfume days probably whelp night unity I think it will all come out right as circumstances will allow pedlar teams and a good saddle left Hastings this morning for wicoff vernon a cabal about plug spoon long is tarquin at blubber zebra Bickford whites that Johns snake are removed and his last plank orderlies have been unable to find them and come
requests 4
## E571 own=5929 q='Glisson convoy Roberts Babcock': total 1
  OWN 5929 (Page 385) run=7 cov=0.95 :: 
## E571 own=5929 q='Glisson gunboat Rawlins convoy': total 0
## E574 own=5931 q='River Queen Dealy Eckert boat': total 0
## E574 own=5931 q='Dealy River Queen Sheldon': total 0
## E577 own=5933 q='Hartsuff Abbot Gordon district': total 0
## E577 own=5933 q='Hartsuff relieved continue command': total 0
## E506 own=5852 q='Jamestown steamers Rawlins reported': total 0
## E506 own=5852 q='steamers Jamestown started Rawlins': total 0
## E508 own=5853 q='Leary Montauk Howell Webster': total 1
  OWN 5853 (Page 309) run=10 cov=0.78 :: 
## E508 own=5853 q='Montauk Leary City Point coal': total 1
  OWN 5853 (Page 309) run=10 cov=0.78 :: 
## E521 own=5861 q='mention enquired keep posted': total 1
  OWN 5861 (Page 317) run=12 cov=0.82 :: 
## E521 own=5861 q='Butler left Monroe enquired Beckwith': total 0
## E441 own=5699 q='Yorktown West Point cable poles': total 0
## E441 own=5699 q='No. 14 wire cable Yorktown': total 0
## E472 own=5679 q='Sheridan James foraged Meigs': total 0
## E472 own=5679 q='Sheridan forage Meigs': total 0
## E465 own=5768 q='Shaffer New Orleans troops': total 2
  cand 10487 (Page 345) run=3 cov=0.30 :: 
      >> lls Brig Gen & Chf Qr Mr 9. P. M. Ft Monroe Va July 10th 1864 1. P. M For Gen Halleck Wash'n . Steamer "Crescent" has just arrived with troops from New Orleans and has been ordered to Wash'n J. W. Shaffer Col & Chf Staff
  cand 4788 (Page 347) run=6 cov=0.45 :: 
      >> 445 pm Fort Monroe July 10 1864 Ft Monroe 10th 15 am July 10th Gen Halleck - none of the New Orleans troops have arrived yet J W Shaffer Col and Chief of staff 5 5 pm Balto July 10th 1864 Baltimore 10th 5 pm for Secy of War The undersigned have good reason to believe that an effort will be made to release the seventeen thousand confederate Prisoners that are now at Point Lookout . we beg leave to call your attention to it B F Camp and R Stockett Mathews 535 pm Clarksburg July 10th 1864 Genl Sullivan occupied Hedgeville last night and is moving east today he thinks rebels strength ten thousand but citizens say twelv
## E465 own=5768 q='Shaffer arrived General-in-Chief': total 0
## E447 own=5827 q='Saugus Cole Porter six miles': total 0
## E447 own=5827 q='Cole Saugus daylight': total 0
## E442 own=5707 q='Homan Collings Williamsburg Jamestown': total 0
## E442 own=5707 q='Bermuda landing cable City Point': total 0
## E474 own=5829 q='Ingalls Webster Butler fleet left': total 0
## E474 own=5829 q='Butler fleet left yet': total 0
## E471 own=5577 q='Kilpatrick cable repaired ciphers': total 1
  OWN 5577 (Page 33) run=3 cov=0.67 :: 
## E471 own=5577 q='Kilpatrick cable repaired': total 1
  OWN 5577 (Page 33) run=3 cov=0.67 :: 
## E470 own=5814 q='Mahopac Canonicus Saugus': total 2
  cand 5813 (Page 269) run=2 cov=0.39 :: 
  OWN 5814 (Page 270) run=6 cov=0.50 :: 
## E470 own=5814 q='Mahopac monitors Porter': total 0
## E468 own=5810 q='Butler meet tomorrow Monroe Admiral': total 0
## E468 own=5810 q='Admiral Monroe Butler': total 6
  cand 5554 (Page 10) run=2 cov=0.46 :: 
      >> is very positive that only three or four thousand men have been detached from prescotts walnut period you will adopt such measures in regard to north Cairo line a as you may deem best calling on the admiral for such naval assistance as you may require sign abortion file day this with us T. T. Eckert Yorktown Feb 5 1864 Geo D Sheldon Ft. Monroe for Butler is there danger of the new burn panther being in mystic on sun day signed wistor HN Snow Geo D Sheldon Ft Monroe Hd Qrs Army of Potomac Feb 5 / 64 Hannah for audit a dispatch from the vernon in chief directs such Cooper ration with you as I can give period I will be ready to do so on sun day the seventh instant by vigor us demon stray
  cand 4644 (Page 203) run=2 cov=0.38 :: 
  cand 4718 (Page 277) run=1 cov=0.23 :: 
  cand 4409 (Page 260) run=2 cov=0.46 :: 
      >> signed Abbey Clara Weather rainy windy Geo D Sheldon Washington Dec 3 1863 Sheldon Audit period Ague is on the back track again with out a wool which abortion Julia Eckert Ft. Monroe Dec 3d 1863 Admiral Lee N. News I have just received the following dispatch period Granada second seven past meridian to Clifton period Clarence is on the back track again without a fight signed Carroll from Clifton Geo D Sheldon Washington Dec 12th 1863 Maj Gen'l Butler for Hon P H What son Asst Secy at war Dept pagan information has been sent to the Wiley that the United S. forces Contemplate a land attack on persia N C & preparations therefore going on at Mohawk Cornelia warm wet Edwin M Stanton (Copy
  cand 4424 (Page 275) run=2 cov=0.54 :: 
      >> r at one time & not latter than Friday fore noon assuming the latter I shall at once make arrangements for them & will write you further by boat tomorrow Wistar Geo D Sheldon Ft Monroe Feby 3. 1864 Admiral Lee N - News I am informed by brig general Palmer that his out posts have been driven in at eight oclock on the first day of February by an Rome on New burn by a force estimated at about fifteen thousand men He expresses his confidence in holding the place but I in form you in order that you may make any disposition of the naval force in his aid period The Spaulding would sail at two oclock I shall keep her till I hear from you signed Clifton one thirty Post Meridian Geo D Sheldon Joh
  cand 4565 (Page 124) run=3 cov=0.31 :: 
      >> Recd 820 PM Maj Eckert Culpeper Apl 23d 1864 April twenty third 5 pm For Gen Halleck confidential letters of Adl. Dahlgren & Secy Navy Just recd - With the reduced state of the command at Charleston I do not know what can be done in the direction recommend by the Admir = al but I will send the letter by special messenger to Gen Gilmore at Ft Monroe and as = certain from him the Ex = act situation & give directions accordingly signed Genl Grant Recd 1010 PM Maj Eckert Ft Monroe Apl 23d 186
## E443 own=5785 q='yellow fever Newbern McDougall Horner': total 0
## E443 own=5785 q='yellow fever Newbern': total 0
## E473 own=5633 q='Edgar exchanges Clark': total 0
## E473 own=5633 q='Edgar name exchanges orders': total 0
## E445 own=5816 q='Baird Hendron instruments': total 1
  OWN 5816 (Page 272) run=8 cov=0.74 :: 
requests 35
