CTRL | "Suwo Nada" "half an hour" intitle:Grant | total 1 | GRANT HIT mnRjmhe3QLoC
     mnRjmhe3QLoC The Papers of Ulysses S. Grant 1985 | ... <b>Suwo Nada</b> &#39; nine hundred &amp; thirty ( 930 ) men will start in <b>half an hour</b> — This makes six vessels , 5109 men , all as ordered— &quot; ALS ( telegram sent ) , ibid .; telegram
E509 | "hospital boat Metropolis" intitle:Grant | total 0 | no Grant 13/14 hit
E511 | "Eliza Hancox" intitle:Grant | total 0 | no Grant 13/14 hit
E514 | "Blackstone can be dispensed with" intitle:Grant | total 0 | no Grant 13/14 hit
E518 | "Elias Smith" intitle:Grant | total 73 | no Grant 13/14 hit
     N0FnAAAAMAAJ Smith, Grant, and Irons Families of New Jersey's Shore Count 1955 | ... Smith ; ( 2 ) Enoch Smith , under 21 ; ( 3 ) Philip Smith ; ( 4 ) Daniel Smith ; ( 5 ) Jane Smith . 2 ( 3 ) Rachel Smith , Smith2 , b . 1736 . ( 4 ) <b>Elias Smith</b> , b . ca. 1738 ; d . 1806 ; 
     iN70zoqAVSkC The History of Woburn, Middlesex County, Mass. from the Gran 1868 | ... <b>Elias Smith</b> , of the Baptist society , made the concluding prayer.39 CHAPTER XIV . Ecclesiastical History from 1775. - First Church. 38 Town Records , Vol . XII . , p . 358 . Communication 
     IpH5DwAAQBAJ Complete Works of Jules Verne (illustrated): A Jorney To The 2021-02-01 | ... <b>Elias Smith</b> and I followed more leisurely . We mounted by a narrow and not very steep gorge amid rocks and trees . A tiny stream trickled downward under our feet . During the rainy season o
     wxGwg_w7_B0C The Papers of Ulysses S. Grant 1998 | ... <b>Elias Smith</b> and two others , Salt Lake City , telegraphed to USG . &quot; A mass meeting of two thousand citizens of Salt Lake City and County was held here on saturday to select delegates 
E526 | "no other vessels of forage" intitle:Grant | total 0 | no Grant 13/14 hit
E527 | "I think I will resign" intitle:Grant | total 3 | no Grant 13/14 hit
     N99XAAAAYAAJ Lee and Grant 2007 | ... <b>to</b> be the only objection [ by your father <b>to</b> our getting married ) and <b>really I think</b> there <b>can</b> be no hap- pier place <b>to</b> live . As I told you in my last letter I
     nQstPeWppxsC The Papers of Ulysses S. Grant 2005 | ... <b>will</b> accept the position of governor <b>to</b> Idaho , I <b>will</b> change the recommendation <b>to</b> Gen Reuben Williams of Fort ... <b>I think</b> there is not a resident of the Territ
     3zBLjHeAGB0C Papers of Ulysses S. Grant 2008 | ... <b>could</b> remove any civil officer of any grade , Judge or Governor . When I was made General , and they were determining my powers and du- ties , they gave the General , by accident , <b>I thi
E542 | "Saugus left this morning" intitle:Grant | total 0 | no Grant 13/14 hit
E543 | "return to your headquarters in the field" intitle:Grant | total 119 | GRANT HIT ij8fAQAAMAAJ
     4_sRthib-ekC Personal Memoirs of Ulysses S. Grant 2007-11-01 | ... <b>headquarters</b> in Washington . <b>His</b> instructions pressed him to proceed to <b>his</b> new <b>field</b> of duty with as little delay ... <b>your headquarters</b> . You can judge for your
     rZW8AQAAQBAJ Personal Memoirs of U. S. Grant 2012-03-07 | ... <b>headquarters</b> in Washington . <b>His</b> instructions pressed him to proceed to <b>his</b> new <b>field</b> of duty with as little delay ... <b>your headquarters</b> . You can judge for your
     brxcAAAAcAAJ The Life and Campaigns of U.S. Grant, ... Comprising a Full  1868 | ... <b>Returning</b> from the review , and while rid ing at <b>a</b> rapid pace , accompanied by the writer , <b>his</b> spirited and ... <b>field</b> , and he at once proceeded to that point , accomp
     sty51KRVESIC The Papers of Ulysses S. Grant, Volume 5 1967 | ... <b>return</b> to Memphis on condition that he would <b>return</b> &amp; give himself up within 60 days or effect an <b>exchange</b> for Col. Alex . Brown of <b>a</b> Tenn . Regt . captured at Isla
E546 | "Ship ordered to Portsmouth" intitle:Grant | total 0 | no Grant 13/14 hit
E548 | "boat passes Point Lookout" intitle:Grant | total 0 | no Grant 13/14 hit
E550 | "important despatches for him from General Sherman" intitle:Grant | total 21 | no Grant 13/14 hit
     7DAAxfRuXKoC The Papers of Ulysses S. Grant None | ... <b>her</b> to day . I also enclose you a note received from Lieut <b>General</b> Scott , which he desired to have transmitted to you . .. PS <b>General</b> Kautz nomination is confirmed . <b>Gener
     6s72pN0I4mIC Grant and His Campaigns 1866 | ... <b>General Sherman</b> , leaving a forse to hold Atlanta , with the remainder of his army fell upon <b>him</b> and drove <b>him</b> to ... <b>Dispatch</b> about Wilson just received . Hood is now 
     mD4fAQAAMAAJ The Papers of Ulysses S. Grant: January 1-May 31, 1864 1967 | ... <b>General</b> Halleck , Chief of Staff , will inform you what measures are taken ... <b>important despatch</b> for <b>General</b> Grant which you will dup I have directed the ... <b>him</b> all t
     jCTREQAAQBAJ Personal Memoirs of Ulysses S. Grant 2026-04-15 | ... <b>Sherman</b>, 4 killed and 21 wounded and missing. The enemy lost 845 killed, wounded and captured. Seventeen guns fell ... <b>him</b> two hundred wagons loaded with rations, the only commissary
E553 | "General Vogdes" intitle:Grant | total 1 | no Grant 13/14 hit
     Nywmdo_OyoMC The Papers of Ulysses S. Grant 2000 | ... <b>General Vogdes</b> for a Cadetship in 1874 — Since you know <b>General Vogdes</b> &#39; whole career as intimately as any can , it will be unnecessary to recall it — I hope you will find it eas
     TvOUC6rv0rAC The life and campaigns of General U.S. Grant, including an a 1868 | 
     pfpXMwEACAAJ General Grant: his life and times. Being an impartial record 1879 | 
     W79cAAAAcAAJ The Life of Ulysses S. Grant 1868 | 
E554 | "investigation can progress" intitle:Grant | total 3 | no Grant 13/14 hit
     3K7aAAAAMAAJ NSF Grant Policy Manual 1989 | ... <b>will</b> either recommend adop- tion of the findings in whole or in part or , normally within 30 days , initiate a new <b>investigation</b> . ( b ) When any satisfactory external <b>investigati
     1EA1yyyN_UMC Public Health Service Research Grant Programs 1955 | ... <b>Investigation</b> Grants Part IV . appropriations . Except in cases of misuse of ... <b>progress</b> to date ) , and must be received in time for appro- priate action ... <b>can</b> be properly
     KQlSAAAAMAAJ Superfund Technical Assistance Grant (TAG) Handbook 1994 | ... <b>PROGRESS</b> ACHIEVED : • Technical advisor completed review of the remedial <b>investigation</b> work plan ( 9 hours ) ... <b>will</b> review risk assessment report completed by EPA as part of
     -EYMxQEACAAJ The Criminal Investigation Process 1975 | 
E558 | "office at Yorktown" intitle:Grant | total 0 | no Grant 13/14 hit
E562 | "greatest rascal should escape" intitle:Grant | total 0 | no Grant 13/14 hit
E564 | "entirely out of pilots" intitle:Grant | total 8 | no Grant 13/14 hit
     k1fsCgAAQBAJ Memoirs of U. S. Grant 2015-11-17 | ... <b>pilot</b>-house which killed the <b>pilot</b>, carried away the wheel and wounded the flag-officer himself. The tiller-ropes ... <b>entirely out</b> of the control of the men on board. Of cours
     YAX9EQAAQBAJ Personal Memoirs of U. S. Grant 2026-08-02 | ... <b>pilot</b>-house which killed the <b>pilot</b>, carried away the wheel and wounded the flag-officer himself. The tiller-ropes ... <b>entirely out</b> of the control of the men on board. Of cours
     HrUtGM7b7coC Personal Memoirs of U. S. Grant. In Two Volumes 1885 | ... <b>pilot</b> - house which killed the <b>pilot</b> , carried away the wheel and wounded the flag - officer himself . The tiller ... <b>entirely out</b> of the control of the men on board . Of cour
     Vz_mEAAAQBAJ The Memoirs of U. S. Grant 2023-12-12 | ... <b>pilot</b>-house which killed the <b>pilot</b>, carried away the wheel and wounded the flag-officer himself. The tiller-ropes ... <b>entirely out</b> of the control of the men on board. Of cours
E566 | "First Mounted Rifles" intitle:Grant | total 10 | no Grant 13/14 hit
     5euuFDTkXacC The Papers of Ulysses S. Grant, Volume 12 1967 | ... <b>1st</b> New York <b>Mounted Rifles</b> , and any other troops under your command . Please report your action to the Department so as to keep up the record . &quot; ALS ( telegram sent ) , ibid 
     tbVcAAAAcAAJ Farragut and our Naval Commanders ... comprising the early l 1867 | ... <b>mounting rifle</b> guns , ranging from 32 to 80 pounders . Rowan also furnished Burnside with a naval battery , manned by sailors , which did good service in the battle- a quarter of the whole 
     F-wxAQAAMAAJ Biographical and Historical Memoirs of Pulaski, Jefferson, L 1889 | ... <b>First</b> Arkansas <b>Mounted Rifles</b> he was chosen sergeant - major , and was ap- pointed <b>first</b> lieutenant and also assigned as adju- tant of the same . He held this appointment unti
     6s72pN0I4mIC Grant and His Campaigns 1866 | ... <b>Mounted Rifles</b> , and lost his arm in Mexico ) commanded their right ; Major - General John Bowen ( a graduate of ... <b>first</b> by one , and then by another , brigade of Crocker&#39;s div
E569 | "want the room" intitle:Grant | total 5 | no Grant 13/14 hit
     dNV5JHrtHWAC Grant Me A Cloud 2006-06 | ... <b>room</b> service, then I <b>want</b> another hotel. I walked over to the table where the tray was laid and I thought of a bacon ... <b>room</b> didn&#39;t have one. Damn, these accommodations s
     AUfM-h3O-PsC Will Grant 2012-10-01 | ... <b>like room</b> . A large chandelier hung from the center of the domed ceiling . He found the <b>room</b> on his map , but it didn&#39;t give much detail about the smaller adjoining <b>rooms</b> 
     wKIJEQAAQBAJ The Man Who Wanted to Be Cary Grant 2024-06-21 | ... <b>room</b> suddenly went silent . We were wondering what just happened . We looked around and there was Douglas Fairbanks , dressed to the nines , just standing in the doorway . He was smiling th
     f-cKAAAAIAAJ University Colleges, Great Britain - Grant in Aid 1897 | ... <b>rooms</b> are somewhat unequal ; there is a <b>want</b> of more <b>rooms</b> , the large English classes having to be accommodated in the Medical School , and there would seem to be a <b>want</
E571 | "Glisson says he will send" intitle:Grant | total 2 | GRANT HIT DVLPEPsH1_oC,1D8fAQAAMAAJ
     DVLPEPsH1_oC The Papers of Ulysses S. Grant 1985 | ... <b>send it</b> back here US Grant Lt Genl . Telegram received , DNA , RG 107 , Telegrams Collected ( Unbound ) ; copies ... <b>Glisson says he will send</b> gun boats as de- sired , at once . Conv
     1D8fAQAAMAAJ The Papers of Ulysses S. Grant: February 21-April 30, 1865 1967 | ... <b>send it</b> back here US GRANT Lt Genl . Telegram received , DNA , RG 107 , Telegrams Collected ( Unbound ) ; copies ... <b>Glisson says he will send</b> gun boats as de- sired , at once . Conv
E574 | "go on board the boat on arrival" intitle:Grant | total 2 | no Grant 13/14 hit
     PWHDEAAAQBAJ Grant Invades Tennessee 2021-10-29 | ... <b>board</b> . ” Brown reported that his Mississippians “ stood like a stone wall &quot; in a semicircle around the <b>landing</b> ... <b>boat</b> if it was still present . The captain not surpris
     4uDIGQWEQVEC The Papers of Ulysses S. Grant, Volume 7 1967 | ... <b>went</b> through the first lock in the Canal all right . You said nothing in your letter to Col Allen about any altera- tions , or how you desired the <b>boats</b> fitted up , but I have ventur
E577 | "General Hartsuff" intitle:Grant | total 12 | GRANT HIT DVLPEPsH1_oC
     ub5cAAAAcAAJ Grant and Sherman; their campaigns and generals, etc 1865 | ... <b>General Hartsuff</b> went down severely wounded , and the white - haired Mans- field breathed out his gallant soul ; but still that white horse flitted unharmed through the smoke of battle . Wh
     DVLPEPsH1_oC The Papers of Ulysses S. Grant 1985 | ... <b>general</b> officer . This is the division now commanded by Brevet Brig . Genl . Harris who goes out of service . U. S. ... <b>Hartsuff</b> , born in N. Y. in 1830 , USMA 1852 , served on the s
     9GihziZx_ZMC Grant and Sherman; Their Campaigns and Generals 1866 | 
     W9Jl_MRVu0wC Grant and Sherman 1865 | Their Campaigns and <b>Generals</b> J. T. Headley. ANTIETAM . 369 maintained their respective positions , and then ... <b>General Hartsuff</b> went down severely wounded , and the white - haired Mans-
E506 | "steamers named in your dispatch" intitle:Grant | total 5 | no Grant 13/14 hit
     Dr6-E83jv9sC The Papers of Ulysses S. Grant 1967 | ... <b>your</b> orders by Telegraph I start <b>the Steamer</b> &#39; Illinois &#39; for Cairo in charge of Lt Laird 11th Mo Vol&#39;s . Capt Carpenter succeeded in identifying himself before <b>the</b
     4uDIGQWEQVEC The Papers of Ulysses S. Grant, Volume 7 1967 | ... <b>Steamer</b> Ruth with all possible <b>dispatch</b> to Vicksburg , Miss or until you can communicate in person with Maj Gen ... <b>mentioned</b> by you , unless sooner joined by them . In compli
     sty51KRVESIC The Papers of Ulysses S. Grant, Volume 5 1967 | ... <b>names</b> Shall be given you hereafter , and for obvious reasons — I make no Mention allusion to them or thier errand in my <b>dispatch</b> ... <b>Steamer</b> up White river . They will take wi
     5euuFDTkXacC The Papers of Ulysses S. Grant, Volume 12 1967 | ... <b>dispatch</b> received since mine was sent to you . Without abandoning <b>the</b> position now occupied by Meade I cannot rein ... <b>steamers</b> to get them to you without fatigue and make ano
E508 | "ten days coal" intitle:Grant | total 4 | GRANT HIT mnRjmhe3QLoC,ij8fAQAAMAAJ
     mnRjmhe3QLoC The Papers of Ulysses S. Grant 1985 | ... <b>coal</b> but will be , and now believe they have on board from thirteen to fifteen to <b>days coal</b> — The division commander ... <b>ten days</b> extra of Hard Bread— Plenty of <b>coal</b> &a
     ij8fAQAAMAAJ The Papers of Ulysses S. Grant: November 16, 1864-February 2 1967 | ... <b>coal</b> but will be , and now believe they have on board from thirteen to fifteen to <b>days coal</b> - The division commander ... <b>ten days</b> extra of Hard Bread- Plenty of <b>coal</b> &a
     iLsKAAAAIAAJ Statistics of Land-grant Colleges and Universities 1946 | ... <b>Ten days</b> later training had been completed and the train returned to deport the troops to an unknown destination . West Virginia : State and local vocational training officials through thei
     5N2D5Fp928MC The Papers of Ulysses S. Grant [v.9] 1982 | ... <b>ten days</b> rations and will draw liberally of meats &amp; corn of the country The coun- try is full of cavalry ... <b>coal</b> Barge to Cross the Command But today a ferry Boat Arrived &amp; 
E521 | "don't mention that I enquired" intitle:Grant | total 3 | no Grant 13/14 hit
     nv9l-4HdrzgC Evidence Recorded During Enquiry on the Grant of Protection  1932 | ... <b>say</b> , yes , because the firm that would get the contract , if they have not got enough , would immediately go to their friends who would make up the difference . After all , 500 tons is not
     gXqBTQmyK-0C Evidence Recorded During Enquiry Regarding the Grant of Prot 1928 | ... <b>say</b> , if another tea chest factory were to start , which would be the best situation from which hollock could be extracted ? Would there be any other suitable location as far as the supply 
     BCzcEAAAQBAJ Ross Grant, Tenderfoot 2023-10-04 | ... want to know all that you saw . &quot; Ross related the incident haltingly . &quot; Sandy <b>didn</b>&#39;<b>t</b> act as though he had ever seen you before . It was only Waymart , &quot; he said 
# requests 25
