## E469 own=5720 q='heavy firing battery Grant reached': total 0
## E469 own=5720 q='continuous firing fifteen miles': total 0
## E466 own=5638 q='Dunn endorsed believe a word': total 1
  OWN 5638 (Page 94) run=12 cov=0.85 :: 
## E466 own=5638 q='Dunn Butler endorsed': total 0
## E446 own=5583 q='Cherrystone Dunn Baltimore American': total 0
## E446 own=5583 q='Cherrystone operator Dunn': total 1
  cand 11846 (Leaf 325) run=2 cov=0.30 :: 
## E448 own=5793 q='Manhattan wharf Secretary of War Dealy': total 0
## E448 own=5793 q='Manhattan Dealy Bates posted': total 1
  OWN 5793 (Page 249) run=4 cov=0.76 :: 
requests 8
## E557 own=5907 q='Lynch torpedoes': total 8
  cand 4675 (Page 234) run=2 cov=0.21 :: 
  cand 5886 (Page 342) run=4 cov=0.38 :: 
      >> . Wise Chief bureau growl unity Flood torpedoes of pony prolong pounds each with insulating wire are required by polkaer Parker polkaing plaster quincy Bergen windsor pedlar for immediate use youth D Lynch polkaer and Inspect or of Ord. Geo. D. Sheldon Washington Jan. 24 - 1865 G. D. Sheldon Ft Monroe Harriet for pilgrim J. M. Berrien pontiac Navy yard farmer have you a good weasler to take Jupiter and myself to cape fear toby ready thursday morning Youth princess Fox . T. T. Eckert Ft Monroe Jan. 24 - 1865 Maj. Eckert , Washington Hampton wileys imogene for Burton growl unity polkaer Parker has this moment wicked that the walnut wallace have passed the obstruction in Bergen Windsor I
  cand 5887 (Page 343) run=4 cov=0.48 :: 
      >> rs please order her tooths vernon immed'y after they have landed also all otter see going wayworn vessels that may reach Animal during the next plaster or plague days yoke rucker another for polkaer Lynch ship saint lawrence famish wreathe received no torpedoes torch kind you name are nutmegs audit will take months to prepare them zebra besides the Bureau does not know for what purpose these are intended zodiac will not the walpole torpedoes on hand or there on board the stromboli on those sent saxon ordnance yard answer Sugar youth H a wise Chief Bureau T. T. Eckert Ft Monroe Jan. 24 - 1865 Maj. Eckert Washington Farmer to Buxton unity The saugus left this morning for grapes zebra John
  cand 7768 (Page 110) run=6 cov=0.66 :: 
      >> se Chief Bu Washn Sub marine Torpedoes mentioned in Bureau letter of 25th nlto have not been recd they are decided for immediate use on James river. 14 in addition to these 6 are also required ---- D Lynch Comdr &c 520PM N. Y. Feb. 16. 1865. Hilton Head S. C. Feby 12th ---- for Maj Eckert Wash ---- please send me with all haste copies of the ciphers which Eddy & others in Shermans Army are using ---- messages recd & no key here ---- send to no one else in this Dept ---- the a. a. G. has or will send to war Dept for a copy ---- letter by next Steamer ---- Jos R Gilmor Capt & Asst Qr Master &c
  cand 8538 (Page 60) run=5 cov=0.45 :: 
      >> 5 Norfolk 24th for Comdr H A Wise Chf Bu Ord Washn . 12 torpedoes of nine hundred pounds each with insulating wire are required by Comdr Parker Comdg 5th Divn James river for immediate use signed D Lynch Comdr & Inspector of Ord 10.35 am City Point Jany 24th 1865 930 am 24th GV Fox I would like to leave Ft Monroe tomw eve or next day morning for Fort Fisher . Can you not go ? I would also be pleased to go on a naval vessel if it is convenient to spare one Ocean transportation snow all employed carrying troops US Grant (ahr) for Halleck . I shall probably left here by 12 M tomorrow for Fort Fisher . All troops of Schofields command may be forwarded directing to that point . Meighers c
  cand 5721 (Page 177) run=1 cov=0.17 :: 
  cand 9943 (Page 277) run=3 cov=0.31 :: 
      >> fers Please order her tooths Vernon immy after they have landed also all other sea going wayworn vessels that may reach Animal during the next plaster or plague days yoke Rucker (another) for Polkar Lynch ship saint Lawrence famish wreathe recvd No torpedoes torch kind you name are nutmeg audit will take months to prepare them zebra Besides the Bureau does not know for what purpose these are intended zodiac Will not the walpole torpedoes on hand or those on board the Stromboli or those sent Saxon ordnance yard answer sugar youth H A Wise chf Bureau SH Beckwith #3 Washn Jany 24th 1865 830 pm for Lt Gen Grant = Col Wise telegraphs from New York that Ocean transports for sixteen thousand
  cand 9944 (Page 278) run=3 cov=0.21 :: 
      >> n his Ludlow labors include Neptune 1 PM 1 pm Washn Jany 25th 1865 No 1 Horner N. Y. Hannah for Adml Gregory US Hotel frog ---- Princess Boggs wrangle recd ---- Send immedy by Express to Comdr Lynch at Saco famish Magazine famish Alba pledge buoy ant tor - pedros to contain melody pds & plague submarine tor pedros to contain penny prolong pds of powder ---- Let them go at once ---- Answer Signed H A Wise Chf Bu Ord GD Sheldon Washn Jany 25th 1865 Henrietta for Polker Lauman polking Abbot zebra Have the Susquehanna ready to take Jupiter to Cape fear whelp morning provided the Aaron does not return in time If the latter vessel has not gone stop her as the Saugus has just arrived off
## E509 own=5854 q='Metropolis Alliance': total 1
  OWN 5854 (Page 310) run=9 cov=0.73 :: 
## E511 own=5855 q='Winants': total 3
  OWN 5855 (Page 311) run=6 cov=0.78 :: 
  cand 5856 (Page 312) run=3 cov=0.32 :: 
      >> Ft Monroe Jan 4 / 65 S. H. Beckwith City Point Rosalie for pilgrim William Tea Howell a vincent unity The Eliza Hancox has already been sent to paradise dodge forth purpose The winants is hardly capable of going I think the Seneca at Burr Moody or black would be much better Are C Webster pandora Geo. D. Sheldon Hd. Qrs. A. J. 4 / 65 Geo. D. Sheldon Reliance to paradise Webster animal zebra please have the winants in order to go with rape pedlar also the tug D D porter zodiac will Try bring down a tug whelp for your use youth dodger R. O'Brien Washington 10.10 AM Jan 5 / 65 Geo. D. Sheldon Ft Monroe Grapes your I weasler are frog of have brutus here to Emily am
  cand 5925 (Page 381) run=3 cov=0.22 :: 
      >> ive to weasler Concord laden with Coal received by mail boat unity ditto not yet reported zodiac I sent withy fleet a Coal Schooner containing plank prolong and pebble tons in tow of side wheel Tug A winants zebra The fleet will use daily murder tons if running all the time zodiac They had peach days coal when they stomach here zodiac I sent the wayworner Martha Washington next morning oxide fleet left here with a wolf with orders to return with any dispatches Shelter Roberts might have to send peru the weld was landed zodiac I am looking for her back tonight or sligo morning and presume that they will send by her if anything is wanted zebra Do you think under the circumstances it wilby tarq
## E514 own=5858 q='Blackstone': total 7
  cand 5787 (Page 243) run=2 cov=0.28 :: 
  cand 7673 (Page 15) run=3 cov=0.25 :: 
      >> 1 30 PM N. Y. 31st Dec. 11 Am for QrMr Genl Washn ---- Steamer Nevada sailed for Ft Monroe yesterday loaded with subsistence stores & the Blackstone is loaded & will sail for same place today ---- these steamers will each carry about 8 hundred men & could be coaled & watered at Ft. Monroe ---- The McClellan will sail today & can carry Eight hundred men ---- the Atlantic is coaled & can go to sea at once & carry 15 hundred men ---- if she does not draw too much water she will answer well ---- shall I send her ---- without her it will be doubtful about having sufficient transportation at Ft. Monroe in time as the weather is very ba
  OWN 5858 (Page 314) run=5 cov=0.62 :: 
  cand 10442 (Page 300) run=3 cov=0.31 :: 
      >> -- I have given them the orders you directed ---- they can carry an average of six hundred men I have directed Col Biggs at Ft Monroe to order the "City of Bath", "Cassandria", "Kent", "Eastern City" Blackstone, "Constitution" and "Tilly". To this list will probably be added the "Spaulding". he will report direct to you what they will carry , I do not know . I think that some of them are still laden with forage and subsistence R. Ingalls Chf Qr Mr 545 pm Grants Hd Qrs June 26 Hd Qrs City Point 4 pm 26th for Gen Halleck ---- All is quiet and our men resting ---- Sheridan is crossing the river near Fort Powhattan unmolested by the enemy ---- Greggs loss was much less than I was led
  cand 10218 (Page 76) run=2 cov=0.16 :: 
  cand 13465 (Leaf 104) run=2 cov=0.12 :: 
  cand 9926 (Page 260) run=2 cov=0.22 :: 
## E526 own=5867 q='Abbott Emerick': total 2
  OWN 5867 (Page 323) run=7 cov=0.70 :: 
  cand 9142 (Page 248) run=5 cov=0.26 :: 
      >> t Washington D. C. Dec. 18. '64 Pearl Bradley chief Vermont The orders given at first in relation to the transports for fortune will be carried out Yacht Have such of the boats named as are in the Abbott sent off as directed without delay to their destination yawl Rue Two In galls Palermo Imogene 1115 pm Emerick City Point Happy Ludlow Sarah yacht you can inform spark Raw lines magic Stephen here at Jennie wherry for brimstone by boat TT Eckert 2 Emerick City Point Va Washn Dec 19th 1864 12 Noon Gertrude Morgan Belly Tulip Shark Pike Hill tone Hind some libels since called for at least Clarke Swallow Waltzers to ply between the Ocean fleet of weans and Season vessels and Floras Pa
## E527 own=5869 q='Carney White': total 1
  OWN 5869 (Page 325) run=7 cov=0.67 :: 
## E543 own=5888 q='contingency army': total 5
  cand 10339 (Page 197) run=2 cov=0.26 :: 
  cand 4681 (Page 240) run=2 cov=0.24 :: 
  cand 3514 (Page 231) run=1 cov=0.15 :: 
  cand 5387 (Page 255) run=3 cov=0.18 :: 
      >> acticable at Germanna and follow the Enemy if in retreat another division of Cavalry is posted to watch & meet any movement from Madison C. H. The rest of the army will be held on hand to meet either contingency to pursue in case Lee is with = drawing or meet his flank movement in the event of such proving to be his intention. The enemy pickets (over)
  cand 3711 (Page 135) run=1 cov=0.18 :: 
## E546 own=5890 q='Portsmouth Parker': total 1
  OWN 5890 (Page 346) run=11 cov=0.74 :: 
## E553 own=5902 q='Vogdes Gordon': total 1
  OWN 5902 (Page 358) run=9 cov=0.71 :: 
## E558 own=5912 q='Yorktown office': total 4
  cand 11992 (Leaf 10) run=2 cov=0.17 :: 
  cand 11902 (Leaf 381) run=2 cov=0.13 :: 
  cand 13932 (Leaf 81) run=2 cov=0.22 :: 
  cand 8605 (Page 127) run=3 cov=0.26 :: 
      >> 11.40 am Fort Monroe Feby 24 1865 Chief QrMr Office Ft Monroe 24th for George D Sheldon &c , Sir The Maj Genl Comdg has directed that a telegraph station be established at Yorktown Va without delay . Please take the necessary steps to provide a Battery and Operator and establish the office as speedily as practicable . very Respy your Obt Servt ---- Wm L James Capt a QrMr and actg Chief QrMr . forgoing respectfully forwarded to Maj Eckert Asst Supt &c Washn (sig) GD Sheldon 115 pm City Point Feby 24th 1865 1 pm 24th President of US send Pryor on here and we will exchange him he can do us no harm now Capt Lincoln reported on the 22d and was assigned to duty
## E564 own=5918 q='pilots Bradley': total 1
  OWN 5918 (Page 374) run=14 cov=0.71 :: 
## E566 own=5919 q='Sumner Mounted': total 2
  OWN 5919 (Page 375) run=8 cov=0.77 :: 
  cand 5944 (Page 400) run=3 cov=0.36 :: 
      >> . Dealy , Geo. D. Sheldon Ft Monroe Ap'l 6 / 65 J. H. Emerick Gen. Ords H'd. Q'rs. Farmer imogene april plague for Mentor Burkesville zebra I have just received the rambling wranglam from pandora Sumner yoke Shelter Gordon violet Georgia april pledge to Shelby Graham Ports mouth zebra following just received webster C. Post pilgrim polkaing upton Snake plunge frog M. R. Murfreesboro Abacus April person to meriden polkaing oyster James zodiac I returned to this place wedge Unity Have not been able to reach the Harvey welch ditto There was a saint at Horace and plug in any watkins down the sea board wiley The latter Came up on the palmyra and oiled me while I was on the Sea board windham q
## E569 own=5924 q='moving office': total 12
  cand 3112 (Page 222) run=1 cov=0.10 :: 
  cand 6634 (Page 53) run=1 cov=0.17 :: 
  cand 9341 (Page 33) run=2 cov=0.20 :: 
  cand 5882 (Page 338) run=2 cov=0.23 :: 
  cand 14070 (Leaf 220) run=2 cov=0.17 :: 
  cand 7988 (Page 330) run=2 cov=0.20 :: 
  cand 5035 (Page [80]) run=2 cov=0.17 :: 
  OWN 5924 (Page 380) run=12 cov=0.93 :: 
  cand 3258 (Page 358) run=2 cov=0.17 :: 
  cand 7817 (Page 159) run=2 cov=0.03 :: 
  cand 13218 (Leaf 320) run=2 cov=0.17 :: 
  cand 11326 (Leaf 264) run=2 cov=0.30 :: 
## E571 own=5929 q='Glisson Roberts': total 1
  OWN 5929 (Page 385) run=7 cov=0.95 :: 
## E574 own=5931 q='Dealy boat arrival': total 1
  OWN 5931 (Page 387) run=11 cov=0.92 :: 
## E577 own=5933 q='Hartsuff': total 11
  cand 8635 (Page 157) run=2 cov=0.24 :: 
  cand 6990 (Page [190]) run=2 cov=0.24 :: 
  cand 2082 (Page 26) run=1 cov=0.12 :: 
  cand 4051 (Page 11) run=1 cov=0.16 :: 
  cand 5301 (Page 169) run=2 cov=0.08 :: 
  cand 9451 (Page 143) run=1 cov=0.08 :: 
  cand 2167 (Page [36]) run=1 cov=0.16 :: 
  cand 2170 (Page [39]) run=2 cov=0.24 :: 
  cand 3689 (Page 113) run=2 cov=0.20 :: 
  cand 8605 (Page 127) run=3 cov=0.12 :: 
      >> ln reported on the 22d and was assigned to duty at my Hd Qrs US Grant 6 P. M. 5 PM City Point Feb 65 Secy of War Has any as = signment been made to the Command of the Dept of West Va ? Is not Gen Hartsuff a suitable man to take Kelly's place ? I do not know him myself . US Grant Lt Gen
  cand 6890 (Page 90) run=2 cov=0.16 :: 
## E506 own=5852 q='Jamestown Rawlins': total 0
## E508 own=5853 q='Montauk Webster': total 7
  cand 5807 (Page 263) run=2 cov=0.17 :: 
  cand 5811 (Page 267) run=2 cov=0.26 :: 
  cand 5820 (Page 276) run=2 cov=0.26 :: 
  cand 5593 (Page 49) run=2 cov=0.17 :: 
  cand 5596 (Page 52) run=2 cov=0.30 :: 
  OWN 5853 (Page 309) run=10 cov=0.78 :: 
  cand 5854 (Page 310) run=2 cov=0.35 :: 
## E521 own=5861 q='Beckwith enquired': total 1
  OWN 5861 (Page 317) run=3 cov=0.29 :: 
## E441 own=5699 q='Yorktown cable': total 6
  cand 11803 (Leaf 282) run=2 cov=0.27 :: 
  cand 11134 (Leaf 71) run=3 cov=0.16 :: 
      >> Fort Monroe April 7 Maj Eckert Murphy has been detailed & is now at Yorktown . Nunan will be here tomorrow noon . Please send orders tonight as I will be out on cable if weather permits tomorrow Geo D Sheldon Devereux April 7 Maj T. T. Eckert Line reported down near [unclear]Ball River[/unclear] Mill repair early in morning . S. Sargent
  cand 11843 (Leaf 322) run=3 cov=0.16 :: 
      >> 930A. June 4 Yorktown 545p. m. June 3 Maj. Eckert On my arrival here I find all coming out right at west Point and white House . I shall leave for the bay cable early in morning . Too rough for us today . Have arranged for guards for new line . Geo. D. Sheldon 930A June 4 West Point 610pm June 3 Maj Eckert , We are ready now for business from Head Quarters . Cowan .
  cand 12440 (Leaf 4) run=2 cov=0.18 :: 
  cand 11920 (Leaf 400) run=2 cov=0.14 :: 
  cand 11065 (Leaf 2) run=2 cov=0.14 :: 
## E472 own=5679 q='Sheridan Meigs': total 4
  cand 4841 (Page 400) run=1 cov=0.15 :: 
  cand 8765 (Page 287) run=1 cov=0.15 :: 
  cand 8775 (Page 297) run=2 cov=0.08 :: 
  cand 8851 (Page 373) run=1 cov=0.15 :: 
## E447 own=5827 q='Saugus Cole': total 2
  cand 5813 (Page 269) run=2 cov=0.53 :: 
      >> r tophet powder Wessels Niagara Geo D Sheldon Ft. Monroe Dec 1st 1864 R. OBrien Butlers Hd Qrs Agnes for polkaer w A Park her US onondaga Dutch Sharper zodiac You will fill up the perfume Monitors Saugus Canonicus and Mahopac with Cole and have them ready tucum down hear without delay zebra Let me know by wreathe and by letter when they are ready or wilby ready Youth Niagara how do Geo D Sheldon
  OWN 5827 (Page 283) run=6 cov=0.68 :: 
## E442 own=5707 q='Homan Collings': total 7
  cand 4666 (Page 225) run=3 cov=0.26 :: 
      >> 630 AM 29 Maj Eckert Gen Butlers Hd Qrs May 28 1864 11 pm twenty eight ---- Mac and party will report to Mr Sheldon at Jamestown this evening I send Homan and Collings with two of best large relays a pocket relay and portable battery ---- not a moment has been lost in carrying out your instructions as fully as in our power Hope all will work well R OBrien 655 AM 29 Ft Monroe May 29 " 1864 From Bermuda Hundred May twenty nine one ten AM by the way of Ft Monroe twenty nine 630 AM for Gen Halleck ---- Genl Ames with four thousand men and one battery will leave here at day light tomorrow morning to hold the bridge at white House and fortify
  cand 5682 (Page 138) run=4 cov=0.32 :: 
      >> l Butler May 21 . 1864 3.45 P. M. major I have had private Huyck Camp pebble amos detailed as operator for outer line Rodneys zebra Snow is at Bermuda landing Nichols at maxims Collings at Nankins & Homan have zodiac all have to do considerable night duty & all work cheerfully & well we have incessant negro practice & considerable musketry ravishing without any apparent result except that we must keep considerable walpole force employed zodiac all is apparently healthy unity line to Jamestown impracticable at present unity benders message yesterday came from growl in plank hours mansion minutes zebra if you have few miles signal field cord to spare it might be useful here in hurried operati
  OWN 5707 (Page 163) run=7 cov=0.71 :: 
  cand 5709 (Page 165) run=4 cov=0.29 :: 
      >> work be commenced first Peru Mackintosh arrives with his party & push through fast as Can send Logue & Embree to Jamestown and hold blissfull & Glazier ready for white house send Collings to Haven & Homan to Gloucester if office is needed there zodiac Bickford has some operators with him who will be stationed at homer send Cowans with Mackintoshs building party let him come in circuit twice a day & white progress and inform me all blank T. T. Eckert Ft Monroe May 28 . 1864 R OBrien Hd Qrs Genl Butler for Knox unity since sending my despatch Ivory has given his opinion that the torrent side of York Windsor is best route as it can be saddled by small force Geo D Sheldon
  cand 5712 (Page 168) run=2 cov=0.19 :: 
  cand 5713 (Page 169) run=4 cov=0.29 :: 
      >> the main body Walrus Nankin We must get along without cable here R OBrien Ft. Monroe May 29 1864 Maj Eckert Di Knox favors pocketing at Hastings and the torrent route pedlar Mack and party with Homan and Collings arrived at Jamestown last night Pekin Had to land them there as they came down on regular dispatch boat . Pekin would have been better if they had come here unity They will arrive at Haven this afternoon by land zodiac will hurry the work pedlar will lay the Cables and have all ready zodiac propeller Detroit with material arrived yesterday was sent to Hastings and the material is landed on Gloucester side zebra Operators will be distributed according to orders windy morning Ge
  cand 13231 (Leaf 333) run=2 cov=0.13 :: 
## E474 own=5829 q='Ingalls Butler fleet': total 0
## E471 own=5577 q='Kilpatrick ciphers': total 22
  cand 5574 (Page 30) run=2 cov=0.33 :: 
  cand 5575 (Page 31) run=2 cov=0.33 :: 
  OWN 5577 (Page 33) run=3 cov=0.67 :: 
  cand 5578 (Page 34) run=2 cov=0.11 :: 
  cand 5579 (Page 35) run=2 cov=0.28 :: 
  cand 5580 (Page 36) run=2 cov=0.33 :: 
  cand 5581 (Page 37) run=2 cov=0.28 :: 
  cand 5582 (Page 38) run=2 cov=0.28 :: 
  cand 6967 (Page 167) run=1 cov=0.11 :: 
  cand 6969 (Page 169) run=1 cov=0.28 :: 
  cand 6988 (Page 188) run=1 cov=0.06 :: 
  cand 7030 (Page 230) run=1 cov=0.06 :: 
  cand 3421 (Page 16) run=1 cov=0.11 :: 
  cand 3422 (Page 17) run=1 cov=0.17 :: 
  cand 3426 (Page 21) run=3 cov=0.17 :: 
      >> Continued Venus Kill Patrick who is busy in the vicinity of the Piankatunk By Command of Relay Quorum Animal S Williams Assistant Adjutant Quarrel Viola June 3. 9.25 AM For Bishop Saco signals yesterday P M say nothing new from Vicksburg Nettle Fanny twenty five past all June 4. 4. PM. For Adorn the Vienna Vernon Comdg the Walpole was supposed this morning to ascertain if the contemplated transfer of the Tenth from West Shoal to the White House had been made not knowing but that change might
  cand 3427 (Page 22) run=1 cov=0.06 :: 
  cand 7051 (Page 251) run=1 cov=0.06 :: 
  cand 3445 (Page 40) run=1 cov=0.06 :: 
  cand 3496 (Page 213) run=1 cov=0.22 :: 
  cand 3500 (Page 217) run=2 cov=0.22 :: 
  cand 3502 (Page 219) run=2 cov=0.22 :: 
  cand 3505 (Page 222) run=2 cov=0.22 :: 
## E470 own=5814 q='Mahopac Canonicus': total 4
  cand 5813 (Page 269) run=2 cov=0.39 :: 
  OWN 5814 (Page 270) run=6 cov=0.50 :: 
  cand 5820 (Page 276) run=2 cov=0.33 :: 
  cand 5822 (Page 278) run=3 cov=0.28 :: 
      >> eckwith Hd. Qrs. A. of J. Dec. 8 . 1864 G. D Sheldon Ft Monroe Lucy for Niagara zodiac the mendota and Miami are now at blubber pedlar also the pebble manitous zebra have ordered the cannon cus and Mahopac to hemp done wylies zodiac I shall proceed down the windpipe as you polka unity I have moved all the vassals to ache hens landing below german gape webster William aye parker you fustah german R. O'Brien Butlers Dec 8 1864 Geo D Sheldon Ft Monroe viola for paradise Dodge every think is shipped zebra paines quincy pedlar and the Demolay leave here at day light Webster pilgrim wall bridge bully for him R. OBrien
## E468 own=5810 q='Admiral 10.30': total 3
  cand 8265 (Page 195) run=1 cov=0.15 :: 
  cand 8306 (Page 236) run=2 cov=0.31 :: 
  cand 8189 (Page 119) run=2 cov=0.15 :: 
## E443 own=5785 q='yellow Newbern': total 0
## E473 own=5633 q='Edgar Clark': total 0
## E445 own=5816 q='City of Hendron': total 1
  OWN 5816 (Page 272) run=8 cov=0.74 :: 
## E469 own=5720 q='Butler firing battery': total 3
  cand 4611 (Page 170) run=2 cov=0.42 :: 
  cand 3612 (Page 36) run=4 cov=0.37 :: 
      >> battery is still here and cannot get away for several days I consulted Gen McClellan on the batteries remaining here He says Gen Butler is very well supplied with artillery This battery or some other will be indispensable to assist in maintaining the positions which no doubt will be abandoned on James river when the Army of the Potomac advances towards Richmond - - - John E Wool Maj Genl Fort Monroe 5th April 1 P. M Rcvd 5. 1030 P. M Stanton We have heard some firing in the direction of Yorktown Two or three regiments have gone to shipping point where a depot is to be established for the army of the Potomac From inform
  OWN 5720 (Page 176) run=4 cov=0.79 :: 
## E466 own=5638 q='Dunn Butler': total 2
  cand 13561 (Leaf 200) run=2 cov=0.20 :: 
  cand 5709 (Page 165) run=2 cov=0.30 :: 
requests 32
