volumes 187 entries 43
== E509 (5854) warofrebellion013403rootrich run 6w; warofrebellion463unit run 5w; warofrebellion461unit run 5w; warofrebellion422unit run 5w
      warofrebellion013403rootrich 6 :: have been ordered to send the
      warofrebellion463unit 5 :: i have been ordered to
== E511 (5855) warofrebellion44unit run 5w; warofrebellion432unit run 5w; warofrebellion414unit run 5w; warofrebellion403unit run 5w
      warofrebellion44unit 5 :: will be required to be
      warofrebellion432unit 5 :: will be required to be
== E514 (5858) warofrebellion44unit run 5w; warofrebellion403unit run 5w; warofrebellion372unit run 5w; warofrebellion361unit run 5w
      warofrebellion44unit 5 :: over to the medical department
      warofrebellion403unit 5 :: can be dispensed with and
== E518 (5864) warofrebellion463unit run 5w; warofrebellion402unit run 5w; warofrebellion384unit run 5w; warofrebellion363unit run 5w
      warofrebellion463unit 5 :: please inform me if gen
      warofrebellion402unit 5 :: correspondent of the new york
== E526 (5867) no volume with a run >= 5 words
== E527 (5869) warofrebellion452unit run 6w; warofrebellion44unit run 6w; warofrebellion431unit run 6w; warofrebellion352unit run 6w
      warofrebellion452unit 6 :: forwarded to the war department for
      warofrebellion44unit 6 :: forwarded to the war department for
== E542 (5887) no volume with a run >= 5 words
== E543 (5888) warofrebellion014602rootrich run 17w; warofrebellion431unit run 5w; privateofficialc04butl run 5w
      warofrebellion014602rootrich 17 :: tomorrow to be absent several days i wish you to return to your headquarters in the field
      warofrebellion431unit 5 :: hand to take charge of
== E546 (5890) no volume with a run >= 5 words
== E548 (5895) warofrebellion423unit run 5w; warofrebellion371unit run 5w
      warofrebellion423unit 5 :: the time of leaving and
      warofrebellion371unit 5 :: the time of leaving and
== E550 (5897) no volume with a run >= 5 words
== E553 (5902) warofrebellion463unit run 6w; warofrebellion44unit run 6w; warofrebellion432unit run 6w; warofrebellion431unit_0 run 6w
      warofrebellion463unit 6 :: i would respectfully suggest that the
      warofrebellion44unit 6 :: i would respectfully suggest that the
== E554 (5902) warofrebellion422unit run 5w
      warofrebellion422unit 5 :: the command for the present
== E558 (5912) privateofficialc04butl run 5w
      privateofficialc04butl 5 :: the one at yorktown is
== E562 (5917) no volume with a run >= 5 words
== E564 (5918) no volume with a run >= 5 words
== E566 (5919) warofrebellion014602rootrich run 5w
      warofrebellion014602rootrich 5 :: was ordered to join my
== E569 (5924) calendarorleters0003vari run 5w
      calendarorleters0003vari 5 :: be at the instigation of
== E571 (5929) no volume with a run >= 5 words
== E574 (5931) no volume with a run >= 5 words
== E577 (5933) warofrebellion463unit run 5w; warofrebellion452unit run 5w; warofrebellion44unit run 5w; warofrebellion432unit run 5w
      warofrebellion463unit 5 :: continue in command of the
      warofrebellion452unit 5 :: command of the district of
== E506 (5852) warofrebellion414unit run 5w
      warofrebellion414unit 5 :: named in your dispatch have
== E508 (5853) no volume with a run >= 5 words
== E521 (5861) no volume with a run >= 5 words
== E441 (5699) warofrebellion423unit run 5w; warofrebellion322unit run 5w
      warofrebellion423unit 5 :: the general in chief s
      warofrebellion322unit 5 :: the general in chief s
== E472 (5679) no volume with a run >= 5 words
== E465 (5768) no volume with a run >= 5 words
== E447 (5827) warofrebellion414unit run 5w
      warofrebellion414unit 5 :: city point telegram just received
== E442 (5707) no volume with a run >= 5 words
== E474 (5829) no volume with a run >= 5 words
== E471 (5577) no volume with a run >= 5 words
== E470 (5814) no volume with a run >= 5 words
== E468 (5810) warofrebellion423unit run 6w; privateofficialc05butl run 6w
      warofrebellion423unit 6 :: and the admiral there at pm
      privateofficialc05butl 6 :: and the admiral there at pm
== E443 (5785) warofrebellion463unit run 7w; warofrebellion431unit run 5w; warofrebellion393unit run 5w; warofrebellion384unit run 5w
      warofrebellion463unit 7 :: i have thought best to notify you
      warofrebellion431unit 5 :: i have thought best to
== E473 (5633) no volume with a run >= 5 words
== E445 (5816) no volume with a run >= 5 words
== E469 (5720) warofrebellion362unit run 6w; williamhsewardau03sewa run 5w; warofrebellion463unit run 5w; warofrebellion432unit run 5w
      warofrebellion362unit 6 :: here in the direction of the
      williamhsewardau03sewa 5 :: in the direction of the
== E466 (5638) no volume with a run >= 5 words
== E446 (5583) warofrebellion423unit run 6w; warofrebellion363unit run 5w
      warofrebellion423unit 6 :: general butler desires to know if
      warofrebellion363unit 5 :: general butler desires to know
== E448 (5793) warofrebellion352unit run 6w; williamhsewardau03sewa run 5w; warofrebellion463unit run 5w; warofrebellion452unit run 5w
      warofrebellion352unit 6 :: with the secretary of war on
      williamhsewardau03sewa 5 :: secretary of war on board
== E552 (5899) no volume with a run >= 5 words
== E557 (5907) warofrebellion403unit run 6w
      warofrebellion403unit 6 :: have not been received they are
== E549 (5896) warofrebellion371unit run 5w; officialrecordso0021unse run 5w
      warofrebellion371unit 5 :: refers the matter to you
      officialrecordso0021unse 5 :: refers the matter to you
