E500	"Baltic" anchor chain expedition Newport	NO HIT (total 0)
E500	"anchor and chain" steamer Baltic	NO HIT (total 0)
E505	steamers "coaled and loaded" rations Howell	NO HIT (total 0)
E505	Webster Howell steamers capacity coaled	NO HIT (total 0)
E506	Rawlins steamers "Jamestown" started	NO HIT (total 0)
E506	Beckwith Sheldon Rawlins Jamestown steamers	NO HIT (total 0)
E508	"C. C. Leary" City Point ten days coal	NO HIT (total 0)
E508	Leary Montauk Howell	NO HIT (total 0)
E509	"C. C. Leary" Bendford Montauk Metropolis	NO HIT (total 0)
E509	Bendford Alliance Metropolis hospital boat	NO HIT (total 0)
E511	"Eliza Hancox" Winants light-draft	NO HIT (total 0)
E511	Winants "Eliza Hancox"	NO HIT (total 0)
E513	Binney paymaster Brice Butler second expedition	NO HIT (total 0)
E513	"not mustered" 31 December Binney	NO HIT (total 0)
E514	Blackstone Leary 350 troops no transportation	NO HIT (total 0)
E514	Beckwith Sheldon 350 troops river steamer Blackstone	NO HIT (total 0)
E515	Ariel Victor Illinois "Sedgwick" Baltic Newport	NO HIT (total 0)
E515	"Gen. Sedgwick" Baltic Ariel Victor Illinois	NO HIT (total 0)
E517	Baltic countermanded Monroe embark troops Newport	NO HIT (total 0)
E517	Baltic "ordered to Monroe"	NO HIT (total 0)
E518	"Elias Smith" Tribune correspondent expedition	NO HIT (total 0)
E518	Elias Smith Tribune Ingalls Monroe	NO HIT (total 0)
E521	Beckwith "has left Monroe" Butler "don't mention"	NO HIT (total 0)
E521	Rawlins enquired Butler left Monroe bound	NO HIT (total 0)
E525	Baltic left for Monroe countermanded Newport coal Annapolis	NO HIT (total 0)
E525	Baltic "return her to Annapolis"	NO HIT (total 0)
E526	Emerick Ingalls forage vessels Abbott James	NO HIT (total 0)
E526	General Abbott no troops arrived Monroe forage	NO HIT (total 0)
E527	Carney "negro affairs" Eastville Butler relieved resign	NO HIT (total 0)
E527	Whiting Eastville Carney Norfolk resign	NO HIT (total 0)
E528	Ariel "General Sedgwick" arrived Baltimore troops Ingalls forage	NO HIT (total 0)
E528	Ingalls "no forage vessels" James	NO HIT (total 0)
E529	Ericsson Puritan shaft blockade runner Niagara Beaufort	NO HIT (total 0)
E529	Puritan shaft Ericsson Department approbation	NO HIT (total 0)
E536	Fort Fisher "New Inlet" Terry Tribune Dana Sheldon	NO HIT (total 0)
E536	Dana Eckert Tribune correspondent Fort Fisher surrendered Terry	NO HIT (total 0)
E537	Mulford flag-of-truce Varina Blair Ord	v13 mnRjmhe3QLoC	cov 5/6	... <b>Flag of Truce</b> Steamer is now in James River . If Mr. <b>Blair</b> arrives during its stay I can send him through to ... <b>Ord</b> . &quot; Please notify Col. Mul- <b>ford</b> on Steamer New York to remain at <b>Varina</b> until Mr. <b>Blair</b> arrives and is passed&nbsp;...
E537	"Varina" Blair Mulford flag of truce Ord	v13 mnRjmhe3QLoC	cov 4/6	... <b>Flag of Truce</b> Steamer is now in James River . If Mr. <b>Blair</b> arrives during its stay I can send him through to ... <b>Varina</b> until Mr. <b>Blair</b> arrives and is passed through the lines . &quot; ALS ( telegram sent ) , DNA , RG 107 , Telegrams&nbsp;...
E539	Lynch "St. Lawrence" Phlox torpedoes 900 pounds	NO HIT (total 0)
E539	Parker torpedoes insulating wire Phlox	NO HIT (total 0)
E541	Nevada Monroe recruits City Point Webster steamer	NO HIT (total 0)
E541	steamer Nevada recruits Webster Monroe	NO HIT (total 0)
E542	Saugus Washington Grant needs her at once Berrien	NO HIT (total 0)
E542	Saugus half way turn her back Secretary of the Navy	NO HIT (total 0)
E543	Ord "return to your headquarters in the field" contingency	NO HIT (total 0)
E543	Ord absent several days charge army operations	NO HIT (total 0)
E544	Palmer Newbern "6000 men" report	v13 mnRjmhe3QLoC	cov 2/5	... <b>report</b> to and receive orders from Gen. Ord . &quot; ALS ( telegram sent ) , OC1WHi ; copies , DLC - USG , V , 46 , 72 ... Palmer ( Cipher ) City Point , Va , Jan. 26th 1865 [ 10:30 a.m. ] Brig . Gen . I. N. <b>Palmer</b> , <b>New Bern</b> N. C. All&nbsp;...
E544	Palmer Newbern "6000 men" report	v13 ij8fAQAAMAAJ	cov 2/5	... <b>report</b> to and receive orders from Gen. Ord . &quot; ALS ( telegram sent ) , OCIWHi ; copies , DLC - USG , V , 46 , 72 ... Palmer City Point , Va , Jan. 26th 1865 [ 10:30 Α.Μ. ] BRIG . GEN . I. N. <b>PALMER</b> , <b>NEW BERN</b> N. C. All asked for by you has&nbsp;...
E544	"not less than 6000 men" Newbern Palmer	v13 mnRjmhe3QLoC	cov 5/6	... <b>Palmer</b> ( Cipher ) City Point , Va , Jan. 26th 1865 [ 10:30 a.m. ] Brig . Gen . I. N. <b>Palmer</b> , <b>New Bern</b> N. C. All asked for by you has been ordered . <b>Not less than 6000 men</b> ... O.R. , I , xlvi , part 2 , 271 . On Jan. 20 , 1865 , Brig . Gen&nbsp;...
E544	"not less than 6000 men" Newbern Palmer	v13 ij8fAQAAMAAJ	cov 5/6	... <b>not</b> avail him self of it at present.1 U. S. GRANT Lt. Gn ALS ( telegram sent ) ... <b>Palmer</b> City Point , Va , Jan. 26th 1865 [ 10:30 Α.Μ. ] BRIG . GEN . I. N. <b>PALMER</b> , <b>NEW BERN</b> N. C. All asked for by you has been ordered . <b>Not less than 6000 men</b>&nbsp;...
E545	Schofield one battery each division Boyd Willards	NO HIT (total 0)
E545	Schofield "one battery with each division"	v13 mnRjmhe3QLoC	cov 3/5	... <b>batteries</b> of <b>Schofields</b> Corps be left behind . I think however it may be advisable for him to bring two companies of Artillerests to <b>each Division</b> to be fitted up here if necessary . &quot; ALS ( telegram sent ) , Mitten Collection , InHi&nbsp;...
E546	Foster Willards ship ordered Portsmouth New Hampshire detached Parker	NO HIT (total 0)
E546	Portsmouth New Hampshire detached executive officer Parker ship	NO HIT (total 0)
E548	President Annapolis Point Lookout boat leaving cipher Bates Eckert	NO HIT (total 0)
E548	"Point Lookout" President Annapolis boat passes Bates	NO HIT (total 0)
E549	Stager cipher operator Schofield construction corps North Carolina	NO HIT (total 0)
E549	Schofield "cipher operator" Stager construction corps	NO HIT (total 0)
E550	Blodget Annapolis Schofield despatches Sherman Anderson	NO HIT (total 0)
E550	Jay F. Anderson Schofield Annapolis Sherman despatches	NO HIT (total 0)
E551	Rhode Island patrol Cape Henry Cape Fear River vessels Fort Fisher	NO HIT (total 0)
E551	"Cape Henry" "Cape Fear" patrol Rhode Island Roads	NO HIT (total 0)
E552	Dumbarton Cambridge ready James River vessel Navy	NO HIT (total 0)
E552	Dumbarton "up the James River" Cambridge Tuesday	NO HIT (total 0)
E553	Vogdes Eastern District Commission command Emerick Ord	NO HIT (total 0)
E553	Vogdes "Eastern District" investigation Ord	NO HIT (total 0)
E554	Gordon "take the command for the present" Vogdes	NO HIT (total 0)
E554	Gordon Vogdes investigation Ord command district	NO HIT (total 0)
E555	Rucker battery 440 horses Schofield Meagher division	NO HIT (total 0)
E555	Rucker Meagher 23rd Corps 10,000 men horses	NO HIT (total 0)
E557	torpedoes Wise Bureau of Ordnance James River not received	NO HIT (total 0)
E557	Wise ordnance submarine torpedoes immediate use James	NO HIT (total 0)
E558	Ord office Yorktown operators Quartermaster Monroe	NO HIT (total 0)
E558	Yorktown telegraph office Ord operators Eckert	NO HIT (total 0)
E560	Yorktown telegraph station battery operator Chief Quartermaster Monroe	NO HIT (total 0)
E560	Yorktown station "without delay" battery operator	NO HIT (total 0)
E562	Washburne Johnson "state's evidence" Committee of Commerce	NO HIT (total 0)
E562	Johnson rascal Washburne under guard Monroe	NO HIT (total 0)
E564	"out of pilots" monitors James River James	NO HIT (total 0)
E564	pilots monitors up James River Bradley Chief Quartermaster	NO HIT (total 0)
E565	scout Roberts 139th New York Bowers	v14 DVLPEPsH1_oC	cov 4/6	... <b>Roberts</b> , <b>139th N. Y.</b> , telegraphed to Lt. Col. Theodore S. <b>Bowers</b> . &quot; I cannot find the <b>Scout</b> that was to report to me this morning . Will be ready to proceed in two hours . Shall I go without him ? &quot; Telegram received ( at 11:30 A.m. )&nbsp;...
E565	scout Roberts 139th New York Bowers	v14 1D8fAQAAMAAJ	cov 4/6	... <b>Roberts</b> , <b>139th N. Y.</b> , telegraphed to Lt. Col. Theodore S. <b>Bowers</b> . &quot; I cannot find the <b>Scout</b> that was to report to me this morning . Will be ready to proceed in two hours . Shall I go without him ? &quot; Telegram received ( at 11:30 A.M. )&nbsp;...
E565	Roberts "139th New York" scout Bowers	v14 DVLPEPsH1_oC	cov 4/6	... <b>Roberts</b> , <b>139th N. Y.</b> , telegraphed to Lt. Col. Theodore S. <b>Bowers</b> . &quot; I cannot find the <b>Scout</b> that was to report to me this morning . Will be ready to proceed in two hours . Shall I go without him ? &quot; Telegram received ( at 11:30 A.m. )&nbsp;...
E565	Roberts "139th New York" scout Bowers	v14 1D8fAQAAMAAJ	cov 4/6	... <b>Roberts</b> , <b>139th N. Y.</b> , telegraphed to Lt. Col. Theodore S. <b>Bowers</b> . &quot; I cannot find the <b>Scout</b> that was to report to me this morning . Will be ready to proceed in two hours . Shall I go without him ? &quot; Telegram received ( at 11:30 A.M. )&nbsp;...
E566	Sumner "Mounted Rifles" Turner Army of the James	NO HIT (total 0)
E566	E. V. Sumner First Mounted Rifles Turner	NO HIT (total 0)
E567	Schofield engines flat cars Wright Newbern	NO HIT (total 0)
E567	Wright engines flat cars Schofield Newbern	NO HIT (total 0)
E568	Schofield line Fort Fisher Wilmington double line Goldsboro Eckert	NO HIT (total 0)
E568	double line Goldsboro Wilmington Schofield telegraph	NO HIT (total 3)
E569	moving office Mrs. Ord Sheldon Eckert	NO HIT (total 0)
E569	Monroe telegraph office Mrs. Ord move	NO HIT (total 0)
E571	Glisson gunboat convoy Roberts Babcock	NO HIT (total 0)
E571	Glisson convoy Rawlins Beckwith gunboat	NO HIT (total 0)
E572	Champion Wilmington Sherman Fayetteville	NO HIT (total 0)
E572	steamship Champion Fayetteville Sherman Wilmington	NO HIT (total 0)
E573	Hurlbut Charleston James River Montauk Kinston Glisson	NO HIT (total 0)
E573	Kinston Hurlbut Montauk Glisson	NO HIT (total 0)
E574	Stanton left 1 P.M. City Point Fortress Monroe 11 P.M. Dealy	NO HIT (total 0)
E574	Eckert Sheldon Dealy Secretary of War arrive Fortress Monroe	NO HIT (total 0)
E575	Gordon gunboats Suffolk Nansemond cavalry land	NO HIT (total 0)
E575	Nansemond cavalry gunboats Suffolk Gordon Beckwith	NO HIT (total 0)
E576	Gordon guide Boyle Blackwater bridging Ord	NO HIT (total 0)
E576	Blackwater crossed Boyle guide Gordon	NO HIT (total 0)
E577	Abbot Gordon command district East Virginia Stanton	NO HIT (total 0)
E577	Gordon continue command district Abbot order Emerick	NO HIT (total 0)
# requests 102
