volumes searched: 177
F1 5867/0 | Robie and Cosgrove | none
F1 5867/0 | edges of these cracks | none
F1 5867/0 | brass bearings | none
F1 5867/0 | danger of a break down | none
F1 5867/0 | blowing gale tonight | none
F1 5867/0 | main journal | none
F2 5868/0 | got off for Monroe before I could countermand | none
F2 5868/0 | let me know what orders you give her | none
F2 5868/0 | she had better coal there and return to Annapolis | none
F2 5868/0 | impossible for her to come up here | none
F3 5867/2 | no other vessels of forage here | none
F3 5867/2 | have not seen General Abbott | none
F3 5867/2 | Emerick City Point | none
F3 5867/2 | arrived nor sailed | none
F4 5869/1 | Carney Superintendent Negro affairs | none
F4 5869/1 | George J Carney | warofrebellion33unit
F4 5869/1 | Frank J White | privateofficialc05butl,warofrebellion33unit,warofrebellion422unit,warofrebellion423unit
F4 5869/1 | Janeway | despatchesinstru00fran,warofrebellion33unit,warofrebellion361unit,warofrebellion402unit,warofrebellion423unit,warofrebellion432unit
F5 5870/0 | Ariel and General Sedgwick have arrived from Baltimore | none
F5 5870/0 | I do not know what others are to come nor any reason for delay | none
F5 5870/0 | no forage vessels since | none
F6 5871/0 | Ericsson writes he has Departments approbation | none
F6 5871/0 | Shall I get ours out | none
F6 5871/0 | buoys lighted weather here favorable | none
F6 5871/0 | Niagara and Pawnee to leave | none
F7 5871/1 | have sailed in perfect order | none
F7 5871/1 | Sedgwick Ariel | none
F7 5871/1 | ditto ditto | none
F8 5873/1 | will start in half an hour | none
F8 5873/1 | all as ordered | none
F8 5873/1 | sailed in perfect order Mr Morgan | none
F9 5877/0 | mule teams complete | warofrebellion013403rootrich,warofrebellion431unit
F9 5877/0 | fifteen days rations water and coal | none
F9 5877/0 | what time can this transportation be here | none
F9 5877/0 | G. W. Bradley Colonel and Chief Quartermaster | none
F10 5877/1 | just in left off Fort Fisher yesterday morning | none
F10 5877/1 | weather splendid outside | none
F10 5877/1 | our troops were all landed and had entrenched | none
F10 5877/1 | no attack has been made on our troops | none
F11 5877/2 | Dupont Thames Haze and Sentinel | none
F11 5877/2 | are all we have | none
F11 5877/2 | put fifteen days rations on such vessels | none
F11 5877/2 | each vessel will carry | none
F11 5877/2 | Small Chief Quartermaster | none
F12 5878/1 | enough are here to carry | none
F12 5878/1 | every effort will be made to have all the vessels that are here ready by tomorrow noon | none
F12 5878/1 | will the Fort Fisher news change your instructions | none
F12 5878/1 | Quartermaster at City Point will be telegraphed when each vessel leaves here | none
