"Fort Fisher is ours" | 10
   id ['sim_presbyterian_the-presbyterian_1865-01-21_35_3']
       Gideon Welles, Secretary of the Navcy—Sir—{{{Fort Fisher is ours}}}. 1 send a bearer of despatches with a brief
       —After three days’ and nights’ bombardment, {{{Fort Fisher is ours}}}, with all the contigueus works commanding
   id ['per_utah-and-the-mormons_the-daily-union-vedette_1865-01-19_3_12']
       from off Fert Fisher the 15th, to Willis: {{{Fort Fisher is ours}}}. I senda bearer of dis the affair. Gen. Terry
   id ['per_the-pittsburgh-commercial-14556_the-pittsburgh-commercial_1865-01-18']
       Gideon Wells, Secretary of the Navy ; &ıR—{{{Fort Fisher is ours}}}. I send a bearer of dispatches with a brief
       = The Latest. FORTRESS MONROE, Jan, 17. {{{Fort Fisher is ours}}}, with al! the contiguous works commanding
   id ['per_the-jeffersonian_the-jeffersonian_1865-01-19_1']
       After three days and nights of bom bardment, {{{Fort Fisher is ours}}} with all the contiguous worjes commanding
"until Mr. Blair arrives" | 2
   id ['telegraphinginba00obri']
       to hold the flag of truce boat {{{until Mr. Blair arrives}}}. This is significant, Blair go-
   id ['cu31924030909315']
       cipher to hold the flag of truce boat {{{until Mr. Blair arrives}}}. This is significant, Blair going as a
"passed through the lines" Varina Blair Ord | 10
   id ['ouronecommoncoun0000conr']
       live-in secretaries. ELIZABETH {{{BLAIR}}} LEE Daughter and aide of Francis Preston {{{Blair}}}, known as “Lizzie.” ABRAHAM
       people named {{{Blair}}}. Their articulate sister, Lizzie, the social register’s Elizabeth {{{Blair}}} Lee, was a favorite
   id ['collapseofconfed0000unse_x2b7']
       E., 3, 70 {{{Blair}}}, Francis Preston, Sr., 8, 26-27, 28, 30, 82, 83, 99 {{{Blair}}}, Frank, 27 {{{Blair}}}, Montgomery
       Francis P. {{{Blair}}} Sr. arrived in Richmond. The father of Lincoln’s postmaster general, {{{Blair}}} was known
   id ['collapseofconfed0000unse_u6k3']
       E., 3, 70 {{{Blair}}}, Francis Preston, Sr., 8, 26-27, 28, 30, 82, 83, 99 {{{Blair}}}, Frank, 27 {{{Blair}}}, Montgomery
       Francis P. {{{Blair}}} Sr. arrived in Richmond. The father of Lincoln’s postmaster general, {{{Blair}}} was known
   id ['isbn_0803221703']
       E., 3, 70 {{{Blair}}}, Francis Preston, Sr., 8, 26-27, 28, 30, 82, 83, 99 {{{Blair}}}, Frank, 27 {{{Blair}}}, Montgomery
       Francis P. {{{Blair}}} Sr. arrived in Richmond. The father of Lincoln’s postmaster general, {{{Blair}}} was known
"insulating wire" torpedoes "nine hundred pounds" | 0
"The Saugus left this morning" | 0
"take charge of army operations" | 1
   id ['war-cry-1930-02-01']
       early boyhood start, until he went to {{{take charge of Army operations}}} in Sweden, some eight or nine years
"prepare accordingly" Newbern Palmer "6000 men" | 10
   id ['papersofulyssess0014gran']
       meets USG, 432n—33n {{{Palmer}}}, John M. (U.S. Army): tele- gram to, March 8, 1865, 124n {{{Palmer}}}, William J. (Pa
       commanders you may think necessary. I supposed {{{Palmer}}} had Kinston before this. FEBRUARY 25, 1865 OL I
   id ['norwichcourier1800mann']
       73 years | {{{PALMER}}}—In Westerly, July Oth, Mre. Sally P {{{Palmer}}}, relict of Capt, Lake {{{Palmer}}}, aged 7) years
       Bawin {{{Palmer}}} was elected in his place. State Director—Thomas W. {{{Palmer}}} Stonington. Mr. Edwin {{{Palmer}}}, having
   id ['navaldocumentsof0004unit_o9l8']
       572 {{{Palmer}}}, , 1259 {{{Palmer}}}, (Capt.) , 1244 (Providence) {{{Palmer}}}, Ethanah [Elkanah], 107, 539 {{{Palmer}}}, G.
       , 470 {{{Palmer}}}, John, 645 (Elizabeth) {{{Palmer}}} [Palmour], John, 870 {{{Palmer}}}, Joseph P., to: John Adams, 5-6;
   id ['navaldocumentsof0004unit']
       572 {{{Palmer}}}, , 1259 {{{Palmer}}}, (Capt.) , 1244 (Providence) {{{Palmer}}}, Ethanah [Elkanah], 107, 539 {{{Palmer}}}, G.
       , 470 {{{Palmer}}}, John, 645 (Elizabeth) {{{Palmer}}} [Palmour], John, 870 {{{Palmer}}}, Joseph P., to: John Adams, 5-6;
"one battery with each division" | 7
   id ['in.ernet.dli.2015.20836']
       Horse Artillery with the Cavalry, and {{{one battery with each division}}} of Infantry with 6-pounders, the Ammunition
   id ['dli.bengal.10689.23534']
       Horse Artillery with the Cavalry, and {{{one battery with each division}}} of Infantry with G-pounders, the Ammunition
   id ['historyfifthmas00goog']
       Griffin's at II, Humphreys' at 12. {{{One battery with each Division}}}. Waterman's accompanying our Division
       936 HISTORY OF THE Mass., {{{one battery with each Division}}}. The Battery marched with the
   id ['historyoffifthma00unit']
       Griffin's at II, Humphreys' at 12. {{{One battery with each Division}}}. Waterman's accompanying our Division
       936 HISTORY OF THE Mass., {{{one battery with each Division}}}. The Battery marched with the
"bring those from Kentucky" mules Washington | 0
"ordered to Portsmouth" "New Hampshire" "do not wish to go" | 10
   id ['cu31924019948607']
       telegraph that I was to be {{{ordered to Portsmouth}}}, {{{New Hampshire}}}, he observed to me that if
       desire to make a statement which I {{{do not wish to go}}} down on the testimony. [The witness
   id ['11037227bsb']
       came by telegraph that I was to be {{{ordered to Portsmouth}}}, {{{New Hampshire}}}, he observed to me that if I had
       else, I desire to make a statement which I {{{do not wish to go}}} down on the testimony. (The witness then referred
   id ['covodeinvestigat00unit']
       telegraph that I was to be {{{ordered to Portsmouth}}}, {{{New Hampshire}}}, he observed to me that if
       desire to make a statement which I {{{do not wish to go}}} down on the testimony. [The witness
   id ['cyclopdiaofameri0000unse_c5r4']
       Eastern Diocese,” con¬ sisting of Maine, {{{New Hampshire}}}, Vermont, Massa¬ chusetts, and Rhode Island
       till 1854. He was four years in the {{{New Hampshire}}} legislature, where he introduced and carried
"what boat the President left Annapolis" | 0
"cipher operator" Stager Schofield "construction corps" | 10
   id ['telegraphinginba00obri']
       Stanton telegraphed for Colonel {{{Stager}}} to ' come to the key.' {{{Stager}}} had retired, but an instrument
       General Grierson as {{{cipher operator}}}, being the only {{{cipher operator}}} at Mobile, except Robinson
   id ['cu31924030909315']
       Stanton telegraphed for Colonel {{{Stager}}} to ' come to the key.' {{{Stager}}} had retired, but an instrument by
       report to General Grierson as {{{cipher operator}}}, being the only {{{cipher operator}}} at Mobile, except Robinson
   id ['telegraphgoestow0000bate']
       Tinker David Homer Bates {{{Cipher-operator}}}, War Department Manager and {{{cipher-operator}}}, War Depart- telegraph
       4 sis.) 3 = ee 48 U.S. Military Telegraph {{{Construction Corps}}}. ..... 70 Telegraph Battery Wagons, 25 ieee
   id ['soldierlifesecre0000unse_a5e8']
       burden for the United States Military Railroad {{{Construction Corps}}} in the vicinity of Wash- ington, the enterprising
       Civil War. ZA Moreover, the chief, Colonel Anson {{{Stager}}}, was stationed in Cleveland, Ohio, while an active
"important despatches" Schofield Sherman Annapolis | 10
   id ['cu31924032766846']
       Took Steamer Maryland at PerryvUle for {{{Annapolis}}}. Arrived {{{Annapolis}}} April 21. Arrived Washington, D. C,
       of Franklin to {{{Schofield}}}. The President orders: I. That Maj .-Gen'l J. M. {{{Schofield}}} assume command
   id ['lincolnintelegra0000davi_m3j1']
       Battle of Franklin to {{{Schofield}}}. The President orders: 1. That Maj.-Gen1 J. M. {{{Schofield}}} assume command of
       why the {{{Sherman}}}-Johnston Agreement should be rejected by the Government,” remarked that {{{Sherman}}} was a traitor
   id ['lincolnintelegr01bategoog']
       Took Steamer Maryland at Perryville for {{{Annapolis}}}. Arrived {{{Annapolis}}} April 21. Arrived Washington, D. C,
       of Franklin to {{{Schofield}}}. The President orders: I. That Maj.-Gen'l J. M. {{{Schofield}}} assume command
   id ['telegraphoffice00baterich']
       Steamer Maryland at Perryville for {{{Annapolis}}}. Arrived {{{Annapolis}}} April 21. Arrived Washington, D
       that we were compelled to go by water to {{{Annapolis}}}, sailing on the steamer Maryland, at that
"if General Butler has left Monroe" | 0
"Cassandria" "El Cid" Ranger Rucker | 10
   id ['sim_american-kennel-club-stud-book-register_1973-09_90_9']
       Goodman's Flint Lock SA818356 6-71 Ch Whispering Pines {{{Ranger}}} “eT 5-71 Ch Herman Von Branneky CD ae 2-68 Moesgaards
       Lufkin's Velvet Lady (B) SA997871 5-26-71 Lvr Maltee {{{Ranger}}} (D) SA560239 12-12-67 LvrWhTkd Mandervilles Cinderheim
   id ['sim_american-kennel-club-stud-book-register_1965-01_82_1']
       [8-55 Field Ch. Lone Hickory {{{Ranger}}} H391880 Field Ch. Lone Hickory {{{Ranger}}} "e-85. 8-55 Field Ch. Karrsville
       HA334878 4-63 Buddies {{{Ranger}}} H861416 10-60 [8-55 Field Ch. Lone Hickory {{{Ranger}}} H391880 Field Ch. Rushbrook
   id ['sim_american-kennel-club-stud-book-register_1994-11_111_11']
       MAISENBACHER YQ LsOYEOQuUL<L xan OOLN Nwox « ” LITE {{{EL CID}}} T oO a w ss AVM TVNOMAENYOR AN N= DDOWArM ANAM
       5674709 OLDE SM99 WIFFY x = = =< Yx MLEY EWATER {{{RANGER}}} IDE CROWN ON NA R EN LENNON MATOTT CZAR E DUKE
   id ['sim_american-kennel-club-stud-book-register_1965-11_82_11']
       Shanty Dan HA115161 10-61 Parkview {{{Ranger}}} H983163 8-60 Parkview {{{Ranger}}} H983163 8-60 Richmond Shorty H500489
       Creek Snuppy [H880858 5-61 Mann's {{{Ranger}}} HA373648 6-64 Clinton Hill {{{Ranger}}} HA393294 1-64 Little Nifty Rogue
"Nevada" Rucker "torpedoes of the kind you name" | 0
be-api requests 16
