(all) | "proceed without delay to report in person to General Sherman at Savannah" | 7
    ['cu31924085376618'] 
       that  you  {{{proceed  without  delay  to report  in  person  to  General  Sherman  at  Savannah}}},  or  wherever
    ['warofrebellion431unit'] 
       that  you  {{{proceed  without  delay  to report  in  person  to  General  Sherman  at  Savannah}}},  or  wherever
    ['warofrebellionco0047unit_i5c1'] 
       directs that you {{{proceed without delay to report in person to General Sherman at Savannah}}}, or wherever he
    ['warofrebellion014702rootrich'] 
       that  you  {{{proceed  without  delay  to report  in  person  to  General  Sherman  at  Savannah}}},  or  wherever
(all) | "Winants is hardly capable" | 0
(all) | "Eliza Hancox"  Winants | 10
    ['bardbrotherspain0000unse'] 
       George T: Olyphant , {{{Eliza Hancox}}} (cut down) 18% x 36%" PC 1864 Glen Cove {{{Eliza Hancox}}} 15 x 39%" 1863 Glen
       presentation pieces. The drawings for Alice C. Price, {{{Eliza Hancox}}}, and Seneca contain notes entered on ruled lines
           Se | a SCUNTIY Tt       JAMES BARD AMANDA {{{WINANTS}}} Undated. Oil on canvas, 2954 x 50" (75.6 X 127
    ['jjbardpicturepai0000unse'] 
       actually presentation pieces. The Alice C. Price, {{{Eliza Hancox}}} and Seneca (all Mariners Museum) drawings contain
        Schultz, Oleander, Samuel L. Brewster Amanda {{{Winants}}}, Blackbird, Charles Chamberlain, River Queen, William
       1845 Oil 1846 New-York Historical Society Amanda {{{Winants}}} 1863 Water color ale k Mariners Museum, Newport
    ['steamvesselsbuil0000reus'] 
       during the war. 104 AMANDA {{{WINANTS}}} (1864) 139 L yy eal The AMANDA {{{WINANTS}}}. From a painting by James Bard
       completion by Terry at Keyport, the {{{WINANTS}}} was first enrolled with Garret {{{Winants}}} of New York City in early February
       February 1864 and in mid February with {{{Winants}}} and three others. {{{Winants}}} was also first owner of the Terry-built
    ['merchantsteamves0000will'] 
       1863 | New York, N.Y. Mobile, Ala. Adonis (See {{{Eliza Hancox}}}) Pp Adriatic 381 | 1835 | Cincinnati, Ohio Cincinnati
       Turner Alvira (1234) Amanda Amanda (589) Amanda {{{Winants}}} (808) Amaranth Amaranth Amaranth Amaranth (595)
       (7230) 8 |1866 | Buffalo, N.Y. Buffalo, N.Y. p |{{{Eliza Hancox}}} (7711)3 347 |1863 | Jersey City, N.J. New York
(all) | "not mustered for December" | 0
(all) | Brice "second expedition" paymaster mustered | 10
    ['militaryalbumcon00hame'] 
       OTTO    BECKER. {{{Paymaster}}}  U.  S.  A.     Served  as  Major  and  Additional '    {{{Paymaster}}}    U.     S.
        Assistant    {{{Paymaster}}}  D.    S.   X. LttiiiLt.   Emlen   P.,  Assistant   {{{Paymaster}}}  0,  S Evans. 
       Spanish-American   War. HARRY    E.    BISCOE. {{{Paymaster}}}  I".  S.   X.     Served  on   "Yankee"  of  Admiral
    ['yearbookofohioso00sons'] 
       and  a  Christian  gentleman. -50- Brig.-General  {{{Brice}}}  Pursell  Disque, Spruce  Production  Division,
         Ore. Brig.-General  George  Richards, The  {{{Paymaster}}},  U.  S.  Marine  Corps, Washington,  D.  C. Brig
       descent  from  Thomas  Paxton. 1905     DISQUE,  {{{BRICE}}}  PURSELL,  Ft.  Leavenworth,  Kas.  362 Fifth  in
    ['yearbookofohioso1919sons'] 
                     ^I^P^H^flj 1 -50- Brig.-General  {{{Brice}}}  Piirsell  Disqiie, Spruce  Production  Divisiou
        Ore. Brig.-General  George  Richards, Tlie  {{{Paymaster}}},  U.  S.  Marine  Corps, Washington,  D.  C. £^'^^'£KKKi
       descent  from  Thomas  Paxton. 1905     DISOUE,  {{{BRICE}}}  PURSELL,  Ft.  Leavenworth,  Kas.  362 Fifth  in
    ['fortwashington0000unse'] 
       LIEUTENANT (LATER MaAaJgOR) ERKURIES BEATTY, {{{PAYMASTER}}} AT FORT WASHINGTON. Erkuries Beatty, of Pennsylvania
       in the fall of 1792. For several years he was {{{Paymaster}}} of the Army, and to reach the various posts, traveled
       McCracken died, November 4, 1782, as the {{{second expedition}}} of General Clark was returning to the settlements
(all) | "dispense with Blackstone" | 2
    ['sim_american-law-review-1866_the-american-law-review_1873-04_7_3'] 
       book under notice, the law-student cannot {{{dispense with Blackstone}}}; but the two together will ground him
    ['firstwhitehousel0000unse'] 
        he did not recom- mend that students {{{dispense with Blackstone}}} just yet. Based on Stephen’s reputation
(all) | Sedgwick Baltic Ariel Victor Illinois Baltimore ordered "January 3" | 5
    ['vtgsamuelfrancis0000samu'] 
       operations in {{{Sedgwick}}}, Charles B.: II, 66n, 467, 468n {{{Sedgwick}}}, Henry S.: II, 66, 93 {{{Sedgwick}}}, Theodore:
       du Pont, Lives of {{{Victor}}} and Josephine du Pont (Newark, Del., 1930); see also {{{Victor}}} M. du Pont, Journey
       du Pont, {{{Victor}}} (1828-1888, nephew of SFDP): I, 32, 319; Ill, 27, 119n du Pont, Mrs. {{{Victor}}} (Alice Houns-
    ['EncyclopediaOfAmericanHistoryRevisedEdition11VolumeSet'] 
       present-day  {{{Illinois}}},  and  Vincennes, on  the  Wabash  River  on  the  present-day  Indiana-{{{Illinois}}} border
       Estaing,  Charles-Henri-{{{Victor}}}-Theodat,  comte  d' (Jean-Baptiste-Charles-Henri-{{{Victor}}}-Theodat)  (1 729- 1
       with  the  famous  {{{Sedgwick}}}  family,  including  the novelist  Catherine  {{{Sedgwick}}}.  Some  stories  highlight
    ['EncyclopediaOfAmericanHistory'] 
       present-day {{{Illinois}}}, and Vincennes, on the Wabash River on the present-day Indiana-{{{Illinois}}} border. The
       Estaing, Charles-Henri-{{{Victor}}}-Theodat, comte d' (Jean-Baptiste-Charles-Henri-{{{Victor}}}-Theodat)  (17291794)
       association with the famous {{{Sedgwick}}} family, including the novelist Catherine {{{Sedgwick}}}. Some stories highlight
    ['portsmouthdailyc00smit_2'] 
       of Taftville, Conn., says that the {{{Baltic}}} mills estate at {{{Baltic}}} has been bought asa matter of protection
        Strike On the {{{Illinois}}} Central, Camo, Ill, March 1. Switchmen struck on the {{{Illinois}}} Central road here
       $100 against Fifer pee {{{Illinois}}}; $120 to $100 against Altgeld carrying {{{Illinois}}}, The big betting men scem
(all) | "report of the Wilmington expedition" lost overcoat | 0
(all) | "consider the order as countermanded" Baltic Monroe | 0
(all) | Stanton "start for Savannah" "arrived here safely" | 3
    ['diaryofepburtons00burt'] 
       tables -.  At  4  o'clock  had  orders  to  {{{start  for  Savannah}}}  -  So  here  I am  in  the  cabin  of 
       One  mile  S,  West  of  Savannah  We  {{{arrived  here  safely}}}  about  noon on  Wednesday  -  I  liked
       the first  tine  to  know  him  -  Secretary  {{{Stanton}}}  was  there  but  I  did  not  get a  ciiance 
    ['childrenofpride00robe'] 
       Tomorrow  your  brother  Charles  expects  to  {{{start  for  Savannah}}}  to  engage MANY  MANSIONS  1 53 an  office
         the  furniture,  and  servants  all  {{{arrived  here  safely}}}. Next  day  our  faithful  Sam  was  sent
       next  morning.  As  Secretary  of  War  Edwin  M. {{{Stanton}}}  observed,  “Now  he  belongs  to  the ages.” 
    ['childrenofpride0000robe'] 
       Tomorrow your brother Charles expects to {{{start for Savannah}}} to engage MANY MANSIONS 153 an office. I
       Mallard, the furniture, and servants all {{{arrived here safely}}}. Next day our faithful Sam was sent on to
       the next morning. As Secretary of War Edwin M. {{{Stanton}}} observed, “Now he belongs to the ages.” He was
(all) | "Elias Smith" Tribune expedition permission Ingalls | 0
(all) | soonest ship troops Baltic Annapolis coal docks | 0
(all) | "has not heard from them since" Baltic Baltimore Sedgwick | 10
    ['sim_amusement-business_1975-04-26_87_17'] 
       Box 301, Waldorf. {{{Baltimore}}}--7th Annual Preakness Festival Week, May 9-18,, {{{Baltimore}}} Promotion Council
       Headquarters, 600 W. Chesapeake Ave., Towson. {{{Baltimore}}}--6th Annual {{{Baltimore}}} § inner Harbor Sailboat Regatta, May
       Police. Ringling sets attendance, gross records at {{{Baltimore}}} Ringling Bros. and Barnum & Bailey Circus established
    ['per_st-louis-post-dispatch_1991-01-25_113_25'] 
       T-Thunderstorms, W- wey, M- was Ationta _ Atlantic City {{{Baltimore}}} Billings bes} a nr NRNOKTANNONMNNNNAMNNnO NNN
        Cliffs plant in Maryland, operated by". the {{{Baltimore}}} Gas and Electric Com-*’ pany, and both units of
       a resolution condemning military attacks in the {{{Baltic}}} republics. Cesiavus Stankavicus, a deputy to Lithua-
    ['per_times_the-times_2003-12-22_67952'] 
       Global Autonomy Corp Axon Group BATM Adv Coms {{{Baltimore}}} Tch Bond Int! Soft @ Bookham Tech CES Software
       or Ireland, or cross the Channel to France. A {{{Baltimore}}} oriole was seen in Oxford last week. These bril-
       from subtle (7) 9 Russian province now cut off by {{{Baltic}}} states; aid vr m Cl>| 0 a) — > (@) VIEWING GUIDE
    ['searchformissing00harr'] 
       to  his  sister  Betsy  in  {{{Baltimore}}};  he  is  somewhere  in {{{Baltimore}}}  at  present.  Any  person  knowing
       Agnes  (now  Mrs.  M.  A.  {{{Sedgwick}}}).  Please  address  Mary  A. {{{Sedgwick}}},  Ann  Arbor,  Washtenaw  county
       238, 326 Orangeville  ({{{Baltimore}}}  County),  368 Pikes ville,  97 Texas  ({{{Baltimore}}}  County),  308 Westemport
be-api requests 13
