(all) | Weybossett Towanda DeMolay Champion | 10
    ['whos-who-in-the-east_1999-2000_2nd-edition']
        skating {{{champion}}}, 1946-52; world figure skating {{{champion}}}, 1948-52; European figure skating {{{champion}}}, 1948;
        Washington, 1980. Named Kans. {{{DeMolay}}} of Yr., Order of {{{DeMolay}}}, 1969, {{{DeMolay}}} Legion of Honor award, 1983;
    ['whoswhoineast1990000marq']
        skating {{{champion}}}, 1946-52; world figure skating {{{champion}}}, 1948-52; European figure skating {{{champion}}}, 1948;
        Washington, 1980. Named Kans {{{DeMolay}}} of Yr., Order of {{{DeMolay}}}, 1969, {{{DeMolay}}} Legion of Honor award, 1983;
    ['historyofaleppot02anci']
        a  siege  of  four  months.  He  was  a great  {{{champion}}}  and  organizer  of  Islam,  and  by  his  force
        Nobility  as  No.  10191.  He  is  a  member  of  the {{{Towanda}}}  Club  of  Woburn  and  of  the  Harvard  Union
    ['whoswhoineast0000marq']
        Service, U.S. Dept. Agr., {{{Towanda}}}, Pa., 1935-37; asst. cashier 1st Nat. Bank, {{{Towanda}}}, 1937-50; exec. v.p.
        A.G., Switzerland, {{{Champion}}} Mut. Funds of Can., Castor Investment, Ltd., {{{Champion}}} Savs. Corp., Ltd. Gov
(all) | Berrien launches Webster Fortress Monroe | 10
    ['onbanksofolestjo0000zerl']
        tours from St. Joseph to {{{Berrien}}} Springs. In those days, there was no damin {{{Berrien}}} Springs, so the tours
        part of the century. Carney, James T., {{{Berrien}}} Bicentennial, {{{Berrien}}} County Bicentennial Commission, 1976
    ['officialrecordso0011unse']
         Sounds  of  North  Carolina. [Telegram.] {{{Fortress}}}  {{{Monroe}}},  November  9,  1864. (Received  2:30  p.
        in  a  letter to  the  quartermaster  at  {{{Fortress}}}  {{{Monroe}}}: Hattjsbas  Inlet,  November  5,  1864. Just
    ['indian-wells-cape-fear-css-chick-official-records-of-the-union-and-confed']
        [Telegram.] {{{Fortress}}} {{{Monroe}}}, Va., January 27^ 1865—li). m. I am orgauiziug a party tx) proceed by {{{Launches}}} and
        Sounds^ Sounds of North Carolina. [Telegram.] {{{Fortress}}} {{{Monroe}}}, November .9,1864. (Received 2:30 p. m.) The
    ['officialrecords15librgoog']
        Sounds  of  North  Carolina, [Tolw^raiii.; {{{Fortress}}}  {{{Monroe}}},  November  .<>,  1864. (Received  2:30  p
        in  a  letter to  the  ciuarternjaster  at  {{{Fortress}}}  {{{Monroe}}}: Hatticras  Inlkt,  Xovember  5,  18G4, Just
(all) | Hancox Winants steamers Rawlins | 10
    ['sim_new-york-times_the-new-york-times_1890-08-12_39_12155']
        County; -Treasurer—I. C. Millety, wool grower, {{{Rawlins}}}, Carbon County; Auditor—George T. Campbell, bookkeeper
        passenge rs to Oelrichs & Co. ROYAL AND U. MAIL {{{STEAMERS}}} FOR “Del: Huison...161 161 160% 161. and, Cleveland
    ['warofrebellionco0040unit_u2k7']
        ocean {{{steamers}}} and seven large river {{{steamers}}} went up this 6 a.m. with troops. Three {{{steamers}}} went up
        Colonel SHAFFER: We have ready dispatch-boats {{{Winants}}} and {{{Hancox}}}, mail-boat Thomas Powell, steamer Emily,
    ['warofrebellion402unit']
        Shaffer: 1   We  have  ready  dispatch-boats  {{{Winants}}}  and  {{{Hancox}}},  mail-boat Thomas  Powell,  steamer  Emily
        Ivor  that  four  large  ocean  {{{steamers}}} and  seven  large  river  {{{steamers}}}  went  up  this  6   a.  m. 
    ['warofrebellion0401rootrich']
        SHAFFER: We  have  ready  dispatch-boats  {{{Winants}}}  and  {{{Hancox}}},  mail-boat Thomas  Powell,  steamer  Emily
        Ivor  that  four  large  ocean  {{{steamers}}} and  seven  large  river  {{{steamers}}}  went  up  this  (5  a.  in.
(all) | Bendford Ainsworth Montauk | 10
    ['per_times_the-times_1907-03-25_38289']
        ; ' ¢™ ; Commons :—Mr. Adkins, Mr, Agnew, Mr. {{{Ainsworth}}}, Mr, A. A. Allen, Major Anstruther-Gray, Mr. Armstrong
        London. | etanraw (ta: 39.) NEW ORLEANS, 22nd.— {{{Montauk}}} Point, a, Sueqeen. Storey. (\- -2Us8 ov. NEW YORK
    ['churchmansyearbo1920unse']
        William  C.  De Witt,  D.D.,  Secretary;  F.  F.  {{{Ainsworth}}}, Treasured  Faculty:  The  Rev.  William C.  DeWitt
        Dennis  Herbert. Long  Island. Parker,  Henry  {{{Ainsworth}}}. Massachusetts.  February  17,  1919. Phelps,
    ['exhibitormayjul150jaye']
        46m.— Lesser  . . 3464 STOLEN  IDENTITY— 87m.— {{{Ainsworth}}}-Nathanson . 3489 STOOGE,  THE—  100m.— Paramount
        issue— (Austrian- made)— (English  dialogue)— ({{{Ainsworth}}}-Nathanson). STORY  OF  TOSCA,  THE— OPD— Imperio
    ['sim_new-york-times_the-new-york-times_1955-12-14_105_35753']
        Garden City W. | Willets Peconic Bay | Firelsiand| {{{Montauk}}} | New Hook Point (Cutchogue) Inlet Point Lendon
        . Defense..... Mortson (2) ........ Center .. {{{Bendford}}} (10) (9) Bathgate ..... Wing.. Litzenberger (12)
(all) | Cuyahoga Draper Sedgwick Baltic | 10
    ['randmcnallycityc00rand']
        057 Brooklyn,  {{{CUYAHOGA}}}  035 Brooklyn  Heights,  {{{CUYAHOGA}}}  .  .  035 Brook  Park.  {{{CUYAHOGA}}}  035 Brookside
        Cutler.  WASHINGTON  167 {{{Cuyahoga}}}  Falls,  SUMMIT  153 {{{Cuyahoga}}}  Heights,  {{{CUYAHOGA}}}  .  035 Cygnet,  WOOD
    ['micro_IA41153549_0485']
        Summit Belmont Clermont Allen {{{Cuyahoga}}} {{{Cuyahoga}}} Columbiana Greene {{{Cuyahoga}}} Belmont Huron Logan Washington
        Mahoning Seneca Belmont {{{Cuyahoga}}} Allen Lorain Richland Shelby {{{Cuyahoga}}} Lorain Huron {{{Cuyahoga}}} Lawrence Mahoning
    ['randmcnallycityc0000unse']
        ... 057 Brooklyn, {{{CUYAHOGA}}} Brooklyn Heights, {{{CUYAHOGA}}} . . 035 Brook Park, {{{CUYAHOGA}}} ..... 035 Brookside
        WASHINGTON. ...... 167 {{{Cuyahoga}}} Falls, SUMMIT... . . 153 {{{Cuyahoga}}} Heights, {{{CUYAHOGA}}} . 035   Cyonet WOODEn
    ['townshipatlasofu0000unse_g2e9']
        {{{Sedgwick}}} County, KS {{{Sedgwick}}} town, CO ({{{Sedgwick}}}) {{{Sedgwick}}} town, ME (Hancock) {{{Sedgwick}}} township, KS (Harvey)
        (Pulaski) {{{Draper}}} division, UT (Salt Lake) {{{Draper}}} town, SD (Jones) {{{Draper}}} town, WI (Sawyer) {{{Draper}}} township
(all) | Euterpe Livingston Varuna Prometheus | 10
    ['mythologytalesof0000robe_o5k5']
        Zeus decided to punish not only {{{Prometheus}}} but man as well. {{{Prometheus}}} was chained to a rock in the Caucasus
        was also a master of po- etry and science. {{{VARUNA}}} {{{Varuna}}}, the god of night skies and the oceans, was
    ['mythologytalesof0000robe']
        Zeus decided to punish not only {{{Prometheus}}} but man as well. {{{Prometheus}}} was chained to a rock in the Caucasus
        was also a master of po- etry and science. {{{VARUNA}}} {{{Varuna}}}, the god of night skies and the oceans, was
    ['bwb_Y0-BYU-038']
        Albany, Ind. Albany, N.Y. Chancellor {{{Livingston}}} Chancellor {{{Livingston}}} (4863) Chariton 1817 1852 New York
        Francisco, Cal. Liverpool Liverpool (14936)? {{{Livingston}}} {{{Livingston}}} vuvvudgvdvds7a9evdytd East Albany, N.Y.
    ['merchantsteamves0000will']
        Chancellor Chancellor Lansing Chancellor {{{Livingston}}} Chancellor {{{Livingston}}} (4863) Chariton NAME OF VESSEL 3 (5458)
         Live Oak Liverpool Liverpool (14936)? {{{Livingston}}} {{{Livingston}}} LIZZI Lizzie (15227) (f) Lizzie (See Josephine)
(all) | Leary Ariel Victor Newport Ingalls | 10
    ['bookamericanpas00pevegoog']
         the  part  of  the {{{Ariel}}}  by  Mr.  J.  H.  Lee. {{{ARIEL}}}  BARGE  CLUB. The  {{{Ariel}}}  Barge  Club,  of  Baltimore
          Kentucky,  of  {{{Newport}}};  won.  September  1. — Union  vs.  Kentucky,  of  {{{Newport}}} ;  won.  November
    ['bookofamericanpa00peve']
        Club  ;  time,  14.25  ;  first  prize.  {{{Ariel}}}, six  oars,  {{{Ariel}}}  Club;  time,  15.06.  Union,  six  oars
          Kentucky,  of  {{{Newport}}};  won.  September  1. — Union  vs.  Kentucky,  of  {{{Newport}}} ;  won.  November
    ['currierfamilyrec0000curr']
        Dickson 2AF-4 {{{Victor}}} F. & Dorothy R. Masters 3K-2 {{{Victor}}} A. & Louisa D. Cook 2AF-3 {{{Victor}}} K. & Lisa Hicks
        Hicks 3K-21 {{{Victor}}} & Freda Treml 3Y-31 {{{Victor}}} A. & Sheila S. 2AF-31   {{{Victor}}} A. & Gertrude Woodbury $127-2
    ['birth-index-1850-1940-ocr']
        Hannah {{{Leary}}}, Dennis Aug 20 {{{Leary}}}, Dennis 1865 M Southborough » Hilora {{{Leary}}}, John Feb 23 {{{Leary}}}, Eugene
        Hannah {{{Leary}}}, Dennis Dec 6 {{{Leary}}}, Frank 1859 M Southborough » Honora {{{Leary}}}, John June 13 {{{Leary}}}, Hannah
(all) | Montauk Leary Howell Beckwith | 10
    ['ctnewlondon1964priceleeco']
         Lee  Ave. 47  {{{Montauk}}}  and  Mitchel  Ct. 48  {{{Montauk}}}  and  Steward  St. 511  {{{Montauk}}}  and  School 512
        Parkway  South 62  {{{Montauk}}}  and  Keeney  Lane 621  {{{Montauk}}}  and  Westomere 622  {{{Montauk}}}  and  Glenwood 
    ['usteledirec04530']
        5516 {{{Montauk}}}  Av  Baptist  Church  236  {{{Montauk}}}  Av  8265 {{{Montauk}}}  Av  Package  Store  121  {{{Montauk}}}  Av
        9963 Palmer  House  913  {{{Montauk}}}  Av  ;  .9744 Whiten  House  899  {{{Montauk}}}  Av  2-3937 Aero  Mayflower
    ['ctnewlondonwaterford1957p']
         av. 511 —  {{{Montauk}}}  av  c  SchooL 512 —  {{{Montauk}}}  av.  c  Denison  (p). 513 —  {{{Montauk}}}  av  c  Perry
        side  lines {{{Montauk}}}  Pharmacy  Inc  209  {{{Montauk}}} av Palmer  Drug  Co  Inc  210  {{{Montauk}}}  av Professional
    ['ctnewlondon1968priceleeco']
        Krieger's  Pharmacy  Inc  210  {{{Montauk}}}  av {{{Montauk}}}  Pharmacy  209  {{{Montauk}}}  av Niantic  Pharmacy  417  Main
        James  A  53  {{{Montauk}}}  av Meek  Frederick  A  42  {{{Montauk}}}  av Meek  Richard  F  42  {{{Montauk}}}  av M  ner 
(all) | Sampson Baltimore anchor chain Baltic | 0
(all) | Jamestown Rawlins steamers Beckwith Sheldon | 10
    ['journal-of-the-telegraph-vol-46']
        from {{{Steamers}}} will con- tinue to be prefixed ** RADIO". Wireless Messages to and from {{{Steamers}}}. (See
        Sage. 15-0 West Branch. {{{Sheldon}}}, Ottawa Co. Free Grand Haven, Wayne Co. {{{Sheldon}}}, Wayne Co. Free Canton
    ['cu31924030909315']
        consorts of the Merrimac^ the {{{Jamestown}}} and Yorktown, ordinary side- wheel {{{steamers}}}, hovered in her rear or
         so Mr. {{{Sheldon}}} requested that I be returned, and Major Eckert so directed. Richard, {{{Sheldon}}}, Jim Norris
    ['JournalOfTheTelegraph1904V37-40']
        closed. 261 Rivare, closed. tar 278 {{{Sheldon}}}, should read {{{Sheldon}}}. See \ odcr. tJT 826 Snyder closed.
        25 - 0 Westerly (Sub. 10-0). tff 18 {{{Jamestown}}}, now •• {{{Jamestown}}} t- Free New port. ** Quonochontaug. Add
    ['telegraphinginba00obri']
        where George  D.  {{{Sheldon}}}  had  replaced,  as  chief  operator, his  brother  Lem  {{{Sheldon}}},  who  was  now
        immediate  cipher  opera- tor was  {{{Beckwith}}}. Samuel  H.  {{{Beckwith}}},  an  excellent  operator,  had early
requests 10
