(all) | Illinois Sedgwick Victor Baltic ordered Atlantic McClellan Tonowanda Champion Fort Monroe January 1865 | 0
(all) | Eliza Hancox Winants light draft steamers not over feet Rawlins wishes held in readiness | 0
(all) | unable to furnish anchor chain in time Baltic will not be sent on the expedition Sampson Baltimore | 0
(all) | ordered the steamers Leary Ariel Victor to report to Colonel Newport Ingalls consumed all surplus transportation | 10
    ['sim_congressional-record-proceedings-and-debates_january-18-1905-february-8-1905_39'] 
       rare, and that was {{{Ingalls}}}. For a long time {{{Ingalls}}} meant Kansas and Kansas meant {{{Ingalls}}}. Once in the Senate
       bill, read as follows: {{{Transportation}}} of the Army and its supplies: {{{Transportation}}} of the Army, including
       mpurey. a A lg ol of this, {{{Colonel}}} Thomas ‘opairing means of {{{transportation}}}, and employed as train masters
    ['us_congress_58'] 
       Speaker, I rise to speak of {{{Ingalls}}} and Kansas. {{{Ingalls}}}—Kansas; Kansas—{{{Ingalls}}}! One name sug- gests the
       rare, and that was {{{Ingalls}}}. For a long time {{{Ingalls}}} meant Kansas and Kansas meant {{{Ingalls}}}. Once in the Senate
       for the {{{transportation}}} of the Army can be used in payment of such ex- penses of {{{transportation}}} and kindred
    ['portsmouthdailyc00smit_6'] 
       Chas. H. Besselievre, as follows: {{{Colonel}}}, B. Stowe Laskey; Lieut, {{{Colonel}}}, Patrick Gallagher; Major, Robert
       dition to being a {{{colonel}}} of British volun- D, te, p.m. teers he Was honorary {{{colonel}}} of a Bulga-| Sangor
       REBELS. Spanish {{{Colonel}}} Wires His Exporience In Meeting Army of Gomes. HANANA, Jan. 26.—{{{Colonel}}} Galbis of the
    ['norwichmorningbu00bull_12'] 
       States {{{steamers}}} Alaska and Adams, the British {{{steamers}}} Thetis and Penguin and the Italian {{{steamers}}} Garibaldi
       Leave Providence for {{{Newport}}} at 8.45 and 10 00 4.m., 210 and 6,00Pr.~“ Leave {{{Newport}}} for Hocky Polot and
       Leave Providence for {{{Newport}}} at 8.45 and 10004. m., 2.10 and 5.00r.M. Leave {{{Newport}}} for Rocky Polnt and
(all) | Rawlins directs me to inform you steamers coaling watering turn them over to Colonel Morgan commissary Chattahoochee | 0
(all) | Euterpe Livingston Varuna Prometheus Idaho DeMolay McClellan Champion Weybossett Towanda Colonel Bradley | 0
(all) | Rawlins wishes to know if the steamers named have started yet Jamestown Beckwith Sheldon | 0
(all) | Leary is just in leaves immediately for City Point Montauk we need her here Howell | 0
(all) | Montauk is there Bendford not here Ainsworth has copy Alliance hospital boat Sheldon O'Brien | 0
papersofulyssess0013gran | Fort Monroe January 3 1865 Beckwith Sheldon steamers Howell | 0
papersofulyssess0013gran | Berrien launches large boats Webster Fortress Monroe | 0
privateofficialc05butl | Sheldon Fort Monroe January 1865 transports Beckwith | 0
be-api requests 12
