F1 5919/2 | 9 windows >= 4 words
     4 warofrebellion471unit 2563800 mounted joined ordered regiment :: miles. jLieutenant Trites, in charge of mounted foragers (twenty- four) of the regiment, ordered to report to Major O’Connor, as advance guard for division. March 16, ordered out at 9 o’clock to make cor¬ duroy road; returned to camp and moved at 1 o’clock, crossing Black Eiver; laid corduroy road a
     4 warofrebellion471unit 1588475 mounted joined ordered regiment ::  charge of Third Brigade. Pontoon train ordered by General Slocum to join Twentieth Corps, west of Drowning Creek. . March 10. — Division moved at 7 a. m. ; marched twelve miles, camp¬ ing at the Thirteen-Mile Post from Fayetteville. Division train and Third Brigade did not get into camp until after
     4 warofrebellion471unit 1171000 mounted joined ordered regiment :: e third day, Avhen the brigade, being rejoined by the remainder of the division, the detach¬ ment moved in its place in the brigade and division, doing the ordinary duties of the campaign. February 18, entered Columbia, S. C.,and on the 19th, the division having gone to destroy the - railroad, the d
F2 5920/1 | 6 windows >= 4 words
     5 warofrebellion014703rootrich 12082 Wright cars work Beckwith Schofield :: thoroughly clothed and equipped. Eeturn cars may load according to the discre tion of the quartermaster in charge, provided there be no delay. To facilitate the completion of these roads, Colonel Poe will cause the First Michigan Engineers to work back toward New Berne. General Howard will cause to 
     5 warofrebellion014702rootrich 1662552 flat cars engines commence work :: lace. We have not even rolling-stock to commence work with. If you come to Fayetteville I can send you a moderate supply of commissary stores in boats. I hope to hear from you directly in a few days. J. M. SOHOFIELD, Major- General. NEW BERNE, N. C., March 1, (Received 9.30 p. in. 5th.) WILLIAM H. W
     4 warofrebellion014703rootrich 70324 cars engines work Monroe :: y. To day about 800 sick leave tor Fort Monroe under the supervision of Doctor Cuyler, medical inspector. There is much need of medical supplies and clothing, especially for the sick. The Sanitary Commission sent under clothing enough for the present. One engine and fourteen platform- cars have arri
F3 5923/1 | 0 windows >= 4 words
F4 5924/0 | 0 windows >= 4 words
F5 5924/1 | 112 windows >= 4 words
     6 warofrebellion014702rootrich 1854085 Sheridan Lynchburg Sherman cavalry push Schofield ::  — 12.30 p. m. Major-General SCHOFIELD: Sheridan will push on to Lynchburg and if information received there justifies it, he will push on into North Carolina and join you and Sherman with a cavalry force of about 8,000 men. U. S. GRANT, Lieutenan t- Gen eral. SPECIAL ORDERS, ) HDQRS. DEPT. OF NORTH
     5 warofrebellion463unit 1659870 Sheridan Sherman cavalry push Grant :: April 15 , 1865 — 7 p. m. Major-General Sheridan: General Sherman is in motion after Johnston’s army. It may be that instead of surrendering, Johnston may follow his usual tactics of fall¬ ing back whenever too hard pressed. If so, Sherman has not got cavalry enough to head off and capture his army.
     5 warofrebellion463unit 1361781 Sheridan Lynchburg cavalry push Grant :: ion , April 7, 1865. Lieut. Gen. TJ. S. Grant, Commanding Armies of the United States : General : I am moving the cavalry column on Appomattox Depot. There are eight trains of cars at that point to supply Lee’s army. Everything is being run out of Lynchburg toward Danville. Our troops are reported a
F6 5929/1 | 0 windows >= 4 words
F7 5929/2 | 2 windows >= 4 words
     4 warofrebellion014702rootrich 3520119 Wilmington Fayetteville Sherman scouts :: 1865 — 12 m. Lientenant-General HARDEE, Fayetteville : GENETCAL: General Bragg reports a heavy force from Wilmington joining tlie troops he lately engaged. It may be Sherman's design to unite with that force and for that object to move toward Goldsborough instead of Raleigh. It is very important, th
     4 warofrebellion014702rootrich 1460654 Wilmington Fayetteville Sherman scouts :: my army correspond with that of General Sherman's other grand divisions. I hope, for these reasons, my request may be complied with. I presume General Sher man, upon hearing of the fall of Wilmington, will send his cavalry this way to communicate with me arid inform me of his progress. I shall also 
F8 5930/1 | 0 windows >= 4 words
F9 5931/0 | 3 windows >= 4 words
     4 warofrebellion463unit 1978267 Eckert deliver arrival Monroe :: ETC. - UNION. [Indorsement.] Will Major Eckert please liave the foregoing dispatch sent to Gen¬ eral Grant at Fort Monroe, and instruct the operator at that place to see that it is delivered to the general on his arrival at Old Point? General Grant left here last night on the steamer Keyport. Respec
     4 warofrebellion014703rootrich 100871 boat deliver arrival Monroe ::  McCallum has just arrived on Baltimore boat. I delivered him a copy of your telegram.* He will leave at once for City Point, WM. L. JAMES, Brevet Major and Assistant Quartermaster. WAR DEPARTMENT, Washington City, March 28, 1865 — 10.45 a. m. Major-General SHERMAN, City Point: General McCalluin is 
     4 warofrebellion014602rootrich 2229588 boat deliver arrival Monroe :: A., March 14, 1805. QUARTERMASTER, Fort Monroe, Va. : Colonel Dent left here about 7 p. m. on the steamer Wilson Small, for the York River. Stop his boat and deliver to him the accompanying dispatch. TJ. S. GRANT, Lieutenant- General. [Inclosure.l CITY POINT, March 14, 1865. Colonel DENT, Aide-de-Ca
F10 5931/1 | 22 windows >= 4 words
     5 warofrebellion463unit 92947 Gordon cavalry Norfolk land Ord :: dqrs. Defenses of Bermuda Hundred, Va., Orders, > Army of the James, No. 33. ) March 19, 1865. In accordance with orders from department headquarters the under¬ signed hereby assumes command of the Defenses of Bermuda Hun¬ dred, relieving Brigadier-General Graham. The command will as soon as practic
     5 warofrebellion461unit 205673 cavalry Norfolk Suffolk water Ord ::  the night of the 27th instant. General Ord will leave behind the minimum number of cavalry necessary for picket duty, in the absence of the main army. A cavalry expedition from General Ord’s command will also be started from Suffolk, to leave there on Saturday, the 1st of April, under Colonel Sumne
     4 warofrebellion463unit 3142147 Gordon cavalry land Ord :: CONFEDERATE. 1359 ordered Dorsey’s (Maryland) cavalry from Gordonsville to Fitz Lee, and directed Mosby to collect liis command south and protect country from Gordonsville west. R. E. LEE, General. Headquarters, March 27 , 1865. (Received 8.20.) Col. J. S. Mosby: (Care Major Boyle.) Collect your com
F11 5933/0 | 0 windows >= 4 words
F12 5933/2 | 46 windows >= 4 words
     5 warofrebellion463unit 3559799 Gordon Hartsuff Virginia relieved command :: a . 1314 Halleck, Henry W., assigned to command of . 788 Hartsuff, George L., assumes command of District of the Nottoway . 1198 Miles, Nelson A., assigned to command of Military District of Fort Mon¬ roe . 1191,1192 Orders, series 1865 — Abbot: No. 5, 1307. Orders, General, series 1865 — Terry : No
     5 warofrebellion463unit 2769903 Gordon Hartsuff Eastern Virginia command ::  Special Orders, 1 Hdqrs. Department of Virginia, f Army of the James, No. — . ) Richmond , Fa., May 25 , 1865. 1. The Sub-Districts of the Roanoke, Blackwater, and Appomattox, as hereinafter designated, will constitute the District of the Nottoway, under the command of Maj. Gen. George L. Hartsuff,
     5 warofrebellion463unit 2694225 Gordon Hartsuff district Virginia command ::  General Orders, J Hdqrs. Department of Virginia, > Army of the James, No. 60. ) Richmond , Va., May 30, 1865. 1. In obedience to General Orders, No. 86, from the War Department, dated May 9, 1865, Maj. Gen. John Gibbon, commander of Twenty- fourth Army Corps, Maj. Gen. George L. Hartsuff, Brig. Gen
F13 5936/0 | 1 windows >= 4 words
     4 warofrebellion471unit 453522 Sherman Goldsboro Beaufort Smith ::  passing in review before Major-General Sherman. After the review encamped near the main Smithfleld road, about two miles from the city. April 29. — Marched from Ealeigh and reached the Neuse Eiver at Smithfleld at 8.30 a. m.; forded the river at that point and marched seven miles and encamped. May 
F14 5941/1 | 3 windows >= 4 words
     5 warofrebellion014703rootrich 101389 Roanoke Chowan Goldsboro Porter Sherman ::  him to follow. Your brother, Hon. John Sherman, left here last night for City Point. EDWIN M. STANTON, Secretary of War. CITY POINT, VA., March 28, 1865. (Received 2.10 p. m.) Hon. E. M. STANTON: 1 await the arrival of General McCallum until his arrival here at 3 p. m., when I will take him with me
     5 warofrebellion014703rootrich 79176 Chowan maps Goldsboro Porter Sherman :: ives and 80 cars. Your brother, Senator Sherman, will start at 8 o'clock this evening to meet you at City Point. EDWIN M. STANTON, Secretary of War. HDQRS. MILITARY DIVISION OF THE MISSISSIPPI, Old Point, March 27, 1865 — 12.30 p. m. General GRANT, City Point : All well at Goldsborough. I am coming 
     4 warofrebellion014702rootrich 46275 maps Goldsboro Porter Sherman ::  will communicate your views to General Sherman. Will be off in half an hour. With good wishes for you, Yours, truly, E. M. STANTON, Secretary of War. HDQRS. MILITARY DIVISION OF THE MISSISSIPPI, In the Field, tiavannali, January 7, 1865. Admiral DAHLGREN, 8a r a n n a h River : DEAR ADMIRAL : The l
F15 5943/1 | 0 windows >= 4 words
