volumes searched: 184
F1 5898/1 | exclusive of the Rhode Island | none
F1 5898/1 | vessels exclusive of the Rhode Island | none
F1 5898/1 | patrol from Cape Henry | none
F1 5898/1 | Cape Henry to Cape Fear | none
F1 5898/1 | whilst troops are moving south | none
F2 5899/0 | the Dumbarton ready | none
F2 5899/0 | we have but one vessel | none
F2 5899/0 | Cambridge will be available | none
F2 5899/0 | Cambridge will be ready on Tuesday | none
F2 5899/0 | convey him up the James River | none
F3 5902/1 | placing the Command of the Eastern District | none
F3 5902/1 | temporarily in the hands of General Vogdes | none
F3 5902/1 | purposes of the Commission | despatchesinstru00fran
F3 5902/1 | devoted to the investigation | none
F3 5902/1 | General Vogdes | privateofficialc04butl,warofrebellion33unit,warofrebellion362unit,warofrebellion422unit,warofrebellion423unit,warofrebellion014602rootrich,warofrebellion463unit,warofrebellion471unit,warofrebellion014703rootrich
F4 5902/2 | investigation can progress quietly | none
F4 5902/2 | take the command for the present | none
F4 5902/2 | you will have to take the command | none
F5 5904/1 | Meagher shipped from here and Annapolis | none
F5 5904/1 | about 10,000 men | 10622705bsb,bim_eighteenth-century_a-collection-of-the-stat_thurloe-john_1742_1,bim_eighteenth-century_memoirs-of-the-life-and-_coxe-william_1798_3,calendarofclaren01bodluoft,calendarofletter0003pasc,calendarorleters0003vari,despatchesinstru00fran,dukeportlandwelb01greauoft,manuscriptsofmar00grea,officialrecordso0009unse,officialrecordso0010unse,officialrecordso0015unse,officialrecordso0021unse,privateofficialc04butl,privateofficialc05butl,reportsofbvtbrig00unit,votinginfieldfor00bent,warofrebellion013403rootrich,warofrebellion013404rootrich,warofrebellion0207rootrich,warofrebellion322unit,warofrebellion323unit,warofrebellion33unit,warofrebellion352unit,warofrebellion361unit,warofrebellion362unit,warofrebellion363unit,warofrebellion371unit,warofrebellion372unit,warofrebellion402unit,warofrebellion403unit,warofrebellion414unit,warofrebellion422unit,warofrebellion423unit,warofrebellion431unit,warofrebellion432unit,warofrebellion452unit,warofrebellion461unit,warofrebellion014602rootrich,warofrebellion463unit,warofrebellion471unit,warofrebellion014702rootrich,warofrebellion014703rootrich,officialrecordso0011unse
F5 5904/1 | 306 mule teams | officialrecordso0009unse,officialrecordso0021unse,recollectionsofc00danauoft,warofrebellion013403rootrich,warofrebellion013404rootrich,warofrebellion322unit,warofrebellion33unit,warofrebellion352unit,warofrebellion362unit,warofrebellion363unit,warofrebellion403unit,warofrebellion414unit,warofrebellion422unit,warofrebellion423unit,warofrebellion431unit,warofrebellion452unit,warofrebellion461unit,warofrebellion014602rootrich,warofrebellion463unit,warofrebellion014702rootrich,warofrebellion014703rootrich
F5 5904/1 | will sail from here tomorrow morning | none
F5 5904/1 | ambulances and ditto | none
F5 5904/1 | Rucker | 10019860bsb,10021035bsb,archivesoucorre01housgoog,archivesoucorre06housgoog,archivesoucorres01groe,archivesoucorres01unse,bub_gb_BI4WXMI4g1wC,bub_gb_EQ4MAAAAYAAJ,bub_gb_lGF3eVwI5y4C,correspondanced01willgoog,correspondancede06will,cu31924024797890,historyofuniteds00bake,histsecretservice00bakerich,lincolnintelegra00bates,politischecorres09fred,politischecorres10fred,privateofficialc04butl,reportsofbvtbrig00unit,warofrebellion0207rootrich,warofrebellion322unit,warofrebellion323unit,warofrebellion33unit,warofrebellion362unit,warofrebellion363unit,warofrebellion371unit,warofrebellion372unit,warofrebellion402unit,warofrebellion403unit,warofrebellion414unit,warofrebellion422unit,warofrebellion431unit,warofrebellion432unit,warofrebellion452unit,wilhelmvonorani00rachgoog,wilhelmvonorani01rachgoog,warofrebellion461unit,warofrebellion014602rootrich,warofrebellion463unit,warofrebellion014702rootrich,warofrebellion014703rootrich
F6 5905/0  | Meagher are just arriving at Morehead | none
F6 5905/0  | just arriving at Morehead | warofrebellion014702rootrich
F6 5905/0  | They have no transportation | warofrebellion322unit,warofrebellion014702rootrich
F6 5905/0  | just been received from Palmer | none
F7 5907/1 | mentioned in Bureau letter of 25th ultimo | none
F7 5907/1 | have not been received | calendarofclaren01bodluoft,calendarofletter0003pasc,calendarorleters0003vari,warofrebellion0207rootrich,warofrebellion323unit,warofrebellion33unit,warofrebellion361unit,warofrebellion371unit,warofrebellion403unit,warofrebellion422unit,warofrebellion432unit,warofrebellion461unit
F7 5907/1 | required for immediate use on James River | none
F7 5907/1 | Lynch Commander and Inspector of Ordnance | officialrecordso0011unse
F8 5912/1 | requires an office at Yorktown at once | none
F8 5912/1 | anxious inquiry about office | none
F8 5912/1 | Can you supply these operators | none
F8 5912/1 | one at Yorktown is considered imperative | none
F9 5914/1 | Newbern has arrived from Cape Fear | none
F9 5914/1 | within four miles of Wilmington | none
F9 5914/1 | Trenchard | 10622705bsb,calendarofstatep0021will,dukeportlandwelb01greauoft,lincolnintelegra00bates,warofrebellion014602rootrich,officialrecordso0011unse
F10 5915/0 | telegraph station be established at Yorktown | none
F10 5915/0 | establish the office as speedily as practicable | none
F10 5915/0 | respectfully forwarded to Major Eckert | none
F10 5915/0 | Acting Chief Quartermaster | warofrebellion323unit,warofrebellion33unit,warofrebellion352unit,warofrebellion363unit,warofrebellion371unit,warofrebellion372unit,warofrebellion402unit,warofrebellion403unit,warofrebellion414unit,warofrebellion422unit,warofrebellion423unit,warofrebellion431unit,warofrebellion432unit,warofrebellion452unit,warofrebellion461unit,warofrebellion463unit,warofrebellion471unit,warofrebellion014702rootrich,warofrebellion014703rootrich
F11 5915/1 | Cuyler arrived this morning from Fort Fisher | none
F11 5915/1 | evacuation of Wilmington on the night of the 21st | none
F11 5915/1 | neglected to destroy | none
F12 5917/1 | I sent for Johnson to try him | none
F12 5917/1 | greatest rascal should escape | none
F12 5917/1 | do not let him turn State evidence | none
F12 5917/1 | send him to you under guard | none
F12 5917/1 | Do you want him | privateofficialc04butl,privateofficialc05butl,warofrebellion402unit,warofrebellion403unit
F12 5917/1 | Washburne Chairman Committee of Commerce | none
F13 5918/0 | order I gave Wilder to report for duty | none
F13 5918/0 | Wilder is directed to report in person | none
F13 5918/0 | receiving moneys from negroes | none
F13 5918/0 | retain Captain Wilder until proper inquiry | none
F13 5918/0 | prevent my holding him responsible | none
F14 5918/1 | entirely out of pilots | none
F14 5918/1 | furnish the Navy with two pilots | none
F14 5918/1 | monitors to go up James River | none
F15 5919/1 | cannot find the scout that was to report | none
F15 5919/1 | ready to proceed in two hours | none
F15 5919/1 | Shall I go without him | none
F15 5919/1 | Colonel Roberts 139th New York | none
F15 5919/1 | Lieutenant Colonel Bowers | recollectionsofc00danauoft,warofrebellion322unit,warofrebellion362unit,warofrebellion403unit,warofrebellion422unit,warofrebellion423unit,warofrebellion014602rootrich,warofrebellion463unit
