volumes 177
F1 5879/0 | none
F1b | none
F2 5883/0 | none
F2b | none
F4 5885/1 | none
F5 5886/0 | none
F6 5887/0 | none
F6b | none
F7 5887/1 | none
F7b | officialrecordso0009unse@1923625
F8 5888/1 | historyofuniteds00bake@1406221, histsecretservice00bakerich@1399581, warofrebellion33unit@1637565, warofrebellion414unit@238921, warofrebellion431unit@259248
F8b | officialrecordso0009unse@2204236, officialrecordso0010unse@1968273, officialrecordso0015unse@1836920, officialrecordso0021unse@244604, privateofficialc04butl@269374, recollectionsofc00danauoft@225669, warofrebellion013403rootrich@4872, warofrebellion013404rootrich@105630, warofrebellion0207rootrich@386997, warofrebellion322unit@80505, warofrebellion323unit@111668, warofrebellion33unit@2172524, warofrebellion352unit@352178, warofrebellion361unit@591788, warofrebellion362unit@81121, warofrebellion363unit@11165, warofrebellion371unit@1275368, warofrebellion372unit@438179, warofrebellion402unit@45251, warofrebellion403unit@178548, warofrebellion414unit@37501, warofrebellion422unit@912163, warofrebellion423unit@115653, warofrebellion431unit@346173, warofrebellion432unit@187337, warofrebellion452unit@10522
F9 5888/2 | none
F9b | none
F10 5889/2 | none
F10b | none
F11 5890/2 | none
F13 5895/2 | none
F13b | none
F14 5896/2 | none
F15 5897/0 | none
F15b | none
F16 5861/2b | none
F16b | none
