F1 5898/1 | 609 windows >= 4 words
     9 warofrebellion014602rootrich 570889 Rhode Island Cape Cape Fear River troops Hampton Roads :: ll leave here at 10 a. m. to-morrow for Cape Fear River and Hampton Roads in the evening. I go from Hampton Roads on the Rhode Island. I would like General Schotield to go down with me, but if he deems his presence with his troops necessary he need not go. How soon will the first division get off "I
     9 officialrecordso0011unse 1854081 Rhode Island Cape Cape Fear River vessels Hampton Roads :: ll the Saugus. The Saugus went up James River this morning. The Rhode Island is in Hampton Roads waiting to receive Lieutenant-General Grant, agreeable to the order of the honorable the Secretary of the Navy. Am just informed that Assistant Secretary of the Navy, Mr. Fox, will accompany him. I have 
     8 officialrecordso0011unse 2026723 Rhode Island Cape Cape Fear River Hampton Roads ::  you have finished oper¬ ations in Cape Fear River and can be spared therefrom, to report at the Bureau of Navigation, Navy Department, as a member of a naval board, of which Vice-Admiral Farragut will act as president. V ery respectfully, Gideon Welles, Secretary of the Navy. Rear-Admiral D. D. Por
F2 5899/0 | 323 windows >= 3 words
     5 officialrecordso0011unse 2078316 Dumbarton Cambridge James River vessel ::  United States, City Point, Va. List of vessels composing the North Atlantic Blockading Squadron, Feb¬ ruary 1, 1865. Name. A. D. Vance Agawam . . . Aries . . Alabama . . . Alert . . Atlanta _ Guns. Class. Commanding officer. Present duty or station. 5 10 7 10 2 a 4 3 3 3 4 3 Lieut. Commander J. H. 
     5 officialrecordso0011unse 232667 Tuesday James River vessel ready :: of the Navy , requesting lights for the vessels in James River. . North Atlantic Squadron, TJ. S. Flagship Malvern , Hampton Roads , November 19, 1861. My Dear Fox: Will you please have sent me without delay ten large locomotive lanterns to put on the monitors and other vessels’ bows in James River;
     4 warofrebellion461unit 1882840 James River vessel ready ::  after suffering the loss of one of its vessels, exploded by a shell from our batteries on the right bank of the James River, the fleet steamed back. I had taken measures from the original occupancy of the depot to have the supplies of the medical purveyor kept afloat and ready for movement should a
F3 5902/1 | 21 windows >= 4 words
     5 warofrebellion463unit 3380038 Gordon Vogdes Eastern District Ord :: eitzel. Goodwin, Miss. Mentioned . 1078 Gordon, Abram M. E. Mentioned . 862 Gordon, George H. Address of, to citizens of District of Eastern Virginia . 838 Correspondence with Adjutant-General’s Office, U. S. A . 443 Fort Monroe, Va., Telegraph Operator at . 215 Halleck, Henry W . 1001, 1121 Ludlow,
     5 warofrebellion463unit 120629 Gordon Vogdes Eastern District Ord :: ames, March 20 , 1865 — 4 p. m. General Gordon, Norfolk , Va.: The Secretary of War says you can proceed with conscription in Norfolk, Portsmouth, and Hampton. I shall write you further instruc¬ tions. Part of Sumner’s command was directed to remain and report to you. Keep them at some quiet place. 
     5 warofrebellion014602rootrich 3401644 Gordon Vogdes Eastern District Ord ::  1243 Virginia, Department of. (Union.) Gordon, George H. Assigned to temporary command of District of Eastern Virginia 504 Assumes command of District of Eastern Virginia 53S Ord, Edward O. C., assigned to command of 421 Orders, General, series 1865— Ord : No. 26,647. Gordon : No. 2. 538; No. 3, 55
F4 5902/2 | 2 windows >= 4 words
     4 warofrebellion463unit 120465 Gordon Vogdes Ord command :: countermanded. The staff of the general commanding will be announced in further orders. EDW. FERRERO, Brevet Major-General of Volunteers. Headquarters Army of the James, March 20 , 1865 — 4 p. m. General Gordon, Norfolk , Va.: The Secretary of War says you can proceed with conscription in Norfolk, P
     4 warofrebellion014602rootrich 3401644 Gordon Vogdes Ord command ::  1243 Virginia, Department of. (Union.) Gordon, George H. Assigned to temporary command of District of Eastern Virginia 504 Assumes command of District of Eastern Virginia 53S Ord, Edward O. C., assigned to command of 421 Orders, General, series 1865— Ord : No. 26,647. Gordon : No. 2. 538; No. 3, 55
F5 5904/1 | 2 windows >= 4 words
     4 warofrebellion014702rootrich 759328 Meagher Schofield Annapolis shipped :: ld take entire control of the road from Annapolis Junction. KOBT. X. SCOTT, Major and Assistant Adjutant- General. ANN A POT/IS, Mi)., February 3, 18(>X. ("Received 1) a. m. 4th.) Ma]. Gen. H. W. HALLEOK, Chief of Staff: One of General Schofield's brigades arrived at 5.30 p. in., and is being embark
     4 warofrebellion014702rootrich 575282 Meagher Schofield Rucker Annapolis :: rig. Gen. I. N. Palmer, to whom General Meagher will report on his arrival at Beaufort for further orders. The Second and First Divisions, Twenty-third Army Corps, will embark at Alexandria or Annapolis, as may be directed by Brigadier- Gen era! Rucker, quartermaster, as soon as transports shall be 
F6 5905/0 | 3 windows >= 4 words
     5 warofrebellion014702rootrich 989554 Palmer Meagher Morehead arriving transportation :: ng has just been received from. General Palmer, addressed to yon : KKKRCARY 8, 1X65—0 p. m. The troops of Meaghers division are just arriving at Morehead. They have no transportation. li. <1. WEBSTER, Colonel and Quartermaster, 384 OPERATIONS IN N. C., S. C., S. GA., AND E. FLA. ICHAP. LIX. HEADQUAR
     4 warofrebellion014703rootrich 29243 Palmer Morehead arriving transportation :: commanders of all detachments of troops arriving at Wil mington, New Berne, or Morehead City will report to the district com mander at Wilmington or New Berne, who will have such troops forwarded to their respective commands without delay. Troops coming to the front will be required to march. In no 
     4 warofrebellion014702rootrich 1711729 Palmer Meagher Morehead arriving :: ning part of the old troops and part of Meagher's to each. I have ordered away from the different posts and garrisons all that can be spared, and attached them to the moving column. There were a little over 3,000 of Meaghers men here. Palmer's and Carters divis ions will number not quite 4.000 each.
F7 5907/1 | 80 windows >= 4 words
     7 officialrecordso0011unse 422984 Lynch torpedoes Wise Bureau Ordnance James River :: ifth Division North Atlantic Squadron , James River. [Telegram.] Bureau of Ordnance, Navy Department , Washington City , December 6, 1864 — 3:30 p. m. A torpedo apparatus and i?0 torpedoes have this day been forwarded from the ordnance yard here by an army transport to the care of the senior officer
     6 officialrecordso0011unse 2185758 torpedoes Bureau Ordnance James River use :: chell , C. 8. Navy, to the Chief of the Bureau of Ordnance and hydrography, requesting a supply of torpedoes for the cutters used as pickets. Flagship Virginia, James River Squadron, November 6, 1864. Sir : Each of our ironclads has a cutter fitted with a torpedo contain¬ ing about 25 or 30 pounds o
     6 officialrecordso0011unse 1834100 Lynch torpedoes Bureau Ordnance River immediate :: nitor Onondaga, Aiken's Landing, Janies River , January 23, 1865. I would respectfully recommend that the batteries commanding Trent’s Reach and the obstructions should be immediately reinforced with heavy guns, and that more vessels be sunk in the night near the obstructions; also that some large t
F8 5912/1 | 5 windows >= 4 words
     4 warofrebellion463unit 2379399 office operators telegraph Ord :: taken under direction of a commissioned officer, proper receipts for which will be given. Each brigade train will move with the division train until it reaches a point near the headquarters desig¬ nated in paragraph I, where it will be turned off and join the command to which it belongs. VI. There w
     4 warofrebellion463unit 2027222 office operators telegraph Ord :: 865 . Brigadier- General Dyer, Chief of Ordnance , Washington : I think the Tredegar Works should be put in operation to repair all ordnance here before it is removed North. This will give employment to mechanics whose families we must otherwise feed to prevent starva¬ tion. H. W. HALLECK, Major- Ge
     4 warofrebellion463unit 2003802 office telegraph Ord Quartermaster :: ng. R. N. BATCHELDER, Colonel and Chief Quartermaster. Special Orders, ) Hdqrs. Army of the Potomac, No. 103. j April 23, 1865. ####### 4. The regiments recently composing the garrison of the post of City Point, excepting the First Massachusetts Cavalry, are assigned to the Fifth Corps. The commandi
F9 5914/1 | 22 windows >= 4 words
     6 officialrecordso0011unse 332682 Trenchard Wilmington Cape Fear Rhode Island :: ish blockade- running steamer Vixen off Wilmington on the 1st instant by the Rhode Island. As the Vixen is reported to be leaking badly, I have ordered her up here for an examination. The report of Commander Trenchard, commanding Rhode Island, together with the prize list of his vessel, is forwarded
     5 officialrecordso0011unse 2026718 Trenchard Cape Fear Rhode Island :: on as you have finished oper¬ ations in Cape Fear River and can be spared therefrom, to report at the Bureau of Navigation, Navy Department, as a member of a naval board, of which Vice-Admiral Farragut will act as president. V ery respectfully, Gideon Welles, Secretary of the Navy. Rear-Admiral D. D
     5 officialrecordso0011unse 1620074 Wilmington Cape Fear Rhode Island :: ephen D. Teenchard, Commanding U. 8. 8. Rhode Island. 560 NORTH ATLANTIC BLOCKADING SQUADRON. Report of Gunner Hamilton, U. S. Navy, regarding expenditure of anfinunition on the U. S. S. Rhode Island. U. S. S. Rhode Island, Off Wilmington, 2V. C., January 16, 1865. Sir: I respectfully forward the re
F10 5915/0 | 12 windows >= 4 words
     4 warofrebellion463unit 2384108 Yorktown James Ord established :: g Green, Columbia, Charlottesville, and Yorktown, are already occupied by U. S. forces, and garrisons will shortly be established at Lynchburg, Staunton, Gor- donsville, and Danville. He requests that arrangements be made for the regular transmittal of mails to and from all these places. At those po
     4 warofrebellion463unit 2100039 telegraph station James Ord :: he latter place may be stopped there by telegraph. This is not the same party as one engaged in tak¬ ing the engine at Boston. THOS. DODAMEAD, General Superintendent Richmond and Danville Railroad. Headquarters Army of the Potomac, April 25, 1865 — 8 p. m. Mr. Thomas Dodamead, General Superintendent
     4 warofrebellion463unit 827214 telegraph James Ord established :: hief Operator, Headquarters Army of the James: My telegraph office was established by special order of Lieutenant- General Grant after two serious interruptions of important business which resulted from your order before breaking it up. A special order for an operator was sent to Fort Monroe. He doe
F11 5915/1 | 1 windows >= 4 words
     4 officialrecordso0011unse 1163036 Fisher Wilmington Terry Fulton :: y. The troops will probably be off Fort Fisher by Friday next. I think the fleet can furnish boats enough if they can not be got conveniently elsewhere. U. S. Grant, Lieutenant- General. Hon. G. V. Fox, Assistant Secretary of Navy. [Telegram.] Navy Department, Washington , January 3 , 1865. The Gove
F12 5917/1 | 0 windows >= 4 words
F13 5918/0 | 3 windows >= 4 words
     4 warofrebellion463unit 3363309 Ord Beckwith Grant Department :: man, Thomas H. Correspondence with Navy Department, U. S . 902 Easton, Langdon C. Mentioned . 1125, 1126 Eaton, Amos B. Correspondence with Adjutant-General’s Office, U. S. A . 822 Mentioned . 845,1155 For other correspondence, see Subsistence Department, JJ. S. A. Eaton, John B. Mentioned . 1042,11
     4 warofrebellion463unit 338338 Ord Grant Department negroes ::  this p. m., which is also confirmed by negroes, who said it was Grant’s cavalry. I think Sheridau must have arrived at Jones’ Bridge. The pontoon bridge is finished. E. O. C. OKD, Major-General. City Point, Va., March 25 , 1865. (Received 10.35 p. m.) Maj. Gen. E. O. C. Ord, Commanding Army of the 
     4 officialrecordso0011unse 2385000 Wilder Ord Grant Department :: , IT. S. S . 245 Kansas, U.' S. S . 244 Wilderness, U. S. S . 241-244 Communications from Porter, David D . 217,223 Wise, H. A . 232,233 Decision of board of officers as to practicability . 215 Extract from diary of William Lamb, commandant . 245 Orders and instructions. Navy Department, U. S . 207,
F14 5918/1 | 42 windows >= 4 words
     5 officialrecordso0011unse 2214717 pilots monitors James River Navy :: w high up it is kept; also, whether his monitors visit the reach now or have done so for several weeks past. In short, you will please obtain all the information you can in rela¬ tion to the enemy and his operations in that vicinity, and report to me on your return in writing either jointly or separ
     5 officialrecordso0011unse 1990244 monitors James River Navy furnish :: mond. When I reached the squadron 1 was furnished with ammunition, ram torpedo, and such things as could be spared. The crew of the Torpedo , hearing of the Torpedo being saved, came down to the batteries at Howlett’s at 1 p. m. yesterday evening and got on board, the Torpedo 688 NORTH ATLANTIC BLOC
     4 warofrebellion461unit 1375434 monitors James Navy furnish :: e and three single tur- reted iron-clad monitors, concentrating their whole fire on the land face, keeping up a regular fire till 5 p.m. At this hour three frigates — Colorado, Minnesota, and Wabash, as supposed — came into action and continued a terrific fire until 6 p. m. Colonel Lamb, anticipatin
F15 5919/1 | 0 windows >= 4 words
