officialrecordso0011unse | Fisher | 1
      near Fort {{{Fisher}}}, N. C., December 24, 1864 . 207-245 First attack on Fort {{{Fisher}}}, December
      on Fort {{{Fisher}}}, December 24, 1864 . 42g Plan of second attack on Fort {{{Fisher}}} . - . . .
      assault on ^ Fort {{{Fisher}}}, J anuary 15, 1865 . . . . - . Armament of Fort {{{Fisher}}} and adjacent batteries
officialrecordso0011unse | Cosgrove | 1
      S. S. Vanderbilt. Name. Rate. Tin mas 15. {{{Cosgrove}}} J ames Green . James Bailey . James Richardson
      293 Corrie, F. H. Mentioned . 532,534,576 {{{Cosgrove}}}, Thomas B. Mentioned . 518 Costello, John
officialrecordso0011unse | Ericsson | 1
      upon a solid in immediate contact, as the {{{Ericsson}}} gun. To put the air in motion and hope
officialrecordso0011unse | Eckert | 0
officialrecordso0012unse | Cosgrove | 0
officialrecordso0012unse | Eckert | 0
officialrecordso0012unse | Sheldon | 1
      Loyal , S. C. Re-port of Acting Master {{{Sheldon}}}, U. S. Navy , commanding prize schooner Active
      Respectfully, your obedient servant, W. B. {{{Sheldon}}}, Acting Master, U. S. Navy. Hon. Gideon Welles
      Sewell, William . 222 Shankland, W. F . 554 {{{Sheldon}}}, W. B . 779 State Department, U. S . 329
privateofficialc05butl | Sheldon Monroe | 0
privateofficialc05butl | Carney | 1
      Cardoza, Judge, Albert, 340 {{{Carney}}}, Maj. George C, 664 {{{Carney}}}, J. B., 271, 356, 360, 363
      Standard. Behold the enclosed note of Mr. {{{Carney}}}. I have delivered the papers to your investigator
      Sir ' Very respectfully, yours, Jas. G. {{{Carney}}} LETTERS OF GEN. BENJAMIN F. BUTLER
papersofulyssess0013gran | Fisher | 0
papersofulyssess0013gran | Sedgwick | 0
papersofulyssess0013gran | Carney | 0
be-api requests 12
