volumes searched: 183 10019860bsb 10021035bsb 10622705bsb aktyipismakisto00forsgoog ambassadesdemess05vert antonioperezetph00mign aragoniaibeatrix00berz archivesoucorre00housgoog archivesoucorre01housgoog archivesoucorre02housgoog archivesoucorre03groe archivesoucorre03housgoog archivesoucorre04housgoog archivesoucorre04unkngoog archivesoucorre05housgoog archivesoucorre06housgoog archivesoucorre07housgoog archivesoucorre08housgoog archivesoucorre09housgoog archivesoucorres01groe archivesoucorres01unse archivesoucorres02groe archivesoucorres02unse archivesoucorres03unse archivesoucorres04groe archivesoucorres04unse archivesoucorres05groe archivesoucorres05unse beatrixkirlyn14500berz bim_eighteenth-century_a-collection-of-the-stat_thurloe-john_1742_1 bim_eighteenth-century_memoirs-of-the-life-and-_coxe-william_1798_1 bim_eighteenth-century_memoirs-of-the-life-and-_coxe-william_1798_2 bim_eighteenth-century_memoirs-of-the-life-and-_coxe-william_1798_3 bub_gb_1qtcMB3cKasC bub_gb_3N1SAAAAcAAJ bub_gb_5GumwYtaHX8C bub_gb_AH4nk3oEuIsC bub_gb_BI4WXMI4g1wC bub_gb_BojohG8zXkQC bub_gb_D8ZW1o6MNMMC bub_gb_EQ4MAAAAYAAJ bub_gb_IP8DUd8XLsEC bub_gb_KMrMHt2MUgUC bub_gb_NhOJqSX9GgIC bub_gb_bOnmNv2ZLVoC bub_gb_cM5KS3lziccC bub_gb_lGF3eVwI5y4C bub_gb_n0O44Q7X8RMC bub_gb_qWTswSr32NYC bub_gb_rM--6yqWqc4C bub_gb_wBJLsV8B_BgC bub_gb_zBQish8rkmAC calendarofclaren01bodluoft calendarofletter0003pasc calendarofstatep0021will calendarorleters0003vari charlesiin1646le00chariala correspondanced01willgoog correspondanced03coopgoog correspondancede0000unse_m5g7 correspondancede01will correspondancede02phil correspondancede02will correspondancede03will correspondancede04will correspondancede05will correspondancede06will cu31924024797890 danskemagazin02unkngoog despatchesinstru00fran diplomaticcorres01montiala diplomaticcorres02mont dukeportlandwelb01greauoft elisabethfarnese00armsuoft eltenientegener00villgoog eltenientegener01villgoog frankreichseinfl01suge histoiredelaguer02char historyofuniteds00bake histsecretservice00bakerich kancellietsbrevb02denm labibliothque01gach labibliothquen02gachuoft lemarchaldegu00noai lepredemadamede00dargoog leshuguenotsetle03kerv lesoriginespolit01romi lesoriginespolit02romi lettersofqueenhe00henr lettresdecatheri03cathuoft lettresdecatheri04cathuoft lettresdecatheri09cathuoft lettresdecatheri10cathuoft lettresdepierre00noyegoog lettresducardina02maza lettresducardina09maza lettresindites00cond lettresinstructi06richuoft lettresinstructi07richuoft lettresinstructi08richuoft lewwallaceautobi00wall lincolnintelegra00bates manuscriptsofmar00grea manuscritsetdocu00meco memoiresdelaligu01goul memoiresdelaligu02goul memoiresdelaligu03goul memoiresdelaligu04goul memoiresdelaligu05goul memoiresdelaligu06goul memoiresdelouish02brie memoiresdelouish03brie memoirskingsspa00unkngoog memoirskingsspa02unkngoog memoirsofhoratio00coxe memorialsofgreat01caryuoft mmoiresinditsde00barrgoog mmoiresinditsde01barrgoog monumentahungari0039unse negociationssecr02lecl negociationssecr03lecl negociationssecr04lecl ngociationsdel03charuoft ngociationslet00pari nouvellecollecti06michuoft ocondedelinhares00func officialrecordso0009unse officialrecordso0010unse officialrecordso0015unse officialrecordso0021unse p1cataloguegnr02bibluoft p1geschichtederpre04droyuoft politischecorres09fred politischecorres10fred pologne00farggoog pologne01farggoog privateofficialc04butl privateofficialc05butl recollectionsofc00danauoft recueildesinstr00diplgoog regestadiplomat04copegoog relationspoliti06teulgoog relationspoliti07teulgoog relationspolitiq05nethuoft relationspolitiq06nethuoft reminiscencesofw00sewauoft reportofsecre00unit reportsofbvtbrig00unit szzadok50trgoog thenicholaspaper01camduoft traitsdudanemar00denmgoog traitsdudanemar02denmgoog undiplomatepoite00richuoft votinginfieldfor00bent warofrebellion013403rootrich warofrebellion013404rootrich warofrebellion0207rootrich warofrebellion322unit warofrebellion323unit warofrebellion33unit warofrebellion352unit warofrebellion361unit warofrebellion362unit warofrebellion363unit warofrebellion371unit warofrebellion372unit warofrebellion402unit warofrebellion403unit warofrebellion414unit warofrebellion422unit warofrebellion423unit warofrebellion431unit warofrebellion432unit warofrebellion452unit warofrebellion461unit warofrebellion462unit warofrebellion463unit warofrebellion471unit warofrebellion511unit warofrebellion512unit wilhelmvonorani00rachgoog wilhelmvonorani01rachgoog williamhsewardau03sewa
F1 5847/2 | unable to furnish anchor and chain | none
F1 5847/2 | anchor and chain in time for steamer Baltic | none
F1 5847/2 | will not be sent on the expedition | none
F1 5847/2 | need not send to New York for them | none
F2 5849/0 | I have ordered the steamers C. C. Leary, Ariel and Victor to report to Colonel Newport | none
F2 5849/0 | consumed all surplus transportation | none
F2 5849/0 | request of General Ingalls | none
F3 5849/1 | turn them over to Colonel Morgan | none
F3 5849/1 | coaling and watering under the instructions received from General Ingalls | none
F3 5849/1 | what number of troops each steamer will carry | none
F4 5850/1 | turn over to you all the launches and large boats | warofrebellion462unit
F4 5850/1 | Please direct me in the premises | warofrebellion462unit
F5 5851/0 | ordered to report to Colonel Bradley | warofrebellion463unit
F5 5851/0 | Euterpe, H. Livingston | none
F5 5851/0 | Prometheus, Thames, Idaho | none
F5 5851/0 | Atlantic draws too much water | none
F6 5851/1 | Steamers all ready coaled and loaded with proper rations | warofrebellion462unit
F6 5851/1 | list will be handed you stating capacity | warofrebellion462unit
F6 5851/1 | Rawlins wishes you to send to this place | none
F7 5852/1 | wishes to know if the steamers named in your dispatch have started | none
F7 5852/1 | been reported from Jamestown | none
F8 5852/2 | steamers named had left here before 9 a. m. | none
F8 5852/2 | if the steamer Russia is at Monroe | none
F8 5852/2 | send here in time for a flag ship | none
F9 5853/1 | She answers the description you required | none
F9 5853/1 | If you can spare the Montauk we need her here | none
F9 5853/1 | C. C. Leary is just in | none
F10 5854/0 | Bendford is not here | none
F10 5854/0 | Ainsworth has copy with him | none
F10 5854/0 | no other vessel here except the Alliance | none
F10 5854/0 | fully comply with the orders | none
F11 5854/1 | Cuyahoga has not arrived | none
F11 5854/1 | letter for Mr. Draper | none
F11 5854/1 | McClellan, Atlantic, Tonawanda, and Champion | none
F11 5854/1 | light boats must be put back again at Cedar Point | none
F12 5855/2 | light-draft steamers not over five feet | none
F12 5855/2 | suitable for going with the other vessels | none
F12 5855/2 | Eliza Hancox and a Winants will answer | none
F12 5855/2 | good supply of coal only will be required | none
