(all) | "I have joined the" Sumner "mounted rifles" Emerick Sheldon | 2
   id ['sim_congressional-record-proceedings-and-debates_january-27-february-12-1917_54']
       aceording to the reports in the papers; there is the {{{Sumner}}}, a magnificent transport lying up on the coast
       and being in the wool business in Boston, at 233 {{{Sumner}}} Street, which business | conduct through a partner
   id ['us_congress_64']
       according to the reports in the papers; there is the {{{Sumner}}}, a magnificent transport lying up on the coast
       and being in the wool business in Boston, at 233 {{{Sumner}}} Street, which business I conduct through a partner
(all) | "flat cars sent here at once" Wright commence work Beckwith | 0
(all) | "double line from Morehead City to Goldsboro" Eckert Sheldon | 0
(all) | "very essential objection" "moving office" Eckert Sheldon | 0
(all) | "Captain Glisson" "Convoy is now ready" Rawlins Beckwith | 0
(all) | "Champion arrived" Wilmington Fayetteville Sherman scouts Eckert Sheldon | 10
   id ['exhibitorfebmay141jaye']
       was announced last week by A1 {{{Sherman}}}, president, {{{Sherman}}} Plan, Inc., producer of this one-reel
       laboratories, it was announced by A1 {{{Sherman}}}, president, {{{Sherman}}} Plan, Inc., producer of this one-
   id ['per_new-york-times-magazine_the-new-york-times_1928-08-10_77_25766']
       stocks, outh, Inc... {{{Wilmington}}}, Shares In The 8 Trust Company of America, {{{Wilmington}}}... ... ois 250,000
       Corp., {{{Wilmington}}}, retail and wholesale furniture—Corporation > Trust Co. of Amer, {{{Wilmington}}}... $5,000
   id ['sim_new-york-times_1928-08-10_77_25766']
       Ine.; {{{Wilmington}}}, stocks, nepetg: securlties—Corporation Trust’ Corhpany of America, {{{Wilmington}}}... . sae
       after the directors’ meeting for his home in {{{Wilmington}}}. -No reference was made at the General Motors
   id ['sim_new-york-times_the-new-york-times_1936-12-27_86_28827']
       the program. Boy {{{Scouts}}} to Greet Lehman For the first time, Girl {{{Scouts}}} and Boy {{{Scouts}}} will have a part
       ‘temptation to discard a small {{{Scouts}}} and the Senior {{{Scouts}}} there of {{{Scouts}}} from all over the coun- BASS-BARITONE
(all) | "no news of the Montauk" Eckert Hurlbut Kinston | 0
(all) | "name of boat is" Sheldon Eckert Dealy Windsor | 0
(all) | "how much water can your" gunboats Gordon Emerick Beckwith | 0
(all) | "Broad Ford is the best place" Boyle guide Blackwater Gordon Emerick | 0
(all) | "you will therefore not be relieved" Gordon Emerick Hartsuff | 0
(all) | "relative to barges" Morehead City "no exertions will be spared" Eckert James | 0
(all) | "Sherman occupied Goldsboro" Sinclair Tribune Elias Smith | 0
privateofficialc05butl | Sheldon Emerick Gordon Boyle Blackwater Suffolk | 0
papersofulyssess0014gran | Sheldon Beckwith Emerick Gordon Blackwater | 0
warofrebellion014702rootrich | Gordon Emerick Boyle Blackwater Suffolk guide | 0
be-api requests 16
