entry	row	key	window	a	lcs/n	b_p95	hit	c	c_key_meanings
F1	5867/0	no1	0	0.711	27/38	0.237	HIT	9	danger engineer general meade navy secretary twelve wilmington
F1	5867/0	no1shuf7	0	0.692	27/39	0.231	HIT	11	arkansas army burnside colonel general hanover near secretary shelbyville state twelve
F2	5868/0	no1	0	0.667	6/9	0.556	HIT	1	colonel
F2	5868/0	no1shuf7	0	0.600	6/10	0.500	HIT	3	general troops washburne
F3	5867/2	no1	2	0.810	17/21	0.381	HIT	4	forage general quartermaster troops
F3	5867/2	no1shuf7	2	0.810	17/21	0.381	HIT	4	coosa forage hill movement
F4	5869/1	no1	1	0.643	18/28	0.286	HIT	8	artillery butler department eleven follow general norfolk
F4	5869/1	no1shuf7	1	0.581	18/31	0.258	HIT	10	abandon eleven general petersburg rail road secretary thomas vermont
F5	5870/0	no1	0	0.630	17/27	0.259	HIT	10	baltimore brigadier captain colonel forage general telegraph today troops
F5	5870/0	no1shuf7	0	0.567	17/30	0.233	HIT	13	encountered enemy equip forage force general huntsville movement offensive strong troops washburne
F6	5871/0	no1	0	0.780	32/41	0.268	HIT	9	army beaufort department navy norfolk porter secretary thirteen volunteer
F6	5871/0	no1shuf7	0	0.689	31/45	0.244	HIT	13	effect force general government jno knoxville lines logan palmer rail road thirteen
F7	5871/1	no1	1	0.484	15/31	0.226	-	15	alabama brigadier chief general hundred men nine seventy staff three two
F7	5871/1	no1shuf7	1	0.484	15/31	0.226	-	15	beauregard holly hundred navy nine ohio secretary seventy springs three two
F8	5873/1	no1	1	0.500	19/38	0.237	HIT	18	chief colonel eight general hundred men nine seven seventy six staff thirty thousand
F8	5873/1	no1shuf7	1	0.514	19/37	0.243	HIT	17	beauregard cleveland danger eight hundred nine ohio seven seventy six thirty thousand
F9	5877/0	no1	0	0.577	15/26	0.269	HIT	11	colonel fifteen fifty four rations reinforcements report six thousand transportation
F9	5877/0	no1shuf7	0	0.577	15/26	0.269	HIT	11	camp fifteen fifty four impregnable jackson offensive savannah six thousand troops
F10	5877/1	no1	1	0.604	32/53	0.208	HIT	21	attack captain capture enemy entrench force fort gun river siege six ten today transport troops two
F10	5877/1	no1shuf7	1	0.542	32/59	0.186	HIT	27	attack chattahoochee demoralize effective encountered enemy equip flank force galveston goldsboro huntsville louisiana new pickets roddy secretary six strong ten trenton two war york
F11	5877/2	no1	2	0.281	18/64	0.141	-	40	colonel fifteen general grant hundred information major men quartermaster rations signed thousand three
F11	5877/2	no1shuf7	2	0.286	18/63	0.127	-	42	chickamauga cleveland coosa fifteen hundred kingsport newbern ohio red report river savannah scouts signed thousand three troops
F12	5878/1	no1	1	0.585	31/53	0.208	HIT	18	ammunition brigadier chief expedition fifty fort general hundred men quartermaster staff telegraph thousand three troops
F12	5878/1	no1shuf7	1	0.585	31/53	0.208	HIT	21	beauregard coosa fifty galveston goldsboro gunboat hundred newbern offensive ohio pensacola petersburg post secretary state thousand three winchester
