volumes searched: 177
F1 5879/0 | Fort Fisher is ours | none
F1 5879/0 | all the adjacent defences of New Inlet | none
F1 5879/0 | a well sustained assault | none
F1 5879/0 | nothing could withstand the bravery of our troops | none
F1 5879/0 | bright flash was seen to proceed | none
F1 5879/0 | greatest anxiety prevailed on board the Vanderbilt | none
F1 5879/0 | powder magazine just outside | none
F1 5879/0 | Tribune Special Correspondent | none
F2 5883/0 | remain at Varina until Mr. Blair arrives | none
F2 5883/0 | Blair arrives and is passed through the lines | none
F2 5883/0 | notify Colonel Mulford | none
F3 5885/0 | has started this evening on his return | none
F3 5885/0 | I send today the El Cid and Ranger | none
F3 5885/0 | Cassandria is just here | none
F3 5885/0 | El Cid and Ranger | none
F4 5885/1 | torpedoes of 900 pounds each with insulating wire | none
F4 5885/1 | send immediately by the Phlox | none
F4 5885/1 | I have immediate use for them | none
F4 5885/1 | Captain Lynch commanding ordnance ship | none
F5 5886/0 | torpedoes of 900 pounds each with insulating wire | none
F5 5886/0 | are required by Commander Parker | none
F5 5886/0 | twelve torpedoes of 900 pounds | none
F6 5887/0 | Nevada will be at Monroe | none
F6 5887/0 | order her to City Point immediately after they have landed | none
F6 5887/0 | will take months to prepare them | none
F6 5887/0 | Bureau does not know for what purpose these are intended | none
F6 5887/0 | torpedoes of the kind you name are not available | none
F7 5887/1 | Saugus left this morning for Washington | none
F7 5887/1 | General Grant needs her at once | none
F7 5887/1 | let a message meet her and turn her back | none
F8 5888/1 | I shall leave here tomorrow to be absent several days | none
F8 5888/1 | return to your headquarters in the field | none
F8 5888/1 | take charge of army operations from here | none
F8 5888/1 | in case of contingency you will be on hand | none
F9 5888/2 | all asked for has been ordered | none
F9 5888/2 | not less than 6000 men will report to you | none
F9 5888/2 | prepare accordingly | calendarofclaren01bodluoft,warofrebellion423unit,warofrebellion452unit
F10 5889/2 | Send one battery with each division and let the others follow | none
F10 5889/2 | bring transportation from Washington to follow the troops | none
F10 5889/2 | If good mules cannot be obtained in Washington | none
F10 5889/2 | bring those from Kentucky | none
F11 5890/2 | Ship ordered to Portsmouth New Hampshire | none
F11 5890/2 | I do not wish to go | none
F11 5890/2 | have me detached here by telegraph | none
F11 5890/2 | my executive officer Lieutenant Commander Parker can take ship | none
F12 5891/1 | very sorry I missed train by forgetting cipher book | none
F12 5891/1 | too many pupils about office | none
F13 5895/2 | by what boat the President left Annapolis | none
F13 5895/2 | time the boat passes Point Lookout | none
F13 5895/2 | ascertain immediately by what boat | none
F14 5896/2 | called on Colonel Stager for cipher operator | none
F14 5896/2 | need construction corps and some operators | none
F14 5896/2 | meet General Schofield at Monroe to accompany him | none
F15 5897/0 | important despatches for him from General Sherman | none
F15 5897/0 | should he arrive in Annapolis tonight | none
F16 5861/2b | ascertain immediately if General Butler has left Monroe | none
F16 5861/2b | don't mention that I enquired | none
F16 5861/2b | keep me posted | lewwallaceautobi00wall,warofrebellion013403rootrich,warofrebellion013404rootrich,warofrebellion322unit,warofrebellion323unit,warofrebellion371unit,warofrebellion414unit,warofrebellion423unit,warofrebellion432unit,warofrebellion452unit
