volumes searched: 183
F1 5919/2 | I was ordered to join my | warofrebellion014602rootrich
F1 5919/2 | I have joined the | warofrebellion014602rootrich
F1 5919/2 | Am I right | privateofficialc05butl,warofrebellion0207rootrich,warofrebellion322unit,warofrebellion363unit,warofrebellion371unit,warofrebellion414unit,warofrebellion463unit
F1 5919/2 | first mounted rifles | officialrecordso0009unse,warofrebellion33unit,warofrebellion362unit,warofrebellion423unit,warofrebellion014602rootrich
F1 5919/2 | Sumner mounted rifles | none
F1 5919/2 | Leave soon so get quick answer | none
F2 5920/1 | Please have two engines and some flat cars sent here at once | none
F2 5920/1 | so that Colonel Wright can commence work | none
F2 5920/1 | none have arrived at this place | none
F2 5920/1 | flat cars sent here at once | none
F3 5923/1 | double line from here to Fort Fisher | none
F3 5923/1 | double line from Morehead City to Goldsboro | none
F3 5923/1 | construction parties | warofrebellion33unit,warofrebellion432unit,warofrebellion452unit,warofrebellion014602rootrich,warofrebellion014703rootrich
F3 5923/1 | good foreman | none
F3 5923/1 | difficulty of getting operators | none
F3 5923/1 | do all in your power to supply | none
F4 5924/0 | Please answer regarding moving office | none
F4 5924/0 | very essential objection is that we may be required to move | none
F4 5924/0 | if the precedent is once established | none
F4 5924/0 | room for some purpose of her own | none
F5 5924/1 | will push on to Lynchburg | warofrebellion431unit,warofrebellion014702rootrich
F5 5924/1 | push on to Lynchburg and if | warofrebellion431unit,warofrebellion014702rootrich
F5 5924/1 | cavalry force of about 8000 | officialrecordso0009unse,warofrebellion352unit,warofrebellion371unit,warofrebellion372unit,warofrebellion431unit,warofrebellion014702rootrich
F5 5924/1 | join you and General Sherman | none
F5 5924/1 | Sheridan will push on | warofrebellion431unit,warofrebellion014702rootrich
F6 5929/1 | Glisson says he will send | none
F6 5929/1 | Convoy is now ready | none
F6 5929/1 | I leave in a few moments with | none
F6 5929/1 | Captain Glisson | officialrecordso0010unse,privateofficialc05butl,warofrebellion014602rootrich
F7 5929/2 | Steamship Champion arrived here from Wilmington | none
F7 5929/2 | Sherman and his forces had reached Fayetteville | none
F7 5929/2 | scouts of Shermans army reached Wilmington | none
F7 5929/2 | no particulars could be obtained | none
F7 5929/2 | Champion sailing the same day | none
F8 5930/1 | go up the James River immediately | none
F8 5930/1 | no news of the Montauk | none
F8 5930/1 | our troops in possession of Kinston | none
F8 5930/1 | Hurlbut in from Charleston | none
F8 5930/1 | in possession of Kinston | warofrebellion431unit,warofrebellion014702rootrich,warofrebellion471unit
F9 5931/0 | will reach F about | none
F9 5931/0 | go on board the boat on arrival | none
F9 5931/0 | deliver anything you may receive in person | none
F9 5931/0 | name of boat is | none
F10 5931/1 | how much water can your gunboats | none
F10 5931/1 | covered if necessary by gunboats | none
F10 5931/1 | you can come up tonight | none
F10 5931/1 | leave word where they had better land | none
F10 5931/1 | send answer to Mr Emerick | none
F10 5931/1 | George H Gordon | officialrecordso0009unse,officialrecordso0015unse,privateofficialc04butl,privateofficialc05butl,warofrebellion013404rootrich,warofrebellion352unit,warofrebellion423unit,warofrebellion432unit,warofrebellion014602rootrich,warofrebellion461unit,warofrebellion463unit
F11 5933/0 | the guide Boyle | none
F11 5933/0 | Blackwater can be crossed | none
F11 5933/0 | Broad Ford is the best place | none
F11 5933/0 | twentytwo miles from Suffolk | none
F11 5933/0 | several bridges standing | none
F11 5933/0 | ready to accompany any expedition | none
F12 5933/2 | owing to matters still pending prefers that you continue in command | none
F12 5933/2 | you will therefore not be relieved by | none
F12 5933/2 | District of Eastern Virginia | officialrecordso0010unse,privateofficialc04butl,privateofficialc05butl,warofrebellion363unit,warofrebellion402unit,warofrebellion403unit,warofrebellion422unit,warofrebellion423unit,warofrebellion431unit,warofrebellion014602rootrich,warofrebellion014702rootrich,warofrebellion463unit
F12 5933/2 | prefers that you continue in command | none
F13 5936/0 | Sherman occupied Goldsboro yesterday | none
F13 5936/0 | Samuel Sinclair Tribune | none
F13 5936/0 | Elias Smith | none
F13 5936/0 | without opposition | calendarorleters0003vari,diplomaticcorres02mont,dukeportlandwelb01greauoft,lewwallaceautobi00wall,manuscriptsofmar00grea,memoirskingsspa00unkngoog,memoirskingsspa02unkngoog,memoirsofhoratio00coxe,officialrecordso0009unse,officialrecordso0015unse,officialrecordso0021unse,privateofficialc04butl,privateofficialc05butl,reportofsecre00unit,reportsofbvtbrig00unit,votinginfieldfor00bent,warofrebellion013403rootrich,warofrebellion322unit,warofrebellion33unit,warofrebellion352unit,warofrebellion361unit,warofrebellion362unit,warofrebellion363unit,warofrebellion371unit,warofrebellion402unit,warofrebellion403unit,warofrebellion422unit,warofrebellion423unit,warofrebellion431unit,warofrebellion432unit,warofrebellion014602rootrich,warofrebellion014702rootrich,warofrebellion014703rootrich,warofrebellion461unit,warofrebellion471unit
F13 5936/0 | for your information Beaufort | none
F14 5941/1 | maps ready that illustrate the Roanoke and Chowan | none
F14 5941/1 | all well at Goldsboro | warofrebellion014703rootrich
F14 5941/1 | I am coming up to see you but must get back as soon as possible | warofrebellion014703rootrich
F14 5941/1 | If Admiral Porter is there I should like to meet him | warofrebellion014703rootrich
F14 5941/1 | Steamer Russia | warofrebellion431unit,warofrebellion014702rootrich,warofrebellion014703rootrich
F15 5943/1 | relative to barges | none
F15 5943/1 | no exertions will be spared to send them | none
F15 5943/1 | barges and | archivesoucorre02housgoog,calendarorleters0003vari,officialrecordso0009unse,officialrecordso0010unse,recollectionsofc00danauoft,warofrebellion33unit,warofrebellion352unit,warofrebellion361unit,warofrebellion362unit,warofrebellion363unit,warofrebellion402unit,warofrebellion423unit,warofrebellion431unit,warofrebellion452unit,warofrebellion014702rootrich,warofrebellion014703rootrich,warofrebellion471unit
F15 5943/1 | Morehead City | officialrecordso0009unse,officialrecordso0010unse,privateofficialc04butl,privateofficialc05butl,recollectionsofc00danauoft,reportsofbvtbrig00unit,warofrebellion33unit,warofrebellion362unit,warofrebellion423unit,warofrebellion431unit,warofrebellion014602rootrich,warofrebellion014702rootrich,warofrebellion014703rootrich,warofrebellion463unit,warofrebellion471unit
