"well sustained assault" Fisher Terry Sunday | 0
"nothing could withstand the bravery" Fisher | 10
   id ['per_times_the-times_1806-08-04_6807']
       loss than could be expected, but {{{nothing could withstand the bravery}}} of the Officers aid Seainen ehiployed
       J.Perry, W hitechapei-roaa, Statords!) re-we B. {{{Fisher}}}, Weston-street, Southwoars “victualler BE. Davis
   id ['vol5historyofeng00keig']
       par¬ liament and the nation. One Captain {{{Fisher}}} called on Lord Portland on the 11th of
       sassinated. He gave the same details as {{{Fisher}}} had done, though both refused to name any
   id ['vol1815bulletins00unse']
       Batt. — Major A', R. Heyland, Cap¬ tain W. {{{Fisher}}}. * 5-2d Foot — Ensign W. Nettles. 69th Foot
       had been ratified by Marshal Prince B1 {{{fisher}}} and Me, and by the Prince d’Eclnnuhl on
   id ['royalnavalbiogr01marsgoog']
       Thomas - - 184 Finley, Justice - -316 {{{Fisher}}}, Peter - - 237 Foley, Richard
       James Lucas Yeo. Agent,—Wm. Holmes, Esq, PETER {{{FISHER}}}, Esq. Was made lieutenant in 1800; commander Dec
   id ['india.history.resource.35371']
       ‘'35@ Finley, Justice - - ., Bertram, Charles - 300 {{{Fisher}}}, Peter - ~~ - Bingham, Arthur Batt - 49 Foley,
       Co. * ‘ nd EDWARD REYNOLDS SIBLY, Eso. *. "PETER {{{FISHER}}}, Ese. _ - Weare not acquainted with the name of
Vanderbilt "bright flash" Fisher magazine explosion anxiety | 0
"greatest anxiety prevailed on board the Vanderbilt" | 0
Tribune "special correspondent" Fisher "New Inlet" prisoners "loss will not exceed" | 10
   id ['per_the-press_the-press_1863-03-20_1']
       - I FALMOnTH, Va., March 18, 1863. Your {{{special correspondent}}} whoaccompanied Gen: Aierill's cavalry expedition
       -anitheir wounded were found everywhere. 'Ourown {{{loss will not exceed}}} .fifty in killed and wounded. -It was a
   id ['rebellionrecordd06mooruoft']
       many {{{prisoners}}}, and the arms and accoutrements of the men. He paroled the {{{prisoners}}}. —TEN
       wounded, and forty {{{prisoners}}}. The Union party lost one killed and two {{{prisoners}}}. — One thousand
   id ['rebellionrecordd06moor_0']
       Princeton, Ky., capture of, D. 22 {{{Prisoners}}}. See military {{{prisoners}}}, D. 17 exchange of, D. 83 Privateers
       many {{{prisoners}}}, and the arms and accoutrements of the men. He paroled the {{{prisoners}}}. — Ten
   id ['rebellrecord06moorrich']
       many {{{prisoners}}}, and the arms and accoutrements of the men. He paroled the {{{prisoners}}}. — TEN
       wounded, and forty {{{prisoners}}}. The Union party lost one killed and two {{{prisoners}}}. — One thousand
   id ['rebellionrecordd06newy']
       many {{{prisoners}}}, and the arms and accoutrements of the men. He paroled the {{{prisoners}}}. — Ten
       wounded, and forty {{{prisoners}}}. The Union party lost one killed and two {{{prisoners}}}. — One thousand
Fisher Terry "garrison was composed" assault Sunday prisoners | 0
