F1 5867/0 | 0 windows >= 4 words
F2 5868/0 | 2 windows >= 4 words
     4 warofrebellion014602rootrich 241582 Baltic Annapolis coal orders :: n board some thir teen to fifteen days' coal. The division commander is not here, but gave the First Brigade orders to keep on hand four days' rations, and to stay on board ship until they got different orders from him or higher authority. By direction of General Grant I directed them to go on shore
     4 warofrebellion014602rootrich 239735 coal Monroe Newport orders :: nuary 12, 1865. Col. M. R. MORGAN, Fort Monroe : Have any of the vessels loaded with troops from Baltimore made their appearance yet? U. S. GRANT, Lieutenant- General. FORT MONROE, January 12, 1865 — 1 p. m. General RAWLINS, Chief of Staff: About 1,500 men have arrived, with fifteen gallons of water
F3 5867/2 | 0 windows >= 4 words
F4 5869/1 | 0 windows >= 4 words
F5 5870/0 | 7 windows >= 4 words
     5 warofrebellion014602rootrich 107333 Ariel Sedgwick Baltimore delay vessels :: R, Jan nan/ .7, 18(15. General WALLACE, Baltimore: Send the ten rebels captured by Captain Churchman to General Augur's headquarters, Department of Washington, without delay. P. H. SHERIDAN, Major- General. WAR DEPARTMENT, Washington, ./>. (.'., January 5, 1S65 — 10 Jo a. m. Col. It. M. NEWPORT, Chi
     4 warofrebellion471unit 3337283 arrived delay forage vessels :: ssion of supplies through it. All heavy vessels, therefore, can better land at Thunderbolt until the obstructions in the north channel are removed. As great a quantity of supplies as can be lightered up in small steamers are brought from the heavy ves¬ sels anchored in the Savannah Eiver below Elba 
     4 warofrebellion014702rootrich 1336214 arrived delay forage vessels :: In regard to the suf fering for want of forage after the arrival of General Sherman's army at Savannah, from all that the Quartermaster-General could learn while at Savannah, it resulted from the delay in opening navigable communication with Hilton Head, to which point all the forage ordered by the 
F6 5871/0 | 0 windows >= 4 words
F7 5871/1 | 1 windows >= 4 words
     4 warofrebellion014602rootrich 139200 Sedgwick Ariel Ashland order :: ster, Baltimore : Including- Suwo Nada, Ashland, and Oriental, have you transporta tion sufficient? Has the Baltic left? By order of Quartermaster-General: CEO.' D. WISE, Colonel and Quartermaster. WAR DEPARTMENT, Washington, J). C., January 7, 1865 — 4.10 p. m. Col. K. M. NEWPORT, Quartermaster, Ba
F8 5873/1 | 4 windows >= 4 words
     4 warofrebellion471unit 1704141 half hour Morgan ordered :: plished, we lay in comparative quiet an hour or more, when the firing upon our left began to increase at about 2 p. m. In about half an hour the Third Brigade was sent hastily to meet Avhat was now ascertained to be the advancing columns of the enemy, which had broken the lines of the First Division
     4 warofrebellion471unit 1353484 half hour Morgan ordered :: taken by my light column. I accordingly ordered two divisions of each corps to move, with only such wagons as were abso¬ lutely necessary, on the road to Averasborough, while the remaining division of each corps with the trains was sent on the direct road to Cox’s Bridge. On the night of the 15th th
     4 warofrebellion014602rootrich 139893 Suwo Nada Oriental ordered :: MY: Your dispatch received. Neither the Suwo Nada, Ashland, nor Oriental have arrived here, and I know nothing- of their capacity. The Ariel, Illinois, Victor, and General Sedgwick, now here, can carry 3,000 men and 100 horses. Transportation is required for 5,000 men and 230 horses, and for 1,000 m
F9 5877/0 | 4 windows >= 4 words
     4 warofrebellion461unit 3946829 mule teams complete rations :: xert themselves sufficiently to get the teams of their respective brigades along. Early in the day a cor¬ poral who was acting as wagon-master reported that one of the teams I had received from Captain Crain had stalled in the rear of the train, and was then about a mile in the rear. His report was 
     4 warofrebellion014703rootrich 1741565 mule teams rations transportation :: s by leaving to them the poorest of the mules and gocarts which formerly belonged to the C. S. quartermaster's department, I have still succeeded in collecting for the use of the troops an ample train. Every post has wagons and mules, so that no expense is incurred by hire for transportation of rati
     4 warofrebellion014703rootrich 178740 mule teams complete rations :: d to Georgetown. The Augusta is not yet completed. Xo troops have yet been sent from here to Georgetown. I have sent up rations and a train of twenty-five six- mule teams and wagons. Nothing has been done toward opening the inner channel, as we have had no steamer for the purpose. We need steamers a
F10 5877/1 | 1 windows >= 4 words
     4 warofrebellion014602rootrich 296765 Fisher siege guns landed :: the utmost importance that we have some guns there to give her a place of refuge from the Chickamauga. What is the prospect of getting some of yours on shore? TERRY, General. I) R R — VOL XLVI, PT II 130 N. AND SE. VA., N. C., W. VA., MD., AND PA. [CHAP. T.VTII. U. S. STEAMER KHODE ISLAND, January 1
F11 5877/2 | 4 windows >= 4 words
     4 warofrebellion463unit 392490 teams Grant directs rations :: Army of the Potomac: Lieutenant-General Grant informs me that your division will be under my command, and directs me to notify you to have arrangements made so that at a moment’s warning you can start with all your effective force, supplied as follows : One hundred and forty rounds of ammuni¬ tion p
     4 warofrebellion014602rootrich 1828736 Monroe Grant directs rations :: . J. W. TURNER, Chief of Staff: General Grant directs me to say to you that he thinks Simmer will be a good man, and that there will be time to send for him. T. S. BOWERS, Ass i stan t Adjutan t- Genera I. CITY POINT, VA., March 5', 1865 — 11.30 p. m. General GIBBON, Headquarters Army of the James :
     4 warofrebellion014602rootrich 485157 Monroe Grant directs rations :: d to-day at 11 o'clock with three days' rations. He does not know where it has gone. Very respectfully, &c., AUGUST V, KATJTZ, Hrigadier and Brevet Major- General, Commanding Division. HEADQUARTERS DEPARTMENT OF VIRGINIA, Fortress Monroe, Va., January 23, 1865. Brig. Gen. G. F. STIEPLEY, Commanding 
F12 5878/1 | 11 windows >= 4 words
     4 warofrebellion463unit 1864543 Rawlins wagons Quartermaster telegraphed :: e at Petersburg. Colonel Batchelder has telegraphed you about the Ninth Corps wagon GEO. D. EUGGLES, Assistant Adjutant- General. City Point, Va., April 20, 1865 , Brig. Gen. John A. Rawlins, Chief of Staff, IAeutenant- General Grant , Washington , D. C. : Sheridan left his wagons at Harper’s Ferry.
     4 warofrebellion463unit 457468 Rawlins wagons Quartermaster telegraphed :: them away without notifying you. I have telegraphed to Colonel Batchelder to send the wagons from the Reserve Artillery train at once. RUFUS LN GALLS, Brigadier- General and Chief Quartermaster. Headquarters Army of the James, March 27, 1865. General Gordon: General Ord wishes to know whether the fe
     4 warofrebellion463unit 25520 Rawlins wagons Quartermaster telegraphed :: SSE J. UNDERHILL, Capt. and Actg. Asst. Quartermaster to General Boberis^ Brigade. City Point, Va., March 16, 1865. Lieutenant-Colonel Babcock, White House: (Care of Captain James, quartermaster, Fort Monroe.l Your dispatch received. I sent orders for Colonel Roberts to return if Sheridan does not a
