volumes searched: 177 10019860bsb 10021035bsb 10622705bsb aktyipismakisto00forsgoog ambassadesdemess05vert antonioperezetph00mign aragoniaibeatrix00berz archivesoucorre00housgoog archivesoucorre01housgoog archivesoucorre02housgoog archivesoucorre03groe archivesoucorre03housgoog archivesoucorre04housgoog archivesoucorre04unkngoog archivesoucorre05housgoog archivesoucorre06housgoog archivesoucorre07housgoog archivesoucorre08housgoog archivesoucorre09housgoog archivesoucorres01groe archivesoucorres01unse archivesoucorres02groe archivesoucorres02unse archivesoucorres03unse archivesoucorres04groe archivesoucorres04unse archivesoucorres05groe archivesoucorres05unse beatrixkirlyn14500berz bim_eighteenth-century_a-collection-of-the-stat_thurloe-john_1742_1 bim_eighteenth-century_memoirs-of-the-life-and-_coxe-william_1798_1 bim_eighteenth-century_memoirs-of-the-life-and-_coxe-william_1798_2 bim_eighteenth-century_memoirs-of-the-life-and-_coxe-william_1798_3 bub_gb_1qtcMB3cKasC bub_gb_3N1SAAAAcAAJ bub_gb_5GumwYtaHX8C bub_gb_AH4nk3oEuIsC bub_gb_BI4WXMI4g1wC bub_gb_BojohG8zXkQC bub_gb_D8ZW1o6MNMMC bub_gb_EQ4MAAAAYAAJ bub_gb_IP8DUd8XLsEC bub_gb_KMrMHt2MUgUC bub_gb_NhOJqSX9GgIC bub_gb_bOnmNv2ZLVoC bub_gb_cM5KS3lziccC bub_gb_lGF3eVwI5y4C bub_gb_n0O44Q7X8RMC bub_gb_qWTswSr32NYC bub_gb_rM--6yqWqc4C bub_gb_wBJLsV8B_BgC bub_gb_zBQish8rkmAC calendarofclaren01bodluoft calendarofletter0003pasc calendarofstatep0021will calendarorleters0003vari charlesiin1646le00chariala correspondanced01willgoog correspondanced03coopgoog correspondancede0000unse_m5g7 correspondancede01will correspondancede02phil correspondancede02will correspondancede03will correspondancede04will correspondancede05will correspondancede06will cu31924024797890 danskemagazin02unkngoog despatchesinstru00fran diplomaticcorres01montiala diplomaticcorres02mont dukeportlandwelb01greauoft elisabethfarnese00armsuoft eltenientegener00villgoog eltenientegener01villgoog frankreichseinfl01suge histoiredelaguer02char historyofuniteds00bake histsecretservice00bakerich kancellietsbrevb02denm labibliothque01gach labibliothquen02gachuoft lemarchaldegu00noai lepredemadamede00dargoog leshuguenotsetle03kerv lesoriginespolit01romi lesoriginespolit02romi lettersofqueenhe00henr lettresdecatheri03cathuoft lettresdecatheri04cathuoft lettresdecatheri09cathuoft lettresdecatheri10cathuoft lettresdepierre00noyegoog lettresducardina02maza lettresducardina09maza lettresindites00cond lettresinstructi06richuoft lettresinstructi07richuoft lettresinstructi08richuoft lewwallaceautobi00wall lincolnintelegra00bates manuscriptsofmar00grea manuscritsetdocu00meco memoiresdelaligu01goul memoiresdelaligu02goul memoiresdelaligu03goul memoiresdelaligu04goul memoiresdelaligu05goul memoiresdelaligu06goul memoiresdelouish02brie memoiresdelouish03brie memoirskingsspa00unkngoog memoirskingsspa02unkngoog memoirsofhoratio00coxe memorialsofgreat01caryuoft mmoiresinditsde00barrgoog mmoiresinditsde01barrgoog monumentahungari0039unse negociationssecr02lecl negociationssecr03lecl negociationssecr04lecl ngociationsdel03charuoft ngociationslet00pari nouvellecollecti06michuoft ocondedelinhares00func officialrecordso0009unse officialrecordso0010unse officialrecordso0015unse officialrecordso0021unse p1cataloguegnr02bibluoft p1geschichtederpre04droyuoft politischecorres09fred politischecorres10fred pologne00farggoog pologne01farggoog privateofficialc04butl privateofficialc05butl recollectionsofc00danauoft recueildesinstr00diplgoog regestadiplomat04copegoog relationspoliti06teulgoog relationspoliti07teulgoog relationspolitiq05nethuoft relationspolitiq06nethuoft reminiscencesofw00sewauoft reportofsecre00unit reportsofbvtbrig00unit szzadok50trgoog thenicholaspaper01camduoft traitsdudanemar00denmgoog traitsdudanemar02denmgoog undiplomatepoite00richuoft votinginfieldfor00bent warofrebellion013403rootrich warofrebellion013404rootrich warofrebellion0207rootrich warofrebellion322unit warofrebellion323unit warofrebellion33unit warofrebellion352unit warofrebellion361unit warofrebellion362unit warofrebellion363unit warofrebellion371unit warofrebellion372unit warofrebellion402unit warofrebellion403unit warofrebellion414unit warofrebellion422unit warofrebellion423unit warofrebellion431unit warofrebellion432unit warofrebellion452unit wilhelmvonorani00rachgoog wilhelmvonorani01rachgoog williamhsewardau03sewa
F1 5856/0 | Eliza Hancox has already been sent | none
F1 5856/0 | The Winants is hardly capable of going | none
F1 5856/0 | also the tug D. D. Porter | none
F1 5856/0 | will try to bring down a tug | none
F1 5856/0 | tug D D Porter | none
F3 5857/1 | orders payment to company and field officers of a second expedition | none
F3 5857/1 | not mustered for December | none
F3 5857/1 | I have declined as opposed to law and general orders | none
F3 5857/1 | paying company and field officers except on muster rolls | none
F3 5857/1 | Binney chief paymaster | none
F4 5858/0 | for whom there is no transportation | none
F4 5858/0 | sent in river steamers at once to your place | none
F4 5858/0 | required for special service | none
F4 5858/0 | you can dispense with Blackstone | none
F4 5858/0 | turn over to the medical department | none
F5 5858/1 | Ariel Victor Illinois General Sedgwick and Baltic were sent | none
F5 5858/1 | by direction of the Quartermaster General | none
F5 5858/1 | Ariel Illinois Sedgwick Victor Baltic | none
F6 5860/1 | lost some place from my overcoat pocket a large package of papers | none
F6 5860/1 | General Butler's report of the Wilmington expedition | privateofficialc05butl
F6 5860/1 | inquiries made at both places | none
F6 5860/1 | package of papers containing General Butler's report | none
F7 5860/2 | The Secretary of War directs that you proceed without delay to | warofrebellion431unit
F7 5860/2 | General Sherman at Savannah or wherever he may be found | warofrebellion431unit
F7 5860/2 | Superintendent Military Railroads | reportsofbvtbrig00unit,warofrebellion431unit,warofrebellion432unit
F7 5860/2 | McCallum Sherman Savannah proceed without delay | none
F7 5860/2 | proceed without delay to General Sherman | none
F8 5861/1 | if the Baltic has been ordered to Monroe consider the order as countermanded | none
F8 5861/1 | let her embark troops as before ordered | none
F8 5861/1 | consider the order as countermanded | none
F9 5861/2 | arrived here safely will remain until tomorrow morning and then start for Savannah | none
F9 5861/2 | ascertain immediately if General Butler has left Monroe | none
F9 5861/2 | don't mention that I enquired | none
F9 5861/2 | keep me posted | lewwallaceautobi00wall,warofrebellion013403rootrich,warofrebellion013404rootrich,warofrebellion322unit,warofrebellion323unit,warofrebellion371unit,warofrebellion414unit,warofrebellion423unit,warofrebellion432unit,warofrebellion452unit
F10 5864/1 | Elias Smith correspondent of the New York Tribune desires permission | none
F10 5864/1 | permission to go on next boat | none
F10 5864/1 | will permit me to pass him and oblige | none
F10 5864/1 | Elias Smith Tribune expedition permission | none
F11 5866/0 | adopt whatever method will soonest ship troops | none
F11 5866/0 | perhaps there may be coal at Annapolis | none
F11 5866/0 | she cannot approach the docks at Annapolis | none
F11 5866/0 | coal can be taken more readily at Baltimore than Annapolis | none
F12 5866/2 | were all ordered to Baltimore at 10 p.m. January 3 | none
F12 5866/2 | except the Baltic which was at Baltimore this morning | none
F12 5866/2 | I have not heard from them since | privateofficialc05butl,warofrebellion013404rootrich,warofrebellion362unit,warofrebellion431unit
F12 5866/2 | Ariel General Sedgwick Victor and Illinois were all ordered | none
