warofrebellion461unit | Fisher | 1
   id ['warofrebellion461unit']
       Fort Monroe for Fort {{{Fisher}}}, N. C. January 13. — Arrived near Fort {{{Fisher}}}; disembarked same
       second expedition for Fort {{{Fisher}}}. January 12. — Arrived off Fort {{{Fisher}}} at night. January 13. —
warofrebellion461unit | Sedgwick Ariel | 0
warofrebellion461unit | Cosgrove Robie | 0
warofrebellion461unit | Dupont Thames Haze | 0
warofrebellion461unit | Carney Janeway | 1
   id ['warofrebellion461unit']
       Gen. H. E. Davies commanding; Col. H. H. {{{Janeway}}} commanding First Brigade, Bvt. Brig. Gen.
       ] THE RICHMOND CAMPAIGN. 335 Private Edward {{{Carney}}}, Company G, who, with a gunsnot wound in
warofrebellion014602rootrich | Sedgwick Ariel | 1
   id ['warofrebellion014602rootrich']
       Chief Quartermaster, Baltimore: {{{Ariel}}}, Illinois, General {{{Sedgwick}}}, Victor, and Baltic are ordered
       of their capacity. The {{{Ariel}}}, Illinois, Victor, and General {{{Sedgwick}}}, now here, can carry
warofrebellion014602rootrich | Cosgrove Robie | 0
warofrebellion014602rootrich | Dupont Thames Haze | 1
   id ['warofrebellion014602rootrich']
       McClellan, Atlantic, Varuna, Tonawanda, De Molay, {{{Thames}}}, Champion, Commodore Du Pont, Montauk, Idaho
       Chief of Staff: I understand the steamer {{{Haze}}} is at Bermuda Hundred ready to take 300
warofrebellion014602rootrich | Carney Janeway | 0
warofrebellion463unit | Sedgwick Ariel | 0
warofrebellion463unit | Cosgrove Robie | 0
warofrebellion463unit | Dupont Thames Haze | 0
warofrebellion463unit | Carney Janeway | 0
warofrebellion471unit | Sedgwick Ariel | 0
warofrebellion471unit | Cosgrove Robie | 0
warofrebellion471unit | Dupont Thames Haze | 0
warofrebellion471unit | Carney Janeway | 0
warofrebellion014702rootrich | Sedgwick Ariel | 0
warofrebellion014702rootrich | Cosgrove Robie | 0
warofrebellion014702rootrich | Dupont Thames Haze | 0
warofrebellion014702rootrich | Carney Janeway | 0
warofrebellion014703rootrich | Sedgwick Ariel | 0
warofrebellion014703rootrich | Cosgrove Robie | 0
warofrebellion014703rootrich | Dupont Thames Haze | 0
warofrebellion014703rootrich | Carney Janeway | 0
be-api requests 25
