(all) | "Fort Fisher" Beckwith | 10
   id ['cu31924030909315']
       get in future warfare. {{{Fort Fisher}}}, Wednesday, February 8th.—Arrived at {{{Fort Fisher}}}, running through Porter's
       Gbnbrai, Schofield AND THE Army op The Ohio—{{{Fort Fisher}}}—Cape Fear RrvER—Capture op Fort Anderson—Wilmington—Building
   id ['telegraphinginba00obri']
       immediate cipher opera- tor was {{{Beckwith}}}. Samuel H. {{{Beckwith}}}, an excellent operator, had early
       future warfare. {{{Fort Fisher}}}, Wednesday, February 8th. — Arrived at {{{Fort Fisher}}}, running through
   id ['civilwarmedalofh0000broa']
       January 15, 1865, during the expedition against {{{Fort Fisher}}}, North Car- olina, Private Anderson volunteered
       performing his duties during the expeditions against {{{Fort Fisher}}}, North Carolina, in December of 1864 and January
   id ['minutesofninetys0000vari_k3m6']
       Annual Convention 95 REPORT OF THE {{{FORT FISHER}}} COMMITTEE {{{Fort Fisher}}} received considerable damage along
       Edmund Ruffin {{{Beckwith}}}. — Private 1st Co. Signal Corps, Virginia Regiment. Mr. {{{Beckwith}}} made his home
   id ['lincolnscreenpla0000kush']
       SAMUEL {{{BECKWITH}}} (while writing:) Yes, sir. Lincoln places the hat on the floor. SAMUEL {{{BECKWITH}}} Shall
       Bates Drew Sease Telegraph Operator Samuel H. {{{Beckwith}}} Adam Driver Major Thomas Eckert Robert Ruffin
(all) | "exclusive of the Rhode Island" | 10
   id ['sim_historical-magazine-biography-of-america_1863-05_7_5']
       consisting of twenty eight Sail of the Line, {{{exclusive of the Rhode Island}}} Squadron which had not then joined—It
   id ['sim_medicine-and-health-rhode-island_1961-09_44_9']
       Medical Graduates only ten are interns. {{{Exclusive of the Rhode Island}}} Hospital whose twenty interns are all
   id ['sim_medicine-and-health-rhode-island_1953-07_36_7']
       income was $37,700 for all sources, {{{exclusive of the RHODE ISLAND}}} MEDICAL JOURNAL, and our expenses were
   id ['gravespapersothe0000chad']
       French Fleet in the Ches¬ apeake {{{exclusive of the Rhode Island}}} Squadron, of any I have been
   id ['publicationsofna0007unse']
       the French Fleet in the Ches- apeake {{{exclusive of the Rhode Island}}} Squadron, of any I have been able to
(all) | "Dumbarton" "Cambridge" available Tuesday next | 10
   id ['per_times_the-times_1942-10-03_49357']
       oné game. St. Louis IS 16 | ‘ Albion Rovers v. {{{Dumbarton}}} (3.15): Clyde v. Morton ! (3.0); Falkirk v. Airdrieonians
       Naletinge and WIGMORE HALL, SAT., ee 7 Tot at > — | {{{CAMBRIDGE}}} SYMPHONY ORC HESTRA. gia penne and Son. Scisey
   id ['per_times_the-times_1958-11-29_54321_0']
       1955 oe Pe hg my & N a , | Beeted Row use moar {{{Cambridge}}}.—Please write Box G.1 ‘ roars Toubensarien 195:
       WEL. 2992. : . (Chorus Master: Wilhelm Pitz) {{{TUESDAY NEXT}}}, DECEMBER 2nd a pgpvcon agen — Brigstowe, Lenham
   id ['per_irish_times_1988-07-08_41109']
       the most productive North Sea outlets. Built in {{{Dumbarton}}}, near Glasgow, under a. joint British- French
       of the Special Criminal . Court. DISCOUNTS {{{available Tuesday}}} and ‘tacula rience higniugnts ned productions
   id ['per_times_the-times_1987-12-12_62950']
       Stephen Fry was explaining how he had spent his {{{Cambridge}}} years listening to comedy rather than pop music
       we were tired, our host had just arrived from {{{Cambridge}}} and:so on. On the credit side, a young waiter
   id ['TheDailyTelegraph1984UKEnglish']
       No-5 £2-50. £3-80. £5. £4. £7, £8. £9 NOW {{{AVAILABLE Tuesday}}} 22 January 7.30 pan. ROYAL PHILHARMONIC Walter
       Ormra Conreno “ «i&E,ao' £"'30 PURCELL ROOM {{{TUESDAY NEXT}}} 18 DECICWBER at 7JO pjfc, PETER LION piano HAYDN;
(all) | "Vogdes" "Eastern District" Gordon Commission investigation | 0
(all) | "investigation can progress quietly" | 0
(all) | "Meagher" Schofield Rucker Annapolis "mule teams" ambulances | 10
   id ['warofrebellionco0045unit']
       General {{{Schofield}}} would not have given me more than 25,000 men; besides, General {{{Schofield}}} felt
       captured General {{{Rucker}}}, a number of prisoners, and one battle-flag; {{{Rucker}}} is wounded. I
   id ['cu31924085376618']
       heart of Alabama, I had ordered {{{Schofield}}} to {{{Annapolis}}}, Md., with his corps. The advance
       for {{{Annapolis}}}. Please immediately give such orders as will prevent going to {{{Annapolis}}} and
   id ['warofrebellion452unit']
       General {{{Schofield}}} would not have given me more than 25,000 men; besides, General {{{Schofield}}} felt
       captured General {{{Rucker}}}, a number of prisoners, and one battle-flag; {{{Rucker}}} is wounded. I
   id ['warofrebellion0045vari']
       under General {{{Schofield}}} would not have given me more than 25,000 men; besides, General {{{Schofield}}} felt convinced
       rear. Respectfully, J. M. {{{SCHOFIELD}}}, Major-General. * See Wilson to {{{Schofield}}}, 10.10 a. m., p. 215. Cua
   id ['warofrebellionsc0045dani']
       under General {{{Schofield}}} would not have given me more than 25,000 men; besides, General {{{Schofield}}} felt convinced
       rear. Respecttully, J. M. {{{SCHOFIELD}}}, Major- General. * See Wilson to {{{Schofield}}}, 10.10 a. m., p. 215. Cuar
(all) | "torpedoes" Lynch "Bureau" "ultimo" "immediate use" | 10
   id ['officialrecordso0010unse']
       ging for {{{torpedoes}}}. When within about 500 yards of the position of some {{{torpedoes}}}, as informed
       and explode the {{{torpedoes}}}. The wires from the river bank to the {{{torpedoes}}} were supported
   id ['officialrecordso10unitiala']
       ging for {{{torpedoes}}}. When within about 500 yards of the position of some {{{torpedoes}}}, as informed
       and explode the {{{torpedoes}}}. The wires from the river bank to the {{{torpedoes}}} were supported
   id ['officialrecords00offigoog']
       ging for {{{torpedoes}}}. When within about 500 yards of the position of some {{{torpedoes}}}, as informed
       and explode the {{{torpedoes}}}. The wires from the river bank to the {{{torpedoes}}} were supported
   id ['official-records-union-and-confederate-navies-in-war-of_1899_9']
       drag- ging for {{{torpedoes}}}. When within about 500 yards of the position of some {{{torpedoes}}}, as informed by
       connection and explode the {{{torpedoes}}}. The wires from the river bank to the {{{torpedoes}}} Nee RDO te by a 3-inch
   id ['officialrecordso0016unse']
       rifles, the {{{Bureau}}} of Ord¬ nance, under date of August 16, 1861, writes: The {{{Bureau}}} is of opinion
       Queen. Answer. PI. A. Wise, Chief {{{Bureau}}}. Commander {{{Lynch}}}, U. S. Navy, U. S. Ship St. Lawrence
(all) | "anxious inquiry" office Yorktown operators | 1
   id ['gardenerschronic11874lond']
       Potato disease has been a subject of {{{anxious inquiry}}}, the phenomena preceding and accompanying
       made in any way suiting the fancy of the {{{operators}}}. As to the reasons for the results of
(all) | "station be established at Yorktown" | 0
(all) | "I sent for Johnson" "turn State evidence" | 0
(all) | "greatest rascal should escape" | 0
(all) | "Wilder" "Plato" "moneys" negroes "public property" | 10
   id ['generalorder00conf']
       therein contained, and all officers having {{{public property}}} in their possession will be held to
       General Court Martial against Private Janus T. {{{Wilder}}}, Co. E, 4th Georgia Volunteers, as directs
   id ['generalorderss00conf']
       therein contained, and all officers having {{{public property}}} ia their possession will be held to
       General Court Martial against Private James T. {{{Wilder}}}, Co. E, 4th Georgia Volunteers, as directs
   id ['politicalhistor04mcphgoog']
       from {{{moneys}}} borrowed during the year, must be regarded as merely nominal payments, and the {{{moneys}}} borrowed
       African {{{negroes}}}. The bill before mo denounces as high misdemeanor the Importation of African {{{negroes}}}, or
   id ['generalordersfro00conf']
       where government {{{moneys}}} are kept, to be liable to draft as other public {{{moneys}}} are. Commissaries
       Ollicers of bureau authorized to impress free {{{negroes}}} IV 41 Imprcssmeut of, from plantation
   id ['cu31924079575381']
       put {{{negroes}}} to good use as soldiers, the laws in reference to the status of {{{negroes}}} were
       plantation of twenty {{{negroes}}}, and an additional man for every twenty {{{negroes}}} on two or more
(all) | "out of pilots" monitors James River | 0
(all) | "Roberts" "139th New York" Bowers scout | 10
   id ['warofrebellionco0046unit_r6c6']
       front. I sent a {{{scout}}} to communicate with Captain Mann. They found that he was away on a {{{scout}}} in the direction
       day to send out a {{{scout}}} of 100 men, under a good officer, to Smithfield, and {{{scout}}} down through timber
   id ['warofrebellion0046unse']
       front. I sent a {{{scout}}} to communicate with Captain Mann. They found that he was away on a {{{scout}}} in the direction
       day to send out a {{{scout}}} of 106 men, under a good officer, to Smithfield, and {{{scout}}} down through timber
   id ['warofrebellionco46p2unit']
       a {{{scout}}} to communicate with Captain Maun. They found that he was away on a {{{scout}}} in
       send out a {{{scout}}} of 100 men, under a good officer, to Smithfield, and {{{scout}}} down through
   id ['notebooksunpubli0002whit']
       soldiers, accounts of the 14th, 51st and {{{139th New York}}} Volunteer regiments, the imprisonment
       amp of left leg / mother Mrs. Betsey A {{{Roberts}}} South Waterboro York co Maine /31 [30; 31
   id ['whitmanunpublish0002grie']
       G—bed 12 Milton S {{{Roberts}}}*® Co B. 5th Maine V amp of left leg / mother Mrs. Betsey A {{{Roberts}}} South Waterboro
       black soldiers, accounts of the 14th, 51st and {{{139th New York}}} Volunteer regiments, the imprisonment and release
officialrecordso0011unse | Dumbarton Cambridge | 0
officialrecordso0011unse | Vogdes Gordon commission | 0
officialrecordso0011unse | Lynch torpedoes | 1
   id ['officialrecordso0011unse']
       in a small boat and dragging for {{{torpedoes}}}. So {{{torpedoes}}} being found, and the passage between
       of {{{torpedoes}}}, there being as many as forty in one place on the river. These {{{torpedoes}}} are
officialrecordso0011unse | pilots monitors | 1
   id ['officialrecordso0011unse']
       by the fire of the {{{monitors}}} at any time. Don’t care for the {{{monitors}}}’ fire or straight shots;
       experience with {{{monitors}}}, but I think they will be found correct, provided the {{{monitors}}} are properly
officialrecordso0011unse | Wilder Plato | 0
officialrecordso0012unse | Dumbarton Cambridge | 0
officialrecordso0012unse | Vogdes Gordon commission | 0
officialrecordso0012unse | Lynch torpedoes | 1
   id ['officialrecordso0012unse']
       floating {{{torpedoes}}}, but 1 had a strong force of picket boats out, and the {{{torpedoes}}} were
       1, {{{torpedoes}}}; 2, 2, 2, 2, 2, anchors; 3, 3, 3, 3, spiral wires connecting {{{torpedoes}}}; A'
officialrecordso0012unse | pilots monitors | 1
   id ['officialrecordso0012unse']
       hydrography of Hat- teras Inlet, for none of our {{{monitors}}} can pass through there. I am, very respectfully
       8. Navy, regarding the transfer of two {{{monitors}}} to the command of Rear - Admiral Porter
officialrecordso0012unse | Wilder Plato | 0
papersofulyssess0013gran | Dumbarton Cambridge | 0
papersofulyssess0013gran | Vogdes Gordon commission | 0
papersofulyssess0013gran | Lynch torpedoes | 0
papersofulyssess0013gran | pilots monitors | 0
papersofulyssess0013gran | Wilder Plato | 0
papersofulyssess0014gran | Dumbarton Cambridge | 0
papersofulyssess0014gran | Vogdes Gordon commission | 0
papersofulyssess0014gran | Lynch torpedoes | 1
   id ['papersofulyssess0014gran']
       application of Electricity to the explosion of Mines, {{{torpedoes}}} and &c. has spent a couple of days here in visiting
       Rebels have been using in- struments for exploding {{{torpedoes}}}, fuses, and even guns, that are manufactured at
papersofulyssess0014gran | pilots monitors | 1
   id ['papersofulyssess0014gran']
       probably three, {{{Pilots}}} will be necessary for them, will you give the instructions [for] the {{{Pilots}}}” ALS (telegram
       the same day, Bowers telegraphed to Gibbon. “The {{{pilots}}} are ready. Direct the boats to call on Colonel
papersofulyssess0014gran | Wilder Plato | 1
   id ['papersofulyssess0014gran']
       gave {{{Wilder}}} to report for duty to Maj {{{Plato}}} has been rescinded at the War Department and {{{Wilder}}} is directed
       Hon, E, M, STANTON Sec, oF War, WASHINGTON Capt, {{{Wilder}}}’ A, Q, M, has been ordered to report to the War
privateofficialc05butl | Dumbarton Cambridge | 0
privateofficialc05butl | Vogdes Gordon commission | 1
   id ['privateofficialc05butl']
       down last afternoon; but our friend, Gen. {{{Vogdes}}}, was excited to so much loquaciousness by
       of the troubles, I am satisfied that Gen. {{{Vogdes}}} made complaints to General Grant that large
privateofficialc05butl | Lynch torpedoes | 1
   id ['privateofficialc05butl']
       to closing the port of Wilmington with {{{torpedoes}}} is received. I called Admiral Lee's attention
       commanded by the enemy's guns. All the {{{torpedoes}}} we would plant during the night the enemy
privateofficialc05butl | pilots monitors | 1
   id ['privateofficialc05butl']
       Beaufort to take on board ammunition for the {{{monitors}}}. The expedition having become the subject
       which involved their personal liberty. Crews, {{{pilots}}}, and masters of vessels would be cautious
privateofficialc05butl | Wilder Plato | 0
be-api requests 39
