F1 tokens=140 no1=59(0.42) no2=52(0.37) no9=32(0.23)
  no1: H53 C0 I0 M0
    Maj. Eckert [Volunteer] {time: 12.30} for [C. A. Dana] [Washington] [.] The Tribune Special Correspondent withy [Wilmington] [Expedition] sends the [Follow (-ed, -ing)]ing tooth Honorable Assistant [Secretary of War] Day neigh [.] [Fort] Fisher is ours and with it all the adjacent [Defense (-ed, -ing)]'s of New Inlet [.] It [Surrender (-ed, -ing)]ed to our [Troops] under [General] Terry after a well sustained assault of [4] hours [,] at {time: 9.30 PM} Sunday [15] [.] nothing Could withstand the bravery of our [Tro
  no2: H46 C0 I0 M0
    Maj. Eckert [Wounded] {time: 12 midnight PM} for [Cheatham] [Maj Gen B. F. Butler] unity The Tribune Special Correspondent withy [Rome] roman sends the [Evacuate (-ed, -ing) [#]]ing tooth Honorable Assistant [Chalmers] Day neigh [Sunday] [Fort] [8] is ours and with it all the adjacent [Destroy (-ed, -ing)]'s of New Inlet [1000] It [Scatter (-ed, -ing)]ed to our [Union] under [Harbor] Terry after a well sustained assault of penny hours [Cavalry] at {time: 9 PM} Sunday [Across] unity nothing Could withstand the brave
  no9: H32 C0 I0 M0
    Maj. Eckert [Traitor] {time: 12.30 PM} for [Baltimore] grapes unity The Tribune Special Correspondent withy Hamlet roman sends the [Deserters]ing tooth Honorable Assistant Indigo Day neigh [Movement] [Flotilla] Fisher is ours and with it all the adjacent quacks of New Inlet [Movement] It watched to our [Union] under [Projectiles] Terry after a well sustained assault of penny hours pekin at {time: 6.30 PM} Sunday gallant unity nothing Could withstand the bravery of our [Wounded] notwithstanding the garrison was comp
  no1shuf: H52 C1 I0 M0
    Maj. Eckert [Effect (-ed, -ing)] {time: 12.30} for [President of the U.S.] [Colonel] [.] The Tribune Special Correspondent withy [Maj Genl A. E. Burnside] [Jefferson] sends the [Petersburg]ing tooth Honorable Assistant [Goldsboro] Day neigh [.] [Galveston] Fisher is ours and with it all the adjacent [Longstreet]'s of New Inlet [.] It [Warrenton]ed to our [Huntsville] under [Danger] Terry after a well sustained assault of [4] hours [,] at {time: 9.30 PM} Sunday [15] [.] nothing Could withstand the bravery of our [Ef
  no2shuf: H44 C1 I1 M0
    Maj. Eckert [Martinsburg] {time: 12 midnight PM} for [Volunteering] [Follow (-ed, -ing) [#]] unity The Tribune Special Correspondent withy [Plan] roman sends the [Cincinnati]ing tooth Honorable Assistant [Bear] Day neigh [Carter S.P.] [Endanger] [8] is ours and with it all the adjacent [Secretary of State]'s of New Inlet [1000] It [Garfield J A]ed to our [Citizen] under [Secretary of War] Terry after a well sustained assault of penny hours [Jasper] at {time: 9 PM} Sunday [Newberne] unity nothing Could withstand the
F2 tokens=29 no1=11(0.38) no2=11(0.38) no9=3(0.10)
  no1: H7 C0 I0 M0
    R. O'Brien Hd Qrs A. J. {time: 6 PM} for [Maj Gen E. O. C. Ord] [.] Please notify [Colonel] mule ford on weasler [New York] to remain at Varina until Mister Blair arrives and is passed through the lines  {tail: [signed] [Maj Genl U.S. Grant] quite pleasant this evening Geo D. Sheldon}
  no2: H7 C0 I0 M0
    R. O'Brien Hd Qrs A. J. {time: 6 PM} for [Hunter D] unity Please notify [Casualties] mule ford on weasler [Macon] to remain at Varina until Mister Blair arrives and is [Fire]ed through the lines [Saturday] [Jeff Davis] quite pleasant this evening Geo D. Sheldon
  no9: H3 C0 I0 M0
    R. O'Brien Hd Qrs A. J. {time: 11 PM} for Meriden unity Please notify pandora mule ford on weasler [Arkansas (river)] to remain at Varina until Mister Blair arrives and is passed through the lines [Troops] Japan quite pleasant this evening Geo D. Sheldon
  no1shuf: H7 C0 I0 M0
    R. O'Brien Hd Qrs A. J. {time: 6 PM} for [Volunteered] [.] Please notify [Cleveland] mule ford on weasler [Ford (-ed, -ing)] to remain at Varina until Mister Blair arrives and is passed through the lines  {tail: [signed] [Grand Junction] quite pleasant this evening Geo D. Sheldon}
  no2shuf: H7 C0 I0 M0
    R. O'Brien Hd Qrs A. J. {time: 6 PM} for [Successful] unity Please notify [Banks N P] mule ford on weasler [Louisville] to remain at Varina until Mister Blair arrives and is [Pieces]ed through the lines [Hardee] [Valley] quite pleasant this evening Geo D. Sheldon
F3 tokens=49 no1=19(0.39) no2=15(0.31) no9=9(0.18)
  no1: H18 C0 I0 M0
    Geo D. Sheldon Ft Monroe {time: 7 PM} [21] for [Gen J. M. Palmer] [Monroe] [Maj Genl U.S. Grant] has started this evening on his return Ewell wait for him T. T. Eckert Ft Monroe Jan'y. 231865 Maj. Eckert [Volunteer] {time: 2 PM} for [Brigadier General] D. H. Rucker [Quartermaster] [Washington] [.] I send [Today] the El Cid and ranger ditto The Cassandria is just here and wilby sent [As soon as] discharged  {tail: [signed] are see [Reinforcements] stir [Colonel] and [Quartermaster] Geo. D. Sheldon}
  no2: H14 C0 I0 M0
    Geo D. Sheldon Ft Monroe {time: 7.30 PM} harsh plunge for mock [Tennessee] [Lomax] has started this evening on his return Ewell wait for him T. T. Eckert Ft Monroe Jan'y. 231865 Maj. Eckert [Wounded] {time: 2 PM} for [Ammunition] D. H. Rucker [Rations] [Maj Gen B. F. Butler] unity I send [Troops] the El Cid and ranger ditto The Cassandria is just here and wilby sent [Army] discharged [Surrendered] are see [Regiment] stir [Cars] and [Rifle Pits] Geo. D. Sheldon
  no9: H9 C0 I0 M0
    Geo D. Sheldon Ft Monroe {time: 1.30 PM} harsh plunge for mock Animal Jupiter has started this evening on his return Ewell wait for him T. T. Eckert Ft Monroe Jan'y. 231865 Maj. Eckert [Traitor] {time: 3 PM} for [Yorktown] D. H. Rucker [Quartermaster] growl unity I send [Subsistence] the El Cid and ranger ditto The Cassandria is just here and wilby sent peru discharged [Killed] are see [Defensive] stir paradise and [Quartermaster] Geo. D. Sheldon
  no1shuf: H18 C0 I0 M0
    Geo D. Sheldon Ft Monroe {time: 7 PM} [21] for [Feint] [Newbern] [Division] has started this evening on his return Ewell wait for him T. T. Eckert Ft Monroe Jan'y. 231865 Maj. Eckert [Effect (-ed, -ing)] {time: 2 PM} for [Holly Springs] D. H. Rucker [Chickamauga] [Gen J. M. Palmer] [.] I send [Equip] the El Cid and ranger ditto The Cassandria is just here and wilby sent [Maj Gen Joseph Hooker] discharged  {tail: [signed] are see [Offensive] stir [Troops] and [Coosa] Geo. D. Sheldon}
  no2shuf: H14 C0 I0 M0
    Geo D. Sheldon Ft Monroe {time: 7.30 PM} harsh plunge for mock [Wheeler] [Raleigh] has started this evening on his return Ewell wait for him T. T. Eckert Ft Monroe Jan'y. 231865 Maj. Eckert [Martinsburg] {time: 2 PM} for [Reverse] D. H. Rucker [Steele Fdk] [Aquia Creek] unity I send [Cumberland Gap] the El Cid and ranger ditto The Cassandria is just here and wilby sent [Ammunition] discharged [Captain] are see [Station] stir [Enemy] and [Fredericksburg] Geo. D. Sheldon
F4 tokens=43 no1=16(0.37) no2=10(0.23) no9=5(0.12)
  no1: H15 C0 I0 M0
    G. D. Sheldon Ft Monroe {time: 6.30 PM} too [Captain] Lynch [Command = Er (-ed, -ing)]ing Ord Ship [Force] Lawrence near [Norfolk] [.] send immediately by the phlox the large tar pee does of [900] pounds ach [,] wich insulating wire [.] I have immediate use for them  {tail: [signed] [100] ah Parker [Command = Er (-ed, -ing)]er [5] [Diversion] etc etc etc R. O'Brien}
  no2: H9 C0 I0 M0
    G. D. Sheldon Ft Monroe {time: 6.30 PM} too [Battled [?]] Lynch polkaing Ord Ship [Force] Lawrence near [Maj Gen E R S Canby] Unity send immediately by the phlox the large tar pee does of pony prolong pounds ach [Cavalry] wich insulating wire [1000] I have immediate use for them [100] William ah Parker polkaer [Failure] [Colored] etc etc etc R. O'Brien
  no9: H5 C0 I0 M0
    G. D. Sheldon Ft Monroe {time: 12 midnight PM} too princess Lynch polkaing Ord Ship [Forage] Lawrence near [Louisiana] Unity send immediately by the phlox the large tar pee does of pony prolong pounds ach pedlar wich insulating wire [Movement] I have immediate use for them [Troops] William ah Parker polkaer plaster Prescott etc etc etc R. O'Brien
  no1shuf: H15 C0 I0 M0
    G. D. Sheldon Ft Monroe {time: 6.30 PM} too [Encountered enemy in strong force] Lynch [Maj Gen W. T. Sherman]ing Ord Ship [Unserviceable] Lawrence near [Rail Road] [.] send immediately by the phlox the large tar pee does of [900] pounds ach [,] wich insulating wire [.] I have immediate use for them  {tail: [signed] [100] ah Parker [Maj Gen W. T. Sherman]er [5] [Holly Springs] etc etc etc R. O'Brien}
  no2shuf: H9 C0 I0 M0
    G. D. Sheldon Ft Monroe {time: 6.30 PM} too [Yazoo] Lynch polkaing Ord Ship [Secretary of War] Lawrence near [Re-enforce (-ed, -ing)] Unity send immediately by the phlox the large tar pee does of pony prolong pounds ach [Ferrero [?] E] wich insulating wire [1000] I have immediate use for them [100] William ah Parker polkaer [Evacuation] [Friday] etc etc etc R. O'Brien
F5 tokens=38 no1=20(0.53) no2=12(0.32) no9=4(0.11)
  no1: H19 C0 I0 M0
    Maj. Eckert , [Volunteer] [Norfolk] [24] for [Command = Er (-ed, -ing)]er H. A. Wise Chief bureau [Washington] [.] [12] torpedoes of [900] pounds each with insulating wire are required by [Command = Er (-ed, -ing)]er Parker [Command = Er (-ed, -ing)]ing [5] [Division] [James] [River] [,] for immediate use  {tail: [signed] D Lynch [Command = Er (-ed, -ing)]er and Inspect or of Ord. Geo. D. Sheldon}
  no2: H10 C0 I0 M0
    Maj. Eckert , [Wounded] [Maj Gen E R S Canby] harrow penny for polkaer H. A. Wise Chief bureau [Maj Gen B. F. Butler] unity [Duck Creek] torpedoes of pony prolong pounds each with insulating wire are required by polkaer Parker polkaing [Failure] [Danger] [Pennsylvania] [Subsistence] [Cavalry] for immediate use [Saturday] D Lynch polkaer and Inspect or of Ord. Geo. D. Sheldon
  no9: H4 C0 I0 M0
    Maj. Eckert , [Traitor] [Louisiana] harrow penny for polkaer H. A. Wise Chief bureau growl unity Flood torpedoes of pony prolong pounds each with insulating wire are required by polkaer Parker polkaing plaster quincy Bergen [Flank] pedlar for immediate use [Troops] D Lynch polkaer and Inspect or of Ord. Geo. D. Sheldon
  no1shuf: H19 C0 I0 M0
    Maj. Eckert , [Effect (-ed, -ing)] [Rail Road] [24] for [Maj Gen W. T. Sherman]er H. A. Wise Chief bureau [Gen J. M. Palmer] [.] [12] torpedoes of [900] pounds each with insulating wire are required by [Maj Gen W. T. Sherman]er Parker [Maj Gen W. T. Sherman]ing [5] [New Hampshire] [Valley] [Trenton] [,] for immediate use  {tail: [signed] D Lynch [Maj Gen W. T. Sherman]er and Inspect or of Ord. Geo. D. Sheldon}
  no2shuf: H10 C0 I0 M0
    Maj. Eckert , [Martinsburg] [Re-enforce (-ed, -ing)] harrow penny for polkaer H. A. Wise Chief bureau [Aquia Creek] unity [Weldon] torpedoes of pony prolong pounds each with insulating wire are required by polkaer Parker polkaing [Evacuation] [Milledgeville] [Nashville] [Presence] [Ferrero [?] E] for immediate use [Hardee] D Lynch polkaer and Inspect or of Ord. Geo. D. Sheldon
F6 tokens=85 no1=36(0.42) no2=33(0.39) no9=18(0.21)
  no1: H29 C0 I0 M0
    Geo D. Sheldon Ft Monroe Va. {time: 1 PM} [Colonel]  {tail: [signed] [Quartermaster] [Monroe] [Steam]er Nevada wilby at [Monroe] in addy or [2] with [Recruits]'s please order her tooths [Point] immed'y after they have landed also all otter see going [Steam] vessels that may reach [Monroe] during the next [5] or [6] days [signed] rucker another for [Command = Er (-ed, -ing)]er Lynch ship [Force] lawrence [Norfolk] [Telegraph (-ed, -ing)] received no torpedoes [Of the] kind you name are [Available]'s [Rapidan] will t
  no2: H26 C0 I1 M0
    Geo D. Sheldon Ft Monroe Va. {time: 1.30 PM} [Cars] [Surrounding] [Rifle Pits] [Tennessee] [Transportation]er Nevada wilby at [Tennessee] in addy or peach with [River]'s please order her tooths [Reconnoissance] immed'y after they have landed also all otter see going [Transportation] vessels that may reach [Tennessee] during the next [Failure] or plague days [100] rucker another for polkaer Lynch ship [Force] lawrence [Maj Gen E R S Canby] [Valley] received no torpedoes [Pursue (-ed, -ing)] kind you name are [Steele
  no9: H18 C0 I0 M0
    Geo D. Sheldon Ft Monroe Va. {time: 1 PM} paradise [Killed] [Quartermaster] Animal [Reconnoissance]er Nevada wilby at appian in addy or peach with [Advance]'s please order her tooths [Maj. Gen.] immed'y after they have landed also all otter see going [Reconnoissance] vessels that may reach Animal during the next plaster or plague days [Troops] rucker another for polkaer Lynch ship [Forage] lawrence [Louisiana] [Intercept] received no torpedoes torch kind you name are nutmegs [B. F. Butler] will take months to prepa
  no1shuf: H29 C0 I0 M0
    Geo D. Sheldon Ft Monroe Va. {time: 1 PM} [Troops]  {tail: [signed] [Coosa] [Newbern] [Available]er Nevada wilby at [Fortify (-ed, -ing)] in addy or [2] with [Qr Master Genl U.S.]'s please order her tooths [Alabama] immed'y after they have landed also all otter see going [Valley] vessels that may reach [Newbern] during the next [5] or [6] days [signed] rucker another for [Maj Gen W. T. Sherman]er Lynch ship [Unserviceable] lawrence [General-in-Chief] [Enemy] received no torpedoes [Goldsboro] kind you name are [Kana
  no2shuf: H26 C0 I1 M0
    Geo D. Sheldon Ft Monroe Va. {time: 1.30 PM} [Enemy] [Tuckers Station] [Fredericksburg] [Wheeler] [Front]er Nevada wilby at [Charleston] in addy or peach with [To day]'s please order her tooths [Danville] immed'y after they have landed also all otter see going [Telegraph (-ed, -ing)] vessels that may reach [Wheeler] during the next [Evacuation] or plague days [100] rucker another for polkaer Lynch ship [Secretary of War] lawrence [Rebellion] [Colonel] received no torpedoes [Unite (-ed, -ing)] kind you name are [Com
F7 tokens=33 no1=11(0.33) no2=8(0.24) no9=6(0.18)
  no1: H9 C0 I0 M0
    Maj. Eckert [Volunteer] [Norfolk] to [Secretary of Navy] [.] The saugus left this morning for [Washington] [.] [Maj Genl U.S. Grant] needs her at once [.] she must be now half way [.] No use for me to send for her ditto will you let a message meet her and turner back Berrien Geo. D. Sheldon
  no2: H8 C0 I0 M0
    Maj. Eckert [Wounded] [Maj Gen E R S Canby] to [Sumter] unity The saugus left this morning for [Maj Gen B. F. Butler] [1000] [Imboden] needs her at once [Sunday] she must be now half way [1000] No use for me to send for her ditto will you let a message meet her and turner back Berrien Geo. D. Sheldon
  no9: H6 C0 I0 M0
    Maj. Eckert [Traitor] [Louisiana] to [A. E. Burnside] unity The saugus left this morning for grapes [Movement] John needs her at once [Movement] she must be now half way [Movement] No use for me to send for her ditto will you let a message meet her and turner back Berrien Geo. D. Sheldon
  no1shuf: H9 C0 I0 M0
    Maj. Eckert [Effect (-ed, -ing)] [Rail Road] to [Hanover] [.] The saugus left this morning for [Colonel] [.] [Diversion] needs her at once [.] she must be now half way [.] No use for me to send for her ditto will you let a message meet her and turner back Berrien Geo. D. Sheldon
  no2shuf: H8 C0 I0 M0
    Maj. Eckert [Martinsburg] [Re-enforce (-ed, -ing)] to [White Oak Ridge] unity The saugus left this morning for [Follow (-ed, -ing) [#]] [1000] [Communicate (-ed, -ing)] needs her at once [Carter S.P.] she must be now half way [1000] No use for me to send for her ditto will you let a message meet her and turner back Berrien Geo. D. Sheldon
F8 tokens=40 no1=14(0.35) no2=9(0.23) no9=5(0.12)
  no1: H10 C0 I0 M0
    Geo. D. Sheldon Ft Monroe {time: 3 PM} for [Maj Gen E. O. C. Ord] I shall leave here [Tomorrow] toby absent several days [.] I wish you to return to your [Head Quarters] [In the] field see that encase of tarquinty you wilby on hand to take charge of [Army]'s opera thing from here [.] it will answer if you stair tup in the morning  {tail: [signed] [Maj Genl U.S. Grant] thats all S. H. Beckwith}
  no2: H8 C0 I0 M0
    Geo. D. Sheldon Ft Monroe {time: 3.30 PM} for [Hunter D] I shall leave here [Throw] toby absent several days unity I wish you to return to your [Horse] [Killing] field see that encase of tarquinty you wilby on hand to take charge of [Washburn C C]'s opera thing from here unity it will answer if you stair tup in the morning [100] [Jeff Davis] thats all S. H. Beckwith
  no9: H5 C0 I0 M0
    Geo. D. Sheldon Ft Monroe {time: 5 PM} for meriden I shall leave here [Surrounded] toby absent several days unity I wish you to return to your [Regulars] [Scouting Party] field see that encase of tarquinty you wilby on hand to take charge of oysters opera thing from here unity it will answer if you stair tup in the morning [Troops] Jersey thats all S. H. Beckwith
  no1shuf: H10 C0 I0 M0
    Geo. D. Sheldon Ft Monroe {time: 3 PM} for [Volunteered] I shall leave here [Chief of Staff] toby absent several days [.] I wish you to return to your [Atlanta] [Pearl] field see that encase of tarquinty you wilby on hand to take charge of [Delaware]'s opera thing from here [.] it will answer if you stair tup in the morning  {tail: [signed] [Kingsport] thats all S. H. Beckwith}
  no2shuf: H8 C0 I0 M0
    Geo. D. Sheldon Ft Monroe {time: 3.30 PM} for [Successful] I shall leave here [Point] toby absent several days unity I wish you to return to your [Should have been] [Etowah] field see that encase of tarquinty you wilby on hand to take charge of [Hood]'s opera thing from here unity it will answer if you stair tup in the morning [100] [Cincinnati] thats all S. H. Beckwith
F9 tokens=28 no1=14(0.50) no2=8(0.29) no9=4(0.14)
  no1: H13 C0 I0 M0
    Geo. D. Sheldon Ft Monroe {time: 10.30 AM} [26] I N Palmer [Newbern] [.] all asked for bayou has been ordered ditto not lesson [6000] [Men] will [Report] to you [,] prepare accordingly  {tail: [signed] [Maj Genl U.S. Grant] [30] love S. H. Beckwith}
  no2: H8 C0 I0 M0
    Geo. D. Sheldon Ft Monroe {time: 10.30 AM} harsh pledge I N [50] [Maj Gen W T Sherman] unity all asked for bayou has been ordered ditto not lesson plague purple [Near] will [South] to you [Cavalry] prepare accordingly [Saturday] [Jenkins] lamp love S. H. Beckwith
  no9: H4 C0 I0 M0
    Geo. D. Sheldon Ft Monroe {time: 8 AM} harsh pledge I N Palmer fortune unity all asked for bayou has been ordered ditto not lesson plague purple [Transports] will [Equipage] to you pedlar prepare accordingly [Troops] Juno lamp love S. H. Beckwith
  no1shuf: H13 C0 I0 M0
    Geo. D. Sheldon Ft Monroe {time: 10.30 AM} [26] I N Palmer [Has, or have been, reinforced] [.] all asked for bayou has been ordered ditto not lesson [6000] [Ohio] will [Camp] to you [,] prepare accordingly  {tail: [signed] [Abingdon] [30] love S. H. Beckwith}
  no2shuf: H8 C0 I0 M0
    Geo. D. Sheldon Ft Monroe {time: 10.30 AM} harsh pledge I N [50] [Opelika] unity all asked for bayou has been ordered ditto not lesson plague purple [Surround] will [Washington] to you [Ferrero [?] E] prepare accordingly [Hardee] [Sparta] lamp love S. H. Beckwith
F10 tokens=51 no1=28(0.55) no2=23(0.45) no9=8(0.16)
  no1: H24 C0 I0 M0
    [Monroe] to Lieut. [Colonel] G. W. Schofield Willards [Washington] [.] Send [1] [Battery] with each [Division] and let the others [Follow (-ed, -ing)] when convenient  {tail: [signed] [Maj Genl J. M. Schofield] another to Lieut [Colonel] Boyd a [Quartermaster] willards [Washington] [.] It wilby [Necessary] to bring [Transportation] from [Washington] to [Follow (-ed, -ing)] the [Troops] [.] If good mules cannot be obtained in [Washington] ask authority to bring those from [Kentucky] [signed] [Maj Genl J. M. Schofiel
  no2: H20 C0 I0 M0
    [Tennessee] to Lieut. [Cars] G. W. Schofield Willards [Maj Gen B. F. Butler] unity Send plug [Artillery] with each [Danger] and let the others [Evacuate (-ed, -ing) [#]] when convenient [100] [Marmaduke] another to Lieut [Casualties] Boyd a [Rations] willards [Maj Gen B. F. Butler] unity It wilby [Our scouts report] to bring [To day] from [Maj Gen B. F. Butler] to [Evacuate (-ed, -ing)] the [Unite (-ed, -ing)] unity If good mules cannot be obtained in [Maj Gen B. F. Butler] ask authority to bring those from [Missis
  no9: H8 C0 I0 M0
    Animal to Lieut. paradise G. W. Schofield Willards growl unity Send plug [Washington] with each quincy and let the others [Deserters] when convenient [Troops] King another to Lieut pandora Boyd a [Quartermaster] willards grapes unity It wilby tarquin to bring [Skirmish] from growl to [Deserters] the [Wounded] unity If good mules cannot be obtained in growl ask authority to bring those from Aurora [Killed] Kitten and nothing for nothing moreGeo. D. Sheldon
  no1shuf: H24 C0 I0 M0
    [Newbern] to Lieut. [Troops] G. W. Schofield Willards [Gen J. M. Palmer] [.] Send [1] [Kirby Smith] with each [New Hampshire] and let the others [Petersburg] when convenient  {tail: [signed] [Mobile] another to Lieut [Cleveland] Boyd a [Chickamauga] willards [Colonel] [.] It wilby [C. A. Dana] to bring [Jackson] from [Gen J. M. Palmer] to [Adjt Genl. U.S.] the [Effective] [.] If good mules cannot be obtained in [Gen J. M. Palmer] ask authority to bring those from [Qr Master Genl U.S.] [signed] [City Point] and noth
  no2shuf: H20 C0 I0 M0
    [Wheeler] to Lieut. [Enemy] G. W. Schofield Willards [Aquia Creek] unity Send plug [Roanoke] with each [Milledgeville] and let the others [Cincinnati] when convenient [100] [Our pickets] another to Lieut [Banks N P] Boyd a [Steele Fdk] willards [Follow (-ed, -ing) [#]] unity It wilby [Humboldt] to bring [In the] from [Aquia Creek] to [Buckner] the [Quarter[?] Master General] unity If good mules cannot be obtained in [Aquia Creek] ask authority to bring those from [Maj Gen B. F. Butler] [Captain] [Wauhatchie] and no
F11 tokens=36 no1=10(0.28) no2=9(0.25) no9=5(0.14)
  no1: H10 C0 I0 M0
    Maj. Eckert , [Volunteer] [Monroe] {time: 9 AM} to Senator L. F. S. Faster Willards [Longstreet] [Washington] [.] Ship ordered to Ports mouth [New Hampshire] I do not wish to go Have me detached here by [Telegraph (-ed, -ing)] my executive off I sir Lieut [Command = Er (-ed, -ing)]er Parker can take ship  {tail: [signed] Joseph Land ManGeo. D. Sheldon}
  no2: H8 C0 I0 M0
    Maj. Eckert , [Wounded] [Tennessee] {time: 9 AM} to Senator L. F. S. Faster Willards [Weldon] [Maj Gen B. F. Butler] unity Ship ordered to Ports mouth [Alabama] I do not wish to go Have me detached here by [Valley] my executive off I sir Lieut polkaer Parker can take ship [Surrendered] Joseph Land ManGeo. D. Sheldon
  no9: H5 C0 I0 M0
    Maj. Eckert , [Traitor] Animal {time: 5 AM} to Senator L. F. S. Faster Willards Hotel growl unity Ship ordered to Ports mouth [President (United States)] I do not wish to go Have me detached here by [Intercept] my executive off I sir Lieut polkaer Parker can take ship [Killed] Joseph Land ManGeo. D. Sheldon
  no1shuf: H10 C0 I0 M0
    Maj. Eckert , [Effect (-ed, -ing)] [Newbern] {time: 9 AM} to Senator L. F. S. Faster Willards [Louisa C.H.] [Gen J. M. Palmer] [.] Ship ordered to Ports mouth [Maj Gen S. A. Hurlbut] I do not wish to go Have me detached here by [Enemy] my executive off I sir Lieut [Maj Gen W. T. Sherman]er Parker can take ship  {tail: [signed] Joseph Land ManGeo. D. Sheldon}
  no2shuf: H8 C0 I0 M0
    Maj. Eckert , [Martinsburg] [Wheeler] {time: 9 AM} to Senator L. F. S. Faster Willards [Herron F J] [Aquia Creek] unity Ship ordered to Ports mouth [Fredericksburg] I do not wish to go Have me detached here by [Colonel] my executive off I sir Lieut polkaer Parker can take ship [Captain] Joseph Land ManGeo. D. Sheldon
F12 tokens=41 no1=5(0.12) no2=5(0.12) no9=1(0.02)
  no1: H2 C0 I0 M0
    Sheldon Ft Monroe very sorry I missed train by forgetting [Cipher] book arrived at [Today] just as the weasler had left every thing appears right so far excepting too many pupils about office will look to interests of the service and carry out any instructions you may give to my best ability finis 9 P. m. To Maj. Eckert Baldwin
  no2: H4 C0 I0 M0
    Sheldon Ft Monroe very sorry I missed train by forgetting [Communications] book arrived at [Troops] just as the weasler had left every thing appears right so far excepting too many pupils about office will look to [Captain]'s of the service and carry out any instructions you may give to my best ability finis 9 P. m. To Maj. Eckert [Crocker M M]
  no9: H1 C0 I0 M0
    Sheldon Ft Monroe very sorry I missed train by forgetting penfield book arrived at [Subsistence] just as the weasler had left every thing appears right so far excepting too many pupils about office will look to interests of the service and carry out any instructions you may give to my best ability finis 9 P. m. To Maj. Eckert Baldwin
  no1shuf: H2 C0 I0 M0
    Sheldon Ft Monroe very sorry I missed train by forgetting [Steam] book arrived at [Chattahoochee] just as the weasler had left every thing appears right so far excepting too many pupils about office will look to interests of the service and carry out any instructions you may give to my best ability finis 9 P. m. To Maj. Eckert Baldwin
  no2shuf: H3 C1 I0 M0
    Sheldon Ft Monroe very sorry I missed train by forgetting [Edisto] book arrived at [Chalmers] just as the weasler had left every thing appears right so far excepting too many pupils about office will look to [fortifications]s of the service and carry out any instructions you may give to my best ability finis 9 P. m. To Maj. Eckert [Missionary Ridge]
F13 tokens=29 no1=9(0.31) no2=8(0.28) no9=5(0.17)
  no1: H7 C0 I0 M0
    Maj. Eckert [Volunteer] {time: 2.30 PM} for Bates [.] ascertain immed'y by what boat the [President U.S.] left Annie police and the time of leaving and [Telegraph (-ed, -ing)] me in [Cipher] also the time the boat passes Point Lookout  {tail: [signed] Eckert Geo. D. Sheldon}
  no2: H7 C0 I0 M0
    Maj. Eckert [Wounded] {time: 2.30 PM} for Bates unity ascertain immed'y by what boat the [Davidson J W] left Annie police and the time of leaving and [Valley] me in [Communications] also the time the boat [Fire]es Point Lookout [Surrounding] Eckert Geo. D. Sheldon
  no9: H5 C0 I0 M0
    Maj. Eckert [Traitor] {time: 4 PM} for Bates unity ascertain immed'y by what boat the [Heintzelman] left Annie police and the time of leaving and [Intercept] me in pembroke also the time the boat passes Point Lookout [Killed] Eckert Geo. D. Sheldon
  no1shuf: H7 C0 I0 M0
    Maj. Eckert [Effect (-ed, -ing)] {time: 2.30 PM} for Bates [.] ascertain immed'y by what boat the [Hiawassie] left Annie police and the time of leaving and [Enemy] me in [Killing] also the time the boat passes Point Lookout  {tail: [signed] Eckert Geo. D. Sheldon}
  no2shuf: H7 C0 I0 M0
    Maj. Eckert [Martinsburg] {time: 2.30 PM} for Bates unity ascertain immed'y by what boat the [Augusta] left Annie police and the time of leaving and [Colonel] me in [Wisconsin] also the time the boat [Pieces]es Point Lookout [Tuckers Station] Eckert Geo. D. Sheldon
F14 tokens=50 no1=17(0.34) no2=13(0.26) no9=3(0.06)
  no1: H15 C0 I0 M0
    Geo. D. Sheldon Ft Monroe for Eckert [.] [Maj Genl J. M. Schofield] has called on [Colonel] stagers for [Cipher] operator to go with hymn [Tomorrow] to [North Carolina] and says he will in a short time need construction [Corps] and some operators [.] [Colonel] refers matter to you and has informed [Maj Genl J. M. Schofield] [Of the] fact [.] can you have the party selected bayou meet [Maj Genl J. M. Schofield] at [Monroe] to accompany him and shall I have mack and party get ready to leave together with the material
  no2: H13 C0 I0 M0
    Geo. D. Sheldon Ft Monroe for Eckert unity [Marmaduke] has called on [Casualties] stagers for [Communications] operator to go with hymn [Throw] to [Ohio] and says he will in a short time need construction [Corps] and some operators [1000] [Cars] refers matter to you and has informed [Pemberton] [Pursue (-ed, -ing)] fact [Sunday] can you have the party selected bayou meet [Marmaduke] at [Tennessee] to accompany him and shall I have mack and party get ready to leave together with the material unity answer T. T. Ecker
  no9: H3 C0 I0 M0
    Geo. D. Sheldon Ft Monroe for Eckert unity Kingdom has called on pandora stagers for penfield operator to go with hymn [Surrounded] to abacus and says he will in a short time need construction pelton and some operators [Movement] paradise refers matter to you and has informed kitten torch fact [Movement] can you have the party selected bayou meet King at animal to accompany him and shall I have mack and party get ready to leave together with the material unity answer T. T. Eckert
  no1shuf: H15 C0 I0 M0
    Geo. D. Sheldon Ft Monroe for Eckert [.] [Maj Gen S. A. Hurlbut] has called on [Cleveland] stagers for [Steam] operator to go with hymn [Chief of Staff] to [Chalmers] and says he will in a short time need construction [Fortifications] and some operators [.] [Troops] refers matter to you and has informed [City Point] [Goldsboro] fact [.] can you have the party selected bayou meet [Mobile] at [Newbern] to accompany him and shall I have mack and party get ready to leave together with the material [.] answer T. T. Ecke
  no2shuf: H12 C0 I1 M0
    Geo. D. Sheldon Ft Monroe for Eckert unity [Meade G G] has called on [Banks N P] stagers for [Edisto] operator to go with hymn [Point] to [operations] and says he will in a short time need construction [Madison] and some operators [1000] [Enemy] refers matter to you and has informed [Wauhatchie] [Unite (-ed, -ing)] fact [Carter S.P.] can you have the party selected bayou meet [Our pickets] at [Wheeler] to accompany him and shall I have mack and party get ready to leave together with the material unity answer T. T. 
F15 tokens=35 no1=13(0.37) no2=14(0.40) no9=6(0.17)
  no1: H12 C0 I0 M0
    Maj. Eckert , [Volunteer] [Monroe] for [Captain] Blodget a [Quartermaster] {time: 2 AM} police [.] Please inform [Maj Genl J. M. Schofield] should he arrive in An [Sumter] is tonight that I wilby at ditto ditto ditto [Tomorrow] Fry day morning with important despatches for him from [Maj Gen W. T. Sherman]  {tail: [signed] Jay F Anderson [Major] and A D see end Geo. D. Sheldon}
  no2: H13 C0 I0 M0
    Maj. Eckert , [Wounded] [Tennessee] for [Battled [?]] Blodget a [Rations] {time: 2 AM} police [1000] Please inform [Pemberton] should he arrive in An [Tennessee] is tonight that I wilby at ditto ditto ditto [Throw] Fry day morning with important [McLamores Cove]es for him from [Walker] [100] Jay F Anderson [Our pickets] and A D see end Geo. D. Sheldon
  no9: H6 C0 I0 M0
    Maj. Eckert , [Traitor] Animal for pilgrim Blodget a [Quartermaster] {time: 3.30 AM} police [Movement] Please inform Kitten should he arrive in An apple is tonight that I wilby at ditto ditto ditto [Surrounded] Fry day morning with important despatches for him from Knapsack [Troops] Jay F Anderson Tappan and A D see end Geo. D. Sheldon
  no1shuf: H12 C0 I0 M0
    Maj. Eckert , [Effect (-ed, -ing)] [Newbern] for [Tullahoma] Blodget a [Chickamauga] {time: 2 AM} police [.] Please inform [City Point] should he arrive in An [Transportation] is tonight that I wilby at ditto ditto ditto [Chief of Staff] Fry day morning with important despatches for him from [Maj Gen Joseph Hooker]  {tail: [signed] Jay F Anderson [Secretary of War] and A D see end Geo. D. Sheldon}
  no2shuf: H13 C0 I0 M0
    Maj. Eckert , [Martinsburg] [Wheeler] for [Marietta] Blodget a [Steele Fdk] {time: 2 AM} police [1000] Please inform [Wauhatchie] should he arrive in An [Brigade] is tonight that I wilby at ditto ditto ditto [Point] Fry day morning with important [Field]es for him from [Prince H H] [100] Jay F Anderson [Opelika] and A D see end Geo. D. Sheldon
F16 tokens=47 no1=13(0.28) no2=11(0.23) no9=5(0.11)
  no1: H12 C0 I0 M0
    Maj Eckert [Volunteer] {time: 3.30 PM} [Monroe] {time: 1.30 PM} for Mrs Ellen H. Stand ton [Washington] arrived here safely will remain until [Tomorrow] morning and then start for [Savannah] [Secretary of War] Geo. D. Sheldon City Point Jan'y 6 1865 Geo D Sheldon Ft Monroe please ascertain immed'y if [Maj Gen B. F. Butler] has [Left] [Monroe] & if so when & when bound [.] don't mention that I enquired keep me posted S. H. Beckwith
  no2: H10 C0 I0 M0
    Maj Eckert [Wounded] {time: 3 PM} [Tennessee] {time: 1 PM} for Mrs Ellen H. Stand ton [Maj Gen B. F. Butler] arrived here safely will remain until [Throw] morning and then start for [Murfreesboro] [Delaware] Geo. D. Sheldon City Point Jan'y 6 1865 Geo D Sheldon Ft Monroe please ascertain immed'y if Knox has [Necessary] [Tennessee] & if so when & when bound unity don't mention that I enquired keep me posted S. H. Beckwith
  no9: H5 C0 I0 M0
    Maj Eckert [Traitor] {time: 6 PM} Animal {time: 2 PM} for Mrs Ellen H. Stand ton growl arrived here safely will remain until [Surrounded] morning and then start for Germany Brutus Geo. D. Sheldon City Point Jan'y 6 1865 Geo D Sheldon Ft Monroe please ascertain immed'y if Knox has [Transportation] animal & if so when & when bound unity don't mention that I enquired keep me posted S. H. Beckwith
  no1shuf: H12 C0 I0 M0
    Maj Eckert [Effect (-ed, -ing)] {time: 3.30 PM} [Newbern] {time: 1.30 PM} for Mrs Ellen H. Stand ton [Gen J. M. Palmer] arrived here safely will remain until [Chief of Staff] morning and then start for [Corps] [Movement] Geo. D. Sheldon City Point Jan'y 6 1865 Geo D Sheldon Ft Monroe please ascertain immed'y if [Maj Gen Geo. H. Thomas] has [Selma] [Newbern] & if so when & when bound [.] don't mention that I enquired keep me posted S. H. Beckwith
  no2shuf: H10 C0 I0 M0
    Maj Eckert [Martinsburg] {time: 3 PM} [Wheeler] {time: 1 PM} for Mrs Ellen H. Stand ton [Aquia Creek] arrived here safely will remain until [Point] morning and then start for [River] [Drove in our Pickets] Geo. D. Sheldon City Point Jan'y 6 1865 Geo D Sheldon Ft Monroe please ascertain immed'y if Knox has [Williamsburg] [Wheeler] & if so when & when bound unity don't mention that I enquired keep me posted S. H. Beckwith
