entry	row	key	window	a	lcs/n	b_p95	hit	c	c_key_meanings
F1	5898/1	no1	1	0.444	12/27	0.222	-	15	available chief fear island movement norfolk rhode river road south staff troops two
F1	5898/1	no1shuf7	1	0.364	12/33	0.182	-	21	artillery beauregard chief general goldsboro government helena howard kanawha major negley parke pearl telegraph two unite
F2	5899/0	no1	0	0.704	19/27	0.296	HIT	7	available james navy norfolk river secretary volunteer
F2	5899/0	no1shuf7	0	0.667	18/27	0.296	HIT	8	colonel effect hanover kanawha rail road trenton valley
F3	5902/1	no1	1	0.808	21/26	0.308	HIT	5	command general major ord
F3	5902/1	no1shuf7	1	0.750	21/28	0.286	HIT	7	danger general goldsboro major sherman smith
F4	5902/2	no1	2	0.765	13/17	0.412	HIT	4	brigadier command general
F4	5902/2	no1shuf7	2	0.684	13/19	0.368	HIT	6	danger general holly major sherman springs
F5	5904/1	no1	0+1	0.395	30/76	0.158	-	36	battery corps division forty four general grant horse information major men schofield six soon ten three tomorrow troops twenty two washington
F5	5904/1	no1shuf7	0+1	0.370	30/81	0.148	-	40	advance chief effective fortifications forty four general hooker joseph kingsport kirby lafayette major memphis ohio palmer report reynolds scouts six smith ten three tombigbee twenty two
F6	5905/0	no1	0	0.478	11/23	0.261	-	10	division follow general grant palmer transportation troops volunteer
F6	5905/0	no1shuf7	0	0.500	10/20	0.300	HIT	9	advance colonel effect effective feint impregnable kingsport petersburg
F7	5907/1	no1	1	0.625	20/32	0.281	HIT	9	command fourteen james norfolk river six twenty volunteer
F7	5907/1	no1shuf7	1	0.556	20/36	0.222	HIT	13	effect fourteen general palmer rail road sherman six trenton twenty valley
F8	5912/1	no1	1	0.692	18/26	0.308	HIT	7	department general ord quartermaster volunteer yorktown
F8	5912/1	no1shuf7	1	0.692	18/26	0.308	HIT	7	capture chickamauga effect general hurlbut knoxville smith
F9	5914/1	no1	1	0.404	19/47	0.170	-	24	advance command fight force fought four heavy ing island mile navy report rhode river road secretary volunteer wilmington
F9	5914/1	no1shuf7	1	0.365	19/52	0.154	-	27	after attack big black camp effect fortifications four general heavy howard lines loudon palmer sherman trenton unite unserviceable west
F10	5915/0	no1	0	0.725	29/40	0.300	HIT	7	battery general quartermaster telegraph virginia volunteer yorktown
F10	5915/0	no1shuf7	0	0.690	29/42	0.286	HIT	11	arkansas capture chickamauga danger effect enemy kirby newbern secretary smith war
F11	5915/1	no1	0+1	0.661	37/56	0.250	HIT	16	army baltimore capture carolina destroy evacuate fort general gunboat ion north rebel two volunteer wilmington
F11	5915/1	no1shuf7	0+1	0.554	36/65	0.215	HIT	25	burnside chalmers danger davis delaware effect enemy front galveston general goldsboro jeff marietta newbern secretary two war washburne
F12	5917/1	no1	0+1	0.867	26/30	0.333	HIT	3	guard norfolk volunteer
F12	5917/1	no1shuf7	0+1	0.812	26/32	0.312	HIT	6	effect general orange palmer rail road
F13	5918/0	no1	0	0.778	49/63	0.222	HIT	13	artillery captain department general grant major quartermaster report
F13	5918/0	no1shuf7	0	0.645	49/76	0.184	HIT	25	abandon baltimore brigadier camp coosa encountered enemy force general kingsport knoxville lockwood major palmer parke prss secretary state strong tullahoma vermont written
F14	5918/1	no1	1	0.676	23/34	0.265	HIT	8	captain capture colonel quartermaster river today two
F14	5918/1	no1shuf7	1	0.657	23/35	0.257	HIT	12	chickamauga davis equip gunboat jeff trenton troops tullahoma two valley
F15	5919/1	no1	1	0.696	16/23	0.348	HIT	5	colonel general report scout two
F15	5919/1	no1shuf7	1	0.696	16/23	0.304	HIT	7	camp cleveland demoralize movement red river two
