(all) | "Fort Fisher is ours" Tribune correspondent Vanderbilt powder magazine explosion | 0
(all) | "Fort Fisher is ours" "New Inlet" assault Terry prisoners Vanderbilt | 10
   id ['hurricaneoffireu0000robi']
       for monitors to use against {{{New Inlet}}}, and for ships and men to {{{assault}}} Fort Caswell.”* Another problem
       Brig. Gen. Alfred H. {{{Terry}}} with orders to cooperate with the fleet. But {{{Terry}}} was a civilian volunteer
   id ['indian-wells-cape-fear-css-chick-official-records-of-the-union-and-confed']
       present, of affairs off {{{New Inlet}}}, North Carolina, U. S. S. Mohican, Off {{{New Inlet}}} Bar, November 27,1864
       present^ of affairs off {{{New Inlet}}} ^ North Carolina, U. S. S. Mohican, Off {{{New Inlet}}}^ North Carolina^ November
   id ['cu31924080772175']
       scouting expeditio^i in {{{New Inlet}}}. U. S. S. Kansas, Off {{{New Inlet}}}, North Carolina, October
       regarding the blockade off {{{New Inlet}}}. U. S. Gunboat Kansas, Off {{{New Inlet}}}, November 15, 1864. Admiral:
   id ['officialrecordso0011unse']
       scouting expedition in {{{New Inlet}}}. U. S. S. Kansas, Off {{{New Inlet}}} , North Carolina, October
       regarding the blockade off {{{New Inlet}}}. TJ. S. Gunboat Kansas, Off {{{New Inlet}}}, November 15, 1864. Admiral
(all) | Varina Blair "passed through the lines" Ord Grant Mulford | 0
(all) | torpedoes "900 pounds" insulating wire Parker Lynch Wise Bureau Ordnance | 0
(all) | Nevada recruits Rucker Monroe City Point torpedoes Lynch Lawrence | 0
(all) | Saugus left Monroe Grant needs her Secretary Navy Sheldon | 0
(all) | Grant "absent several days" Ord "take charge" Army of the James Sheldon | 0
(all) | Schofield "one battery with each division" Willards Washington Kentucky mules | 0
(all) | Ship ordered Portsmouth "New Hampshire" "executive officer" detached Parker Sheldon Eckert | 0
(all) | Stager Schofield cipher operator construction corps North Carolina Sheldon | 0
(all) | Eckert Bates "President" left Annapolis boat Point Lookout cipher Sheldon | 0
(all) | Anderson Blodget Schofield Sherman despatches Annapolis Sheldon | 10
   id ['abrahamlincolnscrbhlinc']
       William M. {{{Anderson}}}, Edward {{{Anderson}}}, George H. {{{Anderson}}}, H. O. {{{Anderson}}}, Larz {{{Anderson}}}, R. C.
       Joanna M. {{{Sherman}}}, Cecelia S. {{{Sherman}}}, Ellen Ewing {{{Sherman}}}, John {{{Sherman}}}, Mary S. {{{Sherman}}}, Rachel
   id ['sim_american-historical-association-annual-report_1911_1_index']
       3433. {{{Sherman}}}, A. M., 752. —,8. A., 1604. ——, W. T., 1932-1933. {{{Sherman}}} family, 2188. : {{{Sherman}}} anti-trust
       on, 26, 27-28, 39-40. {{{Anderson}}}, D. K., THe INSURGENTs OF 1811, 165-176. {{{Anderson}}}, F. M., of program committee
   id ['lineagebook2221daug']
       of Lieut. James {{{Anderson}}}. Daughter of William Stephenson and Mary {{{Anderson}}}, his wife. Granddaughter
       William {{{Anderson}}} and Elizabeth McKibben, his wife. Gr.-granddaughter of James {{{Anderson}}} and Mary
   id ['lineagebook25revogoog']
       Descendant of Lieut. James {{{Anderson}}}. Daughter of William Stephenson and Mary {{{Anderson}}}, his wife. Granddaughter
       of William {{{Anderson}}} and Elizabeth McKibben, his wife. Gr.-granddaughter of James {{{Anderson}}} and Mary Stewart
warofrebellion461unit | Sheldon Eckert Schofield torpedoes Fort Fisher Terry Vanderbilt | 0
warofrebellion014602rootrich | Sheldon Eckert Schofield torpedoes Fort Fisher Terry Vanderbilt | 0
warofrebellion463unit | Sheldon Eckert Schofield torpedoes Fort Fisher Terry Vanderbilt | 0
warofrebellion471unit | Sheldon Eckert Schofield torpedoes Fort Fisher Terry Vanderbilt | 0
warofrebellion014702rootrich | Sheldon Eckert Schofield torpedoes Fort Fisher Terry Vanderbilt | 0
warofrebellion014703rootrich | Sheldon Eckert Schofield torpedoes Fort Fisher Terry Vanderbilt | 0
papersofulyssess0013gran | Ord Blair Varina Schofield Kentucky mules | 0
privateofficialc05butl | Sheldon Butler Beckwith Monroe | 0
be-api requests 20
