5752/0 | "Hancock is not near enough to render" Smith any aid | 10
    ['xt7gb56d4s2m']
         as  it  re treating  {{{Hancock  is  not  near  enough  to render}}}  {{{Smith  any}}}  aid.  Richmond  papers
    ['per_raftsman-s-journal_raftsman-s-journal_1864-06-22_1']
       Appomatox as if retreating. {{{Hancock is not near enough to render}}} {{{Smith any}}} aid. The Richmond papers have
    ['sim_armed-forces-journal_1864-06-25_1_44']
       mattox, as if retreating. {{{Hancock is not near enough to render}}} Gen- eral {{{Smith any}}} aid. ‘The Richmond papers
    ['sim_united-states-congress-congressional-globe_1864-06-18_190']
       Appomattox as if retre {{{Hancock is not near enough to render}}} General {{{Smith any}}} aid. The Richmond papers
       retreating. ¥ ic not near enough te render General {{{Smith any}}} ut wmond papers have nothing to indicate a your
    ['wordsofwar0000brac']
       as  if  retreating. {{{HANCOCK  is  not  near  enough  to  render}}}  Gen.  {{{SMITH  any}}} aid. The  Richmond 
5699/1 | "how wide is" Yorktown "West Point" cable poles Eckert Sheldon 1864 | 10
    ['warofrebellion273unit']
       reported.  Probably  at  {{{Yorktown}}}. f   Ordered  to  {{{Yorktown}}}. %   Reported  at  {{{Yorktown}}}. &   Detachment  reported
       from  {{{Yorktown}}}  by  General  Keyes  as- cended the  Mattapony,  45  miles  above  {{{West  Point}}},  to  Walkerton
    ['warofrebellion012703rootrich']
            Probably  at  {{{Yorktown}}}. f  Ordered  to  {{{Yorktown}}}. i  Reported  at  {{{Yorktown}}}. £  Detachment  reported
       from  {{{Yorktown}}}  by  General  Keyes  as cended  the  Mattapony,  45  miles  above-  {{{West  Point}}},  to 
    ['cu31924077700262']
       from  {{{Yorktown}}}  by  General  Keyes  as- cended the  Mattapony,  45  miles  above  {{{West  Point}}},  to  Walkerton
       King, Commanding,  {{{Yorktown}}}  : Send  a  gunboat  after  the  scow,  which  left  {{{Yorktown}}}  two  hours. Let
    ['warofrebellionco0027unit_x0h7']
       not reported. Probably at {{{Yorktown}}}. + Ordered to {{{Yorktown}}}. Sunes at {{{Yorktown}}}. ; Detachment reported with
       expedition sent from {{{Yorktown}}} by General Keyes as- cended the Mattapony, 45 miles above {{{West Point}}}, to Walkerton
    ['warofrebellion0027unse']
       not reported. Probably at {{{Yorktown}}}. +Ordered to {{{Yorktown}}}. t Reported at {{{Yorktown}}}. : ayes §$ Detachment reported
       expedition sent from {{{Yorktown}}} by General Keyes as- cended the Mattapony, 45 miles above {{{West Point}}}, to Walkerton
5707/0 | "one mile of cable" City Point Gillmore Williamsburg Jamestown island O'Brien | 0
5785/1 | "yellow fever is prevailing to considerable extent" | 1
    ['illinoisstate18460717walt']
       the North Americans. “The {{{yellow fever is prevailing to considerable extent}}} in Vera Cruz.” ew LA‘ ER FROM
5799/0 | "copy of all dispatches sent north from your office" | 0
5816/2 | "Baird will arrive" "with his instruments" Hendron Porter | 0
5583/2 | "W. A. Dunn" "American office" Baltimore Cherrystone operator Butler | 0
5827/0 | Saugus "above City Point" Porter "will start down" Beckwith | 0
5793/1 | "Manhattan" "Secretary of War" wharf Dealy Eckert Fort Monroe October 1864 | 0
5822/2 | "Demolay" "leave here at daylight" Sheldon O'Brien | 0
5638/0 | "do not believe a word against him" Dunn Butler Eckert | 0
5632/2 | "ready to put up at a moment's notice" Butler telegraph miles | 0
5810/1 | "meet you at Monroe tomorrow" Beckwith Butler Grant November 1864 | 0
5720/0 | "heavy and continuous firing" "fifteen miles" Grant battery O'Brien May 1864 | 0
5814/0 | Mahopac Canonicus Saugus "ready for service" Porter Butler monitors | 10
    ['historyofironcla0000quar']
       sold. {{{Canonicus}}}-class {{{monitors}}} Manayunk and Manhattan were sold. {{{Canonicus}}}-class monitor {{{Mahopac}}} was sold
       the {{{Canonicus}}}-class and these {{{monitors}}} were larger than the Passaic- class. The {{{Canonicus}}} mounted two
    ['officialrecordso0011unse']
         1864. Move  the  {{{Saugus}}}  and  {{{Canonicus}}}  up  to  Dutch  Gap. David  D.  {{{Porter}}}, Rear-Admiral. Commander
       D.  D.  {{{Porter}}}. Letter  from  Rear-Admiral  {{{Porter}}} ,  U.  S.  Navy,  to  Major-General  {{{Butler}}}, U.  S
    ['officialrecordso0002john']
       November 28, 1564. Move the {{{Saugus}}} and {{{Canonicus}}} up to Dutch Gap. Davip D. {{{PORTER}}}, Rear- Admiral. Commander
       Rear-Admiral D. D. {{{PORTER}}}. Letter from Rear-Admiral {{{Porter}}}, U. S. Navy, to Major-General {{{Butler}}}, U. S. Army
    ['official-records-union-and-confederate-navies-in-war-of_1900_11']
       November 28, 1864. Move the {{{Saugus}}} and {{{Canonicus}}} up to Dutch Gap. DAviD D. {{{PORTER}}}, Rear-Admiral. Commander
       Rear-Admiral D. D. {{{PORTER}}}. Letter from Rear-Admiral {{{Porter}}}, U. S. Navy, to Major-General {{{Butler}}}, U. 8. Army
    ['indian-wells-cape-fear-css-chick-official-records-of-the-union-and-confed']
       November 28^ 1861. Move the {{{Saugus}}} and {{{Canonicus}}} up to Dutch Gap. David D. {{{Porter}}}, Rear-Admiral. Commander
       Hear-Admiial D. D. {{{Porter}}}. Letter from Rear Admiral {{{Porter}}}, U. 8. Nary, to Major-General {{{Butler}}}, U. 8. Army
be-api requests 15
