warofrebellion363unit | Bickford | 1
    us ;   cannot  tell  now where  we  will  meet  {{{Bickford}}},  but  will  look  out  for  him  if  we  get
    Monroe,  Va.,  May  29,  1864. Major  Eckert  : {{{Bickford}}}  and  party  arrived  this  morning.  Have  got
    I   understand,  and  will  communicate  with  {{{Bickford}}}.  Following just  received  from  Homan  :   “
warofrebellion363unit | "wire between White House" | 0
warofrebellion363unit | "White House and West Point" | 0
warofrebellion363unit | Wilcox Landing telegraph | 1
      on the  {{{Telegraph}}}  road,  and  was  at  a   point  half  a   mile  from  the  {{{Telegraph}}} road.  A  
    is  about  to  {{{telegraph}}}  to  General  Grant,  and  if  you  wish  it  he  will {{{telegraph}}}  in  relation
    out  on  strikes  the  {{{Telegraph}}}  road  at Carmel  Church,  and  by  the  {{{Telegraph}}}  road  thence  it  is
warofrebellion363unit | Abercrombie "White House" office | 0
warofrebellion401unit | Bickford | 0
warofrebellion401unit | "wire between White House" | 0
warofrebellion401unit | "White House and West Point" | 0
warofrebellion401unit | Wilcox Landing telegraph | 1
    45  p.  m.  reached  the  {{{landing}}}  and  embarked  on  transports,  {{{landing}}} at  Bermuda  Hundred,  and
    James  .River  at  Wilcox’s  {{{Landing}}}  and  transports  com¬ menced  {{{landing}}}  troops,  ambulances,  &c.
      to  find  on  {{{landing}}}  that  the  order  which  I  had  sent by  signal  {{{telegraph}}}  had  miscarried
warofrebellion401unit | Abercrombie "White House" office | 0
warofrebellion402unit | Bickford | 1
    and  I   pre- sume General  Meade  is  also.  {{{Bickford}}},  Cowan,  Rand,  and  Painter  left White  House
    guer- rillas and  guard  line.  Have  telegraphed  {{{Bickford}}}  to  leave  an  operator at  Fort  Powhatan  with
                  149, 151, 152 1.NDLX. 737 Page. {{{Bickford}}},  Frederick  T.  Mentioned   -     372,  378 Biddle
warofrebellion402unit | "wire between White House" | 0
warofrebellion402unit | "White House and West Point" | 0
warofrebellion402unit | Wilcox Landing telegraph | 1
    Harrison’s  {{{Landing}}}.  Citizens  told Cole  that  he  was  about  five  miles  from  Harrison’s  {{{Landing}}}.  He
    Major-General. Headquarters  Second  Army  Corps, {{{Wilcox}}}'’ s   {{{Landing}}} ,   June  14 ,   1864 — 6.10  p.  m. Major-General
    embark  from  Wilcox’s  {{{Landing}}}  at  daylight.  It  is  expected  that  the {{{landing}}}  will  be  ready  for
warofrebellion402unit | Abercrombie "White House" office | 0
papersofulyssess0011gran | Bickford | 0
papersofulyssess0011gran | "wire between White House" | 0
papersofulyssess0011gran | "White House and West Point" | 0
papersofulyssess0011gran | Wilcox Landing telegraph | 1
    1864 39 To Maj. Gen. Henry W. Halleck Hd Qrs {{{Wilcox}}} {{{Landing}}} 5 30 PM June 13, 186[4] Mas. GEN. HALLECcK
    from {{{Wilcox}}} Wharf to Windmill Point, which is directly opposite, but I have ordered barges, {{{landing}}} material
    garrison from White House which was detained at {{{Wilcox}}} {{{Landing}}} to aid Sheridan is expected to- morrow. As
papersofulyssess0011gran | Abercrombie "White House" office | 0
militarytelegrap02plum | Bickford | 0
militarytelegrap02plum | "wire between White House" | 0
militarytelegrap02plum | "White House and West Point" | 0
militarytelegrap02plum | Wilcox Landing telegraph | 0
