volumes searched: 171
F1 5785/0 | yellow fever prevailing to an alarming extent | none
F1 5785/0 | Vanderhoef should be relieved | none
F1 5785/0 | Vanderhoef | warofrebellion33unit
F1 5785/0 | relieved immediately | warofrebellion33unit
F1 5785/0 | close the offices | none
F1 5785/0 | fever is not very fatal | none
F1 5785/0 | Newport Barracks sick | none
F2 5706/0 | cut poles and assist in building line | none
F2 5706/0 | Gloster to West Point | none
F2 5706/0 | Bickford will leave | none
F2 5706/0 | lay cables at Gloster | none
F2 5706/0 | machinery for paying it out | none
F2 5706/0 | connect through from Monroe to White House | none
F3 5630/0 | following steamers have reported here | none
F3 5630/0 | none of double decked | none
F3 5630/0 | Chesapeake City ordered | none
F3 5630/0 | Transportation should be hurried | none
F3 5630/0 | Highland Light | warofrebellion33unit
F4 5819/1 | send at once two gunboats down to | none
F4 5819/1 | keep a good lookout for rebel boats | none
F4 5819/1 | hold the persons in them as prisoners | none
F4 5819/1 | will tow them off | none
F4 5819/1 | Parker Onondaga | none
F4 5819/1 | Dutch Gap | historyofuniteds00bake,lincolnintelegra00bates,officialrecordso0009unse,officialrecordso0010unse,privateofficialc04butl,privateofficialc05butl,warofrebellion0207rootrich,warofrebellion362unit,warofrebellion403unit,warofrebellion432unit,officialrecordso0011unse,warofrebellion363unit,warofrebellion421unit,warofrebellion422unit,warofrebellion423unit
F5 5804/1 | Lizzie Baker is the only boat | none
F5 5804/1 | transfer the men as fast as they arrive | none
F5 5804/1 | whether I shall take the boats | none
F6 5798/2 | Tallapoosa is now near Montauk | none
F6 5798/2 | Yantic is now | none
F6 5798/2 | the Maumee is | none
F6 5798/2 | steering for Halifax | none
F6 5798/2 | before the Tallahassee | none
F6 5798/2 | miles off shore | officialrecordso0009unse,officialrecordso0011unse
F7 5605/2 | Fifth New Jersey Battery | warofrebellion362unit,warofrebellion421unit,warofrebellion423unit
F7 5605/2 | be spared to this department | none
F7 5605/2 | I should direct this to General Grant | none
F8 5788/2 | driven Kautz back | privateofficialc05butl
F8 5788/2 | opened fire upon Fort Harrison | privateofficialc05butl,warofrebellion423unit
F8 5788/2 | advancing on our right toward | privateofficialc05butl,warofrebellion423unit
F8 5788/2 | enemy have attacked and driven Kautz | privateofficialc05butl
F9 5724/0 | prepared to send two millions rations | none
F9 5724/0 | head of cattle to the White House | none
F9 5724/0 | Commissary General Taylor | none
F10 5814/2 | appear before a court martial | none
F10 5814/2 | shall the witness leave at such a time as this | none
F10 5814/2 | Lieutenant Commander Dewey | none
F10 5814/2 | Dewey | archivesoucorre00housgoog,archivesoucorre03groe,archivesoucorre04housgoog,archivesoucorre07housgoog,archivesoucorre08housgoog,archivesoucorres03unse,bub_gb_cM5KS3lziccC,bub_gb_wBJLsV8B_BgC,charlesiin1646le00chariala,correspondancede03will,correspondancede05will,despatchesinstru00fran,labibliothque01gach,lemarchaldegu00noai,lettresinstructi06richuoft,lettresinstructi07richuoft,lettresinstructi08richuoft,lewwallaceautobi00wall,manuscriptsofmar00grea,memoiresdelouish02brie,negociationssecr02lecl,negociationssecr03lecl,negociationssecr04lecl,officialrecordso0009unse,officialrecordso0010unse,p1cataloguegnr02bibluoft,reportsofbvtbrig00unit,warofrebellion33unit,warofrebellion361unit,officialrecordso0011unse,warofrebellion421unit,warofrebellion422unit
