volumes searched: 173
F1 5787/1 | City of Hudson | warofrebellion403unit,williamhsewardau03sewa
F1 5787/1 | Ingalls City of Hudson | none
F1 5787/1 | No such orders were received | none
F1 5787/1 | answered him to this effect | none
F1 5787/1 | almost destitute of water | none
F1 5787/1 | destitute of water | warofrebellion402unit
F1 5787/1 | Hudson ordered to report | none
F2 5629/1 | Captain Farquhar requires | none
F2 5629/1 | Farquhar requires mules | none
F2 5629/1 | mules for pontoon train | none
F2 5629/1 | mules for the pontoon train | none
F2 5629/1 | pontoon train when can they be furnished | none
F2 5629/1 | additional wagons and teams complete | none
F2 5629/1 | wagons and teams complete | warofrebellion422unit
F2 5629/1 | I made requisition for | warofrebellion362unit,warofrebellion402unit
F3 5741/0 | arriving here in considerable numbers | none
F3 5741/0 | indicates work for us this side of James | none
F3 5741/0 | cable for James River | none
F3 5741/0 | cable for Appomattox | none
F3 5741/0 | Butler has asked again for one | none
F3 5741/0 | ready for short notice | none
F3 5741/0 | send hoe man here | none
F4 5812/0 | send all empty steamers to Washington | none
F4 5812/0 | empty steamers to Washington to bring down | none
F4 5812/0 | as fast as they arrive and become light | none
F4 5812/0 | estimates are prepared of material | none
F4 5812/0 | buildings already in process of erection | none
F4 5812/0 | Colonel Bradley to send | none
F4 5812/0 | Captain William T Howell | none
F4 5812/0 | William T Howell | none
F5 5610/1 | I am ordered to New York to await decision | none
F5 5610/1 | await decision upon an application to leave the Department of the South | none
F5 5610/1 | application to leave the Department of the South | none
F5 5610/1 | appear before the investigating committee | none
F5 5610/1 | visit Washington that I may appear | none
F5 5610/1 | Seymour ordered to New York | none
F6 5822/1 | Mendota and Miami | none
F6 5822/1 | Canonicus and Mahopac | officialrecordso0011unse
F6 5822/1 | Canonicus Mahopac Hampton Roads | none
F6 5822/1 | three Manitous | none
F6 5822/1 | Aikens Landing below Dutch Gap | officialrecordso0011unse
F6 5822/1 | moved all the vessels to Aikens Landing | none
F6 5822/1 | proceed down the river as you command | none
F6 5822/1 | Parker Porter Mendota | none
F7 5609/2 | additional shelter tents are needed here | none
F7 5609/2 | shelter tents are needed here instead of | none
F7 5609/2 | shelter tents instead of 20000 | none
F7 5609/2 | required by Lieutenant Webster | none
F7 5609/2 | required by Lieutenant Webster | none
F7 5609/2 | let me know if I can count on the amount of water | none
F7 5609/2 | count on the amount of water | none
F8 5790/0 | Keyport | privateofficialc05butl,warofrebellion33unit,officialrecordso0011unse
F8 5790/0 | left here at 1 PM on the Keyport | none
F8 5790/0 | wish you to meet him at the wharf on arrival at Monroe | none
F8 5790/0 | deliver any telegrams that may be sent you for him | none
F8 5790/0 | tell him that I directed you to do so | none
F8 5790/0 | get anything he may have | none
F8 5790/0 | meet him at the wharf on arrival | none
F9 5742/1 | put afloat all the 3 and 2 inch plank | none
F9 5742/1 | afloat all the 3 and 2 inch plank you can | none
F9 5742/1 | dont want scantling | none
F9 5742/1 | do not want scantling | none
F9 5742/1 | dont start vessel up until you get further orders | none
F9 5742/1 | Colonel Shaffer chief of staff please hurry me an operator | none
F9 5742/1 | hurry me an operator | none
F9 5742/1 | send me an operator | none
F10 5775/1 | remove York River light vessel | none
F10 5775/1 | authority is received to remove York River light vessel | none
F10 5775/1 | York River light vessel | none
F10 5775/1 | take her to Hampton Roads | officialrecordso0011unse
F10 5775/1 | light house inspector | none
F10 5775/1 | McGarvey light house inspector | none
F10 5775/1 | J W Sampson | warofrebellion372unit
