papersofulyssess0012gran | "Coggins Point" | 1
    USG at Baltimore. SepT.16. C.S.A. cav. raided {{{Coggins’ Point}}}, Va., driving off the cat- tle of the Army
    time a dash was made on the cattle herd at {{{Coggins Point}}} & it is feared this herd & its guard have fallen
    water, took the shortest & most direct road to {{{Coggins Point}}}.—Immediately on receiving intelligence of this
    country to be watched, I have always considered {{{Coggins point}}}, an unsuitable position for the cattle herd
    23n, 195n, 269n, 291n, 352, 388n, 397n; at {{{Coggins’ Point}}}, 84n; Wade Hampton captures, 168 and n, 169n
papersofulyssess0012gran | Hicksford | 1
    part 2, 210. 1. John R. Chambliss, Jr., born at {{{Hicksford}}}, Va., in 1833, USMA 1853, resigned the year after
     45; proposes attack on Negro soldiers, 298n {{{Hicksford}}}, Va., 75 Hill, Ambrose P. (C.S. Army): corps engaged
papersofulyssess0012gran | "Logan" Hooker command | 0
papersofulyssess0011gran | Bickford | 0
papersofulyssess0011gran | "white house" Bickford telegraph | 0
papersofulyssess0010gran | Maddox tobacco | 0
privateofficialc04butl | Maddox tobacco | 1
    will  be  by  his  side. Respectfully,  J.  H.  {{{Maddox}}} From  General  Butler Hd.  Qrs.  Deft,  of  Va
     Richmond  is  here  about  taking away  his  {{{tobacco}}}.  He  has  called  upon  me  for  assistance, 
    months  were  given  in  which  to take  away  the  {{{tobacco}}},  which  expires  the  23rd  of  this  month. By
    can  the  French  Government  get  away their  {{{tobacco}}}  from  here  in  that  time.  I  desire  instructions
     the  French vessels,  about  getting  their  {{{tobacco}}}  from  Richmond.  Allow- ing two  vessels  of 
privateofficialc04butl | Bickford | 0
privateofficialc05butl | Hicksford | 1
    cutting  the  Weldon  railroad  as  far  south  as  {{{Hicksford}}}. Butler  at  the  same  time  is  holding  a 
    Hewett,  Major,  412,  415,  419 Hickman,  117 {{{Hicksford}}},  388 Higbee,  E.  G.,  295 High  Bridge,  322
privateofficialc05butl | Beckwith | 0
be-api requests 10
