papersofulyssess0012gran | "Nineteenth Corps" Rawlins Sheldon | 1
    Brig. Gen. John A. {{{Rawlins}}} City Point, Va. Oct. 29th 1864. Bric. GEN. J. A. {{{RAWLINS}}}, CHIEF OF STAFF, GENERAL
    Secretary-Treasurer DIRECTORS William K. Alderfer {{{Sheldon}}} S. Cohen Charles G. Ellington John Hope Franklin
    30. USG sent Chief of Staff Brig. Gen. John A. {{{Rawlins}}} to Mo. to ensure that Rosecrans forwarded troops
    returned to City Point that eve- ning. Nov. 14. {{{Rawlins}}} in Washington planned to return to City Point the
    headquarters that has escaped entirely. General {{{Rawlins}}}, Col. Badeau and Rowley are now absent, sick, and
papersofulyssess0011gran | "Nineteenth Corps" arrived Rawlins | 0
papersofulyssess0012gran | Gillmore "Fort Monroe" start yesterday | 0
papersofulyssess0012gran | Beckwith Sheldon City Point fleet | 0
papersofulyssess0012gran | Terry Varina O'Brien | 0
papersofulyssess0012gran | "Captain Allen" boots | 0
papersofulyssess0010gran | Gillmore tents Eckert | 1
    shelter {{{tents}}} they must go without {{{tents}}}. Quartermaster must be prohibited from issuing {{{tents}}} other than
    wrote to {{{Gillmore}}}, reproving him for going to Florida with- out orders—whereupon Gen’l. {{{Gillmore}}} replies
    providing for the issue of shelter {{{tents}}} instead of common, wall or sibley {{{tents}}} will be strictly adhered to
    Bristol—Some Regimental commanders have not drawn {{{tents}}} expecting to move back in a week—Our own condition
    and leave Banks and the Coast forces of Butler & {{{Gillmore}}}, to make a diversion towards Mobile? It will require
papersofulyssess0011gran | Gillmore pontoon train | 1
    under Maj. Gen. Quincy A. {{{Gillmore}}} and later served as chief of staff for {{{Gillmore}}} in the Army of the James
    vols. has been ordered from Fort Delaware. Genl {{{Gillmore}}} thinks that five thousand more men can safely
    Cavalry up the South side of the river with a {{{pontoon train}}} to cross wherever they can. The feeling of the
    USG. “Will start back early in the morning Gen {{{Gillmore}}} with 2000 men started today to demonstrate on
    rail road bridge and to go south onthe railroad {{{Gillmore}}} reconnoitred the enemys works & has returned finding
papersofulyssess0012gran | "Colonel Howard" artillery Butler batteries | 0
papersofulyssess0000unse | Sheldon boots Allen | 0
papersofulyssess0000unse | Beckwith Gillmore Fort Monroe | 0
be-api requests 11
