volumes searched: 164
F1 5839/2 | brasses are worn again | none
F1 5839/2 | brasses worn again | none
F1 5839/2 | we can not go on | none
F1 5839/2 | Rodgers brasses | none
F1 5839/2 | Cuyler Rodgers | none
F2 5734/2 | Nothing new to communicate | officialrecordso0010unse x1 [in., 20th. Received 6: 30 p. m.) No change in the naval situation. Nothing new to communicate. S. P. Lee, Actg. Rear-Admiral , Comdg. North Atlantic Blockading S] || warofrebellion363unit x1 [Island, June 6, 1864. Hon. Gideon Welles, Secretary of the Navy : Nothing new to communicate. Visited army lines to-day. They are thought to be very strong. S.] || warofrebellion423unit x1 [er from the Twenty-seventh North Carolina has been forwarded. He has nothing new to communicate. JNO. G. PABKE, Major- General. Special Orders, ) Headquarters Nin]
F2 5734/2 | Visited army lines | warofrebellion363unit x1 [ Gideon Welles, Secretary of the Navy : Nothing new to communicate. Visited army lines to-day. They are thought to be very strong. S. P. LEE, Acting Rea]
F2 5734/2 | thought to be very strong | warofrebellion363unit x1 [y : Nothing new to communicate. Visited army lines to-day. They are thought to be very strong. S. P. LEE, Acting Rear-Admiral, Special Orders, ) Headquarters Ten]
F2 5734/2 | Agawam Farrar | officialrecordso0010unse x23 [ Commanding North Atlantic Blockading Squadron. [Telegram.] Plagship Agawam, Farrar’s Lsland, May 22, 1864. (Via Fortress Monroe, 5 p. in., 24th. Rece] || warofrebellion363unit x9 [A. CARTER, Captain and Acting Assistant Adjutant- General. Flag-Ship Agawam, Farrar’s Island, James River, May 22, 1864. (Via Fort Monroe, 4.30 p. m. ] || warofrebellion402unit x4 [dvised General Butler. H. W. BENHAM, Brigadier- General. Flag-ship Agawam, Farrar’s Island , June 13 , 1864 — 10 p. m. (Via Fortress Monroe.) Hon. Gid]
F2 5734/2 | Agawan | none
F3 5736/1 | dispatch several gunboats from the Potomac | officialrecordso0010unse x1 [e, 5 a. m., 9th. Received 2 : 30 a. in., 10th.) Can the Department dispatch several gunboats from the Potomac to York River to answer calls from that quarter ? No change in t]
F3 5736/1 | gunboats from the Potomac to York River | officialrecordso0010unse x1 [. Received 2 : 30 a. in., 10th.) Can the Department dispatch several gunboats from the Potomac to York River to answer calls from that quarter ? No change in the naval situat]
F3 5736/1 | to answer calls from that quarter | officialrecordso0010unse x1 [ Department dispatch several gunboats from the Potomac to York River to answer calls from that quarter ? No change in the naval situation here. S. P. Lee, Rear-Admiral] || warofrebellion363unit x1 [tment dispatch several gun-boats from the Potomac to the York River, to answer calls from that quarter ? No change in the naval situation here. S. P. LEE, Acting Rear-Ad]
F3 5736/1 | No change in the naval situation here | officialrecordso0010unse x1 [rom the Potomac to York River to answer calls from that quarter ? No change in the naval situation here. S. P. Lee, Rear-Admiral. Hon. Gideon Welles, Secretary of Navy. ] || warofrebellion363unit x1 [ the Potomac to the York River, to answer calls from that quarter ? No change in the naval situation here. S. P. LEE, Acting Rear-Admiral . Headquarters U. S. Armies, Cold]
F3 5736/1 | naval situation here | officialrecordso0010unse x1 [ York River to answer calls from that quarter ? No change in the naval situation here. S. P. Lee, Rear-Admiral. Hon. Gideon Welles, Secretary of Navy. ] || warofrebellion363unit x1 [e York River, to answer calls from that quarter ? No change in the naval situation here. S. P. LEE, Acting Rear-Admiral . Headquarters U. S. Armies, Cold]
F4 5760/0 | Samuel Jones | dukeportlandwelb01greauoft x1 [d as captains in the new list. Draft. [N. XII., 97.] Colonel Samuel Jones. 1644[-5], March 14. — Answer, desiring that his former answer be de] || officialrecordso0015unse x6 [ of the U. S. forces on this coast, a letter w from Major-General Samuel Jones, commanding this department. The letter informs him that five genera] || warofrebellion0207rootrich x11 [aiting reply to my telegram of this date to the Secretary of War. SAMUEL JONES, Major General, Commanding. [Third indorsement.] ADJUTANT AND INSPECT] || warofrebellion33unit x25 [ns- Alleghany or Western Department of Vir- ginia, relieving Maj. Gen. Samuel Jones. 28, 1864. — Scout in Gloucester County, Va. 28-Mar. 1, 1864. — Cust] || warofrebellion352unit x114 [general of the U. S. forces on this coast, a letter from Maj. Gen. Samuel Jones, commanding this department. The letter informs him that 5 generals ] || warofrebellion362unit x4 [nt of boutn Carolina, Georgia, and Florida, and report to Maj. Gen. Samuel Jones, commanding, for assignment to duty as an unaxtacnecl. IX. The Fift] || warofrebellion403unit x1 [ant of the post at Charlotte, N. C., and will report to Maj. Gen. Samuel Jones, commanding, &c., for assignment to duty in Florida. XXXIII. Col. W] || warofrebellion431unit x1 [January 20; not indicated on return for January 31, 1865. Maj. Gen. Samuel .Jones assigned .January 11, 1865, to command of the District of Florida, ] || warofrebellion452unit x2 [ickliffe. Six companies 3d Regiment Reserves, at Cahaba, Lieut. Col. Samuel Jones. Artillery. Clanton’s (Alabama) battery, Capt. N. H. Clanton. Merri] || warofrebellion423unit x1 [ C. WHITING, Major- General. Wilmington, December P, 1864. General Samuel Jones: General Lee telegraphs march of two corps of Grant’s army and div] || warofrebellion44unit x51 [ne hundred and tweniy-seventh New A'ork Infantry. No. 2. — Maj. Gen. Samuel Jones, C. S. Army, commanding District of South Carolina, including operati]
F4 5760/0 | equal number of rebel officers of equal rank | warofrebellion352unit x1 [ time the fire on the city is continued. I respectfully ask that an equal number of rebel officers of equal rank may be sent to me, in order that I may place them under the enem]
F4 5760/0 | under the enemy's fire as long as our officers are exposed in Charleston | none
F4 5760/0 | this weak and cruel act | none
F4 5760/0 | Boordman | none
F4 5760/0 | Mary A. Boardman | officialrecordso0015unse x2 [t, G. W. See G. IP. Blunt, U. S. schooner. Boardman, Mary A. See Mary A. Boardman, U. S. Army transport. Bolinger, Henry C. Mentioned . ____ Bond, J.] || warofrebellion352unit x2 [Strong, of my personal staff, to Fortress Monroe, with the propeller Mary A. Boardman, with instructions to await your reply and to bring down the requis] || warofrebellion431unit x2 [000 men; Fannie, 500 men; Crescent, 1,200 men; Spaulding, 1,000 men; Mary A. Boardman, 500 men; Canonicus, 600 men; Delaware, 800 men; Cosmopolitan, teams ]
F4 5760/0 | E. N. Strong | bim_eighteenth-century_a-collection-of-the-stat_thurloe-john_1742_1 x1 [l endeavour to invite the Engliſh to enter into this ſame treaty. 3 It hath been ſtrongly noiſed here, and great ſtir there hath been about it, that the Engliſh had g] || bim_eighteenth-century_memoirs-of-the-life-and-_coxe-william_1798_1 x4 [ letter to his friend Walpole, with whom he then acted, and by a whom he had been ſtrongly recommended to the duke of Marlborocu g. * But, both Walpole and his brother] || bim_eighteenth-century_memoirs-of-the-life-and-_coxe-william_1798_2 x1 [fered him to take in the preſent ſituation of affairs unleſs the regent had given ſtrong aſſurances of aſſiſtance. They ſend over in ſingle ſhips, arms and ammunition,] || calendarofletter0003pasc x1 [ June, St. John’s eve, Fabricio (Marramao) entered Lodi with his force, 1,500 men strong, and on the following day, though the Marquis del Guasto had previously made ] || calendarofstatep0021will x1 [- vision could not get up; the enemy was strong in the town, and might have been stronger, for the Spanish chiefs came to relieve the town, having the Brabant side fr] || calendarorleters0003vari x1 [RY VII. 521 Should he be appointed, he can do no possible good, as he has been strongly suspected, and hated ever since he presented to the College of Cardinals the] || manuscriptsofmar00grea x1 [them from thence with the loss of 120 or 130 men and if he had been strong enough might have taken possession of some posts near the Town " . ] || memoirskingsspa02unkngoog x1 [r and disgrace. The prejudices against Alberoni in England and France have been strong and lasting. In- deed^ where public and private interests are so deeply invol] || privateofficialc04butl x1 [side influences. I understand the names of Butler and Sickles have been strongly urged by politicians, in order they say to break down "West Point] || privateofficialc05butl x1 [ion imposes on me the duty of deciding what I am to do. I have been strongly pressed since my return to become a candidate for Congress. I hav] || warofrebellion0207rootrich x2 [ve field officers, rebel prisoners of war, under the charge of Maj. E. N. Strong, aide-de-camp. They are now confined on board of vessels, anchored ] || warofrebellion33unit x1 [ for protection and sympathy under the circumstances would not have been strong, but in view of their unswerving and unflagging loyalty I cannot dou] || warofrebellion352unit x5 [g, the batteries above (both sides of the island being picketed between Strong and Putnam), and at the left batteries. I have also placed Chap. ] || warofrebellion372unit x1 [ady to move. There is one company Eastern Shore regiment, fifty-one men strong, at this place. Shall they garrison Fort Dix ? Have about thirty p] || warofrebellion431unit x1 [ My vedettes have just brought in a company of State militia, seventeen strong. I am, general, very respectfully, your obedient servant. CH. BURKHA] || warofrebellion432unit x2 [ just heard of your great victory. God bless you all, officers and men. Strongly inclined to come up and see you. A. LINCOLN. War Department, ] || warofrebellion363unit x2 [tside influences. I understand the names of Butler and Sickles have been strongly urged by politicians, in order they say to break down “West Point] || warofrebellion402unit x2 [f the 15th I advised you in several dispatches that the enemy had been strongly re-enforced, that Dealing’s pickets had been driven in, and that t]
F4 5760/0 | fire on the city is continued | warofrebellion352unit x1 [ wicked work and cruel act I have pro- tested. In the mean time the fire on the city is continued. I respectfully ask that an equal number of rebel officers of equal ]
F5 5683/0 | no press despatches sent unless revised and approved | none
F5 5683/0 | Fort Powhatan and made three successive charges | none
F5 5683/0 | Powhatan and made three successive | none
F5 5683/0 | ample reinforcements | none
F5 5683/0 | steamer Dictator | warofrebellion0207rootrich x2 [ Point. I left this place at 2 p. m. on the 18th instant on the steamer Dictator, in charge of a guard of fifty enlisted men and one commissioned o] || warofrebellion402unit x1 [or-General Smith : The Second Pennsylvania Artillery have arrived on steamer Dictator. Boat too long to go up Appomattox and has been ordered to City P]
F5 5683/0 | steamer Manhattan at sea | none
F5 5683/0 | stating loss of steamer Manhattan | none
F5 5683/0 | large lot of cotton picked up near Hatteras | none
F5 5683/0 | Rowe has sent in the following | none
F6 5831/2 | Tullifinny Creek and Coosawatchie | none
F6 5831/2 | cut opening through woods | none
F6 5831/2 | knock the fits out of | none
F6 5831/2 | break of communication between Charleston and Savannah | none
F6 5831/2 | exchanged prisoners left Charleston Monday morning | none
F6 5831/2 | steamer United States with | none
F7 5670/1 | Kingsland Creek | privateofficialc04butl x3 [ is derived from the retrograde movement which carried him back from Kingsland Creek to Bermuda Hundred. The whole of that criticism has been based on ] || warofrebellion362unit x5 [ the headquarters of the general commanding at Cheatham’s house, near Kingsland Creek, and those of General Smith, near the Half-Way House, on the turn- ] || officialrecordso0011unse x6 [either last night nor the night before did the ironclads come below Kingsland Creek. Opposite the Graveyard, and extending down along the river, are ver] || warofrebellion402unit x1 [pontoon bridges one mile below Chaffin’s and half a mile above mouth Kingsland Creek. Cauuot one be con- structed there forthwith to communicate more dire]
F7 5670/1 | Hold your position will reinforce you | none
F7 5670/1 | captured a rebel courier | none
F7 5670/1 | rebel courier with dispatches from Beauregard | none
F7 5670/1 | Ames in position to keep Beauregard | none
F7 5670/1 | not disposed to fight without reinforcements | none
F7 5670/1 | Drewry's Bluff | none
F8 5729/1 | Hanoverian named Finck | none
F8 5729/1 | Finck left Charleston | none
F8 5729/1 | Hanoverian | bim_eighteenth-century_memoirs-of-the-life-and-_coxe-william_1798_1 x60 [of the Miniſtry,—Cahus of Sundecland-—Intrgues Period III. and Venality of the Hanoverian Junto Page 79 152010 1727. CHae. 14. Acquiſition of Bremen and Venen Alias wit] || bim_eighteenth-century_memoirs-of-the-life-and-_coxe-william_1798_2 x10 ['s in ſuch a government as Holland. SECRETARY STANHOPE TO LORD TOWNSHEND. Hanoverian miniſters preſs the immediate ſignature of the treaty with France— hopes the D] || bim_eighteenth-century_memoirs-of-the-life-and-_coxe-william_1798_3 x5 [t in Germany for acting jointly with their forces offen- ſively. For as to the Hanoverians and Heſſians, they will be a good deal confined to their preſent ſituation, u] || elisabethfarnese00armsuoft x9 [a few days before her marriage. SUPPORT OF THE PRETENDER. 57 the Hanoverian rSgime. In August he asked for Spanish money to assist the Pretende] || manuscriptsofmar00grea x3 [ intrigues of the latter. 5 pp. 1709. April 10th. Baron Schutz, Hanoverian Minister in London, to Secretary Boyle, " to have France's acknowled] || memoirsofhoratio00coxe x38 [ Mr. Walpole supports the Vote of Supply for the Maintenance of the Hanoverian Troops, and opposes the Motion for their Dismission — Divided State o] || nouvellecollecti06michuoft x1 [ eodem, quo pater sepultus est . sacello terra1 mandetur. Marchio in Hanoveriana urne uovum colligit exercitum , magnas in Germanie , ni caveatur, ]
F8 5729/1 | the city could be taken by | none
F8 5729/1 | Van Duzer Carter | none
F8 5729/1 | Carter Knoxville June 2 | none
F9 5837/1 | send off the Nereus | officialrecordso0011unse x1 [s we have to give. Take any vessels you find for convoy, and then send off the Nereus. Tell Porter if he finishes well to send what iron¬ clads and doub]
F9 5837/1 | take any vessels you find for convoy | officialrecordso0011unse x1 [e 198 NORTH ATLANTIC BLOCKADING SQUADRON. orders we have to give. Take any vessels you find for convoy, and then send off the Nereus. Tell Porter if he finishes well to ]
F9 5837/1 | you have all the orders we have to give | none
F9 5837/1 | send full account of your passage by mail | none
F9 5837/1 | wishing you may be in time | officialrecordso0011unse x1 [d full reports of your passage by mail so we can accept the ship. Wishing you may be in time, Your friend, G. Y. Fox. Commodore John Rodgers, U. S. Navy, Co]
F9 5837/1 | Nereus | aktyipismakisto00forsgoog x2 [amuser le Roy Tres chrestien, et l'empescher et divertir, qu'il ne prenne de genereuses resolutions pour donner assistence puissante à ses anciens alliés et confede] || archivesoucorre03groe x1 [eren van doen meer geirriteert sal worden , als waere het versoeck genereuselijck ontsegt geworden. LKTTKE IM \ \ \ I Le même au mêm] || archivesoucorres03unse x1 [ijcke manieren van doen meer geirriteert sal worden, als waere het versoeck genereuselijck ontsegt geworden. # AASRARARSANSSSPSSSSININ CS LETTRE DCXXVE. L] || bim_eighteenth-century_a-collection-of-the-stat_thurloe-john_1742_1 x1 [iſſent paroitre ils avoient pour ſon ſervice l' affection, quꝰ ils avoient ſi genereuſement te- moignee z et je lui propoſai enſuite la retraite du roi en leur armee] || bub_gb_bOnmNv2ZLVoC x7 [ que cette célébré AJJemblée ^fguinziéme de lanuier , en laquelle ce genereus Aduocat. aceufa ainfi hardiment Qjarles d'i^ufiriche de jelonnie , (ÿ-] || diplomaticcorres01montiala x9 [ace, et de la reputation qu'il avait acquise, en le defFendant si ^enereusement contre Tarmee des Ecossais. Le Chev. Moray vient de me dire q] || officialrecordso0009unse x2 [ [Telegram.] Fort Monroe, April 28, 1864—5: 30 p. on. Tecumseh and Nereus arrived this afternoon. S. P. Lee, Actg. Rear-Admiral , Comdg. Nort] || officialrecordso0010unse x22 [amer Agawam . . . 34g Sketch of chase by the United States Steamer Nereus of a blockade runner August 10, 1864 . . ’ 382 Sketch of the ch] || p1geschichtederpre04droyuoft x1 [e couronne on pourroit bien aller ä la messe. Y. S. E. est trop genereuse et Sa piet^ est trop sinc^re pour donner la rcligion ä des intere] || politischecorres09fred x1 [ ver-i sichern , dass der wienersche Hofi von keinen ihm onereusen Con- ditionen bei diesem Accommode- ment etwas wissen wollte ] || privateofficialc05butl x2 [try our luck. A boat was patched up, and a Master Haines of the "Nereus" volunteered to go with one or two of us, and the boat was brough] || warofrebellion431unit x2 [ contain- ing the substance of this from Fort Monroe by the steamer Nereus. I have not yet heard from her, and fear some accident has befalle] || officialrecordso0011unse x47 [ . Maliopac . Martin . Mercedita . Malvern . Nyack . Nansemond . Nereus . . Niphon .... . . . New Ironsides . New Berne . Osceola . Ononda]
F10 5837/0 | Captain John F. Anderson | none
F10 5837/0 | with dispatches from General Sherman and General Foster | none
F10 5837/0 | arrival here this morning at five o'clock | none
F10 5837/0 | detailed dispatches from General Sherman | warofrebellion44unit x1 [ram from Foster. 1 will be in Washington this p. m. with full and detailed dispatches from General Sherman. JNO. F. a:ndersox. Major and Additmial AUie-de-Camp, Staff of Gene]
F10 5837/0 | John F. Anderson | warofrebellion0207rootrich x1 [ntil exchange is completed. Very respectfully, your obedient servant, JOHN F. ANDERSON, Major and Aide-de-Camp. [AUGUST 1, 1864. — For Jones to Foster, ] || warofrebellion352unit x2 [pt. Leslie Smith, First U. S. Infantry, commissary of musters. Maj. John F. Anderson, aide-de-camp. Maj. E. N. Strong, aide-de-camp. Capt. George E. Gou] || warofrebellion431unit x1 [jor-General Sherman. Will be in Annapolis to-morrow morning (Friday). JOHN F. ANDERSON, Major and. Aide-de-Camp. Special Orders, ) Headquarters Army of th]
