volumes searched: 164
F1 5811/2 | H Livingston | diplomaticcorres01montiala,privateofficialc05butl,warofrebellion0207rootrich,warofrebellion452unit
F1 5811/2 | Louisa Moore | warofrebellion33unit
F1 5811/2 | Louisa Moore Idaho | none
F1 5811/2 | Weybosset | warofrebellion352unit,officialrecordso0011unse
F1 5811/2 | Montauk and Beaufort | none
F1 5811/2 | Sedgwick Massachusetts | none
F3 5747/1 | send up all ferry boats | none
F3 5747/1 | ferry boats immediately | none
F3 5747/1 | lumber to Fort Powhatan | none
F3 5747/1 | lumber to Fort Powhatan | none
F4 5823/2 | Barns | aktyipismakisto00forsgoog,bub_gb_BojohG8zXkQC,bub_gb_n0O44Q7X8RMC,calendarofclaren01bodluoft,calendarofstatep0021will,cu31924024797890,danskemagazin02unkngoog,dukeportlandwelb01greauoft,historyofuniteds00bake,lesoriginespolit01romi,lettresdecatheri03cathuoft,lettresdecatheri10cathuoft,lettresducardina02maza,lewwallaceautobi00wall,manuscriptsofmar00grea,officialrecordso0009unse,officialrecordso0010unse,privateofficialc05butl,regestadiplomat04copegoog,reminiscencesofw00sewauoft,warofrebellion0207rootrich,warofrebellion362unit,warofrebellion431unit,warofrebellion432unit,williamhsewardau03sewa,officialrecordso0011unse,warofrebellion402unit,warofrebellion422unit,warofrebellion44unit
F4 5823/2 | Charles McCormick medical director | warofrebellion402unit
F4 5823/2 | taken the | 10622705bsb,archivesoucorre07housgoog,archivesoucorres05groe,archivesoucorres05unse,bim_eighteenth-century_a-collection-of-the-stat_thurloe-john_1742_1,bim_eighteenth-century_memoirs-of-the-life-and-_coxe-william_1798_1,bim_eighteenth-century_memoirs-of-the-life-and-_coxe-william_1798_2,bim_eighteenth-century_memoirs-of-the-life-and-_coxe-william_1798_3,bub_gb_BojohG8zXkQC,calendarofclaren01bodluoft,calendarofletter0003pasc,calendarofstatep0021will,calendarorleters0003vari,charlesiin1646le00chariala,cu31924024797890,despatchesinstru00fran,diplomaticcorres01montiala,diplomaticcorres02mont,dukeportlandwelb01greauoft,elisabethfarnese00armsuoft,frankreichseinfl01suge,historyofuniteds00bake,lettersofqueenhe00henr,lewwallaceautobi00wall,manuscriptsofmar00grea,memoirskingsspa00unkngoog,memoirskingsspa02unkngoog,memoirsofhoratio00coxe,memorialsofgreat01caryuoft,officialrecordso0009unse,officialrecordso0010unse,officialrecordso0015unse,privateofficialc04butl,privateofficialc05butl,recollectionsofc00danauoft,relationspolitiq05nethuoft,reminiscencesofw00sewauoft,reportsofbvtbrig00unit,thenicholaspaper01camduoft,votinginfieldfor00bent,warofrebellion0207rootrich,warofrebellion33unit,warofrebellion352unit,warofrebellion361unit,warofrebellion362unit,warofrebellion372unit,warofrebellion403unit,warofrebellion431unit,warofrebellion432unit,warofrebellion452unit,williamhsewardau03sewa,officialrecordso0011unse,warofrebellion363unit,warofrebellion402unit,warofrebellion422unit,warofrebellion423unit,warofrebellion44unit
F4 5823/2 | B Deford | none
F4 5823/2 | Baltic | aktyipismakisto00forsgoog,archivesoucorre04housgoog,bim_eighteenth-century_a-collection-of-the-stat_thurloe-john_1742_1,bim_eighteenth-century_memoirs-of-the-life-and-_coxe-william_1798_1,bim_eighteenth-century_memoirs-of-the-life-and-_coxe-william_1798_2,bim_eighteenth-century_memoirs-of-the-life-and-_coxe-william_1798_3,bub_gb_BojohG8zXkQC,bub_gb_n0O44Q7X8RMC,calendarofclaren01bodluoft,calendarofstatep0021will,correspondancede01will,dukeportlandwelb01greauoft,elisabethfarnese00armsuoft,manuscriptsofmar00grea,memoirskingsspa00unkngoog,memoirskingsspa02unkngoog,memoirsofhoratio00coxe,negociationssecr02lecl,privateofficialc05butl,regestadiplomat04copegoog,traitsdudanemar00denmgoog,traitsdudanemar02denmgoog,warofrebellion0207rootrich,warofrebellion352unit,warofrebellion431unit,warofrebellion422unit,warofrebellion423unit
F5 5701/1 | Captain Farquhar | officialrecordso0009unse,privateofficialc04butl,warofrebellion33unit,warofrebellion361unit,warofrebellion362unit,warofrebellion403unit,warofrebellion363unit,warofrebellion402unit
F5 5701/1 | Farquhar report to | none
F5 5701/1 | Farquhar chief engineer | officialrecordso0009unse,warofrebellion33unit
F5 5701/1 | Farquhar ordered to report to General Smith | none
F6 5626/0 | Longstreet at Charlottesville | none
F6 5626/0 | Longstreet Charlottesville 5000 | none
F6 5626/0 | John I Davenport | privateofficialc05butl,warofrebellion0207rootrich,warofrebellion362unit,warofrebellion403unit,warofrebellion432unit,warofrebellion422unit,warofrebellion423unit
F6 5626/0 | Davenport our man | none
F6 5626/0 | our man reports Longstreet | none
F7 5748/0 | mail boats to Charles City | none
F7 5748/0 | Charles City landing | warofrebellion402unit
F7 5748/0 | send the mail boats | none
F7 5748/0 | H B Blood | warofrebellion422unit,warofrebellion423unit
F8 5808/1 | D Stinson | warofrebellion431unit,warofrebellion432unit,warofrebellion44unit
F8 5808/1 | Ninth Vermont will leave | none
F8 5808/1 | Captain Stinson | warofrebellion432unit,warofrebellion44unit
F8 5808/1 | William L James | none
F8 5808/1 | Perit | 10622705bsb,aktyipismakisto00forsgoog,ambassadesdemess05vert,antonioperezetph00mign,aragoniaibeatrix00berz,archivesoucorre00housgoog,archivesoucorre01housgoog,archivesoucorre02housgoog,archivesoucorre03housgoog,archivesoucorre04housgoog,archivesoucorre04unkngoog,archivesoucorre05housgoog,archivesoucorre06housgoog,archivesoucorre07housgoog,archivesoucorre08housgoog,archivesoucorre09housgoog,archivesoucorres01groe,archivesoucorres01unse,archivesoucorres02groe,archivesoucorres02unse,archivesoucorres03unse,archivesoucorres04groe,archivesoucorres04unse,archivesoucorres05groe,archivesoucorres05unse,beatrixkirlyn14500berz,bim_eighteenth-century_a-collection-of-the-stat_thurloe-john_1742_1,bim_eighteenth-century_memoirs-of-the-life-and-_coxe-william_1798_1,bim_eighteenth-century_memoirs-of-the-life-and-_coxe-william_1798_2,bim_eighteenth-century_memoirs-of-the-life-and-_coxe-william_1798_3,bub_gb_1qtcMB3cKasC,bub_gb_3N1SAAAAcAAJ,bub_gb_5GumwYtaHX8C,bub_gb_BI4WXMI4g1wC,bub_gb_D8ZW1o6MNMMC,bub_gb_NhOJqSX9GgIC,bub_gb_bOnmNv2ZLVoC,bub_gb_lGF3eVwI5y4C,bub_gb_n0O44Q7X8RMC,bub_gb_qWTswSr32NYC,bub_gb_rM--6yqWqc4C,calendarofclaren01bodluoft,calendarofletter0003pasc,calendarofstatep0021will,calendarorleters0003vari,correspondancede0000unse_m5g7,correspondancede02will,correspondancede05will,danskemagazin02unkngoog,despatchesinstru00fran,diplomaticcorres01montiala,diplomaticcorres02mont,dukeportlandwelb01greauoft,elisabethfarnese00armsuoft,frankreichseinfl01suge,historyofuniteds00bake,kancellietsbrevb02denm,labibliothque01gach,labibliothquen02gachuoft,lepredemadamede00dargoog,lesoriginespolit02romi,lettersofqueenhe00henr,lettresdecatheri09cathuoft,lettresdecatheri10cathuoft,lettresdepierre00noyegoog,lettresducardina02maza,lettresducardina09maza,lewwallaceautobi00wall,manuscriptsofmar00grea,memoiresdelaligu01goul,memoiresdelaligu03goul,memoiresdelaligu04goul,memoiresdelaligu05goul,memoiresdelaligu06goul,memoirskingsspa00unkngoog,memoirskingsspa02unkngoog,memoirsofhoratio00coxe,memorialsofgreat01caryuoft,mmoiresinditsde01barrgoog,monumentahungari0039unse,negociationssecr02lecl,negociationssecr03lecl,negociationssecr04lecl,ngociationsdel03charuoft,ngociationslet00pari,nouvellecollecti06michuoft,ocondedelinhares00func,officialrecordso0009unse,officialrecordso0015unse,pologne00farggoog,privateofficialc04butl,privateofficialc05butl,recollectionsofc00danauoft,regestadiplomat04copegoog,relationspoliti06teulgoog,relationspoliti07teulgoog,relationspolitiq05nethuoft,relationspolitiq06nethuoft,reminiscencesofw00sewauoft,reportsofbvtbrig00unit,thenicholaspaper01camduoft,warofrebellion0207rootrich,warofrebellion33unit,warofrebellion352unit,warofrebellion361unit,warofrebellion362unit,warofrebellion372unit,warofrebellion403unit,warofrebellion431unit,warofrebellion432unit,warofrebellion452unit,wilhelmvonorani01rachgoog,williamhsewardau03sewa,officialrecordso0011unse,warofrebellion402unit,warofrebellion422unit,warofrebellion423unit,warofrebellion44unit
F9 5814/1 | torpedoes invented by Mr Woods | none
F9 5814/1 | invented by Mr Woods | none
F9 5814/1 | Bureau of Ordnance torpedoes | none
F9 5814/1 | Woods torpedoes | none
F10 5833/0 | Pocotaligo bridge been destroyed | none
F10 5833/0 | Press despatch New York Herald | none
F10 5833/0 | Foster had not communicated with General Sherman | none
F10 5833/0 | Herald of the 13th about General Foster is wrong | none
F10 5833/0 | Pocotaligo | despatchesinstru00fran,officialrecordso0015unse,warofrebellion352unit,warofrebellion431unit,warofrebellion452unit,williamhsewardau03sewa,officialrecordso0011unse,warofrebellion423unit,warofrebellion44unit
