img 5751
img 5722
img 5783
img 5822
img 5616
img 5624
img 5827
img 5632
Traceback (most recent call last):
  File "/home/user/cipher-lab/ciphers/eckert-1864/fortmonroe/fm_r5c_hdl.py", line 12, in <module>
    open(os.path.join(out, f'p{p}.jpg'), 'wb').write(urllib.request.urlopen(urllib.request.Request(url, headers=UA), timeout=120).read()); n += 1
                                                     ~~~~~~~~~~~~~~~~~~~~~~^^^^^^^^^^^^^^^^^^^^^^^^^^^^^^^^^^^^^^^^^^^^^^^^^^^^^^
  File "/usr/lib/python3.13/urllib/request.py", line 189, in urlopen
    return opener.open(url, data, timeout)
           ~~~~~~~~~~~^^^^^^^^^^^^^^^^^^^^
  File "/usr/lib/python3.13/urllib/request.py", line 489, in open
    response = self._open(req, data)
  File "/usr/lib/python3.13/urllib/request.py", line 506, in _open
    result = self._call_chain(self.handle_open, protocol, protocol +
                              '_open', req)
  File "/usr/lib/python3.13/urllib/request.py", line 466, in _call_chain
    result = func(*args)
  File "/usr/lib/python3.13/urllib/request.py", line 1379, in https_open
    return self.do_open(http.client.HTTPSConnection, req,
           ~~~~~~~~~~~~^^^^^^^^^^^^^^^^^^^^^^^^^^^^^^^^^^
                        context=self._context)
                        ^^^^^^^^^^^^^^^^^^^^^^
  File "/usr/lib/python3.13/urllib/request.py", line 1335, in do_open
    r = h.getresponse()
  File "/usr/lib/python3.13/http/client.py", line 1478, in getresponse
    response.begin()
    ~~~~~~~~~~~~~~^^
  File "/usr/lib/python3.13/http/client.py", line 343, in begin
    version, status, reason = self._read_status()
                              ~~~~~~~~~~~~~~~~~^^
  File "/usr/lib/python3.13/http/client.py", line 312, in _read_status
    raise RemoteDisconnected("Remote end closed connection without"
                             " response")
http.client.RemoteDisconnected: Remote end closed connection without response
img 5794
img 5609
'bickford': 139 hits: 12357 11756 12554 9011 13248 11769 11771 12568 11778 11359 12574 12576 11362 11783 9037 11373 11541 9754 4629 12597 9756 12157 12598 11554 11810 11390 12607 11396 11561 12612 9771 12614 9773 11565 9774 11402 9075 9780 12622 11575 9083 12631 11844 11424 11845 11846 11593 11596 11597 11433
'coldwell': 4 hits: 9561 8914 8125 5722
'coggins': 3 hits: 5783 2891 2923
'hicksford': 5 hits: 4612 5825 5827 10477 10311
'maddox': 6 hits: 14022 10087 5609 4726 10239 8858
'shepley': 20 hits: 5808 5809 8669 8672 5825 5827 5828 8676 8680 11386 8683 13059 13060 5891 7734 8524 8550 11692 4567 7864
'rucker': 120 hits: 10317 2218 5411 5784 5786 11337 5787 9712 9716 4205 8655 6934 5811 8660 8661 10354 9037 6108 10364 9748 10365 9338 9339 10372 9757 7225 7307 5603 10145 5605 10402 9087 2529 5614 5616 9382 5885 5887 5633 9813 10180 3405 4443 7734 3413 5904 7738 3415 7740 7746
'blockade runner': 11 hits: 5809 5560 5573 9072 5871 7975 5632 10174 8039 8041 10268
'sedgwick dupont': 1 hits: 5822
requests 11
