IIIF 5801 525021
IIIF 5641 448144
IIIF 5768 459003
IIIF 5724 460297
IIIF 5645 489888
IIIF 5824 469158
IIIF 5582 474247
IIIF 5802 523758
IIIF 5829 476754
IIIF 5609 487674
== 'varina terry': 1 hits
  5801 | Page 257 | ...Ft Monroe Nov 1 . 1864 R OBrien Hd Qrs A. of J. Martha Appian for Taunton Shelby Terry polkaing trance Varina unity I leave for growl tonight Zebra Shylock all I think Wilby quiet zodiac Lieutenant Pandora Smith will attend to Tarquin quadrantal ...
  5801 | Page 257 | ...Ft Monroe Nov 1 . 1864 R OBrien Hd Qrs A. of J. Martha Appian for Taunton Shelby Terry polkaing trance Varina unity I leave for growl tonight Zebra Shylock all I think Wilby quiet zodiac Lieutenant Pandora Smith will attend to Tarquin quadrantal matters yoke Knave unit...
== 'gunboats due besides': 1 hits
  4587 | Page 146 | ...more than is necessary to hold your Depots safely US Grant Lt Genl   1215 pm  Ft Monroe May 1 1864 Lt Gen Grant  One Iron clad arrived  Two more now due . Four Gunboats due  besides . Gen Gilmore not yet arrived Gen Butler ...
== 'nineteenth corps': 3 hits
  9362 | Page 54 | ...Abercrombie Arrivals yesterday eleventh Cognac assigned to Haskin one hundred & thirtieth <insertion>(30th)</insertion> New York for Vermin Adorn one hundred & nineteenth <insertion>(119) </insertion> New York assigned to Haskin & thirty seventh  <insertion>37 </insertion> Columbia Weber's Raleigh & the fifth Census couldn't get...
  7636 | Page 392 | ...  Chambersburg Jany 16th 1864  Maj Eckert For Honorable Secretary of War Washn  It is reported that a mob will prevent Governor Curtin being inaugurated on the nineteenth inst. period I think not . <deletion>Stop</deletion> By invitation of  the Legislature Committee I shall be present signed Gen Couch fine morning and   650 PM ...
  13224 | Leaf 326 | ...unclear]24[/unclear] New York  Oct 31 Maj Eckert A letter just recd says my brother in law Edwd Welles Co D of one hundred & twentieth N. Y. V. emorys Division nineteenth 19 Corps was killed in recent battle will you do me the favor to [unclear]ascertain[/unclear] if you can [unclear][/unclear] & where his remains are [unclear][...
== 'pontoon train': 26 hits
  2699 | Page 221 | ...10.30 PM Winchester May 29th 1863 For Gen Schenck Balto I have learned through a secret rebel source entitled to some credit that Lee has a pontoon train about seven miles long & that his design is to make a demonstration up the river draw Hooker out turn quickly back throw a cross pontoons & fall suddenly...
  2699 | Page 221 | ...t that Lee has a pontoon train about seven miles long & that his design is to make a demonstration up the river draw Hooker out turn quickly back throw a cross pontoons & fall suddenly on Hooker while the Cavalry dash around his right & attack him in rear Pretty good theory signed R H Milroy Maj Genl   830 am 30th  Memphis Ma...
  3754 | Page 178 | ...supplies we have been obliged to leave our single pontoon train at one of the bridges behind in order to get our supplies over and are now without any Fremont   Ft Monroe 11 AM  June 9 " 62 Hon EMS I learn here that C...
  4626 | Page 185 | ...  & woody . I will renew the  attack at all points tomorrow & continue till Johnston retreats and then shall follow . Sweeney's Division Sixteenth Corps with a pontoon train tried to cross the Oostanaula at Lays ferry below Calhoun but was ...
  10376 | Page 234 | ...t For Qr Mr Genl Your dispatch recd ---- The Paymonkey is not obstructed to White House ---- the enemy are reported in some force at mouth of Chickahominy with Pontoon train which I dont believe <deletion>her</deletion> Herman Biggs chief Qr Mr 930pm ...
  6660 | Page 79 | ...l force we cooperate the Genl can command us at an hours notice . I should  be glad to recve maps & detailed information of field works as soon as possible the pontoon bridge will serve us best for crossing finis  Very Respy NP Banks MGC Div  ...
  5474 | Page 342 | ...sing the river below it would be impossible for me to concentrate the forces that are now in the eastern part  of the state to join Thomas but unless they have pontoon train with them I can probably prevent them  from crossing period I am drawing  the forces back from the eastern  part of the State gradually & the Enemy Caval...
  10390 | Page 248 | ... to strong position  in front Marietta ---- The officers in charge of repairs of Rail Road says will take ten days from today to rebuild bridge over Etowah but pontoon train has gone there & will lay a bridge there tomorrow ---- I shall be at front ---- Army will rest now  JC Van Duzer   130 AM 6th  Flag Ship Agawam Farrars I...
  7683 | Page 25 | ...owing teleg from Steedman Cortland recd this evening for your information Col Palmers guide left by him at Bulls Mountain reports that Palmer burned the enemys pontoon train and had gone towards Pikeville to destroy the train of six hundred wagons intending to return by Danville road a scouting party from  my advance at Leigh...
  7688 | Page 30 | ...or your information. Decatur Ala Jany fourth inst 1865 7 P. M. to Gen Thomas. I have just arrived here Col Palmer arrived at Courtland to day he captured Hoods pontoon  train a hundred & eighty wagons of supplies with one hundred & fifty prisoners, the trains were burned  and the horses & mules were mostly killed he followed ...
  10414 | Page 272 | ...Window Shades but did not cross because they had not enough bridge material ---- the deficiency has been supplied ---- Butlers Engineers had began work for the pontoon bridge at Fort Pow - hat - an before our arrival & are now aided by heavy details from Hancocks corps ---- it  is a pretty heavy job to cordu - roy the marsh w...
  7724 | Page 66 | ...P. M City Pt Jany 25th 1865  12.M. 25th To QrMr Genl. I have received to furnish transptn to NC for some fifteen hundred troops three hundred Arty horses   , a pontoon train of thirty boats including forty four teams  , making about five hundred animals . And also three hundred  and fifty employees of the <insertion>R'l R'd</...
  2066 | Page 10 | ...ispatch of this morning just received - and that of yesterday to which it refers was also received at eight last evening - we have no means of crossing yet the pontoon train not yet arrived from Annapolis nor can we  yet ascertain how soon it will reach its destination - General over ...
  4443 | Page 2 | ...ts Div'n has captured a rebel wagon train loaded with supplies with an officer & about eighty prisoners. General Sturgis has sent a force to destroy  the rebel Pontoon bridge near the mouth of the Notechucky sig'd J. G. Foster " sig John A Rawlings Br Genl & berry   Recd 105 PM Maj. Eckert  Fort Monroe Jany 27th 1864 1 PM For...
  5025 | Page [70] | ...Gen NP  Banks Feb 25th 62 Frederick or Harpers Ferry Your telegram of today received Lieut Comstock U S A was sent from here last evening to Annapolis for the Pontoon train and it was to be loaded at daylight this morning there was a mistake about the cars first ordered if you will telegraph to Genl Hatch at Annapolis he wil...
  7737 | Page 79 | ... transferred to fort Fisher if you deem it advisable ---- a pile driver will leave Annapolis on Thursday for fort fisher with a sufficient force to work it the pontoon train left here on Sunday sig US Grant another 31st 11 1/2 AM Secy War ---- Please constitute N. C. a Dept for  present purposes Schofield in command subject t...
  8499 | Page 21 | ...h he states that citizens and deserters inform that there is no force of the enemy either at Florence or Tuscumbia it being also reported to him that the enemy pontoon train had left LaGrange on the morning ...
  4717 | Page 276 | ...extending from one swamp to another ---- the last of the Army will no doubt be south of the James River by noon tomorrow I must here say that the unprecedented pontoon bridge nearly seven hundred yards long constructed by Major Duane is of the most admirable solidity ---- After Duane had nearly finished it Bonham came up & to...
  7633 | Page 389 | ...ers named or Gen Parke will suit me U. S. Grant  Maj. Gen.   Recd 12 PM 13th Jan 1864 Nashville Jan 13th 11 AM for  Gen in Chf I will write full directions for Pontoon train ---- want it in New Orleans U. S. Grant  Maj. Genl ...
  7781 | Page 123 | ...n thirty five hundred and four thousand men, still they  have been asking for more I hope to get off from here about Saturday if possible ---- I have a canvass pontoon train enroute from Washn which I would like  to take ---- PH Sheridan Maj Genl   130  City Point Feby 22d 1865 To Maj Gen Halleck ---- Please direct Gen Humphr...
  3650 | Page 74 | ...to move on Franklin Telegraphs river rising again Two crossing on roads from Moorefield to Franklin No bridge or ferry greatly crippled in movement for want of pontoon train J. C. Fremont ...
  5725 | Page 181 | ...Fortress Monroe June 1st 1864 R. O'Brien  Gen Butler's Hd. Qrs. Elizabeth for Knox zebra I am here with nearly ghost publish feet of pontoon patron and a woodford train tools &c by order of javelin to await here further orders zebra last evening an order of irelands to polkaing officer here directed...
  5725 | Page 181 | ...on and a woodford train tools &c by order of javelin to await here further orders zebra last evening an order of irelands to polkaing officer here directed all pontoon patents toby sent to  you and I am now sending these pontoon rafts with nearly peach prolong spit pekin enough to lay the patrons pedlar to reach you I trust d...
  10267 | Page 125 | ... For Qr. Mr. Genl Meigs On twelfth April I made requisition for one hundred saddle horses for Qr Mr use ---- Capt Farquhar requires one hundred forty mules for pontoon train ---- when can they be furnished? In course of two or  three weeks we shall probably need two hundred additional wagons and teams complete , would suggest...
  3504 | Page 221 | ...May 29 For Schenck Balto I have learned this a secret <deletion>Salem</deletion> <insertion>Rebel</insertion> source entitled to some credit that Gen Lee has a pontoon train about seven miles long & that his design is to make a demonstration up  the river draw Hooker out turn quickly back throw a cross pontoon & fall suddenly...
  3504 | Page 221 | ...t Gen Lee has a pontoon train about seven miles long & that his design is to make a demonstration up  the river draw Hooker out turn quickly back throw a cross pontoon & fall suddenly on Hooker while the Cavy dash around his right & attack him in rear pretty good theory signed R H Milroy Maj Genl    Fort Monroe May 31 Hooker ...
== 'last detachment gillmore': 1 hits
  4593 | Page 152 | ...  strike to - gether ---- U. S. Grant  Lt Genl.   4.35 P. M. Beckwith Culpepper ----  Ft Monroe Va May 2nd 64 430 For Gen Grant . Letter just received from Gen Gillmore which states that he would start yesterday which would bring him here to night or tomorrow morning . He comes with the last detachment = ment Benj F Butler Maj...
  4593 | Page 152 | ...ter just received from Gen Gillmore which states that he would start yesterday which would bring him here to night or tomorrow morning . He comes with the last detachment = ment Benj F Butler Maj Genl   8.45 P. M  Culpepper Va May 2nd 1864 2nd 730 PM For Gen Halleck . Has any thing definite been done in regard to affairs West of...
== 'boots to spare': 2 hits
  5824 | Page 280 | ...Ft. Monroe Dec 9 1864 Maj Eckert Di Jennie princess Allen Vinton growl zodiac we have know boots of any kind to spare zebra Have been waiting peach days for boots to whimper plunge Woodbury panama and have not yet succeeded in getting them Webster pilgrim ...
  5824 | Page 280 | ...Ft. Monroe Dec 9 1864 Maj Eckert Di Jennie princess Allen Vinton growl zodiac we have know boots of any kind to spare zebra Have been waiting peach days for boots to whimper plunge Woodbury panama and have not yet succeeded in getting them Webster pilgrim James Vincent Geo D Sheldon   Ft Monroe Dec. 10 - 1864 S. H. Beckw...
  5850 | Page 306 | ...5  S. H. Beckwith City Point , Farmer pebble for John unity I am directed by the Hon. Secret Airy torch Nay V. to turn over to you all the lawn chess and large boots we have unity Please direct me stephen premises webster J M. Berrien polkant Nay V. yard stick Geo. D. Sheldon   Ft Monroe Jan. 3 / 65  S. H. Beckwith Mary for...
== 'kilpatrick embarked': 2 hits
  4489 | Page 48 | ...10 PM  Head Quarters Army of Potomac Mch. 6. 1864 7 P. M. For Gen'l R Ingalls Washington Gen'l Kilpatrick telegraphs that that wharf at Urbanna is destroyed and that troops can  be embarked from that point only at high tide and he proposes crossing at Tap pay han n...
  4489 | Page 48 | ...Army of Potomac Mch. 6. 1864 7 P. M. For Gen'l R Ingalls Washington Gen'l Kilpatrick telegraphs that that wharf at Urbanna is destroyed and that troops can  be embarked from that point only at high tide and he proposes crossing at Tap pay han nock ---- I have reason to believe the enemy has sent troops towards Fredericksbg w...
  4493 | Page 52 | ...12. M Caldwell "MC" (1)  Ft Monroe Va Mar 12th 1864 Yorktown Mar 12th for Maj Gen Pleasanton My men will all have embarked by tomorrow noon I will report in person on Tuesday J. Kilpatrick BrGenl Vols   3 PM 4.30 PM  Ft Monroe Va Mar 12th 1864 Private For Secy of War . Please do ...
  4493 | Page 52 | ..." (1)  Ft Monroe Va Mar 12th 1864 Yorktown Mar 12th for Maj Gen Pleasanton My men will all have embarked by tomorrow noon I will report in person on Tuesday J. Kilpatrick BrGenl Vols   3 PM 4.30 PM  Ft Monroe Va Mar 12th 1864 Private For Secy of War . Please do not believe what you see in the papers - I would ex = change pro = r...
== 'howard chief artillery': 0 hits
== 'few remaining fleet': 2 hits
  5829 | Page 285 | ...this outlay B W Brice Acting Pay Mastr Genl   City Point Dec. 13 - 1864 Geo. D. Sheldon FT Monroe Frances fever paradise arsey webster chief vincent . has Knox fleet stomach yet youth Ingalls S. H. Beckwith   Ft Monroe Dec. 13 - 1864  S. H. Beckwith City Point . Harriet for In galls zodiac mast torch fleet stomach during la...
  5829 | Page 285 | ...incent . has Knox fleet stomach yet youth Ingalls S. H. Beckwith   Ft Monroe Dec. 13 - 1864  S. H. Beckwith City Point . Harriet for In galls zodiac mast torch fleet stomach during last night I do not know when the few remaining will get away but I presume this evening . youth are see webster paradise and vincent . Geo. D. ...
  3237 | Page 337 | ...st of the troops have been on board ready to sail more than a week yesterday the wind shifted to the north west & as everything  looked favorable I started the fleet  nearly all got over the bar before dark with a fair start down the coast the wind however shifted back to the south west after dark & blew strongly preventing...
  3237 | Page 337 | ...all got over the bar before dark with a fair start down the coast the wind however shifted back to the south west after dark & blew strongly preventing the few remaining vessels going to  sea It is still blowing hard ...
== 'shelter tents gillmore': 1 hits
  10238 | Page 96 | ...redited at the rebel War Dept Benj. F. Butler Maj Genl.   8 Pm 9 Pm  Ft Monroe Apl 17. 1864 for Qr Mr Genl ---- Gen Gillmore has written saying  that he has no shelter tents & asking that I be prepared to supply him with twenty thousand ---- The last requisition was for him B. F Butler MGenl ...
  10238 | Page 96 | ...at the rebel War Dept Benj. F. Butler Maj Genl.   8 Pm 9 Pm  Ft Monroe Apl 17. 1864 for Qr Mr Genl ---- Gen Gillmore has written saying  that he has no shelter tents & asking that I be prepared to supply him with twenty thousand ---- The last requisition was for him B. F Butler MGenl ...
== 'lieutenant colonel smith': 0 hits
== 'captain allen': 1 hits
  2150 | Page [19] | ...o at the earliest possible moment in such manner as not to excite suspicion answer immy as to the first question and when ascertained as to the last signed E J Allen clearing up at last Caldwell ...
requests 22
