volumes searched: 169
E240 5784/1 | yellow fever is raging | none 
E240 5784/1 | fever is raging in Newbern | none 
E240 5784/1 | Surgeon Hand reports | none 
E240 5784/1 | Surgeon D. W. Hand | none 
E240 5784/1 | William H. Freeman | none 
E240 5784/1 | Freeman of Philadelphia | none 
E240 5784/1 | rigid quarantine | none 
E240 5784/1 | yellow fever at Newbern | officialrecordso0010unse  ~ ortthatsincetheappearanceoftheyellowfeveratnewbernethenavaltemporaryhospitalatthatplacehas
E240 5784/1 | Surgeon-General Barnes | historyofuniteds00bake,privateofficialc05butl,williamhsewardau03sewa,warofrebellion422unit 
E240 5784/1 | Newbern violently | none 
E241 5663/1 | Hicksford | privateofficialc04butl,privateofficialc05butl,warofrebellion33unit,warofrebellion361unit,warofrebellion362unit,warofrebellion403unit +3 
E241 5663/1 | Heckman | officialrecordso0009unse,officialrecordso0015unse,privateofficialc04butl,privateofficialc05butl,warofrebellion0207rootrich,warofrebellion33unit +8 
E241 5663/1 | nearly into Petersburg | none 
E241 5663/1 | Fulton and Craig | none 
E241 5663/1 | J. C. Rowe | none 
E241 5663/1 | back three miles | warofrebellion431unit,warofrebellion432unit 
E241 5663/1 | list of wounded | warofrebellion0207rootrich,warofrebellion361unit,officialrecordso0011unse 
E241 5663/1 | Kautz succeeded in destroying | none 
E241 5663/1 | Weldon and North Carolina railroad | none 
E241 5663/1 | between Richmond and Petersburg | privateofficialc04butl,warofrebellion423unit  ~ ingenemieslineofcommunicationsbetweenrichmondandpetersburgyouwillcauselikeforcetobedetaile
E242 5682/0 | signal field cord | none 
E242 5682/0 | line to Jamestown impracticable | none 
E242 5682/0 | field cord to spare | none 
E242 5682/0 | Huyck | correspondancede02will 
E242 5682/0 | operator for outer line | none 
E242 5682/0 | hurried operations | none 
E242 5682/0 | woody country | none 
E242 5682/0 | Jamestown impracticable | none 
E243 5826/1 | steamer Brady | none 
E243 5826/1 | Matilda is loading | none 
E243 5826/1 | Matilda | correspondanced01willgoog,correspondancede06will,cu31924024797890,warofrebellion33unit 
E243 5826/1 | S. Cloud | 10622705bsb,bim_eighteenth-century_a-collection-of-the-stat_thurloe-john_1742_1,labibliothquen02gachuoft,lewwallaceautobi00wall,memoiresdelaligu03goul,memoirskingsspa00unkngoog +9 
E243 5826/1 | William L. James | none 
E243 5826/1 | G. W. Bradley | officialrecordso0010unse 
E243 5826/1 | loading with cavalry at Portsmouth | none 
E243 5826/1 | order her here at once | none 
E243 5826/1 | suitable to go to sea with horses | none 
E244 5796/0 | main body was about LaFayette | none 
E244 5796/0 | Ship's Gap | warofrebellion392unit,warofrebellion393unit 
E244 5796/0 | Carpenter's Ferry | warofrebellion393unit  ~ dcoveduggaplifteenmilessouthofcarpentersferryadvancingtowardthatlaudingonthemainroadimoveu
E244 5796/0 | Tunnel Hill | privateofficialc04butl,reportsofbvtbrig00unit,warofrebellion0207rootrich,warofrebellion33unit,warofrebellion452unit,williamhsewardau03sewa +2 
E244 5796/0 | effectually protect this place | warofrebellion393unit  ~ ayihavetroopsdistributedsoastoeffectuallyprotectthisplacebridgeportandtheintermediateroada
E244 5796/0 | Bridgeport and the intermediate | warofrebellion393unit  ~ stoeffectuallyprotectthisplacebridgeportandtheintermediateroadandmeeteveryattemptofhoodtoc
E244 5796/0 | approaching Carpenter's Ferry | warofrebellion393unit  ~ eeeexortofyesterdaythathoodwasapproachingcarpentersferryavasamistakehehadnotcrossedlookout
E244 5796/0 | repairing the railroad below Tunnel Hill | none 
E244 5796/0 | attempt of Hood to cross | warofrebellion393unit  ~ heintermediateroadandmeeteveryattemptofhoodtocrossthetennesseeeexortofyesterdaythathoodwas
E245 5769/0 | Depredations of the Florida | none 
E245 5769/0 | Monticello and Mount Vernon | officialrecordso0010unse  ~ romthemasterofthetugamericathemonticelloandmountvernonwillkeepinconvenientsignaldistanceof
E245 5769/0 | Monticello and Mount | officialrecordso0010unse  ~ romthemasterofthetugamericathemonticelloandmountvernonwillkeepinconvenientsignaldistanceof
E245 5769/0 | Shenandoah from Commodore Livingston | none 
E245 5769/0 | Commodore Livingston | officialrecordso0009unse,officialrecordso0010unse,privateofficialc04butl,warofrebellion431unit 
E245 5769/0 | State of Georgia | lewwallaceautobi00wall,officialrecordso0009unse,officialrecordso0010unse,officialrecordso0015unse,reportsofbvtbrig00unit,warofrebellion0207rootrich +5 
E245 5769/0 | tug America | officialrecordso0010unse 
E245 5769/0 | Malvern, Hampton Roads | officialrecordso0010unse,privateofficialc05butl,warofrebellion403unit,officialrecordso0011unse,warofrebellion423unit 
E245 5769/0 | block aids off Wilmington | none 
E245 5769/0 | this side Nantucket | none 
E245 5769/0 | Jno Toby | none 
