volumes searched: 171
F1 5770/1 | all told including Ricketts | none 
F1 5770/1 | eleven thousand troops all told | none 
F1 5770/1 | telegraph communication with you was intact | none 
F1 5770/1 | whether telegraph communication with you was intact | none 
F1 5770/1 | Seventh Street road near Silver Spring | none 
F2 5816/0 | Bartonsville | privateofficialc05butl 
F2 5816/0 | Barton, of Bartonsville | privateofficialc05butl  ~ genlshepleycomdgnorfolkstephenbartonofbartonsvillehertfordcowasarrestednearsouthmillswithh
F2 5816/0 | Tell Colonel Saunders | none 
F2 5816/0 | books and papers taken from | none 
F2 5816/0 | without attracting any observation | none 
F2 5816/0 | make these reports without attracting | none 
F3 5781/1 | One hundred and fourth Pennsylvania | warofrebellion352unit,warofrebellion361unit,warofrebellion372unit,warofrebellion432unit,warofrebellion363unit 
F3 5781/1 | 104th Pennsylvania | historyofuniteds00bake,lewwallaceautobi00wall,lincolnintelegra00bates,officialrecordso0009unse,officialrecordso0015unse,privateofficialc04butl +18 
F3 5781/1 | Hilton Head | lincolnintelegra00bates,officialrecordso0009unse,officialrecordso0015unse,privateofficialc04butl,privateofficialc05butl,reportsofbvtbrig00unit +9 
F3 5781/1 | arrival of the One hundred and fourth | none 
F3 5781/1 | Lieutenant-Colonel Hart | none 
F4 5789/1 | Kent is dead | none 
F4 5789/1 | Waterhouse very ill | none 
F4 5789/1 | risking the health | none 
F4 5789/1 | no operators needed here for some weeks | none 
F4 5789/1 | prominent officers have died | none 
F4 5789/1 | Morehead City | officialrecordso0009unse,officialrecordso0010unse,privateofficialc04butl,privateofficialc05butl,recollectionsofc00danauoft,reportsofbvtbrig00unit +5 
F5 5829/0 | Binney | warofrebellion361unit,warofrebellion372unit,warofrebellion452unit,warofrebellion421unit,warofrebellion401unit 
F5 5829/0 | make you whole immediately for this outlay | none 
F5 5829/0 | money is difficult | none 
F5 5829/0 | Acting Paymaster-General | none 
F5 5829/0 | such officers as you may designate | none 
F6 5797/0 | Taylor's Ridge | warofrebellion393unit 
F6 5797/0 | Van Duzer | lincolnintelegra00bates,warofrebellion372unit,warofrebellion403unit,warofrebellion452unit,warofrebellion393unit 
F6 5797/0 | four hundred wagon loads | none 
F6 5797/0 | garrison entirely | warofrebellion393unit  ~ ingpartiesbeingabletosupplythegarrisonentirelybringinginfromonetrijaamgonloadsofsubsistenc
F6 5797/0 | railroad is all right from Atlanta to Resaca | none 
F6 5797/0 | foraging parties | reminiscencesofw00sewauoft,warofrebellion361unit,warofrebellion403unit,warofrebellion431unit,warofrebellion432unit,warofrebellion452unit +3 
F7 5752/1 | pontoon bridge is probably by this time taken up | none 
F7 5752/1 | all the army have crossed | none 
F7 5752/1 | Channing Clapp | warofrebellion362unit,warofrebellion403unit,warofrebellion422unit,warofrebellion423unit,warofrebellion363unit,warofrebellion402unit 
F7 5752/1 | W. H. Pettus | none 
F7 5752/1 | Jamestown Island | lincolnintelegra00bates,officialrecordso0009unse,officialrecordso0010unse,privateofficialc04butl,reportsofbvtbrig00unit,warofrebellion361unit +8 
F9 5774/0 | Purviance | warofrebellion352unit 
F9 5774/0 | keeper of the light-ship | none 
F9 5774/0 | keeper of light-ship at the mouth of York River | none 
F9 5774/0 | obstructions in Elizabeth River | officialrecordso0010unse  ~ erauthorizedmrhaydentotouchtheobstructionsinelizabethriverspleeactgbearadmiralgomdgnorthat
F9 5774/0 | moved back to the obstructions | none 
F10 5781/0 | One hundred and fourth Pennsylvania | warofrebellion352unit,warofrebellion361unit,warofrebellion372unit,warofrebellion432unit,warofrebellion363unit 
F10 5781/0 | steamer Fulton | officialrecordso0009unse,officialrecordso0010unse,officialrecordso0015unse,warofrebellion352unit,warofrebellion431unit 
F10 5781/0 | proceed direct to Alexandria | none 
F10 5781/0 | march thence to Washington | none 
F10 5781/0 | report by telegraph from Fort Monroe | none 
F10 5781/0 | Fulton, I send | none 
