volumes searched: 169
F1 5751/2 | warofrebellion402unit | line 6615 | Monroe,vessel | June 15, 1864. 
F1 5751/2 | warofrebellion402unit | line 7300 | Meigs,ferry,Monroe,vessel | Washington City , June 15, 1864 — 1 p. m. 
F2 5722/0 | warofrebellion363unit | line 35208 | White House,Sheldon | Washington, D. C., May 31, 1864 — 3 p. m. 
F2 5722/0 | warofrebellion363unit | line 35220 | White House,Sheldon | Fort Monroe, May 31, 1864. 
F2 5722/0 | warofrebellion363unit | line 35819 | Bickford,Sheldon,Eckert | Farrar’s Island, May 31, 1864 — 1.45 p. m. 
F2 5722/0 | warofrebellion363unit | line 35837 | Bickford,Sheldon,Eckert | Fort Monroe, Va., May 31, 1864. 
F3 5783/1 | warofrebellion422unit | line 74580 | Coggins,herd | Harper’s Ferry, Septemhcr 16, 1864. 
F3 5783/1 | warofrebellion422unit | line 75197 | Coggins,herd | September 16, 1864 — 10.15 a. m. 
F3 5783/1 | warofrebellion422unit | line 75581 | Coggins,herd | September 16, 1864 — 8.30 a. m. 
F3 5783/1 | warofrebellion422unit | line 75597 | Coggins,herd | September 16, 1864 — 0.30 a. m. 
F3 5783/1 | warofrebellion422unit | line 75879 | Coggins,herd | September 16, 1864 — 10.10 a. m. 
F3 5783/1 | warofrebellion422unit | line 76156 | Coggins,herd | City Point, September 16, 1864. 
F4 5822/0 | none
F5 5616/1 | none
F6 5624/0 | none
F7 5827/2 | warofrebellion423unit | line 84527 | Shepley,Hicksford,Blackwater,South Quay | Norfolk, Y a., December 11, 1864 — 4.30 p. m. 
F8 5632/0 | none
F9 5794/1 | none
F10 5609/1 | privateofficialc04butl | line 5087 | Stanton,Butler | April 18, 1864 
F10 5609/1 | privateofficialc04butl | line 5109 | tobacco,Stanton,Butler | Culpepper, Va., April 18, 1864 
F10 5609/1 | warofrebellion33unit | line 75974 | tobacco,Stanton | Culpeper, Va., April 18, 1864. 
