volumes searched: 164
F1 5639/1 | Plymouth is evacuated | officialrecordso0009unse,privateofficialc04butl,warofrebellion33unit  ~ butlerthathehasinformationthatplymouthisevacuatedandrebelsareleavingnorthcarolinaspleeacti
F1 5639/1 | rebels are leaving North Carolina | officialrecordso0009unse  ~ tionthatplymouthisevacuatedandrebelsareleavingnorthcarolinaspleeactingrearadmiralhongideon
F1 5639/1 | Plymouth evacuated rebels leaving | none 
F1 5639/1 | informed by General Butler that he has information that Plymouth | officialrecordso0009unse  ~ pmviafortmonroeeeceivediamjustinformedbygeneralbutlerthathehasinformationthatplymouthiseva
F1 5639/1 | let me know what I am to do in this movement | none 
F2 5764/0 | rebel ironclads are taking on board sand in bags | officialrecordso0010unse  ~ eportfromthearmylookoutthattherebelironcladsaretakingonboardsandinbagsspleeactingrearadmir
F2 5764/0 | no change in the naval situation | officialrecordso0010unse  ~ afortressmonroepinthreceivedpmnochangeinthenavalsituationnothingnewtocommunicatespleeactgr
F2 5764/0 | taking on board sand in bags | officialrecordso0010unse  ~ ookoutthattherebelironcladsaretakingonboardsandinbagsspleeactingrearadmiralhongideonwelles
F2 5764/0 | Flag-Ship Malvern Farrars Island | officialrecordso0010unse  ~ ticblockadingsquadronvtelegramflagshipmalvernfarrarsislandjunepmreceivedpmstnochangeinthen
F3 5697/1 | if White House is made the base of supplies | none 
F3 5697/1 | West Point will also be made a depot | none 
F3 5697/1 | the old line was all destroyed last year | none 
F3 5697/1 | fine large chestnut poles and have not rotted down | none 
F3 5697/1 | have asked OBrien about material | none 
F3 5697/1 | I have very little wire on hand now | none 
F3 5697/1 | cross at Yorktown to Glouster Point | none 
F3 5697/1 | Gloucester Point thence by a direct road to the Mattapony | none 
F4 5797/1 | we took Ships Gap | none 
F4 5797/1 | obstructed Snake Creek Pass to delay our trains | none 
F4 5797/1 | I can move in any direction I want | none 
F4 5797/1 | reoccupy the railroad and put the construction corps to work | none 
F4 5797/1 | repair the break from the tunnel to Resaca | none 
F4 5797/1 | Roddys force moved from Tuscumbia yesterday | none 
F4 5797/1 | Hoods strength of his cavalry not known | none 
F4 5797/1 | no additional move from the Tennessee River except that Roddys force | none 
F4 5797/1 | the first positive fact that Hood contemplated an invasion of Tennessee | none 
F4 5797/1 | the necessary orders have been given for the repair of the railroad | none 
