volumes searched: 164 10019860bsb 10021035bsb 10622705bsb aktyipismakisto00forsgoog ambassadesdemess05vert antonioperezetph00mign aragoniaibeatrix00berz archivesoucorre00housgoog archivesoucorre01housgoog archivesoucorre02housgoog archivesoucorre03groe archivesoucorre03housgoog archivesoucorre04housgoog archivesoucorre04unkngoog archivesoucorre05housgoog archivesoucorre06housgoog archivesoucorre07housgoog archivesoucorre08housgoog archivesoucorre09housgoog archivesoucorres01groe archivesoucorres01unse archivesoucorres02groe archivesoucorres02unse archivesoucorres03unse archivesoucorres04groe archivesoucorres04unse archivesoucorres05groe archivesoucorres05unse beatrixkirlyn14500berz bim_eighteenth-century_a-collection-of-the-stat_thurloe-john_1742_1 bim_eighteenth-century_memoirs-of-the-life-and-_coxe-william_1798_1 bim_eighteenth-century_memoirs-of-the-life-and-_coxe-william_1798_2 bim_eighteenth-century_memoirs-of-the-life-and-_coxe-william_1798_3 bub_gb_1qtcMB3cKasC bub_gb_3N1SAAAAcAAJ bub_gb_5GumwYtaHX8C bub_gb_AH4nk3oEuIsC bub_gb_BI4WXMI4g1wC bub_gb_BojohG8zXkQC bub_gb_D8ZW1o6MNMMC bub_gb_EQ4MAAAAYAAJ bub_gb_IP8DUd8XLsEC bub_gb_KMrMHt2MUgUC bub_gb_NhOJqSX9GgIC bub_gb_bOnmNv2ZLVoC bub_gb_cM5KS3lziccC bub_gb_lGF3eVwI5y4C bub_gb_n0O44Q7X8RMC bub_gb_qWTswSr32NYC bub_gb_rM--6yqWqc4C bub_gb_wBJLsV8B_BgC bub_gb_zBQish8rkmAC calendarofclaren01bodluoft calendarofletter0003pasc calendarofstatep0021will calendarorleters0003vari charlesiin1646le00chariala correspondanced01willgoog correspondanced03coopgoog correspondancede0000unse_m5g7 correspondancede01will correspondancede02phil correspondancede02will correspondancede03will correspondancede04will correspondancede05will correspondancede06will cu31924024797890 danskemagazin02unkngoog despatchesinstru00fran diplomaticcorres01montiala diplomaticcorres02mont dukeportlandwelb01greauoft elisabethfarnese00armsuoft eltenientegener00villgoog eltenientegener01villgoog frankreichseinfl01suge histoiredelaguer02char historyofuniteds00bake kancellietsbrevb02denm labibliothque01gach labibliothquen02gachuoft lemarchaldegu00noai lepredemadamede00dargoog leshuguenotsetle03kerv lesoriginespolit01romi lesoriginespolit02romi lettersofqueenhe00henr lettresdecatheri03cathuoft lettresdecatheri04cathuoft lettresdecatheri09cathuoft lettresdecatheri10cathuoft lettresdepierre00noyegoog lettresducardina02maza lettresducardina09maza lettresindites00cond lettresinstructi06richuoft lettresinstructi07richuoft lettresinstructi08richuoft lewwallaceautobi00wall lincolnintelegra00bates manuscriptsofmar00grea manuscritsetdocu00meco memoiresdelaligu01goul memoiresdelaligu02goul memoiresdelaligu03goul memoiresdelaligu04goul memoiresdelaligu05goul memoiresdelaligu06goul memoiresdelouish02brie memoiresdelouish03brie memoirskingsspa00unkngoog memoirskingsspa02unkngoog memoirsofhoratio00coxe memorialsofgreat01caryuoft mmoiresinditsde00barrgoog mmoiresinditsde01barrgoog monumentahungari0039unse negociationssecr02lecl negociationssecr03lecl negociationssecr04lecl ngociationsdel03charuoft ngociationslet00pari nouvellecollecti06michuoft ocondedelinhares00func officialrecordso0009unse officialrecordso0010unse officialrecordso0015unse p1cataloguegnr02bibluoft p1geschichtederpre04droyuoft politischecorres09fred politischecorres10fred pologne00farggoog pologne01farggoog privateofficialc04butl privateofficialc05butl recollectionsofc00danauoft recueildesinstr00diplgoog regestadiplomat04copegoog relationspoliti06teulgoog relationspoliti07teulgoog relationspolitiq05nethuoft relationspolitiq06nethuoft reminiscencesofw00sewauoft reportsofbvtbrig00unit szzadok50trgoog thenicholaspaper01camduoft traitsdudanemar00denmgoog traitsdudanemar02denmgoog undiplomatepoite00richuoft votinginfieldfor00bent warofrebellion0207rootrich warofrebellion33unit warofrebellion352unit warofrebellion361unit warofrebellion362unit warofrebellion372unit warofrebellion403unit warofrebellion431unit warofrebellion432unit warofrebellion452unit wilhelmvonorani00rachgoog wilhelmvonorani01rachgoog williamhsewardau03sewa
F1 5644/1 | W W Shore | none
F1 5644/1 | Shore whom I sent away from this Department | none
F1 5644/1 | arrest him and send him to me | none
F1 5644/1 | found in the Richmond papers that his articles | none
F1 5644/1 | aid and comfort to the enemy Butler | none
F2 5581/1 | Outpost near Suffolk was evacuated in a hurry | none
F2 5581/1 | retreated to Bowers Hill | none
F2 5581/1 | Homans left his key behind | none
F2 5581/1 | Bowers Hill | warofrebellion33unit,warofrebellion362unit,warofrebellion403unit
F3 5746/1 | kept open for some days yet | none
F3 5746/1 | building party ready to go to Jamestown | none
F3 5746/1 | live cannot be taken down | none
F3 5746/1 | work on south side of river | none
F4 5660/2 | arbitrary words should be used when at all possible | none
F4 5660/2 | time should never be left out | none
F4 5660/2 | be very careful in punctuation | none
F4 5660/2 | come here without being timed | none
F5 5666/1 | ten porous cups broken | none
F5 5666/1 | spools burnt through | none
F5 5666/1 | relay was torn to pieces | none
F5 5666/1 | taking off battery and relay in storms | none
F5 5666/1 | nothing important going on considerable firing yesterday | none
F6 5750/1 | deserters from rebel Ironclads confirm previous information | officialrecordso0010unse
F6 5750/1 | Rebel tug from bend above fired a shot or two | none
F6 5750/1 | flag ship Agawam | officialrecordso0009unse,officialrecordso0010unse,privateofficialc04butl,warofrebellion362unit
F6 5750/1 | sprinkle of rain | none
F7 5771/1 | between Laurel and Beltsville | warofrebellion372unit
F7 5771/1 | release the rebels confined there | warofrebellion372unit
F7 5771/1 | force of rebel cavalry crossed the | warofrebellion372unit
F7 5771/1 | Communication is all right | none
F7 5771/1 | Buell New Castle | none
