img 5644
img 5581
img 5746
img 5660
img 5666
img 5750
img 5771
'W W Shore': 16 hits: 5405 13541 10353 7667 5843 7980 5644 13109 5656 2848 5688 3630 10239 8383 4414 5772
'Bowers hill Homans': 1 hits: 5581
'Homans left his key': 1 hits: 5581
'building party ready to go to Jamestown': 1 hits: 5746
'arbitrary words should be used': 1 hits: 5660
'porous cups': 9 hits: 11772 13031 11388 12653 11615 5666 11229 11301 11319
'spools burnt through': 1 hits: 5666
'agawam Farrars': 20 hits: 10387 10390 4653 10398 10415 4675 4688 4701 4715 4718 5690 5721 5727 5730 5731 5734 5737 5750 5751 5753
'sprinkle of rain': 1 hits: 5750
'Laurel and Beltsville': 2 hits: 10490 5771
'Baldwin Shore aid and comfort': 1 hits: 5644
'Jamestown Eckert Sheldon': 104 hits: 12544 12807 13963 12367 12552 13537 13538 12811 12372 5793 12560 12123 11771 13257 12566 12132 13010 13560 12577 12139 13015 12144 13573 13283 12152 13582 12163 12608 13044 13050 13052 5852 11569 11409 13616 10408 4666 12193 11422 13365 13368 13075 12201 13373 12204 13630 13377 11438 13382 13096
requests 19
