papersofulyssess0011gran | Este | 1
    ph peesee ss 53 pee “t SPEIEsEsagist piri steer {{{este}}} sEsrsrssesebsss: sip zsa prea sbetsrsspepapesiss
papersofulyssess0011gran | "Silver Spring" Ricketts | 1
    whole number to be sent will be twenty thousand. {{{Ricketts}}} division arrived at Baltimore & sent forward to
    Regiment in the Division sent North under Gen {{{Ricketts}}}. If not, one will have to be sent to Washington
    of the 9th New York heavy Artillery accompanied {{{Ricketts}}}’ Division—The remaining battalion will at once
    some odds and ends, and part of what came up with {{{Ricketts}}}, was so badly beaten yesterday at Monocacy, that
    junction. Please inform me what forces besides {{{Ricketts}}} division have been sent to Baltimore, in order
papersofulyssess0011gran | Purviance | 0
papersofulyssess0011gran | Pettus | 0
papersofulyssess0011gran | "Channing Clapp" | 0
papersofulyssess0010gran | Montauk | 0
papersofulyssess0010gran | Spaulding Hilton Head | 0
papersofulyssess0012gran | "Van Duzer" | 1
    Papers, CU-B. 1. On Sept. 2, 1864, Capt. John C. {{{Van Duzer}}}, U.S. Military Telegraph, Marietta, Ga., telegraphed
    Army), 178n, 179n, 195n, 196n, 197n, 198n, 477 {{{Van Duzer}}}, John C. (U.S. Army), 121n Van Valkenburgh, Ransom
papersofulyssess0012gran | Sheldon "Fort Monroe" fever | 0
papersofulyssess0012gran | Wilcox Hilton Head | 1
    been 6 The Papers of Ulysses S. Grant taken from {{{Wilcox}}} div within 3 days.? If not have you any information
    230. At 10:00 p.m., Butler telegraphed to USG. “{{{Wilcox}}} Div is all here Lane & McGowan are on north side
    of Longstreets Corps Lane & Conner’s Brigades of {{{Wilcox}}} Div of Hill’s Corps and Mahones Div of same Corps
    Lane’s diva is near the Appomattox Lanes Brigade {{{Wilcox}}}’ Division is near the Appomattox” LS (telegram
    Johnsons Division is also at Petersburg. This leaves {{{Wilcox}}} Pickett & Field, with the possibility of part of
papersofulyssess0000unse | Barton Sheldon | 0
papersofulyssess0000unse | Binney Brice | 0
papersofulyssess0000unse | Beckwith "Fort Monroe" Barton | 0
be-api requests 13
