papersofulyssess0010gran | Farquhar | 0
papersofulyssess0010gran | "Truman Seymour" | 1
    Halleck, April 18, 1864. ; APRIL 19, 1864 325 2. {{{Truman Seymour}}} of Vt., USMA 1846, served in the Mexican War
papersofulyssess0010gran | "shelter tents" | 1
    1862 from the AGO. providing for the issue of {{{shelter tents}}} instead of common, wall or sibley tents will
    adhered to. Where troops refuse to accept of {{{shelter tents}}} they must go without tents. Quartermaster must
    West can build huts if they prefer them to {{{shelter tents}}}” Copy, DLC-USG, V, 58. See O.R., I, xxxiv, part
papersofulyssess0011gran | scantling | 0
papersofulyssess0011gran | Shaffer | 1
    Received. O.R., I, xl, part 2, 72. Col. John W. {{{Shaffer}}}, chief of staff for Maj. Gen. Benja- min F. Butler
    (Un- bound). On June 15, 1864, USG telegraphed to {{{Shaffer}}}. “Say to Gen. Butler as fast as Gen. Meade’s Army
    of the Potomac. On the same day, Col. John W. {{{Shaffer}}} forwarded to USG a tele- gram of 6:35 p.m. from
    Capt. Lemuel B. Norton, chief signal officer, to {{{Shaffer}}}. “I have the honor to state that the Signal Officer
    June 19, 1:30 a.m., Abbot wrote to Col. John W. {{{Shaffer}}}, chief of staff for Butler. “My train is afloat
papersofulyssess0011gran | "light vessel" | 0
papersofulyssess0011gran | Appomattox cable | 1
    to the {{{Appomattox}}}, five miles in all—I have sent him back word to again push on to the {{{Appomattox}}}.—Gen
    mond which began on the Rapidan and ended at {{{Appomattox}}}. By June 1, 1864, Grant had brought the Army
    the place being the creek that enters into the {{{Appomattox}}} above Port Walthall he will be within one mile
    you will see that Harrisons Creek runs into the {{{Appomattox}}} across the City Point railroad about four (4)
    but a short march his steamers landing up the {{{Appomattox}}} 62 The Papers of Ulysses S. Grant near to where
papersofulyssess0012gran | "City of Hudson" | 0
papersofulyssess0012gran | Keyport | 0
papersofulyssess0012gran | "Secretary of War" Dealy | 0
be-api requests 10
