volumes searched: 164
F1 5801/0 | Colonel Smith will attend to | none 
F1 5801/0 | I leave for Washington tonight | none 
F1 5801/0 | repeat this to Colonel Smith | none 
F1 5801/0 | Terry commanding near Varina | none 
F1 5801/0 | Lieutenant-Colonel Smith will attend | none 
F2 5641/1 | would it meet your views to have | none 
F2 5641/1 | one gunboat due besides | none 
F2 5641/1 | General Gillmore not yet arrived | privateofficialc04butl  ~ renowduefourgunboatsduebesidesgeneralgillmorenotyetarrivedbenjfbutlermajgenlcomdglettersof
F2 5641/1 | more now due | privateofficialc04butl,warofrebellion362unit 
F3 5768/2 | none of the Nineteenth Corps arrived yet | none 
F3 5768/2 | none of the 19th Corps has arrived | none 
F3 5768/2 | General-in-Chief has telegraphed to have them sent to Washington | none 
F3 5768/2 | Nineteenth Corps arrived yet | none 
F4 5724/2 | pontoon train which I dont believe | none 
F4 5724/2 | the pay master is not obstructed | none 
F4 5724/2 | at the mouth of | bim_eighteenth-century_a-collection-of-the-stat_thurloe-john_1742_1,calendarofletter0003pasc,calendarorleters0003vari,diplomaticcorres01montiala,dukeportlandwelb01greauoft,elisabethfarnese00armsuoft +20 
F4 5724/2 | your dispatch received the pay | none 
F5 5645/2 | letter just received from General Gillmore | none 
F5 5645/2 | would start yesterday | none 
F5 5645/2 | he comes with the last detachment | none 
F5 5645/2 | bring him here to night or tomorrow morning | none 
F6 5824/0 | no boots of any kind to spare | none 
F6 5824/0 | waiting two days for boots | none 
F6 5824/0 | have not yet succeeded in getting them | none 
F6 5824/0 | Captain Allen | 10622705bsb,charlesiin1646le00chariala,dukeportlandwelb01greauoft,historyofuniteds00bake,warofrebellion0207rootrich,warofrebellion33unit +4 
F7 5582/1 | my men will all have embarked by tomorrow | warofrebellion33unit  ~ eralpleasontonarmyofthepotomacmymenwillallhaveembarkedbytomorrownooniwillreportinpersonont
F7 5582/1 | will report in person on Tuesday | warofrebellion33unit  ~ allhaveembarkedbytomorrownooniwillreportinpersonontuesdayjkilpatrickbrigadiergeneralchapxl
F7 5582/1 | Lieutenant Caldwell | warofrebellion361unit  ~ ingassistantadjutantgeneralandlieutenantcaldwellfourteenthindianaaidedecampfortheirgallant
F8 5802/1 | strength of each battery and the style of gun | none 
F8 5802/1 | Colonel Howard chief of artillery | none 
F8 5802/1 | let me know the strength of each battery | none 
F9 5829/2 | the few remaining will get away | none 
F9 5829/2 | fleet left during last night | none 
F9 5829/2 | I do not know when the few remaining | none 
F10 5609/0 | no shelter tents | warofrebellion432unit 
F10 5609/0 | asking that I be prepared to supply him | none 
F10 5609/0 | the last requisition was for him | none 
F10 5609/0 | General Gillmore has written saying | none 
