IIIF 5639 472959
IIIF 5764 494308
IIIF 5697 478309
IIIF 5797 500760
== 'plymouth relayed leaving': 1 hits
  5639 | Page 95 | ...lar move will fool any one signs Smith and HN Snow    Ft. Monroe Apr 29 1864 Maj Eckert Di for Burton unity I am just informed by Knave that he has sweden that plymouth is relayed and Walnuts are leaving abacus Webster Neptune Helen peasant Appian perfume mandate Zodiac Another for Tappan Eckert Zebra please let me know what I...
== 'plymouth abandoned Butler informed': 0 hits
== 'Malvern sand in bags': 2 hits
  10435 | Page 293 | ...h Sturgis ---- Forrest claims that he killed wounded and captured more men than he had in his own command CA Dana   645 pm  Ft Monroe June 21st 1864 Flag Ship "Malvern" Farrars Island 1030 pm 20th via Ft Monroe 6 pm June 21st for Secy of Navy Washn ---- No change in the naval situation Report from the army Look = out that the...
  10435 | Page 293 | ...onroe 6 pm June 21st for Secy of Navy Washn ---- No change in the naval situation Report from the army Look = out that the rebel Iron clads are taking on board sand in bags ---- S. P. Lee ...
  5764 | Page 220 | ...Ft Monroe June 21 / 64 Maj. Eckert Washington Flag ship Malvern Farrars sidney Reliance harrow peasant appian Libby harsh plug for Buxton growl zebra no change sligo naval situation unity wick saxon oyster look out that the...
  5764 | Page 220 | ...appian Libby harsh plug for Buxton growl zebra no change sligo naval situation unity wick saxon oyster look out that the walnut ironic lads are taking on board sand in bags walrus Neptune end Geo D Sheldon   Ft Monroe June 22 / 64 Maj. Eckert Washington Insert in sanity of harsh plug sent this morning between doing no damage and t...
== 'rebel ironclad lads sand bags': 0 hits
== 'white house base of supplies': 4 hits
  4664 | Page 223 | ... all possible rapidity the men are much jaded with hard work & night marching ---- by tomorrow night the whole army will be south of Pamunkey ---- & either the White house or New Castle will be our base of supplies , Genl Ingalls thinks latter , we have no news of Enemy = weather  fine roads perfect C A Dana over ...
  4726 | Page 285 | ...ned to you by the mail which leaves here tomorrow morning ---- My judgement is that the Tobacco ought to be restored to him sig CA Dana   2 AM 19th Maj Eckert  White House June 18 - 1030 pm Probably can't leave here for two or three days yet ---- have arranged to destroy telegraph & to go by River to base of supplies by the last ...
  5696 | Page 152 | ...u will see from Jacobs order today to Knox what course the latters oyster will take and about what may be expected in way of weather facilities in direction of white house latter will probably be made base of supplies from there it may be necessary to extend up the peninsula on tumble side pay monkey perhaps to Johnson snake in a...
  5696 | Page 152 | ... how much material will you have at your command and about how much will your require do you know whether any poles and wire still remain up between Hindoo and White house if it has all been quinced I want your views in to best route to take in building anew whether over old route or to cross at Wilson Vernon with cable thence al...
  5697 | Page 153 | ... decision Early as possible to lay cable would require decided advantage in favor that route to pay trouble TT Eckert   Ft. Monroe May 27 1864 Maj Eckert Di If White House is made the base of supplies Hagar will also be made a queenly and an office there will be a great Convenience unity the old line was all questioned last year ...
  5697 | Page 153 | ...reat Convenience unity the old line was all questioned last year pedlar anew line must be built  zebra if it is Extended from Hebrew up the Peninsula Either to white house direct or peasant Homer pekin the whole line torch Chicken hominy must be saddled to protect it from raiders zodiac why not plum at Hastings to Glow sister ver...
== 'chestnut poles not rotted down': 1 hits
  5697 | Page 153 | ...dham  is good and direct pedlar from Homer to White House on weldon forbid spoons zodiac I think most torch on the welch are standing pekin they are fine large chestnut poles and have not rotted down unity the distance peasant G. vernon is very little more than from Hindoo up peninsula and by Johns venus the route must be pret...
  5697 | Page 153 | ...good and direct pedlar from Homer to White House on weldon forbid spoons zodiac I think most torch on the welch are standing pekin they are fine large chestnut poles and have not rotted down unity the distance peasant G. vernon is very little more than from Hindoo up peninsula and by Johns venus the route must be pretty sec...
== 'Garysburg Weldon construction': 0 hits
== 'ships gap snake creek pass': 1 hits
  5797 | Page 253 | ... Duzer   Nashville Oct 17 / 64 S H. Beckwith City Point Embrace glory Julia for Ivory growl unity the following dispatch has been received from Kennebec period ships gap October gas Lucy pekin we took ships gap wedge piloting a part of the harsh penny avon peach pelton are represented at dublin & plug went waxy from villanou pl...
  5797 | Page 253 | ...ith City Point Embrace glory Julia for Ivory growl unity the following dispatch has been received from Kennebec period ships gap October gas Lucy pekin we took ships gap wedge piloting a part of the harsh penny avon peach pelton are represented at dublin & plug went waxy from villanou plain they obstructed snake creek pass to d...
== 'Hood obstructed snake creek pass': 0 hits
== 'Kingston Roddy moved Gregory': 0 hits
== 'reoccupy Weldon construction train repair break tunnel': 0 hits
requests 15
