volumes searched: 164
F1 5662/0 | made a splendid charge driving the enemy from their rifle pits | none
F1 5662/0 | splendid charge driving the enemy | none
F1 5662/0 | checked in their advance by a square earthwork | none
F1 5662/0 | advanced to Swift Creek within two miles of Petersburg | none
F1 5662/0 | Heckman made a splendid charge | none
F1 5662/0 | blowing the boat up | none
F1 5662/0 | struck the Shokokon | none
F1 5662/0 | above Port Walthall | officialrecordso0009unse,privateofficialc04butl,warofrebellion362unit
F1 5662/0 | serious wounding of Longstreet and the death of General Jenkins | none
F1 5662/0 | extra announces the serious wounding of Longstreet | none
F1 5662/0 | will be promulgated to the troops tomorrow morning | none
F1 5662/0 | greatest enthusiasm | officialrecordso0009unse,recollectionsofc00danauoft,warofrebellion452unit
F1 5662/0 | Samuel Wilkeson | privateofficialc05butl
F1 5662/0 | tore up the railroad effectually | none
F1 5662/0 | had no engagement | bim_eighteenth-century_memoirs-of-the-life-and-_coxe-william_1798_3
F1 5662/0 | Let this go over wires from Monroe | none
F2 5740/0 | impossible to save all the wire between White House and West Point | none
F2 5740/0 | save all the wire between White House | none
F2 5740/0 | cutting it into as many pieces as possible with axes | none
F2 5740/0 | cable at West Point should be taken up | none
F2 5740/0 | Jamestown | dukeportlandwelb01greauoft,historyofuniteds00bake,lincolnintelegra00bates,officialrecordso0009unse,officialrecordso0010unse,privateofficialc04butl,reminiscencesofw00sewauoft,reportsofbvtbrig00unit,warofrebellion361unit,warofrebellion362unit,warofrebellion403unit,williamhsewardau03sewa
F2 5740/0 | wire between White House and West Point | none
F2 5740/0 | no trouble from guerillas | none
F2 5740/0 | shorter and more direct route | none
F2 5740/0 | sorry weather has prevented your getting cable | none
F2 5740/0 | Bickford | warofrebellion362unit,warofrebellion431unit
F3 5744/1 | can only protect line from City Point to Fort Powhatan | none
F3 5744/1 | protect the rest very soon | none
F3 5744/1 | important that line be built to that point immediately | none
F3 5744/1 | asked Bickford to send Perkins and party | none
F3 5744/1 | Bickford to remain and take charge of closing out that line | none
F3 5744/1 | General Abercrombie wishes | warofrebellion362unit
F3 5744/1 | Abercrombie wishes White House office kept open | none
F3 5744/1 | teams and a good guard left Yorktown this morning for West Point | none
F3 5744/1 | Grants headquarters are removed | none
F3 5744/1 | last two orderlies have been unable to find them | none
F3 5744/1 | Bickford reports that General Grants headquarters | none
F3 5744/1 | Burr Moody | none
