volumes searched: 169
F1 5751/2 | every vessel which can be useful | none
F1 5751/2 | send to Fort Monroe every vessel | none
F1 5751/2 | if you have not already done so send | lettersofqueenhe00henr,warofrebellion432unit
F1 5751/2 | vessels which can be useful in ferrying | none
F1 5751/2 | ferrying troops and trains | warofrebellion402unit
F1 5751/2 | Quartermaster General Eckert vessel ferrying | none
F2 5722/0 | not to build any farther than White House | none
F2 5722/0 | farther than White House until further orders | none
F2 5722/0 | Bickford has a cipher | none
F2 5722/0 | word from Coldwell | none
F2 5722/0 | Bickford | warofrebellion362unit,warofrebellion431unit,warofrebellion363unit,warofrebellion402unit,warofrebellion422unit
F2 5722/0 | up 3 down 4 up 6 | none
F2 5722/0 | number of lines indicated as follows | none
F3 5783/1 | made a raid on the cattle herd near Coggins Point | none
F3 5783/1 | cattle herd near Coggins Point | warofrebellion422unit
F3 5783/1 | captured the entire herd | none
F3 5783/1 | Coggins Point | warofrebellion402unit,warofrebellion422unit
F3 5783/1 | entire herd 2400 | warofrebellion422unit
F3 5783/1 | order by telegraph from Monroe | none
F3 5783/1 | send 1200 head tomorrow | none
F3 5783/1 | Lieutenant Colonel Morgan Harpers Ferry | none
F4 5822/0 | Rice Dupont and Sedgwick | none
F4 5822/0 | Rice Dupont Sedgwick | none
F4 5822/0 | remaining troops to Monroe | none
F4 5822/0 | if the Rice Dupont | none
F4 5822/0 | embarking the troops with all possible dispatch | none
F4 5822/0 | transfer them | bim_eighteenth-century_memoirs-of-the-life-and-_coxe-william_1798_1,officialrecordso0015unse,privateofficialc05butl,warofrebellion352unit,warofrebellion362unit,warofrebellion431unit,warofrebellion423unit
F4 5822/0 | Beckwith Colonel Webster | none
F5 5616/1 | I have no steamers now that I can send to sea | none
F5 5616/1 | no steamers now that I can send | none
F5 5616/1 | steamers will be here bound | none
F5 5616/1 | cant send them far | none
F5 5616/1 | if they are bound to Port Royal | none
F5 5616/1 | for General Rucker from Biggs | none
F6 5624/0 | my Chief Quartermaster is much in need of assistant quartermasters | none
F6 5624/0 | much in need of assistant quartermasters | none
F6 5624/0 | highly important that four efficient and experienced assistant quartermasters | none
F6 5624/0 | efficient and experienced assistant quartermasters | none
F6 5624/0 | Lieutenant Colonel Bugs | none
F6 5624/0 | good ones recommended by Colonel | none
F7 5827/2 | I have sent a scout towards Hicksford | none
F7 5827/2 | scout towards Hicksford | none
F7 5827/2 | companies of cavalry in same direction | none
F7 5827/2 | to hold crossing of Blackwater | none
F7 5827/2 | South Quay to hold | warofrebellion423unit
F7 5827/2 | Rations and forage ready at a moments notice | none
F7 5827/2 | ready at moment notice | none
F7 5827/2 | Hicksford Shepley | none
F8 5632/0 | very fast captured blockade runner | none
F8 5632/0 | blockade runner is I am told about to be sold in | none
F8 5632/0 | about to be sold in New York | none
F8 5632/0 | in the old business | none
F8 5632/0 | she ought to be seized | none
F8 5632/0 | so much in want of vessels | none
F8 5632/0 | how do you like that plan | none
F9 5794/1 | propose Logan for Hookers present command | none
F9 5794/1 | propose Logan for Hooker | none
F9 5794/1 | Hooker go to Missouri | none
F9 5794/1 | Expect to reach City Point | none
F9 5794/1 | What is your opinion in respect to this proposition | none
F9 5794/1 | Have just arrived and will go on immediately | none
F9 5794/1 | Logan Hooker command Missouri | none
F10 5609/1 | captured J H Maddox | none
F10 5609/1 | Maddox on the Virginia shore | none
F10 5609/1 | boxes of tobacco worth some | none
F10 5609/1 | confidential agent of the War Department | none
F10 5609/1 | have him in custody | none
F10 5609/1 | Maddox | calendarofstatep0021will,eltenientegener00villgoog,historyofuniteds00bake,officialrecordso0009unse,privateofficialc04butl,warofrebellion0207rootrich,warofrebellion33unit,warofrebellion403unit,warofrebellion452unit
F10 5609/1 | what shall I do with him | none
