volumes searched: 158
F1 5824/2 | send the Saugus down at once | none
F1 5824/2 | Saugus down at once | none
F1 5824/2 | Onondaga Dutch Gap | officialrecordso0010unse
F1 5824/2 | Commodore Parker Onondaga | none
F2 5635/0 | one ironclad here yet | privateofficialc04butl,warofrebellion33unit
F2 5635/0 | one ironclad has arrived | privateofficialc04butl
F2 5635/0 | Colonel Rowley | warofrebellion33unit
F2 5635/0 | Gillmore will not be here before | none
F3 5799/1 | signed by or addressed to Schoonmaker | none
F3 5799/1 | copy of each message received at this office | none
F3 5799/1 | Schoonmaker | warofrebellion33unit,warofrebellion372unit,warofrebellion432unit
F4 5584/0 | clearing out land pirates | none
F4 5584/0 | land pirates in Middlesex and Mathews | none
F4 5584/0 | Wistar Middlesex Mathews prisoners | none
F4 5584/0 | returned from Gloucester with prisoners | none
F5 5748/1 | Pitkin wants me to send all forage | none
F5 5748/1 | Captain Pitkin forage Jamestown Island | none
F5 5748/1 | forage to Jamestown Island | none
F5 5748/1 | tow two schooners | none
F6 5831/0 | Grove Wharf | warofrebellion362unit
F6 5831/0 | first New York Mounted Rifles | officialrecordso0009unse,warofrebellion33unit,warofrebellion362unit,warofrebellion403unit
F6 5831/0 | Captain Obethner | none
F6 5831/0 | Hicks Sixteenth New York Artillery | none
F7 5589/2 | Corner of South and Pratt streets | none
F7 5589/2 | hold him safe | none
F7 5589/2 | confidential member of your staff | warofrebellion0207rootrich
F7 5589/2 | send me by tomorrow nights boat | none
F8 5643/0 | flag of truce boat just in | privateofficialc04butl
F8 5643/0 | all quiet flag of truce boat | none
F8 5643/0 | receipt of dispatch before | none
F9 5784/0 | sick prisoners to be exchanged | none
F9 5784/0 | exact point and destination unknown to me at present | none
F9 5784/0 | destination unknown to me | warofrebellion352unit
F10 5805/2 | open your own letter of instructions | none
F10 5805/2 | vessels which have no letters | none
F10 5805/2 | letter of instructions give corresponding order | none
F10 5805/2 | Captain Langdon | warofrebellion352unit,warofrebellion362unit,warofrebellion432unit
