volumes searched: 177 10019860bsb 10021035bsb 10622705bsb aktyipismakisto00forsgoog ambassadesdemess05vert antonioperezetph00mign aragoniaibeatrix00berz archivesoucorre00housgoog archivesoucorre01housgoog archivesoucorre02housgoog archivesoucorre03groe archivesoucorre03housgoog archivesoucorre04housgoog archivesoucorre04unkngoog archivesoucorre05housgoog archivesoucorre06housgoog archivesoucorre07housgoog archivesoucorre08housgoog archivesoucorre09housgoog archivesoucorres01groe archivesoucorres01unse archivesoucorres02groe archivesoucorres02unse archivesoucorres03unse archivesoucorres04groe archivesoucorres04unse archivesoucorres05groe archivesoucorres05unse beatrixkirlyn14500berz bim_eighteenth-century_a-collection-of-the-stat_thurloe-john_1742_1 bim_eighteenth-century_memoirs-of-the-life-and-_coxe-william_1798_1 bim_eighteenth-century_memoirs-of-the-life-and-_coxe-william_1798_2 bim_eighteenth-century_memoirs-of-the-life-and-_coxe-william_1798_3 bub_gb_1qtcMB3cKasC bub_gb_3N1SAAAAcAAJ bub_gb_5GumwYtaHX8C bub_gb_AH4nk3oEuIsC bub_gb_BI4WXMI4g1wC bub_gb_BojohG8zXkQC bub_gb_D8ZW1o6MNMMC bub_gb_EQ4MAAAAYAAJ bub_gb_IP8DUd8XLsEC bub_gb_KMrMHt2MUgUC bub_gb_NhOJqSX9GgIC bub_gb_bOnmNv2ZLVoC bub_gb_cM5KS3lziccC bub_gb_lGF3eVwI5y4C bub_gb_n0O44Q7X8RMC bub_gb_qWTswSr32NYC bub_gb_rM--6yqWqc4C bub_gb_wBJLsV8B_BgC bub_gb_zBQish8rkmAC calendarofclaren01bodluoft calendarofletter0003pasc calendarofstatep0021will calendarorleters0003vari charlesiin1646le00chariala correspondanced01willgoog correspondanced03coopgoog correspondancede0000unse_m5g7 correspondancede01will correspondancede02phil correspondancede02will correspondancede03will correspondancede04will correspondancede05will correspondancede06will cu31924024797890 danskemagazin02unkngoog despatchesinstru00fran diplomaticcorres01montiala diplomaticcorres02mont dukeportlandwelb01greauoft elisabethfarnese00armsuoft eltenientegener00villgoog eltenientegener01villgoog frankreichseinfl01suge histoiredelaguer02char historyofuniteds00bake histsecretservice00bakerich kancellietsbrevb02denm labibliothque01gach labibliothquen02gachuoft lemarchaldegu00noai lepredemadamede00dargoog leshuguenotsetle03kerv lesoriginespolit01romi lesoriginespolit02romi lettersofqueenhe00henr lettresdecatheri03cathuoft lettresdecatheri04cathuoft lettresdecatheri09cathuoft lettresdecatheri10cathuoft lettresdepierre00noyegoog lettresducardina02maza lettresducardina09maza lettresindites00cond lettresinstructi06richuoft lettresinstructi07richuoft lettresinstructi08richuoft lewwallaceautobi00wall lincolnintelegra00bates manuscriptsofmar00grea manuscritsetdocu00meco memoiresdelaligu01goul memoiresdelaligu02goul memoiresdelaligu03goul memoiresdelaligu04goul memoiresdelaligu05goul memoiresdelaligu06goul memoiresdelouish02brie memoiresdelouish03brie memoirskingsspa00unkngoog memoirskingsspa02unkngoog memoirsofhoratio00coxe memorialsofgreat01caryuoft mmoiresinditsde00barrgoog mmoiresinditsde01barrgoog monumentahungari0039unse negociationssecr02lecl negociationssecr03lecl negociationssecr04lecl ngociationsdel03charuoft ngociationslet00pari nouvellecollecti06michuoft ocondedelinhares00func officialrecordso0009unse officialrecordso0010unse officialrecordso0015unse officialrecordso0021unse p1cataloguegnr02bibluoft p1geschichtederpre04droyuoft politischecorres09fred politischecorres10fred pologne00farggoog pologne01farggoog privateofficialc04butl privateofficialc05butl recollectionsofc00danauoft recueildesinstr00diplgoog regestadiplomat04copegoog relationspoliti06teulgoog relationspoliti07teulgoog relationspolitiq05nethuoft relationspolitiq06nethuoft reminiscencesofw00sewauoft reportofsecre00unit reportsofbvtbrig00unit szzadok50trgoog thenicholaspaper01camduoft traitsdudanemar00denmgoog traitsdudanemar02denmgoog undiplomatepoite00richuoft votinginfieldfor00bent warofrebellion013403rootrich warofrebellion013404rootrich warofrebellion0207rootrich warofrebellion322unit warofrebellion323unit warofrebellion33unit warofrebellion352unit warofrebellion361unit warofrebellion362unit warofrebellion363unit warofrebellion371unit warofrebellion372unit warofrebellion402unit warofrebellion403unit warofrebellion414unit warofrebellion422unit warofrebellion423unit warofrebellion431unit warofrebellion432unit warofrebellion452unit wilhelmvonorani00rachgoog wilhelmvonorani01rachgoog williamhsewardau03sewa
F1 5698/0 | send me all the transportation you can | privateofficialc04butl,warofrebellion363unit
F1 5698/0 | Colonel Biggs | officialrecordso0009unse,officialrecordso0010unse,privateofficialc04butl,warofrebellion322unit,warofrebellion33unit,warofrebellion362unit,warofrebellion363unit,warofrebellion402unit,warofrebellion403unit,warofrebellion422unit,warofrebellion431unit
F1 5698/0 | transportation you can to Bermuda Hundred | privateofficialc04butl,warofrebellion363unit
F1 5698/0 | telegraph what is coming | warofrebellion363unit
F2 5638/0 | referred your telegram about Dunn | none
F2 5638/0 | I know of none and do not believe a word against him | none
F2 5638/0 | returns it endorsed | none
F3 5632/2 | ready to put up at a moments notice | none
F3 5632/2 | conference with Knox | none
F4 5627/1 | three hundred thousand cartridges for Spencer rifles | none
F4 5627/1 | cartridges for Spencer rifles with all possible dispatch | none
F4 5627/1 | Theodore Edson | warofrebellion402unit
F5 5810/1 | Beckwith Monroe meet you | none
F5 5810/1 | Sheldon Beckwith City Point November 28 | none
F6 5756/1 | tell me quick if Beckwith or Caldwell have my cipher | none
F6 5756/1 | have heard from Sheridan will probably get here tonight | none
F6 5756/1 | Sheridan White House June 18 | none
F7 5720/0 | heavy and continuous firing about fifteen miles from here | none
F7 5720/0 | continuous firing in direction of | none
F7 5720/0 | heavy and continuous firing | warofrebellion322unit,warofrebellion432unit
F8 5814/0 | monitors Mahopac Canonicus and Saugus | none
F8 5814/0 | Mahopac Canonicus and Saugus are ready for service | none
F8 5814/0 | Mahopac Saugus ready for service | none
F8 5814/0 | Canonicus Saugus Mahopac with coal | none
F9 5768/3 | none of the troops have arrived yet | none
F9 5768/3 | New Orleans troops have arrived | none
F9 5768/3 | Shaffer chief of staff | officialrecordso0009unse,officialrecordso0010unse,privateofficialc04butl,privateofficialc05butl,warofrebellion33unit,warofrebellion352unit,warofrebellion362unit,warofrebellion363unit,warofrebellion402unit,warofrebellion403unit,warofrebellion422unit
F9 5768/3 | troops from New Orleans arrived Fort Monroe July 10 | none
F10 5680/2 | add to the list of extra arbitraries | none
F10 5680/2 | extra arbitraries | none
F10 5680/2 | mackerel and mutton | none
