control 'Inspector difficulty Evidence Nashville': 1 hits: 9678
F1 5720/2 'pontoon Yorktown': 4 hits: 2924 4443 5298 3650
F2 5547/1 'Peck Syracuse Horner': 2 hits: 5547 4424
F3 5569/1 'map Richmond Lockwood Baldwin': 1 hits: 5569
F4 5546/0 'cooper ration': 14 hits: 5546 5554 5555 5556 9070 4258 10162 4457 5927 4471 8899 9165 5690 9224
F5 5577/0 'cable repaired Patrick': 0 hits: 
F6 5673/1 'wrong route corrected': 1 hits: 5673
F7 5672/1 'Richmond Danville Rail Road cut': 0 hits: 
F8 5641/0 'Ironclads Gillmore Culpepper': 1 hits: 4562
F9 5804/2 'Horner transportation Nov': 1 hits: 8171
F10 5669/1 'Danville Rail Road cut Potomac': 0 hits: 
F11 5664/2 'erase Hurlbut Canby': 1 hits: 5664
F12 5679/0 'Sheridan Forage James': 1 hits: 4642
F13 5830/0 'Beaufort Hampton Roads Porter': 0 hits: 
F14 5633/1 'Exchanges against orders Clark Norfolk': 1 hits: 5633
F15 5798/1 'Halifax hospital Caldwell': 2 hits: 5798 9221
F16 5833/2 'Birney message too late': 1 hits: 5833
F17 5828/1 'Shepley Beckwith Norfolk': 0 hits: 
F18 5829/1 'Ingalls Webster fleet': 1 hits: 5829
F19 5800/2 'Beckwith start hour': 2 hits: 5861 5873
F20 5590/0 'deliver Grant Monroe Norfolk': 0 hits: 
requests 21
