volumes searched: 177 10019860bsb 10021035bsb 10622705bsb aktyipismakisto00forsgoog ambassadesdemess05vert antonioperezetph00mign aragoniaibeatrix00berz archivesoucorre00housgoog archivesoucorre01housgoog archivesoucorre02housgoog archivesoucorre03groe archivesoucorre03housgoog archivesoucorre04housgoog archivesoucorre04unkngoog archivesoucorre05housgoog archivesoucorre06housgoog archivesoucorre07housgoog archivesoucorre08housgoog archivesoucorre09housgoog archivesoucorres01groe archivesoucorres01unse archivesoucorres02groe archivesoucorres02unse archivesoucorres03unse archivesoucorres04groe archivesoucorres04unse archivesoucorres05groe archivesoucorres05unse beatrixkirlyn14500berz bim_eighteenth-century_a-collection-of-the-stat_thurloe-john_1742_1 bim_eighteenth-century_memoirs-of-the-life-and-_coxe-william_1798_1 bim_eighteenth-century_memoirs-of-the-life-and-_coxe-william_1798_2 bim_eighteenth-century_memoirs-of-the-life-and-_coxe-william_1798_3 bub_gb_1qtcMB3cKasC bub_gb_3N1SAAAAcAAJ bub_gb_5GumwYtaHX8C bub_gb_AH4nk3oEuIsC bub_gb_BI4WXMI4g1wC bub_gb_BojohG8zXkQC bub_gb_D8ZW1o6MNMMC bub_gb_EQ4MAAAAYAAJ bub_gb_IP8DUd8XLsEC bub_gb_KMrMHt2MUgUC bub_gb_NhOJqSX9GgIC bub_gb_bOnmNv2ZLVoC bub_gb_cM5KS3lziccC bub_gb_lGF3eVwI5y4C bub_gb_n0O44Q7X8RMC bub_gb_qWTswSr32NYC bub_gb_rM--6yqWqc4C bub_gb_wBJLsV8B_BgC bub_gb_zBQish8rkmAC calendarofclaren01bodluoft calendarofletter0003pasc calendarofstatep0021will calendarorleters0003vari charlesiin1646le00chariala correspondanced01willgoog correspondanced03coopgoog correspondancede0000unse_m5g7 correspondancede01will correspondancede02phil correspondancede02will correspondancede03will correspondancede04will correspondancede05will correspondancede06will cu31924024797890 danskemagazin02unkngoog despatchesinstru00fran diplomaticcorres01montiala diplomaticcorres02mont dukeportlandwelb01greauoft elisabethfarnese00armsuoft eltenientegener00villgoog eltenientegener01villgoog frankreichseinfl01suge histoiredelaguer02char historyofuniteds00bake histsecretservice00bakerich kancellietsbrevb02denm labibliothque01gach labibliothquen02gachuoft lemarchaldegu00noai lepredemadamede00dargoog leshuguenotsetle03kerv lesoriginespolit01romi lesoriginespolit02romi lettersofqueenhe00henr lettresdecatheri03cathuoft lettresdecatheri04cathuoft lettresdecatheri09cathuoft lettresdecatheri10cathuoft lettresdepierre00noyegoog lettresducardina02maza lettresducardina09maza lettresindites00cond lettresinstructi06richuoft lettresinstructi07richuoft lettresinstructi08richuoft lewwallaceautobi00wall lincolnintelegra00bates manuscriptsofmar00grea manuscritsetdocu00meco memoiresdelaligu01goul memoiresdelaligu02goul memoiresdelaligu03goul memoiresdelaligu04goul memoiresdelaligu05goul memoiresdelaligu06goul memoiresdelouish02brie memoiresdelouish03brie memoirskingsspa00unkngoog memoirskingsspa02unkngoog memoirsofhoratio00coxe memorialsofgreat01caryuoft mmoiresinditsde00barrgoog mmoiresinditsde01barrgoog monumentahungari0039unse negociationssecr02lecl negociationssecr03lecl negociationssecr04lecl ngociationsdel03charuoft ngociationslet00pari nouvellecollecti06michuoft ocondedelinhares00func officialrecordso0009unse officialrecordso0010unse officialrecordso0015unse officialrecordso0021unse p1cataloguegnr02bibluoft p1geschichtederpre04droyuoft politischecorres09fred politischecorres10fred pologne00farggoog pologne01farggoog privateofficialc04butl privateofficialc05butl recollectionsofc00danauoft recueildesinstr00diplgoog regestadiplomat04copegoog relationspoliti06teulgoog relationspoliti07teulgoog relationspolitiq05nethuoft relationspolitiq06nethuoft reminiscencesofw00sewauoft reportofsecre00unit reportsofbvtbrig00unit szzadok50trgoog thenicholaspaper01camduoft traitsdudanemar00denmgoog traitsdudanemar02denmgoog undiplomatepoite00richuoft votinginfieldfor00bent warofrebellion013403rootrich warofrebellion013404rootrich warofrebellion0207rootrich warofrebellion322unit warofrebellion323unit warofrebellion33unit warofrebellion352unit warofrebellion361unit warofrebellion362unit warofrebellion363unit warofrebellion371unit warofrebellion372unit warofrebellion402unit warofrebellion403unit warofrebellion414unit warofrebellion422unit warofrebellion423unit warofrebellion431unit warofrebellion432unit warofrebellion452unit wilhelmvonorani00rachgoog wilhelmvonorani01rachgoog williamhsewardau03sewa
F1 5720/2 | all pontoon bridging at Yorktown | none
F1 5720/2 | pontoon bridging at Fort Monroe | none
F1 5720/2 | which may arrive at these places will be sent to | warofrebellion363unit
F1 5720/2 | pontoon | calendarofletter0003pasc,calendarorleters0003vari,historyofuniteds00bake,histsecretservice00bakerich,lewwallaceautobi00wall,lincolnintelegra00bates,officialrecordso0009unse,officialrecordso0010unse,officialrecordso0021unse,privateofficialc04butl,privateofficialc05butl,recollectionsofc00danauoft,warofrebellion013403rootrich,warofrebellion013404rootrich,warofrebellion322unit,warofrebellion323unit,warofrebellion33unit,warofrebellion352unit,warofrebellion361unit,warofrebellion362unit,warofrebellion363unit,warofrebellion371unit,warofrebellion372unit,warofrebellion402unit,warofrebellion403unit,warofrebellion414unit,warofrebellion422unit,warofrebellion423unit,warofrebellion431unit,warofrebellion432unit,warofrebellion452unit
F2 5547/1 | I await your orders by telegraph | none
F2 5547/1 | will leave at once if you deem it necessary | none
F2 5547/1 | J J Peck | officialrecordso0009unse,warofrebellion0207rootrich,warofrebellion33unit,warofrebellion432unit
F3 5569/1 | effort to obtain a map of the City of Richmond | none
F3 5569/1 | map of the city of Richmond but regret | none
F3 5569/1 | unable to procure one | none
F4 5546/0 | in regard to any cooperation | none
F4 5546/0 | telegraph directly to | warofrebellion322unit,warofrebellion371unit,warofrebellion372unit
F4 5546/0 | now in command of | calendarofletter0003pasc,calendarorleters0003vari,officialrecordso0021unse,privateofficialc04butl,recollectionsofc00danauoft,reminiscencesofw00sewauoft,warofrebellion322unit,warofrebellion361unit,warofrebellion362unit,warofrebellion371unit,warofrebellion372unit,warofrebellion402unit,warofrebellion423unit,warofrebellion432unit,williamhsewardau03sewa
F5 5577/0 | send no ciphers till cable is repaired | none
F5 5577/0 | till cable is repaired | none
F5 5577/0 | nothing heard from Patrick | none
F6 5673/1 | you used the wrong route | none
F6 5673/1 | corrected it here and sent forward | none
F7 5672/1 | desires that you will have the Richmond and Danville | privateofficialc04butl
F7 5672/1 | Richmond and Danville Railroad cut if possible | privateofficialc04butl
F7 5672/1 | Danville Rail Road cut if possible | privateofficialc04butl,warofrebellion362unit
F8 5641/0 | have any more ironclads reached you | privateofficialc04butl,warofrebellion362unit
F8 5641/0 | has General Gillmore arrived | privateofficialc04butl
F8 5641/0 | any more iron clads reached you | privateofficialc04butl,warofrebellion362unit
F9 5804/2 | do you need more transportation | privateofficialc05butl
F9 5804/2 | do you need more transportation to New York | privateofficialc05butl
F10 5669/1 | telegraph General Butler to have the Richmond and Danville | privateofficialc04butl
F10 5669/1 | to have the Richmond and Danville Railroad cut | none
F10 5669/1 | Richmond and Danville | historyofuniteds00bake,histsecretservice00bakerich,privateofficialc04butl,reportsofbvtbrig00unit,warofrebellion352unit,warofrebellion361unit,warofrebellion362unit,warofrebellion363unit,warofrebellion371unit,warofrebellion402unit,warofrebellion403unit,warofrebellion422unit,warofrebellion423unit,warofrebellion431unit
F11 5664/2 | erase the name of General Hurlbut and insert | none
F11 5664/2 | insert in its place the name of Major General Canby | none
F12 5679/0 | has Sheridan left the James | none
F12 5679/0 | must we forage him | none
F12 5679/0 | by the other line | warofrebellion432unit
F13 5830/0 | I shall leave here for Beaufort | warofrebellion423unit
F13 5830/0 | leave here for Beaufort in an hour | warofrebellion423unit
F14 5633/1 | why publish Edgars name | none
F14 5633/1 | stop your exchanges | none
F14 5633/1 | this was against orders | none
F15 5798/1 | make following addition in number | none
F15 5798/1 | rest Halifax and hospital | none
F16 5833/2 | Birney message too late | none
F16 5833/2 | has gone to sea left here about | none
F17 5828/1 | not away will return | none
F17 5828/1 | Shepley | historyofuniteds00bake,histsecretservice00bakerich,lincolnintelegra00bates,officialrecordso0010unse,privateofficialc04butl,privateofficialc05butl,recollectionsofc00danauoft,warofrebellion0207rootrich,warofrebellion323unit,warofrebellion33unit,warofrebellion362unit,warofrebellion363unit,warofrebellion402unit,warofrebellion403unit,warofrebellion422unit,warofrebellion423unit,warofrebellion431unit
F18 5829/1 | has the fleet left yet | none
F18 5829/1 | chief quartermaster Ingalls fleet | none
F19 5800/2 | received will start in an hour | warofrebellion423unit
F19 5800/2 | Beckwith City Point received will start | none
F20 5590/0 | deliver this to General Grant now at Monroe or Norfolk | none
F20 5590/0 | now at Monroe or Norfolk | none
