volumes searched: 191
F1 5892/1 | Monohansett will leave for Monroe | none
F1 5892/1 | Monohansett will leave | none
F1 5892/1 | wishes you to meet him on arrival | none
F1 5892/1 | Major Eckert wishes | none
F2 5893/1 | Did the Bruno come with the Bolivia | none
F2 5893/1 | Bruno come with the Bolivia | none
F3 5896/0 | I have sent the letter referred to in our dispatch | none
F3 5896/0 | by the hands of a staff officer to be delivered to you | none
F3 5896/0 | I retained no copy | none
F3 5896/0 | letter referred to in my dispatch | none
F4 5896/1 | I arrived here today with despatches for you from General Sherman | none
F4 5896/1 | will be in Annapolis tomorrow morning | warofrebellion431unit
F4 5896/1 | despatches for you from General Sherman | none
F4 5896/1 | Jay F. Anderson | none
F5 5908/0 | No torpedoes on hand | none
F5 5908/0 | have telegraphed the Bureau of Ordnance for | none
F5 5908/0 | will forward immediately on receipt | none
F5 5908/0 | Radford New Ironsides | none
F5 5908/0 | New Ironsides torpedoes | none
F6 5910/1 | Sell gold to fall | none
F6 5910/1 | Camman and Company | none
F6 5910/1 | Cammann and Company | none
F6 5910/1 | he is naval officer | none
F7 5914/2 | if Gordon's commission has not yet adjourned | none
F7 5914/2 | Gordons commission has not yet adjourned | none
F7 5914/2 | to call before it the Cashier | none
F7 5914/2 | Cashier of the National Bank | privateofficialc05butl
F9 5936/2 | ponchos are not on hand at present | none
F9 5936/2 | ponchos are not on hand | none
F9 5936/2 | Canby is shoed | none
F10 5941/2 | I am going to see Grant at City Point | none
F10 5941/2 | expect to go back to Goldsboro by way of Newbern | none
F10 5941/2 | go back to Goldsboro by Newbern | none
F10 5941/2 | from Old Point on Wednesday | none
F10 5941/2 | Old Point on Wednesday | none
F11 5942/1 | furlough Adams is hampered | none
