control 'Inspector Inquiry evidence': 1 hits: 9678
5892/1a 'Monohansett Taunton Beckwith': 1 hits: 5892
5892/1b 'Monohansett steamer Fort Monroe leave 1 AM': 0 hits: 
5892/1c 'Monohansett Eckert meet arrival City Point': 1 hits: 5892
5893/1 'Bruno Bolivia Bates answer quick': 1 hits: 5893
5896/0a 'letter referred to dispatch staff officer retained no copy': 1 hits: 5896
5896/0b 'staff officer delivered retained copy Beckwith Seward': 0 hits: 
5896/0c 'Seward letter Grant staff officer Hampton Roads': 0 hits: 
5896/1 'Anderson despatches Sherman Annapolis Friday Schofield': 1 hits: 8561
5908/0a 'Radford New Ironsides torpedoes Lynch': 1 hits: 5886
5908/0b 'Lynch Bureau of Ordnance torpedoes Radford forward receipt': 0 hits: 
5908/0c 'Ironsides torpedoes Norfolk Beckwith Radford': 0 hits: 
5910/1a 'Camman Company gold Cooper naval officer': 1 hits: 5910
5910/1b 'Cammann gold sell fall Cooper': 0 hits: 
5910/1c 'sell gold fall approval Eckert Cooper': 1 hits: 5910
5914/2a 'Gordon commission adjourned cashier National Bank': 0 hits: 
5914/2b 'Meredith Gordon commission cashier bank Norfolk': 0 hits: 
5914/2c 'Webster Beckwith Gordon commission cashier': 0 hits: 
5928/2 'change of operators Hamlet': 1 hits: 5928
5936/2a 'ponchos not on hand Canby Ingalls': 1 hits: 5936
5936/2b 'ponchos Sheridan arrival Ingalls Beckwith': 0 hits: 
5936/2c 'ponchos Canby Sausage Ingalls Shoed': 1 hits: 5936
5941/2a Sherman John Sherman Goldsboro Newbern Old Point Wednesday ERR Remote end closed connection without response
