entry	row	key	window	a	lcs/n	b_p95	hit	c	c_key_meanings
F1	5892/1	no1	1	0.882	15/17	0.471	HIT	1	major
F1	5892/1	no1shuf7	1	0.882	15/17	0.471	HIT	2	ferry newbern
F2	5893/1	no1	1	0.692	9/13	0.385	HIT	4	president secretary volunteer war
F2	5893/1	no1shuf7	1	0.750	9/12	0.417	HIT	3	effect louis vicksburg
F3	5896/0	no1	0	0.889	16/18	0.444	HIT	2	secretary state
F3	5896/0	no1shuf7	0	0.941	16/17	0.471	HIT	1	arizona
F4	5896/1	no1	1	0.579	11/19	0.316	HIT	5	general schofield sherman tomorrow
F4	5896/1	no1shuf7	1	0.550	11/20	0.300	HIT	8	chief general gillmore hurlbut palmer staff
F5	5908/0	no1	0	0.714	20/28	0.286	HIT	7	after division hundred marine norfolk telegraph twenty
F5	5908/0	no1shuf7	0	0.667	20/30	0.267	HIT	8	feint hampshire hundred kelly rail road twenty winchester
F6	5910/1	no1	0+1	0.667	8/12	0.417	HIT	4	new volunteer york
F6	5910/1	no1shuf7	0+1	0.727	8/11	0.455	HIT	3	effect ford
F7	5914/2	no1	2	0.933	14/15	0.400	HIT	1	norfolk
F7	5914/2	no1shuf7	2	0.824	14/17	0.353	HIT	3	goldsboro rail road
F8	5928/2	no1	2	0.818	9/11	0.455	HIT	2	
F8	5928/2	no1shuf7	2	0.818	9/11	0.455	HIT	2	
F9	5936/2	no1	2	0.842	16/19	0.421	HIT	3	captain james sheriden
F9	5936/2	no1shuf7	2	0.727	16/22	0.364	HIT	6	encountered enemy force pemberton strong valley
F10	5941/2	no1	2	0.529	18/34	0.265	HIT	12	city general goldsboro grant newbern point volunteer way
F10	5941/2	no1shuf7	2	0.581	18/31	0.258	HIT	12	alabama burnside colonel diversion division effect general gunboat newbern suffolk threaten
F11	5942/1	no1	1	0.727	8/11	0.455	HIT	3	maine secretary war
F11	5942/1	no1shuf7	1	0.800	8/10	0.500	HIT	2	goldsboro marmaduke
