F1 | "yellow fever is prevailing to considerable extent" | 1
    ['illinoisstate18460717walt'] 
       the North Americans. “The {{{yellow fever is prevailing to considerable extent}}} in Vera Cruz.” ew LA‘ ER FROM
F1 | McDougall yellow fever Newbern Sheldon 1864 notify | 0
F2 | "copy of all dispatches sent north from your office" | 0
F3 | "Baird will arrive tomorrow morning" instruments | 0
F4 | "W. A. Dunn" Cherrystone operator | 0
F5 | Saugus "above City Point" Porter Beckwith | 10
    ['historyofcityofb00will'] 
       Charles  R.,  753. {{{Porter}}},  Hannah,  580. {{{Porter}}},  James,  330. {{{Porter}}},  Josiah,  541. {{{Porter}}},  Rachel,  564
       ,  756. {{{Porter}}},  Charles  C.,  323,  334,  418. {{{Porter}}},  Charles  G.,  2   )8,  299. {{{Porter}}},  Charles
    ['cu31924092267941'] 
        li.,  753. {{{Porter}}},  Hannah,  580. {{{Porter}}},  James,  330. {{{Porter}}},  Josiah,  541. {{{Porter}}},  Eachel,  564
           . •Banks,  Horace  W. {{{Beckwith}}},  Alonzo {{{Beckwith}}},  ^iUi.-  M. {{{Beckwith}}},  Martin Bean,  Alonzo  C
    ['historycitybelf00willgoog'] 
       Charles  K.,  753. {{{Porter}}},  Hannah,  580. {{{Porter}}},  James,  330. {{{Porter}}},  Josiah,  541. {{{Porter}}},  Rachel,  564
            . .     29 {{{Beckwith}}},  Alonzo    . .     22 {{{Beckwith}}},  JSilas  M.  . 22 {{{Beckwith}}},  Mailin     . 
    ['annualreportofad1864mass'] 
       Merriam,  John,     . Nichols,  Henry  L., {{{Porter}}},  Peter, {{{Porter}}},  George  W., 20 19 23 18 20 18 25 20 23
          Tileston, {{{Porter}}}  D.  Tripp, Charles  C.  Rivers,  . George  F.    Tileston, {{{Porter}}}  D.  Tripp, James
F7 | "Manhattan" Eckert Dealy wharf Stanton Fort Monroe October 1864 | 0
F9 | "Demolay" Butler Porter December 1864 shipped | 7
    ['aby3709.0002.001.umich.edu'] 
       names,  {{{Butler}}}  and  Casey;  {{{Butler}}}  was  really the  man ;  Casey  was  the  agent  of  {{{Butler}}}.  I  think
       names,  {{{Butler}}}  and  Casey ;  {{{Butler}}}  was  really the  man;  Casey  was  the  agent  of  {{{Butler}}}.  I  think
    ['HistoryOfRockinghamCounty'] 
       1, {{{1864}}}; Pilatka, April 3, {{{1864}}}; Chester Station, May 9, {{{1864}}}; Drury’s Bluff, May 13 to 16, {{{1864}}}; Bermuda
       18, {{{1864}}}; Wier Bottom Church, June 2, {{{1864}}}; Petersburg, June 9, {{{1864}}}; Hatcher’s Run, June 16, {{{1864}}}; Flussell’s
    ['historyofrocking00hazl'] 
       guns;  {{{1864}}},  ironclad  Passaconaway,  4  guns;  {{{1864}}},  tug  Port  Fire;  {{{1864}}},  Blue Light;  {{{1864}}},  ironclad
         to  March  i,  {{{1864}}};  Pilatka,  April  3,  {{{1864}}}:  Chester  Station,  May 9,  {{{1864}}};  Drury's  Bluff
    ['historyofrocking00hazl_0'] 
       guns ;  {{{1864}}},  ironclad  Passaconaway,  4  guns;  {{{1864}}},  tug  Port  Fire;  {{{1864}}},  Blue Light;  {{{1864}}},  ironclad
         to  March  1,  {{{1864}}};  Pilatka,  April  3,  {{{1864}}};  Chester  Station,  May 9,  {{{1864}}};  Drury's  Bluff
F10 | "keep Cowan and Ryan at West Point" | 0
be-api requests 9
