volumes searched: 177 10019860bsb 10021035bsb 10622705bsb aktyipismakisto00forsgoog ambassadesdemess05vert antonioperezetph00mign aragoniaibeatrix00berz archivesoucorre00housgoog archivesoucorre01housgoog archivesoucorre02housgoog archivesoucorre03groe archivesoucorre03housgoog archivesoucorre04housgoog archivesoucorre04unkngoog archivesoucorre05housgoog archivesoucorre06housgoog archivesoucorre07housgoog archivesoucorre08housgoog archivesoucorre09housgoog archivesoucorres01groe archivesoucorres01unse archivesoucorres02groe archivesoucorres02unse archivesoucorres03unse archivesoucorres04groe archivesoucorres04unse archivesoucorres05groe archivesoucorres05unse beatrixkirlyn14500berz bim_eighteenth-century_a-collection-of-the-stat_thurloe-john_1742_1 bim_eighteenth-century_memoirs-of-the-life-and-_coxe-william_1798_1 bim_eighteenth-century_memoirs-of-the-life-and-_coxe-william_1798_2 bim_eighteenth-century_memoirs-of-the-life-and-_coxe-william_1798_3 bub_gb_1qtcMB3cKasC bub_gb_3N1SAAAAcAAJ bub_gb_5GumwYtaHX8C bub_gb_AH4nk3oEuIsC bub_gb_BI4WXMI4g1wC bub_gb_BojohG8zXkQC bub_gb_D8ZW1o6MNMMC bub_gb_EQ4MAAAAYAAJ bub_gb_IP8DUd8XLsEC bub_gb_KMrMHt2MUgUC bub_gb_NhOJqSX9GgIC bub_gb_bOnmNv2ZLVoC bub_gb_cM5KS3lziccC bub_gb_lGF3eVwI5y4C bub_gb_n0O44Q7X8RMC bub_gb_qWTswSr32NYC bub_gb_rM--6yqWqc4C bub_gb_wBJLsV8B_BgC bub_gb_zBQish8rkmAC calendarofclaren01bodluoft calendarofletter0003pasc calendarofstatep0021will calendarorleters0003vari charlesiin1646le00chariala correspondanced01willgoog correspondanced03coopgoog correspondancede0000unse_m5g7 correspondancede01will correspondancede02phil correspondancede02will correspondancede03will correspondancede04will correspondancede05will correspondancede06will cu31924024797890 danskemagazin02unkngoog despatchesinstru00fran diplomaticcorres01montiala diplomaticcorres02mont dukeportlandwelb01greauoft elisabethfarnese00armsuoft eltenientegener00villgoog eltenientegener01villgoog frankreichseinfl01suge histoiredelaguer02char historyofuniteds00bake histsecretservice00bakerich kancellietsbrevb02denm labibliothque01gach labibliothquen02gachuoft lemarchaldegu00noai lepredemadamede00dargoog leshuguenotsetle03kerv lesoriginespolit01romi lesoriginespolit02romi lettersofqueenhe00henr lettresdecatheri03cathuoft lettresdecatheri04cathuoft lettresdecatheri09cathuoft lettresdecatheri10cathuoft lettresdepierre00noyegoog lettresducardina02maza lettresducardina09maza lettresindites00cond lettresinstructi06richuoft lettresinstructi07richuoft lettresinstructi08richuoft lewwallaceautobi00wall lincolnintelegra00bates manuscriptsofmar00grea manuscritsetdocu00meco memoiresdelaligu01goul memoiresdelaligu02goul memoiresdelaligu03goul memoiresdelaligu04goul memoiresdelaligu05goul memoiresdelaligu06goul memoiresdelouish02brie memoiresdelouish03brie memoirskingsspa00unkngoog memoirskingsspa02unkngoog memoirsofhoratio00coxe memorialsofgreat01caryuoft mmoiresinditsde00barrgoog mmoiresinditsde01barrgoog monumentahungari0039unse negociationssecr02lecl negociationssecr03lecl negociationssecr04lecl ngociationsdel03charuoft ngociationslet00pari nouvellecollecti06michuoft ocondedelinhares00func officialrecordso0009unse officialrecordso0010unse officialrecordso0015unse officialrecordso0021unse p1cataloguegnr02bibluoft p1geschichtederpre04droyuoft politischecorres09fred politischecorres10fred pologne00farggoog pologne01farggoog privateofficialc04butl privateofficialc05butl recollectionsofc00danauoft recueildesinstr00diplgoog regestadiplomat04copegoog relationspoliti06teulgoog relationspoliti07teulgoog relationspolitiq05nethuoft relationspolitiq06nethuoft reminiscencesofw00sewauoft reportofsecre00unit reportsofbvtbrig00unit szzadok50trgoog thenicholaspaper01camduoft traitsdudanemar00denmgoog traitsdudanemar02denmgoog undiplomatepoite00richuoft votinginfieldfor00bent warofrebellion013403rootrich warofrebellion013404rootrich warofrebellion0207rootrich warofrebellion322unit warofrebellion323unit warofrebellion33unit warofrebellion352unit warofrebellion361unit warofrebellion362unit warofrebellion363unit warofrebellion371unit warofrebellion372unit warofrebellion402unit warofrebellion403unit warofrebellion414unit warofrebellion422unit warofrebellion423unit warofrebellion431unit warofrebellion432unit warofrebellion452unit wilhelmvonorani00rachgoog wilhelmvonorani01rachgoog williamhsewardau03sewa
F1 5785/1 | yellow fever is prevailing to considerable extent at Newbern | none
F1 5785/1 | yellow fever is prevailing | none
F1 5785/1 | Surgeon Charles McDougall | none
F1 5785/1 | I have thought best to notify you at once | none
F2 5799/0 | copy of all dispatches sent north from your office | none
F2 5799/0 | dispatches sent north from your office signed Schoonmaker | none
F2 5799/0 | directed to request you to forward to me a copy of all dispatches | none
F2 5799/0 | Schoonmaker | officialrecordso0021unse,warofrebellion33unit,warofrebellion371unit,warofrebellion372unit,warofrebellion432unit
F3 5816/2 | Mr Baird will arrive tomorrow morning | none
F3 5816/2 | please have him sent here with his instruments | none
F3 5816/2 | Baird will arrive | none
F4 5583/2 | if the operator at Cherry Stone is the same W A Dunn | none
F4 5583/2 | Cherry Stone | elisabethfarnese00armsuoft,lincolnintelegra00bates,officialrecordso0009unse,officialrecordso0010unse,warofrebellion33unit,warofrebellion371unit,warofrebellion372unit,warofrebellion403unit
F4 5583/2 | Cherrystone | elisabethfarnese00armsuoft,lincolnintelegra00bates,officialrecordso0009unse,officialrecordso0010unse,warofrebellion33unit,warofrebellion371unit,warofrebellion372unit,warofrebellion403unit
F4 5583/2 | W A Dunn formerly employed | none
F5 5827/0 | U S S Saugus | officialrecordso0010unse
F5 5827/0 | will start down at early | none
F5 5827/0 | Saugus above City Point | none
F6 5647/0 | what is the latest news from Gillmore | none
F6 5647/0 | what number of his force is yet to arrive | privateofficialc04butl
F7 5793/1 | dont fail to be at wharf when the | none
F7 5793/1 | dont mention his coming to any one | none
F7 5793/1 | Manhattan arrives from | none
F8 5636/2 | Captain Clarke of my staff has just returned from North Carolina | warofrebellion33unit
F8 5636/2 | Clarke of my staff has just returned | privateofficialc04butl,warofrebellion33unit
F8 5636/2 | Culpepper Court House Beckwith | none
F9 5822/2 | every thing is shipped | none
F9 5822/2 | the Demolay leave here at day light | none
F9 5822/2 | Demolay leave here | none
F10 5731/0 | is an office needed at West Point | none
F10 5731/0 | I want Rand here | none
F10 5731/0 | keep Cowan and Ryan at West Point | none
F10 5731/0 | some other office is ready for them | none
