privateofficialc05butl | Mahopac Canonicus Saugus ready monitors | 0
(all) | monitors Mahopac Canonicus Saugus ready for service Parker Onondaga | 0
papersofulyssess0011gran | Sheridan White House Beckwith Caldwell cipher | 0
(all) | Sheridan will probably get here tonight Beckwith Caldwell cipher | 10
    ['warrebellionaco36offigoog'] 
        army  in  the field,  Generals  Easton  and  {{{Beckwith}}},  will  repair  at  once  to  Golds- borough,
        the  concentration  of  the  troops.  It  {{{will  probably}}} start  day  after  to-morrow  for  Florence
       strength. When  we  start  I  want  you  and  {{{Beckwith}}}  to  move  by  water  to  another point  on  the
    ['warrebellionaco09offigoog'] 
       BaUroadj  or Mr.  {{{Caldwell}}}, Superintendent,  Zanesville,  Ohio : Could  not  Mr.  {{{Caldwell}}}  come  out  a
       injui^d. D.  W.  {{{CALDWELL}}}. 197.]  Bbnwood,  January  27,  1865—7  a.  m, Mr.  {{{Caldwell}}}, Supirintendent
       You  {{{will  probably}}}  find some  citizen  who  can  be  trusted  to  carry  a  note  in  {{{cipher}}}  to  Sherman
    ['norwichbulletinj00bull_4'] 
       your turn, {{{tonight}}}, you must sleep.” Throughout the vatican absolute quiet prevails {{{tonight}}}, the excitement
       the wreck {{{tonight}}}. AD COUPLE FATALLY BURNED Philadelphia, July 16.—Mr. Woods died {{{tonight}}}. His wife is
       freight {{{will probably}}} be transferred at New London, after which she will be repaired. {{{Tonight}}} Just before
    ['norwichbulletinm00bull_47'] 
       of C., 8 o'clock {{{tonight}}}.—adv. Regular meeting White Cross coun- cil, No, 1%. {{{tonight}}} at 8 o'ciock. K
       and killed Nellie {{{Beckwith}}}, 14-year-ald daughter of Mr,-and Mrs. Monroe. L. {{{Beckwith}}} of Willetts ave-
       primary school; Charles F. {{{Beckwith}}}, Stafford Springs. When Mr. {{{Beckwith}}} Announced the decision of the
papersofulyssess0011gran | Shaffer New Orleans troops arrived Fort Monroe Rawlins | 0
(all) | none of the troops from New Orleans have arrived yet Shaffer Monroe | 0
(all) | add to the list of extra arbitraries Eckert Butler cipher | 0
privateofficialc04butl | Dunn Eckert Sheldon Monroe referred | 0
privateofficialc04butl | Spencer rifles cartridges Edson Ramsay | 0
be-api requests 9
CONTROL (F1 phrase, Butler IV) hits: 1
be-api requests 1 (control)
