F1 5845/2 no1 H7: R. O'Brien Butlers Hd Q'rs. {time: 5.30 PM} for [Maj Gen B. F. Butler] [.] All ready  {tail: [signed] are see [Reinforcements] stir [Colonel] and [Quartermaster] Geo D. Sheldon}
   shuf1 H7: R. O'Brien Butlers Hd Q'rs. {time: 5.30 PM} for [Parole] [.] All ready  {tail: [signed] are see [Maj Gen J. G. Parke] stir [Maj Gen Joseph Hooker] and [Grand Junction] Geo D. Sheldon}
   shuf2 H7: R. O'Brien Butlers Hd Q'rs. {time: 5.30 PM} for [Louisa C.H.] [.] All ready  {tail: [signed] are see [Casualties] stir [Favorable] and [Jacksonville] Geo D. Sheldon}
   shuf3 H7: R. O'Brien Butlers Hd Q'rs. {time: 5.30 PM} for [Arms] [.] All ready  {tail: [signed] are see [Chattahoochee] stir [Norfolk] and [Maj Genl A. E. Burnside] Geo D. Sheldon}
F2 5857/2 no1 H7: Geo. D. Sheldon Ft Monroe {time: 12.30} [Maj Genl U.S. Grant] Instructions Wilbey given to [P. H. Sheriden] I expect tullever this afternoon for [Monroe] and thence to [Savannah] with collect or drake per  {tail: [signed] [Secretary of War]}
   shuf1 H7: Geo. D. Sheldon Ft Monroe {time: 12.30} [Offensive] Instructions Wilbey given to [Enemy] I expect tullever this afternoon for [Help] and thence to [Dalton] with collect or drake per  {tail: [signed] [B. G. Farragut]}
   shuf2 H7: Geo. D. Sheldon Ft Monroe {time: 12.30} [Wounded] Instructions Wilbey given to [Has, or have been, reinforced] I expect tullever this afternoon for [Pearl] and thence to [Killing] with collect or drake per  {tail: [signed] [River]}
   shuf3 H7: Geo. D. Sheldon Ft Monroe {time: 12.30} [River] Instructions Wilbey given to [In the] I expect tullever this afternoon for [Maj Genl U.S. Grant] and thence to [Fredericksburg] with collect or drake per  {tail: [signed] [Maj Genl G. G. Meade]}
F3 5858/2 no1 H4: G. D. Sheldon Ft Monroe it is for [Maj Genl U.S. Grant] who [Left] for [Monroe] about {time: 11.30 PM} Steamer Martin S. H. B.
   shuf1 H4: G. D. Sheldon Ft Monroe it is for [Delaware] who [Embark (-ed, -ing)] for [Help] about {time: 11.30 PM} Steamer Martin S. H. B.
   shuf2 H4: G. D. Sheldon Ft Monroe it is for [Maj Gen J. G. Parke] who [Longstreet] for [Pearl] about {time: 11.30 PM} Steamer Martin S. H. B.
   shuf3 H4: G. D. Sheldon Ft Monroe it is for [Engineer] who [Bragg] for [Maj Genl U.S. Grant] about {time: 11.30 PM} Steamer Martin S. H. B.
F4 5862/0 no1 H7: S. H. Beckwith City Point River [Danger] left about {time: 11 AM} [Today] with [Maj Gen B. F. Butler] on board [,] [Colonel] told me he had gown up [James] and that himself was going same way imed'y yours Geo D Sheldon
   shuf1 H7: S. H. Beckwith City Point River [Lebanon] left about {time: 11 AM} [Entrench (-ed, -ing)] with [Heavy] on board [,] [Maj Gen Joseph Hooker] told me he had gown up [Attack (-ed, -ing)] and that himself was going same way imed'y yours Geo D Sheldon
   shuf2 H7: S. H. Beckwith City Point River [As soon as] left about {time: 11 AM} [General-in-Chief] with [City Point] on board [,] [Favorable] told me he had gown up [C. A. Dana] and that himself was going same way imed'y yours Geo D Sheldon
   shuf3 H7: S. H. Beckwith City Point River [South] left about {time: 11 AM} [Philadelphia] with [Vermont] on board [,] [Norfolk] told me he had gown up [Pontoon] and that himself was going same way imed'y yours Geo D Sheldon
F5 5862/2 no1 H12: Geo. D. Sheldon Ft Monroe [City Point] {time: 8.30 PM} [6] for [Secretary of War] [Monroe] [.] Melan or [Maj Gen E. O. C. Ord] either wilby good [Men] [2] relieve [Maj Gen J. G. Foster]  {tail: [signed] [Maj Genl U.S. Grant] S. H. Beckwith}
   shuf1 H12: Geo. D. Sheldon Ft Monroe [Adjt Genl. U.S.] {time: 8.30 PM} [6] for [Monroe] [Help] [.] Melan or [Repulsed] either wilby good [Fortifications] [2] relieve [South]  {tail: [signed] [Delaware] S. H. Beckwith}
   shuf2 H12: Geo. D. Sheldon Ft Monroe [Cairo] {time: 8.30 PM} [6] for [Front] [Pearl] [.] Melan or [Fortifications] either wilby good [Roddy] [2] relieve [Kingsport]  {tail: [signed] [Maj Gen J. G. Parke] S. H. Beckwith}
   shuf3 H12: Geo. D. Sheldon Ft Monroe [Near] {time: 8.30 PM} [6] for [Defeat (-ed, -ing)] [Maj Genl U.S. Grant] [.] Melan or [Maj Gen J. G. Parke] either wilby good [Detach (-ed, -ing)] [2] relieve [Surprise (-ed, -ing)]  {tail: [signed] [Engineer] S. H. Beckwith}
F6 5872/0 no1 H10: S. H. Beckwith City Point {time: 8 PM} for [Brigadier General] Rawlins [Chief of Staff] [.] weasler Illinois goes to see at [11] o'clock with [1200] and [87] [Men] all right Morgan Geo. D. Sheldon
   shuf1 H10: S. H. Beckwith City Point {time: 8 PM} for [Rome] Rawlins [Galveston] [.] weasler Illinois goes to see at [11] o'clock with [1200] and [87] [Fortifications] all right Morgan Geo. D. Sheldon
   shuf2 H10: S. H. Beckwith City Point {time: 8 PM} for [Lafayette] Rawlins [Massachusetts] [.] weasler Illinois goes to see at [11] o'clock with [1200] and [87] [Roddy] all right Morgan Geo. D. Sheldon
   shuf3 H10: S. H. Beckwith City Point {time: 8 PM} for [Pickens] Rawlins [Flank (-ed, -ing)] [.] weasler Illinois goes to see at [11] o'clock with [1200] and [87] [Detach (-ed, -ing)] all right Morgan Geo. D. Sheldon
F7 5872/1 no1 H6: S. H. Beckwith City Point {time: 3.30 PM} for [General] Rawlins [Chief of Staff] [.] nothing has arrived [Today] and the end is not yet  {tail: [signed] M. Are Morgan Lieut paradis See S. Geo D. Sheldon}
   shuf1 H6: S. H. Beckwith City Point {time: 3.30 PM} for [Roddy] Rawlins [Galveston] [.] nothing has arrived [Entrench (-ed, -ing)] and the end is not yet  {tail: [signed] M. Are Morgan Lieut paradis See S. Geo D. Sheldon}
   shuf2 H6: S. H. Beckwith City Point {time: 3.30 PM} for [Opelika] Rawlins [Massachusetts] [.] nothing has arrived [General-in-Chief] and the end is not yet  {tail: [signed] M. Are Morgan Lieut paradis See S. Geo D. Sheldon}
   shuf3 H6: S. H. Beckwith City Point {time: 3.30 PM} for [Subsistence] Rawlins [Flank (-ed, -ing)] [.] nothing has arrived [Philadelphia] and the end is not yet  {tail: [signed] M. Are Morgan Lieut paradis See S. Geo D. Sheldon}
F8 5872/2 no1 H14: S. H. Beckwith City Point {time: 9.30 AM} [Head Quarters] [2] [Division] [19] [Corps] for [Brigadier General] Rawlins [Chief of Staff] [.] [Division] has but [40] rounds of [Ammunition] Shall I take more C Grover Brevet [Major] [General] polking Geo. D. Sheldon
   shuf1 H14: S. H. Beckwith City Point {time: 9.30 AM} [Ammunition] [2] [Marmaduke] [19] [Tuscaloosa] for [D. D. Porter] Rawlins [Galveston] [.] [Maj Gen B. M. Prentiss] has but [40] rounds of [Louisville] Shall I take more C Grover Brevet [Defense (-ed, -ing)] [Roddy] polking Geo. D. Sheldon
   shuf2 H13: S. H. Beckwith City Point {time: 9.30 AM} [Maj Gen F. P. Blair] [2] [Maj. Gen. Lew Wallace (Baltimore)] [19] [Cipher] for [Artillery] Rawlins [Massachusetts] [.] [Maj Gen S. A. Hurlbut] has but [40] rounds of [President of the U.S.] Shall I take more C Grover Brevet [Pickens] [Opelika] polking Geo. D. Sheldon
   shuf3 H14: S. H. Beckwith City Point {time: 9.30 AM} [Beauregard] [2] [Gen A. J. Smith] [19] [St Louis] for [Philadelphia] Rawlins [Flank (-ed, -ing)] [.] [At the] has but [40] rounds of [General in Chief] Shall I take more C Grover Brevet [Scatter (-ed, -ing)] [Subsistence] polking Geo. D. Sheldon
F9 5874/1 no1 H5: Geo. D. Sheldon Brevet [Major] [General] Grovers [40] rounds of [Ammunition] will answer [,] you needn't wait to get more Rawlins S. H. Beckwith
   shuf1 H5: Geo. D. Sheldon Brevet [Defense (-ed, -ing)] [Maj Genl J. M. Schofield] Grovers [40] rounds of [Louisville] will answer [,] you needn't wait to get more Rawlins S. H. Beckwith
   shuf2 H5: Geo. D. Sheldon Brevet [Pickens] [Out post] Grovers [40] rounds of [President of the U.S.] will answer [,] you needn't wait to get more Rawlins S. H. Beckwith
   shuf3 H5: Geo. D. Sheldon Brevet [Scatter (-ed, -ing)] [West Point] Grovers [40] rounds of [General in Chief] will answer [,] you needn't wait to get more Rawlins S. H. Beckwith
F10 5883/2 no1 H12: Geo. D. Sheldon Ft Monroe [Washington] {time: 3 PM} [21] for [Gen J. M. Palmer] [.] wait at [Monroe] until I get there [,] I will lave an [Sumter] is at {time: 5 AM} [Tomorrow] [Maj Genl U.S. Grant] T. T. Eckert
   shuf1 H12: Geo. D. Sheldon Ft Monroe [Rail Road] {time: 3 PM} [21] for [Maj Gen Geo. H. Thomas] [.] wait at [Help] until I get there [,] I will lave an [Telegraph (-ed, -ing)] is at {time: 5 AM} [J. M. Shackleford] [Offensive] T. T. Eckert
   shuf2 H12: Geo. D. Sheldon Ft Monroe [In the] {time: 3 PM} [21] for [Hill] [.] wait at [Pearl] until I get there [,] I will lave an [Tombigbee] is at {time: 5 AM} [Cross (-ed, -ing)] [Wounded] T. T. Eckert
   shuf3 H12: Geo. D. Sheldon Ft Monroe [Organize (-ed, -ing)] {time: 3 PM} [21] for [Maj Gen B. F. Butler] [.] wait at [Maj Genl U.S. Grant] until I get there [,] I will lave an [Recruits] is at {time: 5 AM} [Delaware] [River] T. T. Eckert
F11 5892/0 no1 H11: Maj. Eckert [Volunteer] {time: 11.30 PM} for [President U.S.] [Washington] [.] arrived at [10] this evening [.] [Richmond] party not here [.] I remain here  {tail: [signed] . [Secretary of State] trouble North Seaford Geo D. Sheldon}
   shuf1 H11: Maj. Eckert [Department] {time: 11.30 PM} for [Battle] [President of the U.S.] [.] arrived at [10] this evening [.] [Position] party not here [.] I remain here  {tail: [signed] . [Maj Genl U.S. Grant] trouble North Seaford Geo D. Sheldon}
   shuf2 H11: Maj. Eckert [Holly Springs] {time: 11.30 PM} for [Gen Q. A. Gillmore] [Bragg] [.] arrived at [10] this evening [.] [Fight ing Fought] party not here [.] I remain here  {tail: [signed] . [General-in-Chief] trouble North Seaford Geo D. Sheldon}
   shuf3 H11: Maj. Eckert [Force] {time: 11.30 PM} for [Norfolk] [Florence] [.] arrived at [10] this evening [.] [Our pickets] party not here [.] I remain here  {tail: [signed] . [Maj Gen D. Butterfield] trouble North Seaford Geo D. Sheldon}
