(all) | Suwo Nada | 10
    ['diccionario-de-mitologia-bribri-edit-ucr'] 
       mos de un concepto fundamental: el {{{suwo}}}?. En general llamamos {{{suwo}}}” al conjunto de historias que transmiten
       anti- guo discurso del {{{suwo}}}? (Jara, Carla Victoria. 1995, Text and Context of the {{{Suwo}}}”': Bribri Oral Tradition
       refleja en el {{{suwo}}}* mediante la yuxtaposición de estos dos mundos discursivos. Por esto el {{{suwo}}}? no solo con-
    ['dli.ministry.07639'] 
       upples mn              § )  JAPAN—INLAND Bea. {{{Suwo}}} {{{Nada}}}, Northern Shore—Amendments to Charts with regard
       shoals and depths off the northern shore of the {{{Suwo}}} {{{nada}}}. Charts affected.—No. 3153, Mardyama zaki to Ominase
       (H. 2352-22.)   mene ' JAPAN—INLAND SEA. tee {{{Suwo}}} {{{Nada}}}, Northern Shore—Amendments to Charts with regard
    ['sim_the-womans-journal_1877-02-10_8_6'] 
       sixteenth, on the Messageries Imperial Steamship ‘{{{Suwo}}}-{{{Nada}}},’ and shall reach Yokohama towards the middle
       Suddenly there was a cry, ‘‘Par- ker has news of the {{{Suwo}}}-{{{Nada}}}—he is in the bowling-alley-—he will speak.” Ina
       early this morning in regard to the fate of the {{{Suwo}}}-{{{Nada}}} has been confirmed. The ship sank off Cape Idsu
    ['for-romantik-og-historie-bind-14'] 
       tilbage og vedblev fan med faſt Stemme: {{{Suwo}}} {{{Nada}}}. 537 „{{{Suwo}}}-{{{Nada}}} forlod Marſeille med fire og tyve Mand
       efter var Skuret tomt og ſtille. — Er {{{Suwo}}} {{{Nada}}}. 539 {{{Suwo}}}⸗{{{Nada}}} ligger ved Cap Idſu, i Indlobet til Bugten
       Fruen paa Soelbjerg. Af ee til 5 5 e . 43598. {{{Suwo}}} {{{Nada}}}. Forkortet efter Rudolph Lindan . 524. Brødrene
(all) | Sheldon Fort Monroe River Queen left Butler on board gone up the James Beckwith City Point January 1865 | 0
(all) | Illinois goes to sea eleven o'clock 1200 men Rawlins Morgan Beckwith January 1865 | 0
(all) | Grover forty rounds of ammunition shall I take more Rawlins Beckwith January 1865 | 0
(all) | nothing has arrived today and the end is not yet Rawlins Morgan | 0
(all) | wait at Monroe until I get there General Palmer Eckert Grant January 1865 | 0
(all) | Ord Foster relieve Grant January 6 1865 either will be good Beckwith | 0
papersofulyssess0014gran | Grover rounds ammunition Rawlins January 1865 | 0
papersofulyssess0014gran | Palmer Monroe wait Grant Washington January 1865 | 0
papersofulyssess0014gran | River Queen Illinois January 1865 | ERR HTTP Error 502: Bad Gateway
papersofulyssess0014gran | Foster relieve Ord Sheldon January 6 1865 | 0
papersofulyssess0014gran | Savannah Stanton Draper Sheridan instructions January 5 1865 | 0
be-api requests 12
