control 'Inspector difficulty Evidence Nashville': 1 hits: 9678
5845/2 q1 'Webster Sheldon ready OBrien': 6 hits: 5823 5691 5708 5735 5743 5746
5845/2 q2 'Butler headquarters Webb Vinton ready': 0 hits: 
5845/2 q3 'Sheldon Webster Knox Monroe ready': 11 hits: 5824 5833 5591 5857 5691 5708 5731 5735 5743 5746 5774
5857/2 q1 'Stanton Sheridan instructions Savannah': 0 hits: 
5857/2 q2 'Collector Draper Savannah Monroe Stanton': 0 hits: 
5857/2 q3 'Draper Sheridan expect leave afternoon': 0 hits: 
5858/2 q1 'steamer Martin Grant Monroe': 0 hits: 
5858/2 q2 'Martin Beckwith Sheldon Grant left': 0 hits: 
5858/2 q3 'Martin steamer City Point Grant Monroe': 0 hits: 
5862/0 q1 'River Queen Butler James Beckwith': 0 hits: 
5862/0 q2 'River Queen Sheldon himself same way': 1 hits: 5862
5862/0 q3 'Queen left Butler on board gone up James': 0 hits: 
5862/2 q1 'Ord Foster relieve Grant Beckwith': 0 hits: 
5862/2 q2 'relieve Foster Ord Sheldon either good': 0 hits: 
5862/2 q3 'Ord Gillmore Foster relieve Hilton': 0 hits: 
5872/0 q1 'Illinois Morgan Rawlins 1200': 0 hits: 
5872/0 q2 'Illinois sea Rawlins Beckwith Sheldon': 0 hits: 
5872/0 q3 'Illinois eighty-seven men Morgan': 0 hits: 
5872/1 q1 'nothing arrived Rawlins Morgan Beckwith': 1 hits: 5872
5872/1 q2 'Morgan Rawlins end not yet': 1 hits: 5872
5872/1 q3 'Morgan Sheldon Beckwith arrived Lieut': 3 hits: 5845 5869 5872
5872/2 q1 'Grover rounds ammunition Rawlins': 0 hits: 
5872/2 q2 'Grover forty rounds Beckwith Sheldon': 0 hits: 
5872/2 q3 'Grover Brevet more rounds take': 1 hits: 5872
5874/1 q1 'Grover rounds answer Rawlins wait': 0 hits: 
5874/1 q2 "Grover needn't wait more Beckwith": 0 hits: 
5874/1 q3 'Grover forty rounds will answer': 0 hits: 
5883/2 q1 'Palmer wait Monroe until I get there Eckert': 0 hits: 
5883/2 q2 'Palmer Eckert Sheldon Grant Monroe': 0 hits: 
5883/2 q3 'Eckert wait Monroe Palmer tomorrow': 1 hits: 7718
5892/0 q1 'Seward Richmond party not here': 2 hits: 7741 8558
5892/0 q2 'Eckert Seward arrived evening Richmond party': 1 hits: 8558
5892/0 q3 'Sheldon Eckert Seward remain here Monroe': 0 hits: 
requests 34
