volumes searched: 191
U3 5616/0 | send steamers to Cheese a peake city to meet and escort the tows down the bay | none
U3 5616/0 | canal barges average capacity | warofrebellion33unit
U3 5616/0 | steam tugs Hutchins Delany Palmer Tempest Ajax | none
U3 5616/0 | total propellers | none
U3 5616/0 | Hutchins Delany | none
U4 5656/0 tel1 | W. W. Shore is in Baltimore somewhere | none
U4 5656/0 tel1 | I want him caught and arrested and sent to me under guard | none
U4 5656/0 tel1 | he is the correspondent of the World from Baltimore as he was from here | none
U4 5656/0 tel1 | arrest him since which we have heard nothing | none
U4 5656/0 tel1 | can send you if necessary a man who knows him | none
U4 5656/0 tel2 (clear copy 4601) | we have seized Wilsons Wharf landing a brigade | privateofficialc04butl
U4 5656/0 tel2 (clear copy 4601) | Fort Powhatan landing two regiments of same brigade | privateofficialc04butl
U4 5656/0 tel2 (clear copy 4601) | Remainder of both Eighteenth and Tenth Army Corps are now being landed | none
U4 5656/0 tel2 (clear copy 4601) | apparently a complete surprise both army corps left Yorktown during last night | privateofficialc04butl
U5 5658/0 | we have as yet no official report from General Grant | none
U5 5658/0 | nothing is known of his condition except from newspaper reports | privateofficialc04butl
U5 5658/0 | in respect to the reserves mentioned in your telegram there are none at the disposal | none
U5 5658/0 | you will have to depend only upon such as may have been provided in your programme with him | none
U5 5658/0 | your despatch will be forwarded to him to apprise him of your condition | privateofficialc04butl
U5 5658/0 | your success thus far is extremely gratifying to the President and this Department | none
U5 5658/0 | Ingalls telegraphed yesterday at noon to General Meigs | none
U5 5658/0 | miles from Bermuda landing | none
U5 5658/0 | all quiet and ready to move in the morning | none
U6 5689/0 | has been entirely on the defensive | privateofficialc04butl,warofrebellion363unit
U6 5689/0 | Wise is here also | privateofficialc04butl,warofrebellion363unit
U6 5689/0 | can be defended when works are complete with | privateofficialc04butl,warofrebellion363unit
U6 5689/0 | leaving 20000 free to operate | privateofficialc04butl,warofrebellion363unit
U6 5689/0 | should not remain on the defensive | privateofficialc04butl,warofrebellion323unit,warofrebellion363unit
U6 5689/0 | a skillful use of it will aid General Grant more than the numbers which might be drawn from here | privateofficialc04butl,warofrebellion363unit
U6 5689/0 | Supplies of all kinds are abundant | privateofficialc04butl,warofrebellion363unit
U6 5689/0 | Weitzel has just been made Chief Engineer | privateofficialc04butl,warofrebellion363unit
U6 5689/0 | we would prefer taking another occasion to speak on this subject | privateofficialc04butl,warofrebellion363unit
U6 5689/0 | will remain here continuing our investigations and awaiting further orders | none
U6 5689/0 | Clingman Hoke Hunton | none
U6 5689/0 | Gracie Corse Clingman Hoke | none
U7 5759/0 | between this point and the White House | warofrebellion361unit
U7 5759/0 | were sent from Lee's army at Richmond to reinforce Jones | none
U7 5759/0 | dismounted cavalry to Gordonsville | warofrebellion361unit
U7 5759/0 | rebel cavalry under Hampton and Fitz Lee | warofrebellion361unit
U7 5759/0 | Picketts old division or a part of it | none
U7 5759/0 | went either by the canal to | warofrebellion361unit
U7 5759/0 | by way of Lynchburg to Charlottesville | none
U9 5902/0 | It is impossible that the troops in his front may receive | none
U9 5902/0 | wished me to press upon General Schofield the importance of his advance | none
U9 5902/0 | I have the honor to be very respectfully your obedient servant | historyofuniteds00bake,histsecretservice00bakerich,lewwallaceautobi00wall,officialrecords10librgoog,officialrecordso0009unse,officialrecordso0010unse,officialrecordso0011unse,officialrecordso0015unse,officialrecordso0021unse,privateofficialc04butl,privateofficialc05butl,reportsofbvtbrig00unit,warofrebellion013403rootrich,warofrebellion013404rootrich,warofrebellion014602rootrich,warofrebellion0207rootrich,warofrebellion322unit,warofrebellion323unit,warofrebellion33unit,warofrebellion352unit,warofrebellion361unit,warofrebellion362unit,warofrebellion363unit,warofrebellion371unit,warofrebellion372unit,warofrebellion384unit,warofrebellion385unit,warofrebellion392unit,warofrebellion393unit,warofrebellion402unit,warofrebellion403unit,warofrebellion414unit,warofrebellion422unit,warofrebellion423unit,warofrebellion431unit_0,warofrebellion431unit,warofrebellion432unit,warofrebellion44unit,warofrebellion452unit,warofrebellion461unit,warofrebellion463unit
U9 5902/0 | press upon General Schofield | warofrebellion431unit
U1 5568/0 (clear 10167) | conveyance of intelligence has been the cause of want of success | warofrebellion33unit
U1 5568/0 (clear 10167) | I will telegraph farther after examination of the papers | none
U2 5575/0 (clear 4483) | in case of disaster to receive prisoners or to cover retreat is this approved | warofrebellion33unit
U8 5842/0 (clear 7666) | I have no doubt they are all safely off | warofrebellion423unit
U8 5842/0 (clear 7666) | ten of whom were by the shells of the navy on our picket line near the fort | privateofficialc05butl,warofrebellion423unit
U10 5914/0 (clear 8602) | behind Town Creek where they propose to make a stand | none
U10 5914/0 (clear 8602) | only four brigades of my troops have arrived from Wilmington | none
U10 5914/0 (clear 8602) | a small force could have held them until their supplies were exhausted | warofrebellion431unit
