(all) | Suwo Nada | 10
    ['diccionario-de-mitologia-bribri-edit-ucr'] 
       mos de un concepto fundamental: el {{{suwo}}}?. En general llamamos {{{suwo}}}” al conjunto de historias que transmiten
       anti- guo discurso del {{{suwo}}}? (Jara, Carla Victoria. 1995, Text and Context of the {{{Suwo}}}”': Bribri Oral Tradition
       refleja en el {{{suwo}}}* mediante la yuxtaposición de estos dos mundos discursivos. Por esto el {{{suwo}}}? no solo con-
    ['dli.ministry.07639'] 
       upples mn              § )  JAPAN—INLAND Bea. {{{Suwo}}} {{{Nada}}}, Northern Shore—Amendments to Charts with regard
       shoals and depths off the northern shore of the {{{Suwo}}} {{{nada}}}. Charts affected.—No. 3153, Mardyama zaki to Ominase
       (H. 2352-22.)   mene ' JAPAN—INLAND SEA. tee {{{Suwo}}} {{{Nada}}}, Northern Shore—Amendments to Charts with regard
    ['sim_the-womans-journal_1877-02-10_8_6'] 
       sixteenth, on the Messageries Imperial Steamship ‘{{{Suwo}}}-{{{Nada}}},’ and shall reach Yokohama towards the middle
       Suddenly there was a cry, ‘‘Par- ker has news of the {{{Suwo}}}-{{{Nada}}}—he is in the bowling-alley-—he will speak.” Ina
       early this morning in regard to the fate of the {{{Suwo}}}-{{{Nada}}} has been confirmed. The ship sank off Cape Idsu
    ['for-romantik-og-historie-bind-14'] 
       tilbage og vedblev fan med faſt Stemme: {{{Suwo}}} {{{Nada}}}. 537 „{{{Suwo}}}-{{{Nada}}} forlod Marſeille med fire og tyve Mand
       efter var Skuret tomt og ſtille. — Er {{{Suwo}}} {{{Nada}}}. 539 {{{Suwo}}}⸗{{{Nada}}} ligger ved Cap Idſu, i Indlobet til Bugten
       Fruen paa Soelbjerg. Af ee til 5 5 e . 43598. {{{Suwo}}} {{{Nada}}}. Forkortet efter Rudolph Lindan . 524. Brødrene
(all) | all quiet and ready to move in the morning O'Brien Eckert Butler May 1864 | 0
(all) | O'Brien left General Butler headquarters miles from Bermuda landing Harrison's landing to join us | 0
papersofulyssess0010gran | Butler O'Brien Eckert telegraph May 9 1864 Bermuda | 0
(all) | Rucker will send an officer in a steamer down the Potomac stop all vessels Biggs Wise April 1864 | ERR HTTP Error 502: Bad Gateway
(all) | Wise Philadelphia April 19 1864 side-wheel boats Highland Light Tallaca Kingston Meigs Biggs Fort Monroe Eckert | 0
(all) | Van Vliet list not yet received vessels chartered for the expedition Fort Monroe April 1864 Biggs | 0
be-api requests 7
RETRY (all) | Rucker will send an officer in a steamer down the Potomac stop all vessels Biggs Wise April 1864 | 0
