volumes searched: 211
E622 head | Rucker will send an officer in a steamer down the Potomac | none
E622 head | stop all vessels first despatched | none
E622 head | you should send a vessel in to the bay to stop all bound for the Potomac | none
E622 head | change their destination to Fortress Monroe | none
E622 head | Van Vliet's list is not yet received | none
E622 head | have already orders for Fortress Monroe | none
E622 head | Captain Wise has gone to New York | none
E622 head | to join you at Fortress Monroe and assist you in the management of the fleet | none
E622 head | Highland Light | warofrebellion33unit,warofrebellion461unit,warofrebellion463unit
E622 head | Key Port | histsecretservice00bakerich,officialrecordso0011unse,privateofficialc05butl,warofrebellion014703rootrich,warofrebellion33unit,warofrebellion463unit
E622 head | Tallaca | eltenientegener00villgoog,eltenientegener01villgoog,lesoriginespolit02romi,lettresdepierre00noyegoog,warofrebellion33unit
E622 head | steam tugs are on their way to you | none
E622 head | Briggs Chief Quartermaster | none
E622 head | vessels chartered for the expedition | none
E622 head | Matilda George Weems | none
E622 head | ferry boats and tugs are on their way | none
tel2 5658/0 | I left General Butler's headquarters | none
tel2 5658/0 | miles from Bermuda landing | none
tel2 5658/0 | all quiet and ready to move in the morning | none
tel2 5658/0 | crossing at Harrison's landing to join us | none
tel2 5658/0 | I will start tomorrow all working fine | none
tel2 5658/0 | will endeavor to keep you posted | warofrebellion013402rootrich,warofrebellion013404rootrich,warofrebellion411unit,warofrebellion413unit,warofrebellion482unit
tel2 5658/0 | Harrison's Landing to join us | none
tel2 5658/0 | all working fine | warofrebellion013404rootrich
