control 'Inspector Inquiry evidence': 1 hits: 9678
5568/0a 'conveyance intelligence cause want success': 2 hits: 5568 10167
5568/0b 'examination papers conveyance intelligence': 2 hits: 5568 10167
5575/0a 'disaster receive prisoners cover': 2 hits: 5575 4483
5575/0b 'receive prisoners cover approved signs': 1 hits: 5575
5616/0a 'Hutchins Delany Palmer Tempest Ajax Freeman': 2 hits: 9713 5616
5616/0b 'Vatterland Bishop steamers Escort tows Bay': 1 hits: 5616
5656/0a 'Wilsons Wharf Fort Powhattan Kautz flag of truce': 1 hits: 4601
5656/0b 'Shore Davenport oakumed evidence Corresp': 1 hits: 5656
5658/0a 'Harrisons landing Jamestown Bermuda landing Eckert': 1 hits: 5658
5658/0b 'Ingalls reserves programme apprise condition gratifying': 2 hits: 9734 5658
5689/0a 'Clingman Hoke Walker Hunton Ransom Kemper': 1 hits: 5689
5689/0b 'Shelby Weitzell Rucker Briggs Barnard defensive': 1 hits: 5689
5759/0a 'Pickett Catawba Weldon Columbia Hampton canal': 0 hits: 
5759/0b 'Canby White House waylay dismounted': 1 hits: 5759
5842/0a 'picket line shells safely off Copy': 2 hits: 7666 5842
5842/0b 'shells picket line near our loss': 0 hits: 
5902/0a 'Edisto opposition Kitchen wished press': 1 hits: 5902
5902/0b 'opposition Edisto possible honor obedient': 1 hits: 5902
5914/0a 'Town Creek propose make a stand': 2 hits: 5914 8602
5914/0b 'exhausted Town Creek short plunge': 1 hits: 5914
requests 21
