volumes searched: 166
O9-BD | between Laurel and Beltsville | warofrebellion372unit
O9-BD | release the rebels confined there | warofrebellion372unit
O9-BD | deems reliable that a force | warofrebellion372unit
O9-BD | precaution would do no harm | none
O9-BD | precautions would do no harm | warofrebellion372unit
O9-BD | reported south of the railroad near the places named | warofrebellion372unit
O9-BD | communication is all right to Baltimore | none
O9-BD | run steamers from Havre de Grace | none
O9-BD | painful rumors | none
O9-BD | one of the staff here has received information | warofrebellion372unit
O9-CA | where A F Brengle has gone | none
O9-CA | Brengle has gone | none
O9-CA | brought down on flag of truce boat | none
O9-CA | answer immediately to me | none
O9-CA | private secretary to | despatchesinstru00fran,manuscriptsofmar00grea,memoirskingsspa00unkngoog,memoirskingsspa02unkngoog,memoirsofhoratio00coxe,officialrecordso0009unse,privateofficialc05butl,privateoffice03butlrich
O9-CA | Davenport private secretary | officialrecordso0009unse,privateoffice03butlrich
O9-CB | Brengle is in this city | none
O9-CB | I will find him and wait orders | none
O9-CB | lives in Frederick | none
O9-CC | have just found Brengle | warofrebellion0206rootrich
O9-CC | will send him down tonight | warofrebellion0206rootrich
O9-CC | will send him down to-night | warofrebellion0206rootrich
O9-CC | prisoners not yet arrived | warofrebellion0206rootrich
O9-CD | will try and get a description | none
O9-CD | put the letter in office and watch it | none
O9-CD | it will bring him | diplomaticcorres01montiala
O9-CD | he is expecting it | none
O9-CD | chief detective | historyofuniteds00bake,recollectionsofc00danauoft,warofrebellion0207rootrich
O9-CD | Hays office | none
KWIC Brengle warofrebellion0207rootrich :: rtment, C. S., 1126. Mentioned. 35, 36, 358, 947, 1114, 1126. Breokinridge. Robert J.. 365,850. Kresran, Mr., 748. Krenentan. Edward D. >V. Correspondence, \~. S. Grant, 156. Brengle, W. D. Correspondence, W. Hoffman. 853. Brenizer, A. «., 402. Brewer, W. T., 1127. Brewster, II. Correspondence, War Dept., U. S., 787, 816. Briee, Mr., 653. Bridges, Rob
KWIC Brengle warofrebellion0207rootrich :: 568, 580, 595. Baker, J. H., 1250. Banks, >'. P., 436, 447. Barnes, J., 462, 467, 674, 827, 835, 858, 962, 985, 1023. Beall, W.N. R.,809. Bonncville, B. L. E., 1024. Brengle. TV.D., 853. Broadwell, M. M.,814. Buffum, M. P., 382. Burbridge. S. G., 36. Burke, M., 134, 183, 191, 194, 389, 509, 521, 827. Butler, B. F., 2-4, 10, 16, 23, 29, 69, 70,
KWIC Brengle warofrebellion0206rootrich :: xchange. CONFEDERATE STATES OF AMERICA, WAR DEPARTMENT, Richmond, August' 1, 1863. Brig. Gen. S. A. MEREDITH, Agent of Exchange : SIR: Your communication respecting Messrs. Brengle and Brink and the members of the Sanitary Commission has been received. I will make due inquiry into the alleged facts and hereafter inform you of my conclusions. In th
KWIC Brengle warofrebellion0206rootrich :: l make due inquiry into the alleged facts and hereafter inform you of my conclusions. In the meantime allow me to say that it appears by your own communication that Mr. Brengle had just been CORRESPONDENCE, ETC. UNION AND CONFEDERATE. 167 engaged in performing service tor one of your garrisons in response to a pressing demand from one
KWIC Brengle warofrebellion0206rootrich :: Lieutenant Baker was at Fortress Monroe, the headquarters of the agent of exchange, for months. It is indeed " unaccountable." I will make inquiry as to John W. Wolsey. Brengle did not belong to the Sanitary Commission. He was arrested upon his return from a difficult and hazardous military enterprise for which he was especially employed and paid
KWIC Brengle warofrebellion0206rootrich :: the number of Union men and boys of the slaveholding States whom they hold for disloyalty to them. A few weeks ago Mr. Ould informed a Northern citizen, a Mr. Alfred Brengle, of Frederick, Md., imprisoned in the same room with myself, that they had given orders to their cavalry to take a certain number of Union men — I believe 200 — and we h
KWIC Brengle warofrebellion0206rootrich :: 33 R R— SERIES II, VOL VI 514 PRISONERS OF WAR AND STATE, ETC. come in return for the first citizens our Government should send to them. Hearing this, Mr. Brengle, referred to before, asked an inter view with Mr. Ould, and obtaining one received the reply from Mr. Quid that he would be sent also, if our Government sent any citize
KWIC Brengle warofrebellion0206rootrich :: OF VIRGINIA AND NORTH CAROLINA, December 25, 1863. Hon. ROBERT OULD, Commissioner of Exchange, Richmond: The agents of the Sanitary Commission claim that a Mr. Alfred F. Brengle, now confined at Castle Thunder, near Richmond, was employed in the Sanitary Commission at the time of his arrest; was entirely non- combatant, and ought therefore to be
KWIC Brengle warofrebellion0206rootrich :: een proposed to exchange him for a Mr. Thatcher, also a non- combatant. We have no record of such a Mr. Thatcher. We should be willing to exchange Mr. Thatcher for Mr. Brengle if he stands in similar circumstances. Will you give us means of making inquiry for Mr. Thatcher ? Will you also forward Mr. Brengle, either conditionally or unconditional
KWIC Brengle warofrebellion0206rootrich :: ng to exchange Mr. Thatcher for Mr. Brengle if he stands in similar circumstances. Will you give us means of making inquiry for Mr. Thatcher ? Will you also forward Mr. Brengle, either conditionally or unconditionally1? If we can find Mr. Thatcher, and he desires to be exchanged, 1 will send him forward. I have the honor to be. your obedient s
KWIC Brengle warofrebellion0206rootrich :: he Second North Carolina Kegimeut (Union), see Series I, Vol. XXXIII, p. 866.] BALTIMORE, February 11, 186-1 — 0.30 a. m. Major-General BUTLER, Commanding: Have just found Brengle. Will send him down to-night. Prisoners not yet arrived. JOHN E. MULFOKD, Major, &c. OFFICE COMMISSARY-GENERAL OF PRISONERS. Washington, D. C., February 11, 1864.
KWIC Brengle warofrebellion0206rootrich :: . L., 305. Breare, J. R. Correspondence, War Dept., C. S., 200, 275. Breckinridge, John C., 7, 95. Breed, Bowman B. Correspondence, C. W. Marsh, 992. Mentioned, 980-982. Brengle, Alfred F., 166, 339, 513, 514, 750, 943. Brent, George William. Correspondence, B. Bragg, 1048. See also Braxton Brayg. Mentioned, 1084. Brickley, George W. L., 662. Bridge
KWIC Davenport officialrecordso0009unse :: egram to Admiral Lee to place and fit a 150-pounder pivot carriage for the immediate disposal of Major-General Butler. H. A. Wise, Chief of Bureau. Report of Commander Davenport, U. S. Navy, regarding the disposition of vessels of his command. U. S. S. Hetzel, Off Neiv Berne, N. C., November 30, 1863. Admiral: 1 have the honor to make the
KWIC Davenport officialrecordso0009unse :: the mouth of Neuse Biver last night. B. F. Butler, Hon. G. V. Fox, Major-General. Assistant Secretary Navy. 440 NORTH ATLANTIC BLOCKADING SQUADRON. Report of Commander Davenport, IT. S. Navy, regarding capture of signal books on the U. S. S. Underwriter. U. S. S. Hetzel, Off New Berne , N. C., February 8 , 1864. Admiral: I think it quite p
KWIC Davenport officialrecordso0009unse :: sire it. I think it necessary for this matter to be attended to seriously. I am, commander, very respectfully, yours, I. N. Palmer, Brigadier- General. Commander H. K. Davenport, Senior Naval Officer, etc. [Telegram.] Fort Monroe, Ya., February 4, 1864 — 9 :30 p. m. (Received 10:45 p. m.) Last evening General Butler informed me that General Pa
KWIC Davenport officialrecordso0009unse :: Coal with all possible dispatch and hasten here for orders. Major-General B. F. Butler, Commanding , etc. S. P. Lee, Acting Rear-Admiral , etc. Report of Commander Davenport , U. S. Navy, transmitting extract of let¬ ter referring to large operations imminent in eastern North Carolina. U. S. S. Hetzel, Off New Berne , N. C., February 8, 186
KWIC Davenport officialrecordso0009unse :: respectfully, your obedient servant, John J. Peck, Major- General. Major-General B. F. Butler, Commanding Department of Virginia and North Carolina: Report of Commander Davenport, U. 8. Navy, regarding affairs off New Berne, N. C. TJ. S. S. Hetzel, Off New Berne , N. C., February 12, 1864. Admiral: The enemy attempted to reconnoiter our posit
KWIC Davenport officialrecordso0009unse :: y, your obedient servant, Benj. F. Butler, Major- Genera I, Commanding. Acting Bear- Admiral S. P. Lee, Commanding North Atlantic Blockading Squadron. Order of Commander Davenport, U. S. Navy, to Commander Benshaw, U. 8. Navy, urging vigilance against the enemy. U. S. S. Hetzel, Off New Berne , N. C., February 17, 1864. Sir: Be on the constant
KWIC Davenport officialrecordso0009unse :: high water. General Butler remarks, however that he does not much believe in either ram. Respectfully, yours, S. P. Lee, ,, n ^ Acting Rear-Admiral. Commander H. K. Davenport, U S. S. LLetzel, New Berne, N. C. Letter from Major-General Butler, TJ. S. Army, to Acting Rear-Admiral Lee, U. S. Navy, regarding the transfer of Fort Norfolk to th
KWIC Davenport officialrecordso0009unse :: J. A. Judson, assistant adjutant-general, April 19; 2, from Major-General Peck to Major-General Butler, April 20, 12 m. ; 3, same to same, 12:30 p. m.; 4, from Commander Davenport to myself, April 20, 12 m. The draft of the ram is not known and it may not be able to pass Croatau Sound. The Tacony , Lieutenant-Commander Truxtun, a good officer,
KWIC Davenport officialrecordso0009unse :: at Washington (as reported on the 15th instant) . 288 Total . 1,387 Y ery respectfully, sir, your obedient servant, E. Mellach, Pay Officer in Charge. Commander H. K. Davenport, U. S. Navy. NORTH ATLANTIC BLOCKADING SQUADRON. 713 Letter from Major-General Butler , V. S. Army , to Acting Rear-Admiral Lee , U. S. Navy, transmitting letter from
KWIC Davenport officialrecordso0009unse :: In commission . 809, 810 Under construction . ^98 Construction of Confederate ram on. Communications from Butler, Benj. F . - . . . 491 Lee, S. P . 490>502 Reports of Davenport, H. K . 481, 488, 505 Flusser, Charles W . 464 Lee, S. . . 162,325,489 Operations on. Communication from H. K. Davenport . 212 Reports of Davenport, H. Iv . 472 Mac
KWIC Davenport officialrecordso0009unse :: Schooner, destruction of ; Underwriter, U. S. S., capture and destruction of, February 2, 1864; Wilkinson’s Point, N. C. New Berne, N. C. Affairs at. Reports of H. K. Davenport . 468, 480, 481, 50o, 521 Attack on, by Confederates, and naval operations in defense of. Communications from Butler, B. . . 456 Lee, S. . . - . _ 456 Palmer, I. . .
KWIC Davenport officialrecordso0009unse :: n, by Confederates, and naval operations in defense of. Communications from Butler, B. . . 456 Lee, S. . . - . _ 456 Palmer, I. . . 4®4> 4^*7 Orders and instructions. Davenport, H. Iv . 4^^ Lee, S.P . 457 Later TJ. S. S. Neptune. 880 INDEX. New Berne, N. C. — Continued. v Page. Attack on, by Confederates, and naval operations in defense
KWIC Davenport officialrecordso0009unse :: , 509, 547, 554, 555, 568, 579, 580, 605, 633, 634, 696, 719, 720 Operations in waters of. Amount of coal on band . 712 Communications from Butler, Benj.F . 352,491,716 Davenport, H. K . . 454, 471 Flusser, Charles W . 244,299 Lee, S. P . 490 Peck, John J . 260, 666 Orders and instructions. Davenport, H. K . . 260, 491 Lee, S. P . 118, 139,
KWIC Davenport officialrecordso0009unse :: nications from Butler, Benj.F . 352,491,716 Davenport, H. K . . 454, 471 Flusser, Charles W . 244,299 Lee, S. P . 490 Peck, John J . 260, 666 Orders and instructions. Davenport, H. K . . 260, 491 Lee, S. P . 118, 139, 174, 472, 708, 711 Navy Department, U. S . 714 Reports of Blake, Homer C . 477 Davenport, H. K . , . 26, 54, 470, 483, 488, 6
KWIC Davenport officialrecordso0009unse :: , 642 Communications from Benj. F. Butler . 649, 650 General order of John J. Peck . 649 Reports of Barrett, G. W . 643 Clark, William W . . 647 Cooke, J. W . 656 Davenport, H. K . 638, 646, 648 Flusser, Charles W . 634, 636, 637 Foster, H. H . 635, 646 Hackett, Frank W . - . 638 French, Charles A . 638, 640-642 Lee, S. P . 636, 647,
KWIC Davenport officialrecordso0009unse :: ; Whitehead, U. S. S., Ab¬ stract log, pp. 793, 794. Threatened attack upon, by Confederates, and measures for defense. Communications from Butler, Benjamin F . 332,470 Davenport, H. Iv . 93,535,662 Flusser, Charles W . 286, 299, 309, 327 Foster, J. G . 270, 271 Lee, S. P . 470,498,508 Peck, John J . . . 302, 628 Wessells, H. W . 93, 569, 628
KWIC Davenport officialrecordso0009unse :: INDEX. Roanoke River, North Carolina — Continued. v ' Page. Construction of Confederate vessels od, and efforts to prevent. Communications from Butler, Benj.F . 384,491 Davenport, H. K . 134,535 Flusser, Charles W . 134, 230, 286, 309, 327 Foster, J. G . 180 ■Lee, S. P . 164, 296, 308, 502, 508, 559, 576, 584 Navy Department, U. S . 202, 610
KWIC Davenport officialrecordso0010unse :: Division . * . 397 345 Correspondence with Bankhead, J. P . 444 Butler, B. F . 263, 267, 335 Campbell, D. A . 231 Chambers, D. W . 267 Glitz, J.M.B . 291,329,334,346 Davenport, H. K . 17, 31, 32, 34, 48, 115, 121 Davis, John L . . . 337 479 Dewey, George . 263,278,282,291 107, 108 .. 309 Foster, H. H. . 57 French, James S . 31g Graham
KWIC Davenport privateofficialc04butl :: BENJAMIN F. BUTLER 75 settled on my return. Say to Mrs. Parton, she might see things here quite worthy of her pen. From General Butler April 14> 1864 A. V. Davenport, ££ Court St., Brooklyn, N. Y. Your son had nothing to do with the article in question, save to find out the rascal who wrote it. Benj. F. Butler, Maj. Gen. Comdg.
KWIC Davenport privateofficialc04butl :: g back on two roads between the railroad and P ' Q. A. Gillmore From General Butler n , ^ May 16, 1864, 9.30 a.m. General Gillmore Why falling back? Lieutenant Davenport reports no fight- ing at Ware Bottom Church nor on our right. I sent him back to see and report. Benj r Butler Official Records, Series I, Vol. 36, Part II, p. 835.
KWIC Davenport privateofficialc04butl :: with them. „ -& -n hj • n Benj. F . Butler, Maj. Gen. From General Butler Hd. Qrs. Dept. Va. and N. C, in the Field, June 15th, 1864 Lieut. Gen. Grant Lieut. Davenport, acting as my Secretary, has just re- turned from Gen. Smith's front. He holds a line of from two miles to the left of the Jordan Point Road to the Appomattox, five mi
KWIC Davenport privateofficialc05butl :: rd, Watson's com- pany, to New York. They can turn out in good weather 1-2 dozen of the best orderlies and their horses and report to me there. Haggerty, Manning (?), Davenport will come with you. Bring my trunk and black suit. Ask Mrs. Butler for it. You can come round with her if you choose. Benj. F. Butler LETTERS OF GEN. BENJAMIN F.
KWIC Davenport privateofficialc05butl :: 20th day of May eighteen hundred sixty-four. Witnesses: Maj. Gen'l. Q. A. Gillmore, Maj. Gen I. Benj. F. Butler, Col. Ed. W. Serrell, 1st U. S. Engineers, Lt. John I. Davenport, Lt. A. D. C, Parke Godwin, Esq., Ed. N. Y. Evening Post, Lt. Col. E. W. Smith, A. A. G. Dept. of Va. iScN.C. From Colonel Shaffer to General Butler Freeport, June
KWIC Davenport privateofficialc05butl :: otism and honor which inspired their own hearts to uphold the Union in this bitter struggle for its life. Believe me. Most truly yours, Benj. F. Butler From John I. Davenport to General Butler Private. New York, Nov. ilst, 1865 [Not in chronological order] My dear General: You will recollect that before leaving Lowell I mentioned to you tha
KWIC Davenport privateofficialc05butl :: With all our regards to Mrs. Butler and Miss Butler, we remam, Entirely yours, Jas. and every other Parton 500 LETTERS OF GEN. BENJAMIN F. BUTLER From John I. Davenport to General Butler Private. Norfolk, January 11th, 1865 Dear General: The "Baltic" has arrived this a.m. from off Wilmington and announces the capture of Fort Fisher on
KWIC Davenport privateofficialc05butl :: rocure all the evidence possible. Please send me pass here in care of General Shepley. Awaiting an answer, I remain as ever at your command. Truly your friend, John I. Davenport From John I. Davenport to General Butler Private. Norfolk, January 18th, 1865 Dear General: Yesterday was a hard day here — all of your enemies, and particularly a
KWIC Davenport privateofficialc05butl :: possible. Please send me pass here in care of General Shepley. Awaiting an answer, I remain as ever at your command. Truly your friend, John I. Davenport From John I. Davenport to General Butler Private. Norfolk, January 18th, 1865 Dear General: Yesterday was a hard day here — all of your enemies, and particularly a large number of naval of
KWIC Davenport privateofficialc05butl :: ookout then and try it there, if I receive the pass I wrote you in relation to, yesterday. Please send it on to me at once. Truly your friend and servant, John I. Davenport From D. D. Bulman to General Butler Office Provost Marshal, Fort Monroe, Va., Jan. 18, 1865 Dear Sir: I cannot describe my regret at your leaving the Dept. I shall l
KWIC Davenport privateofficialc05butl :: S OF GEN. BENJAMIN F. BUTLER 535 From General Butler Lowell, February Uh, 1865 Hon. C. A. Dana, Asst. Secretary of War Sir: This note will be handed you by Mr. Davenport, my Sec'y> of whom I spoke to you while in Washington. If you will please furnish him with a pass and such authority as may be necessary to have to visit the Rebel G
KWIC Davenport privateofficialc05butl :: at the remainder of the garrison (the 36th N. C.) was at Savannah, and remained there until the time of its evacuation — that he, himself, was there with them. John I. Davenport, Secy, to Maj. Gen'l. Butler From James A. Garfield to General Butler Headquarters, Washington, D. C, February ith, 1865 Dear Sir: After presenting my congratulations for
KWIC Davenport privateofficialc05butl :: F. Butler LETTERS OF GEN. BENJAMIN F. BUTLER 561 From Geo. S. Boutwell to Major General Butler Confidential. Washington, March 3rd, 1865 My dear General: Lieut. Davenport called upon me this morning with letters. Mr. McCulloch is to be Secretary of the Treasury, and this much is no doubt decided. Of course my name is now out of the que
KWIC Davenport privateofficialc05butl :: , but that he should parole him to go through the lines for the purpose of effecting Mr. Richard- son's exchange in accordance with my views as expressed to him. Lieut. Davenport further says that Mr. Pollard, becoming aware of some technical diflBculty in the matter, stated to Col. Mulford that his understanding with Gen'l. Butler was that he was
KWIC Davenport privateofficialc05butl :: fore sanctions this publication about me, specially when that Commander has already under- taken to regulate — {remainder of letter missing) [Benj. F. Butler] From John I. Davenport to General Butler Lowell, Mass., April 3rd, 1865 My dear General: To-day we get the news that Rich- mond is taken, and great is the excitement here; but it occurs to
KWIC Davenport privateofficialc05butl :: indeed. Please remember me to Mrs. Butler kindly, and believe me. General, to be, i^ . • ? 7 ^ j- n Most sincerely and gratejuUy yours, John I. Davenport From General Weitzel to General Butler In the Fields, 3 miles west of Petersburg, Virginia, April IQth, 1865 [Not in chronological order] My dear General: I received you
KWIC Davenport privateofficialc05butl :: may make one and send you for the use of the House. Very respectfully. Your obdt. Servt., [B. F. B.|] Same letter to Col. J, W. Forney, Clerk of Senate From John I. Davenport to General Butler Washington, D. C, December 3rd, 1865 My dear General: I think before you come to Washing- ton, or when you do, you will need to have with you, or a
KWIC Davenport privateofficialc05butl :: ever your friend and never more so than when you are abused and villijied by those who owe you something for their position — as does Grant. Very truly yours, John I. Davenport Address me care Hon E. D. Morgan, U. S. Senate, Washington, D.C. 1 General Butler organized the U. S. Bunting Co. 682 LETTERS OF GEN. BENJAMIN F. BUTLER From G
KWIC Davenport warofrebellion33unit :: d water. He reports 10,000 to 12,000 at Hamilton, and asks for 5,000 fresh troops and the steamer Commodore Perry. The Perry is not here, but I will suggest to Commodore Davenport to send the Tacony temporarily. Very respectfully, your obedient servant, JOHN J. PECK, Major- General . Maj. Gen. B. F. Butler, Commanding, &c. Chap. XLV.] CAPTURE OF
KWIC Davenport warofrebellion362unit :: For correspondence as Chief of Staff, see Benjamin F. Butler. Shaler, Alexander. Mentioned 361, 362, 421, 480, 966 Sharpe, George H. Correspondence with Cline, Milton W 599 Davenport, John 1 347,373 ilio INDEX. Page. Sharpe, George H.— Continued. Correspondence with Hancock, Winfield S * 334 Meade, George G 372, 597, 699, 813, 842, 865, 907, 908 Menti
KWIC Davenport warofrebellion403unit :: oned 488 Dandy, George B. Mentioned 738 Danforth, E. M., Mrs. Correspondence with U. S. Grant 326 Mentioned 399 Daniels, Percy. Mentioned 734 Danks, John A. Mentioned 731 Davenport, John I. For correspondence as A. A. D. C., see Benjamin F. Butler. Davies, Henry E., jr. Correspondence with David McM. Gregg 198, 286 Mentioned 167, 183, 184, 191, 736 D
KWIC Davenport warofrebellion432unit :: will be at 300 on the day of election. BENJ. E. BUTLER, Major- General. Headquarters District State of New York, New Yorlc City , November 6 , 1864. Lieut. John I. Davenport, Aide-de-Camp , the., Fortress Monroe: Major-General Butler directs that you report here in person immedi¬ ately. EDWARD W. SERRELL, Colonel of Engineers , Acting Chief of
KWIC Davenport warofrebellion432unit :: C., see Georye E. Gordon. Darling, Daniel H. Mentioned . 514 Darnall, William W. Mentioned . 513, 855 Dasmond, William. Mentioned . 760 Davant, Philip E. Mentioned . 928 Davenport, John I, Correspondence with Benjamin F. Butler . 558 INDEX. 991 * Page. Davidson, Henry B. Mentioned.. . 880,914,939 Davis, - . Mentioned . 844 Davis, Alexander M. M
KWIC Buell lincolnintelegra00bates :: ittsburgh, Pa., May 1, 1907. One day early in June, 1864, I was ordered to Wilming- ton, Delaware, on special duty for my Battery. While there I happened to meet Martin Buell, who had charge of the military, telegraph-line down the Eastern shore leading to Fort Monroe. In a brief conversation he learned that I was a telegraph-operator and he r
KWIC Buell lincolnintelegra00bates :: this apparently casual re- mark bore fruit is shown by the following correspondence: 46 WAR DEPARTMENT TELEGRAPH OFFICE "Fort Delaware, June 7, 1864. "Mr. M. V. B. Buell, Wilmington. "Sir: If you design endeavoring to have J. W. Boyd of this command transferred elsewhere I would respectfully state that it will be impossible for me to spa
KWIC Buell lincolnintelegra00bates :: im to enter the U. S. Military Telegraph Corps. He will be borne on his Company Rolls as on furlough and will report in person without delay for duty to Mr. M. V. B. Buell at Dover, Del. "The quartermaster will furnish the necessary trans- portation. "By order of the Secretary of War. "E. D. Townsend, Asst. Adjt. Genl." I served on this
KWIC Buell lincolnintelegra00bates :: obert, 344 Arnold, Samuel, 379 Atlantic Cable, 257 et seq. Atwater, Henry H., 253, 265 Atzerodt, George A., 83, 370 et seq. Brough, John, 136, 401 Brown, Samuel M., 14 Buell, M. V. B., 47, 212 Burnside, Ambrose E., 58 et seq., 287 Burt, Silas W., 190 Bushnell, C. S., 247 Butler, Benjamin F., 19, 21, 28, 86 B Baker, Edward D., 93 et
KWIC Beltsville warofrebellion372unit :: . Baltimore and Ohio Railroad Depot, Washington, Jidy 12, 1864. (Received 3 p. m.) Hon. Edwin M. Stanton, Secretary of War : Our ballast engine has just come in from Beltsville. Trainmen report that rebels in force were in siglit when tliey left. Our forces ready to receive them. Rebels fired at engine, but it v/as out of range. Beltsville is
KWIC Beltsville warofrebellion372unit :: from Beltsville. Trainmen report that rebels in force were in siglit when tliey left. Our forces ready to receive them. Rebels fired at engine, but it v/as out of range. Beltsville is twelve miles distant from Washington and is a station on our road. G. S. KOONTZ. Baltimore, Hon. Montgomery Blair, Postmaster- General : Md., July 12, 1864. (Rece
KWIC Beltsville warofrebellion372unit :: front, brings a report from the officer commanding the cavalry on the Baltimore pike that he had been driven in, and that the enemy are- in force two miles this side of Beltsville making for railroad. I learned unoffi¬ cially that General Meigs is in command of the line in my front. I ought to know whom I may have to support, and everything calc
KWIC Beltsville warofrebellion372unit :: ging intelligence from the commanding officer of the outside pickets that the enemy were approaching in force in this direction. They are now about two miles this side of Beltsville, which is five miles northeast of here. T. S. PADDOCK, Commanding Post. Washington, July 12, 1864 — 2.30 p. m. Capt. T. S. Paddock, Comitianding Fort Lincoln, D. C. :
KWIC Beltsville warofrebellion372unit :: ave the honor to report that a scouting party just returned reports that they met a. force of the enemy’s cavalry with artillery about three miles above this place toward Beltsville. I am, very respectfully, your obedient servant, C. DURLAND, Major 17^/i Pennsylvania Cav., Comdg. Detach. Hdqrs. Dept, of Washington, 22d Army Corps, Jidy 12, 1864.
KWIC Beltsville warofrebellion372unit :: no information from them, except that they belonged to Bradley Johnson’s command. At 5 p. m. yesterday our bridge, at Laurel, as well as the track between that point and Beltsville, was all right. • GEO. S. KOONTZ. Camden Station, Md., July 13, 1864—5.35 p. m. Hon. E. M. Stanton, Secretary of War: A hand-car with some of our men, and an engi
KWIC Beltsville warofrebellion372unit :: my cav¬ alry pickets just reports the enemy beyond Bladensburg as having gone toward Silver Spring this morning. The officer was at Brown’s Tavern, one mile this side of Beltsville, when he sent the dispatch. Very respectfully, Q. A. GILLMORE, Major-General. Washington, July 13, 1864—11 a. m. Major-General Gillmore, Fort Lincoln, D. C. : Fifteen
KWIC Beltsville warofrebellion372unit :: 10.55 p. m.) Maj. Gen. H. W. Halleck : Lieut. Col. M. Brewer, Seventh Michigan, reports, in obedience to your orders, as follows : I proceeded from Camp Stoneman to Beltsville, and some of my scouts have been to the Relay House. 1 found no enemy in that direction. Bradley Johnson, with about 2,000 mounted men, was on that road yesterday, and
KWIC Beltsville warofrebellion372unit :: ity Point: One of the staff here has received information, which he deems reliable, that a force of rebel cavalry crossed the railroad to Wash¬ ington between Laurel and Beltsville, with instructions to go to Point Lookout and release the rebels confined there. Precautions would do no harm. A rebel force is reported south of the railroad near the p
KWIC Beltsville warofrebellion372unit :: fifty colored troops and 200 sailors, who arrived yesterday, were put in the forts here. Communications via pike with Frederick. Rebels reported crossing the railroad near Beltsville to go and release pris¬ oners at Point Lookout. Do not rely on the report. I have notified the people, through the Governor, that the militia will not be needed here n
KWIC Beltsville warofrebellion372unit :: ow ; it left at 6 p. m. At noon yesterday the rebel column passed scout below Laurel, going on the Rockville road ; column was one hour in passing him. It divided at Beltsville, one branch going toward Washington, one branch toward lower part of Prince George’s County. Scout thinks it united at Bladensburg this morning. Four hundred to 500 mules
KWIC Beltsville warofrebellion372unit :: oing toward Washington, one branch toward lower part of Prince George’s County. Scout thinks it united at Bladensburg this morning. Four hundred to 500 mules were taken at Beltsville. WM. W. HENRY, Colonel, Commanding Forces. Relay House, July 13, 1864. Major-General Wallace : Just arrived. Communication open to Frederick. Will report in person soon.
