'few remaining': 7 hits: 2213 4184 10362 5829 3237 7750 9520
'fleet remaining': 4 hits: 4601 5829 3237 3238
'fleet last night': 14 hits: 6906 4601 5829 10393 13372 7609 2573 4459 9151 8545 3641 6848 5727 13524
'presume evening': 7 hits: 5829 7630 3003 5724 4129 12947 3695
'ingalls fleet': 4 hits: 5829 2917 9142 8966
'jersey battery': 5 hits: 5639 5640 4529 4543 2690
'spared defences': 5 hits: 2778 4529 4533 4826 10314
'spared defenses': 0 hits: 
'pleased ordered': 4 hits: 9008 5605 4529 9693
'direct forward': 34 hits: 13529 4583 12124 4027 10343 4207 9729 2725 6935 3750 3752 4647 2774 5605 8725 2959 4682 2962 8737 5013 4445 2843 3617 3270 7402 2137 9882 7819 4529 5111 2660 4799 9233 2677
'millions rations': 3 hits: 4676 8796 8613
'head cattle': 23 hits: 5783 6078 5807 7664 7546 7548 2926 5225 5484 3831 6158 4676 9135 6202 8767 2836 5943 5724 9211 4128 4540 6869 7142
'cattle white house': 5 hits: 9750 4676 5724 8975 5756
'commissary taylor': 2 hits: 5724 4530
'small commissary': 7 hits: 2739 7220 8534 4369 5724 8848 12088
'court martial': 19 hits: 6075 9271 5456 5573 8283 3203 10160 10060 13634 7724 5524 5528 8011 7635 11902 2851 10278 12069 10297
'dewey': 1 hits: 5814
'witness leave': 5 hits: 5814 5456 10114 2554 4413
'squadron leaving': 3 hits: 5814 6157 4795
'taylor dewey': 1 hits: 5814
requests 24
