volumes searched: 167
E310 | W. W. Shore | none
E310 | WW Shore | none
E310 | correspondent of the New York World at Baltimore | none
E310 | whom I sent away from this department | none
E310 | his articles are giving aid and comfort | none
E310 | found in the Richmond papers that his articles | none
E311 | outpost near Suffolk was evacuated | none
E311 | retreated to Bowers Hill | none
E311 | left his key behind | none
E311 | not thought the enemy will attack the present position | none
E312 | office at White House will be kept open | none
E312 | kept open for some days yet | none
E312 | building party ready to go to Jamestown | none
E312 | can not be taken down till then | none
E312 | cannot be taken down till then | none
E313 | arbitrary words should be used | none
E313 | time should never be left out | none
E313 | careful in punctuation | none
E313 | without being timed | none
E313 | important words open | none
KWIC Shore warofrebellion33unit :: ned 994 For correspondence as A. A. G., see Adjutant- General’s Office , U. S. A. Virginia, C. S. S. Mentioned 567,1127 Virginia, Eastern Shore of. Raid on, March 5, 1864. Communications from Lee, Fitzhugh 232 Lee, Robert E 232 Lockwood, Henry H 644 Stuart, J. E.B 232 War Dep
KWIC Homans officialrecordso0009unse :: f. Troops immediately commenced disembarking. At 3: 50 all soldiers ashore. At 10 a. m. second cutter, in charge of Acting Ensign C. A. Homans, went on shore, in company with the second cutter from the Commodore Morris and a detachment of 25 infantry in charge of captain of vo
KWIC Homans officialrecordso0009unse :: ard reports of Acting Master W. It. Hathaway, temporarily in command of the Commodore Jones, and also report of Acting Ensign Charles A. Homans. I regret that I have to report the death of Acting Master Commanding Hotchkiss, shot by guerrillas and killed instantly, the shot passi
KWIC Homans officialrecordso0009unse :: I arrived at 8:30 p. m. After making signal for the General Putnam, which she answered., 1 sent the second cutter, in charge of C. A. Homans, acting ensign, to search for her. After a fruitless search of three hours he returned, when I immediately ordered away the first and s
KWIC Homans officialrecordso0009unse :: at 10:35 the first and second cutters left the vessel, the first under the charge of Acting Ensign Adams, the second of Acting Ensign Homans. I directed Mr. Adams to go close inshore about a mile below Smith’s, the reported place of embarkation, and to remain there until half
KWIC Homans officialrecordso0009unse :: at side of the river, and at 2 a. in. to start for the vessel across the shoals, provided he heard nothing from the other boats. Mr. Homans, in the second cutter, was directed to station himself on the edge of the shoal just above Boykin’s Wharf, where it was reported that
KWIC Homans officialrecordso0009unse :: th C. S. ram Albemarle, May 5, 1864 . 742 Holden, Joe. Mentioned . 43g Holden, William. Mentioned . 464 Holmes, Schooner. Mentioned . 9 Homans, Charles A. Mentioned . . . 63,160,359,360 Homer, Charles W. Report of ammunition expended by U. S. S. Minnesota, August 23, 1863 . . 170
KWIC O'Brien lincolnintelegra00bates :: like of the laws and customs of civilized people." On October 22, the day before the time fixed for the execution, my comrade, Richard O'Brien, was approached by a man who said that if he would anticipate a telegram which was hourly expected from President Lincoln granting a re
KWIC O'Brien privateofficialc04butl :: Norton, Captain, letter from B. to, 366 Nottoway, 357 Nottoway Bridge, 188 O Oath of Allegiance, the, 18-21, 54, 55, 569, 578, 581 O'Brien, Richard, orders from B. to, 166 O'Connor, Major, 13 Officer in charge Pontoons belonging to Army of Potomac at Bermuda Land- ing, lett
KWIC O'Brien militarytelegraph01plumrich :: fi,delity, ''strong as proof of holy writ." Samuel Brown was sent to the Navy Yard. The Government arsenal was sub- sequently connected. O'Brien was stationed at the Baltimore & Ohio Railroad depot, in Washington, which for some time was also army head - quarters. A vision of n
KWIC O'Brien militarytelegraph02plumrich :: ex- ertions to render them of service to the Government," Operat- ing in this district at this time were John D. Tinney, at City Point; O'Brien and Nichols, at Butler's head-quarters; H. N. Snow and W. H. Wilson, detailed from Ohio regiments, at Ber- muda Hundred; O. B. Vincent,
KWIC O'Brien militarytelegraph02plumrich :: on across the Appomattox, where Maynard A. Huyck was sta- tioned part of the time. At Butler's head-quarters, Bermuda Hundred, were Richard O'Brien, J. H. Nichols and Maynard Huyck; at General Grant's, City Point, C. H. Beckwith, cipher operator, J. D. Tinney, manager and F. T. Bick
KWIC O'Brien militarytelegraph02plumrich :: dent of Construction, Department of the Potomac ; Frank Stewart, Cipher Clerk, War Department ; George W. Baldwin, War Department ; Richard O'Brien, Chief Operator Department North Caro- lina ; George D. Sheldon, Chief Operator Fortress Monroe, Va.; M. V. B. Buell, Chief Operator Arm
KWIC punctuat lincolnintelegra00bates :: nt and effective manner. 122 LINCOLN IN TOUCH WITH ARMY During the entire war, the files of the War Department telegraph office were punctuated with short, pithy despatches from Lincoln. For instance, on May 24, 1862, he sent ten or twelve to various generals; on May 25, as m
KWIC arbitrar lincolnintelegra00bates :: arbi- traries, the former indicating the number of lines and columns and the route or order in which the messages might be written, the arbitrary words being used to represent names of places and persons. When an important despatch was intrusted to a cipher-operator for transmission
KWIC arbitrar lincolnintelegra00bates :: 3 LINCOLN IN THE TELEGRAPH OFFICE To the President, cabinet officers, and leading generals two, three, and in some cases half a dozen arbitrary words were assigned, so that in any despatch prepared for transmission it would not be necessary to use a given word more than once.
KWIC arbitrar militarytelegraph01plumrich :: atic politicians during that campaign, and says that they included all classes of telegraph ciphers, viz. : 1. Words or letters having an arbitrary signification ; 2. Numbers representing words or letters ; 3. Words or letters having their usual signification, but standing in a false
KWIC arbitrar militarytelegraph01plumrich :: ated that the United States military telegraph ciphers rarely, if ever, were confined to either class alone, but usually were composed of arbitrary words (first class) and words in their or- dinary sense but in a false position (third class), intenningled with meaningless words whose
KWIC arbitrar militarytelegraph01plumrich :: ciphers. In the East, department ciphers were used which were modeled after the general plan of these, but difiered mainly in routes and arbitraries. Cipher No. 6 may be said to be merely an elaboration of the first one. Its column routes and general order of arrangement were th
KWIC arbitrar militarytelegraph01plumrich :: commencement words indicated the number of lines^ and there were key words for as many as twenty lines. These ciphers contained many new arbitraries. When General John H. Morgan captured operator Brooks and his copy, at Gallatin, Tennessee, in August, 1862, these keys were abandoned.
KWIC arbitrar militarytelegraph01plumrich :: e respective squares as numbered, discarding, however, one blind or check word wherever X follows a number. The result, after translating arbitraries which are printed above in italics, is as follows : ^ ^,? ■ / d>e^^^^^ ' 52 THE MILITARY TELEGRAPH DURING THE Washington, 1
KWIC arbitrar militarytelegraph01plumrich :: e used ; or some word indi- cating more columns, with two other words meaning fewer lines. In this cipher there were nearly nine hundred arbitrary words. For example, "Adam "meant Maine, " Arno " Arkansas, etc.; " apple " Fort Sumter, " animal " Fort Monroe, etc. ; " Berlin " Re
KWIC arbitrar militarytelegraph01plumrich :: was added at the end of each column. No. 2 cipher was arranged on precisely the same principle, differ,ing only in the significance of arbitraries, key-words and line indicators. This was not, however, so generally held as No. 1. One illustration will sufficiently explain both :
KWIC arbitrar militarytelegraph01plumrich :: ninth, down the first, up the sixth, down the fourth, up the eighth, down the seventh, and up the fifth, we find by translat- ing the arbitraries and correctly spelling purposely misspelled words (such as byrne for burn, hare for hair), that the forego- ing cipher resolves itself
KWIC arbitrar militarytelegraph01plumrich :: m at Vicksburg. Ciphers No. 3, 4 and 5. No. 3 was the first of a series of three ciphers, numbered 3, 4 and 5. Quite a number of arbitrary words and their significa- tion used in No. 3 were suggested by S. H. Beckwith, who had carefully noted down many important words and
