None | "Emory Round" | 10
  id announcements191920morg|bc96f50f9adb7eee300a25b92b03e7664baa99e1
    No. 44 East Saratoga Street, Rev. J. {{{Emory Round}}}, principal. The school was at first designed
    Alumni Association has estab- lished the J. {{{Emory Round}}} Scholarship Fund in honor of the first
  id officialminutes1859meth|c6aa67b5afeb80b621434436e66b3e45ea70f1b8
    Samuel Jackson, Nathaniel Fellows, J. {{{Emory Round}}}, Hiram P. Satchwell, Charles S. Rogers
    be supplied. Mendon and Franklin.. .J. {{{Emory Round}}}. Westboro' To be supplied by Joseph C
  id officialminutes1860meth|adffdee4e8a45dcb958093d57c162c29e38270f1
    Winslow. i7. Who remain on Trial? J. {{{Emory Round}}}, TVm. Merrill, B. F. Reeve, John Peterson
    Roxbury Fales H. Newhall. Jamaica Plain J. {{{Emory Round}}}. Dorchester Zachariah A. Mudge. Quincy Point
  id officialminutes1890meth|e171e614038e7414b1030d2cc413c76f6c7a3a36
    his last words. E. S. BEST. JOHN {{{EMORY ROUND}}}. John {{{Emory Round}}} was born in Winfield, N.Y.,
    N. Richardson. Chas. S. Rogers — 1. J. {{{Emory Round}}}. Joseph Scott. F. K. Stratton — 1. W.
None | "Chaplain White" "Providence Conference" | 5
  id sim_zions-herald_1870-04-14_47_15|f1b1dc264a8fa8a5aeb08184549b9b2f1751f7e9
    demonstrate the cure for this threatened evil.’ {{{Chaplain White}}}, of Fort Saunders, said : “‘ He never witnessed
    the same time. Rev. Warren Emerson of the {{{Providence Conference}}}, also, almost another half-century member
  id bad1024.0001.001.umich.edu|6bc4c08cf99736e10ab333d1d59f445dacd07c62
    six months and in 1853 Joined the {{{Providence Conference}}} and was stationed at South Manchester
    the regi- mental staff. May 5, 1864, {{{Chaplain White}}} was helping the boys with a twelve-pound
  id portraitbiographmi00chic|c4781dae18ce134765c3bd6992b56ca41da19b7d
    six months and in 1853 joined the {{{Providence Conference}}} and was stationed at South Manchester
    the regi- mental staff. May .5, 1864, {{{Chaplain White}}} was helping tlie boys witli a twelve-pound
  id portraitandbiog00revogoog|0e7f4a1f10a4f2f38df7a14c0ddc459a12062192
    six months and in 1853 joioed the {{{Providence Conference}}} and was stationed at South Manchester
    reduced the regi- mental staff. May5, 18G4, {{{Chaplain White}}} was helping the boys with a twelve-pound
None | "terrific naval engagement" Albemarle | 10
  id civilwarnewspape0000boss_l7k3|3ef4e3e87ce3e4f80b3ce8cbb454fdd314a5c60b
    showing the new points of military operations on {{{Albemarle}}} Sound. Scale c. 1:1,600,000. 15 x 22 cm. (Note:
    location of the island.) March 19, 1862. Map of {{{Albemarle}}} and Pamlico sounds, and the seat of war in North
  id zoologica252619221923newy|3482a2c33b783c1359f0bdb9cdba96514d8f45e6
    mous. The reef often resembles a {{{terrific naval engagement}}}, white waves following the line
    Bowsprit A Rough Day at Sea Tagus Cove, {{{Albemarle}}} A Sandy Cove in the Galapagos The Lava
  id fatefullightning00stra|861bbe9e4d9452a4a39b616623993519104449ed
    which I had sent Cushing to blow up the {{{Albemarle}}} a few weeks previous. After the destruction
    considerably. Thus ended the most {{{terrific naval engagement}}} of the war. 148 MEN AT WAR— THE
  id isbn_9781599210179|302ff074b82972e6709549c4e79c2cbe334a84f3
    Astern, to the south, lay the dim shape of {{{Albemarle}}}, one of the Galapagos Islands. The largest
    the Essex. The three had set sail from {{{Albemarle}}} Island to search for other British whalers
papersofulyssess0012gran | Webster Rucker steamers | 1
  id papersofulyssess0012gran|779182d8c383c11fa72fc5f74ca1105613c5c6f1
    despatch received. Col {{{Webster}}} has ordered a suf- ficient number of the sea going {{{steamers}}} now here to be unloaded
    Joseph (steamboat steward), 461-64 {{{Webster}}}, Amos (U.S. Army), 460 {{{Webster}}}, Ralph C. (U.S. Army), 378n Weisiger
privateofficialc05butl | "no spare boats" | 0
None | "J. R. Gilmore" Chambersburg | 10
  id retrospectivedec00folt|43b0efe58fec97ce2eabf3536461423d5d492943
    the first decade of the Society. {{{J. R. Gilmore}}}, {{{Chambersburg}}}, Pa., Secretary. April 7, 1908.
    Mr. Cooper. S. {{{CHAMBERSBURG}}} AND ITS FOUNDERS. "The Founders of {{{Chambersburg}}}." Mr. Seilhamer
  id per_the-franklin-repository_1865-03-08_1|9f599e610a20aebf66b5c75073b98f06da4e9fee
    interest, and notices of Marriages gud Deaths + | {{{CHAMBERSBURG}}}, PA; WEDNESDAY; MAR Dry any Faiy Goons. | egal
    manufacturer, which we | Margaret L, Campbell late of {{{Chambersburg}}}, deo'd: een Mercosur Pond Greencastle, and isof
  id literaturerebel00bartgoog|a45145b51c50bc094147544f14558ba092edc268
    A Sermon preached in {{{Chambersburg}}}, November 28, 1861. 8vo. pp. 8. {{{Chambersburg}}} : (Pa.) Repository Office^
    September, 1864. Our Visit to Richmond. {{{J. R. Gilmore}}}. September, 1864. The Ride to Camp. George
  id literatureofrebe00bart|b8bae897c1334a6f3159229b8e0db83516f1b8d6
    Sermon preached in {{{Chambersburg}}}, November 28, 1861. Bvo. pp. 8. {{{Chambersburg}}} : (Pa.) Repository
    September, 1864. Our Visit to Richmond. {{{J. R. Gilmore}}}. September, 1864. .The Ride to Camp
