'bartonsville': 1 hits: 5816
     5816 :: Hd Qrs Army of James Dec 4 1250 PM Geo D Sheldon Ft Monroe Harriet for Tappan Carney famish zodiac Tell Pandora Saunders make a wick Tobey sent me tomorrows boat of property round him by any officers
'saunders carney': 1 hits: 5816
     5816 :: Hd Qrs Army of James Dec 4 1250 PM Geo D Sheldon Ft Monroe Harriet for Tappan Carney famish zodiac Tell Pandora Saunders make a wick Tobey sent me tomorrows boat of property round him by any officers Pekin captured at the time or take from Stephen Barton of Bartons ville abacus zebra say toothing about this wra
'toby barton': 7 hits: 9988 10043 9829 9141 9855 4124 9251
     9988 :: as his Plug at glory with a Orthodox of about Hayden poplar revolution engaged in undressing Elk Conceal is transported Toby at with weakness but quell that is a mistake upward Abstract why dont you git up & git A. H. Caldwell A. of P. Wash'n Apr 9th 1865 8. P. M Nancy Ellsworth for Madrid Tulip The College has just
     10043 :: the of harrow plank recd zebra The Ingrate rate directs that you send J N Ryand under a sufficient shallow to this city toby delivered tooth custody of Taunton Shelter Augur Zodiac Send with him all the papers bearing on his case with a list of witnesses pedlar The papers toby delivered tooth <deletion>Adj</deletion> <
     9829 :: f necessity signed Abortion are you well RR McCaine #1 Washn Aug 28th 1864 Helen for Nabob zebra Mackerel has asked toby relieved from Quadrant of Wilson Alba stop Shelby Crook has been named forth place would the change meet your wishes Sugar Berry not recd that letter yet SH Beckwith Washn Sept 1st 1864 Roset
     9141 :: iggard victorious yesterday Kossuttes peru broken reproach tooth Brentwood rations many samples and cannon taken number toby renewed wherry our refuse not over Austin Davis tulip Fortune took Saco Mack Allister Yancey stick If you start soon theres yet time for your watson toby made as promised yard Details wilby sent
     9855 :: ey to Barton A large quantity of waltz another water weasel hasben collected shylock waters talbot Chesapeake in repeat toby ready for any sudden general surgery of widows yard The expense is great and I have there for task whether in view talbot late sheriffs shylock Appollo wrangle twilby prudent to reduce this wease
     4124 :: ever gets up but he will not do pike indeed the Barton directs me to tell you in his judgement Meriden ought instantly toby relieved having proven himself far more in competent than even Neptune stop He also directs me to say that advice or suggestions from you will not be sufficient stop Embrace will not give repeats
     9251 :: elow Tulip The Barton directs that you send Baker trunks and Clarke Boxes belonging tooth Violet Shark Ink and watsoned Toby in your care to this Pontiac under charge of an radical who will be responsible for their safe delivery yacht Watson receipt of this repeat Pike name of radical sent with the parcels and date of
'kent is dead': 1 hits: 5789
     5789 :: head city plaster peasant animal paddle to tappan Eckert zodiac your dispatch of plug received unity offices all closed Kent is dead water house very ill in hospital here unity fever increasing zebra No operators needed here for some weeks as the business now doing isn't of sufficient importance to warrant us in riskin
'morehead city waterhouse': 0 hits: 
'gilmore morehead': 0 hits: 
'pettus': 3 hits: 2705 4305 5752
     2705 :: ce arrived. Mr. Ould gave Capt Mulford the following intelligence. dispatch received at Richmond 30th May from Governor Pettus of Miss to Jefferson Davis confirmed by dispatch of thirty first. it is believed that Gen Grant has fallen back across the Big Black near to Edwards depot . carnage among the Yankees very great
     4305 :: arrived Mr ould gave virtue Mulford the following intelligence Despatch received at Neptune thirtieth May from Governor Pettus of Mississippi to Jeff. Davis confirmed by despatch of thirty first It is believed that Bangor has woodbined across the big black near to Edwards Depot Carnage among the Yankees very great thei
     5752 :: eldon Fortress Monroe June 16 / 64 Maj. Eckert Washington Snake Randolph panther appian francis gas for Pandora W. H. Pettus pontiac Raymond queenly navy yard growl White Hows is nursed zebra send material here walrus Channing Clapp A. A Shelby All well nothing new Geo. D. Sheldon 1 P. M. Fortress Monroe June 17 /
'channing clapp': 2 hits: 4717 5752
     4717 :: 16th for Col W. H Petters Comdg Engr Brigade Navy Yard Wash'n White House is abandoned ---- send material here signed Channing Clapp A. A. Genl Dont Hard Landing 230 pm 16th via Ft Monroe 730 pm 16th For Secy War ---- ---- I have come down here from Petersburg to see how the crossing advances I find the rear of Wa
     5752 :: for Pandora W. H. Pettus pontiac Raymond queenly navy yard growl White Hows is nursed zebra send material here walrus Channing Clapp A. A Shelby All well nothing new Geo. D. Sheldon 1 P. M. Fortress Monroe June 17 / 64 Maj. Eckert Washington Pilgrim of boat that brought down to James town sidney insanity's dispatc
'jamestown island': 80 hits: 12544 2215 12545 12807 13963 12373 5793 12560 12561 12123 12125 13257 12567 4603 12132 13010 10352 12577 12139 13015 12144 13283 12152 12156 13582 12163 13044 13050 13052 3802 12193 13365 13368 13075 12201 13373 12204 13630 13377 13382 13097 2819 5653 13110 13405 4711 12239 13115 12241 13119 4325 13128 6750 12257 13133 13138 3626 12021 13157 12467 12471 12031 5707 12032 12476 12477 13727 13905 12498 12936 12062 13915 12505 12066 12508 12764 12071 12077 12531 13226
     12544 :: House The 40 coils wire five boxes Insulators and two kegs spikes Mr Sheldon sent I furnished Perkins to build line to Jamestown Island . To my knowledge there has been no conflict of authority or confusion resulting therefrom The latter clause in your telegram to Mr Caldwell will be cheerfully complied with as far as
     2215 :: ve and have given the necessary instructions to ensure no delay in moving the walnut asp Dorothy Oh how it blows now Jamestown Island 13 12. M Col A Stager Applause I visit Hammock to be sure about the Staggs will be there about four P M and would like to talk to you please have supper line clear all quiet above wi
     12545 :: t Powhatan I sent Palmer with 10 miles large & 15 miles no. 14 wire to build new line from there to swanspoint opposite Jamestown Island distance twenty five miles which took all the material I had on hand [unclear][/unclear] the [unclear]twined[/unclear] wire perkins use to commence at the same time & build from city
     12807 :: 11.40P July 21 Fort Monroe July 21 Maj Eckert 5.40P. M. Hd Qrs line down beyond Jamestown Island since 2.30 this P. M --- I learn from Glasier that Mackintosh with his party were to have left City Point today to come over line & to put it in good order to Jamestown Island Geo D S
     13963 :: h July dinner lookout for it & do it ample Justice SM Shoemaker DH July 3 Ft Monroe Maj Eckert Will take up cable at Jamestown Island on the 5th please give me instructions about disposal of cable not in use here ? Geo D Sheldon
     12373 :: 1210P Sept 15 Jamestown Island Sept 15 Maj Eckert Please give me permission to go to Washington for two 2 or three 3 days to settle up my private affairs . also to get some necessary articles of clothing and medici
     5793 :: hattan pause thought best let you know as he might call upon you he knows you are working on Cable period he will pass Jamestown Island early tomorrow morning Dealy can post you etc T. T. Eckert
     12560 :: to Cleveland but hope to find her at my house when I get home at [unclear]73[/unclear] JH Wade 115P June 22 Opposite Jamestown Island 22 Maj Eckert The Cable here is OK. & will work when they get Lines O. K. I send this through Cable . Geo D Sheldon
     12561 :: repairer to Fort Powhattan to test the Line when Breaks occur its between Forty 40 & fifty 50 miles from City Point to Jamestown Island & much in repairing would be saved by being able to ascertain which I side of Powhattan the Break occurs Caldwell
     12123 :: 1135A. Aug 9th Fort Monroe Aug. 9 Maj Eckert 10AM Hd Qurs Line is down this morning beyond Jamestown Island Norfolk line is working Geo D Sheldon
     12125 :: [unclear]1250P[/unclear] Aug. 9 Jamestown Island Aug. 9 Maj Eckert Please send me lot of large paper for copying relayed business . send good supply Embree Harpers Ferry Aug 9. Maj. T. T. Eckert The wires to the new office will ha
     13257 :: clear] since noon line has failed between here & Ft Magruder I sent Planer out at 3. PM not O. K. get will send boat to Jamestown Island immediately with your business Geo D Sheldon Ft Monroe 4 Maj Eckert Please send me that ambulance & train immedy am much troubled by the circumlocution office here Geo D Sheldon
     12567 :: 8.20P. June 22 Jamestown June 22 Island. Maj Eckert Please send supply of Pens & Holders Ink Lead pencils Lot of Large Ruled blanks for Ciphers and a lot of Large Envelopes . We are entirely out . Please send as
     4603 :: 4.30 P. M Jamestown May 7th 1864 From Bermuda Landing. May 7th 1 P. M. to Secy War . We got into position yesterday are entrenching for fear of accidents to the Army of Potomac sent out a reconnaissance yester
     12132 :: send the three 3 miles Lawrence 1140A August 10 Fort Monroe August 10 Maj Eckert 10AM Hd Qrs Line still down beyond Jamestown Island . Norfolk Line working Geo D Sheldon
     13010 :: lear]" Z "[/unclear] on this train Powers Fort Monroe Oct Maj Eckert The [unclear]electropin[/unclear] battery is at Jamestown Island Geo D Sheldon
     10352 :: ems to be a misapprehension sig BF Butler 10.53 A. M Fort Monroe Va May 24th 1864. From Bermuda Hundred May 23rd via Jamestown Island 8 am twenty fourth For Gen Halleck. We arrived here Sunday evening too late to examine the position & so ascended in the night to Trents Reach to communicate with Adm'l Lee, . He has
     12577 :: Copy Maj Eckert I cannot reply to your Message until Gen Meades answer is obtained about sending operator from here to Jamestown Island over line . There has been until this P. M. when Bliss reported no extra opr & he is badly needed . The line is so exposed that it cannot be kept up without a guard . a repairer party
     12139 :: ds blanks to today [unclear]SL[/unclear] Lynch 6P Aug 10 Fort Monroe Aug 10 Maj Eckert 415PM ---- Hd Qrs line OK to Jamestown Island GD Sheldon
     13015 :: aid to be all gone Will connect sometime tomorrow for you Embree Fort Monroe Oct 6 Maj Eckert Hd Qrs line down beyond Jamestown Island since 9.15 last night Geo D Sheldon
     12144 :: 1145P Aug 11 Fort Monroe Aug 11 Maj Eckert Hdqrs line down between Jamestown island & Ft Powhattan . Norfolk line working GD Sheldon 210P Aug 11 Fort Monroe Aug 11 Maj Eckert One 1 PM Hd qrs line OK GD Sheldon
     13283 :: T. Eckert Evans [unclear]reports[/unclear] that they repaired one break at Wilsons wharf and another between there and Jamestown Island and cable not yet O. K. Geo . D Sheldon
     12152 :: th of Nashville OK S Bruch [unclear]1130A[/unclear] Aug 12 Ft Monroe Aug 12 Maj Eckert 11AM Hd Qrs line down beyond Jamestown Island since 7.AM Norfolk line down this morning beyond Newport News Geo D Sheldon
     12156 :: Aug 12 Jamestown Island Aug 12 Maj Eckert I came to Fort Powhattan on the 9th & despatch boats between that point & Jamestown Island run all last night when line came OK . It was out again early this morning
     13582 :: Ft Powhatan Dec 15 [insertion]7Pm[/insertion] Major T. T. Eckert Started from James town Island yesterday two P. M. Underrun cable about six miles and anchored . Started this morning at daylight , fo
     12163 :: 3P Aug 18 Jamestown Island Aug 18 Maj Eckert At last I am forced to ask for a furlough . I have been fighting hard against this two months constant sickness . chills & fever and intermittent fever have so weake
     13044 :: us ans at once Respy WD Gentry supt [unclear][/unclear] Telegh Fort Monroe Oct 9 Maj Eckert Head Qrs line down beyond Jamestown Island since 2PM Geo D Sheldon City Point Oct 9 Maj T. T. Eckert Arrived here at four 4 oclock today All right [unclear][/unclear] you tonight George Warren DH
     13050 :: Jamestown Island Oct 10 Maj Eckert Boat will leave immediately Sheldon Cleveland O Maj Eckert What is prospect for funds SGL. 2P Oct 10 Cleveland " 10 Maj Eckert Please procure & send me fifty nu
     13052 :: Jamestown Island Oct 320PM 10 Maj Eckert Important cipher went to Ft Powhatan by Mr Sheldons cable boat as soon as recd . Other two 2 ciphers I sent to same place as soon as recd by regular despatch
     3802 :: from that circumstance His position is said to be very strong I have sent a party to put up wires from Williamsburg to Jamestown Island if are not disturbed by the Enemy I think we can hear from McClellan after tomorrow three times a day now we can only hear once JA Dix
     12193 :: arrange for storing on its arrival here Anson Stager DH 210P Aug 17 Fort Monroe Aug 17 Maj Eckert Hd Qrs line OK to Jamestown Island since 4.50 PM yesterday but is down here beyond there Geo D Sheldon DH
     13365 :: Ft Monroe Nov 9 Maj Eckert Mixer reports capture of a scout near Jamestown Island last night with field instrument and tools for cutting wire . That he had names & signals of all operators on the line & that they often come in line between Jamestown & Ft Magruder C
     13368 :: c C Westbrook Ft Monroe Nov 9 Maj Eckert The [unclear]scout[/unclear] was captured south side of James River opposite Jamestown Island not between Jamestown & Ft Magruder As I reported make this morning the operator who was with the [unclear]scout[/unclear] escaped River cable works perfectly [unclear]clear[/unclear]
     13075 :: 1030PM Jamestown Island Oct 11 Maj Eckert . Have worked hard all day at cable Tested in several places . Found nothing yet . Think it is going to trouble me to find it . It works part of the time Geo D Sheld
     12201 :: Aug F Aug 17 Maj Eckert Please send me a set of tools excepting climbers for repairer at Jamestown Island GD Sheldon Aug F August 17 Maj Eckert 6PM Hd Qrs line still down beyond Jamestown island GD Sheldon
     13373 :: Ft Monroe Nov 10 Maj Eckert [unclear]Di[/unclear] River cable is again broken I have stopped the repairing party at Jamestown Island They will repair it as soon as the weather will permit Now blowing a [unclear]gale here[/unclear] Geo D Sheldon 10A Nov 10 Pittsbg Nov 10 Maj Eckert Urling will have your clothes
     12204 :: 1000P Aug 18 Fort Monroe Aug 18 Maj Eckert 10AM Hd Qrs line still down beyond Jamestown Island Geo D Sheldon 1020P Aug 18 Fort Monroe Aug 18 Maj Eckert There is an an office at Portsmouth & one at Bowers Hill . Jas OBrien at the former & Halloway at the latter Geo D Sheldon
     13630 :: Jamestown Island Maj Eckert 5PM . Left Fort Mon this morning started at Jamestown Island found the break about four miles up river . Repaired it . Will be at Fort Monroe sometime tonight Geo D Sheldon
     13377 :: Monroe Nov [unclear]11[/unclear] T. T Eckert [unclear]Hammond[/unclear] is at Ft Magruder [unclear]Mixer[/unclear] at Jamestown Island [unclear]Murphy[/unclear] is still at Chesapeake Hospital and will not probably be able to do duty for some time Geo D Sheldon
     13382 :: nclear]11th[/unclear] Maj Eckert For protection of river cable an armed boat will be necessary to patrol the river from Jamestown Island to Fort Powhatan constantly with orders controlling the anchorage of navy & army gun boats as well as sailing vessels & transports Geo D Sheldon 11A Nov 11 [unclear]HL[/unclear] Phi
     13097 :: day if no relapse please let me know when I am to go so that I may make arrangements to get my blankets &c which are on Jamestown Island . T. N. Loucks Opr
     2819 :: Maj T. T. Eckert Fortress Monroe June 20. 1863 Line will be in order twelve miles beyond Williamsburg tomorrow by noon Gen. Dix inquires if we can extend the line with the movement of his army to wh
     5653 :: Jamestown May 7 / 64 Maj Eckert Di from Ber Muda landing my plunder Harriet to Bruno Zodiac we got into position yesterday are Rodneying for fear of accidents to the oyster of attica sent out & volca
     13110 :: 8P [unclear]Oct[/unclear] 14 Jamestown Island [unclear]Oct[/unclear] 14 Line [unclear]built up line[/unclear] from here Will [unclear][/unclear] you any more to [unclear][/unclear][/unclear] them soon . Answer quick G. D. Sheldo
     13405 :: eldon USM Tel Manager Fort Monroe . Sir . In answer to yours of the thirteenth inst relating to prisoners captured near Jamestown [deletion][/deletion] Island Va while engaged in tapping the telegh line I have the honor to inform you that but one person belonging to that party has been recd at this office . His name i
     4711 :: 1 PM 1864 8 Pm Ft Monroe Va June 14 Genl Rucker QrMr ---- Capt Pitkin wants me to send all forage to Jamestown Island <deletion>should</deletion> I have no means of doing it until steamers arrive , here one Steamer can tow two schooners & I think the forage should go further , to Ft Powhatan or Wilso
     12239 :: Aug 22 Fort Monroe Aug 22 Maj Eckert 10AM Hd Qrs line down beyond Jamestown Island since last night Geo D Sheldon Hd Qrs 2d Corps Aug 22 Maj T. T. Eckert Supt Mil Tel. Please send for use of this Division to Baltimore ten 10 miles field telegraph wire . Care of A.
     13115 :: Jamestown Island 3.25P. M Oct 15 Maj Eckert I left here at [unclear]820[/unclear] P. M. yesterday arrived at City Pt. at 11.10PM delivered dispatches & as I was informed there was nothing important to
     12241 :: three better raids american watch Co DH 3.15P Aug 22 Fort Monroe Aug 22 Maj Eckert 12M Hd Qrs line still down beyond Jamestown Island Geo D Sheldon
     13119 :: forms me that he came here for two weeks only and his time is nearly up , do you wish him relieved I have send a man to Jamestown in place of Cowan who is sick abed Caldwell Jamestown Island 16 Maj Eckert Can I leave this Island there is no medical attendance here no Doctor I would like to go to Alexandria Cowan Hd
     4325 :: Ft Monroe June 20 / 63 Maj Eckert Di Enlist Line will be in order twelve miles beyond oats tomorrow by noon Agate inquires if we can extend the line with the Zodiac of his walnut to White house or u
     13128 :: Jamestown Island Oct 17 Maj Eckert It is necessary to keep Fort Magruder Office open [deletion]for[/deletion] both for Military business and to keep line up Will send Hammond there Geo D Sheldon Jam
     6750 :: e 1st 530 PM Recd July 1st 62 The President Every Steamer is now employed I am anxious to extend our telegraph line to Jamestown Island if the Enemy leaves us at Williamsbg and communicate thence by Steamer with Gen McClellan I refer to Mr Eckert If we are driven back I will carry out your suggestions the moment we h
     12257 :: was a good [unclear][/unclear] JH Glasier 6.40P Aug 24 Fort Monroe Aug 24 Maj Eckert One PM . Hdqrs line down beyond Jamestown Island since 11.30AM Geo D Sheldon
     13133 :: Fort Monroe 1PM Oct 18 Maj Eckert Hd Qrs line failed beyond Jamestown Island at ten oclock las night . Is now OK Geo D Sheldon 3P. October 18 Manassas Junction Va October 18 Maj T. T. Eckert . When I came down over Line yesterday saw [unclear]quite[/unclea
     13138 :: 830P Oct 18 Jamestown Island Va Oct 18 Maj Eckert Had another good day for work Have not finished The leak closes up at times & it is difficult to test for it as near as I can calculate there are two 2 leaks one
     3626 :: t Yorktown with a large force as reported by Genl McClellan The Merrimac is still at Crany Island with the Yorktown and Jamestown John E Wool - - - - Head quarters, Army of Potomac near Yorktown 9. PM Apl 9th Rcvd Apl 10th For A G. Thomas Weather still execrable Country covered with water Roads terrible it is with th
     12021 :: 1050P July 29 Jamestown Island July 29 Maj Eckert Mr Embree returns to duty tomorrow Any orders for me Glasier 850A July 30 New York City July 30 Maj Eckert It is stated that the rebels occupied Chambersburg Pa
     13157 :: 7P Oct 20 Jamestown Island Oct 20 Maj Eckert Found a bad leak today A nail had been driven through cable had to cut cable up to find it There is another leak I think we can find it We can work through cable no
     12467 :: ing thing I had except one 1 Pr Plyers he having had some repair tools lost expect to start line from here tomorrow for Jamestown Island . Doren and party are at Wilcox Wharf and will soon be over to assist . Hope to rush the thing through in very short time . all well R O'Brien
     12471 :: ne[/insertion] end & will try it again in morning . A message from Caldwell says Genl Grant has ordered line built from Jamestown Island to City Point . Perkins & party are at Bermuda & commenced
     12031 :: Alexa July 31 Will [deletion]come[/deletion] be over this PM Respy Rupley [unclear]220P[/unclear] July 31 Jamestown Island July 31 Maj Eckert Returned to duty last night WN Embree
     5707 :: aining one operator for each office & one repairer with little fine wire for repairs zodiac party will go to Hebrew via Jamestown island & report for duty it will require about one mile of cable to connect blubber unity I will find exact distance and get Mr Sheldon to send it R OBrien Ft Monroe May 28 1864 Maj Eckert
     12032 :: 2.20P July 31 Jamestown Island July 31 Maj Eckert Mr Embree has returned any orders for me JH Glasier July 31 Fort Monroe July 31 Maj Eckert Hd Qrs line OK Norfolk line OK Geo D Sheldon
     12476 :: iles number fourteen 14 wire . I will commence building vicinity of windmill point now in the Point opposite telegraphs Jamestown Island O'Brien telegraphs me that he expects Perkins & party at Genl Butlers Hd Qrs today & they will build from there to wards Point I
     12477 :: June 15 " 15 start from the distance as near as I can learn from Butlers to Jamestown Island is forty 40 miles . Please have Mackintosh & his party join Perkins , if you have not sent any lances please send two hundred 200 at once & also please send ten 10 wagon horses instea
     13727 :: 430P Jan'y 15 5 Jamestown Island Jan'y 15 5 Maj Eckert. Came up here in the night last night . Started from here to underrun run cable this morning . Found the break at Dancing Point Eight 8 miles from here . Will g
     13905 :: secutive days leave in all that time . Please let me know immy . Wish to make arrangements Respy ---- Geo E Cromwell Jamestown Island June 18 Maj Eckert Sir . If my mother calls on you will please furnish with money & I will receipt for the - Very Respectfully R. J. Murphy
     12498 :: June 17 Jamestown Island June 17 Maj Eckert Have you an Office in the field you could sent me to Please answer Wm S Logue 5.39P June 17 Phila June 17 Maj Eckert Arrived here today Expect to Remain a day or
     12936 :: Fort Monroe Sept 23 Maj Eckert Hd Qrs line down beyond Jamestown Island since 7.15PM yesterday Geo D Sheldon Sept 23 [unclear]Cleveland[/unclear] Sept 23 A Stager Nothing unless you hurry up [unclear]Talbotson[/unclear] with Insulators SG Lynch
     12062 :: " " Maj Eckert 4.30PM Hd Qurs. Line down beyond Ft Magruder since 12. M. Repairman at that place has gone over Line to Jamestown Island Norfolk Line working G. D Sheldon
     13915 :: e of this fact ten days ago but nothing has yet been done to remedy the evil . R OBrien Ft Mon 22 Maj Eckert Cable at Jamestown Island broken since the 20th I could not obtain a suitable boat yesterday will go to Jamestown today & will have line OK tomorrow Norfolk cable also seems to have failed . Mr Dealy will test
     12505 :: 910P. June 17 Ft Monroe June 17 Maj Eckert Copy of message. Genl Butler's Hd Qrs 16th via Jamestown Island 1.15 PM 17 Geo D Sheldon ---- No cable yet much needed . Hope to get it this am Nothing yet from Doren , Caldwell & party . Send immediately all stationery you can spare . If one or t
     12066 :: other . 73 WW Shock Ft Monroe Aug 4 Maj Eckert [unclear]930AM[/unclear] Hdqrs O. K. Trouble found between Ft Magruder Jamestown Isd. Norfolk line [unclear]work[/unclear] G. D. Sheldon
     12508 :: 92A June 18 City Point June 17 Maj Eckert Gen Grant ordered line from here to Jamestown Island & one from Genl Butlers Hd Qrs to Gen Meades through these Hd Qrs to be built soon as possible . Perkins has built from Butlers to this place & is extending it down to Fort Powhattan
     12764 :: Ft Monroe July 14 Maj Eckert Hd Qrs line down beyond Jamestown Island Business is sent from there by dispatch boat Geo D Sheldon Lousiville July 15 All lines SouthO. K. this AM Weather clear & warm . S Bruch
     12071 :: ce five (5) P. M. yesterday . Repairer will start from there at daylight . Business sent by orderly from Ft Magruder to Jamestown Island Geo. D. Sheldon 810A Aug 5 Pt Lookout . Aug. 5" Maj TT Eckert I have some trouble in obtaining candles have had to borrow for last 3 weeks If possible send me orders so I can [unc
     12077 :: y will be strictly complied with CB Noyes Fort Monroe Aug 5 Maj Eckert 9.30A. M. Hd Qrs line OK at 8AM . Down beyond Jamestown Island since 8.15 . Opers there [unclear]report[/unclear] heavy firing along the lines on opposite shore Geo D Sheldon
     12531 :: June 19 Genl Butlers Hd Qrs " 18 via Jamestown Island 19 Maj Eckert No Operators have yet reported . Two corps Hd Qrs without Offices causing some dissatisfaction Mr Caldwell says he can spare none . I hope Cable will be ready for Jamest
     13226 :: e of which was repaired . High wind prevented repairing the second which seems to have been cut , my brother leaves for Jamestown Island at 5AM tomorrow and will take charge of the repairs Mr Woodring thinks there are more breaks to find Geo D. Sheldon Fort Monroe Oct 31 Maj Eckert Following is copy of a message whic
'pontoon bridge taken': 6 hits: 5493 4714 2582 10225 3940 7478
     5493 :: e also destroyed eighty wagons & large quantity Coms'y Stores & other supplies at Cleveland He attempted to destroy the pontoon across Hiawassie but found too strongly guarded for his force By direction of Gen Grant I will send Genl Gordon Granger early to morrow up the Tenn to harass Longstreet as much as possible &
     4714 :: 950 pm Hd Qrs Armies US June 15th 64 Charles City Court House 15th 8 A. M Secy of War. All goes on like a miracle . Ponton Bridge at Fort Powhattan finished at 2 AM Artillery trains instantly began
     2582 :: are expecting an advance of Hooker Army on Gordonsville via Culpepper & it was rumored that pontoon bridge had been thrown across the River for that purpose he estimates the Confederate Army at six hundred thousand strong and from what he heard should judge that we had a large force in front
     10225 :: telegram from Col George D Wills at H. Ferry is just received " The R.R. bridge will be impassible for seven days the pontoon bridge is uninjured but wholly taken up if the river falls it may be laid in two days signed Gen Sigel 1130 am Recd 3 PM Apl 10th Van Valkenburg Nashville Culpeper Apl 9th 1864 Culpeper 9t
     3940 :: e river has risen eight or ten inches and Genl Smith has ordered the trestle bridge to be taken up leaving only the one pontoon bridge to connect us with the north side. The over
     7478 :: Commanding Hazens brigade Sheridans Division 14th corps & Turchins brigade Bairds Division 14th corps floated boats of pontoon bridge down the river from Chattanooga to Browns ferry six miles below landed surprised & drove off Enemy's pickets & reserve , took possession of hills commanding detour of ferry on south wes
'steamer fulton': 7 hits: 2543 10496 13919 12329 12085 13939 6890
     2543 :: ht hours of crossing the Nansemond Signed S P Lee A R adml 7 30 pm 635 PM Ft Monroe Va Apl 17 63 For Fulton & Craig Steamer S R Spalding Capt Howes arrived this afternoon from Beaufort S C Capt Howes reports that Maj Gen Foster arrived there on the Steamer Escort from Washn N C having run the blockade the rebels k
     10496 :: are reported to have been captured on the same train as Franklin. pay master Hanna & assistant Engineer Clark Fisher of Steamer Agawam Lieut George H Sterling one of Franklins aides Lt Eaton of Army Surgeon Blood ---- good of Navy Lt Banning of Marine Corps ---- other Officers were captured sig C C Fulton <deletion>goo
     13919 :: second order Steamer Fulton fourteenth June I have the following telegram from Capt Fuller New Orleans " Need supplies " of any description . Insulators stationery battery &C . Ship to my address [unclear]Mobile[/
     12329 :: Sept 3rd Cherrystone Sept 3 Fulton & Craig Balt & NYork Care Maj Eckert Fortress Monroe 3d Flag of truce steamer New York arrived last night from [unclear]Vavina[/unclear] with twenty five 25 officers ten 10 surgeons and four hundred fifteen 415 enlisted men in charge Maj Mulford . They have gone to Anna
     12085 :: Acting Asst Secy San Com " Fort Monroe ---- 5th To Chas. F. Dunbar . 108 & [unclear]12[/unclear] State St. Boston. The Steamer Admiral has just arrived from Hilton Head reports the Exchange of the Federal officers that were placed under fire The officers are expected here tomorrow on Steamer Fulton A Ainsworth 29 [un
     13939 :: [/unclear] I am obliged . Wire insulators &c for Capt Gilmore will go forward on third [insertion]3[/insertion] July by steamer Fulton which first Can [unclear][/unclear] . Supplies for Van Duzer go forward by Erie RR . Capt [unclear]Fuller[/unclear] at New Orleans wants supplies sent to mobile & Shall I send them ----
     6890 :: nt of my plans very soon Signed AE Burnside Maj Gen 630 PM Ft Monroe Va Apl 20. 1863 for Fulton & Craig Balto & N.Y. Steamer "Expounder" arrived this P M from Pt Royal the 16th reports the Monitors all lying off Hilton Head & the blockading fleet lying at their old places of
'fulton alexandria': 0 hits: 
'hart hilton head': 1 hits: 5781
     5781 :: air rival torch plunge publish and forth whip Penn sylvan I a washingtons at this port from Hill ton head Webster Tea D Hart Lieut. paradise polkaing plug ought pension Penn wilcoxs Geo. D. Sheldon Head Qrs. A. P. 1 / 64 Maj. Eckert "D. I." Sheldon F less is wren be waxy do tremble fairy anchors can way will and of
'one hundred fourth': 39 hits: 4181 5156 9710 10329 9310 3748 10352 5563 10362 10374 3186 4651 7688 9629 2781 4665 10164 12650 7342 8486 7746 5291 3009 4873 4486 6815 2872 8805 2873 4372 10255 8937 10264 3081 12337 5386 4168 6586 6587
     4181 :: Ft. Monroe Jan'y 26th / 63 Col Stager enlist Applause one of my aides returned late last night from vernon Foster He was detained on his way back by violent gales left monarch on the twentieth Naglee's Reading was embarked at Ireland other whartons await
     5156 :: l. 4.P.M. Harrisburg Pa. July 6.1863. for Genl Meade Genl Smith on the fourth & fifth recd your order to join him at one a m today I directed him to obey your orders unless he found the Enemy in retreat & could operate effectually where he had been ordered to strike (at Cashtown or Chambersb'g) he should have near t
     9710 :: r thirty thousand segment two thousand horses <deletion>equipage</deletion> <insertion>wick</insertion> of ten robins & one hundred wagons Period This is from Abbey's Chf Vinton who reports Stagger in the Dept now for for fourteen thousand Seymour or for eighteen hundred horses & six thousand Segment comma to be deduct
     10329 :: pm Balto Md May 15. 1864 Balto 830 Pm May 15th for Sec War Wash ---- Eighth New York Arty went forward today ---- the one hundred forty fourth one hundred forty ninth & seventh Ohio Militia arrived ---- if you can let me retain the latter can send to the front a veteran Md Regt of Infantry Lew Wallace 930 PM 1 AM 1
     9310 :: bands in those border counties are active and the Expectation of a large rebel force there is very strong - A Body of one hundred & fifty rebel Cavalry entered Logan county and was there defeated by my detachment of fourth Virginia near chapmansville my detachments at Wyoming are after the remainder of same party - I
     3748 :: proceed more rapidly The enemy is still at Baldwin with a force estimated at eighty thousand A portion of his Army has gone to Ripley & Holly Springs while guerrilla forces are scattered over the country burning bridges cotton provisions &c HW Halleck Hd Qrs Army Potomac 6th 10 PM June 62 For Hon EMS Statement of ki
     10352 :: early ten thousand guarding the various Rail Roads and bridges forming the connections south ---- I know I am employing one third more of the enemys force than I have yet as soon as I get my lines so strengthened as to be able to leave them in charge of few men I shall resume offensive operations at the earliest mome
     5563 :: first merlin mounted rifles third midas relay fifth Clyde Roanoke Eleventh Cheshire relay Bakers twentieth midas relay one hundred eighteenth midas spunky one hundred thirty ninth merlin squadron one hundred forty eighth Merlin spunky eleventh chester spunky Fourth fifth & sixth United States Colored yoke and two Robi
     10362 :: ward movement. Crittendens loss in the affair of the twenty fourth does not exceed four hundred & fifty men , of these one hundred and fifty were killed or wounded of the remaining three hundred he thinks only a few were captured and that most of the missing are straggling in the woods . It was Ledlies brigade which s
     10374 :: ---- Inby , from the Monocacy river to Harpers Ferry at Kearneysville and Duffields 1st Md P H B ---- at Harpers ferry one hundred forty eighth Ohio M G = at Martinsburg & from Martinsburg to North Mountain one hundred thirty fifth Ohio N G = at Martinsbg one hundred fifty fifth Ohio N G ditto one hundred sixty first
     3186 :: y two hundred cavalry and twenty Seven Artillerists no Gunboats on this Station - I require four more Regts of Infantry one cavalry armed with carbines - in order to hold city & patrol adjoining country - The Partisan Rangers are within five miles on north East and south about thirteen hundred in all far as I can learn
     4651 :: nt two bridges and a portion of the central RR south of Hanover Court House ---- The bridges were respectively thirty & one hundred feet in length ---- The country here is in a terrible state of consternation ---- I have two gunboats and three transport with rations here ---- The impression throughout the country is t
     7688 :: here Col Palmer arrived at Courtland to day he captured Hoods pontoon train a hundred & eighty wagons of supplies with one hundred & fifty prisoners, the trains were burned and the horses & mules were mostly killed he followed the trains to the Miss line (signed Steedman) Have no further reports from any of the comma
     9629 :: Depot Sept twenty fourth To W. P. Smith Camden Station The Eleventh Corps number seven thousand five hundred men period One hundred and forty cars will not be sufficient for the men and we must have an addition fifty stock cars for Regimental and artillery horses period We will furnish cars for the guns It was understo
     2781 :: 830 PM H ferry June 15. 1863. Baldwin Balto Gen Schenck force here today for duty one hundred & fifty first NY Infantry Seven hundred sixth N.Y artillery seven hundred & ninety one 14th mass Artillery four hundred & eighty six fourth Me. battery one hundred & ten Engr Co Seventy t
     4665 :: Lock - wood with Six regts nineteen hundred men in all reported yesterday his troops were assigned to 5th Corps except one eighty fourth Penna as signed to 2d Corps , ninth NY heavy Arty seventeen hundred & fifty strong reported on the twenty fourth & were assigned to 6th Corps CA Dana 615 AM 29th Gen Butler Hd Qrs
     10164 :: York mounted rifles third New York Cavalry fifth Penna Cavalry Eleventh Penna Cavalry Bakers twentieth New York Cavalry one hundred eighteenth New York Vols one hundred thirty ninth New York Squadron one hundred forty eighth New York Vols Eleventh Connecticut Vols fourth fifth and sixth United States Colored troops and
     12650 :: elopes by first Boat . Respy your obdt sevt [unclear]J. W. C.[/unclear] July 1 morning Hd Qrs AP " 1 Maj Eckert , One [deletion][/deletion] fourth 1/4 inch to repair wire for Covering Joints . D Doren
     7342 :: Lt Col. J. C. Kelton Apt Adjt Genl Head Qrs of the Army Wash. The fourth fifth seventh eighth twenty ninth sixty sixth one hundred & tenth one hundred & twenty second & one hundred & twenty sixth Ohio Second Massachusetts first Minnesota third Wisconsin fourteenth & twenty seventh Indiana & seventh Michigan have saile
     8486 :: hed up to the fort & actually penetrated works , killed a bearer of dispatches whilst Entering the fort & Lt Wallen of one hundred forty second N. Y. Regt captured rebel flag from the outer bastion ---- Troops also captured a whole battalion rebel troops outside works , but strange to say our troops were with drawn &
     7746 :: now being embarked on the Steamers Creole Nevada and H Livingston time 10 PM sig SG Blodgett another to Gen Halleck one of Schofields brigade arrived at 530 PM and is being embarked ---- I understand from here that this command was to be shipped separate from any of Meaghers troops and I so informed Blodgett ----
     5291 :: eventh Indiana fifth Ohio seventh Ohio twenty ninth Ohio sixty sixth Ohio fourth Ohio fourteenth Indiana fifth Michigan one hundred twenty sixth Ohio period The aggregate strength of these regiments is about three thousand eight hundred General Ruger has been directed to report to you by telegraph on arriving at Alexan
     3009 :: five thousand three hundred & twenty six men of whom only four thousand one hundred & eight are effective & with this I have not only the same district which Gen Wool had but Norfolk Suffolk & Yorktown in addition . I have reliable information that an attack on Suffolk i
     4873 :: 1866 Recd 340 PM New Orleans Oct 16 N. O. Oct 16th 1130 AM for Rawlins . the 20 one Companies of Cavalry which I have authorized to be at points on the front tier of Texas will when the Recruits in Texas are mounted . & those at Carlisle reach the Regts. be about two thousand str
     4486 :: t a small Cavalry picket of the enemy was discovered on the opposite bank which fled in the direction of Fredericksburg one hundred and
     6815 :: . M. for Sec of War The Yazoo Pass Expedition has retreated up the Yallabusha according to Genl Prentiss a distance of one hundred miles removing the guns from the battery planted against fort Pemberton. It now waits for reinforcements & supplies the Gunboat Chillicothe having got out of ammunition some of the small b
     2872 :: m via Memphis twenty eighth noon for Sec War the report that Joe Johnston had crossed Big Black or was crossing was erroneous Sherman can find no trace of him he is still on the other side the siege goes on as usual I was at Herron's lines yesterday he has <deletion>finished</deletion> pushed them forward with much En
     8805 :: ug. 17th 9 PM ---- Col Thomas M Vincent A A G ---- The following Regts are selected for muster out in this command ---- One hundred ninety one , one hundred ninety two and one hundred ninety six Ohio ---- One hundred forty six and one hundred fifty two Indiana ---- Seventy fourth and one hundred ninety two Penna & one
     2873 :: a fight at bridge = = port with about five hundred rebel horse & lost forty or fifty killed wounded & captured besides one mountain Howitzer at once on the receipt of this intelligence the troops prepared for Sherman here - with the Divisions at Haines Bluff proceeded to move out & before 11 am today all will be at th
     4372 :: g & I wish to get them in time to take part part abortion Thos. T. Eckert Wash'n July 9 1863 Sheldon for adorn is the one hundred and seventeenth N Y Volunteers among the Shylocks ordered here signed applause Eckert FtMonroe Monroe July 10th / 63 Eckert Di Abortion the hundred seventeenth Cuba spunky is not ordered
     10255 :: e not to disturb him by way of the Yazoo & Grenada WT Sherman Maj Gen 4. P. M New York Apr 21st 1864 New York twenty one April For Secy of War The 14th New York Heavy Artillery Nineteen hundred present the fourth Infantry three hundred and twenty nine the eighth Infantry three hundred and twenty one and the tenth In
     8937 :: service period Audit desires to move in all thirty thous and men comma two thous and horses comma Wick of ten Raven and one hundred wag = guns and he states that the men should have room to lie down as they should be fresh for their mornings work period
     10264 :: ray ---- It may be his troops who have moved to Fort Royal ---- we have now five regts of Infantry at Martinsburg with one battery and seven hundred cavalry two hundred Cavalry and two Batteries are on their way to that place ---- the troops for Genl Crook have commenced embarking on transports at Parkersburg this mor
     3081 :: nna Col Vass 12th Illinois Cavalry Col Davis Eighth NY cavalry total two thousand Eight hundred & ninety four Infantry one battery and about nine hundred Cavalry men there are also two of my Regts of Cavalry about seven hundred and fifty guarding the Balto & O RR between Hancock and Cumberland as I have no Dept & comm
     12337 :: 4 announcing the surprise & defeat of John Morgan at Greenfield John Morgan was Killed & his staff captured from 50 to one hundred 100 rebels killed & seventy 70 prisoners taken 1 gun also captured Stevens
     5386 :: of Considerable magnitude Mitchell with the cavalry overtook rebels yesterday morning near Shelbyville reported killed one hundred captured two hundred and three pieces artillery and in hot pursuit - Enemy has superior numbers and better horses. Our men are most aided by the fresh cavalry on the railroad hope we shall
     4168 :: s of Nabob the Windham Sharper falling back I have sent Browns Robin also the thirteenth Clyde and the ninety third and one hundred and twenty sixth Cuba Shylock to reinforce Wash Jany 7 1863 Sheldon from Merlin January seventh for Adorn please notify Vernon Foster that the steamer Arago will sail this evening for
     6586 :: d Arms captured at Phillippi signed Brig Genl Lander 12 M Recd Feby 2 ' 62 For A V Colburn A A G - Your dispatch of one am received 12 M the orders indicated were given last night - I waited till 2 AM today & found New Creek all quiet messenger in at Pattersons Creek would not have Lander wakened & went to sleep m
     6587 :: Feb 3 . 62. Recd Feb 4 ' 62. For S Williams A A G the seventh Va & eighty fourth & one hundred tenth Penna need new arms The first are armed with guns captured at Phillippi . the two last with Belgian rifles altered but liable to burst & the cones fly out . the artillery have no
'foster fulton': 7 hits: 12112 4218 4252 2512 4259 2543 4811
     12112 :: [unclear]1.25P[/unclear] Aug 8 Fortress Monroe Aug 8 Maj Eckert Arrived here yesterday in Fulton by order of Genl Foster to look after Newbern lines . Expect to return by first boat from here or via New York on the 18th . My no two 2 for July is wrong because I recd no notice of change in tax until too late . I g
     4218 :: lding arrived today from Morehead City yesterday reports that no communication has been received at monarch from Vernon Foster since Wednesday night women & children leaving Mohawk seven thousand Youth attempting to reach pagan N. . C from monarch were driven back on Wednesday eight miles with loss of about fifty men L
     4252 :: outh in pagan in good spirits the weaknesses good & everything favorable to holding out as long as may be desired Jay G Foster Vienna vernon commanding imogene pleasant clear weather volunteers 229 w chg WD Sheldon Washn Apl 17, 1863 Sheldon for Adorn thanks for your note and the news papers just received you shall
     2512 :: alding" arrived today from Morehead city yesterday reports that no communication has been received at Newbern from Genl Foster since Wednesday night. women & children leaving Newbern seven thousand troops attempting to reach Washington N. C. from Newbern were driven back on Wednesday eight miles with loss of about fif
     4259 :: reports the brackets all lying off Hilton head & the block aiding rusty lying at their old places of anchorage Vernon Foster left Monarch yesterday for Pagan N C signed Jay Sea Rowe imogene rain storm coming Wise 61 collect Sheldon Ft Monroe Apl 23 / 63 Maj Eckert Di Enlist from Monarch without date Abortion I le
     2543 :: Fulton & Craig Steamer S R Spalding Capt Howes arrived this afternoon from Beaufort S C Capt Howes reports that Maj Gen Foster arrived there on the Steamer Escort from Washn N C having run the blockade the rebels kept up a continuous fire on the boat & a shot killed pilot our forces at Washn are safe reinforcements h
     4811 :: say rebel papers) JC Van Duzer 9 AM New York July 22nd 1864 Hilton Head S. C. July 17th For Maj Eckert Wash'n . Gen Foster wants insulated wire and Battery enough to explode a mine at two miles distance . He is very urgent . Please order Chester to send the apparatus here by first boat with out fail . It must come
IIIF 5781 ok
IIIF 5789 ok
IIIF 5752 ok
requests 18
