volumes searched: 169
E293 5822/0 | Rice Dupont and Sedgwick | none
E293 5822/0 | Rice, Du Pont | none
E293 5822/0 | Western Metropolis | warofrebellion361unit[3]
E293 5822/0 | headquarters boat | recollectionsofc00danauoft[1],warofrebellion352unit[1],warofrebellion452unit[1],warofrebellion414unit[1]
E293 5822/0 | embarking the troops with all possible dispatch | none
E293 5822/0 | remaining troops to Fort Monroe | none
E293 5822/0 | river boats and transfer them | none
E293 5822/0 | seagoing steamers now lying there | none
E293 5822/0 | Baltic to report to you | none
E294 5616/1 | no steamers now that I can send to sea | none
E294 5616/1 | send to sea with 400 or 500 | none
E294 5616/1 | four or five hundred men | diplomaticcorres01montiala[2],diplomaticcorres02mont[1]
E294 5616/1 | bound to Port Royal | officialrecordso0009unse[1],officialrecordso0015unse[1]
E294 5616/1 | make a short trip | none
E294 5616/1 | cant send them far | none
E295 5624/0 | much in need of assistant quartermasters | none
E295 5624/0 | efficient and experienced assistant quartermasters | none
E295 5624/0 | experienced assistant quartermasters | none
E295 5624/0 | four efficient | none
E295 5624/0 | assistant quartermasters be ordered to report | none
E297 5632/0 | blockade runner Diamond | none
E297 5632/0 | the Diamond | bim_eighteenth-century_memoirs-of-the-life-and-_coxe-william_1798_1[1],calendarofletter0003pasc[1],manuscriptsofmar00grea[3],warofrebellion362unit[4],warofrebellion372unit[1]
E297 5632/0 | about to be sold in New York | none
E297 5632/0 | in the old business | none
E297 5632/0 | ought to be seized | calendarorleters0003vari[1]
E297 5632/0 | so much in want of vessels | none
E297 5632/0 | fast blockade runner | officialrecordso0009unse[2]
E298 5794/1 | propose Logan | none
E298 5794/1 | Logan for | warofrebellion413unit[2],warofrebellion414unit[2]
E298 5794/1 | Hooker go to Missouri | warofrebellion414unit[1]
E298 5794/1 | Hooker to Missouri | warofrebellion413unit[1]
E298 5794/1 | Hookers present command | warofrebellion414unit[1]
E298 5794/1 | expect to reach City Point | warofrebellion414unit[1]
E298 5794/1 | opinion in respect to this proposition | warofrebellion414unit[1]
E298 5794/1 | have just arrived and will go on | warofrebellion414unit[1]
