'ingalls wright': 7 hits: 3129 2762 3233 10487 10525 4787 5770
     3129 :: 1145 Pm Warrenton VA Nov 15th 1862 11. Pm Colonel Ingalls Chief Qr Master The Depots at Warrenton Warrenton Junction & Manassas are to be broken up I have given the orders a large quantity of grain should be sent to Cat - lets Station to meet us ther
     2762 :: llowing night Genl Warren is charged with defending the with - drawal all in concert with Capt Magaw of the Navy Rufus Ingalls Chief QM 930 PM
     3233 :: nformation has confirmed that opinion will write by mail signed H. G Wright Maj General Hdqrs A of P Feb 4. 1863 Gen. Ingalls the order is out send the transports down Fred Myers h 7. P.M. ----- Recd 12.10 am Feby 5th Near Vicksburg Jany 31st 3 PM 1863 For Halleck I am pushing every thing to gain a passage avoid
     10487 :: usand men ---- Gen'l Wright has eleven thousand men ---- I think there will be transports enough for his command Rufus Ingalls Brig Gen & Chf Qr Mr 9. P. M. Ft Monroe Va July 10th 1864 1. P. M For Gen Halleck Wash'n . Steamer "Crescent" has just arrived with troops from New Orleans and has been ordered to Wash'n J.
     10525 :: er be sent here at once for use if found necessary in consequence of movements of the enemy towards your place . Rufus Ingalls BrGen & QMr
     4787 :: ow for seven thousand . I expect more boats will arrive in time . Wrights artillery and trains are left behind Rufus Ingalls QrMaster
     5770 :: aldo spit unity Shelby Wright has flag woodbury spit zodiac I think there wilby whimpers enough for his pontiac webster Ingalls palate vincent Geo. D. Sheldon Fortress Monroe July 12 / 64 Maj. Eckert Washington Helen following just received and is forwarded for swede of war quadroon zebra Have her D grass July forbid
'boats enough': 24 hits: 9711 9717 6626 3195 6991 7703 10414 10054 8727 8733 8735 5012 8499 2106 6805 8909 3645 8934 5102 4787 4402 5749 8607 7478
     9711 :: eet sent should be liberal Period There is always disappointment in actual capacity of these expeditions Period Canal boats comma fifty sent from maroon comma will serve both for towage & as landings Period Tugs enough are probably provided by this time Comma of this you can judge after seeing Virtue wise Period
     9717 :: ura For Village Van West Vinton Midas period Enough Surgery and Propellers period Complete the supply of tugs of Ferry boats of barges and Schooners for both Hammer and Pagoda period There will be much material to move period Steamers Enough to move youth are now Engaged period Devote yourself to Expediting the arriva
     6626 :: C Slightly wounded from a fragment of shot in the foot only requiring the use of crutches for a short time first mortar boats left yesterday for the Cumberland & should arrive tomorrow forenoon even in this unusually strong current one gunboat will go up this evening & 2 more mortar boats will go up this evening & 2 mo
     3195 :: possession of Island number ten and then New Madrid. to this end they had arranged to take Hickman hove too some steam boats and proceed down to Island No ten . they fired upon the "Duke" at Hickman yesterday morning but the Gunboat "New - Era" which I sent there in anticipation of over
     6991 :: an enough, to strongly hold my line & make those offensive movements which are the best defence, there are now here six boats of the marine brigade & reinforcements can be will sent by them other from this Corps on from any other source signed SA Hurlbut Major Genl
     7703 :: 1865 Jany. 16th 430 P. M. for Hon C. A Dana Arrived here this morning. start for Paducah immediately. ---- Will have boats enough there in the morning for the movement and start early unless detained for convoy. Hope to be at Clifton early Wednesday & start back on Thursday weather & river favorable A cipher telegra
     10414 :: ch is fully half a mile wide & quite deep when we left Wilcox Wharf at nine O clock this morning there were three Steam boats there to begin ferrying Barlows division ---- No Ferry boats had yet appeared ---- however the crossing will be made with all practicable rapidity the troops crossing on boats
     10054 :: ash Sept 20 " 1865 Webster Weaver Fairbanks Susan for rattle purple Galway Parsons at Wave and Bender lighten that such boats now advertised for sale at Virgin and Vouch as are found not to be bid enough for chicken joining jingle proposals be sold at public auction Lindsay or Patterson durhams after such joining inste
     8727 :: 13th Macon Ga May 11th 1865 1 pm 11th QrMrGenl . your telegram 3 pm yesterday yesterday received With the light draft boats now on Savannah river and one or two which can be got from the Altamaha there ought to be no difficulty bringing every thing we may need from Augusta If we had money to pay for it <insertion>we
     8733 :: ll suffered greatly . I have twenty thousand animals to feed , corn Can be got for ten days longer there are only two boats on Savannah river both small = Gen. Molineaux at Augusta reports no flats or barges suitable for transporting grain from Savannah RR from Dalton should be opened at once Thomas advises grazing
     8735 :: le 14 noon to Genl Wilson your teleg of 11th acknowledging receipt of mine of 7th and 9th recd If you can get the steam boats you speak of do so to supply your command until orders for its final disposition are recd from Gen Grant , Orders have been asked for ---- Fifty thousand dollars have been turned over to carling
     5012 :: fron will fall Hurry repairs of wreathes work on them day & night as soon as enough of them are ready to protect mortar boats send latter to shell Saffron signed Andes Eugenia cool
     8499 :: once & be ready , the troops will probably be off fort Fisher by Friday next I think the fleet will be able to furnish boats Enough if they can not be got conveniently else where signed US Grant Lt. Gen 1020 PM Beckwith City Point Hd Qrs Pulaski Jany 2 1865 Pulaski 8 PM 2nd for Gen Halleck Washn ---- reports recd t
     2106 :: Cairo 13th Mar 13 62 11PM For G V Fox or Lieut Henry A Wise The Iron clad boats cannot be held when anchored by the stern in this current on account of the recess between the fantails forming the stern yawing them about and as the stern of the boats are not clad and have bu
     6805 :: commands. Mc Pherson with the remainder of the 13th Corps is at Helena & part of Cams force is also there waiting for boats to Join the expedition but larger boats entering Yazoo pass may go forward but cannot return & enough small boats cannot be found to convey these reinforcements with any rapidity the expedition
     8909 :: ing Weasel will be assembled to bring him to Banjo if finally decided that he shall come by water yardstick We can have boats enough in Perkins hours to bring up Brown Dwight at a trip yacht Dum = frees is a bad place to land at It would be better to land at Barber yawl Ingalls Capt Geo H. Smith Wash'n Mar 7th 1864
     3645 :: teenth Genl Pope received an order from Genl Halleck to move his army immediately to Pittsburgh Landing leaving with gunboats force enough to Garrison fort Pillow if evacuated by enemy our fleet left Fort Pillow next morning at daylight and will all pass Cairo during this night Hope to reach Genl Halleck Monday night t
     8934 :: eneral Geo D. Sheldon Ft Monroe Washington Apl 19th 1864 Harriet For Lieut Pandora Begs Vincent Zebra Pebble Sampson boats and perfume tugs leave Growl immedy for Appian Zodiac Princess Wise wicks from fool and Baptism has chart erred feeble side wheel Weaselers penny propel lears Plunder tugs Plank Wayworn bar gees
     5102 :: Flag Officer Farragut off Vicksburg As soon as you can spare them from your operations at Vicksburg send twelve Mortar boats and the Octorora with Commander Porter to Hampton Roads. Retain the others under Commander Renshaw Let there be no delay Answer by telegraph signed Ingrate Emma how are you boys
     4787 :: 0 am Qr Mr Gen . Genl Wright left at 10 am . his troops number eleven thousand , they are embarking rapidly . there are boats enough here now for seven thousand . I expect more boats will arrive in time . Wrights artillery and trains are left behind Rufus Ingalls QrMaster
     4402 :: Geo D Sheldon Washington Oct 13 / 63 for Vernon Faust her it is reported that two boats with some thirty men have been have ring round hog Island probably intending to destroy that light can you not send a steamer to cut off these boats if they are really there period Prescotts Wa
     5749 :: fully half a spoon wide and quite deep when we left wilcox wharf at pony o'clock this morning there were pebble wayworn boats there to begin salmoning Barlows quitman unity no sampson boats had yet appeared pedlar however the pluming wilby made with all practicable rapidity the whisky pocketing on boats and the patron
     8607 :: the Spalding was to be loaded with wounded and some escaped prisoners I will have an order made prohibiting the use of boats for HdQrs US Grant Lt Genl
     7478 :: m F Smith Commanding Hazens brigade Sheridans Division 14th corps & Turchins brigade Bairds Division 14th corps floated boats of pontoon bridge down the river from Chattanooga to Browns ferry six miles below landed surprised & drove off Enemy's pickets & reserve , took possession of hills commanding detour of ferry on
'greyhound': 2 hits: 5780 4536
     5780 :: incent unity japan leaves here at Martha to meet his family at appian zebra on his air rival there place the weasel her Greyhound at his dispose all yoke roof us Ingalls palate S. H. Beckwith
     4536 :: 11 am 1130 am Balto. Apl 17 1864 Br Gen M C Meigs QMG Telegrams recd & being attended to probably six side wheel steamers will be sent from here two of large capacity ---- leave for Philadelphia toni
'meet his family': 2 hits: 5780 2167
     5780 :: t Va. Aug 27 / 64 Geo. D. Sheldon F mary to paradise are see webster Chief vincent unity japan leaves here at Martha to meet his family at appian zebra on his air rival there place the weasel her Greyhound at his dispose all yoke roof us Ingalls palate S. H. Beckwith
     2167 :: msburg 10 Eckert barber from the information reaching me from every source I regard it as certain that the rampant will meet us with all his force on or near the Chickahominy they can concentrate many more men than I have and are collecting troops from all quarters especially well discipline troops from the south Casua
'webster greyhound': 1 hits: 5780
     5780 :: t once to barber Virgin I a disquorum and march direct to growl and wick to you at that place zodiac very Respect fully webster lonesome &c. Geo. D. Sheldon City Point Va. Aug 27 / 64 Geo. D. Sheldon F mary to paradise are see webster Chief vincent unity japan leaves here at Martha to meet his family at appian zebra
'charles city landing': 3 hits: 4711 4712 5748
     4711 :: hite House June 14 1864 White House 14th June for Capt Allen Qrmr Seventh Street Whf Wash. ---- Send the mail boats to Charles City landing on the James River H. B. Blood Capt. A. Qm. 8.20 Pm Ft Monroe June 14 1864 Hd Qrs Near Wilcox Landing 530 P. m 13th via Ft Monroe 3 pm 14th for Gen Halleck Wash ---- the advan
     4712 :: re in charge of removing the balance of property from this depot ---- I start with most of my employees immediately for Charles City landing where supplies for the Army of the Potomac are to be sent ---- please cause a good supply of forage hay & grain to be sent at once to that place <deletion>P</deletion> P. P. Pitki
     5748 :: Eckert Di White horse fugitive viola for princess Allen vinton plunder street wharf growl unity send the mail boats to Charles City landing on the Bergen Yoke H B Blood pilgrim A Vincent Cloudy windy appearance of rain Geo D Sheldon Ft Monroe June 14 1864 Maj Eckert Di for Rucker vinton unity princess Pitkin wants m
'mail boats': 14 hits: 6634 4617 6991 5905 4711 3609 5927 2587 8530 4742 4745 3645 8381 5748
     6634 :: From St Louis 18th 10 PM Recd July 19th 1862 . For Andes I shall mail to you might most important documents in relation to Genl Badger . Stop all action in relation to him till you receive them . I have not had time to read them myself but Ingress has examined them
     4617 :: s Plantation about eighteen miles below Alexandria by land . Dispatches from Lt Commander Breeze for you go forward by mail - A. M. Pennock fleet Capt & Commandant of Station
     6991 :: k artillery battalion was arrested in Rochester, & has just been committed to await action of grand Jury particulars by mail signed H S. Olcott, Comr. War Dept 1 1/2 PM 530 PM Memphis Tenn June 3. 1863. from Memphis June third 130 PM for Gen Halleck I have sent to Gen Grant in all twenty eight Regts of Infantry s
     5905 :: eo. D. Sheldon Nelly for Shelby Gordon farmer zebra notify polkaers of boats and vessels on the chess a peak and all be mail canal and Choal Ann windsor that a large party has left Gideon probably to spur navigation of these or neighboring waters by torpedoes or boarding vessels send word also to shelter mock to notify
     4711 :: >F</deletion> White House June 14 1864 White House 14th June for Capt Allen Qrmr Seventh Street Whf Wash. ---- Send the mail boats to Charles City landing on the James River H. B. Blood Capt. A. Qm. 8.20 Pm Ft Monroe June 14 1864 Hd Qrs Near Wilcox Landing 530 P. m 13th via Ft Monroe 3 pm 14th for Gen Halleck Wash
     3609 :: s by new channel will not reach New Madrid before Thursday I spent several hours with Rissell yesterday Report fully by Mail signed Thos. A Scott - -
     5927 :: John received unity wilby ready to leave here wheaton morning zebra Can I have Cooper ration torch navy zodiac Can the mail of this panther pekin pebble pelican perfume quincy harsh penny pelton be sent down to night If it canby I should be glad togget it walrus S. H. Roberts paradise polkingrape Geo. D. Sheldon Ft
     2587 :: Lamson go to the Dept by today's mail every effort will be made to execute President's order. On the twenty sixth I recd an official communication from Genl Peck dated the twenty first assuring me that he would hold the upper Nansemo
     8530 :: gency demands but they are not sea going boats . It is 10 am and no sign yet at Ft Monroe of either the Washn or Balto mail boats of the day before . Please have the Potomac carefully watched ; its reported that the " Express " is sunk forty miles below Washn Ingalls
     4742 :: Louis possibly also at Memphis & Cairo . this party will be in squads of two or three at each place they correspond by mail in Cipher . Lieut I F Beal was formerly a Lawyer at Shreveport Louisiana he is about five feet six or seven inches high light built slender slim faced freckled light brown hair light moustache ,
     4745 :: at Memphis and Cairo . This party will be in squads of twenty three or two and three at each place they correspond by mail in cipher . Lt J Beal was formerly a Lawyer at Shreveport he is about five feet six or seven inches high light built slender slim face freckled light brown hair light mostache has been recently c
     3645 :: airo during this night Hope to reach Genl Halleck Monday night two regiments were left with gun boats I report fully by mail and will go up Tennessee reporting daily by telegraph and mail if possible signed Thos A Scott Cairo Apl 19 1220 AM Recd apl 19 for EM Stanton Before leaving the fleet Com Foote desired me to
     8381 :: m day to day but he is probably unable to do so having no supper communication period more over it is probable that all mail boats were sent to Odon for Yoke period I have no communication with Buxton since he left Knoxville Communicate to him directly what you wish him to do Applause Francis Sept 30.
     5748 :: 14 . 1864 Maj Eckert Di White horse fugitive viola for princess Allen vinton plunder street wharf growl unity send the mail boats to Charles City landing on the Bergen Yoke H B Blood pilgrim A Vincent Cloudy windy appearance of rain Geo D Sheldon Ft Monroe June 14 1864 Maj Eckert Di for Rucker vinton unity princess
'blood': 15 hits: 13242 6080 8233 6327 8693 10032 9786 4711 4712 8510 11894 10496 5103 5748 2199
     13242 :: H'd Qrs A. of P. Nov 2d Maj. Eckert Finished Line to Martinsburg last of April 1863 ---- I drew of Capt. Blood three hundred ( 300 ) pounds Coal and one hundred ( 100 ) pounds Wagon grease at White House some time in June but am quire sure sent him requisition signed by you . Could not see him yesterday
     6080 :: Medical Director of this Army wishes to have five hundred Hospital Tents complete with suitable stoves sent to Captain Blood at Aquia <deletion>Creek</deletion> <insertion>tomorrow</insertion> if possible It is probable that the operations of the succeeding two days will render them necessary on the Hannibal I telegr
     8233 :: okuk's furniture with spy glasses washed ashore on Morris Island beach Many of these articles were covered with clotted blood Impression prevails at our Robin that slaughter on board Keokuk was tear able finis T. T. Eckert.
     6327 :: f dealing with this matter <deletion>second</deletion> <insertion>so</insertion> as to avoid any forcible collision or blood shed renders it needless tomk any sugg'n in the subject beyond appl fewer action <deletion>fmano</deletion> <insertion>Infant</insertion> Tinkers AB Chandler N. Y. Washn Aug 30th 1866 Income
     8693 :: elligerants I am therefore induced to address you in this form the inquiry whether in order to stop further effusion of blood & destruction of property you are willing to make a temporary suspension of active operations & to communicate to Gen Grant comdg the armies of the you S the request that he will take like actio
     10032 :: berg N Orleans Washn June 17 1865 Happy Luke Marshall for Negus Ginger tulip Hill the assignment of revenue Paxton H B Blood now Chief Vermont talbot Oliver Dayton Persia Pelham to the queenly at gland with rank of Paxton & revenue Pearl J G Chandler to the Oliver Dayton Peru Pelham as Chief Vermont be satisfactory wi
     9786 :: to ruin the End Talbot Camp pain as he has ruined and foiled the beginning Pike nullifying all its vast cost and awful blood shed yacht We were all wrong at Bridle about the French Pelham Pike
     4711 :: or Capt Allen Qrmr Seventh Street Whf Wash. ---- Send the mail boats to Charles City landing on the James River H. B. Blood Capt. A. Qm. 8.20 Pm Ft Monroe June 14 1864 Hd Qrs Near Wilcox Landing 530 P. m 13th via Ft Monroe 3 pm 14th for Gen Halleck Wash ---- the advance of our troops have just reached this place -
     4712 :: teries of artillery & several barges loaded with condemned property surplus baggage etc will be sent to Washington Capt Blood A. Q. M. will be left here in charge of removing the balance of property from this depot ---- I start with most of my employees immediately for Charles City landing where supplies for the Army o
     8510 :: wn Junction and about time we had that repaired they cut it again at Lebanon Junction and killed four soldiers in Cold blood this cut throat gang of twenty or thirty men has infested that section all Summer murdering every union soldier they find and no effort seems to be made to drive them out or exterminate them sno
     11894 :: n borrow the tents for use here by being responsible for them Also please invoice the two 2 old sibley tents to Capt HB Blood A Q M & send invoice to me . Bickford
     10496 :: sistant Engineer Clark Fisher of Steamer Agawam Lieut George H Sterling one of Franklins aides Lt Eaton of Army Surgeon Blood ---- good of Navy Lt Banning of Marine Corps ---- other Officers were captured sig C C Fulton <deletion>good</deletion> Sampson
     5103 :: e hope of holding forth West Tennessee abandoned I must earnestly protest against surrendering what has cost us so much blood and treasure and which in a military point of view is worth three Richmonds It will be infinitely better to withdraw troops from the Shenandoah Valley which at this time has no strategic import
     5748 :: incess Allen vinton plunder street wharf growl unity send the mail boats to Charles City landing on the Bergen Yoke H B Blood pilgrim A Vincent Cloudy windy appearance of rain Geo D Sheldon Ft Monroe June 14 1864 Maj Eckert Di for Rucker vinton unity princess Pitkin wants me to send all shaker to James town Smyrna Ze
     2199 :: e hope of holding south west Tennessee abandoned I must earnestly protest against surrendering what has cost us so much blood and treasure and which in a military point of view is worth three Hummings. it will be infinitely better to withdraw troops from the Shenandoah Valey which at this time has no strategic importan
'perit': 3 hits: 5787 5808 10213
     5787 :: Ft Monroe Oct 4 / 64 Maj Eckert Washn. Animal Rosalie pension for palate Rucker growl zebra will send Perit Belvidere H Livingston Veruna Blackstone United States Karnak Weybosset Shelby Lyon Hudson Star torch waxy Crescent and Shelter Sedgwick tonight zodiac Please give orders to have these wick here
     5808 :: ue minnie for princess D Stinson vinton France plug publish mandate spit ninth Abel will leave here at Nancy on Weasler Perit to swindle their wharton Youth William L James pilgrim and Vinton Geo D Sheldon Washington Nov. 14 1864 Geo D Sheldon make Rambling Editions to no plug Penfield for Pulaski Godfrey and graine
     10213 :: oal and have ordered it sail as soon as weather will possibly admit , Can spare more which is a = float ---- have given Perit Eleven days supply of Coal & thirteen of water ---- will give salvor eight days coal and twelve of water ---- propeller Montauk has broken valve crank , Hope she will be ready tomorrow evening -
'stinson': 3 hits: 5808 12209 9912
     5808 :: ton Shelby 66 John Horner Ft. Monroe Nov 6 . 1864 John Horner New York Animal November plague minnie for princess D Stinson vinton France plug publish mandate spit ninth Abel will leave here at Nancy on Weasler Perit to swindle their wharton Youth William L James pilgrim and Vinton Geo D Sheldon Washington Nov.
     12209 :: en written to urge them to push the cable through it could have been sent in one fourth the time by the outside route D Stinson Capt AQM 72 [unclear][/unclear] 427
     9912 :: No 1 5.10 P. m. Horner N. Y. City Pt Dec 9. 1864 Blubber padlock for pilgrim Stinson Vincent frog <deletion>The</deletion> The weasler Empire City Stomach here this mng. with whiff of Knox roman ---- She is probably at Appian by time you receive this ---- Jupiter has wrangled
'ninth vermont': 6 hits: 8451 9605 7342 2838 4333 4419
     8451 :: the tenth Camargo Shylock can be spared from Harpers Ferry it will be sent back to Image Its term expires on the twenty ninth instant signed Abortion Henrietta Beckwith Chattanooga Washington Jany 9th 1864 Pagoda ninth For Thomas The Aragon will give orders to send on the men to work on the Soaps as you desire I dee
     9605 :: e the Governors suggestion but do not ask you to adopt it Abortion S. H. Beckwith Washn Nov. 29th 1863 Pagan Twenty ninth Martha For Ban = = gor Jasper Advices from Knox = ville on Wednesday last an that Burton is still hard pressed Yankees should be pushed for = ward as rapidly as possible till it is positively
     7342 :: n sixty three for Lt Col. J. C. Kelton Apt Adjt Genl Head Qrs of the Army Wash. The fourth fifth seventh eighth twenty ninth sixty sixth one hundred & tenth one hundred & twenty second & one hundred & twenty sixth Ohio Second Massachusetts first Minnesota third Wisconsin fourteenth & twenty seventh Indiana & seventh M
     2838 :: n tonight signed Hooker Recd 1250 A M Maryland Heights June 25th 1863 Gen Halleck Two Intelligent Sergeants from the ninth Alabama Regts have just come in they say they belong<deletion>ing</deletion> to A P hills corps and that it is all on the Maryland side of Potomac they say Long = = Streets Corps is between C
     4333 :: Hd. Qrs. A. P. June 25th 1863 Sheldon Agate one of our men came from Neptune June ninth highly intelligent and trusty forces on the black water one reading and one raven not to exceed twenty five hundred under valley Jenkins of North Carolina the raven is at Black Water rabbit no o
     4419 :: ave arrived when shall we have the rest audit Geo D Sheldon Washington Jan 29 1864 Geo D Sheldon Pagan January twenty ninth for abbey your despatch is received I am unable to in form you where the rest of bakers relay are but up on inquiry at Vernon Augurs Yatch I was told that the desired inform nation would be sent
'horner stinson': 2 hits: 5808 9912
     5808 :: but niggarded Salem and let Shelby shepley have sufficient Salem to meet even that walrus Knox Taunton Shelby 66 John Horner Ft. Monroe Nov 6 . 1864 John Horner New York Animal November plague minnie for princess D Stinson vinton France plug publish mandate spit ninth Abel will leave here at Nancy on Weasler Perit
     9912 :: No 1 5.10 P. m. Horner N. Y. City Pt Dec 9. 1864 Blubber padlock for pilgrim Stinson Vincent frog <deletion>The</deletion> The weasler Empire City Stomach here this mng. with whiff of Knox roman ---- She is probably
IIIF 5748 ok
IIIF 5780 ok
requests 14
