'fever alarming': 1 hits: 5785
'fever fatal': 2 hits: 5785 13060
'change air': 1 hits: 5785
'close offices': 3 hits: 9257 5785 7968
'morehead fever': 0 hits: 
'cut poles': 12 hits: 13014 13025 11402 11574 13380 14079 11621 11674 8818 11686 14152 12961
'paying out': 9 hits: 5857 7956 6189 14123 7080 5706 5370 14186 6043
'detail axes': 0 hits: 
'gloster cables': 1 hits: 5706
'white house connect': 2 hits: 5706 2190
'white shoal': 6 hits: 5819 4289 4310 4311 3426 3493
'tow off': 4 hits: 5819 7780 12738 10302
'chain ready': 6 hits: 8999 5819 5865 8508 12718 7429
'anchor shore': 2 hits: 5819 14138
'parker onondaga': 4 hits: 5819 5820 5824 8544
'mulford boats': 0 hits: 
'transferred authority': 1 hits: 5804
'babcock respects': 1 hits: 5804
'boats transfer': 3 hits: 6630 5822 6644
'halifax': 30 hits: 11091 11092 5798 11093 7888 11099 9042 5565 9045 6332 9067 9633 12196 13622 9101 7595 9816 9817 9819 9820 13103 9835 9836 9149 12001 9886 9917 9221 12330 12333
'tallahassee': 6 hits: 5798 10090 10092 12196 5880 8729
'montauk point': 7 hits: 5798 5811 12170 5853 5929 8921 7818
'latitude steering': 1 hits: 5798
'miles shore': 19 hits: 6641 4225 2504 10412 11447 11448 11452 5275 11620 3385 13676 2848 13439 14123 10239 3640 3935 6847 6848
5819 ERR Remote end closed connection without response
requests 29
