'paymaster binney': 0 hits: 
'brice binney': 3 hits: 5829 5857 9913
     5829 :: s date unity money is difficult butty will continue immed'y to Reese supply Taunton Binney for this out lay walrus B or Brice another to Tappan Binney sheaf pay Mr famish pa plunge months pay to officers designated by authority of Knave Zebra I will make you hole immedy for this outlay B W Brice Acting Pay Mastr Genl
     5857 :: tion> arrived answer quick T. T. Eckert 1 P. M. Ft Monroe Jan. 5 / 65 Maj. Eckert Washington Farmer person for palate Brice Pay Master Shelby growl zodiac Knox orders payment to Company and whipal officers of a second rape unity They were not mustard for December laugh plug ditto I have declined as opposed to law and
     9913 :: from Relay house stick Please have me notified by whim in pigeon whenny Pay masters maybe sent to Relay house welch B W Brice No 1 5 PM Sheldon Ft. Monroe Wash D. C. Dec. 12 1862 Lucy Knox I have directed Tappan Binney toupee plug mos. pay to such officers as you may designate being those referred to by you in your
'officers designated': 8 hits: 6064 5829 6329 8722 8738 8743 9913 9687
     6064 :: n> by verbal instructions from the Quorum Commanding not to exceed eight miles from their present positions The men and officers should be provided with three days cooked rations forty rounds Palmetto must be carried in cartridge boxes & twenty rounds in pockets The Palmyra wagons & Pandoras will be supplied with at le
     5829 :: hington Dec 12th 1864 Geo D Sheldon Ft. Monroe Lucy Knocks I have directed Tappan Binney toupee plug months pa to such officers as Yuma designate being those referred to bayou inure telegram of this date unity money is difficult butty will continue immed'y to Reese supply Taunton Binney for this out lay walrus B or Br
     6329 :: War Dept 1866 to Pagan Bureau sligo The officers for new stagges arnot yet designated Have you any recommendations to make unsa Africa CA Tinker C. F. Gross N. O. War Dept - Aug. 15th 1866 Webber Buffalo Bourbon Vonch red A cipher jointe
     8722 :: e fourth instant and will arrange that the troops and property within the limit of Gen Thomas command be surrendered to Officers designated by him ---- ---- ERS Canby Maj Genl 11 AM 9th Richmond Va May 8th 5 pm for Secy of War Persons organizing the National Bank of Virginia are represented to me as disloyal and ve
     8738 :: the chiefs of <deletion>our</deletion> my own staff to account for & turn over the property in their charge = The civil officers appear to be disposed to account for and turn over in good faith the property which they hold and I expect in a few days to get accurate accounts of all cotton belonging to the rebel Govt wit
     8743 :: im to report to the chiefs of our my own staff to account for and turn over the property in their charge ---- The civil Officers appear to be disposed to account for & turn over in good faith the property which they hold and I expect in a few days to get accurate accounts of all cotton belonging to the rebel Govt with
     9913 :: 5 PM Sheldon Ft. Monroe Wash D. C. Dec. 12 1862 Lucy Knox I have directed Tappan Binney toupee plug mos. pay to such officers as you may designate being those referred to by you in your telegram of this date ---- Money is difficult butty will contrive immy to re - supply Binney for this out lay Walrus B W Brice Ahr
     9687 :: e authority from the Arabia to make an official visit to Dept of the South period Reserve also . three State rooms for officers of rank to be designated here after and dont let the Fulton sail until further advised on this subject Period Report for orders when ready sig MC Meigs Aragon Confidential
'leave for washington tonight': 12 hits: 12111 5811 5252 5277 5664 2100 5931 9468 6786 13197 4413 5754
     12111 :: 12 Aug 8 Cincinnati Aug 8 Maj TT Eckert Will [insertion]meet[/insertion] you at Altoona Friday 13 . All well Leave for Cleve tonight Mrs Eckert 12.45P. Aug 8 Saratoga Aug. 8 TT Eckert Is secy Walton in Washn [unclear]or[/unclear] when I would like answer in time to write him today E. S. Sanford D. H.
     5811 :: SH Beckwith City Point Florence Jupiter I will await your cumming and notify thadmirl unity please wrangle me when you leave so that I mayby sure and meat you walrus Knave out Geo D Sheldon Washington Nov 29th 1864 Geo D Sheldon Ft Monroe fanny Harrow padlock to pandora R C Webster vinton animal please and here imme
     5252 :: rk artillery left here yesterday at noon for Baltimore The hundred seventy fifth and hundred Seventy Seventh Penna will leave today to be mustered out of service at Philadelphia and Harrisburg on the fourth and fifth proximo signed H. H. Lockwood 10.40 A.M. Head Quarters Army Potomac July 31. 1863 - For Genl Halleck
     5277 :: g officer of promise who will bring it up but he needs forty recruits please ask Gen Halleck to authorize that number I leave tonight for Vicksburg L Thomas A. G. 9.40 P.M. Head Qrs. A. of P. Aug. 12. 63 Hon. E. M. Stanton I will leave here tomorrow at 4 P.M. will be in Washington by 8. P.M. will call there at su
     5664 :: anslate your sifer repeat it soon R OBrien Ft Monroe May 11 . 1864 Maj Eckert Dil for Bender zebra pension tugs will leave for grapes at once pekin will send another tonight if it arrives from blubber zodiac Knave has ordered weaselers to be held at Bermuda hundreds sufficient to carry plaster promise Squash and cor
     2100 :: olis Andes send us something to eat H S Cairo 11th PM For Hon Edwin M Stanton Just received your message of yesterday Leave Cairo Wednesday morning Cincinnati Wednesday night Pittsburgh Thursday afternoon Instructions will reach me at either point shall get to ocean Friday noon unless delayed <deletion>tomorrow mor
     5931 :: lum to the not away sugar you can Come up to night if summers panama comes to farmer wheaton as they are expected to do leave word where they had better land yoke Meriden send answer to Mister Emerick S. H. Beckwith
     9468 :: ong whom is Captain Alexander Provost Marshal of that place have been in Washington but may have left last night or may leave here today or tonight one or more will be in disguise of the United States uniforms that being a common trick and other as citizens They expect to cross our lines at Point of Rocks Berlin or Ha
     6786 :: ning regts of his brigade goes to Culpepper tomorrow The Twenty Seventh Indiana regt returning to its brigade This will leave four regts at Culpepper under Genl Crawford instead of three as now without Commander The Battery remains Genl Hatch acknowledges his error in taking Infantry and Artillery but thinks Ewell was
     13197 :: to Washington , I am anxious to see you on official business LF Sheldon 255P Oct 27 Boston Oct 27 Maj TT Eckert I leave Boston tonight for Washington TQ Waterhouse DH
     4413 :: y & military authorities the meeting is at Abbeys request. Thomas is short & thin pale face red hair & chin whiskers he leaves on boat tonight for Washington I leave for Cuba tomorrow night yours truly L. F. Sheldon Ft. Monroe Dec 28th 1863 Maj Eckert Di Arabia I have twelve Valleys in this Dept & about seventeen or
     5754 :: Neptune nothing yet wharf from front - Geo. D. Sheldon White House June 17 / 64 Maj. Eckert Washington No boats will leave here until Sheridan and hunter arrive period probably Bliss will not get away for two or three days yet end Bickford
'terry varina': 1 hits: 5801
     5801 :: Ft Monroe Nov 1 . 1864 R OBrien Hd Qrs A. of J. Martha Appian for Taunton Shelby Terry polkaing trance Varina unity I leave for growl tonight Zebra Shylock all I think Wilby quiet zodiac Lieutenant Pandora Smith will attend to Tarquin quadrantal matters yoke Knave unity repeat thi
'repeat this to': 61 hits: 13237 4583 9265 9011 9267 9723 5801 9725 12824 5436 9573 9032 9033 9291 13996 10006 10012 14019 10028 10034 9783 12627 9085 8277 9086 8285 9104 8744 6191 9132 13666 14098 9855 8023 12703 7771 9451 2118 9179 9474 8932 5095 9902 8947 9909 3668 4126 4127 9913 8593 6034 9930 9677 3090 6044 9683 10301 8611 9251 9698 11746
     13237 :: r] Nov 2 Maj. Eckert . I only recd your msg at 1030 this A. M. I will investigate the matter Have instructed Culgan to repeat messages at once David Hd Qrs AP Nov 2 Maj Eckert I can make use of Colling Please do not accept his resignation for the present Caldwell
     4583 :: ld be sent forward without horses I telegraph you direct that you may give such instructions as may be necessary ---- I repeat to you what I have already stated - In presence of secret dangers which I know to exist & hope soon to circumvent and the posture of affairs in Arkansas and Louisiana to leave this depot withou
     9265 :: ts from a reliable source urge Damascus Summer war maxim slurt rather strange R OBrien Raleigh NO Wash Aug 17 1865 Repeat Shurr to Watson here at once yacht send by mail a full statement of facts in his case tulip will put him on duty in this vicinity tulip end DH Bates
     9011 :: te authorities to receive orbit for which they have made contracts & which had been partially supplied previous to the repeat yacht The orbit are mostly Ballard rifles and as he says are intended exclusively for Abbey wedge now serving under Shark Bun Pewter yard Ought they toby be allowed to go forward yawl Pollux no
     9267 :: of muster out to Bowery according to your own Judgement Jingle Jasper Jingle market in his delegate giving notice tooth repeat of your order scarlet Granby the Tortugas prisoners granulate heard with some surprise that Doctor mud D one of Mister Lincolns assassins greeted lately at Tortugas gather choked to duty asa Su
     9723 :: e could act in the matter yard Nutmeg was at Camden on the Oliver and was in formed of Laplands dis = as = ter yacht An repeat to him to return to Little Rock would probably reach him in Caldwell or Dawson days Tulip one to cherub would not reach him in less than Brooks weeks yacht This would cause a conflict in your p
     5801 :: lock all I think Wilby quiet zodiac Lieutenant Pandora Smith will attend to Tarquin quadrantal matters yoke Knave unity repeat this to paradise Smith assistant Barton how are you Geo D Sheldon Ft Monroe Nov 1 , 1864 R OBrien Hd Qrs A. of J. Rosalie animal for Lieutenant pandora Howard chief of nuptial zebra Knox wis
     9725 :: on Cushing for Chart Tulip The Laugh in motion will reach Fair - facts to night Several waynes not watsoned Will leave repeat for them to reward up Tulip We have the requisite Palsy and sword with the Laugh yawl Bracket when you going start south No 32 Capt R. F. Clowry Little Rock Wash'n D. C. Apr 27th For Comman
     12824 :: 5P. July 23 Harpers Ferry " 23 Maj Eckert , American lines west in such bad repair cant work with Grafton who does the repeating . Cumberland refuses to repeat our govt business for the west . Will you ask Mr Westbrook to instruct Cumberland oprs to repeat for us ? We have govt business on our files now which was recd
     5436 :: f opinions as you have recently honored me with particularly as they were not asked for ---- I take this occasion to repeat what I have before stated that if my course based on my own Judg meant does not meet with approval I ought to be and desire to be relieved from Command Geo. G. Meade. 8.30 P.M.
     9573 :: reports that Wileys relay have crossed the spartan below Kingston for a raid upon his communications period I can only repeat what I have so often urged the importance of your connecting with Benjamin Walnut on north side of the Spafford so to command the crossings Applause Henrietta fine day this 10.30 a. m Congdon
     9032 :: ermonting these guerilla bands Borgia S. H. Beckwith Washn Aug 3rd 1864 Hang Moses Benton Imogene For Chart Tulip In repeat to prevent raids wheedle Wheeling and Pittsburg I have directed the weaknesses leading from the Cumberland Wrangle through the the Steubens to be so nearly blocked up that the Portage people ca
     9033 :: s should Swindle Pike But please look over the dispatches you may have received from here Pike ever since you made that repeat Pike and discover if you can that there is any idea Shylock head of any Allen here of Valley putting our Persia White Talbot Robin Valley or of Valley rewarding him tooth death Valley in any di
     9291 :: nt tensed Toby hang Ed Scarlet See galway Dublin Marshall justifies Jesh Ludwig & Parker of Sheridan Graham Thomas from repeat office Red Judge Downing Warren Thomas the Raleigh justified the sent tense of death toby flavored in this case carmine orderly please see that its done carmine Loath receipt & flicker carmine
     13996 :: mphis & Corinth are down business would be sent by Meridian & Columbus to Corinth & Nashville , when lines work well we repeat once only between here & [unclear]NO[/unclear] either at
     10006 :: ulon B Vance late village Sharper of Bedford and send him to hang under close saddle please acknowledge receipt of this repeat Crowd CG Eddy Ft Monroe Va Washn May 9th 1865 Julia Evans Annapolis hound Wooster of wrangle tinkered I know of no shuffle which changes your loath in any particular horse Crowd is in verge
     10012 :: your name will not be used in this matter & Mister Bates trifle well taken care of Yard The Emmet trunk has arrived By repeat Talbot Comb Yawl Thoms Tack cart spunky & a d c Tulip get above tooth person addressed soon as possible blithe most reliable means optic Watson Tommy where & how this is delivered to its sad dr
     14019 :: Two ciphers washington to memphis one [insertion]1[/insertion] dates July twenty third [unclear]lost[/unclear] please repeat in number one cipher no other used in this division except at Genl Thomas Hd qrs. J C. Vanduzer 30/ 340 & 145 Call
     10028 :: ton Hd No 2 Washn June 5 / 65 Hang Florence Dayton for Lonesome Julip Revenue George B Burges aid decamp has just been repeated torry turn to Hilt toned with A G McGrath of Botany and watson to you yard The college directs that Mr McGrath be confined until further repeats in Saco Pulaski Watson execution of this repea
     10034 :: to this pontiac under charge of an radical who will be responsible for their safe delivery yard watson receipt of this repeat name of radical sent with the parcels and date of their depart your from Hebrew Yawl E D Town send <deletion>Lal</deletion> <insertion>assistant</insertion> basket pearl Yorks address Hebrew ab
     9783 :: fair chance to do this if the surgery is prompt yard This is what I think Pike upon your suggestion Pike and is not an repeat yawl college hurry this up sam
     12627 :: yesterday directed to Maj Eckert Wash & Comdg Offs Cincinn I have no key to the cipher If it is intended for Cin Please repeat it in no 9 Answer This is 2nd msg about it Stevens DH
     9085 :: t nutmeg well founded to place maxim in prospect ---- This will avoid the delay of referring back here for the Color's repeat ---- An Inspr is now in asp with authority to remove & orchard Nutmeg Chf Vt & Comsy if he deams it bestow do so ---- The pekin Insprs Watson is not so bad as was anticipated & many of the oth
     8277 :: d period Poplars say the men have been given to under stand that it is to be a long and desparate one period I can only repeat the recom = mend = a = tion so often made to you to mass your Stanhope more in convenient places for rapid & concerted operations holding Scotland Pedlars only with small detachments in block h
     9086 :: y intelligence from telegraphic operators is that the Sexton Royal road is very little broken & might be put in running repeat before Negus could get his Dawson & Morgan pelton there say in Austin libels ---- With a rapid accumulation of rolling Stock of the Sharper & baron road they could be moved at once to banjo & w
     8285 :: alto. Wash. D. C. June 14. 1863. 9 <deletion>one</deletion> <insertion>12</insertion> forty five for waddle I have so repeatedly urged you to with draw your maine forces from Optic so recently (the Eleventh) directed it that I can not under stand how waffle could have been left there to be in = vest - = ed I repeat
     9104 :: son Dayton Imogene For Negus yacht In a cord auto with the Watson of Pearls Alexander and Them in regard to your wishes repeats have been given to take up the man = ass = a walnut back to man = as = say Sulphur and to rebuild the Weakness from Chum Whidle honey yard As the Robin may strike at Lantern while taking up th
     8744 :: the states of Alabama & Miss ---- I shall keep the main body of the troops well to gether & make such detachments only as may be necessary to guard impt points & the depot of supplies that will be tu
     6191 :: rowing H F out close present Hd Qrs & extending line as army advances & have Lawrence at Berlin & come to point Rocks & repeat what business we will have for H F F etc this will make one side of line from Mc to HF idle & will not require an operator at present HdQrs he wants to know what you have done & if this arrang
     9132 :: Baker Baden which is now red used to Allen Smith Summer He asks forth Edwards come ponies with French Pelton yacht If I repeat as you direct it will leave not a single Mount ed man Shylock Quotient talbot Wick Is this your in ten shun Stanhope Yawl Lamb R. R. McCaine Wash'n Dec 1st 1864 1130 AM Florence Brooks for N
     13666 :: Dec 27th inclusive 5 day Geo D. Sheldon Cleveland Jan 2 5 Maj Eckert Have recd no order from you for Blanks Please repeat it SG Lynch
     14098 :: ipped . they will be back on our lines in about two weeks & think will used up ---- E Creighton DH Cleveland refuses to repeat this as it was " sent upstairs by Col Stager " [unclear]T[/unclear]
     9855 :: & valley to Barton A large quantity of waltz another water weasel hasben collected shylock waters talbot Chesapeake in repeat toby ready for any sudden general surgery of widows yard The expense is great and I have there for task whether in view talbot late sheriffs shylock Appollo wrangle twilby prudent to reduce thi
     8023 :: Since lines turned over has been great trouble to do business with Jackson owing to drunkenness and neglect, line opens repeatedly for long time and when it come OK Operators at Jackson change trouble on us, do not think present manager Kurns fully of this, only this morning we had to repeat large number of messages d
     12703 :: ham of french [unclear]sleeved[/unclear] lamb mark savory a shylock have but pelton palestine brooks pelham is I period repeat to shylock for hidden hand he the I of the morgan snake leaving no objection princeton this is a and this nelson madame harriet Caldwell mason leave third also change [unclear]talbot[/unclear]
     7771 :: ---- the QrMr Genl was asked some time since to send a part of the hay required by sea ---- I telegraph to him today to repeat the recommendation ---- ERS Canby Maj Genl 1.35 AM 17th New Orleans Feb 11th via Cairo 18th N Orleans 1 PM QrMrGenl, Washn ---- It is exceedingly important that at least one half of the hay
     9451 :: ou must give him all the assistance in your power Applause Clara Baldwin Balto Washn May 7 1863 For Cheese Brough AAG Repeat Roberts last dispatch to Kelly Hurry forward the 14th Pa Region to Grafton Order there also the 9th & 10th Denmark rabbit Have Spafford at Martinsburg immy give Roberts supplies The soup commun
     2118 :: I have a most serious task before me in the fullfilment of which I need all the aid the Government can give me. I again repeat the urgent request that Genl Franklin's and his division may be restored to my command Andes ----
     9179 :: feathered Purchase No 3 12 1/2 pm Beckwith City Point Wash Feb 4. 1865 matilda rebel The mexico desires me Downing repeat that nothing transpired or transpiring with the Dunn Gentle floyd from weld is to cause any change hindrance or brave fewer flurry Queen plans or Garnets Include mimic
     9474 :: - pers fer - ry we shall be for = tunate Tyler Br Genl. 320 PM Moorhill Martinsb'g Balto June 14.1863. for Tyler - I repeat every thing must go to Md heights that is possible Endeavor to communicate this - & urgently again to Gen Milroy the Enemy appears to have gone by Winchester to the west = ward if he is appeari
     8932 :: S. H. Beckwith "ch" Enlist transfer Wash'n Apr. 18th 1864 Mason Genesis Jennie For Magic The Fisher Biscay Pedlar was repeated to be mounted and read at Pauline Denne son and then sent to Spark Crook yard The Pekin Bunan has been directed to do this at once yacht Shark W. S. Nuptial at gaul has called on Bologna for
     5095 :: July 1st 1862 For Alden Your several dispatches of yesterday to Secretary of War and myself received I did say and now repeat I would be exceedingly glad for some widow from you still do not send a man if in your judgement it will endanger any point you deem important to hold or will force you to give up or weaken or
     9902 :: ulia Ogden For Argus Have any Talbot Dawson Pelton Stephen for Harry Stanhope Please Whimper when each Queen leaves in repeat that we may be ready to receive them yawl Lamb born " No 1 " O'Brien HdQrs Army James Wash Dec 1.1864 hannah plungeth for Knox ---- Telegram read ---- one Wm tons mine - ing pow - der were s
     8947 :: gainst the with = drawal of Nuptial at this time as it would be fatal to us yard The Navy Quotient asks to know this in repeat to Whiff instructions to Black for Odor Pike What shall I reply Stanhope yawl Lamb Harding & Nuptial both arbitraries careful another same Time & Date To Madrid Tulip Whiff manager at Blubber W
     9909 :: SH Beckwith Washn Dec 7th 1864 10 AM Emily Downing Crowd Yon remember that when Nutmeg was relieved by Mastiff he was repeated to Black to watso to this Quotient Tulip what shall be done with him Stanhope The repeat supper seeding by Belmont has been issued yacht Niggard seems unwilling to Pardon be cause it is has h
     3668 :: ents be sent thence to Piketon Fremont Wheeling, Va Apl 30th Rcvd 30th Hon Stanton Dispatch of today just received I repeat the following report sent yesterday morning namely Genl Milroy reports that his scouts have been within seven miles of Staunton Johnson was still retreating and was said to be on his way to joi
     4126 :: ore day break yard Lantern watsons to Lamb that he has wrights Pelham all ready to swindle in umber Pike should Lady so repeat stick Pekin rank out both in the direction of Bard and upon the Rock ville Weakness to ascertain which route they have taken yacht Montgomery Blairs house was burned by them last night but the
     4127 :: ight Baker Roach Fisher swimming & Kenleys Palmetto torch Fisher pelton Jones yoke swimming has arrived here and by the repeat talbot Barton swindles out immediately to night the stomach weasel being furnished by Lantern stop Ricketts leaves about a zebra summer quickened as saddles of Warners & elsewhere whom he expec
     9913 :: nch Negus tulip Pay masters ready togoto for pay ment of your widows unpaid to Moses ogden brown yard Under the Bartons repeat of Pharoah Brooks I mustache you for safe saddle from Relay house stick Please have me notified by whim in pigeon whenny Pay masters maybe sent to Relay house welch B W Brice No 1 5 PM Sheld
     8593 :: e filled . the QMrGen was asked some time since to send a part of the hay required by sea . I telegraph to him today to repeat the recommendation Ed R. S. Canby M Gen 12 M Feby 18 SW Pass Feby 11 1865 N Orleans 1 pm Qr Mr Genl . It is exceedingly important that at least one half of the hay required for this comman
     6034 :: ven of our wesley including Quorum Richardson in the vicinity of Sharpsburg that can not possibly be moved at present I repeat that I do not look upon the forces I have been able to leave from this taunton as sufficient to prevent pigeon raids into David
     9930 :: for Negus tulip Crowd whimpers as rewards for your instructions Valley when the wedge sent by Negus are Rodneyed please repeat them to wren days vow at Bunyan and <deletion>repeat</deletion> <insertion>watson</insertion> by whiff to me for further repeats Valley You will please observe the instructions yawl Comb No 3
     9677 :: death for deser = tion only Pike you will Watson their cases to the War Quotient and suspend the miserable till further repeats Yawl Lady Are you well SH Beckwith " 2 " Washn Feby 16th 1864 1. P. M. Hunter Hannah Johnson Balaam To Belly Geneva Tulip According to Laplands last despatch Turtle Balaam Cushing Turtle Ol
     3090 :: dred of our wounded including Genl Richardson in the vicinity of Sharpsburg that can not possibly be moved at present I repeat that I do not look upon the forces I have been able to leave from this army as sufficient to prevent Cavalry raids into Md
     6044 :: n>from</insertion> his command already too weak If after these representations which I conceive it my duty to make you repeat the order and assume the responsibility it will of course be at once obeyed Asia Big thing
     9683 :: ters transpiring at your Head Quarters in consequence of the indiscretion of officers who have reporters about them and repeat what is transpiring at the army or communicated from here even in cipher Zebra I have this evening directed some information from Farmer and Genoa to be communicated to you and for certain reas
     10301 :: hat his wagons are lost he can move fast & live on the country & the enemy will be entangled by the heavy trains ---- I repeat I am unable here to give Steele the necessary orders for mules wagons & so forth & must refer the dispatch to the War Dept ---- that must decide whether we are to persevere towards upper Louisi
     8611 :: st Tenn . It will be better therefore to keep Stoneman between our garrisons in East Tenn and the enemy . direct him to repeat his raid of last fall destroying the road as far towards Lynchburg as he can . Sheridan starts today from Winchester for Lynchburg . This will vastly favor Stone - men . Every effort should be
     9251 :: to this Pontiac under charge of an radical who will be responsible for their safe delivery yacht Watson receipt of this repeat Pike name of radical sent with the parcels and date of their departure from Bolton yawl Ed Town sends Asst Basket Have you man at Bigelow 2 Capt Gilmore Hilton Head Wash'n June 16th 1865 Hun
     9698 :: ) Wash'n Apr. 8th 1864 1130 AM Genesis Fisher Florence For Billy Tulip Spark Patrick has here for public = a = tion an repeat that all sut = lers leave the Peru Talbot Argus by the Knapp yardstick Will not this give no = tice of your intended Suppers Stanhope The comb has stopt it till we learn whether it has your sa
     11746 :: Washn May 24 Maj Eckert , Have Just received on your N. Y. Circuit one of Bost wrkg where we have to repeat numbers B. P. Snyder 920A May 25 Louisville " Maj. Eckert All lines south OK this A. M. weather cloudy & cool S. Bruch
'nineteenth corps': 3 hits: 9362 7636 13224
     9362 :: Cognac assigned to Haskin one hundred & thirtieth <insertion>(30th)</insertion> New York for Vermin Adorn one hundred & nineteenth <insertion>(119) </insertion> New York assigned to Haskin & thirty seventh <insertion>37 </insertion> Columbia Weber's Raleigh & the fifth Census couldn't get Stomach & Wedge last night b
     7636 :: t For Honorable Secretary of War Washn It is reported that a mob will prevent Governor Curtin being inaugurated on the nineteenth inst. period I think not . <deletion>Stop</deletion> By invitation of the Legislature Committee I shall be present signed Gen Couch fine morning and 650 PM Nashville Jany 16th 1864 Nashv
     13224 :: j Eckert A letter just recd says my brother in law Edwd Welles Co D of one hundred & twentieth N. Y. V. emorys Division nineteenth 19 Corps was killed in recent battle will you do me the favor to [unclear]ascertain[/unclear] if you can [unclear][/unclear] & where his remains are [unclear][/unclear] to whom we shall app
'19th corps': 136 hits: 816 8886 309 7875 1750 2230 4849 6082 7885 10341 12382 1291 8472 1050 1167 3574 4034 5442 12844 9302 388 934 7545 7923 7294 5211 4638 14273 4639 10383 10385 351 7936 13307 507 7687 1534 7238 1356 2939 6362 5238 7324 4667 4671 3820 3853 4682 7724 10432 10074 10436 1226 9660 8488 467 10136 8502 758 5540 547 11468 1108 4059 3604 8011 874 8774 1472 3399 4727 10476 6805 700 7652 7777 10485 185 10486 10488 5952 10493 2129 11928 7790 10245 3294 1654 10504 153 10506 226 6254 10509 1414 7094 1712 2886 10512 6796
     7875 :: disposed to reassign Gen Warren I shall make no objection thereto GG Meade 105 am 20 Hd Qrs AP Apl 19 1865 1130 pm 19th for Gen Grant the order in cipher is recd & will be executed at once ---- GG Meade
     6082 :: re by the authority of Vienna Vernon Byron I have but just returned John Cochrane Valley Head Quarters AP 235 AM Jany 19th For Vienna Vernon Slocum Fair facts Court House You will move your command with all the speed possible without breaking your men down to the neighborhood of Dumfries where you will receive furth
     7885 :: and three batteries which were shipped today ---- Rufus Ingalls Br. Gen'l Chf Qr Mr. 9.45 A. M 24th Hilton Head Apr. 19th 1865 Hilton Head S. C. 5. P. M 19th for Secy of War Wash'n ---- Br. Genl Patten who commands the expedition sent into the interior of S. C marched from Sumterville to Manchester on the 10th -
     10341 :: 1130 pm 19th 11 am Kingston Ga May 19. 1864. Kingston May 19th 10pm for Gen Halleck ---- We Entered Kingston this morning with out opposition & have pushed a Column east as far as Cassville Skirmishing the l
     5442 :: 1130 PM 19th Chattanooga Oct 18 '63 For QrMrGenl Yours Sixteenth received most of the suggestions had been acted on ---- all are true ---- we must have some horses for the teams & cavalry --- cavalry will
     7545 :: 1240 Am Nov 19th Bridgeport Nov 18 63 From Hd Qrs Army of the Tennessee Bridgeport Nov 18th For Gen Halleck Washn Period despatch of yesterday received I was at Chattanooga yesterday & am now moving the 15th Ar
     7923 :: 920 PM Raleigh May 19th 1865 Secy of War Your two ciphers referring to Davis and LF Bates recd and will be attended to at once JM Schofield Maj Gen 9 20 PM Raleigh May 19. 1865 Maj Eckert Bullock is in Augusta. Can
     7294 :: odges Scouts who left Okolona on twenty first at 4 P. M arrived Corinth 10 A. M twenty second State Charleston paper of 19th say Fort Wagner still holds out firing by Iron clads and Wooden Gunboats still continues Braggs Army was at Chattanooga and Atlanta Johnston had made a halt at Chunk river and it was thought woul
     5211 :: ned by the position and movements of the Enemy. Signed G G Meade Maj Genl 10.15 Am Head Qrs A of P. Lovettsville July 19th 10 am For Halleck I am very anxious to have a competent commander for the 2nd Corps made vacant by the wounding of Hancock the very valuable services and most efficient assistance rendered me by
     4638 :: 11 AM 19th Camp near Kingston Ga May 18th 1864 Maj Eckert Camp three miles from Kingston May 18th 6:30 PM . reached here skirmishing the last six miles . found Enemy in heavy force & entrenched so went in
     4639 :: 420 pm Kingston Ga May 19th 1864 Kingston May 19th 2pm . Army moved at 7 AM and skirmished through a timbered country arriving here at 11 AM ninety Johnston retires slowly learning nothing and hitting hard if crowded . as
     10383 :: ainly done by the troops ---- Mechanics must be sent from above I propose to place Col Barley now Chief Engineer of the 19th Corps & represented to be in every way competent in charge unless some other officer should be designated, a report of the actual condition of the road is expected in a few days & detailed inform
     10385 :: ke to get orders to New Orleans & to transport troops from there here ---- I do not think it advise = able to bring the 19th Corps to this field ---- Since Banks disaster <deletion>actors</deletion> too all the troops in the trans Miss. Division may be required there ---- If there are any surplus troops west they could
     7936 :: 440 pm 29 Macon Ga May 28 Augusta 26th via Macon 28th for Maj Thomas take cast ---- your telegram of the 19th 1230 pm reached me only today I am advised that Mr Bates left Charlotte for Washn on Sunday evening 21st, Original telegraph from Breckenridge to Davis was destroyed with all other telegrams sen
     7687 :: 130 P. M. Winchester Va Jan. 6. 1865. 1865 Winch. 12.30 pm 6th to Secy War ---- Grover's Divn ---- of the 19th army Corps four thousand five hundred strong left Stevensons Depot at 12(noon) today ---- the trains & ambulances are all here intact have you any orders for them? The men have fully 40 rounds of
     2939 :: 10 Am 20 Ft Monroe Aug 19th 1 PM For Gen Halleck Gen Sumners Corps at Williamsburg this evening Keyes between there & Yorktown Gen Heintzelman & Gen Franklin at Yorktown Porter here & at Newport news Porter is embarking a
     5238 :: and O. railroad from Marian Meridian Enterprise and other stations run to Mobile last week Breckinridge went to Mobile 19th and returned 20th Joe Johnstons army not to exceed thirty thousand Hardee and Gen. Forrest passed through Meridian 18th to Joe Johnston. Forest still suffering from wounds and not fit for duty P
     7324 :: 3 P. M. New York August 19 , 1863 New York 19th August 1863 ---- For Genl Halleck Washn The draft is progressing quietly The troops are arriving . Gov'r Seymour has backed down, as you will see . Gen'l Sanfords division is out on the call of
     4667 :: message in English just sent to the Secy of War Hd qrs 1030 AM 29th May for Secy War ---- In view of this news as the 19th Army Corps are disengaged I respectfully suggest that it be sent by water to land here or at West Point in reach of Gen Grant ---- Genl Weitzell who so well knows the military situation in La. co
     4671 :: The 19th Army Corps has been <insertion>established</insertion> at Morgansia for the purpose of covering the approach from the direction of Redriver & Opelousas & as the most suitable for assembling the t
     3853 :: 1030 Am 19th 4 P.M Crawfish Springs Ga Sept 18th 63 Hon Edwin M. Stanton Secy of War Rebel Cavalry & Infantry are appearing along front of Gen Wood whose Division holds Van Cleves left and on right of Van Cl
     4682 :: h corps be broken up and the troops of that corps not required for points in the Dept of the Gulf be transferred to the 19th Corps , I have already directed the temporary assignment , I wish to relieve three probably four of the general officers now in the Dept of the Gulf . Can others be spared to report to me will
     7724 :: in rgard to private Newell W. Root alias Geo H. Harris Co H 1st Conn Heavy Arty that he was tried by this court on Dec 19th 1864 & convicted of "deserting to the enemy" & sentenced to be hung ---- His sentence is approved by Gen Meade & ordered to be carried into effect at City Pt on Friday 27th inst under the direct
     10432 :: 7.50 P. M June 20 64 Ft Monroe 20th Flag Ship Malvern Farrars island 11 P. M. 19th via Ft. Monroe 6 P. M. 20 for Sec. Navy Washn ---- Grant was here today ---- three rebel iron clads & three gunboats appeared abreast of Chaffins farm today ---- returned ---- came down again and
     10436 :: 1020 am 22d Near Kenesaw June 21st Near Kenesaw June 21st ---- 1 pm Gen Halleck ---- This is the 19th day of rain and the prospect of clear weather as far off as ever The roads are impassible and fields and woods become quagmire after a few wagons have crossed yet we are at work all the time ----
     8488 :: l of which run perpendicular to the RailRoad and will give constant annoy ance This will leave the two divisions of the 19th corps intact ---- So far as any military operations on the part of the enemy of an aggressive character I think they are at an end in this Valley for a long time to come & it would be best perhap
     8502 :: 3rd 1865 Winchester 3rd to Gen Halleck . The following is the disposition of the troops under my immediate command the 19th Army Corps is at Stevensons Depot with one brigade at Summit Point and one Brigade at Winchester . one Division of Cavalry is on the Romney road west of Winchester one Division on the Perryvill
     4059 :: 650 PM 19th Chattanooga Tenn. Nov. 19. 1863 10 am Nov 19th to Secy War Every thing going on well preparations actively pushed Bridges all ready the pontoons will be launched in big Chicamauga on North of Te
     3604 :: rch 30th 1862 Rcvd March 30 For Indus dispatch rcvd I extract from the suggestions submitted by me to the Secry on the 19th instant Paragraph number four as follows assuming that it is the desire of the Government that the first object of the Commanding Gen. shall be to take possession of the Virginia and Tennessee Ra
     8011 :: 640 PM 19th New York Oct 19 1865 In obedience to the order of the Hon the Secy of War the undersigned Maj Genl Daniel T Sickles answer the interrogations profounded to him by Brevet Brig Gen JC Briscoe now
     8774 :: 830 AM 20 N Orleans June 19th 65 Hd Qrs Mil Div of the South West June 19th for Bvt Maj Genl John A Rawlins Washn Please send me Brevet Maj Genl Alfred Gibbs and Bvt Maj Genl Fitzhugh for cavy service in Texas I have worked
     4727 :: 3.30 P. M. 19th Big Shanty June 18 1864 Near Kenesaw June 18th 7.30 P. M. Genl Halleck Washn ---- Nothing new today. ---- It has been raining in torrents all day & still rains ---- Should Grant want me to haste
     10476 :: 8th 12.10 P. M. 8th New Orleans July 2nd 64 New Orleans July 2nd For Gen Halleck Chf Staff The first Division of the 19th Army Corps is six thousand two hundred strong is arriving & will be embarked in the course of the night they will reach Ft Monroe from the 8th to the 10th . This Employs all the sea going vessel
     6805 :: 3 Memphis March twenty third 1 P. M. the report brought to Columbus by Wrigley and telegraphed by me from there on the 19th was erroneous. the force on the Yazoo consisted originally of forty five hundred men under Ross to this have been added thirty five hundred under Quimby who now commands. Mc Pherson with the r
     7777 :: mnesty proclamation & my order, & become loyal citizens and help fight on the side of peace US Grant Maj Gen 1110 PM 19th New Orleans Feb 13. 1865 N. O. Feb 13th for Chf of Staff Washn ---- Your telegram of the 7th has just been recd ---- I have given a corps organization to the reserve force of the division 18.00
     10485 :: he three thousand cavalry sent are fit for duty . They certainly must have reached Balto with the other troops . If the 19th Corps reaches Ft Monroe in time you can take it also if you deem it advisable US Grant Lt Genl 4.35 P. M Ft Monroe VA July 10th 1864 Flag. Ship "Malvern" Hampton Roads, 9.30 AM via Ft Monroe 1
     10486 :: command of the 10th Corps leaving both these corps in the Dept as before , Hd Qr's of which is at Ft Monroe , When the 19th Corps arrives I will add it too to the same Dept . I will take the liberty of suspending this order until I hear again , I will ask to have Gen Franklin assigned to the active command in the fie
     10488 :: here a whole Corps commanded by an excellent officer besides over three thousand other troops ---- one Division of the 19th Corps six thousand strong is now on its way to Washn ---- one steamer loaded with these troops having passed Ft Monroe today ---- They will probably reach Washn tomorrow night ---- this force un
     10493 :: his troops & commanders as may be sent out side , the 6th Corps has all reached Wash'n & Balty and two Divisions of the 19th Corps must reach there during tomorrow . besides the dis mounted Corps sent from here this with Hunting force must be sufficient
     7790 :: 145 AM 27th New Orleans Feb 21st 1865 N Orleans Feb. 13th ---- Chief of Staff Washn ---- your telegram of the seventh has just been recd ---- I have given a corps organization to the reserve force
     10245 :: I have spoken in detail with Col Babcock & he says that he will teleg you his opinion sig F Sigel still ---- etc 3 am 19th Beckwith CH Nashville Tenn Apl 18th 1864 Nashville Apl 18th 11 30 PM For US Grant Culpepper ---- Genl Smith made his requisition for horses without consultation with me ---- I did not expect hal
     10504 :: 725pm Grants Hd Qrs July 18th 1864 12M 18th July ---- Gen Halleck ---- ---- Before 6th and 19th Corps can get to Wash enemy will have devel - oped his intention by fortifying if he thinks of returning to Md . In that case Hunter should stop at Winchester keeping his cavalry as far out watc
     10506 :: ere but will suspended the order unless more than two Regiments are required US Grant Lt Genl 745 pm City Point July 19th 1864 July 19th noon for Gen Halleck ---- The establishment of recruiting rendezvous at Ft Monroe besides being expensive has called for two officers who can not be spared from the field and will
     10509 :: erry July 20th 1864 Harpers Ferry 20th 6pm Adjt Genl An intelligent boy fifteen years of age left Berryville yesterday 19th at 2 pm and reports the following " " that Genl Early is at Berryville in force with probably the greater part of the troops he had in Md Gordons Division had a fight with Genl Crooks forces at
     7094 :: 10AM 19th Caldwell HdQrs 3rd Div 8th Corps HdQrsA of P Charleston Va June 18. 1863 for Genl D Butterfield at Blackwater only one brigade of North Carolina troops & one battery all not over twenty five h
     10512 :: . I have ordered an other regiment of heavy Artillery back to Washington but they will not go whilst the 6th & part of 19th Corps is there . I am now sending back all veterans whose term of service expires previous to the twenty fifth of August If Early has halted about Berryville what is there to prevent Wright and
'shaffer rawlins': 1 hits: 5768
     5768 :: rch hunkey oyster pelton arrived yet zebra Jacob has wrangled to have them sent to grapes persia they arrive yoke J. W. Shaffer pandora and chief of staff pleasant morning Geo. D. Sheldon Ft Monroe July 10th 1864 Appian feeble ghost AM July federal for Indian growl zebra none torch Emmet whiskey have arrived yet walr
'shaffer chief of staff': 6 hits: 10364 5603 4788 5742 5768 5769
     10364 :: en Butler for a a reserve supply , about which I have telegraphed you and QM Genl are but partially filled and Colonel Shaffer Chf Staff is writing daily to hurry up the remainder , am sure Gen Butler will not consent to withdrawal of any forage from Bermuda , and Genl Meigs informed me in conversation that large
     5603 :: party will remain on branch until cutters get through scouring the branch then return to and with the entire force sign Shaffer Kernel and chief of staff bully Geo D Sheldon
     4788 :: t Monroe July 10 1864 Ft Monroe 10th 15 am July 10th Gen Halleck - none of the New Orleans troops have arrived yet J W Shaffer Col and Chief of staff 5 5 pm Balto July 10th 1864 Baltimore 10th 5 pm for Secy of War The undersigned have good reason to believe that an effort will be made to release the seventeen thous
     5742 :: ong promise feet plug inch dont want scantling zodiac dont start vessel up until you get further orders walrus paradise shaffer chief of staff please hurry me an operator R OBrien
     5768 :: rch hunkey oyster pelton arrived yet zebra Jacob has wrangled to have them sent to grapes persia they arrive yoke J. W. Shaffer pandora and chief of staff pleasant morning Geo. D. Sheldon Ft Monroe July 10th 1864 Appian feeble ghost AM July federal for Indian growl zebra none torch Emmet whiskey have arrived yet walr
     5769 :: Ivory growl zebra weaseler Crescent has just arrived with whisky from Eddy and has been ordered to grapes walrus Jay W Shaffer pandora and chief Staff - Geo. D. Sheldon
'boots of any kind': 1 hits: 5824
     5824 :: Ft. Monroe Dec 9 1864 Maj Eckert Di Jennie princess Allen Vinton growl zodiac we have know boots of any kind to spare zebra Have been waiting peach days for boots to whimper plunge Woodbury panama and have not yet succeeded in getting them Webster pilgrim James Vincent Geo D Sheldon Ft Mo
'allen quartermaster': 0 hits: 
'fred martin': 4 hits: 5801 5802 6096 3234
     5801 :: s list at once tulip see Smith pedlar he has a list to send zebra please acknowledge the receipt of this Wranglam Youth Fred martin princess and C. M. unity another Rosalie appian for Lieutenant paradise Smith assistant Barton pause Knave wishes a complete list of all the whartons Stephen Federal and govern oyster Pelt
     5802 :: the strength of each pagoda and the style of smoky stephen plank last mentioned pagans please send word at once Webster Fred Martin pilgrim Geo D Sheldon Hd Qrs A. of J. Nov 2 1864 Geo D Sheldon Ft Monroe Henrietta for martin unity pagan in first napoleon perfume ossifers plunge prolong plank paddle spit zodiac pagan
     6096 :: lpole Corps for Hammock been sent Spits are also required for the Cheshire Reserve about six thousand ordered to Pagoda Fred Myers Head Quarters Feby 5th 1863 Penfield Ingalls Pelham Hall has the Hero Carrie Martin and Sylvan Shore at Huron they will carry about Eight hundred together this Cold Weather The whole nint
     3234 :: my corps for Ft Monroe been sent transports are also required for the Penna reserve about six thousand ordered to Washn Fred Myers 2 p. m. Hd Qrs A of P Feb 5 1863 Col. Ingalls Capt Hall has the "South Anna" "Carrie Martin" & "Sylvan = shore" at Aquia Creek they will carry about eight hundred together this cold weat
'chief of artillery': 30 hits: 6911 10334 3129 7176 3131 7525 7534 7554 7224 5480 7577 6688 10162 5005 2544 5525 5020 5021 3881 7628 7630 4461 10208 4332 2102 4480 3273 7790 4528 3539
     6911 :: of your operation Peck Maj Genl 10 PM 11 10 PM Br Gen L Thomas Murfreesboro Tenn Apr. 26th 4 P. M Inform the Genl in chief I have from a letter of Colonel Hill Comdg Brigade in Rebel Army that Joe Johnson has got 18.000 reinforcements of which 5000 had already arrived on they 19th Inst & that he would have 30.000 in
     10334 :: Va May 17th 1864 From HdQrs Cavalry Army Army the Potomac Navales Landing May 17th via Ft Monroe 3 P. M for Gen Halleck Chief of Staff Wash'n I am now moving out with my command to return to the Army of the Potomac. our victorious <insertion>fight</insertion> at Yellow Tavern Six miles from Richmond & between the firs
     3129 :: 1145 Pm Warrenton VA Nov 15th 1862 11. Pm Colonel Ingalls Chief Qr Master The Depots at Warrenton Warrenton Junction & Manassas are to be broken up I have given the orders a large quantity of grain should be sent to Cat - lets Station to meet us there tomorr
     7176 :: ttempting to make his way thru the Jazov button Among his letters was one from Genl ML Smith and one from Major Withers Chief of Artillery in Vicksburg They contained no facts of moment except the settled and desperate expedient of the speedy surrender of the place All these letters agreed in saying that they were on s
     3131 :: 15 PM New York Nov 16 " 62 Hd Qrs Banks Expedition New York Nov 16th twelve thirty P M for Maj Genl H W Halleck Genl in Chief Washn Your telegraph of last night just Recd. There is transportation at Ft Monroe for Emory's Div only there will be no delay for any cause except to get the troops of my command here & provid
     7525 :: 1215 AM Nov 12th Clarksburg Va Nov 11th 63 Br Gen Cullum Chief of Staff my information from Lewisburg is that Gen Averills victory was most decisive at Droop Mountain the Enemy force engaged was over four thousand they acknowledge a loss of three hundred ki
     7534 :: l as our right has been looked after our left offers some induce ments to a concealed move - ment signed A A Humphreys Chief of Staff 125 P.M. Head Qrs A of P Nov 15th 1863 1. P. M. For Geo. G. Meade From 9 A. M to 10 A. M the cavalry reconnoissances caused some firing at Raccoon Ford and Rapidan Station Pony Mount
     7554 :: t 8 PM For Gen Halleck I ordered an attack here two weeks ago but it was impossible to move Artillery period now Thomas Chief of Artillery says he has to borrow teams from Sherman to move portion of his
     7224 :: eighty N. Y. volunteers artillery seven hundred and Major McClaine two Batteries answer immediately signed Donn Pratt Chief Staff <deletion>signed</deletion>
     5480 :: 10.20 AM Parkersburg Va Nov 2nd 1863. Brig Gen Cullum Chief of Staff Just arrived here on my return from Kanawha the Expedition is moving the following telegrams from Br Genl Sullivan received here sig B. F. Kelly Br Genl 930 am Harpers Ferry Oct twent
     7577 :: ies were then still up sig U. S. Grant like new cipher much 7 PM Chattanooga Dec. 14th 1863 Chattanooga 14th Gen in Chief . Have heard nothing definite from Gen Foster for several days Sherman sends me word that he hears that Longstreet has lost most of his Artillery & Baggage & many prisoners , Not certainly know
     6688 :: rom a knowledge of the enemys movements near you what additional force I may requires I want three quarter masters the chief of whom should be a superior man and four Brigadier Genls with an efficient staff . for the performance of the Merrimac I refer you to Mr Foxes telegram annexed etc demijohn given out Jno E Wool
     10162 :: Head Quarters Army Potomac Feby 5th 64 2 PM For Gen Butler A dispatch from the General in Chief directs such Cooper = ration with you as I can give period I will be ready to do so on Sun day the 7th inst. by vigor = =ous demon = stra = tions in my front unless the weather should render it
     5005 :: ral Williams command Andes will communicate his views to you fully before he desires you to make the movement R B Marcy Chief Staff Fby 20th 1862 Alden of today big bull etc For Alden Telegram in reference to captured officers received upon consultation with the Secty War it is determined to carry out the original or
     2544 :: Spalding brings word the rebels are receiving heavy reinforcements from Charleston Lieut Cushing captured Genl Frenchs Chief of Staff on the Nansemond today the Enemy is active there S P Lee A R Admiral
     5525 :: 1015 Pm Cumberland Jan 7 1864 8 PM Br Gnl Cullum Chief of Staff dispatch just received from Col Thoburn <deletion>first</deletion> first Virginia Infantry Commanding at Petersburg advises me that the rebels of have fallen back from the Valley of sou
     5020 :: Please communicate with him on receipt of this & inform him when to have Rail road transportation ready finis RB Marcy Chief of Staff
     5021 :: o Eddy please communicate with him on receipt of this & inform him when to have Rail road transportation ready RB Marcy Chief of Staff Feb 25th 62 Humboldt Arno has been delayed in crossing the River at Harpers Ferry & will not probably be on the Merlin side before tomorrow He will take position near Harpers Ferry &
     3881 :: trong though much weakened by a blunder made by somebody in pushing McCook's wing half mile forward of line designed by Chief Engr Morton this can't be remedied today but if possible mistake repaired tonight McCook holds right that noble old hero Thomas the centre the weakest part of the whole & Crittenden the left the
     7628 :: all they stop at Alexandria or go on to Washn G. G. Meade Maj Genl 1050 PM Cumberland Jany 5 / 64 For Br Genl Cullum Chief of Staff I have ordered Genl Sullivan to send the two Regiments of Infantry now on the way from Washington to Martinsburg period I do not need any more artillery at present cannot withdraw any
     7630 :: h of French Broad and threaten Long = streets flank signed US Grant 11 PM Cumberland Jany 8 " 64 9 PM Br Genl Cullum Chief of Staff the following dispatch just received from Lieut Myers commanding scouts the force referred to in this dispatch is the same that threaten New Creek the troops that was threatening Col Th
     4461 :: Recd 455 PM Cumberland Feby 4th 1864 For Br. Gen Cullum Chief of Staff A dispatch just recd from Col Mulligan dated 8 AM at the ford three miles below Moorefield the Enemy had crossed and were holding it Mulligan had opened his Artillery on him Sullivans C
     10208 :: for the troops signed J. C Sullivan 11 a. m. Recd 930 pm Cumberland Md. April 2nd 1864 Maj. Eckert For Br Gen Ramsay Chief of ordnance please send immediately four hundred and fifty thousand rounds of cartridges calibre fifty eight and fifty thousand rounds calibre fifty four to Webster near Grafton B and O RR Invoi
     4332 :: eletion> for Alvord the guns are all removed to the new position and the ord stores will be all away today Capt Follett Chief Artillery is superintending the placing of the Guns I have seen Genl Viele & arranged for the completing of the new line Fosters Brigade is in readiness I would like if possible to retain one Re
     2102 :: t is thought the Monitor is a match for the Merrimac - the former has two Guns & the latter eight - the monitor is our chief dependence if any accident should befal her Newport news would be taken - probably depending on the land force - it is said Magruder has from fifteen to eighteen thousand men extending from Jame
     4480 :: 3. P. M Cumberland Md Feby 27th 1864 For Br Genl Cullum Chief of Staff Scouts returned from Franklin . The information of Colonel Quirk was incorrect nothing there but a strong picket from Jacksons force sig Kelly Br Genl Comdg 2 PM End 7 P. M. 27th Na
     3273 :: of the first Division follow the Division or wait until the Second Division is embarked Genl Smith is still absent the chief Qr Mr has not yet reported for duty went west with Genl Burns Capt Vanness acting absent on leave Doctor McDonald is
     7790 :: 145 AM 27th New Orleans Feb 21st 1865 N Orleans Feb. 13th ---- Chief of Staff Washn ---- your telegram of the seventh has just been recd ---- I have given a corps organization to the reserve force of the division Eighteen thousand effective Infantry and will make
     4528 :: etting him go into the field. sig U. S. Grant 11. AM Annapolis 13th 1864 Annapolis Apr 13th 10 AM For Br Genl Rucker Chief Qr Master Washington D. C . Be prepared to furnish a train of five hundred wagons equipped and organized in addition to those now at Annapolis lately sent to Capt Blodgett which are I under sta
     3539 :: Warrenton Junction June 10 Genl Ingalls Chief Qr Mr We had splendid fighting yesterday and I think it will prevent Stuarts making his raid which he was to have commenced this morning towards night they opened twenty pound Parott Guns at a l
'style of gun': 0 hits: 
'each battery': 18 hits: 7161 11340 7174 3736 5460 6654 12608 7555 2772 7315 4666 11590 2809 7765 5712 2644 3954 5362
     7161 :: d rations are moving south ward of Vernon an intelligent spy estimates them at three Divisions with one battery only to each The whole operation is a puzzle here GenGrant has ordered a a heavy reconnoisance eastward from Haines Bluff & Sherman has a a strong force blockading the roads with fallen timber on every possib
     11340 :: 8.50P May 2 Hd Qrs AP May 2 Maj Eckert Each Corps has now two (2) operators with a light wagon & tent & every thing ready . Doren says the teams are first rate . the Battery is working all right , but two Cups were leaky & they are right n
     7174 :: actively as possible and this conflict between parties invisible to each other not only on account of the darkness but also an account of the barrier between them was kept up with fury during the night and still continues up to this hour. We have made no progress in
     3736 :: thirty fourth N C forty fifth Georgia twelfth thirteenth and fourteenth S C Third Louisiana Two batteries of four guns each <unclear>Viz:</unclear> Luthers Va and McIntosh S C Battery Genl Anderson and his command passed Ashland yesterday evening en route for Richmond leaving men behind to destroy bridges over the Tel
     5460 :: Monroe County and destroyed the RR Bridge across new river but as Genl Echols was at Greenbriar & Genl Jenkins at Union each with quite a force I deemed it not advisable to move until I had force sufficient to drive both of them out I have unfortunately been delayed in getting my force in condition to move for want of
     6654 :: e six mountain howitzers would be sufficient to guard this place that would leave still complete Batteries of Six Guns each for Service Etc Etc Etc Etc Jno Segwick B Genl St. Louis 21 10 PM Recd Feb 21 "62 For Andes I find it utterly impossible to get returns either of the regiment arriving or of those sent with pr
     12608 :: unclear]Nunan[/unclear] and Collings are at Yorktown . Embree and Logue at Jamestown . only one 1 operator necessary at each place . Geo D. Sheldon . 10.30P June 25 Fort Monroe June 25 Maj Eckert The Battery of Twenty 20 Cups from Yorktown has gone to City Point today Twenty fifth 25th Geo. D. Sheldon
     7555 :: o get up even at this time & his force is really the only one that I can move period Thomas can taken about one gun to each battery & can go as for with his Infantry as his men can carry rations to keep them & bring them back ---- I have never felt such rest - less - ness before as I have at the fixed and immovable co
     2772 :: r belonging to Breatheds battery Stuarts artillery says that Lee's Army is divided into three corps of thirty thousand each commanded by Ewell A P Hill & Longstreet that Ewell is above Sulpher Springs Longstreet is to cross at united States or Banks ford and that Hill is to cross in the vicinity of Fredksbg three days
     7315 :: gust 5. 1863 Col. J. B. Fry Provost Marshal General Washington three thirty P. M. I have two regiments and A battery at Each Pottsville and Scranton and vicinity my idea is that the enrollment can be completed with present force in those districts think it should be increased or more reliable troops sent when drafted m
     4666 :: bridge at white House and fortify his position ---- The other troops will follow as fast as possible with the tows that each steamer has to take ---- Bridge builders can be sent immy Gen WP Smith
     11590 :: yan to Md Point and will have tomorrow night telegraphic communication from here to Md Point . Relays of orders lies at each end of the Gap which cannot be more than eight (8) miles and telegraph
     2809 :: wo pounder brought up from their water batteries so as to bear on Gen Shermans centre. In that place our approach has reached the ditch of their main fort at the salient. It has been Shermans intention to crown the parapet of this work at that point but having reason to believe that the Enemy have placed a mine there
     7765 :: --- I can send on the expedition you propose, about ten thousand men ---- they are fully equipped now with a battery to each division ---- composed of four guns six caissons and each carriage drawn by eight horses ---- I will have the command in readiness to move promptly upon receiving orders ---- I will be obliged to
     5712 :: patent at while house and Saffron his vesper zodiac The other whinny will follow as fast as possible with the tows that each weaseler has to take zebra patron builders can be sent immediately Nankin Geo D Sheldon Gen Butlers Hd Qrs May 28 1864 Maj Eckert Di fanny harsh paddle unity mac & party will report to Mr Sheld
     2644 :: on informs me are hundred pounder rifles. The lower Batteries mounting smaller guns and having no more than two pieces each were silenced early in the action but this one obstinately resisted to the last. The Gunboats finally withdrawing at about (over)
     3954 :: eynold Chf of Staff Genl Smith Chf Engr & Gen Brannan Chf of artillery The artillery hertofore serving one battery with each brigade <insertion>will</insertion>
     5362 :: Mich City through Col Parsons of St Louis and assessed balance of equipment on Western roads making it a light tax upon each will get nearly all the cars needed under the estimate within the next thirty days period have ordered four engines to be used at the principal depot station we get
IIIF 5829 ok
IIIF 5801 ok
IIIF 5768 ok
IIIF 5824 ok
IIIF 5802 ok
requests 21
