volumes searched: 168
E220 | will send tonight the | none (0)
E220 | will send to-night the | none (0)
E220 | H. Livingston | diplomaticcorres01montiala:1,privateofficialc05butl:2,warofrebellion0207rootrich:2,warofrebellion452unit:1 (4)
E220 | Weybosset | warofrebellion352unit:2 (1)
E220 | Louisa Moore | warofrebellion33unit:2 (1)
E220 | capacity in all | bim_eighteenth-century_memoirs-of-the-life-and-_coxe-william_1798_1:1,bim_eighteenth-century_memoirs-of-the-life-and-_coxe-william_1798_2:1 (2)
E220 | 6,600 men | none (0)
E220 | Gen. Sedgwick | none (0)
E220 | General Sedgwick, Massachusetts | none (0)
E220 | every steamer and propeller | none (0)
E220 | names of those you send | none (0)
E222 | send up all ferry | none (0)
E222 | ferry-boats immediately | none (0)
E222 | ferry boats immediately | none (0)
E222 | quickest possible form | warofrebellion402unit:1 (1)
E222 | hurry up our telegraph | none (0)
E222 | telegraph party | warofrebellion363unit:3,warofrebellion402unit:1 (2)
E222 | lumber to Fort Powhatan | none (0)
E222 | stop at Fort Powhatan | none (0)
E223 | Western Metropolis | warofrebellion361unit:3 (1)
E223 | B. Deford | none (0)
E223 | urgent military necessity | none (0)
E223 | Surgeon-General Barnes | historyofuniteds00bake:3,privateofficialc05butl:1,williamhsewardau03sewa:2,warofrebellion363unit:1,warofrebellion422unit:1 (5)
E223 | has taken the Western | none (0)
E223 | Metropolis, Baltic | none (0)
E223 | Baltic and | bim_eighteenth-century_memoirs-of-the-life-and-_coxe-william_1798_1:3,bim_eighteenth-century_memoirs-of-the-life-and-_coxe-william_1798_2:1,memoirskingsspa02unkngoog:1,privateofficialc05butl:2,warofrebellion0207rootrich:1 (5)
E224 | Captain Farquhar | officialrecordso0009unse:3,privateofficialc04butl:8,warofrebellion33unit:3,warofrebellion361unit:1,warofrebellion362unit:1,warofrebellion403unit:7,warofrebellion363unit:3,warofrebellion402unit:2 (8)
E224 | Farquhar | despatchesinstru00fran:2,diplomaticcorres02mont:3,officialrecordso0009unse:7,privateofficialc04butl:24,privateofficialc05butl:3,reportsofbvtbrig00unit:1,warofrebellion33unit:9,warofrebellion361unit:2,warofrebellion362unit:8,warofrebellion403unit:12,warofrebellion363unit:8,warofrebellion402unit:7 (12)
E224 | you are ordered to report to General Smith | none (0)
E224 | as he passes Fort Monroe | none (0)
E224 | large force to join | none (0)
E224 | as chief engineer | officialrecordso0009unse:1,officialrecordso0010unse:1,privateofficialc04butl:1,privateofficialc05butl:1,warofrebellion33unit:4,warofrebellion352unit:3,warofrebellion361unit:3,warofrebellion372unit:2,warofrebellion403unit:5,warofrebellion431unit:1,warofrebellion432unit:2,warofrebellion452unit:1 (14)
E225 | Longstreet at Charlottesville | none (0)
E225 | our man reports | none (0)
E225 | from his own corps | warofrebellion432unit:1 (1)
E225 | think the number large | none (0)
E225 | John I. Davenport | privateofficialc05butl:12,warofrebellion0207rootrich:4,warofrebellion362unit:2,warofrebellion403unit:2,warofrebellion432unit:1,warofrebellion422unit:5,warofrebellion423unit:4 (7)
E225 | Davenport | calendarofclaren01bodluoft:3,calendarofstatep0021will:2,cu31924024797890:5,officialrecordso0009unse:410,officialrecordso0010unse:65,privateofficialc04butl:6,privateofficialc05butl:24,reminiscencesofw00sewauoft:1,reportsofbvtbrig00unit:1,warofrebellion0207rootrich:7,warofrebellion33unit:41,warofrebellion361unit:17 (21)
E225 | 5,000 men from | warofrebellion361unit:1,warofrebellion372unit:1,warofrebellion452unit:1 (3)
