volumes searched: 166
E304 5662/0 (control) | Swift Creek within two miles | none
E304 5662/0 (control) | splendid charge | none
E304 5662/0 (control) | square earthwork | officialrecordso0010unse[1]
E304 5662/0 (control) | struck the Brewster | none
E304 5662/0 (control) | Richmond extra | officialrecordso0010unse[1],warofrebellion372unit[1],warofrebellion403unit[1]
E305 5740/0 | impossible to save all the wire | none
E305 5740/0 | as many pieces as possible | none
E305 5740/0 | with axes or otherwise | none
E305 5740/0 | cable at West Point | none
E305 5740/0 | line from there to Gloucester | none
E305 5740/0 | no trouble from guerrillas | none
E305 5740/0 | occupies south side | none
E305 5740/0 | shorter and more direct route | none
E305 5740/0 | save what he can | none
E306 5744/1 | can only protect line from City Point | none
E306 5744/1 | protect the line from City Point to Fort Powhatan | none
E306 5744/1 | send Perkins and party | none
E306 5744/1 | take charge of closing out | none
E306 5744/1 | Abercrombie wishes | warofrebellion362unit[1]
E306 5744/1 | office kept open | none
E306 5744/1 | come out right | privateofficialc05butl[3],warofrebellion0207rootrich[1],williamhsewardau03sewa[1]
E306 5744/1 | circumstances will allow | calendarofletter0003pasc[1],warofrebellion0207rootrich[3],warofrebellion452unit[1],warofrebellion363unit[1]
E306 5744/1 | cable about one mile long | none
E306 5744/1 | headquarters are removed | calendarofclaren01bodluoft[1]
E306 5744/1 | unable to find them | warofrebellion362unit[1],warofrebellion363unit[1]
KWIC Bickford warofrebellion363unit :: extended farther than White House, as we will probably leave here before it can reach us ; cannot tell now where we will meet Bickford, but will look out for him if we get near railroad. Dispatches will be sent from headquarters to White House by messenger. Will advise you as promptly as possible
KWIC Bickford warofrebellion363unit :: ng places where con- nections have been made in field wire. A. H. CALDWELL. Fort Monroe, Va., May 29, 1864. Major Eckert : Bickford and party arrived this morning. Have got their six teams complete and a steamer to take them direct to West Point. 21 R R— VOL XXXVI, PT III 822 OPERATIONS IN
KWIC Bickford warofrebellion363unit :: oon. S. P. LEE, Acting Rear-Admiral. Fort Monroe, Va., May 31, 1864. Major Eckert : I understand, and will communicate with Bickford. Following just received from Homan : “ Palmer’s party met rebel pickets about 12 miles from Gloucester Point ; the party expects an attack. I have got 25 more cavalr
KWIC Bickford warofrebellion363unit :: illiam H. Mentioned 561 Bennett, Frank T. Mentioned 31 Benyaurd, William H. H. Mentioned 61,62 Berkeley, Norbourne. Mentioned 175 Bickford, Frederick T. Correspondence with Thomas T. Eckert 778,788 Mentioned - 321, 424 Biddle, William M. Mentioned 790 Bidwell, Daniel D. Mentioned 308, 709 Biggs, Herman.
KWIC Bickford warofrebellion363unit :: nzo G. Draper 754 Eaton, Samuel C. Mentioned 105,263,264 Echols, John. Mentioned 209,485,870 Eckert, Thomas T. Correspondence with Bickford, Frederick T 778,788 Caldwell, A. II 321 O’Brien, Richard 262 Sheldon, George D 281,321,322,424 Edmonds, Edward C. Mentioned . . 175 Edwards, John, jr. Correspondence
KWIC Bickford warofrebellion363unit :: 9 Barlow, Francis C . . - . 299, 332, 333, 381, 385, 435, 437, 438, 443, 485, 533, 646, 672 Barnard, John G , 637 Barton, William B 469 Bickford, Frederick T 788 Birney, David B 334 Bowers, Theodore S 790 Breckinridge, John C 855 Bridgford, D. B 816 Burnside, Ambrose E 18, 21, 155, 166-169, 405-408, 438, 459, 460
KWIC Bickford warofrebellion402unit :: guard had been stationed by this time. General Grant is desirous of having communication, and I pre- sume General Meade is also. Bickford, Cowan, Rand, and Painter left White House this morning and will proceed at once to City Point. Shall order one of them to remain at Fort Powhatan. THOS. T. ECK
KWIC Bickford warofrebellion402unit :: r Eckert, Washington : 1 understand General Butler has furnished party to clear out guer- rillas and guard line. Have telegraphed Bickford to leave an operator at Fort Powhatan with an instrument. Doren will send a repairer to be stationed there. CALDWELL. Chap. LIT.] CORRESPONDENCE, ETC. UNION. 3
KWIC Bickford warofrebellion402unit :: Gustavus S 145,146 Foster, Robert S 152 Grant, U. S 143 Terry, Adrian 150 Terry, Alfred H 149, 151, 152 1.NDLX. 737 Page. Bickford, Frederick T. Mentioned - 372, 378 Biddle, William M. Mentioned 551 Bidwell. Daniel D. Mentioned... 317,548,571 Bigelow, John. Mentioned * 279,547 Biggs, Herman. Corres
KWIC Sheldon warofrebellion363unit :: delay. I need a building party from here to commence work at White House, continuing thence to Grant’s headquarters. Confer with Sheldon as to plans and route to build upon. Answer quick. You must use all the arbitraries in your cipher. Important words should not come in English. Leave 4 ‘snow” out.
KWIC Sheldon warofrebellion363unit :: uarters to work cipher with his card key, and direct him to use great care. T. T. ECKERT. Headquarters, May 28, 1864. Mr. Sheldon, Telegraph Operator, Fort Monroe : I should have no doubt that the telegraph route most easily pro- tected would be across the York at Gloucester Point, thence up
KWIC Sheldon warofrebellion363unit :: R.] Fort Monroe, June 4, 1864. General Shepley : Following dispatch has been received from West Point, June 4, to George D. Sheldon, manager telegraph line : I have guards stationed day and night at each end of the cable. There are 38 miles line from here ito Gloucester Point. It will require
KWIC Sheldon warofrebellion363unit :: rd 635 Palmer, Innis N - 322, 425, 597 Pond, Francis B 241 Quartermaster-General’s Office, U. S. A 29, 279 Serrell, Edward W 179 Sheldon, George D 262, 281, 417, 756 Shepley, George F 43, 76, 597, 637, 664 Slosson , Henry V 662 Smith, William F 36, 40, 73, 74, 104, 108, 109, 144, 180, 203, 204, 237, 241, 285-287
KWIC Sheldon warofrebellion363unit :: Mentioned 209,485,870 Eckert, Thomas T. Correspondence with Bickford, Frederick T 778,788 Caldwell, A. II 321 O’Brien, Richard 262 Sheldon, George D 281,321,322,424 Edmonds, Edward C. Mentioned . . 175 Edwards, John, jr. Correspondence with Henry J. Hunt 272 Mentioned 174,260,739 Edwards, Oliver. Mentioned
KWIC Sheldon warofrebellion363unit :: 20, 409, 464, 657, 659, 685, 686. 699-701 Richardson, John M 835 Ricketts, James B 456 Roebling, Washington A 450 Schert, 550 Sheldon, George D 99 Sheridan, Philip H 98, 171, 258, 361, 363, 469-471, 787, 789, 791, 795 Smith, William F 507, 508, 553, 554, 556, 589, 623, 659, 660 Smyth , Thomas A 605 Swe
KWIC Sheldon warofrebellion363unit :: whatan R 869 Plaisted, Harris M 264 Quartermaster-General’s Office, IT. S. A 29 Sealy, Israel R 39 Serrell, Edward W 35, 38, 70 Sheldon, George D 424 Smith, William F 36, 40, 74, 108, 110, 144, 180, 181, 203-205, 241-243, 287, 320 Spear, Samuel P 708 Steere, William H. P 112.373 950 INDEX. Pag*. Jam
KWIC Sheldon warofrebellion363unit :: d 312, 363, 414, 510, 511, 562, 563, 610, 656, 709, 710, 752, 753 INDEX. 955 Page. Macintosh, William. Correspondence with George D. Sheldon 597 Mclrvin, Samuel. Mentioned 738 Mclver, G. W. Mentioned 842 McKeen, H. Boyd. Correspondence with John Gibbon 386 Mentioned 188, 386, 3b7, 438, 444, 535, 574 Mackenzi
KWIC Sheldon warofrebellion402unit :: Mentioned 547 Batchelder, Richard N. Mentioned 162,306 Bates, Delevan. Mentioned 550 Bates, D. Homer. Correspondence with George D. Sheldon 872 Bates, James L. Mentioned 81 Baxter, Henry. Mentioned 546 Beattie, Alexander M. Mentioned 415,469 Beaumont, Eugene B. Mentioned 35,612 For correspondence as A. D.
KWIC Sheldon warofrebellion402unit :: 7,375,376,403,404,464,480, 406,517,519,563,585,586,620 Patrick, Marsena R 600 Mentioned 244, 586 Shats well, Nathaniel. Mentioned * 544 Sheldon, George D. Correspondence with D. Homer Bates., 372 Shenandoah Valley, Va., Maryland, and Pennsylvania. Operations in, June 23-Aug. 3, 1864. Communications from U. S.
KWIC Perkins warofrebellion402unit :: from Colonel Jour dan? P. J. CLAASSEN, Colonel , Commanding Outposts. Fort Monroe, June 23 , 1861 — 2.35 p. m. I). H. Bates: Perkins was too much afraid of guerrillas to run wire half a mile to connect with cable at Jamestown, though he was on the ground with twenty men to guard him. I cannot
KWIC Perkins warofrebellion402unit :: Troops, Lieut. Col. H. Seymour Hall. Second Brigade. Col. Henry G. Thomas. 19th U. S. Colored Troops, Lieut. Col. Joseph G. Perkins. 23d U'. S. Colored Troops, Lieut. Col. Cleaveland J. Campbell. 28th U. S. Colored Troops, Lieut. Col. Charles S. Russell. 29th U. S. Colored Troops, Lieut. Col.
KWIC Perkins warofrebellion402unit :: Regiment, Pot- teries A and H. Pennington’s (Alexander C. M.,jr.) Artillery. See Union Troops , Regulars. 2d Regi- ment, Battery M. Perkins’ (Joseph G.) Infantry. See Union Troops, Colored, 19tt Regiment. Perry’s (Charles C.) Infantry.. See Maine Troops, 8th Regiment. Pettes’ (William H.) Engineers. See N
KWIC Perkins warofrebellion402unit :: h, 48, 545; 188th, 224, 554; 190th, 191st, 546. Penrose, William H. Mentioned 547,571 Pentz, Nellie, Steamer. Mentioned 37, 43 Perkins, . Mentioned 372 Perkins, Joseph G. Mentioned 550 Perrin, Abner. Mentioned 271,563 Perry, Charles C. Mentioned 555 Perry, Edward A. Mentioned 376, 407, 575, 685 Persing
KWIC Perkins warofrebellion402unit :: 554; 190th, 191st, 546. Penrose, William H. Mentioned 547,571 Pentz, Nellie, Steamer. Mentioned 37, 43 Perkins, . Mentioned 372 Perkins, Joseph G. Mentioned 550 Perrin, Abner. Mentioned 271,563 Perry, Charles C. Mentioned 555 Perry, Edward A. Mentioned 376, 407, 575, 685 Persing, Henry W. Mentioned 628
KWIC Abercrombie warofrebellion363unit :: J. Abercrom- bie, commanding Belle Plain ; and the commanding officers of the troops so assigned will report accordingly. General Abercrombie will promulgate this order and assume command at once. By command of Lieutenant-General Grant : T. S. BOWERS, Assistant Adjutant- General . 26 OPERATIONS IN S
KWIC Abercrombie warofrebellion363unit :: ow. J. J. ABERCROMBIE, Brigadier- General, Commanding. Hear Spotsylvania Court-House, May 20, 1864 — 8 p. m. Brig. Gen. J. J. Abercrombie, Commanding U. S. Forces, Fredericksburg: Send as guards to trains from Fredericksburg to-morrow, the 21st instant, all troops coming to or under orders for the
KWIC Abercrombie warofrebellion363unit :: nant-General Grant : JNO. A. RAWLINS, Brigadier- General and Chief of Staff. Washington, D. C., May 20, 1864. Brigadier-General Abercrombie : In accordance with instructions from headquarters of the army, the major-general commanding directs that you assume command of all troops heretofore ordered to
KWIC Abercrombie warofrebellion363unit :: ant Adjutant- General. Headquarters Armies of the United States, Gainey’s Station, Va., May 22, 1864 — 9 a. m. Brig. Gen. J. J. Abercrombie, Commanding, &c., Fredericksburg, Va. : General : Have all empty teams that have returned to Freder- icksburg and Belle Plain loaded with supplies, and send them
KWIC Abercrombie warofrebellion363unit :: . ABERCROMBIE, Brigadier- General . Commanding. Headquarters Engineer Brigade, Camp at Belle Plain, May 22, 1864. Brigadier-General Abercrombie : Dear General : I have not received any orders yet about my bridges, which are here to the extent of over 1,000 feet, and which I shall raft for towing at o
KWIC Abercrombie warofrebellion363unit :: quarters, Belle Plain , Va., May 22, 1864. Brig. Gen. H. W. Benham, Commanding Engineer Corps, TJ. S. Army : General : General Abercrombie desires me to say to you that he is about to telegraph to General Grant, and if you wish it he will telegraph in relation to your pontoons, &c. Your servant’
KWIC Abercrombie warofrebellion363unit :: nd will report to their proper officer in the Army of the Potomac when the duty is accomplished. By order of Brigadier-General Abercrombie : ROBERT L. ORR, Acting Assistant Adjutant-General. Col. J. Welling, Ninth New York Heavy Artillery. and made the following statement : Three companies arrived
KWIC Abercrombie warofrebellion363unit :: eadquarters, Belle Plain , Va., May 23, 1864. Brigadier-General Benham, Commanding Engineer Corps , U. S. Army : General : General Abercrombie requests me to inform you that be will march for Port Royal overland and not by way of Freder- icksburg. Can you have the pontoon bridges there for crossing th
KWIC Abercrombie warofrebellion402unit :: would have returned there. In case he was not on the way this morning he will certainly hear the guns and hurry up so that Abercrombie ought to be all right. GEO. G. MEADE, Major General. * See Sheridan to Meade, Vol. XXXVI, Part ill, ]». 778. 234 OPERATIONS IN SE. VA. AND N. C. [Chap
KWIC Abercrombie warofrebellion402unit :: ition south, to cut the lines of the enemy’s communications. BENJ. F. BUTLEE, Major General , Commanding. [June 20, 1864. — For Abercrombie to Halleck and Williams, report- ing attack on White House, see Vol. XXXVI, Part III, p. 785.] Headquarters Army of the Potomac, June 21, 1864 — 9 a. m. Lieut
KWIC Abercrombie warofrebellion402unit :: y of the Potomac, June 21, 1864. (Sent 11 a. m.) Major-General Burnside, Commanding Ninth Corps: . : . A dispatch* from General Abercrombie yesterday e^^ixrg dated 4 p. m. states that the enemy had ceased firing and that General Sheridan was near at hand. Abercrombie’s loss was 3 wounded. A. A. HUM
KWIC Abercrombie warofrebellion402unit :: Abercrombie yesterday e^^ixrg dated 4 p. m. states that the enemy had ceased firing and that General Sheridan was near at hand. Abercrombie’s loss was 3 wounded. A. A. HUMPHREYS, Major-General and Chief of Staff. Headquarters Ninth Army Corps, June 21, 1864 — 7 p. m. General Meade: Do you care to
KWIC Abercrombie warofrebellion402unit :: 73, 477, 528, 552, 579 Abbott, Joseph C. Correspondence with Robert S. Foster 82, 110, 202 Mentioned 42, 43, 82, 111, 153, 553 Abercrombie, John J. Mentioned 233, 267, 283 Adams, Charles F., jr. Mentioned 4, 542 Adams, George W. Mentioned 548 Adams, Zabdiel B. Mentioned 490 Adjutant-General’s Office,
