warofrebellion014602rootrich | "Suwo Nada" | 1
     ['warofrebellion014602rootrich'] | Quartermaster-General : Can also obtain the {{{Suwo Nada}}}— 1,200 men, and sixteen feet loaded; she
     ['warofrebellion014602rootrich'] | three detached from Fort Monroe, and the {{{Suwo Nada}}}, on her way from New York, will be able
papersofulyssess0013gran | Baltic | 0
papersofulyssess0013gran | "Suwo Nada" | 0
papersofulyssess0013gran | overcoat | 0
papersofulyssess0013gran | Sheldon | 0
papersofulyssess0013gran | mortars Fisher | 0
privateofficialc05butl | overcoat | 0
privateofficialc05butl | Beckwith | 0
officialrecordso0012unse | Sentinel | 1
     ['officialrecordso0012unse'] | have to be drawn from the forts daily for {{{sentinel}}} duty. Three railroad trains left with troops
     ['officialrecordso0012unse'] | supposed that they have also gone in her. The {{{sentinel}}} on post about 50 yards from where the
officialrecordso0012unse | Haze | 0
(all) | "Haze and Sentinel" | 0
(all) | "Suwo Nada" Oriental sailed | 399
     ['per_north-china-herald_the-north-china-herald-market-report_1868-10-17_2_78'] | Miss Hogan; Misses Liasun and Mr. Edwards. Per “ {{{Suwo-Nada}}}” from Hongkong,—Mr. P. Roberts. DePaRTEp.—Per
     ['per_north-china-herald_the-north-china-herald-market-report_1868-10-17_2_78'] | steerage—C. H. Bufferin, J. H. Austin, and Falk. Per “ {{{Suwo-Nada}}},“ for Hongkong Miss Andrews, Messrs. Lindau, Fairer
     ['per_north-china-herald_the-north-china-herald-market-report_1868-08-22_2_70'] | Adrian, T. Kroes, 7 Chinese and 2 Japanese. Per {{{Suwo-Nada}}}“ from Hongkong-—Mr. W. F. Nisbett and 46 Chinese
     ['per_north-china-herald_the-north-china-herald-market-report_1868-08-22_2_70'] | their prayer. A captured city, by‘every rule of {{{Oriental}}} warfare, is a fair object for unchecked loot.
     ['per_north-china-herald_the-north-china-herald_1867-05-18_1_6'] | Esq.) BOWER, HANBURY & Co., . THE LONDON AND {{{ORIENTAL}}} STEAM TRANSIT INSURANCE OFFICE. | 137, Leapewnas
     ['per_north-china-herald_the-north-china-herald_1867-05-18_1_6'] | Holmes, 2 Children and servant, 8 Chinese. er {{{Suwo - Nada}}}, from Hongkong Messers. E. W. Rice, Hoppins and
     ['dli.ministry.01541'] | WATERS. CHAPTER I. We left the north of China, and {{{sailed}}} from the im- portant city of Tientsin, bearing
     ['dli.ministry.01541'] | take a passage home in the first Peninsular and {{{Oriental}}} mail-boat, and thus mar our anticipated visit
(all) | "overcoat pocket" Butler report Wilmington | 0
(all) | "kept by Mr. Phillips" | 58
     ['new-oxford-item-1912-06-13'] | week, and the second Tuesday at the store {{{kept by Mr. Phillips}}} Miles, who had been working for the Phillips
     ['new-oxford-item-1912-06-13'] | week, and the second Tuesday at the store {{{kept by Mr. Phillips}}} Miles, who had been working for the Phillips
     ['per_scotus_1849_196'] | good a test as that Private cash account {{{kept by Mr. Phillips}}}. Witness’s cash often over- run, and it
     ['per_scotus_1849_196'] | till now the memorandom of cash account {{{kept by Mr. Phillips}}}. He never knew of any differences of Mr
     ['gettysburg-compiler-1879-12-25'] | and Jtr. J. C, Hunt, und al-o lhe books {{{kept by Mr, Phillips}}} (,f a|| inonoys collroCed anil disbursed
     ['aconciseaccount00woolgoog'] | at the Hotel, St. Peter's ChurclU- yard, {{{kept by Mr. Phillips}}}; Theatre, Circus; Moll'a Coftee-house, St
(all) | "returned from the expedition disabled" | 0
(all) | "cannot approach the docks" | 6
     ['sim_saturday-review-uk_the-saturday-review_1924-07-26_138_3587'] | London that lies south of the Thames—{{{cannot approach the docks}}} except over the last bridge and then through
     ['DTIC_ADA353311'] | cause steamers with large drafts {{{cannot approach the docks}}} under full load. The productivity
     ['jprs-report_jprs-82053'] | roadste« be- 1use steamers with 1 ye drafts {{{cannot approach the docks}}} under fuli load. : r { t reloader when
     ['sim_journal-of-business-and-technical-communication_2008-07_22_3'] | means more trips. In some cases, barges {{{cannot approach the docks}}} completely.” Although the Corps cites
(all) | "Weybosset" "Towanda" Euterpe | 385
     ['directoryofbooks1870ding'] | Vincent & Co., 96 {{{Weybosset}}} st. .Bk. Agt., &c. Clongh, Samuel, 41 {{{Weybosset}}} street. General
     ['directoryofbooks1870ding'] | . .New York City, N.Y. Alvord & Barber {{{Towanda}}}, Pa. Amberg & Helmer. . . .Battle Creek.
     ['ouramericanmusic0000unse'] | cur¬ tain and meet {{{Euterpe}}} in the Wilderness. PART ONE 1620-1800 {{{EUTERPE}}} IN THE WILDERNESS CHAPTER
     ['ouramericanmusic0000unse'] | )■ PACE Introduction . . x,x part 1—1620-1800 {{{EUTERPE}}} IN THE WILDERNESS CHAPTER I. Earey Days .
     ['ouramericanmusic0000unse_j0d8'] | the cur- tain and meet {{{Euterpe}}} in the Wilderness. PART ONE 1620-1800 {{{EUTERPE}}} IN THE WILDERNESS ee sais
     ['ouramericanmusic0000unse_j0d8'] | yeite 52s a ley be eee ee eee PART I—1620—1800 {{{EUTERPE}}} IN THE WILDERNESS CHAPTER i.° Eanty Days» . . SUS
     ['dli.ernet.29001'] | the cur¬ tain and meet {{{Euterpe}}} in the Wilderness. • PART ONE 1620-1800 {{{EUTERPE}}} IN THE WILDERNESS CHAPTER
     ['dli.ernet.29001'] | Contents PAGE Introduction.xix part i—1620-1800 {{{EUTERPE}}} IN THE WILDERNESS CHAPTER I. Early Days.3 1. New
(all) | "enough are here to carry" | 0
be-api requests 18
Fisher 0 []
Butler 0 []
control: papersofulyssess0013gran 'Fisher' 0 and 'Butler' 0 -> vol. 13 not in be-api's index here: UNREACHABLE, not a miss
