(all) | "Steamers all ready coaled and loaded with proper rations" | 7
    ['warofrebellionco46p2unit'] 
       Assistant  Quartermaster: {{{Steamers  all  ready  coaled  and  loaded  with  proper  rations}}}.  The  list will 
    ['warrebellionaco41offigoog'] 
       Assistant  Quartermaster: {{{Steamers  all  ready  coaled  and  loaded  with  proper  rations}}}.    The  list will
    ['warofrebellion014602rootrich'] 
       Assistant  Quartermaster : {{{Steamers  all  ready  coaled  and  loaded  with  proper  rations}}}.     The  list will
    ['warofrebellion462unit'] 
       Assistant  Quartermaster : {{{Steamers  all  ready  coaled  and  loaded  with  proper  rations}}}.  The  list will 
(all) | "turn them over to Colonel Morgan" | 0
(all) | "what number of troops each steamer" | 0
(all) | "all the steamers named had left" | 0
(all) | "if the steamer Russia is at" | 0
(all) | "in time for a flag ship" | 0
(all) | "Eliza Hancox has already been sent" | 0
(all) | "Winants is hardly capable" | 0
(all) | "have the Winants in order" | 0
(all) | "were all ordered to Baltimore" | 0
(all) | "except the Baltic which was at Baltimore" | 0
(all) | "have sailed in perfect order" Ashland | 0
(all) | "what time can this transportation" | 0
(all) | "mule teams complete" Bradley | 10
    ['sim_armed-forces-journal_1909-09-18_47_3'] 
       Cornelia Booraem, Harriet {{{Bradley}}}, Midshipmen Robottom, Chevalier Underwood and {{{Bradley}}}. Lieut. and Mrs. George
       nelia Booraem, Harriet {{{Bradley}}}, Midshipmen Robottom, Under- wood, Chevalier. {{{Bradley}}}. Mrs. Ola W. Bell was
       67; Borden, 65; Baldwin, T. A., 69; Bubb, 66; {{{Bradley}}}, 86; Catlin, 74; Carrington, 85; Carr, E. A. 79;
    ['per_asheville-times_the-asheville-gazette-news_1909-09-23_14_195'] 
       women who has played against the games of John R. {{{Bradley}}}. The casino at Palm Beach has de- veloped in a
       resort into the; Monte Carlo of America, and Mr. {{{Bradley}}} has been transformed within ten° or ‘fifteen *
       gambling there hardly is a case {to parallel that of {{{Bradley}}}. With a United States senator as his partner and
    ['per_asheville-times_the-asheville-gazette-news_1909-09-17_14_191'] 
       Baskerville, G. S., Jr. Barber, Frank A. Bledsoe, J. T. {{{Bradley}}}, John N. Case, J. H. Child, J. M. Collins, Delia
       Zimmerman, W. H. Arthur, J. W. Beacham, E. W. {{{Bradley}}}, S. O: Bridges, J. M. Cobb, Perry D. Clement, J
       McCrary. 186-6t FOR IMMEDIATE SALE—(1) Five {{{mule teams, complete}}}; (2) ten log- (3) two portable saw- (4)
    ['per_asheville-times_the-asheville-gazette-news_1909-10-20_14_218'] 
        Mr. Lockwood is the father-in-law of John R. {{{Bradley}}}, who was the financial backer of Dr. Fred- erick
       -FORSALE. / FOR IMMEDIATE SALE—(1) Five {{{mule teams, complete}}}; (2) ten log- ging steers; (3) two portable
be-api requests 14
