'high masts': 1 hits: 5695
'navigation must remain': 1 hits: 5695
'Mattapony': 6 hits: 10346 6738 4725 7783 5695 5711
'string wire': 2 hits: 11859 5695
'half a mile': 58 hits: 12107 2703 12119 6087 11097 10346 13009 4608 5184 4218 4613 7197 8673 2906 4628 10372 11803 6959 11133 2504 2513 10405 6151 10414 10418 7335 6703 3859 12658 7742 13111 8325 3881 5284 10453 2574 10457 11645 3614 6222 6757 4740 2858 2117 6816 13148 12457 3631 4359 4095 4762 10505 6837 3945 2647 6877 13505 11066
'West Point': 208 hits: 8624 7866 11753 12550 13962 9549 12990 4588 7880 13541 7881 4020 9275 8649 4027 13003 7515 4601 6625 6933 12134 8662 10355 6940 6636 8664 5446 10359 13569 10363 10374 2495 4240 7669 6963 6966 4640 4642 10387 11818 11819 6973 4649 2767 3790 11824 6979 6140 2770 5228 5229 2774 9368 3800 10091 10405 9373 5494 4665 10408 11839 11840 4667 11841 11842 2786 4669 11843 4671 11845 4674 7709 9387 7005 5509 6168 4681 10425 11856 6171 10170 4685 7720 11859 11860 6710 10432 14069 11865 9402 12660 14072 7729 8488 7986 10438 7987 7988 8491 3582
'regret having ordered': 2 hits: 5702 5107
'Bermuda hundreds': 29 hits: 10317 10334 4601 4612 5820 9750 9751 4626 4642 4662 4700 12232 5656 5663 5664 4723 5670 5672 5673 5674 5679 5683 5687 5692 5698 5702 5712 5717 12509
'careful working': 4 hits: 5488 5702 4914 3998
'better posted': 4 hits: 5012 10209 5702 5094
'Nichols': 20 hits: 12122 11349 11350 13994 11549 7695 10046 10054 10116 7730 5671 5682 9161 5702 4910 4925 9932 8176 11735 12975
'builders': 9 hits: 4666 11199 5700 5702 5712 11292 14178 3096 8986
'dragged': 4 hits: 5781 5782 12319 11066
'anchors': 9 hits: 5781 5782 13243 13550 9628 7700 5875 11448 12319
'cable': 311 hits: 12102 13235 13531 5782 11077 12548 11078 13241 13535 12110 13963 12367 13243 12552 13537 12368 13538 12811 13540 12116 11087 12117 5793 11344 13543 12560 11347 12121 11769 12122 11094 13550 12566 8215 11774 11354 12825 13264 11103 11105 13560 12135 12579 11367 12838 11112 13567 11789 13568 11114 13569 11371 12147 13279 13573 13283 14005 11803 13582 12157 5577 11128 12158 11129 11385 5580 11133 11554 11134 12164 12165 11392 12166 12167 12609 13045 11817 12173 12174 13052 11824 11825 11574 11575 14039 11834 12628 11160 11837 14043 11838 14044 4665 11839 13068 12193 13363 13365 11843 12198
'south shore': 11 hits: 7501 4225 10433 3234 4072 3624 10239 3935 6848 3962 10291
'Doren': 168 hits: 11328 12358 12543 12979 12546 13238 12547 13533 13242 12367 14220 12368 11340 12555 13967 11341 11345 12995 7508 12563 11093 12564 11094 12565 11098 13005 12832 14244 14245 7524 11110 13272 7272 14251 13279 12588 12149 11120 13282 14259 11121 14260 14262 2744 13286 4629 14018 11137 7558 12612 12613 14026 7305 12615 14027 7306 12622 14035 11832 8710 12187 13065 12636 12637 12638 12650 11188 11866 12220 13648 14079 12670 14082 11200 13106 11878 11627 11207 11633 13119 12684 12685 12690 11220 74 12252 11900 13129 14108 13854 14111 12448 12009 11236 12452 8035 11244 14129 11248 13447
img 5695
img 5702
img 5782
requests 20
