volumes searched: 169
E267 | on the Keyport | none (0)
E267 | steamer Keyport | privateofficialc05butl (1)
E267 | Keyport for City Point | none (0)
E267 | meet him at the wharf | none (0)
E267 | at the wharf on arrival | none (0)
E267 | see him in person | none (0)
E267 | tell him that I directed you | none (0)
E267 | Dealy | labibliothquen02gachuoft,lemarchaldegu00noai,lincolnintelegra00bates,relationspolitiq06nethuoft,traitsdudanemar00denmgoog (5)
E267 | Secretary of War left here | none (0)
E267 | Secretary left here | none (0)
E268 | put afloat all the | none (0)
E268 | scantling | bim_eighteenth-century_a-collection-of-the-stat_thurloe-john_1742_1,officialrecordso0009unse,warofrebellion0207rootrich,warofrebellion422unit (4)
E268 | inch plank | privateofficialc04butl,warofrebellion0207rootrich,warofrebellion363unit (3)
E268 | 100,000 feet | warofrebellion0207rootrich (1)
E268 | hurry me an operator | none (0)
E268 | until you get further orders | none (0)
E268 | dont start vessel | none (0)
E268 | Shaffer, chief of staff | officialrecordso0009unse,officialrecordso0010unse,privateofficialc04butl,privateofficialc05butl,warofrebellion33unit,warofrebellion352unit,warofrebellion362unit,warofrebellion403unit,privateofficialc03butl,warofrebellion363unit,warofrebellion402unit,warofrebellion422unit (12)
E269 | York River light vessel | none (0)
E269 | York River light-vessel | none (0)
E269 | light vessel | calendarofletter0003pasc,calendarorleters0003vari,memoirskingsspa02unkngoog,officialrecordso0009unse,officialrecordso0010unse,officialrecordso0015unse,warofrebellion431unit,privateofficialc03butl (8)
E269 | light-vessel | calendarofletter0003pasc,calendarorleters0003vari,memoirskingsspa02unkngoog,officialrecordso0009unse,officialrecordso0010unse,officialrecordso0015unse,warofrebellion431unit,privateofficialc03butl (8)
E269 | McGarvey | none (0)
E269 | Garvey | none (0)
E269 | light-house inspector | none (0)
E269 | lighthouse inspector | none (0)
E269 | remove York River | none (0)
E269 | J. W. Sampson | warofrebellion372unit (1)
