===== 13060 Leaf 162
3
Di Carry teleghed Genl
Shepley this morning
that there is no sickness
on board & that the
passengers desire to go
to New York .
Gen Shepley answered
that the Prometheus
may be ordered to N. Y.
Geo D. Sheldon


Ft. Powhatan
Oct. 1..
major T. T. Eckert .
my brother an oper
in North Carolina
has died of yellow fever
my mother is very
ill at home & I fear
the news will cause
a fatal result . Can
you possibly let me go
home for a short time [insertion]?[/insertion]
It is a particularly distressing
case . Would not ask
on any other account .
Please reply
T. Q. [unclear]Waterhouse[/unclear]

===== 9257 Page 363
Wash July 14 1865
Hunter Mark James for OBrien and Gilmore yacht Interest Fuller
at gland whimpers me that a shark system of rascality
exists through the white in the whiff offices caused by
speculations tamper ring with whiff slumbers obtaining gold and cotton
valleys from private whimpers & bribing them for other purposes
tulip your directed to keep close watch on your offices
& to ascertain if any such schemes exist in your
quotient tulip ascertain positively the guilt of any allen person
in whiff employ and whimper me his name that his
orchard maby repeated. Send me all the evidence you can
obtain implicating any person or persons in this rascality yacht
an example wilby made that will snake it hazard us
for any Allen to humble such a thing again tulip
copy to paxton Water house care of interest Gill more
Thos T Eckert


WG Fuller N Orleans  Wash July 15th 1865
Impress Robert Brown Laura for Antwerp harness giraffe
trammel bewilder and morphine him to transport tooth
admire for showers horse shuffles welch made making
forge a separate maxim and breaking up madrid
snatches serenade Benton and utensil fawn would have
Crestline for lonesome of forge or any salmon
now there upward amber you may know how 

===== 7968 Page 310
2 am 14
Maj T. T. Eckert  New Orleans July 13, 1865
a general system rascality exists in nearly
all telegraph offices in the south caused by
speculators tampering with telegraph operators obtaining gold
and cot - ton quotations from private telegrams
bribery is also used with operators for
other purposes I <deletion>have</deletion> just learned positively 
what I have suspected for several months
that the Editors <deletion>O</deletion> of N Orleans daily papers
have all had Operators in their employ
and pay it is not confined to
the Cities and is so general that
I do not know what to do the discharge
of Operators implicated would close the lines
can, you, advise, what, course, to, pursue.
W. G. Fuller Capt &c

===== 8544 Page 66
operations expected of this Dept it is respectfully suggested
that the War dept will not count up on these
garrisons for any thing ---- They are a dead
weight up on this Dept the Arkansas River now
promises to afford more facilities than it has during the
war & if it continues navigable we will endeavor to
throw a years supply of provision in to Fort
Smith ---- Five thousand animals have died there for want
of forage , These posts can not afford the least protection
to Kansas or Missouri , they have been sustained at enormous
cost but will be reoccupied and held sig
JJ Reynolds
Maj Genl


1115 AM  Hd Qrs Army James Jany 25th
7 AM for Secy Navy . Sir your telegrams of op
730 PM & 10 P.M received . The force at the front 
is as follows , Onondaga , Mass =
= asoit , Hunchback , torpedo boat Spuyten =
Deyvil , launch number four and two tugs , Comm 
Morris at Turkey Bend , at Deep Bottom ,
" Daylight " at New Market Road , Miami at City Pt
, " Dawn " at Harrison Bar , and Genl Putnam
and " Com Barney " at the Appomattox river . We
attacked the Enemys gunboats yesterday and drove them back ,
two Iron clads and Howlett Battery . I shall proceed
to Hampton Roads tomorrow morning sig Wm A Parker
Cmdr Etc The Enemys gunboats all passed up at 3 AM

===== 10090 Page 10
Keifer Vicksburg  Washn May 7th 1866
Webster Sampson Grafton Katie for Hornet Burmah Potash
Hogarth Galway Ashland ends that in cases supposed
in your cipher expand jingle Grayson you do
not celebrate the Judge or Debates concerned but
that you let the suits proceed to Judgement
and stop flicker of judgement unless otherwise ended
from this Egypt Mastiff Broach Roanoke cool clear


JW Wickard Charleston SC
C. F. Gross N. O.  Wash'n May 8th 1866 
Webster Sampson Gilmore Cornelia for Hornet Arago Tallahassee Shoddy Potash
The fraction gift been leveled from Glaze Egypt of Sable
views Bronze Gray Views Sable Maggie Tyler Grafton for Broach
Roanoke copper The Eternity attorney grounds me that he has
very reliable graceful of a mitten named virgin being fitted
out at Vouch as a slaver Brass She starts next
Stevens to within Norton includes october of wag for a
crestline go of knee grows and thence to undermine Purple
Mitten runs Morgan king includes an hour Red I send
graceful in absence of Galway Burmah that she may be
grunted Matched A R Nininger Repose Violet The Rampant ends
that you use all vigilance to grunt the mitten and
prevent her design from being accomplished Potash acknowledge receipt master
Broach Roanoke Tell Gilmore to forward by quickest safest route
We are having very cool pleasant weather here

===== 10092 Page 12
Chas Morris Macon #
C. F. Gross N Orleans  Washn May 10, 1866 
Wheel Clendora for Bluff Hornet Vouch Arago Carmine loaths 
leveled here grieve that the mitten Virginia
formerly a fleet Clendenin will leave the
neighborhood of wag narcotic with a crestline 
go of Knee grows crimson Have this
matter looked into and if muss reasonable
grounds for suspecting such coax apply the
proper remedy to prevent it red If
there marvel no embrace beyond voluntary Ex
Patria nasty Judge part of parties intending 
to sail Judge Virginia you need not
throw obstacles gurgle way of her going
copper This loath comes from Lawrence Worrall
nostril Eternity attorney view who can give
all graceful master artist Virginia not arbitrary


No 5. 
C. F. Gross New Orleans  Washington. May 10, 1866 .
To Bluff Red McClellan King flags crowded
in the Shenandoah cousin Copper will get
the justify choking to the curl Drake censure 
of table master James W. Forsythe Col

===== 8729 Page 251
8 P. M. 13th  Macon Ga. May 11 1865
2 P. M. 11th Genl Thomas Telegrams of the 7th & 9th recd
with the light draft boats now on the Savannah & one or
two that maybe got from the Alatamaha the supplies
necessary for my command ought to be got to Augusta from
there can bring by R. R. ----- With money I could 
purchase forage for twenty or twenty five days longer in
South west Georgia at present by Command's distributed over a
wide area country stretching from Etowah to Tallahassie &
subsistence by forced purchase upon the country , we
may be able there by get few days grain ahead provisions are
already arriving from Savannah , have 15 days besides already 
here ---- Our horses are suffering want hay , grass
this region very hurtful to them & but little
corn fodder to be had . on receipt of letter from
Steedman few days ago saying he had begun <insertion>repairing</insertion> Chattanooga
& Atlanta RR I began operations from this End ,
they say bridge already framed for Chattahoochee , I have 
3,000 negro troops who could be put work &
Genl Winslow thinks whole road can be rebuilt in twenty
days it would do good to cause pacification to
rebuild the RR - Savannah & Ocmulgee rivers cannot be 
relied upon for great while shall I continue the work ?
? can fill our wagon trains with " C. S. A "
cotton , besides that there are 50 thousand bales in 
ware house here claimed by private citizens Shall I do

===== 10302 Page 160
7 P. M. Cairo Ill May 6. 1864 
Cairo May 5th Midnight for Secy of Navy ---- The Eastport sunk
by a torpedo on the fifteenth Apl was raised &
after great toil removed down the river fifty two miles
where finding her immovably fixed on a bed of logs
she was blown up on the twenty sixth sixty miles
above Alexandria which our army has already reached guns &
stores saved ---- Cricket flag Ship Hindman Juliet & two
pump boats were with her ---- We were attacked by
fifteen hundred Infy as train was about being fired ----
Enemy attempted to board Cricket but was driven off after
short engagement ---- their loss unknown ours four wounded ----
Eastport was then fired by Capt Phelps & reduced to
complete wreck ---- Laid by her two hours then proceeded
down river ---- ten miles below were opened on by
a battery of fifteen's twenty fours & twelves supported by
large Infy force ---- Cricket passed battery with loss of
twenty five killed thirteen wounded out of crew of fifty
---- was struck thirty eight times ---- shot & shell
in four minutes besides heavy musketry the one pump boat 
exploded in boiler drifted under battery & abandoned by crew
---- Juliet in tow of another pump boat was disabled
& backed up out of fire covered by Hindman ----
Cricket grounded below & set on fire by Explosion of
ammunition ---- Fire extinguished without serious damage ---- Hindman &
Juliet repaired damages during night & next day with remaining

img 5819 ok
requests 9
