papersofulyssess0010gran Davenport 1
    , 187, 387n {{{Davenport}}}, John I. (U.S. Colored Cav.), 313n {{{Davenport}}}, Iowa, 513 {{{Davenport}}} Ford (Va.), 413n—14n
    xxxiii, 942. On April 23, 11:30 a.m., John I. {{{Davenport}}}, Fort Monroe, telegraphed to USG. “Our man reports
     Col. W. N. Grier Com- manding Rendezvous at {{{Davenport}}}, Iowa. A like detail from each Minne- sota Reg’t
papersofulyssess0010gran "Longstreet at Charlottesville" 0
papersofulyssess0010gran "our man reports" 1
    Davenport, Fort Monroe, telegraphed to USG. “{{{Our man reports}}} Longstreet at Charlotts- ville five thousand
papersofulyssess0011gran Farquhar 1
    in reguards to the line of the 18 A. C. to Capt {{{Farquhar}}}—As I leave here tomorrow on account of ill health—”—ALS
    Richmond, 2177; in- tercepted message of, 393n {{{Farquhar}}}, Francis U. (U.S. Army), A5A Farragut, David G
papersofulyssess0011gran "ferry boats" 1
     and most probable, contingency six or more {{{Ferry- boats}}} of the largest size ought to be immediately
    has been advised of your wishes in regard to {{{Ferry-boats}}}. He will keep all he has or can procure in the
    Mr. Dept will also answer all the purposes of {{{Ferry-boats}}}. The barges will also be excellent for teams
    instructions however +4! were not be given to send {{{Ferry boats}}}, Pontons &c that may yet be at Fort Monroe. This
papersofulyssess0011gran "quickest possible" 0
papersofulyssess0013gran Weybosset 0
papersofulyssess0013gran "Western Metropolis" 0
GB "Western Metropolis" "Deford" ERR HTTP Error 429: Too Many Requests
be-api requests 8
# second block (FV-FM5b, E225 footnote text)
papersofulyssess0010gran "number large" 0
papersofulyssess0010gran "own corps" 1
    at Charlotts- ville five thousand men from his {{{own corps}}} forwarded him a day Think the no large but believe
    and will cover the crossing of the Po for his {{{own Corps}}}. At Guinney Bridge you will receive further directions
papersofulyssess0010gran "believe the information" 1
    forwarded him a day Think the no large but {{{believe the information}}}” Telegram received, DNA, RG 108, Let- ters
papersofulyssess0010gran "Charlottsville" 1
    baggage trains to Scottsville due south of {{{Charlottsville}}} on James River. I am waiting here for one part
# third block (FV-FM5b, E222/E224 in Grant Papers 11; E220/E223 identifiers)
papersofulyssess0011gran Biggs 1
    Ingalls in the suggestion that Lieu- tenant-Colonel {{{Biggs}}} be directed to prepare the necessary transportation
    embarking the troops.” [bid., p. 725. To Col. Herman {{{Biggs}}} Cold Harbor, Va. June 12. 1864 Cot Brices CHIEF
    War Records Office, Army of the Potomac. Herman {{{Biggs}}} of N. Y., USMA 1856, was serving as 2nd It. and
     col. and chief q. m., Dept. of Va. and N. C., {{{Biggs}}} served under Maj. Gen. Benjamin F. Butler. JUNE
    12:20 P.M., Butler telegraphed to Bowers. “Lt Col {{{Biggs}}} is so sick with a very troublesome and dangerous
papersofulyssess0011gran "telegraph party" 0
papersofulyssess0011gran lumber 1
    Mill a[t] Fort Monroe to saw all th[e] two inch {{{lumber}}} they can, [a]nd place it on board barges subject
    material he may have on hand. Send also all the {{{lumber}}} you can, particularly the 2 inch plank This will
papersofulyssess0011gran "chief engineer" 1
    the Lieut Gen. Comd’g, is hereby announced as {{{Chief Engineer}}} of the armies in the Field and will be respected
    of rank in the present meritorious & capable {{{Chief Engineer}}} of the Army of the Potomac, Major Duane I noticed
    independent of other armies, Brig Gen J. G. Barnard. {{{Chief Engineer}}} of the Armies in the field will report to and
    until his assignment, as of July 15, 1864, as {{{chief engineer}}}, Military Div. of West Miss. 2. See ibid.,
    the 2nd Diy., 18th Army Corps, and served as {{{chief engineer}}}, Dept. of Va. and N. C. JUNE 18, 1864. 75 To
papersofulyssess0013gran Rucker 0
papersofulyssess0013gran Webster 0
