papersofulyssess0012gran "Lizzie Baker" 0
papersofulyssess0012gran Mulford boats Babcock 1
    ordered one of the Gun-{{{boats}}} off the Chickahominy to patrol the river with {{{boats}}} to Jamestown Isd: and
    telegraphed to {{{Babcock}}}. “Provide transportation at Fort Monroe for the Infantry. The {{{boats}}} from here are
    rough here we had to send {{{boats}}} off Craney Island to transfer All the {{{boats}}} with artillery horses have
    passengers on the {{{boats}}}, or what would be preferable that I may be al- lowed to put on a line of {{{boats}}} between
papersofulyssess0012gran Babcock Bowers "Fort Monroe" 1
    504. At 2:00 p.M., {{{Bowers}}} telegraphed to Lt. Col. Orville E. {{{Babcock}}}, {{{Fort Monroe}}}. “Three thousand infantry
     At 9:00 p.m., {{{Bowers}}} telegraphed to {{{Babcock}}}. “Provide transportation at {{{Fort Monroe}}} for the Infantry
    work.—Remember me most kindly to Colonels {{{Bowers}}}, {{{Babcock}}}, Badeau, Porter & Comstock.” ALS, USG 3. On
    I, xlii, part 3, 492. At 7:00 p.m., {{{Babcock}}} telegraphed to {{{Bowers}}}. “Your despatch received. Col Webster
papersofulyssess0012gran Tallahassee Halifax 0
papersofulyssess0010gran Gloucester "West Point" telegraph 1
    Ohio), 560-61 {{{West Point}}}, Ga., 254n, 267n, 272n {{{West Point}}}, Miss., 1431, 179n {{{West Point}}}, Va., 365n, 477
    South-western {{{Telegraph}}} Co. in Louisville. Appointed asst. superintendent of the military {{{telegraph}}}, he was
    25, USG telegraphed to “{{{Telegraph}}} Operator Washington D.C” “Is the {{{telegraph}}} line working to Nashville”
    delay my movement I will {{{telegraph}}} you. Acknowledge the receipt of this by {{{telegraph}}}. Everything possible
papersofulyssess0010gran Bickford 0
be-api requests 6
# second block (FV-FM8b, E284)
"transferred here" 0
Mulford "just as they are" 0
"sufficient number" Mulford 1
    to USG. “No agreement has yet been made. Major {{{Mulford}}} is now out meeting Mr Ould” LS (telegram sent)
    “I think it probably be advisable whilst Maj. {{{Mulford}}} is here to get the Naval prisoners on hand put
    R., II, vii, 989. On Oct. 17, Lt. Col. John E. {{{Mulford}}}, asst. agent for exchange, twice tele- graphed
    signature dated Oct 6 and addressed to Major Jno E. {{{Mulford}}} Assistant Agent of Exchange. You are authorized
    Hon. E. M. Stanton, Sect. of War, and Lt. Col. {{{Mulford}}}, Ass’t. Commr of Exchange of the United States
be-api requests 3
