info 4610
info 4611
'axes': 13 hits: 11768 11780 12583 10363 4642 2817 5923 5679 5704 13712 7104 5740 12941
'gloster': 4 hits: 10408 5706 5740 5741
'many pieces': 14 hits: 10334 8233 6946 7684 5223 6148 3879 2836 7759 5675 2650 5740 5378 4821
'jamestown cable': 39 hits: 13963 12367 12552 13537 13538 12811 5793 12560 12566 13560 13573 13283 13582 13045 13052 12193 13365 13368 13075 13373 13382 13096 13106 13157 12471 12472 5707 5713 12481 13727 12756 13915 12505 5740 12509 13924 12525 12529 12531
'more direct route': 8 hits: 7709 9385 6202 5697 12726 12727 3065 9234
'escort guerillas': 2 hits: 5466 5740
'powhatan city point': 14 hits: 12545 12561 4601 12574 12607 10442 4714 6755 4751 12903 12508 12520 12524 12352
'perkins party': 13 hits: 12979 6606 11842 11859 12471 12476 12477 5744 5745 12520 12776 12524 12527
'obrien': 159 hits: 13233 12544 9257 12546 11336 9265 12988 6613 13971 11350 11771 5801 11773 13002 5802 5805 9987 13008 5809 13988 13012 5813 5814 5815 9293 5816 5817 9742 9743 5819 13020 5820 5821 5822 5823 9748 11539 10008 11549 7923 11386 10016 6343 5587 11399 4647 4258 13606 14037 11577
'closing out': 4 hits: 2784 3853 6720 5744
'circumstances will allow': 5 hits: 7869 4590 3763 7586 5744
'unable to find': 6 hits: 11106 8535 13194 5744 13201 5389
'sheridan hunter white house': 5 hits: 4724 4725 5754 5757 5762
'headquarters removed': 0 hits: 
'cable mile long': 0 hits: 
img 5662
img 5740
img 5744
requests 20
