None | "W. W. Shore" World | 10
  id betweenlinessecr00insmit|af6e97f29a794a821ac36602697b3f22263d103a
    Com- missi.. 1 — Arrest of {{{W. W. Shore}}}, of the New York '{{{World}}}" — John Gillock from Richmond
    Sanitary Commis- sion— Arrest of {{{W. W. Shore}}}, of the New York "{{{World}}}" — John Gillock from Richmond
  id betweenlinessecr00smit|cd6963335d6eabd491bf90250247f59fb08b04a1
    Com- missiv i — Arrest of {{{W. W. Shore}}}, of the New York '{{{World}}}" — John Gillock from Richmond
    Sanitary Commis- sion— Arrest of {{{W. W. Shore}}}, of the New Yor!. "{{{World}}}" — John Gillock from Richmond
  id P005367|5a690eaf4b514e27a36916a584185babaea5c3ec
    is becéming known, the territory is attracting {{{world}}}-wide atten- tion, and people from all parts of the
    anticipate the new era that is assured, when the Old {{{World}}} and the New are brought into “closer touch. a #4
  id per_alexandria-gazette-packet_the-alexandria-gazette_1864-09-24_65_227|cf2ffc6651d87a6d9c8d473391f96a39d4f23c70
    this city of {{{W. ‘W. Shore}}}, charred. with writing and publishing ia the New York . {{{World}}} a letter attacking
    exploded direetly under the boiler.’’ How this {{{world}}} i is giving to lying. The New VYork. Express in
None | "Shore" "aid and comfort" Butler Wallace | ERROR HTTP Error 502: Bad Gateway
None | "Bowers Hill" Suffolk evacuated 1864 | 10
  id 00544322.3071.emory.edu|b2279706317e5404d6b301f81fcb2b0e53b58667
    BUSINESS AHEAD. {{{Bowers' Hill}}}, White House, York town. 125 CHAPTEE IX:. {{{BOWERS' HILL}}}, WHITE
    Baltimore, Md., June 4, {{{1864}}}, of wounds received in the field May 26, {{{1864}}}. Also, that Lieutenant-Colonel
  id storytwentyfirs00crangoog|0ad77eb57deaeceb8fbbf0b56b1318befb721c56
    BUSINESS AHEAD. {{{Bowers' Hill}}}, White House, Yorktown. 125 OHZ-A^IPTER {{{BOWERS' HILL}}}, WHITE HOUSE
    Baltimore, Md., June 4, {{{1864}}}, of wounds received in the field May 26, {{{1864}}}. Also, that Lieutenant-Colonel
  id cu31924089930634|78a4a567da6af00e540898bc9b6879139e94dc17
    at Newport News Ill Camp near {{{Suffolk}}} 117 Siege of {{{Suffolk}}} 126 Battle of Providence Church
    CONTENTS. V. APRIL 19, TO MAT 11, {{{1864}}}. Spring Campaign of {{{1864}}} 250 March to Yorktown, and Camp
  id thirteenthregime88thom|78fb9b84e8c1b7bbcd9d072dc750631356c83710
    at Newport News Ill Camp near {{{Suffolk}}} 117 Siege of {{{Suffolk}}} 126 Battle of Providence Church
    CONTENTS. V. APRIL 19, TO MAY 11, {{{1864}}}. Spring Campaign of {{{1864}}} 250 March to Yorktown, and Camp
None | "careful in punctuation" cipher | 5
  id american-historical-review-the|85b27e49515ff0939a0ed0f1fac92ae05f4fc3b8
    they developed an ingenious use of statistics as a {{{cipher}}} code and as symbols of nationalist aspirations
    apparently copied from W. Jay, who was not too {{{careful in punctuation}}}, spelling, and little details. The present
  id sim_american-historical-review_1935-01_40_2|1792f53ba716e6f0a694de2b8f0f0f0656ceab78
    they developed an ingenious use of statistics as a {{{cipher}}} code and as symbols of nationalist aspirations
    apparently copied from W. Jay, who was not too {{{careful in punctuation}}}, spelling, and little details. The present
  id dli.calcutta.07878|57fa4d92ea0aeca8f8e44a085c0522afc245baf7
    they developed an ingenious use of statistics as a {{{cipher}}} code and as symbols of nationalist aspirations
    apparently copied from W. Jay, who was not too {{{careful in punctuation}}}, spelling, and little details. The present
  id 1923TheGoldenAgeMagazine|bd839176a53a79c9292e5d56f9d9848c9000e056
    them; resort to the dictionary. Be {{{careful in punctuation}}}, so that the sense is brought out
    small beyond tfi expression, a mere dot or {{{cipher}}} in the eternal scheme of world construction
None | "arbitrary words should be used" | ERROR HTTP Error 502: Bad Gateway
None | "building party" Jamestown "White House" 1864 | 10
  id militarytelegraph02plumrich|1d0c0e5ed4283e3fed159bfa67522e1babeee1a4
    Pamunkey to {{{White House}}}. The office at West Point was opened June 2, and at {{{White House}}} on the
    year ending June 30, {{{1864}}}, was $137,153.44. During the fall of {{{1864}}}, Captain Clowry operated
  id militarytelegra04plumgoog|1dc3ff5feb7906e669686b1a19048f8e9d00bbcb
    Pamunkey to {{{White House}}}. The office at West Point was opened June 2, and at {{{White House}}} on the third
    for the year ending June 30, {{{1864}}}, was $137,153.44. During the fall of {{{1864}}}, Captain dowry operated seventeen
  id militarytelegra01plumgoog|b751cefd35caf919e04431bab2caf47e8d1fb475
    Pamunkey to {{{White House}}}. The oflice at West Point was opened June 2, and at {{{White House}}} on the third
    for the year ending June 30, {{{1864}}}, was |137,153/44. During the fall of {{{1864}}}, Captam Clowry operated seventeen
  id cu31924092908759|15dc0fb282738600fc312c4eaea8af0bb4a8a917
    Pp,munkey to {{{White House}}}. The office at West Point was opened June 2, and at {{{White House}}} on the third
    for the year ending June 30, {{{1864}}}, was |137,153.44. During the fall of {{{1864}}}, Captain dowry operated seventeen
militarytelegraph02plumrich | "Chief Operator Fortress Monroe" | 1
  id militarytelegraph02plumrich|1d0c0e5ed4283e3fed159bfa67522e1babeee1a4
    Caro- lina ; George D. Sheldon, {{{Chief Operator Fortress Monroe}}}, Va.; M. V. B. Buell, Chief
be-api requests 7
