"Steamers all ready coaled and loaded with proper rations" | total 4
    The War of the Rebellion: v. 1-53 [serial no. 1-111] Formal reports, both Union and Confederate, of the first seizures of United States property in the southern states, and of all military operations in the field, with the correspondence, order and returns relating specially thereto. 1880-1898. 111 v 1895 | ... <b>Steamers all ready coaled and loaded with proper rations</b> . The list will be handed you , stating capacity , &amp; c . , of each . R. C. WEBSTER , Colonel . CITY POINT , VA . , January 3 , 1
    The War of the Rebellion 1895 | ... <b>Steamers all ready coaled and loaded with proper rations</b> . The list will be handed you , stating capacity , &amp; c . , of each . R. C. WEBSTER , Colonel . CITY POINT , VA . , January 3 , 1
    The War of the rebellion: a compilation of the official records of the Union and Confederate armies, prepared by R.N. Scott [and others]. 4 ser. 69 vols. [in 127 pt. 'Additions and corrections', dated 1902, have been inserted in the vols. With] Ser.1. Index to battles, campaigns, etc 1895 | 
    House documents 1895 | ... <b>Steamers all ready coaled and loaded with proper rations</b> . The list will be handed you , stating capacity , &amp; c . , of each . R. C. WEBSTER , Colonel . CITY POINT , VA . , January 3 , 1
"turn them over to Colonel Morgan" | total 333
    The War of the Rebellion: v. 1-53 [serial no. 1-111] Formal reports, both Union and Confederate, of the first seizures of United States property in the southern states, and of all military operations in the field, with the correspondence, order and returns relating specially thereto. 1880-1898. 111 v 1892 | ... <b>them</b> and no one to give further orders . Captain Bird , captain of pioneers , on my staff , accidentally met Lieutenant - <b>Colonel Morgan</b> ... <b>over</b> the railroad by the road runn
    The War of the Rebellion 1892 | ... <b>them</b> and no one to give further orders . Captain Bird , captain of pioneers , on my staff , accidentally met Lieutenant - <b>Colonel Morgan</b> ... <b>over</b> the railroad by the road runn
    Who Killed John Clayton? 1998 | ... <b>make</b> Morgan&#39;s task an easy one . One threatened the teacher of the bureau&#39;s school , W. J. Evans , that he must stop &quot; teaching niggers and leave the place or be killed . &quot
    The War of the rebellion: a compilation of the official records of the Union and Confederate armies, prepared by R.N. Scott [and others]. 4 ser. 69 vols. [in 127 pt. 'Additions and corrections', dated 1902, have been inserted in the vols. With] Ser.1. Index to battles, campaigns, etc 1892 | 
    The Boys of '76 1924 | ... <b>Colonel Morgan</b> and the surgeon of Morgan&#39;s brigade are in the quartermaster&#39;s tent . Colonel Lewis , the quartermaster , has invited <b>them</b> ... <b>turn</b> the left of our posi
"if the steamer Russia is at" | total 320
    The Industries of Russia ... 1893 | ... <b>of steamer</b> built in two sections has been made , each length being conveyed separately through all the locks , and then joined together in the Sheksna or Volga . Fifty - four sea - going <b
    The history of the war against Russia 1856 | ... <b>if</b> any prospect <b>of</b> success should exist , <b>when</b> all possible appliances <b>of</b> war were prépared . This list is exclusive <b>of</b> gun and mortar - boats , the number <b>of
    England and Russia in the East. A Series of Papers on the Political and Geographical Condition of Central Asia 2024-03-26 | ... <b>Russia</b> , on the other side , by incorporating the great Kirghiz Steppe into the empire , and substituting the Jaxartes ... <b>steamers</b> , <b>of</b> together 980 horse- power and 3,523 to
    Senate Documents 1872 | ... <b>if</b> I understand you . Suppose the <b>steamer Russia</b> arrives at this port , into what part <b>of</b> the book are the packages posted that are received by her ; are they posted in a book
    Origin and Development of Steam Navigation 1883 | ... <b>of</b> the Fulton . &quot; FIRST <b>STEAM</b> VESSELS IN <b>RUSSIA</b> . 1815. <b>Steam</b> navigation was adopted in <b>Russia</b> at an early date . Mr. Baird , superintendent <b>of</b> the m
"Winants is hardly capable" | total 198
    War Diaries 1939 1945 2003-06 | ... <b>Winant</b> talking eagerly about [ Grey&#39;s ] Fallodon Papers and Brooke - a new Brooke to me <b>hardly able</b> to wait his turn as he thought of some lines from The Prelude . When <b>Winant
    Churchill; the Struggle for Survival, 1940-1965 1966 | ... <b>Winant</b> is allowed to skip that stage . Before he utters a syllable people want to see more of him . He has the rapt ... <b>hardly able</b> to wait his turn as John Gilbert <b>Winant</b> , U
    Churchill Taken from the Diaries of Lord Moran 1966 | ... <b>Winant</b> 1 breaks pleasantly our ordered lives . Other men have to win the confidence of those they meet ; <b>Winant</b> is ... <b>hardly able</b> to wait his turn as 1 John Gilbert <b>Winant
    Winston Churchill: the Struggle for Survival, 1940-1965 1968 | ... <b>Winant</b> * breaks pleasantly our ordered lives . Other men have to win the confidence of those they meet ; <b>Winant</b> is ... <b>hardly able</b> to wait his turn as he thought of some lines
    Churchill Taken from the Diaries of Lord Morgan 1976-07 | ... <b>Winant</b> 1 breaks pleasantly our ordered lives . Other men have to win the confidence of those they meet ; <b>Winant</b> is ... <b>hardly able</b> to wait his turn as 1 John Gilbert <b>Winant
"Eliza Hancox has already been sent" | total 174
    The War of the Rebellion 1893 | ... <b>was</b> four miles out at the intersection of the roads . <b>Had</b> it not <b>been</b> for the ignorance and inefficiency of our pilots , we should <b>have</b> reached the landing at daylight 
    The War of the Rebellion: v. 1-53 [serial no. 1-111] Formal reports, both Union and Confederate, of the first seizures of United States property in the southern states, and of all military operations in the field, with the correspondence, order and returns relating specially thereto. 1880-1898. 111 v 1893 | United States. War Department. permission to <b>send</b> communication to General Wheeler , who <b>is now</b> in my immediate front , informing him of these facts , that I <b>have</b> prisoners of ran
    House documents 1895 | permission to <b>send</b> communication to General Wheeler , who <b>is now</b> in my ... <b>been</b> for the ignorance and inefficiency of our pilots , we should <b>have</b> ... <b>Eliza Hancox</b> . 
    Cases Argued and Decided in the Supreme Court of the United States and Others 1959 | United States. Supreme Court Stephen Keyes Williams. THE STEAMBOAT <b>ELIZA HANCOX</b> , etc. , | * DAVID DOWS , John Dows ... <b>been</b> two concurring opinions in the courts <b>be</b>- low , this c
    Reports of Cases Argued and Decided in the Supreme Court of the United States 1885 | ... <b>is</b> remitted , with directions to <b>are</b> not satisfied that , as to the damages , it <b>was</b> award a new trial . Cited - 74 N. Y. , 591 . THE STEAMBOAT <b>ELIZA HANCOX</b> , ETC. , LO
"sailed in perfect order" Sedgwick Ariel | total 2
    The Papers of Ulysses S. Grant 1985 | ... <b>Ariel</b> &#39; 973 men and the &#39; <b>Sedgwick</b> &#39; 496 men , have arrived — The troops were rationed up to tomorrow night — They ... <b>sailed in perfect order</b>— &quot; ALS ( telegr
    The Papers of Ulysses S. Grant: November 16, 1864-February 20, 1865 1967 | ... <b>Sedgwick</b> &#39; five hundred and one men , &#39; <b>Ariel</b> &#39; nine hundred and seventy three men and &#39; Ashland &#39; two hundred and seventy men have <b>sailed in perfect order</b>
"what time can this transportation" | total 370
    Container Terminals and Automated Transport Systems 2014-07-08 | ... <b>transportation</b> system (Bodin et al., 1983) or a static dial-a-ride problem with multiple vehicles of single ... <b>can</b> be found if the total vehicle travel <b>time</b> in the planning h
    Transportation Decision Making 2011-09-09 | ... <b>time</b>. —EliZabeth I (1533—1603) INTRODUCTION There is an old adage that “<b>time</b> is money.” But <b>can time</b> have a value? The attributes of <b>time</b> make it unexchangeable and the
    Complex Scheduling 2011-09-29 | Peter Brucker, Sigrid Knust. arise between different <b>transport</b> operations . Thus , we <b>do</b> not have to decide which robot transports which job and the <b>transportation times can</b> be mo
    Emerging Frontiers in Operations and Supply Chain Management 2021-09-15 | ... <b>can</b> bring lower safety stock level, low stock-out loss, and improved customer service level, leading toward an efficient supply chain. Liao ... <b>Transportation Time</b>, and Their Control
    Intelligent Transport Systems in Europe 2006 | ... <b>Transportation</b> ( IGT ) <b>will</b> also provide alternatives to individual or regular public <b>transport</b> . Overall ... <b>time</b> , fare , as well as the travel <b>time</b> , <b>can</
"were all ordered to Baltimore" Ariel | total 338
    House documents 1895 | ... <b>Baltimore</b> : <b>Ariel</b> , Illinois , General Sedgwick , Victor , and Baltic are <b>ordered</b> from Fort Monroe to <b>Baltimore</b> ; should be there this morning . Suwo Nada is on her way
    The War of the rebellion: a compilation of the official records of the Union and Confederate armies, prepared by R.N. Scott [and others]. 4 ser. 69 vols. [in 127 pt. 'Additions and corrections', dated 1902, have been inserted in the vols. With] Ser.1. Index to battles, campaigns, etc 1895 | 
    Municipal Journal, Baltimore 1913 | ... <b>were</b> held , where the scheme <b>was</b> thoroughly discussed and plans laid for mutual benefit to park and clubs . As a final result , the Arundel Boat Club , the <b>Ariel</b> ... <b>all</b
    Reports of Cases Argued and Determined in the Court of Appeals of Maryland 1918 | ... <b>Baltimore</b> City , be and the same is hereby reversed . And it is further <b>ordered</b> that the poles and fixtures , <b>aerial</b> cable , <b>aerial</b> wire , underground conduit , under- 
    Aerial Age Weekly 1922 | ... <b>orders</b> , etc. , for <b>all</b> to whom mail is distributed . It holds reference ... <b>Aerial</b> Age Weekly , 280 Madison Ave. , New York City . FLYING OUTFIT ... <b>Baltimore</b> Sales Ag
