volumes searched: 167
E217 | transports here now for 7,000 | none (0)
E217 | transports here now | none (0)
E217 | Wright has 11,000 | none (0)
E217 | transports enough for his command | none (0)
E217 | enough for his command | warofrebellion33unit (1)
E217 | I think there will be transports enough | none (0)
E217 | 7,000 men. General Wright | none (0)
E219 | to meet his family at | none (0)
E219 | meet his family | privateofficialc05butl (1)
E219 | steamer Greyhound at his disposal | none (0)
E219 | Greyhound at his disposal | none (0)
E219 | place the steamer Greyhound | none (0)
E219 | leaves here at 7 | none (0)
E219 | Webster, chief quartermaster | privateofficialc05butl,warofrebellion0207rootrich,warofrebellion423unit (3)
E219 | R. C. Webster | privateofficialc05butl,warofrebellion423unit (2)
E226 | mail boats to Charles City | none (0)
E226 | send the mail boats | none (0)
E226 | Seventh Street wharf | lincolnintelegra00bates,warofrebellion432unit (2)
E226 | Seventh-street wharf | lincolnintelegra00bates,warofrebellion432unit (2)
E226 | 7th street wharf | none (0)
E226 | mail-boats | officialrecordso0009unse,officialrecordso0010unse,privateofficialc05butl,warofrebellion33unit,warofrebellion402unit (5)
E226 | H. B. Blood | warofrebellion422unit,warofrebellion423unit (2)
E226 | Captain Blood | warofrebellion402unit,warofrebellion423unit (2)
E227 | Ninth Vermont will leave | none (0)
E227 | steamer Perit | none (0)
E227 | on the Perit | none (0)
E227 | D. Stinson | warofrebellion432unit (1)
E227 | William L. James | none (0)
E227 | W. L. James | none (0)
E227 | 150 men Ninth Vermont | none (0)
E227 | John Horner | memorialsofgreat01caryuoft (1)
