'keyport': 9 hits: 9713 8700 5615 5630 13644 13126 13138 9219 4546
'wharf on arrival': 7 hits: 5790 10357 9039 10414 3461 8964 5749
'directed you to do so': 32 hits: 9005 5790 9032 9329 8672 5198 5601 4980 4988 9093 8285 8724 3408 3599 8352 6759 9878 8113 2616 8928 8932 8381 4773 4123 4528 4529 11703 8840 9676 9937 8440 8189
'since you left': 59 hits: 6903 5790 8639 6922 9562 9568 8659 4225 6107 3760 4233 2750 5467 6964 9780 9627 2524 9791 8723 12203 7004 6169 5012 7605 4299 6185 8496 5906 8755 5656 6741 10210 8015 4478 8352 9867 9870 4749 4750 4362 4502 8119 4762 8381 4374 11692 5349 6848 8140 8580 2170 8840 11711 4799 2183 5382 7849 7851 6590
'inch plank': 4 hits: 5802 5742 5759 5765
'afloat': 19 hits: 9747 10364 9750 10033 4688 7730 6742 6745 9874 3640 5704 5707 5718 5730 5742 2184 9231 7857 8873
'hurry me an operator': 1 hits: 5742
'scantling': 2 hits: 4756 5742
'light vessel': 9 hits: 9712 7202 5614 2569 9135 8540 4358 4823 5774
'york river light': 4 hits: 12811 7206 10175 4823
'house inspector': 5 hits: 10376 11415 4564 5774 5775
'mcgarvey': 0 hits: 
image 5790
image 5742
image 5775
requests 15
== item 4823 Page 382 
 810 pm J W Sampson Balto  Fort Monroe July 25th 1864 
Ft Monroe 2 pm July 25th  Com
Purviance light house Inspr Balto . Capt gale
keeper of Lightship mouth of York river
asks to have his vessel moved back to
obstructions in Elizabeth river , reports her
present position dangerous as Yorktown is evacuated
. I know of no service he can
render where he now is so far as 
the Army is concerned Herman Biggs
Lt Col & QM


1050 pm SH Beckwith  Shermans Hd Qrs July 25th 64
Near Atlanta 25th  830 pm for Gen Grant Your despatch of
21st did not come till today . Johnston is 
relieved & Hood commands Hood has made two attempts
to strike hard since we crossed Chattahoochie & both times
got more than he bargained for . No doubt he
expects to cut to my rear but I have already 
cut to his rear having broken the Augusta road out
for 50 miles & his southern road at Opelika .
none remains to him but the Macon road & I
think I will have that soon . I would rather 
that Hood should fight it out at Atlanta than to
retreat farther towards Macon . If you can keep away 
reenforcements all well  my Army is all in hand 
& rear well guarded  WT Sherman 
M Gen

== item 5774 Page 230 
 Ft Monroe July 25 / 64
J. W. Sampson 
Baltimore
Appian Helen July harrow person for pekin door
Purviance Light House Inspector baptism unity pilgrim Gayle
keeper of light ship mouth of york windsor
asks to have his vessel moved back to
obstruct shuns in bangor windpipe pedlar wicks her
present vesper quaker us as hastings is relayed
zodiac I know of no service he can
render where he now is so far as
the oyster is concerned webster Her man Biggs
Lieutenant pandora and vincent nothing new here today --
Geo. D. Sheldon


Butlers Hd Qrs July 25 / 64
Geo. D. Sheldon Ft Monroe
fanny for shelby Graham famish zodiac take most vigorous
measures to have all your boats ready provisioned and
watered with all the spit you can muster and
all the launches to go on that rape up
the amen of which we re speaking the other
day zebra keep it quiet as possible walrus Knox
R. O'Brien

== item 10357 Page 215 
 5. P. M
Gen Butlers Hd Qrs May 25th 1035 am 
Hd Qrs 730 am, May twenty fifth For Secy War
Major General Fitz Hugh Lee lately promoted made
with cavalry Infantry and Artillery an attack upon
my post at Wilsons Wharf North side of
James River below Fort Powhattan garrisoned by two
regiments all Negro troops Br Genl Wild commanding and
was handsomely repulsed . Before the attack Lee 
sent a flag stating he had force enough
to take the place demanded its surrender and
in that case the garrison should be turned
over to the authorities of Richmond as prisoners
of war but if this proposition was rejected
he would not be answerable for consequences when
he took the place General Wild replied we
will try that . Reinforcements were at once 
sent but fight was over before their arrival
. Loss not yet reported . Despatch relating 
to Lee being over South Anna received will
be ready to move on the instant
B F. Butler
Maj Gen Comdg 

== item 10414 Page 272 
 2 am 15th  Ft Monroe June 14 1864
Gen Butlers HdQrs two twenty P M 14th via Ft Monroe
7 30 PM 14th For Secy of War Washn ---- Wrights corps reached
the James River last night opposite Fort Pow - hat -
- an ---- Burnside camped on the other side 
of the Chickahominy ---- Warren camped at St Marys
Church ---- Both these corps are up before this
time ---- the wagon train with Ferreras division reached
the Chick - a - hominy at the Window Shades but did
not cross because they had not enough bridge material
---- the deficiency has been supplied ---- Butlers Engineers
had began work for the pontoon bridge at Fort
Pow - hat - an before our arrival & are now
aided by heavy details from Hancocks corps ---- it 
is a pretty heavy job to cordu - roy the
marsh which is fully half a mile wide &
quite deep when we left Wilcox Wharf at nine
O clock this morning there were three Steam boats there
to begin ferrying Barlows division ---- No Ferry boats
had yet appeared ---- however the crossing will be made
with all practicable rapidity the troops crossing on boats 

== item 4756 Page 315 
 135 pm  Grants Hd Qrs July 3d 64
9 AM Secy of War All quiet on the lines and no 
new developments . The mine with which the
rebel redoubt in front of Burnside is to be blown
up is advancing well but is a pretty heavy
job and will take some time yet . I
have just come in from a visit to Wilsons
Cavalry Camp . The men and horses are both 
in much better condition than I had expected .
Wilson estimates his total loss at from seven hundred
& fifty to one thousand men including those lost
from Kautz Division . Of these some six hundred
were killed & wounded in fair fighting of which
they had plenty from the beginning. Wilson confirms Kautz
statement that the expedition averaged forty miles a day
n . In one thirty six hours Kautz marched eighty
miles . Of Railroads fully sixty miles were thoroughly 
destroyed . The Danville road Wilson says could 
not be repaired in less than forty days even
if all the materials were at hand , and 
he has destroyed all the black Smith shops where
the bars might be straightened out and all the
mills where scantling for sleepers could be sawed .
The thirty miles he broke up of the South side
road may be repaired in about ten days if
the work is not disturbed . That road has "T"

requests 5
