papersofulyssess0012gran Greyhound 1
    1864 et ground? Shall I call for you with the {{{Greyhound}}}?” Jbid., p. 254. On the same day, USG telegraphed
    Pocahontas—Shall we see you today I have ordered the {{{Greyhound}}} to report to you” ALS (telegram sent), DNA, RG
    Groves of Chelsa are here, & will go up on the ‘{{{Greyhound}}}’ in the morning to see you, Will you please have
    Ky.), 125n Greino, Ernst (Ohio Vols.), 433-34 {{{Greyhound}}} (steamboat), 21n, 253n, 461 Grierson, Benjamin
papersofulyssess0012gran "Fort Monroe" family 1
    dan in the Shenandoah Valley, and to visit his {{{family}}} in Burlington, N.J. Although Grant himself was
    also capable of managing the affairs of his own {{{family}}} with the same steady hand. One day in October,
    USG left for a visit with Julia Dent Grant at {{{Fort Monroe}}}, Va., bringing her to City Point, Va., the following
    the Crater. 31. USG escorted Julia Grant to {{{Fort Monroe}}} on her way to Burlington, N.J. xt xxit Chronology
papersofulyssess0012gran Webster 1
    Joseph (steamboat steward), 461-64 {{{Webster}}}, Amos (U.S. Army), 460 {{{Webster}}}, Ralph C. (U.S. Army), 378n Weisiger
    telegraphed to Bowers. “Your despatch received. Col {{{Webster}}} has ordered a suf- ficient number of the sea going
    Vols., Lieut C. S. Wolcott (5 comps) Captain A {{{Webster}}}, Asst Quarter master Vols., is hereby assigned
papersofulyssess0011gran "boats enough" 0
papersofulyssess0011gran Ingalls Wright 11,000 0
papersofulyssess0011gran "Charles City" Blood 0
be-api requests 6
"visit with Julia Dent Grant" :: Reams’ Station, Va. 27. USG left for a {{{visit with Julia Dent Grant}}} at Fort Monroe, Va., bringing her to
"Aug. 27" :: Aug. 26, 1864, 96n; telegram to, {{{Aug. 27}}}, 1864, 98; telegrams to, {{{Aug. 27}}}, 1864 (2), 98n; telegram to, Aug
"Aug. 27" :: City Point, 96n; telegram to, {{{Aug. 27}}}, 1864, Index 98; telegrams to, {{{Aug. 27}}}, 1864 (2), 98n; forwards information
"Aug. 27" :: Received. O.R., I, xlii, part 2, 244; (misdated {{{Aug. 27}}}) ibid., p. 541. The enclosure is ibid., p. 244
"Aug. 27" :: Lt. Gn. ALS, Mrs. Walter Love, Flint, Mich. On {{{Aug. 27}}}, 1864, President Abraham Lincoln endorsed this
"Aug. 27" ::  DNA, RG 107, Telegrams Collected (Bound). On {{{Aug. 27}}}, 1864, Secretary of War Edwin M. Stanton telegraphed
be-api requests (extra) 2
