"Two steamers" Ariel Sedgwick intitle:Grant | total 2
    mnRjmhe3QLoC The Papers of Ulysses S. Grant November 16, 1864-February 20, 1865 1985 PARTIAL | ... <b>2</b> , 106. On the same day , Morgan wrote to Rawlins . &quot; <b>Two steamers</b> , the &#39; <b>Ariel</b> &#39; 973 men and the &#39; <b>Sedgwick</b> &#39; 496 men , have arrived — The troops were rationed up to tomorrow night — They have water at the rate of a gallon per man&nbsp;...
    ij8fAQAAMAAJ The Papers of Ulysses S. Grant: November 16, 1864-February 20, 1865 None 1967 NO_PAGES | ... <b>2</b> , 106. On the same day , Morgan wrote to Rawlins . &quot; <b>Two steamers</b> , the &#39; <b>Ariel</b> &#39; 973 men and the &#39; <b>Sedgwick</b> &#39; 496 men , have arrived - The troops were rationed up to tomorrow night - They have water at the rate of a gallon per man&nbsp;...
"Winants" intitle:Grant | total 0
"Eliza Hancox" intitle:Grant | total 0
"Russia" "flag ship" intitle:Grant | total 3
    SytBAQAAMAAJ Around the World with General Grant A Narrative of the Visit of General U.S. Grant, Ex-president of the United States, to Various Countries in Europe, Asia, and Africa, in 1877, 1878, 1979 : to which are Added Certain Conversations with General Grant on Questions Connected with American Politics and History 1879 ALL_PAGES | ... <b>Russian</b> vessels fired gun after gun . Then came official visits - Admiral ... <b>flag</b> - <b>ship</b> was a blaze of color and decoration . General Grant received the ... <b>Russians</b> manned yards and fired salutes . The German ship hoisted the&nbsp;...
    B3GWCppvcp8C The Travels of General Grant None 1881 ALL_PAGES | ... <b>Russians</b> , manned yards and fired salutes . The German <b>ship</b> hoisted the imperial standard , and the English vessel dressed <b>ship</b> . Amid the roar of cannon and the waving of <b>flags</b> the General&#39;s <b>boat</b> slowly moved to the shore . As he&nbsp;...
    HPxYAAAAMAAJ Life of U.S. Grant None 1885 ALL_PAGES | ... <b>Russians</b> , manned yards and fired salutes . The German <b>ship</b> hoisted the imperial standard , and the English vessel dressed <b>ship</b> . Amid the roar of cannon and the waving of <b>flags</b> the General&#39;s <b>boat</b> slowly moved to the shore . As he&nbsp;...
    k6WtN3zI3NIC The 'Russia's hope'; or, Britannia no longer rules the waves, tr. from the Russ. by C.J. Cooke None 1888 ALL_PAGES | 
"each steamer will carry" intitle:Grant | total 11
    NcEXAAAAYAAJ With General Grant in the East None 1879 ALL_PAGES | 
    5N2D5Fp928MC The Papers of Ulysses S. Grant [v.9] None 1982 PARTIAL | ... <b>will carry</b> four days rations and the <b>steamer</b> Chattanooga , 1 loaded with rations , <b>will</b> accompany the expedition . I ... <b>all</b> our strength to - morrow and try if we cannot cut off a good portion of his rear troops and trains . His&nbsp;...
    HfAqmrYZxnMC Grant Rises in the West The first year, 1861-1862 1997-01-01 PARTIAL | ... <b>steamer</b> which <b>will carry</b> this <b>will</b> leave in a very short time , so that I <b>will</b> not be able to send any additional ... <b>each</b> of whom was , he said , &quot; unwilling to serve under the other . &quot; He had a solution : &quot; If Brig . Gen. E. A.&nbsp;...
    9IlMKIXaRHoC General Grant Abroad A Complete Account of His Famous Trip Around the World: the Countries Visited by General Grant, the Attentions Shown Him, the Meeting with Distinguished Personages, Speeches, Comments and Conversations, and Many Personal Anecdotes and Incidents of Travel 1879 ALL_PAGES | ... <b>will</b> be so kind as to accept . &quot; I trust that you both <b>will</b> have a ... <b>STEAMER</b> ASHUELOT , NEAR SHANGHAI , China , May 16 , 1879. ) &quot; HIS EXCELLENCY ... <b>each</b> the same distinguished reception accorded at Canton . Myself and party&nbsp;...
    TiQvAAAAYAAJ The Free Grant Lands of Canada From Practical Experience of Bush Farming in the Free Grant Districts of Muskoka and Parry Sound 1871 ALL_PAGES | 
"coaling and watering" intitle:Grant | total 2
    IOeREQAAQBAJ Military History Of Ulysses S. Grant From April 1861 To April 1865 Vol. III None 2014-06-13 PARTIAL | ... <b>water</b>. At the same time another gale arose, during which it would have been impossible to land the troops, and there was no smooth sea until the 23rd. The interval was spent by Butler in <b>coaling and watering</b>, but Porter remained outside&nbsp;...
    5pA5AQAAMAAJ Military History of Ulysses S. Grant From April, 1861, to April, 1865 1885 ALL_PAGES | ... <b>coaling and watering</b> , but Porter remained outside . There was doubtless at this time a lack of con- cert , and even of cordial co - operation , between the naval and the military chiefs . Butler was not popu- lår with the other branch&nbsp;...
"Colonel Morgan" "chief commissary" Howell intitle:Grant | total 0
"mule teams" Bradley "what time" intitle:Grant | total 0
"heard from them since" Baltic intitle:Grant | total 0
"steamers named had left" intitle:Grant | total 3
    JUoGMP4xWscC Personal Memoirs of U.S. Grant None 1995-01-01 PARTIAL | ... <b>left</b> New Orleans for Corpus Christi , now in Texas . Ocean <b>steamers</b> were not then common , and the passage <b>was</b> made ... <b>had</b> to take place by small <b>steamers</b> , and at an island in the channel <b>called</b> Shell Island , the ships anchoring&nbsp;...
    i93hEAAAQBAJ The Memoirs of U. S. Grant Enriched edition. 2023-11-11 PARTIAL | ... <b>left</b> New Orleans for Corpus Christi, now in Texas. Ocean <b>steamers</b> were not then common, and the passage <b>was</b> made in ... <b>had</b> to take place by small <b>steamers</b>, and at an island in the channel <b>called</b> Shell Island, the ships anchoring&nbsp;...
    1ynl9m4jefQC Ulysses S. Grant A Novel 1999 NO_PAGES | ... <b>had</b> seen , and <b>had</b> sent reinforcements who rallied the troops at the river bank . The rebs may <b>have</b> cut them off from the <b>steamers</b> ... <b>left</b> to guard them . Riding out of the trees nearest the anchored <b>steamers</b> ... <b>name</b> of heaven <b>was</b>&nbsp;...
