warofrebellionco0006unit | Brengle | 1
  id warofrebellionco0006unit|000093262a1b38d07b8ade4bcda8f484f6fb3110
    Sir: Your communication respecting Messrs. {{{Brengle}}} and Brink and the members of the Sanitary
    appears by your own communication that Mr. {{{Brengle}}} had just been CORRESPONDENCE, ETC. - UNION
warofrebellionco0006unit | Brengle Mulford February | 0
None | Brengle "flag of truce" Mulford 1864 | 10
  id bwb_P9-DXT-998|1bb7c90b64f8482cbe163e39ef7b55319ba00317
    by sending on the last {{{flag-of-truce}}} boat, under the charge of Major {{{Mulford}}}, Third Regiment New York
    Corps, at Fort Monroe, to send Major {{{Mulford}}} with the {{{flag-of-truce}}} boat New York to Fort Delaware for
  id warofrebellionco0006genf|622dbd437f40a464f433342d4c5627ba6b87ba27
    by sending on the last {{{flag-of-truce}}} boat, under the charge of Major {{{Mulford}}}, Third Regiment New York
    Corps, at Fort Monroe, to send Major {{{Mulford}}} with the {{{flag-of-truce}}} boat New York to Fort Delaware for
  id warofrebellion06unit_0|e9159322f251e60c485dda5e139770f109462fe1
    sending on the last {{{flag-of-truce}}} boat, under the charge of Major {{{Mulford}}}, Third Eegiment New
    at Fort Monroe, to send Major {{{Mulford}}} with the {{{flag-of- truce}}} boat New York to Fort Delaware
  id warofrebellion0206rootrich|d2bb844e9fab7d09b6c34703fcd4118d68eff719
    sending on the last {{{flag-of-truce}}} boat, under the charge of Major {{{Mulford}}}, Third Regiment New
    Cabell to be sent to him by {{{flag of truce}}}. The {{{flag of truce}}} will be dismissed on delivery
None | "Brengle" Frederick Butler Davenport | 10
  id secretarysrepor01goog|adaa99621133c7480429b0c25ead1b329ed97090
    Cowling* Albert Dudley {{{Davenport}}}? William Edward Davis* fThomas Cleland Dawson* {{{Frederick}}} Clinton DeVeau* Harrie
    75 yds.; {{{Davenport}}}, '90, 100 yds.; Gorham, '90, 100 yds.; Hale, '88, scratch. Won by {{{Davenport}}}, 4 m. 45
  id marylandgenealog0000unse|af9334df051437740751c8f161d87b4681a6c2f1
    Joseph {{{Butler}}}: wife Anne; sons James Carter {{{Butler}}}, Joseph {{{Butler}}}, William {{{Butler}}}, Charles {{{Butler}}} and deceased
    xii. SUSANNAH ‘ {{{BRENGLE}}}. xiii. JacoB* {{{BRENGLE}}}. 6. Capt. John * {{{Brengle}}} of {{{Frederick}}}, married Elizabeth
  id marylandgenealog0001unse|9b2ad2222c1d6d6f4396b959470fe13c37997519
    Joseph {{{Butler}}}: wife Anne; sons James Carter {{{Butler}}}, Joseph {{{Butler}}}, William {{{Butler}}}, Charles {{{Butler}}} and deceased
    xii. SUSANNAH * {{{BRENGLE}}}. xiii. JAcoB* {{{BRENGLE}}}. 6. Capt. John * {{{Brengle}}} of {{{Frederick}}}, married Elizabeth
  id presbyterianchur00hubb|22fc7195de1beb05f86ee512af4b3af70dc7f094
    2933 30 "786 240 1 198 22 "9.5 13 o7 {{{Davenport}}} College Ave. {{{Davenport}}} Newcomb V. 1, s.s. l.p. 3
    120 66 156 90 35 10 198 23 143 ' 26 {{{Davenport}}} First {{{Davenport}}} Se' ond Davis Citv Dedham 7 34
None | "William Lee" detective Horner 1864 | ERROR HTTP Error 502: Bad Gateway
None | "painful rumors" Havre de Grace 1864 | 0
None | Buell "New Castle" July 1864 telegraph steamers "Havre de Grace" | ERROR HTTP Error 502: Bad Gateway
privateoffice03butlrich | Brengle | ERROR HTTP Error 502: Bad Gateway
militarytelegraph02plumrich | "Chief Operator Fortress Monroe" | 1
  id militarytelegraph02plumrich|1d0c0e5ed4283e3fed159bfa67522e1babeee1a4
    Caro- lina ; George D. Sheldon, {{{Chief Operator Fortress Monroe}}}, Va.; M. V. B. Buell, Chief
be-api requests 9
