volumes searched: 168
E319 | cannot string wire | none
E319 | can not string wire | none
E319 | navigation must remain open | none
E319 | some of which have high masts | none
E319 | high masts | none
E319 | fully as favorable for building | none
E319 | a little over half a mile | none
E319 | three quarters of a mile | lewwallaceautobi00wall,officialrecordso0009unse,officialrecordso0015unse,privateofficialc05butl,recollectionsofc00danauoft,warofrebellion0207rootrich,warofrebellion33unit,warofrebellion361unit,warofrebellion362unit,warofrebellion372unit,warofrebellion403unit,warofrebellion431unit,warofrebellion432unit,warofrebellion452unit,warofrebellion422unit,militarytelegraph01plumrich,militarytelegraph02plumrich,warofrebellion013603rootrich
E319 | across York River at Yorktown | none
E320 | regret having ordered | none
E320 | ordered OBrien away | none
E320 | require careful working | none
E320 | better posted with that command | none
E320 | Caldwell will attend | none
E320 | Nichols can remain | none
E320 | Mackintosh to bring | none
E320 | all builders and building material | none
E321 | dragged up by anchors | none
E321 | danger of being dragged | none
E321 | nearest south shore | none
E321 | cable should be laid | none
E321 | laid on north side | none
E321 | take less cable | none
E321 | north side of river | privateofficialc04butl,warofrebellion403unit,warofrebellion452unit,warofrebellion422unit
KWIC warofrebellion422unit /high masts/ 0
KWIC warofrebellion422unit /Mattapony/ 0
KWIC warofrebellion422unit /string (?:the )?wire/ 0
KWIC warofrebellion422unit /O.Brien/ 6
   @ 1177291 ... eft at 8.40 p. m. It was repaired early the next moriiing. Please inform General Butler about Fort Morgan. R. O’BRIEN. Chap. LIV.] 543 CORRESPONDENCE, ETC. UNION. Headquarters, August 27^ 1864 — 6.25 p. m. Colonel Sharpe, City 
   @ 2759443 ... l. Edward Ball. 53d Georgia, Col. James P. Simms. Humphreys’ Brigade. 13th Mississippi, Lieut. Col. Alfred G. O’Brien. 17th Mississippi, Capt. Jesse C. Cochran. 18th Mississippi, Col. Thomas M. Griffin. 21st Mississippi, Col. D
   @ 3069622 ... i- ment, Heavy Artillery. North Carolina 40th Regiment. merit. Heavy Artillery. Oakman’s (Hiram A.) Infantry. O’Brien’s (Alfred G.) Infantry. See North Carolina Troops, Confederate, 3d Regi- See Union Troops, Colored, 30th Regi
   @ 3145705 ... 19 Echols, John. Mentioned 1293 Eckert, George C. Mentioned 018 Eckert, Thomas T. Correspondence with Kichard O’Brien 542 Eddy, Edward, jr. For correspondence as A. A. A. G., see Bohert S. Foster. Eddy, Ulysses D. For correspon
   @ 3236766 ... . Correspondence with G. T. Beauregard 97, 98, 376 Oakman, Hiram A. Mentioned 617 Oates, R. M. Mentioned 1249 O’Brien, Alfred G. Mentioned 1215 O’Brien, Richard. Correspondence with Thomas T. Eckert 542 Ohio Troops. Mentioned. 
   @ 3236800 ... gard 97, 98, 376 Oakman, Hiram A. Mentioned 617 Oates, R. M. Mentioned 1249 O’Brien, Alfred G. Mentioned 1215 O’Brien, Richard. Correspondence with Thomas T. Eckert 542 Ohio Troops. Mentioned. Artillery, Light — Regiments: l&t 
KWIC warofrebellion422unit /Bermuda Hundred/ 51
   @ 97302 ...  L. SIEBERT, Assistant Adjutant- General. War Department, August 4, 1864. Major-General Butler, Headquarters^ Bermuda Hundred: There is no probability that the counties of Accomac and Northum- berland [Northampton] will be separated fr
   @ 281342 ... the left of lead- works. Enemy’s signal officer reports a company of cav- alry crossing pontoon bridge toward Bermuda Hundred. 0. L. DAVIS, Captain, &c. August 12, 1864—12.30 p. m. Major Fisher: A column of enemy’s cavalry, followed by
   @ 296623 ... hington is their destination. To facilitate em- barkation (ostensibly) the artillery and transportation go to Bermuda Hundred to-night. After dark to-morrow night the pontoon bridge will be laid at the same place as on the former occas
   @ 297079 ... bout 2 a. m. the 14th. I hope to have prompt movements and favor- able results. What force can you spare from Bermuda Hundred to be used north of the James with this expedition? Whatever force you can spare, reducing the force to hold 
   @ 357461 ... hat you should stay. BENJ. E. BUTLEK, . Mcfjor- General. IlDQRS. Second Brigade, First Division, Tenth Corps, Bermuda Hundred, Va., August 13., 1864. Capt. Adrian Terry, Assista7it Adjutant- General, First Division: Captain : I have th
   @ 365775 ... vision here, as I have heretofore supposed. Pickett’s division, of Longstreet’s cori)s, is opposite Butler at Bermuda Hundred. This leaves but one division of infantry to have gone to the Valley. I am now satisfied no more has gone. Pl
   @ 562411 ... nding. Headquarters Tenth Army Corps, . August 17 j 1864. Brigadier-General Turner, Commanding Intrenchments, Bermuda Hundred : Order Colonel Wasliburn, Eourtli Massacliusetts Cavalry, with his entire mounted force, to come here immedi
   @ 726110 ... 0 a. m. Major-General ITancock : Yon may withdraw from the north of tlie river to-niglit, inarching by way of Bermuda Hundred and across the Ai)pomattox at the pontoon bridge back to your old camp. Leave the Tenth Corps to cover the cr
   @ 728246 ...  Headquarters Second Army Corps, August 20, 1864 — 12.10 p. ni. General G-RANT : Is there a pontoon bridge at Bermuda Hundred? I am ordered to march to Bermuda Hundred, but it is not stated wlietlnu’ a bridge lias been thrown there or 
   @ 728288 ... , 1864 — 12.10 p. ni. General G-RANT : Is there a pontoon bridge at Bermuda Hundred? I am ordered to march to Bermuda Hundred, but it is not stated wlietlnu’ a bridge lias been thrown there or wlietlier 1 am to cross at I^oint of Eocks
   @ 742948 ... received. Corse commands a brigade in Pickett’s division, which has been doing all the operations in front of Bermuda Hundred. Probably this is the body of troops reported by the signal officer at Gibbon’s house. A. A. HUMPHREYS, Major
   @ 950646 ... or-General Butler, Commanding, Ac. : You may now send the Tenth Corps, or as much of it as can be spared from Bermuda Hundred, to relieve as far as possible the Eighteenth Chap. LIV.] CORRESPONDENCE, ETC. UNION. 437 Corps. When the Eig
KWIC warofrebellion422unit /Mackintosh/ 0
KWIC warofrebellion422unit /Nichols/ 5
   @ 1370692 ... shire, Lieut. Col. John Coughlin. 96th New York,Capt. George W. Hindes. 118th New York, Lieut. Col. George F. Nichols. Third Brigade. Col. Samuel H. Roberts. 21st Connecticut, Capt. .James F. Brown. 40th M.‘issachusetts, Cajit.
   @ 3069211 ... rk Troojys, 80th Regiment. New York 69th National Guard, Artillery. See York Troops, 182d Regiment, Infantry. Nichols’ (George F.) Infantry. See New York Troops, 118th Regiment. Norfolk Blues, Artillery. See Virginia Troops, Co
   @ 3114776 ... 74, 785, 791, 802, 811, 820, 821, 829, 830, 848, 849, 871, 894, 895, 906, 927, 928, 949, 961, 975, 1003, 1004 Nichols, Edward T 184 Ord, Edward O. C 463, 464, 502, 503, 505, 537, 538, 560-562, 584, 587, 650 Paine^ Charles J 539
   @ 3230861 ...  1071, 1072; 169th, 620; 170th, 613; 179th. 92,605,616,643,668; 182d,613; 184th, 1062,1063; 185th, 1125,1136. Nichols, Edward T. Correspondence with David B. Birney 184 Nichols, George F. Mentioned 621 Nicolson, James M. Mentio
   @ 3230920 ... 668; 182d,613; 184th, 1062,1063; 185th, 1125,1136. Nichols, Edward T. Correspondence with David B. Birney 184 Nichols, George F. Mentioned 621 Nicolson, James M. Mentioned 1262 Noble, . Mentioned 1007 Noble, Charles, jr. For co
KWIC warofrebellion422unit /Doren/ 0
KWIC warofrebellion422unit /Caldwell/ 0
KWIC warofrebellion422unit /anchors/ 0
KWIC warofrebellion422unit /York River/ 1
   @ 210114 ... sh me to state that the explosion was greater than that of McClellands ammunition train, near Savage Station, York River Rail- road, and they think its locality was on James River, near City Point. O. at 114. T. H. FEAEEY, Second 
KWIC warofrebellion422unit /cable/ 156
   @ 58548 ... s due to the occasion, and* he recommends 30 OPERATIONS IN SE. VA. AND N. C. [Chap. LIV. that, wherever practicable, religious exercises be held m the several camps by the chaplains serving with the army; and he commands that
   @ 94400 ... ear as far as the Blackwater, and the remaining divis- ion between the Blackwater and James. As far as iiracticable, what force is not needed for patrols and pickets will be kept concen- trated ready for movement against the 
   @ 167473 ... y of the Poto- mac, the Twenty-second Eegiment of Massachusetts Volunteers will proceed, with the least practicable delay, to re])ort to Brig. Gen. E. Ingalls, chief quartermaster, at City Point, for temporary duty at the rep
   @ 206349 ... r-general commanding directs that you take the neces- sary measures to provide, with as little delay as practicable, a sufficient supply of intrenching tools for the use of the fatigue parties detailed for work on the intrenc
   @ 269177 ...  11 a. m. Major-General Humphreys : Send orders to Major-General Hancock to move his command as soon as practicable to City Point. His artillery and trains to be sent to- night, or at such time as not to be seen by the enemy,
   @ 285879 ... , Comynanding Second Corps : The major-general commanding directs that you move your command as soon as practicable to City Point. Your artillery and trains will be sent to-night, or at such times as not to be seen by the ene
   @ 289308 ... ers Second Army Corps, August 12, 1864. The infantry command Avill be in readiness to move as soon as prac- ticable. As soon as divisions are in readiness to move the commanders will report the fact at these headquarters. Tli
   @ 310742 ... , therefore, suggest the withdrawal of the cattle herd of the armies in the field as near City Point as practicable. Kautz has been ordered to post a regiment at Sycamore Church. GEO. G. MEADE, Major- General. Special Orders,
   @ 324917 ... ark rapidly. It is hoped division commanders will carry out the above suggestions to the fullest extent practicable. By order of Major-General Hancock : FEANCIS A. WALKED, Assistant Adjutant- General. Circular.] Headquarters 
   @ 327906 ... d Malvern Hill road, driving the enemy into his intrenched line behind Bailey’s Creek, or beyond it, if practicable. During this operation the cavalry under General Gregg will cover the right dank of General Mott’s division. 
   @ 336643 ... under existing circumstances it is necessary that the works in hand should be completed as speedily as iiracticable, and that the different corps must furnish every man that can be made available. It was intended to so inform
   @ 368072 ... eadquarters, Deep Bottom, August 14, 1864. Major-General Meade, Commanding, d'c. : In case you find it i)racticable to make any demonstration against Petersburg, command the Eighteenth Corps, as you deem proper. General Ord w
KWIC militarytelegraph01plumrich /high masts/ 0
KWIC militarytelegraph01plumrich /Mattapony/ 0
KWIC militarytelegraph01plumrich /string (?:the )?wire/ 0
KWIC militarytelegraph01plumrich /O.Brien/ 14
   @ 131373 ... hiladelphia, Perry ville and the bay. Their names are David Strouse, D. H. Bates, Samuel M. Brown and Richard O'Brien. With wonderful energy, the labor of re-opening the B. & O. road was accomplished. Taking operators with him,
   @ 132860 ... f of holy writ." Samuel Brown was sent to the Navy Yard. The Government arsenal was sub- sequently connected. O'Brien was stationed at the Baltimore & Ohio Railroad depot, in Washington, which for some time was also army head -
   @ 137222 ... naman and H. L. Smith at Washington depot ; C. H. Lounsberry at the Capitol building. At the arsenal, Richard O'Brien ; War Department, D. Homer Bates, T. H. Fonda, Thomas Flesher, Jr., and William B. Wilson; Navy Yard, D. B. L
   @ 140753 ... ng general. These several offices were operated by James R. Gilmore, line superintendent, assisted by Richard O'Brien at Fort Monroe, Jesse H. Bunnell and Henry L. Smith at Hamp- ton and John M. Lock and John B. Stough at Newpo
   @ 285746 ... vous of many military and naval expeditions. When Manager Gilmore succeeded Strouse about Washington, Richard O'Brien took charge at the fortress. General Butler, having arranged to act in concert with Admiral Farragut for the 
   @ 287993 ... and the South, let us again recur to the field of arms. Affairs about Fort Monroe ; The Monitor and Merrimac. O'Brien's eflforts to keep up his line to Newport News was somewhat vexatious, owing to the rebels so frequently carr
   @ 288618 ... re rebels, the darkies took to the woods and did not stop running until they reached Old Point Comfort. Young O'Brien sought to lead them, but he was soon outstripped. He rejoined his brother, who, awaiting the coming of the ho
   @ 288778 ... ripped. He rejoined his brother, who, awaiting the coming of the horsemen, found them Federals. Probably John O'Brien was the youngest operator ever in the United States Military Telegraph service. He had, in Febru- ary, 1862, 
   @ 289623 ...  against the sky behind Sewell's Point, black smoke was apparent, which moved ominously nearer and nearer. J. O'Brien, at the fort, signaled Newport News, which lies across the river where the Elizabeth enters the James. George
   @ 290302 ... ''^ a monster in truth f Even the Sawyer gun on the " Rip Raps," vindictive and thunderous, is at work. Young O'Brien is at his instrument, safe enough, to be sure, but full of anxiety as to the result. Suddenly, amid the deep 
   @ 291963 ...  ; but there was the same steady hand at the key. At ten p. M., the little "Monitor" arrived. Now let Richard O'Brien's diary tell of the ninth : At six A. M., the " Merrimac " was seen steaming down the Elizabeth River. Genera
   @ 301818 ...  Lithgow, E. N. Eobinson, O. H. Booth, C. L. Snyder, F. A. Stumm and G. D. Wilkinson. At Fort Monroe were the O'Briens and George D. Sheldon; Cherrystone, G. W. Baldwin; Drummondstown, Del- aware, P. H. Nunan; Salisbury, S. E. 
KWIC militarytelegraph01plumrich /Bermuda Hundred/ 0
KWIC militarytelegraph01plumrich /Mackintosh/ 0
KWIC militarytelegraph01plumrich /Nichols/ 28
   @ 5660 ... SCELLANEOUS. Confederate Telegraph Cryptographic Key, - - - 38 Confederate Mail Cryptographic Key, - - - - 41 Nichols' Office, - - - - • • - - 150 Parker's Office, -------- 214 Drawing Battery Material, - - - - - - 245 Smith's 
   @ 248839 ... n this dis- trict, up to November 1, were William Foley, at Cairo ; A. W. O'Neil, probably there also ; H. W. Nichols, at Metropolis ; George S. Pidgeon, at Caledonia ; Samuel T, Brush, at Mound City ; J. T. Tiffany, at Fort Ho
   @ 301395 ... hrop, H. L. Smith, John Allen, George B. Cowlam, F. A. Lawrence, E. F. Follett, Wilbur F. Halloway, J. Harvey Nichols, Thomas Morrison, Theo E. Moreland, T. M. Schnell, J. K. Waite, Joseph Schnell, A. C. Schnell, George W. Nail
   @ 302986 ... ate, al- though unhurt. A shell fired from a Whitworth gun buried itself in the ground just sixteen feet from Nichols' tent, and exploding, scattered gravel and dirt in all directions, nearly blinding the operator. General Hein
   @ 303118 ... loding, scattered gravel and dirt in all directions, nearly blinding the operator. General Heintzelman ran to Nichols' relief, but, happily, no help was required. Jesse Bunnell was on duty alone at McClellan's when, after two i
   @ 315479 ... ny were killed. Bunnell's orderlies were brave fellows; several of the mes- sages he handled were bespattered NICHOLS' office: with their blood, and he was obliged to forward his telegrams to Porter by two or three messengers, 
   @ 317700 ... n Hill ; second, the army reached Harrison's Landing on the James, and there it lay until August 14. Operator Nichols was with General Sumner during his retreat from Seven Pines to Harriscfn's Landing. The field line during the
   @ 318048 ... ilroad near Seven Pines. Sumner, about Seven Pines, was nearest the enemy. On retiring, that officer directed Nichols to leave the wire intact, as Smith might wish to com- municate with McClellan. When Sumner reached the railro
   @ 318397 ...  THE MILITARY TELEGRAPH DURING THE and commissary stores. Sumner wanted to talk with McClellan and Smith, but Nichols had only three feet of wire with him, and did not wish to ground the main line, thereby cutting off either Mc
   @ 319050 ... onsiderable fire, but the office was not closed until ordered by Sumner. During the battle of Mechanicsville, Nichols bravely hastened to a division head-quarters, four miles from McClellan's, where he worked an instrument just
   @ 319406 ... ost dangerous positions. Some distance behind him, others sought the protection of bales of hay. At this time Nichols was under eighteen. The Peninsular campaign had been severe on the Telegraph Corps. One was killed at Yorktow
   @ 394616 ... Livergood (March) and Thompson (April); Cairo, W. H. Bromell, G. A. Burnett, G. Burnapp chief operator, H. W. Nichols, James K. Parsons and Geo. Stillman. That part ot the line connecting Pilot Knob with Sikeston was through a 
KWIC militarytelegraph01plumrich /Doren/ 0
KWIC militarytelegraph01plumrich /Caldwell/ 11
   @ 112906 ... ach column, the message thus prepared for transmission would read as follows : Washington, D. C. To A. Harper Caldwell, Cipher Operator, Army of the Potomac : Blonde bless of who no optic to get and impression I Madison square B
   @ 284168 ... federacy, on the ground that its officers were Unionists. The order was issued in September, 1862, when a Mr. Caldwell was appointed military superintendent, with directions to possess himself of all of its property and receipts
   @ 297005 ... er, and A. Harper Cald- well and C. W. Jacques at the Club House. These three were McClellan's operators, and Caldwell was chief We shall meet them often hereafter, especially Caldwell, who remained with the head-quarters of the
   @ 297071 ... These three were McClellan's operators, and Caldwell was chief We shall meet them often hereafter, especially Caldwell, who remained with the head-quarters of the Eastern army to the close of the war, ■earning, by his ability an
   @ 313732 ... and, connecting his instrument, sat down behind a tree and called "Mc," the head- quarters office call, which Caldwell would never change, no matter who was commander. Caldwell was prompt to reply. McClellan and the officers abo
   @ 313790 ...  called "Mc," the head- quarters office call, which Caldwell would never change, no matter who was commander. Caldwell was prompt to reply. McClellan and the officers about him regarded the opening of telegraphic com- munication
   @ 498235 ... , McClellan left for Rockville, where L. A. Rose was operating. McClellan's operators at this time were A. H. Caldwell, Jesse H. Bunnell, John W. Parsons and J. L. Cherry, who were soon reinforced by J. H. Emerick and C. H. Lith
   @ 498358 ... se H. Bunnell, John W. Parsons and J. L. Cherry, who were soon reinforced by J. H. Emerick and C. H. Lithgow. Caldwell, Bunnell and Emerick continued with Mc- Clellan, and the others advanced with various commands. While McClell
   @ 515510 ... exhausted their strength, which was only revived in snatches of fitful sleep, on the ground, or office floor. Caldwell, Bunnell and Emerick, at McClellan's, were sending orderlies all over the field and all through the camps, se
   @ 520694 ...  high regard. Writing from Warren- ton, Virginia, five days later to a comrade, McClellan's chief op- erator, Caldwell, said : We are all grieved at McClellan's removal. The whole army, from major generals down to foot orderlies
   @ 794700 ... d as a consequence, business being very great, most of the messages were sent to General Hooker by orderlies. Caldwell or Jacques should have been brought over from the old head-quarters office to work the wire at the front and 
KWIC militarytelegraph01plumrich /anchors/ 0
KWIC militarytelegraph01plumrich /York River/ 1
   @ 286398 ... ver the idea of quickly transferring this army by water to Urbana, on the Rappahan- nock, or Yorktown, on the York River. While these two points were under consideration, it was de- termined to build a telegraph line to Fort Monro
KWIC militarytelegraph01plumrich /cable/ 31
   @ 29292 ... t would be disclosed by a fire, varying in size according to distance. Of course these fires were, when practicable, placed on com- manding heights. Homer, writing of the siege of Troy, tells how (1000 B. C.) Achilles' head w
   @ 47860 ...  the principal head-quarters of the allied besiegers ; probably more a matter of conveniens than necessity. A cable telegraph was also laid be- tween Vam^ and Crimea which worked admirably. The En- glish also used the wire in
   @ 57899 ... as been of very great service in the Afghanistan campaigns. The English also used it in Zululand. Where a sea cable can not be relied upon, this instrument is coming into use ; thus, messages are sent across the Straits of Gi
   @ 165290 ... McClellan and Banks should co-ope- rate, and suddenly discovered that the telegraph only, would make it practicable. President Sanford and Superintendent Westervelt, of the American Telegraph Company, were applied to by Gil- 
   @ 168340 ... to the creek, and dripping from this baptism Sargent entered the telegraph fold. October 23, a land telegraph cable was laid from Poolsville to Edwards Ferry, where operators C. A. Tinker and J. L. Burucker were stationed. Fr
   @ 237102 ...  point twenty-five miles south of Syracuse ; from St. Louis arsenal to Benton barracks, six miles, and laid a cable across the river, connecting Palmyra and Quincy. All this was before November, 1861. There being no legal aut
   @ 239079 ... with the outside world — a part of Smith's 116 THE MILITARY TELEGRAPH DURING THE battalion having laid a land cable from a reel mounted on two wheels, drawn by one horse. Thus in two hours from the time Major Smith received h
   @ 239362 ...  office could at any moment place him in immediate communication with the other principal outlying posts. The cable was buried in a trench to preserve it from injury. Land cables were not used again in Missouri during the war
   @ 239424 ... on with the other principal outlying posts. The cable was buried in a trench to preserve it from injury. Land cables were not used again in Missouri during the war. Price fled to the south-west corner of the State, where, not
   @ 248501 ... hood of Cairo. Colonel Wilson built a line along the north bank of the Ohio from Cairo, crossing the river by cable to Paducah. Communication was opened with Fort Holt via the old cable across the Ohio and line extended to th
   @ 248571 ...  Ohio from Cairo, crossing the river by cable to Paducah. Communication was opened with Fort Holt via the old cable across the Ohio and line extended to the fort, the telegraph being used to notify Cairo of any Confed- erate 
   @ 286806 ... o Budd's Ferry (fifty-three miles), to Port Tobacco and Point Lookout (seventy miles) and thence by submarine cable in the Chesapeake Bay (seventy 138 THE MILITARY TELEGRAPH DURING THE miles) to Fort Monroe. This route was im
KWIC militarytelegraph02plumrich /high masts/ 0
KWIC militarytelegraph02plumrich /Mattapony/ 2
   @ 294222 ... north bank of the York from Gloucester Point to West Point, submarine cables being used to cross the York and Mattapony Rivers. From West Point a line was built on the north bank of the Pamunkey to White House. The office at West
   @ 295448 ... h he was Sergeant-Major, while at White Plains, started with a small party in a tug-boat for the mouth of the Mattapony to repair a break in the line. The guerrillas fired at the party from the river banks on the downward trip, a
KWIC militarytelegraph02plumrich /string (?:the )?wire/ 0
KWIC militarytelegraph02plumrich /O.Brien/ 19
   @ 241655 ... ucks, R. H. Ryan, W. F. HOTiLOWAY. M. Y. Holly, P. H. Nunan, Thos. Morrison, Silas C. Burns, W. N. Embree, R. O'Brien, Thos. E. Mo'Reland, J. H. Glazier, J. W. Parsons, J. H. Bunnell, A. H. K A NODE, J. W. Sampson, J. O'Brien, 
   @ 241763 ... . O'Brien, Thos. E. Mo'Reland, J. H. Glazier, J. W. Parsons, J. H. Bunnell, A. H. K A NODE, J. W. Sampson, J. O'Brien, C. L. Snyder, J. H. Emerick, Chas. R. Roberts, W. G. Baldwin, D. McCarty, It is true that the subject of sal
   @ 281172 ... ly stationed, awaiting the order of the Lieuten- ant General. With General Butler were chief operator Kichard O'Brien, and J. Hervey Nichols and J. W. Collings, assistants. The latter was detailed from the ranks, and sent in Ju
   @ 281585 ...  at New- port News, F. B. Knight ; at head-quarters near Portsmouth, Wilbur F. Halloway ; at Norfolk, John E. O'Brien ; at Fort Magruder, Robert J. Murphy ; at Yorktown, H. N. Snow. As soon as General Butler received his telegr
   @ 283986 ...  invaluable to that officer in the conduct of his operations. These lines were under the direction of Richard O'Brien, who, says Major Eckert, was ' ' indefatigable in his ex- ertions to render them of service to the Government
   @ 284184 ...  of service to the Government," Operat- ing in this district at this time were John D. Tinney, at City Point; O'Brien and Nichols, at Butler's head-quarters; H. N. Snow and W. H. Wilson, detailed from Ohio regiments, at Ber- mu
   @ 571003 ... e Maynard A. Huyck was sta- tioned part of the time. At Butler's head-quarters, Bermuda Hundred, were Richard O'Brien, J. H. Nichols and Maynard Huyck; at General Grant's, City Point, C. H. Beckwith, cipher operator, J. D. Tinn
   @ 613542 ...  H. B. Chamberlain, C. I. Thomas and R. B. Van- Derhoef at Newberne; H. K. Clarke at Bachelors Creek; John E. O'Brien and J. L. Sears at Goldsboro; and James Powers, G. C. Felton and William Grasby at Moorhead City. Anderson wi
   @ 691487 ...  John D. Tinney, A. G. Safford, Thomas Morrison, R. J. Murphy, C. A. Mixer, M. S. Andrews, H. D. Frank, J. E. O'Brien, V. H. Wells, T. Q. ^^"aterhouse, and C. A. Homan. With the armies in the field were W. K. Applebaugh, W. B. 
   @ 694191 ...  All night long Meade was busy ordering by telegraph, dispositions for the morrow. Emerick, chief operator in O'Brien's place (the Army of the James), had recently ordered fifteen miles more of field wire and Gulick came with i
   @ 735660 ...  of the officers in Goldsboro where the paroles were being prepared. Major Eck ert justly reported that ^'Mr. O'Brien is deserving of special notice for his energy and perseverance in establishing prompt communication by telegr
   @ 744075 ... States Military Telegraph Corps. Hence, no sooner was the end at hand than Gilmore, about Charleston, S. C. ; O'Brien, about Raleigh; Caldwell, about Richmond; Lynch, in West Virginia; VanDuzer, in the Division of the Mississip
KWIC militarytelegraph02plumrich /Bermuda Hundred/ 12
   @ 281962 ... atter from South Carolina, and landed at Wilson's Wharf, Fort Powhatan and City Point, immediately possessing Bermuda Hundred in force. On the seventh, the Petersburg & Richmond Railway was struck, and the enemy met in some force. Two 
   @ 283271 ...  from whence messages were soon forwarded by despatch boats, which were kept running be- tween the Island and Bermuda Hundred. Jamestown Island of- fice was worked by W. N Embree and W. S. Logue. It was, at that season of the year, a v
   @ 283758 ...  heads and faces, much as one would to defend against a swarm of bees. Field lines were also constructed from Bermuda Hundred to the head-quarters of General Butler on Proctor's Creek, and to bot^ wings of his army, which proved invalu
   @ 303350 ...  Richmond, met, on the 16th of May, a severe repulse, and until June 10, remained substan- tially inactive at Bermuda Hundred, i. ^., all except Smith's corps, which, during the last two days of the month, joined Meade's army. On the 1
   @ 570566 ... lieved late in the month by Charles Douglass. The Tenth Corps stationed along the James about Jones' Neck and Bermuda Hundred, was in line of several oflSces, one at Jones' Neck, where W. S. Logue and O. B. Vincent operated; another at
   @ 570692 ...  was in line of several oflSces, one at Jones' Neck, where W. S. Logue and O. B. Vincent operated; another at Bermuda Hundred, W. H.Wilson, operator; another at General Brooks' Head-quarters, Bermuda Hundred Front, W. K. Applebaugh; an
   @ 570774 ... incent operated; another at Bermuda Hundred, W. H.Wilson, operator; another at General Brooks' Head-quarters, Bermuda Hundred Front, W. K. Applebaugh; and another at Point of Rocks, a pontoon sta- tion across the Appomattox, where Mayn
   @ 570973 ... on across the Appomattox, where Maynard A. Huyck was sta- tioned part of the time. At Butler's head-quarters, Bermuda Hundred, were Richard O'Brien, J. H. Nichols and Maynard Huyck; at General Grant's, City Point, C. H. Beckwith, ciphe
   @ 692227 ... . Huyck, Charles H. Mixer ; at General Sheridan's was R. R. McCaine. At various stations about Petersburg and Bermuda Hundred, were J. A. Munson, J. J. Mulligan, L. M. Painter, J. H. Sher- idan, R. D. Williams, C. D. Hammond, T. N. Lou
   @ 694438 ...  a building party, which was to push on to Richmond as soon as that city fell. The line already extended from Bermuda Hundred to Varina Landing, head-quar- ters Army of the James, Twenty-fifth and Twenty-fourth Army Corps and Kautz' he
   @ 705185 ...  were so wild with joy; so were all — the army pressing after Lee, — the troops about Petersburg, City Point, Bermuda Hundred, and on to Richmond. A reckless, devil-may-care-now, spirit of comfort- ably exhilarating, of delightfully in
   @ 848902 ... d, II, 167. Bush. W. H., II. 344. Butler. Gen. B. F., takes command S. E. Va. Dept.. I. 70 ; operations about Bermuda Hundred, II, 130, 140 ; at Ft. Fisher. 274. Butler, E. D., I, 253. 318. 329 : II. 188. 205. Butler. E. F., I. 253 : I
KWIC militarytelegraph02plumrich /Mackintosh/ 0
KWIC militarytelegraph02plumrich /Nichols/ 31
   @ 1895 ... . — Defense of Knoxville, --------- 51 CHAPTER V. Telegraphic Affairs in West Tennessee in the Fall of 1863.— Nicholson's Death.— General Sherman's Escape.— Forrest's Raid.— Memphis. — Presentations, - - - - - - - - 79 CHAPTER 
   @ 87004 ... sburg after additional telegraphers, and re- turned with William Foley, G. W. Baxter, E. H. Johnson and H. W. Nichols. Baxter and Foley stopped at Port Hudson just in time to serve operator Griffin a good tarn. It was dur- ing 
   @ 90080 ... tter resigned, and Fairchild was placed in charge. The other operators were W. H. Munro, Wm. Foley, Horace W. Nichols. The telegraph train consisted of five wagons, three of which were laden with wire on reels, and were drawn e
   @ 107582 ...  or otherwise located at railroad stations or other points. Among those thus employed were J. T. Joyce, A. M. Nichols, R. B. Hoover, Geo. C. Peirce, John P. Lathrop, T. E. Rawlings, Geo. Railton, John Lonergan, E. W. At water, 
   @ 163304 ... my. CIVIL WAR IN THE UNITED STATES. 7d CHAPTEE V. TELEGRAPHIC AFFAIRS IN WEST TENNESSEE IN THE FALL OP 1863.— NICHOLSON'S DEATH.— GENERAL SHERMAN'S ESCAPE. — FORREST'S RAID. — MEMPHIS. — PRESENTA- TIONS. The history of the army
   @ 163520 ... of the army telegraph service is fringed with many sad pictures. We are now to relate the misfortunes of John Nicholson. John was the eldest of the seven children of his very poor but worthy parents, who resided in Woodstock, C
   @ 163832 ... Merrimac" fight, were taught to telegraph by James Izard at Woodstock, in 1859. H. P. Dwight very kindly gave Nicholson a small office; but as he was the main-stay of the family and a mortgage on his father's place was maturing
   @ 164005 ... mily and a mortgage on his father's place was maturing, with no prospect of its payment from the salary young Nicholson could earn in Canada, he entered the United States Military Telegraph service. May 7, 1863, in the ardent h
   @ 164949 ... r's duty to repair the office, and he shirked it, saying it was the Colonel's. When Captain Fuller heard that Nicholson was sick, he placed him in the officers' hospital in Memphis, where he received the best of care; but Augus
   @ 241053 ... the Secretary of War. (Signed) Very respectfully yours, Jos. SCHNELL, Jr., Geo. W. Nail, R. Cunningham, J. H. Nichols, Albert W. Orton, G. J. Lawrence, T. H. Fonda, W. H. ECKMAN, E. Rose water, John Allen, Henry H. Matlock, Joh
   @ 262088 ... x Station. Messrs. Bates, Tinker, Chandler, McCarty, Or- ten, Kanode, Morrison, Burns, Safford, Barron, Nail, Nichols, D wight, Loucks, Moreland, Kettels, Ney and C. L. Snyder were variously stationed in Washington, and Dorrenc
   @ 281195 ... the order of the Lieuten- ant General. With General Butler were chief operator Kichard O'Brien, and J. Hervey Nichols and J. W. Collings, assistants. The latter was detailed from the ranks, and sent in June to the army of the P
KWIC militarytelegraph02plumrich /Doren/ 17
   @ 12966 ... ed being brought here rapidly, many of them with saber wounds, which prove the nature of the engagement." Mr. Doren's building party began, on the eleventh, to restore the line from Falmouth to Bealeton, and Hooker commenced 
   @ 260676 ... did blackber- ries that abound there, and the excellent repasts that the super- intendent of construction, D. Doren, foraged, the head-quarters operators having reached Warrenton were, thanks to the energy of Eckert's linemen
   @ 271646 ...  war. October 19, when the Union forces again started toward Cul- peper, the telegraph was actively employed. Doren was inde- fatigable in his efforts to construct the lines. On the twenty- first, head-quarters' office was op
   @ 277768 ... h reel carrymg one mile of wire. The construction party, organized, was under the immediate supervision of D. Doren, and all the field opera- tors were subject to the orders of A. Harper Caldwell, chief operator at Meade's he
   @ 293195 ... ll, soft iron wires coated with rubber and strung on lances or trees. On the twenty-seventh, Harper Caldwell, Doren and Emerick remained with their bat- tery wagon some time after Meade had left, and when they started, moving
   @ 293633 ... y remained with his team, bringing all inside the picket lines and out of danger long after the operators and Doren, who were well mounted, had reached that haven. On the twenty-eighth, Meade's army withdrew from its posi- ti
   @ 296860 ... ent to be sure, but a serious conflict. June 2, Meade's head-quarters were moved to a point near Cold Harbor. Doren and Emerick remained with the light battery wagon at Via's house (where a field office had been opened the da
   @ 297239 ... the superintendent of construction escaped, but Sergeant Corrigan, late of the Signal Corps, but then un- der Doren, with a wagon and guard, went back to take down the wire. Before reaching Via's they were fired upon and driv
   @ 297636 ...  telegraphers with the army, especially at Meade's, where he was highly esteemed. At another time hereabouts, Doren, whose bravery was as marked as his energy, instead of sending a subordinate as one less courageous would hav
   @ 298247 ... trated fire, he pressed on and mended the line. Just then his spirited horse was hit by a minnie ball. Before Doren could control the terrified beast, he had carried his master heyond the Federal picket lines and nearly into 
   @ 298382 ... errified beast, he had carried his master heyond the Federal picket lines and nearly into those of the enemy. Doren dismounted, and stealing his way back, succeeded in reaching camp with the dawn of day. The battle of Cold Ha
   @ 305801 ...  down, thus making it necessary for the construction party to travel a distance of three hundred miles. To D. Doren, Superintendent of Construction, A. H. Caldwell, Chief Operator, and the men under them, is due much of the s
KWIC militarytelegraph02plumrich /Caldwell/ 22
   @ 14214 ... l get us into a fight, And out of it, too. The army was now fairly en route^ no one knew" just whither. A. H. Caldwell and J. B. Pierce were with Hooker; C. C. Mc- Connell and F. N. Benson were with one of the corps; E. A. Hall 
   @ 260397 ... sville, where the General had his head- quarters. This office was worked, until the twentieth, by ope- rators Caldwell, Emerick and Rose, Pierce having left on the sixteenth, for a short time. After a five days ride over a beau-
   @ 270223 ... ace in the brick building just vacated by the rebel operators, and Meade's telegraphists, reinforced by James Caldwell, were located in Wallach's house, half a mile from the village. Other offices were opened at the front. Meade
   @ 277845 ...  the immediate supervision of D. Doren, and all the field opera- tors were subject to the orders of A. Harper Caldwell, chief operator at Meade's head-quarters. The electric current for charging t-he wires was supplied by a port
   @ 279330 ... part in the battle. There were at Meade's head-quarters, for the campaign now opening, operators A. H. and J. Caldwell and Emerick ; at Warren's, Edwards, George Henderson and E. A. Hall ; at Hancock's, Rose and Shrefiler, besid
   @ 293185 ...  seven small, soft iron wires coated with rubber and strung on lances or trees. On the twenty-seventh, Harper Caldwell, Doren and Emerick remained with their bat- tery wagon some time after Meade had left, and when they started,
   @ 305846 ... ruction party to travel a distance of three hundred miles. To D. Doren, Superintendent of Construction, A. H. Caldwell, Chief Operator, and the men under them, is due much of the success attending these lines. They have worked m
   @ 569238 ... '^V OF THR^^ 'UariVEESITTl ^A . oar ^ K . 260 THE MILITARY TELEGRAPH DURING THE head-quarters, were operators Caldwell, Emerick and Pierce. At Warren's in the Avery House, Edwards and E. A. Hall un- til the latter part of the mo
   @ 587646 ... ge Warren, George F. Durant, Edward W. Mason, John F. Sabine, R. A. Shutt, James N. Allen, F. W. Davis, James Caldwell, Ed. Schermer- horn, John D. Thurston, James A. Glazier, S. C. Holbrook, F. C. Long, Edward W. McKenna, and M
   @ 691961 ... rston, W. N. Embree and J. J. Carroll, Sixth Corps ; in February, at head-quarters Army of the Potomac, A. H. Caldwell, James Caldwell and Richard Graham ; at head- quarters Army of the James, commanded by General Ord, J. H. Eme
   @ 691977 ... ree and J. J. Carroll, Sixth Corps ; in February, at head-quarters Army of the Potomac, A. H. Caldwell, James Caldwell and Richard Graham ; at head- quarters Army of the James, commanded by General Ord, J. H. Emerick, J. H. Nich
   @ 697487 ... f told. They are locked in the vault of death, to which no man alive knows the combination. There lie the two Caldwells, Tinney, Mason, Sheridan and McCalne ; others are scattered, and can not be reached. 318 THE MILITARY TELEGR
KWIC militarytelegraph02plumrich /anchors/ 1
   @ 788855 ... oo light for the service, and I would urge upon the Government the purchase of a large cable that will resist anchors. The light cable may work for a few months. In the latter part of December, a written proposal was made to th
KWIC militarytelegraph02plumrich /York River/ 0
KWIC militarytelegraph02plumrich /cable/ 53
   @ 5876 ... bed and Nearly Murdered in Missouri. — Rhumi oi Af- fairs in Missouri. — Captain Bruch's Death. — Monument. — Cable Line from New Orleans to Mobile Bay. — Operations Against Mobile. — Its Capture. — The Bay Cleared of Torpedo
   @ 49435 ...  of labor — the scenes of his brother, the General's splendid military operations. Sheldon and Gilmore laid a cable across Calibogue Sound (eight miles), from the south end of Hilton Head Island to Tybee, near the Martello To
   @ 49658 ... Tower ; from Tybee across Lazaretto Creek to Cockspur Island, establishing an office in Fort Pulaski. Another cable was laid from the north-west point of Hilton Head Island across Broad River to the south end of Parry's Islan
   @ 50284 ... ion with his troops and the naval commander. This was the first Federal military telegraph in South Carolina. Cables and land lines completed the circuit from Fort Pulaski to General Gilmore's new quarters at Cummings' Point,
   @ 60570 ...  electri- city through submerged wires, and if so, to arrange to blow up Sumter. Sheldon possessed some field cable, turned over by the Signal Corps, which he tested, and reported that it would stand submersion successfully f
   @ 60805 ... hours. He then procured a large number of tin canteens, and had them made air- tight, to use as floats to his cable. Ten miles of cable on one reel, and ^YG^ of manilla rope on another, were arranged to pay out equally. The r
   @ 60825 ... red a large number of tin canteens, and had them made air- tight, to use as floats to his cable. Ten miles of cable on one reel, and ^YG^ of manilla rope on another, were arranged to pay out equally. The rope was attached to 
   @ 61001 ... ged to pay out equally. The rope was attached to a scow containing ten barrels of powder. The two ends of the cable were placed in a barrel of the powder, fixed on a piece of coke with platinas half an inch apart. The other e
   @ 61127 ... d in a barrel of the powder, fixed on a piece of coke with platinas half an inch apart. The other ends of the cable went to a battery on deck of a monitor. The project was to float the scow with the flood tide against Sumter,
   @ 62013 ... irty or forty guns, produced no effect. After Mr. Gilmore had assisted Sheldon in laying the Port Royal Inlet cable, the latter, whose territory also included .North Carolina, sent him (June, 1863) to Newberne, in that State,
   @ 143689 ... nt ; the army itself on short allowance, with scarce ammunition enough for a day's battle, and only one practicable roadway open for supplies, and that sixty miles long, precipitous, circuitous, wild and forbidding, by way of
   @ 280781 ... legraph line was constructed to CIVIL WAR IN THE UNITED STATES. 131 Fortress Monroe, through Maryland, and by cable across the Chesapeake, and thence to Yorktown, for McClellan's Peninsular operations. This line, continued in
KWIC warofrebellion013603rootrich /high masts/ 0
KWIC warofrebellion013603rootrich /Mattapony/ 18
   @ 102478 ...  General WILLIAMS, Assistant Adjutant-General, Army of the Potomac: GENERAL : Barlow's division is across the Mattapony. I have directed him to get a good position about a mile out. General Gibbon follows immediately. The skirmis
   @ 103091 ... 4— 2.30 p. m. General WILLIAMS, Assistant Adjutant-General, Army of the Potomac: GENERAL: The bridge over the Mattapony was preserved bv our cavalry, although a good many planks were taken up. The bridge however, has been repaire
   @ 104323 ... tches that have failed to reach you. At 9.45 General Torbert reported that he had driven the enemy across the Mattapony at Milford. This force consisted of the Seventh and Eleventh Virginia Regiments, Kemper's old brigade, of Pic
   @ 123566 ... ain where it is. 11.15 P. M. P. S. — The commanding general directs that you send your trains back across the Mattapony to Guiney's Station at once, or that vicin ity. The information we have is to the effect that Burnside and Wr
   @ 130026 ... ow Hancock's route via Massaponax Church, Guiney's Station, and Bowling Green to Milford Station and over the Mattapony. General Burnside would move at the same 'time as yourself, taking the route between the Ny and the Po, cross
   @ 159760 ... (Received 5.30 p. m.) Maj. Gen. H. W. HALLECK, Chief of Staff: We now occupy Milford Station and south of the Mattapony on that line. I will now transfer our depot to Port Royal at once. Please direct the transfer of everything t
   @ 172955 ... s force to move to New Bethel Church, on the road running west from Bow ling Green, a mile or two west of the Mattapony. A. A. HUMPHREYS, Major- General and Chief of Staff* HEADQUARTERS SECOND ARMY CORPS. May 22, 1864. Major-Gene
   @ 175227 ... is covered, there is some cavalry there which might be sent down. If any troops come down on your side of the Mattapony, there is a good road from Bowling Green, and a bridge called Burke's Bridge. I send you a sketch* of our pos
   @ 194054 ...  any direction, except a few cavalry vedettes, easily driven off. My position is, say, 1-J miles this side of Mattapony. Very respectfully, yours, &c., WINF'D S. HANCOCK, Major -General of Volunteers. CHAP. XLVIIL] CORRESPONDENCE
   @ 371660 ...  difficulty has been_ about forage and subsistence. I supposed there would be plenty between the Pamunkey and Mattapony Rivers, but found myself mistaken. General Custer reported Breckinridge's command on the railroad when he cut
   @ 575706 ... st easily pro tected would be across the York at Gloucester Point, thence up to West Point, thence across the Mattapony between the two rivers. The route by the old road and New Kent Court-House would be broken all the time until
   @ 616748 ... se, thence up north side of Pamunkey River, or across at Yorktowii and up north side York River, crossing the Mattapony to West Point and thence up that peninsula. Will the commanding general indicate which route he can best prot
KWIC warofrebellion013603rootrich /string (?:the )?wire/ 0
KWIC warofrebellion013603rootrich /O.Brien/ 10
   @ 156602 ... ng officer there and bring back statement of condition of things there. By order of Manor-General Butler : R. O'BRIEN. Please acknowledge receipt. BERMUDA, May 21, 1864. R. O'BRIEN : Dispatch to Captain Dodge received. The Grey
   @ 156665 ... s there. By order of Manor-General Butler : R. O'BRIEN. Please acknowledge receipt. BERMUDA, May 21, 1864. R. O'BRIEN : Dispatch to Captain Dodge received. The Greyhound has gone to Fort Powhatan in place of the Winants, which 
   @ 574550 ... cargo, twenty-nine. GEO. S". DODGE, Captain and Assistant, Quartermaster. WASHINGTON. D. C.. May 27, 1804. R. O'BRIEN, Sutlers Headquarters : I want you to prepare for work in direction of White House from Williamsburg without 
   @ 1386019 ... force at West Point by telegraph, so presume they have connected fortress Monroe with Grant. Respectfully, R. O'BRIEN. GILLMORE'S, June 5, 1864. Major-General BUTLER : My lookout reports seeing some light artillery, estimated a
   @ 2073115 ... . II 316- INDEX. 925 Page. Butler, Benjamin F. — Continued. Correspondence with Norton, Lemuel B 423,663, 771 O'Brien, Richard 63f> Palmer. Innis N 322, 425, 597 Pond, Francis B 241 Quartermaster-General's Office, U. S. A 20, 2
   @ 2085603 ... utler, Benjamin F 177,235,261,280,281,515,770 Fuller, Charles E 141 Hinks, Edward W 523 Kautz, August V 43,76 O'Brien, Richard 75 Mentioned ,„ .. 75,704 For other correspondence, see Charles E. Fuller. Doles. George. Mentioned 
   @ 2087806 ... entioned 209,485,870 Eckert, Thomas T. Correspondence with Bickford. Frederick T 778, 788 Caldwell, A. II 321 O'Brien, Richard 262 Sheldon, George D 281,321,322,424 Edmonds, Edward C. Mentioned , 175 Edwards, John, jr. Correspo
   @ 2092869 ... 5, 476. 477, 515, 5G6, 594, 635, 704, 743, 755, 770 Dodge, George S 141 Hiuks, Edward W 74 Kautz, August V 76 O'Brien, Richard 75 Mentioned 30, 477 Fuller, Neherniah P. Mentioned 432 Fulton, John S. Mentioned 891 Gaillard, F. C
   @ 2156161 ... ondence as A. A. G., see John Gibbon. Norwood, William. Mentioned 131 Oberteuffer, John H., jr. Mentioned 776 O'Brien, Richard. Correspondence with Butler, Benjamin F 635 Dodge, George S 75 Eckert, Thomas T 262 Fuller, Charles 
   @ 2189123 ... nsportation — Continued. (Railroad and water.) Communications from Kautz, August V 76 Meade, George G 725,784 O'Brien, Richard 75 Pitkiu, Perley P 737,769 Smith, William F 204 Travers, George W. Mentioned 304 Tremain, Frederick
KWIC warofrebellion013603rootrich /Bermuda Hundred/ 59
   @ 60069 ... e White House ; wants pontoon train, rations and forage. 30 OPERATIONS IN SE. VA. AND N. C. [CHAP. XLVIII. at Bermuda Hundred : have sent for it. Don't know if it can be spared. Asked Captain Babcock, commanding fleet in York River, to
   @ 61274 ... nt, as it is dangerous to go up the Pamunkey. You have at least thirteen days' supply of forage, in grain, at Bermuda Hundred, and I have written to Colonel Fuller to send me schooner with 10,000 bushels of grain ; two days' supply for
   @ 62280 ...  in, however, I will forward them up the river at once. You have now at least twelve days' supply of grain at Bermuda Hundred. The following is a copy of Colonel Howard's dispatch to Colonel Biggs : FORT MAGRUDER, VA, May 19, 1864. I h
   @ 83185 ... tant- General. 40 OPERATIONS IN SE. VA. AND N. C. [CHAP. XLVDI. HDQRS. THIRD DIVISION, TENTH ARMY CORPS, Near Bermuda Hundred, Va., May 20, 1864. Col. H. R. Guss, First Brigade, Colonel DRAKE, Second Brigade: COLONEL : Information havi
   @ 90096 ... Monroe for pilot and it will take twenty-four hours to reach the Rappahanuock. Will that do ? Answer to me at Bermuda Hundred. CHAS. K. GRAHAM, Brigadie r- Genera I. MAY 20, 1804—9 p. in. General GRAHAM, Bermuda Landing : Let the Burns
   @ 224159 ...  to Admiral Lee. Q. A. GILLMORE, Major- General. GENERAL ORDERS, ) HDQRS. IST Div., IOTH ARMY CORPS, No. 8. f Bermuda Hundred, Va., Mai/ 22, 1804. Battery M, First U. S. Artillery, Capt. L. L. Langdon command ing, having been transferr
   @ 302169 ... ortation for troops to the Rappahannock should be prepared. H. W. HALLECK, Major -General and Chief of Staff. BERMUDA HUNDRED. VA., May 23, 1864. (Via Jamestown Island and Fort Monroe. Va. Received 12.45 p. m. 24th.) Major-General HALL
   @ 442746 ...  J. W. Turner : P. A. DAVIS, Captain and Assistant Adjutant-General. HDQRS. FIRST DIVISION, TENTH ARMY CORPS. Bermuda Hundred. Va., May 25, 1864. Brig. Gen. A. AMES, Commanding Third Division: GENERAL : I have just received a report fr
   @ 511754 ... n to go to you. EDWIN M. ST ANTON, Secretary of War. WASHINGTON. May 26, 18G4— 10 a. m. Major-General BUTLER, Bermuda Hundred, T~a. : General Grant directs that you retain no more troops than may be necessary to hold the James River to
   @ 513177 ... o troops behaved most splendidly. B. F. BUTLER, Major- General, Comm anding. HEADQUARTERS, In the Field, near Bermuda Hundred, May 26, 1864—9 p. m. (Received 9 a. m. 2?th.) Maj. Gen. H. W. HALLECK, Chief of Staff: No irregularities hav
   @ 513552 ... , Majo r- General, Commanding. CHAP. XLVtlL] CORRESPONDENCE, ETC. UNION. 235 HEADQUARTERS, In the Field, near Bermuda Hundred, Fa., May 26, 1864—8.30 p. m. (Received 10 a. m. 27th.) Mai. Gen. H. W. HALLECK. Chief of Staff: Telegram of 
   @ 514403 ... R, Major- Gen end, Commanding. MAY 20, 1864—9 p. m. Colonel BIGGS : Send me all the transportation you can to Bermuda Hundred, and telegraph what is coming. B. F. BUTLER, Major- Ge nera I, Co mmanding. BERMUDA, May 26, 1864. 'Colonel S
KWIC warofrebellion013603rootrich /Mackintosh/ 0
KWIC warofrebellion013603rootrich /Nichols/ 2
   @ 1785887 ... g the capture, properly au thenticated. Before his departure, Captains Hale, assistant adjutant- general, and Nicholson, assistant inspector-general to this brigade, heard General Lane say to him that he had Hoard that some of 
   @ 2152231 ... 64th, 9 ; 169th, 372,429; 170th. 9; 179th. 666,724, 739; 182d, 9. 61 R K — VOL XXXVI, PT III 962 INDEX. Page. Nicholson, Edward A. T. Mentioned 806 Niles, Alanson E. Mentioned 724 North Carolina, District of. (Union.) Affairs i
KWIC warofrebellion013603rootrich /Doren/ 0
KWIC warofrebellion013603rootrich /Caldwell/ 5
   @ 705953 ... u to send quantity of rubber slips for covering places where con nections have been made in field wire. A. H. CALDWELL. FORT MONROE, VA., May 29, 1804. Major ECKERT : Bickford and party arrived this morning. Have got their six t
   @ 1879990 ... instant and know that he was perfectly sober. W. C. STRONG, Aide-de-Camp. DREWRY'S BLUFF, May 28, 1804. J. F. CALDWELL. Superintendent C. 8. Military Telcyrapli Lines: Seven hundred feet will cross the river. By using piles 000 
   @ 2074610 ... with George G. Meade 456 Mentioned 58, 147, 544 For other correspondence as A. D. C., see (it'ort/c G. Mcadv. Caldwell. A. H. Correspondence with Thomas T. Eekert ;>2l Caldwell, J. F. Correspondence with Charles T. Mason 845 Cam
   @ 2074668 ... correspondence as A. D. C., see (it'ort/c G. Mcadv. Caldwell. A. H. Correspondence with Thomas T. Eekert ;>2l Caldwell, J. F. Correspondence with Charles T. Mason 845 Cameron, J. Frank. Mentioned 744 Cameron, William H. Mentione
   @ 2087786 ...  264 Echols, John. Mentioned 209,485,870 Eckert, Thomas T. Correspondence with Bickford. Frederick T 778, 788 Caldwell, A. II 321 O'Brien, Richard 262 Sheldon, George D 281,321,322,424 Edmonds, Edward C. Mentioned , 175 Edwards,
KWIC warofrebellion013603rootrich /anchors/ 1
   @ 1706715 ... rial notv at Fort Monroe. — One hundred and fifty-five French pontoons, 1,000 long balks. 2,000 chesses. 14-4 anchors, 100 claw balks, 8 trestles complete, cables and lashings for 2,600 feet bridging, 68 pontoon trucks, 1 army 
KWIC warofrebellion013603rootrich /York River/ 20
   @ 60180 ... ermuda Hundred : have sent for it. Don't know if it can be spared. Asked Captain Babcock, commanding fleet in York River, to escort stores to White House. He replied could go to West Point, but on account of torpedoes in Pamunkey 
   @ 143879 ... eans of defense. You will report on the supplies and whether gun-boats can be spared for the Rappahannock and York Rivers. General Grant wishes particularly to know what is CHAP. XLVIII.] CORRESPONDENCE, ETC. UNION". 69 being done
   @ 616723 ... sburg direct to White House, thence up north side of Pamunkey River, or across at Yorktowii and up north side York River, crossing the Mattapony to West Point and thence up that peninsula. Will the commanding general indicate whic
   @ 617148 ... Major-General BUTLER : Since sending my dispatch General Halleck has given his opinion that the north side of York River is best route, as it can be guarded by small force. G. D. SHELDON. FORT MONROE, VA., May 28, 1864. [Major ECK
   @ 1041677 ... 2.30 p. m. Lieutenant-General GRANT, In the Field: The telegraph line from Gloucester to West Point, north of York River, has been cut. probably by the country people. I think Gen eral Smith should be directed to send a small cava
   @ 1117605 ... ment of General Butler's assistant adjutant- general are inclosed, also copy of my telegram f to you, sent up York River, in relation to this. As I have not been certain that this tele gram of General Halleck's was known to you, I
   @ 1146360 ... AC, June 3, 1864 — 9.25 p. m. Lieutenant-General GRANT : Do you think it worth while to do anything about the York River Railroad in the way of bringing locomotives and cars ? If the weather continues good we can haul, but if we h
   @ 1146683 ... bad, roads. Respectfully, GEO. G. MEADE, Major- General. [Indorsement.] I think I will not order cars for the York River Railroad just yet. The wagons now at White House will give us supplies to about the loth, and before that I h
   @ 1229605 ... istant Adjutant- General ; Your dispatch just received, and I have called for a tug to send an officer up the York River for those bridges where I have under stood and believe them to be in use as wharves. If not there the officer
   @ 1290245 ... June 1, by order of General HalJeck. I am ex pecting here to-morrow, if the weather permits it to come out of York River, the bridge that was at Fredericksburg, last placed under General Abercrombie. This was over 400 feet. I have
   @ 1380464 ... report or not I am uncertain. Please direct me if I am to send it up, as I expect it here in a few hours from York River. I will send copies of telegrams on the 2d instant. H. W. BENHAM. Brigadier-General. FORT MONROE, Jane 5, 186
   @ 1381284 ... eral Butler immediately on its arrival here, hourly expected, as I sent an officer in a steamer for it up the York River the night before last. I sent a telegram of inquiry this morning, which, of course, your dispatch just re cei
KWIC warofrebellion013603rootrich /cable/ 170
   @ 17442 ... y a belt of woods. When this cannot be had, the troops should be disposed under the cover of a ridge if practicable, and the men prevented from strag gling up into the view of the enemy. By command of Major-General Hancock : 
   @ 19555 ...  cavalry under General Torbert will move at 11 p. rn. by way of Guiiiey's Station, pushing on as far as practicable toward Bowling Green and picketing all roads intersec ting the main route. By command of Major-General Hancoc
   @ 42839 ...  charge will be held strictly to account for the acts of his men. These details must be authorized when practicable by the division commanders. Under pressing circumstances the permission of the brigade commander will be suff
   @ 52394 ... . to protect them from being molested by the enemy's roving cavalry and guerrillas, you will, as far as practicable, use your cavalry along the banks of the river. By command of Lieutenant-Geiieral Grant : JNO. A. RAWLINS, Br
   @ 57190 ... e commanding general, however, wishes such permits to be given whenever it shall seem to you that it is practicable for persons making the applications to visit the battle-fields, and they are provided with the necessary faci
   @ 69175 ... Eighteenth Army Corps. All horses and wagons must at once be removed out of sight of the enemy, and. if practicable, out of range. The troops of this command will form every morning at .'3.30 a. m., and so remain under arms u
   @ 84907 ... eral purposes in the Eighteenth Corps. The medical officers will be drawn from regiments, but as far as practicable each regi ment will have one medical officer left with it for duty in camp, on the march, or in action, but d
   @ 87848 ... d attendants will also be drawn from the troops comprising this command. It will be organized as far as practicable on the basis of the Surgeon-General's Circular No. 4, series of 1863. modified by Circular No. 5, issued by t
   @ 101959 ... pt one. I do not think that more than 2.500 men passed up yesterday. The general will see whether it is practicable for him to cross the river. If not, I will have an examination made as to the best place for a bridge. C. H. 
   @ 112968 ...  follow that road, crossing the Po at Stanard's Mill, and take position on the right bank of the Po. If practicable, you will relieve the portion of the Sixth Corps serving with you before withdrawing. Be careful not to pass 
   @ 128125 ... orps : Major-General Warren is directed to withdraw at 10 o'clock, if not attacked before that time. If practicable he will return to you ths portion of your corps serving with him before he withdraws. He will direct Major Fo
   @ 134621 ... , May 21, 1864. Major-General BURNSIDE. Commanding Ninth Army Corps : GENERAL : You may move as soon as practicable upon the receipt of this order, taking the direct ridge road to where it intersects the Telegraph road, thenc
