ALL | "except on muster rolls" | total 0
ALL | "sent to report to you by order of the Quartermaster" | total 0
ALL | "Ericsson writes he has" | ERROR HTTP Error 502: Bad Gateway
ALL | "cipher operator to go with him" | ERROR HTTP Error 502: Bad Gateway
ALL | "Cambridge will be available" | total 68
     ['DOC5970_1998-12-03_0'] | None | hotel rooms in the cities of Boston and {{{Cambridge will be available}}} to support convention center activities
     ['cars-newsletter-2018-06'] | None | next meeting, when a real live Pye “{{{Cambridge” will be available}}} for inspection. Andrew G4KQE
Cataracts
     ['McGillLibrary-mcgill-daily-v20-n065-december-16-1930-7948'] | None | American .-itudcnls for study at Oxford and {{{Cambridge, will be available}}} next year for the fir.st ilino.
These
     ['the-tatler'] | None | Cornwall, and candidates from Oxford and {{{Cambridge
will be available}}}. The first Trial, at Northamp- ton, provided
     ['kew-bulletin_1930_2'] | None | accommodation in Colleges and houses in {{{Cambridge will be available}}}. Further information on this point is
     ['NPCM19360303'] | None |  . all-rounder’ “who. sy pray 4 rat {{{Cambridge, will be available}}} been one of the outstanding 150 and
     ['sim_diapason_1988-10_79_10'] | None | the Frobenius organ in First Church, {{{Cambridge, will be available}}} soon.
 
Appointments
 
 
Craig Cansier
     ['sim_american-mathematical-society-notices_1961-10_8_56'] | None | Massachusetts Institute of in Boston and {{{Cambridge will be available}}}. | times al vol- PROGRAM OF THE SESSIONS
ALL | "Puritan" "John Rodgers" "Ericsson writes" | ERROR HTTP Error 502: Bad Gateway
# requests 6
ALL | "Ericsson writes he has" | total 0
ALL | "cipher operator to go with him" | total 0
# requests 2
