warofrebellion014602rootrich | "Suwo Nada" | 1
     ['warofrebellion014602rootrich'] | Quartermaster-General : Can also obtain the {{{Suwo Nada}}}— 1,200 men, and sixteen feet loaded; she
     ['warofrebellion014602rootrich'] | three detached from Fort Monroe, and the {{{Suwo Nada}}}, on her way from New York, will be able
(all) | "boat probably delayed" | 0
(all) | "No. 14 wire" Yorktown cable | 455
     ['wia_amateur_radio_1964-07'] | RG-58/U or sim- ilar coaxial {{{cable}}}, and slide the shield braid off the {{{cable}}} on to the fibre-glass rod.
     ['wia_amateur_radio_1964-07'] | (illustrated): Response 100-8,000 e’s., fitted with 6 ft. {{{cable}}} and phone plug with on- off switch. Can be used
     ['sim_qst_1942-11_26_11'] | (Hammarlund MCM Ri —5 megohms, 4-watt. 1;—1 turn {{{No. 14 wire}}}, 14-inch type} Re — 15,000 ohms, ! 2-watt. diameter
     ['sim_qst_1942-11_26_11'] | Rs — 144-megohm potentiometer. L2— 4 turns {{{No. 14 wire}}}, 14-inch C3 — 0.01 -ufd., 600-volt paper. Ra
     ['Amateur_Radio_Australia_Complete'] | RG-58/U or sim- ilar coaxial {{{cable}}}, and slide the shield braid off the {{{cable}}} on to the fibre-glass rod.
     ['Amateur_Radio_Australia_Complete'] | inc. Packing ‘and Postage 7/6 TM x 10% x CO-AXIAL {{{CABLE}}} 50 ohm, UR67, 3/8” diam., in 25 yd. Rolls 25/-;
     ['sim_southern-engineering_1958-11_76_11'] | manufacture! f aluminun vear is the second unit at {{{Yorktown}}} slan¢ wer Station. Excavation ndow and allied
     ['sim_southern-engineering_1958-11_76_11'] | of 115 Volt Circuits for 1% Drop Ampere load {{{No. 14 wire}}} No. 12 No. 10 10 38 ft 60 ft 94 ft 4 15 24 40)
(all) | "chance for poles" | 44
     ['micro_IA1176902_1135'] | well-organized resistance sowement is the only {{{chance for Poles}}} amd that caly such « soveusst can stem the
     ['JordanTimes1981JordanEnglish'] | August accords which it described as a great {{{chance 'for Poles}}}. - In Castei Gandolfo,. Italy, meanwhile*
     ['micro_IA1176902_1214'] | Rebirth. It is, indeed, a great unrepeatable {{{chance for Poles}}} to shape our public life on the basis of the
     ['DTIC_ADA336497'] | Europe of Fatherlands, but also the {{{chance for Poles}}} and the Polish economy to succeed in
(all) | "forage him by the other line" | 0
(all) | "Homan and Collings" | 0
(all) | "via Jamestown Island" cable "City Point" O'Brien | 27
     ['warofrebellion014001rootrich'] | to {{{City Point}}}, llth and 12th, in camp near {{{City Point}}}. 13th, embarked at {{{City Point}}}. 10th
     ['warofrebellion014001rootrich'] | Secretary of War. {{{CITY POINT}}}, June 1(1, 186-1 — 7 a. m. ({{{Via Jamestown Island}}} 11.45 a. in.
     ['unitedstatescon554offigoog'] | to {{{City Point}}}. 11th and 12th, in camp near {{{City Point}}}. 13th, embarked at {{{City Point}}}. 16th
     ['unitedstatescon554offigoog'] | Secretary of War. {{{City Point}}}, June 16, 1864 — 7 a. m. ({{{Via Jamestown Island}}} 11.45 a. m.
     ['warofrebellionco0040unit_s0d7'] | marched to {{{City Point}}}. 11th and 12th, in camp near {{{City Point}}}. 13th, embarked at {{{City Point}}}. 16th, arrived
     ['warofrebellionco0040unit_s0d7'] | STanron, Secretary of War. {{{City Point}}}, June 16, 1864—7 a. m. ({{{Via Jamestown Island}}} 11.45 a.m. Received 4.45
     ['warofrebellionse0040vari'] | marched to {{{City Point}}}. 11th and 12th, in camp near {{{City Point}}}. 13th, embarked at {{{City Point}}}. 16th, arrived
     ['warofrebellionse0040vari'] | Hon. EK. M. STANTON, {{{City POINT}}}, June 16, 1864—4.15 p.m. ({{{Via Jamestown Island}}} 11.45 p.m. Received 4
(all) | "New Regime" Norfolk Clark 1864 | ERR HTTP Error 502: Bad Gateway
(all) | "Edgar's name" | 1415
     ['edgarallanpoe0000stre'] | business, and Edgar had no luck finding a job. {{{Edgar’s name}}} was spreading, but no publishers had yet agreed
     ['edgarallanpoe0000stre'] | more of Edgar’s tales appeared in Burton's. {{{Edgar's name}}} was spreading among the general public, and
     ['unravelingbookon0000maxw'] | and {{{Edgar’s name}}} exonerated. All have had a very long time to ponder what clearing {{{Edgar’s name}}} actually
     ['unravelingbookon0000maxw'] | greats aunt by marriage. “Leila wants to clear {{{Edgar’s name}}}. The family, as requested by Saint Peter, must
     ['widowablinddate0000isra'] | GEORGE: Yuh. MARGY: {{{Edgar’s name}}}? GEORGE: Yuh. MARGYy: You want to know what {{{Edgar’s name}}} was? GEORGE: Yuh
     ['widowablinddate0000isra'] | Yuh. MARGY: {{{Edgar’s name}}} was Edgar. 32 THE WIDOW’S BLIND DATE GEORGE (annoyed; a childish tone): His lah’st
     ['edgarallanpoe0000toms'] | had no luck finding a job. +3 Edaay Allan Poe {{{Edgar’s name}}} as a writer was spreading. But no publishers
     ['edgarallanpoe0000toms'] | more of Edgar’s tales appeared in Burton’s. {{{Edgar’s name}}} was spreading among the general public. Lea
(all) | "heavy and continuous firing" O'Brien | 206
     ['india.history.resource.33732'] | they had withe-wd for early a week the {{{heavy and continuous firing}}} aL short range which had gone on rowad
     ['india.history.resource.33732'] | Stoddart, P. FP. Warher, H. B. Hayuinn, T.C. {{{O'Brien}}} B.S. Lies, ete., they should stand 7th on the chu:
     ['per_irish_times_1918-05-09_60_19076'] | FIRING HEARD AT DOVER. Raceeding!? {{{heavy and continuous firing}}} from ower the sea was heard in the early
     ['per_irish_times_1918-05-09_60_19076'] | works : advance me chead ! ibe twiuril i hermod {{{O'Brien}}}. Presideat Reyes! Hibernian han” ““ yo a” Dead
     ['per_times_the-times_1900-01-23_36046'] | a mile of the enemy. There has been {{{heavy and continuous firing}}} on toth sides. At 4 30 the situation
     ['per_times_the-times_1900-01-23_36046'] | IRELAND. ee — —x— DUBLIN, Jax. 22. Mr. William {{{O’Brien}}} and Mr. P. A. M’Hugh, M. P., the organizers of
     ['victorianyears0000harg'] | and circumstances. The man stated his name was {{{O’Brien}}}, that he had been in the Queen’s service in the
     ['victorianyears0000harg'] | persons in the vicinity of Rivington heard {{{heavy and continuous firing}}} in the direction of Liverpool, which
(all) | "do not believe a word against him" | 30
     ['sim_national-and-english-review_1950-09_135_811'] | understand anything about it, but I {{{do not believe a word against him}}}. He isa most charming and delightful
     ['NobleEssences'] | understand anything about it, but I {{{do not believe a word against him}}}. He is a most charming and delightful
     ['nobleessences0000siro'] | understand anything about it, but I {{{do not believe a word against him}}}. He is a most charming and de- lightful
     ['nobleessences0000unse_i8x5'] | understand anything about it, but I {{{do not believe a word against him}}}. He is a most charming and delightful
be-api requests 11
