== E447
  pledge         exact  6 (numeral) (numerals p.25 row 6 (342) R)
  Spoons         -s     Mile (p.21 l.26 (338) L)
  black          exact  City Point (p.11 l.15 (328) L)
  Rosetta        exact  9.30 PM (time word) (TIME page (315))
  Niagara        exact  D. D. Porter (p.18 l.5 (335) L)
  unity          exact  Period (p.22 l.17 (339) R)
  wrangle        exact  Telegraph (-ed, -ing) (p.24 l.9 (341) L; # in margin)
  whelp          exact  Tomorrow (p.24 l.4 (341) L)
  Youth          exact  Signature (p.24 l.25 (341) L)
  polkaer        -er    Command = Er (-ed, -ing) (p.19 l.14 (336) L; # in margin)
  Sarah          exact  11 PM (time word) (TIME page (315))
== E471
  plunge         exact  1 (numeral) (numerals p.25 row 1 (342) L)
  Pembroke       exact  Cipher (p.19 l.9 (336) L)
  Wedge          exact  Today (p.24 l.2 (341) L)
  unity          exact  Period (p.22 l.17 (339) R)
  penfields      -s     Cipher (p.19 l.9 (336) R)
  repaired       -ed    line indicator: 6 lines (page 7) (p.7 (324) R)
  zodiac         exact  Period (p.24 l.26 (341) L)
  nothing        exact  line indicator: 4 lines (page 6) (p.6 (323) L)
  kill           exact  line indicator: 4 lines (page 5) (p.5 (322) R)
  Harriet        exact  1 PM (time word) (TIME page (315))
  Wharf          exact  Today (p.24 l.2 (341) R)
== E474
  Frances        -s     New York (p.14 l.1 (331) L)
  fever          exact  13 (numeral) (numerals p.25 row 13 (342) R)
  paradise       exact  Colonel (p.19 l.4 (336) R)
  webster        exact  Signature (p.23 l.18 (340) R)
  vincent        exact  Quartermaster (p.22 l.24 (339) L)
  Knox           exact  Maj Gen B. F. Butler (p.16 l.27 (333) R)
  stomach        exact  Left (p.21 l.24 (338) L)
  youth          exact  Signature (p.24 l.25 (341) L)
== E470
  Deborah        exact  8 AM (time word) (TIME page (315))
  Niagara        exact  D. D. Porter (p.18 l.5 (335) L)
  zebra          exact  Period (p.24 l.26 (341) R)
  wrangle        exact  Telegraph (-ed, -ing) (p.24 l.9 (341) L; # in margin)
  zodiac         exact  Period (p.24 l.26 (341) L)
  pebble         exact  3 (numeral) (numerals p.25 row 3 (342) L)
  walrus         exact  Signature (p.23 l.18 (340) L)
  polkaer        -er    Command = Er (-ed, -ing) (p.19 l.14 (336) L; # in margin)
== E468
  Knox           exact  Maj Gen B. F. Butler (p.16 l.27 (333) R)
  Elizabeth      exact  10.30 AM (time word) (TIME page (315))
  animal         exact  Monroe (p.9 l.22 (326) R)
  whelp          exact  Tomorrow (p.24 l.4 (341) L)
  sugar          exact  Interrogation (p.21 l.14 (338) R)
  all            exact  line indicator: 4 lines (page 3) (p.3 (320) R)
  Imogene        exact  3 PM (time word) (TIME page (315))
  youth          exact  Signature (p.24 l.25 (341) L)
  John           exact  Maj Genl U.S. Grant (p.16 l.11 (333) R)
== E443
  John           exact  Maj Genl U.S. Grant (p.16 l.11 (333) R)
  Appian         exact  Monroe (p.9 l.22 (326) L)
  fanny          exact  11 AM (time word) (TIME page (315))
  plug           exact  1 (numeral) (numerals p.25 row 1 (342) R)
  france         exact  New York (p.14 l.1 (331) L)
  zodiac         exact  Period (p.24 l.26 (341) L)
  fever          exact  13 (numeral) (numerals p.25 row 13 (342) R)
  flora          exact  Newbern (p.13 l.25 (330) L)
  McClellan      exact  blind word: 8 columns, route of page 8 (p.8 (325))
== E445
  Libby          exact  6 PM (time word) (TIME page (315))
  Niagara        exact  D. D. Porter (p.18 l.5 (335) L)
  zebra          exact  Period (p.24 l.26 (341) R)
  appear         exact  line indicator: 4 lines (page 2) (p.2 (319) L)
  whelp          exact  Tomorrow (p.24 l.4 (341) L)
  pedlar         exact  Comma (p.19 l.7 (336) L)
  pedlar         exact  Comma (p.19 l.7 (336) L)
  Knave          exact  Maj Gen B. F. Butler (p.16 l.27 (333) L)
== E446
  Knox           exact  Maj Gen B. F. Butler (p.16 l.27 (333) R)
  Cherry         exact  Humboldt (p.12 l.17 (329) R)
  Dunn           exact  blind word: 8 columns, route of page 4 (p.4 (321))
  Stephen        exact  In the (p.21 l.18 (338) R)
  Banditti       exact  Baltimore (p.11 l.8 (328) L)
  answer         exact  line indicator: 3 lines (page 2) (p.2 (319) L)
== E448
  Washington     exact  Volunteer (p.24 l.13 (341) L)
  wharf          exact  Today (p.24 l.2 (341) R)
  grapes         exact  Washington (p.14 l.25 (331) L)
  brutus         exact  Secretary of War (p.10 l.19 (327) R)
  board          exact  blind word: 6 columns, route of page 2 (p.2 (319))
  Bates          exact  blind word: 6 columns, route of page 2 (p.2 (319))
