CTRL-E531	"six vessels" Oriental	total 1	shown 1
    mnRjmhe3QLoC v13 The Papers of Ulysses S. Grant (1985) :: ... <b>Oriental</b> &#39; seven hundred &amp; seventy eight ( 778 ) men has sailed — The &#39; Suwo Nada &#39; nine hundred &amp; thirty ( 930 ) men will start in half an hour — This makes <b>six vessels</b> , 5109 men , all as ordered— &quot; ALS ( telegram sent ) , ibid&nbsp;...
E518	"Elias Smith" Tribune expedition Ingalls	total 0	shown 0
E518	"Elias Smith" correspondent Grant permit pass	total 0	shown 0
E518	Tribune correspondent "next boat" expedition Fort Monroe January 1865	total 0	shown 0
E526	Emerick Abbott forage vessels "Fort Monroe"	total 0	shown 0
E526	"nor sailed" troops forage Ingalls	total 0	shown 0
E526	"William L. James" forage Abbott	total 0	shown 0
E527	"Frank J. White" Eastville resign Butler relieved	total 0	shown 0
E527	Carney "Negro affairs" Norfolk Butler relieved resign	total 0	shown 0
E527	"I think I will resign" Butler 1865	total 2	shown 2
    mnRjmhe3QLoC v13 The Papers of Ulysses S. Grant (1985) :: ... <b>I think</b> Col Schriver , now with Genl Meade , the very best man in the army for the purpose indicated . He is polite &amp; at the same time thorough . If he <b>will</b> ... <b>Butler</b> for the New- York Evening Post , see Benjamin F. <b>Butler</b> , <b>Butler&#39;s</b>&nbsp;...
    ij8fAQAAMAAJ v13 The Papers of Ulysses S. Grant: November 16, 1864-February 2 (1967) :: ... <b>to</b> USG . &quot; <b>I think</b> Col Schriver , now with Genl Meade , the very best man in the army for the purpose indicated . He is polite &amp; at the same time thorough . If he <b>will</b> not answer I <b>would</b> suggest Acting Inspr Genl , Genl Ketchum , if the&nbsp;...
E546	Lanman Minnesota "Portsmouth" detached Foster senator	total 0	shown 0
E546	Lanman "executive officer" Parker Minnesota Portsmouth 1865	total 0	shown 0
E546	"Lafayette S. Foster" Lanman	total 0	shown 0
E553	Gordon Vogdes commission "Eastern District" Ord	total 0	shown 0
E553	Gordon "purposes of the commission" Vogdes	total 0	shown 0
E553	Gordon investigation Norfolk Vogdes Shepley February 1865 Ord	total 0	shown 0
E554	"progress quietly" investigation Gordon Ord	total 0	shown 0
E554	Ord Gordon "take the command" Vogdes investigation	total 0	shown 0
E554	Ord Gordon Shepley Vogdes commission Norfolk February 8 1865	total 0	shown 0
# requests 19
