CTRL-E531	"six vessels" Oriental	total 356	shown 10
    oRQjxZm85K4C  Government Or Private Ownership of Merchant Shipping? (1927) :: ... <b>Oriental</b> Mail Line , which thereupon became the American Mail Line service between Seattle and Victoria and ... <b>six vessels</b> of the Pacific - Argentine - Brazil Line , and with this sale disposed of the last of its services from&nbsp;...
    v5xbAAAAQAAJ  Reports from Committees (1849) :: ... <b>Oriental</b> Steam Navigation Company . The duties stipulated for in the constitution or deed of settlement of the ... <b>six vessels</b> are not constantly employed ; there are about twenty- three employed ; there are always a certain number&nbsp;...
    kD_39F2huQQC  Decisions of the Federal Maritime Commission (1963) :: ... <b>six vessels</b> are basically the C2 type freighter design , modified for refrigerated cargo installations . They are of ... <b>Oriental</b> destinations . Applicant does not load commercial cargo , either dry or reefer , to the <b>Orient</b> out of&nbsp;...
    XOBUdiqR8CAC  Decisions of the U.S. Maritime Commission, Federal Maritime  (1963) :: ... <b>six vessels</b> are basically the C2 type freighter design , modified for refrigerated cargo installations . They are of ... <b>Oriental</b> destinations . Applicant does not load commercial cargo , either dry or reefer , to the <b>Orient</b> out of&nbsp;...
    CBh380f0bF4C  Diplomatic and Consular Reports (1899) :: ... <b>Oriental</b> .. 50 .. .. 125,810 Occidental and <b>Oriental</b> .. 39 106,216 Holt&#39;s Line ( Ocean Steamship Company ) 39 ... <b>six vessels</b> ( tive of which were built in England ) aggregating 34,724 tons to their fleet ; and it has now running&nbsp;...
    WDLSHSMKhlUC  Decisions (1963) :: ... <b>six vessels</b> are basically the C2 type freighter design , modified for refrigerated cargo installations . They are of ... <b>Oriental</b> destinations . Applicant does not load commercial cargo , either dry or reefer , to the <b>Orient</b> out of&nbsp;...
    em8jKUgFUi0C  Monthly Review - Immigration and Naturalization Service (1944) :: ... <b>Chinese</b> are eligible if they served on such vessels prior to July 31 , 1943 ; most of the other Allied Nations ... <b>six vessels</b> to sail on schedule . It may be of interest to know that despite many such last - minute demands , the&nbsp;...
    F5LZAAAAMAAJ  The Science of Immortality (1992) :: ... <b>Oriental</b> society . The Bible also says that woman must be calm in the church . Abraham Issac 1 Jacob 2 Dan 3 Pokhi Munwang 1 2 Suwoon 3 Jeungsan 4 Youngmo 4 55 Victress ( <b>Oriental six vessels</b> ) Victor 6 ( Occidental seven angels ) 67&nbsp;...
    P_IsAQAAMAAJ  The Timberman (1926) :: ... <b>six vessels</b> of the Tatsuuma Kisen Kaisha fleet , for which latter concern the first named company is Pacific Coast ... <b>Oriental</b> market . &quot; That there is a considerable improvement in the <b>Oriental</b> market is quite evident , &quot; said&nbsp;...
    w-NSd2UjTDIC  Marine Engineer and Motorship Builder (1909) :: ... <b>six vessels</b> , aggregating about 16,500 tons , having been sent off the stocks in Scottish yards . Two of the vessels ... <b>Oriental</b> fleet . She is of 11,500 tons register , 560 ft . long by 61 ft . beam and the largest vessel ever&nbsp;...
E513	"muster rolls" Binney paymaster Butler	total 0	shown 0
E513	"Amos Binney" paymaster Norfolk 1865	total 3	shown 3
    mnRjmhe3QLoC v13 The Papers of Ulysses S. Grant (1985) :: ... <b>Paymaster Amos Binney</b> , <b>Norfolk</b> , telegraphed to USG . &quot; A <b>Paymaster</b> with twenty thousand dollars leaves for Fort Fisher direct this morn- ing— &quot; ALS ( telegram sent ) , DNA , RG 107 , Telegrams Collected ( Unbound ) . 2. Zealous B&nbsp;...
    7KNMAAAAYAAJ  The United States Army and Navy Journal and Gazette of the R (1865) :: ... <b>Amos Binney</b> , charged with illegal use of Gov- ernment funds entrusted to him as <b>paymaster</b> in the United States Army , has elected to stand his trial for the alleged offences , instead of refunding the money . ACTING Assistant <b>Paymaster</b>&nbsp;...
    naw0AQAAMAAJ  Armed Forces Journal International (1864) :: ... <b>Paymaster</b> - General , San Francisco , California . Lieutenant - Colonel N. W. Brown , Deputy <b>Paymaster</b> - General ... <b>Amos Binney</b> , Chief <b>Paymaster</b> , District of Virginia and North Carolina , <b>Norfolk</b> , Va la Major William All Major&nbsp;...
E515	"William L. James" Ariel Illinois Baltic	total 83	shown 10
    ER_GTF35t_sC  Summary and review of international meteorological observati (1886) :: ... <b>Illinois</b> . Lord Clive Geo . C. Burton . E. H. Freeth . Geo . H. Dodge . P ... <b>James</b> Brown . J. Wilson . <b>L</b>. Garrick . Geo . Mitchell . Geo . Dulling . John ... <b>William</b> Pearce . J. Sumner . John Robinson , <b>William</b> Pearce . Geo&nbsp;...
    bT9LAAAAcAAJ  Le moniteur de l'armée (1861) :: ... <b>Illinois</b> , steamer à aubes . - 2,123 tonneaux . - Chargé Monticello , steamer à aubes . d&#39;artillerie , de fourrages ... <b>William</b> Corbett , elle permettra à nos lecteurs de suivre les veme ROMNEY ROUTE &lt; R. CAGAPON MARTINSBURG&nbsp;...
    Xxg_AQAAMAAJ  The United States Army and Navy Journal and Gazette of the R (1871) :: ... <b>L</b>&#39;Ocean , La Guien- ne , La Planche . Iron - clad corvettes - La Jeanne d ... <b>Ariel</b> , yacht Hirondelle ( swiftest vessel in the French navy ) . This fleet is said to carry 5,000 to 10,000 marines . JULY . 22. The Pope writes to King <b>William</b>&nbsp;...
    kOT86DslRwAC  Merchant Vessels of the United States (1957) :: ... <b>L</b>. , Edgewater Hotel , Panama City , Fla . 253713 Silk Korbo &amp; Strappelo , c / o Martin <b>L</b>. Korbo , Seward , Alaska ... <b>William</b> A. , c / o General Delivery , Reedsport , Oreg . 249651 Destiny Koskey , Hubert J. , Rt . 1. Box 141M&nbsp;...
    cc4jAQAAIAAJ  Merchant Vessels of the United States ... (including Yachts) (1962) :: ... <b>James</b> B. , Critten- den , Va . 255173 Silver Spray Matthews , John N. , Centre Island , Oyster Bay , N. Y. 272390 Constellation Matthews , Ralph A. , c / o Rennie Oil Co. , Box 186 , Traverse City , Mich . 251025 Manda Matthews , Robert <b>L</b>&nbsp;...
    S2TUAAAAMAAJ  Journal of the ... Delegated General Conference of the Metho (1936) :: 
    ydNvZI6Ncc4C  1987 OUTSTANDING YOUNG MEN OF AMERICA (1987) :: ... <b>Baltic</b> Studies 1976-; New Jersey Acad of Sci 1980-; honors: OYMA 1983; E. 1. DuPont de Nemours, Grad Fshp 1976. 77; US EPA, Grad Fshp 1975; Am Latvian Assn. US Latvian Basketball Ail-Star Team 1981. GIGANTI. EDWARD <b>JAMES</b> Springfield.
    DR28oFCdx5MC  United States Civil Aircraft Register (1975) :: ... <b>L</b> JR NELSON LECKARD E 19826 710 0510 46 1 31-564 710 3102 003 SOLOMON WHITE CO 4-13028 923 0702 511 JOHNSON RCBERT D 24-1751 710 2403 60 1 GOFF <b>JAMES</b> ... <b>BALTIC</b> COURT 3328 NOR WOOD DRIVE 014 395 3505 68 3 PHILLIPS PETROLEUM CO CORP TD&nbsp;...
    Qv25afejteAC  Monthly Weather Review (1886) :: ... <b>James</b> Clarke . Br . M. Fitt . M. B Crowell Br . Allan Line . s.s. Buenos Ayrean Circassian Grecian .... Hibernian . Norwegian Prussian Siberian American Line . s . s . British Crown British King British Prince <b>Illinois</b> ... <b>L</b>. De Smet .
    ADLqu5_BUOIC  Merchant Vessels of the United States... (1962) :: ... <b>James</b> B. , Critten- den , Va . 255173 Silver Spray Matthews , John N. , Centre Island , Oyster Bay , N. Y. 272390 Constellation Matthews , Ralph A. , c / o Rennie Oil Co. , Box 186 , Traverse City , Mich . 251025 Manda Matthews , Robert <b>L</b>&nbsp;...
E515	Newport Ariel Victor Illinois Sedgwick Baltic "Quartermaster General"	total 4	shown 4
    1LY9AAAAYAAJ  The War of the Rebellion: v. 1-53 [serial no. 1-111] Formal  (1895) :: ... <b>NEWPORT</b> , Quartermaster , Baltimore : Including Suwo Nada , Ashland , and Oriental , have you transporta- tion sufficient ? Has the <b>Baltic</b> left ? By order of <b>Quartermaster - General</b> ... <b>Ariel</b> , <b>Illinois</b> , <b>Victor</b> , and General <b>Sedgwick</b>&nbsp;...
    3yqivQAU5p0C  The War of the Rebellion (1895) :: ... <b>NEWPORT</b> , Chief Quartermaster , Baltimore : <b>Ariel</b> , <b>Illinois</b> , General <b>Sedgwick</b> , <b>Victor</b> , and <b>Baltic</b> are ordered ... <b>Quartermaster - General</b> and Brevet Major - General . 0 e 5 e GENERAL ORDERS , ) HDQRS . MID . DEPT . , STH ARMY&nbsp;...
    hDrcE0_iM-8C  The War of the rebellion: a compilation of the official reco (1895) :: 
    cJRovKU5AcIC  House documents (1895) :: ... <b>NEWPORT</b> , Quartermaster , Baltimore : Including Suwo Nada , Ashland , and Oriental , have you transporta- tion sufficient ? Has the <b>Baltic</b> left ? By order of <b>Quartermaster - General</b> ... <b>Ariel</b> , <b>Illinois</b> , <b>Victor</b> , and General <b>Sedgwick</b> , now&nbsp;.
E529	"John Rodgers" Ericsson Puritan shaft	total 3	shown 3
    GzAhAQAAIAAJ  The Old Steam Navy: The ironclads, 1842-1885 (1990) :: ... <b>shaft</b> was installed and she was sent at slow speed back to New York . From ... <b>Ericsson&#39;s</b> reputation with <b>John Rodgers</b> , who , though convinced <b>Ericsson</b> ... <b>Puritan</b> would have been the largest of the <b>Ericsson</b> monitors , at 340&nbsp;...
    d_cqAQAAMAAJ  The American Neptune (1988) :: ... <b>Ericsson</b> papers located in the New York Historical Society and the American ... <b>Puritan</b> . Dictator&#39;s hull and machinery were subcontracted to Delamater ... <b>John Rodgers</b> , 1812-1882 ( Annapolis , 1967 ) , pp . 261-79 , is far more&nbsp;...
    r6MgAAAAMAAJ  The Navy, a History (1941) :: ... <b>Ericsson</b> , who had become as morosely intractable as an old ape , would not take an assistant&#39;s advice about designing the main <b>shaft</b> bearings . When Dictator put to sea at the close of &#39;63 ( under <b>John Rodgers</b> , that child of&nbsp;...
E529	blockade runner Julia Beaufort buoys lighted Porter	total 0	shown 0
E549	Schofield Stager "cipher operator" Eckert February 1865	total 1	shown 1
    ZqQSAAAAIAAJ  Civil War History (1963) :: ... <b>Stager&#39;s</b> commissioned assistants remained at their posts until November 30 , <b>1865</b> , when all <b>operators</b> not at work on strictly military lines or at assigned posts as <b>cipherers</b> in major cities were discharged , paid , and , as one <b>operator</b>&nbsp;...
E549	Schofield telegraph "construction corps" operators North Carolina Eckert	total 0	shown 0
E551	Berrien "Rhode Island" "Cape Henry" patrol	total 3	shown 3
    iFJIAAAAYAAJ  Official Records of the Union and Confederate Navies in the  (1901) :: ... <b>Rhode Island</b> , at the yard or in the roads , available to <b>patrol</b> from <b>Cape Henry</b> to Cape Fear River whilst troops are moving south ? Secretary of the Navy . GIDEON WELLES , Captain J. M. <b>BERRIEN</b> , U. S. Navy , Commandant Naval Station&nbsp;...
    oX9AAQAAMAAJ  Official Records of the Union and Confederate Navies in the  (1894) :: ... <b>Rhode Island</b> , at the yard or in the roads , available to <b>patrol</b> from <b>Cape Henry</b> to Cape Fear River whilst troops are moving south ? Secretary of the Navy . GIDEON WELLES , Captain J. M. <b>BERRIEN</b> , U. S. Navy , Commandant Naval Station&nbsp;...
    Q-5uZpZFqd8C  Official records of the Union and Confederate navies in the  (1901) :: ... <b>Rhode Island</b> , at the yard or in the roads , available to <b>patrol</b> from <b>Cape Henry</b> to Cape Fear River whilst troops are moving south ? Captain J. M. <b>BERRIEN</b> , U. S. Navy , GIDEON WELLES , Secretary of the Navy . Commandant Naval Station&nbsp;...
E551	Berrien vessels patrol "Cape Fear" troops moving south	total 3	shown 3
    iFJIAAAAYAAJ  Official Records of the Union and Confederate Navies in the  (1901) :: ... <b>vessels</b> , exclusive of the Rhode Island , at the yard or in the roads , available to <b>patrol</b> from Cape Henry to <b>Cape Fear</b> River whilst <b>troops</b> are <b>moving south</b> ? Secretary of the Navy . GIDEON WELLES , Captain J. M. <b>BERRIEN</b> , U. S. Navy&nbsp;...
    oX9AAQAAMAAJ  Official Records of the Union and Confederate Navies in the  (1894) :: ... <b>vessels</b> , exclusive of the Rhode Island , at the yard or in the roads , available to <b>patrol</b> from Cape Henry to <b>Cape Fear</b> River whilst <b>troops</b> are <b>moving south</b> ? Secretary of the Navy . GIDEON WELLES , Captain J. M. <b>BERRIEN</b> , U. S. Navy&nbsp;...
    Q-5uZpZFqd8C  Official records of the Union and Confederate navies in the  (1901) :: ... <b>vessels</b> , exclusive of the Rhode Island , at the yard or in the roads , available to <b>patrol</b> from Cape Henry to <b>Cape Fear</b> River whilst <b>troops</b> are <b>moving south</b> ? Captain J. M. <b>BERRIEN</b> , U. S. Navy , GIDEON WELLES , Secretary of the Navy&nbsp;...
E552	Dumbarton "Commodore Bell" "James River"	total 187	shown 10
    SYdDpAV4kUoC  Register of Graduates (1945) :: ... <b>Commodore</b> . Awarded special letter of commen- dation for service in World ... <b>Bell</b> , <b>James R</b>. Bloebaum , Chester A. Α . Bradbury , John L. 3315 Burdick ... <b>Dumbarton</b> Ave. , N. W. , Washington , D. С. 3321 Hicks , Will Whinery B&nbsp;...
    LrK1n4fXUgAC  The Clyde yachtsman's hand-book and purchasing guide (1900) :: ... <b>Commodore</b> - WILLIAM BEARDMORE , Esq . , s.y. &quot; Volga , &quot; 100 Tons . Stewards - Kenneth M. Clark , J. B. Hilliard , D. F. D. Neill . John S. Dunn , Peter Donaldson , Robert Wylie , Andrew Mitchell , <b>James</b> ... <b>Bell</b> , Henry , za Colman Street ,&nbsp;...
    Lok1AQAAMAAJ  Naval Register (1864) :: ... <b>James</b> Garnett . Gettysburg , ( 4th rate . ) Mississippi Squadron . Anacostia , ( 4th rate . ) Mississippi Squadron ... <b>Bell</b> , ( 4th rate . ) Vincennes , ( 3d rate . ) Hibiscus , ( 4th rate . ) Gettysburg , ( 4th rate . ) Tacony&nbsp;...
    naw0AQAAMAAJ  Armed Forces Journal International (1864) :: ... <b>James</b> W. De Camp , of Morristown , N. J. Mate R. P. Herrick , of the Emma . Acting Assistant Surgeon A. Shirk , of ... <b>Dumbarton</b> . Acting Ensign George T. Miiler , of the Juniata . Acting Assistant Paymaster A. J. Myers , of the&nbsp;...
    VSUdAQAAIAAJ  Register of Commissioned and Warrant Officers of the United  (1865) :: ... <b>James</b> C. Graves Mississippi Squadron . Anacostia , ( 4th rate . ) Mississippi Squadron . Miami , ( 3d rate ... <b>Bell</b> , ( 4th rate . ) Vincennes , ( 3d rate . ) Hibiscus , ( 4th rate . ) Gettysburg , ( 4th rate . ) Tacony , ( 3d rate&nbsp;...
    AOHOUP4nv2sC  Register of the Commissioned and Warrant Officers of the Nav (1865) :: ... <b>James</b> Garnett .... Conn ... Gettysburg , ( 4th rate . ) Aug. 28 , 1863 Penn Penn ... St. Mary&#39;s , ( 3d rate ... <b>Bell</b> , ( 4th rate . ) Vincennes , ( 3d rate . ) Hibiscus , ( 4th rate . ) Gettysburg , ( 4th rate . ) Tacony , ( 3d&nbsp;...
    DBDvj9CUyCoC  Register of the Commission and Warrant Officers of the Navy  (1865) :: ... <b>James</b> Garnett .... Aug. 28 , 1863 Penn Penn St. Mary&#39;s , ( 3d rate . ) Francis T. Gillette Oct. 20 , 1863 Ind Ind ... <b>Bell</b> , ( 4th rate . ) Gettysburg , ( 4th rate . ) Tacony , ( 3d rate . ) N.Y .... Flambeau , ( 3d rate . ) Mass&nbsp;...
    hFmuZMznKOEC  The yachtsman's handbook (1902) :: ... <b>James</b> , 78 Queen Street , Glasgow . Allan , Richard G. , 25 Bothwell Street ... <b>Bell</b> , Sir <b>James</b> , Bart . , 7 Marlborough Terrace , Kelvinside . Bernard , J ... <b>Commodore</b> E. M. , 235 West Street , New York . Brown , Herbert W&nbsp;...
    3x4_AQAAMAAJ  The United States Army and Navy Journal and Gazette of the R (1865) :: ... <b>James</b> W. De Camp , of Morristown , N. J. Mate R. P. Herrick , of the Emma . Acting Assistant Surgeon A. Shirk , of ... <b>Dumbarton</b> . Acting Ensign George T. Miller , of the Juniata . Acting Assistant Paymaster A. J. Myers , of the&nbsp;...
    KU1JAQAAMAAJ  Register of the Commissioned, Warrant, and Volunteer Officer (1865) :: ... <b>James</b> Garnett . Francis T. Gillette Aug. 28 , 1863 Penn Oct. 20 , 1863 Ind Conn ... Penn Ind Mass N.Y. Conn ... Mass ... <b>Bell</b> , ( 4th rate . ) Vincennes , ( 3d rate . ) Hibiscus , ( 4th rate . ) Gettysburg , ( 4th rate . ) Tacony&nbsp;...
E552	Dumbarton Cambridge Berrien Tuesday	total 1	shown 1
    DqgnQOO7sk4C  Directory of American Scholars (1978) :: ... <b>Berrien</b> Springs MI 49104 GERAUD , JOSEPH RAMON , b Riverton , Wyo , Sept 14 ... <b>Dumbarton</b> Oaks Ctr Byzantine Studies , Wash , DC , 72-73 ; ASST PROF RELIG ... <b>Cambridge</b> Univ , BA , 52 , MA , 56 ; Westminster Col , Eng , cert , 55&nbsp;...
# requests 13
