CTRL | "sailed in perfect order" intitle:Grant | total 3
    mnRjmhe3QLoC The Papers of Ulysses S. Grant 1985 PARTIAL | ... <b>sailed in perfect order</b>— &quot; ALS ( telegram sent ) , DNA , RG 107 , Telegrams Collected ( Unbound ) ; telegram received , ibid . &quot; The Steamer Victor with three hundred and seventy five ( 375 ) men has <b>sailed</b> — All right — Plenty of Hard&nbsp;...
    ij8fAQAAMAAJ The Papers of Ulysses S. Grant: November 16, 1864- 1967 NO_PAGES | ... <b>sailed in perfect order</b>- &quot; ALS ( telegram sent ) , DNA , RG 107 , Telegrams Collected ( Unbound ) ; telegram received , ibid . &quot; The Steamer Victor with three hundred and seventy five ( 375 ) men has <b>sailed</b> - All right - Plenty of Hard&nbsp;...
    IpH5DwAAQBAJ Complete Works of Jules Verne (illustrated): A Jor 2021-02-01 PARTIAL | ... <b>perfect order</b> , the Dutch cleanliness of the vessel . The captain&#39;s cabin , and that of the lieutenant , one on the ... <b>sailing</b> - master ; Hardy , Rogers , Drap , Francis , Gratian , Burg , and Stern <b>sailors</b> all between twenty&nbsp;...
CTRL | "Steamers all ready coaled" intitle:Grant | total 1
    HDUFAAAAYAAJ Ulysses S. Grant 1886 ALL_PAGES | ... <b>coal</b> , towed astern , could be cast loose if shattered by shot or shell . There were eight gunboats and three river <b>steamers</b> when <b>all</b> was <b>ready</b> , and they had a terrible gauntlet to run . The night of the 16th of April had been chosen&nbsp;...
E545 | "Artillerests" intitle:Grant | total 0
E545 | "batteries of Schofields Corps" intitle:Grant | total 2
    mnRjmhe3QLoC The Papers of Ulysses S. Grant 1985 PARTIAL | ... <b>batteries of Schofields Corps</b> be left behind . I think however it may be advisable for him to bring two companies of Artillerests to each Division to be fitted up here if necessary . &quot; ALS ( telegram sent ) , Mitten Collection , InHi&nbsp;...
    ij8fAQAAMAAJ The Papers of Ulysses S. Grant: November 16, 1864- 1967 NO_PAGES | ... <b>batteries of Schofields Corps</b> be left behind . I think however it may be advisable for him to bring two companies of Artillerests to each Division to be fitted up here if necessary . &quot; ALS ( telegram sent ) , Mitten Collection , InHi&nbsp;...
    6hp7PwAACAAJ Battery Orders 1915 NO_PAGES | 
E545 | "two companies of" Artillerists Schofield intitle:Grant | total 0
E545 | "each Division" Schofield battery Boyd intitle:Grant | total 0
E545 | Schofield mules Kentucky Washington transportation intitle:Grant | total 0
E545 | "G. W. Schofield" intitle:Grant | total 2
    3zBLjHeAGB0C Papers of Ulysses S. Grant 2008 PARTIAL | ... <b>G. W. Schofield</b> ( my brother ) and I , are interested in a tract of land in Colorado , purchased about seven years ago , from William Craig , under the St Vrain grant , as I believe . We have been waiting all this time for a&nbsp;...
    DVLPEPsH1_oC The Papers of Ulysses S. Grant 1985 PARTIAL | ... <b>Schofield</b> left for the front this morning without signing the above , and has since directed me to forward it with this explanation Very Respectfully <b>G. W. Schofield</b> Brvt . Brig . Genl . &quot; LS , DNA , RG 108 , Letters Received . O.R. , I&nbsp;...
E560 | Yorktown telegraph James quartermaster intitle:Grant | total 0
E560 | "telegraph station" Yorktown 1865 | total 12
    Ntp4ZSnBuA0C Report of the Quartermaster General of the United  1895 ALL_PAGES | ... <b>Yorktown</b> , Va ... 148.24 Glendale , Va ... 196.50 Soldiers &#39; lots 218.15 Grafton , W. Va ...... 361.48 ... <b>telegraph station</b> . Established 1867. Area , 8.24 acres ; inclosed by brick wall . Water supplied by cistern and&nbsp;...
    _dVGAQAAMAAJ Annual Report of the Quartermaster-general to the  1895 ALL_PAGES | ... <b>Yorktown</b> , Va .. 148.24 196.50 Soldiers &#39; lots .. 218.15 361.48 ... <b>telegraph station</b> . Established 1867. Area , 8.24 acres ; inclosed by brick ... <b>1865</b> . Area , 120 acres ; 25 acres of which are inclosed by brick wall . Water&nbsp;...
    _jQ_IYjF2xUC House documents 1895 ALL_PAGES | ... <b>Yorktown</b> , Va ..... 148.24 Glendale , Va ..... 196.50 Soldiers &#39; lots ... <b>telegraph station</b> . Established 1867. Area , 8.24 acres ; inclosed by brick ... <b>1865</b> . Area , 120 acres ; 25 acres of which are inclosed by brick wall&nbsp;...
    qpYdAQAAIAAJ Annual Report of the Secretary of War 1895 ALL_PAGES | ... <b>Yorktown</b> , Va .... 148.24 Glendale , Va .... 196.50 Soldiers &#39; lots 218.15 Grafton , W. Va . 361.48 Miscellaneous ... <b>telegraph station</b> . Established 1867. Area , 8.24 acres ; inclosed by brick wall . Water supplied by cistern and&nbsp;...
    9tjx2hes4nsC Documentary History of Jamestown Island 2000 ALL_PAGES | ... <b>telegraph station</b> on Jamestown Island ; Union gunboat destroyed Confederate defenses but left old barracks behind ... <b>1865</b> : Union troops were stationed on Jamestown Island , which was used as a surveillance post . <b>1865</b> : William&nbsp;...
    qzwDGlV6HZIC Annual Report (or Report) of the Secretary of War 1895 ALL_PAGES | ... <b>Yorktown</b> , Va .. Glendale , Va .. 196.50 Soldiers &#39; lots Grafton , W.Va .. 361.48 Miscellaneous 758.92 Jefferson ... <b>telegraph station</b> . Established 1867. Area , 8.24 acres ; inclosed by brick wall . Water supplied by cistern and&nbsp;...
E505 | "other service" Rawlins steamer coal "no rations" intitle:Grant | total 0
E505 | Beckwith Sheldon Rawlins steamer "other service" intitle:Grant | total 0
E567 | "flat cars" Schofield Wright engines intitle:Grant | total 0
E567 | "two engines" Schofield Wilmington intitle:Grant | total 2
    DVLPEPsH1_oC The Papers of Ulysses S. Grant 1985 PARTIAL | ... <b>Wilmington</b> on the morning of the 22d inst . After the evacuation of Fort Anderson <b>Schofield</b> directed Cox to follow ... <b>two engines</b> and some flat cars sent here at once , so that Col Wright can commence work . None have arrived at&nbsp;...
    1D8fAQAAMAAJ The Papers of Ulysses S. Grant: February 21-April  1967 NO_PAGES | ... <b>both</b> because the strength of my command renders it desirable ... <b>Wilmington</b> on the morning of the 22d inst . After the evacuation of Fort Anderson <b>Schofield</b> ... <b>two engines</b> and some flat cars sent here at once , so that Col Wright can&nbsp;...
E567 | "commence work" Wright Schofield intitle:Grant | total 0
E525 | Newport Baltic Annapolis Webster intitle:Grant | total 0
E525 | "Baltic" "Annapolis" Newport coal 1865 intitle:Grant | total 0
E572 | "Champion" Fayetteville Wilmington scouts intitle:Grant | total 0
E572 | "steamship Champion" Wilmington Fayetteville 1865 | total 3
    Zx5Pw3QovIsC The Republic 1885 ALL_PAGES | 
    Bj0sAQAAIAAJ The Times Illustrated History of the World 1995 NO_PAGES | ... <b>Fayetteville Wilmington</b> evacuated CAROLINA Feb 65 이 Fort Fisher Chattanooga Nov 63 CAROLINA Columbia Jan 65 burned Feb 64 Fort Sumter Apr 61 2 Vicksburg July 63 LOUISIANA ☑ Jackson May 63 <b>Champion&#39;s</b> Hill May 63 MISSISSIPPI Port Hudson&nbsp;...
    5ebV3penj1cC Guide to Microforms in Print 1986 NO_PAGES | ... <b>1865</b>-20 Apr 1900 . 9 rolls . apply ; UO ; 1 STATE SENTINEL . <b>Fayetteville</b> ... <b>Wilmington</b> . Del . 1881-1954 . P ; 1 THE SUNDAY SUN . Baltimore . Md . 1927 ... <b>CHAMPION</b> . Cedaredge , CO . -w . Jan 6 , 1911 - Jun 30 , 1920. 20.00 per&nbsp;...
E572 | "Champion arrived" Wilmington Fayetteville | total 141
    RX8hAAAAMAAJ Zeb Vance: Champion of Personal Freedom 1966 NO_PAGES | ... <b>Wilmington</b> to <b>Fayetteville</b> . 16 Before the month of October was out , he , too , would succumb to the disease . While yellow fever raged in <b>Wilmington</b> , smallpox broke out in several Southern cities and seemed to follow the railroads&nbsp;...
    9UQEAAAAMBAJ Billboard 1964-05-30 ALL_PAGES | ... <b>Came</b> Shuffle 150 CC King Bowler 145 CC Red Pin 125 CC Steam Shovel 75 CC Pro Shuffle 245 CC Bulls-Eye Baseball ... <b>Wilmington</b>, <b>Fayetteville</b> and Greenville. Forty-two men attended the seminars, the largest being at Greenville, where&nbsp;...
    EbwhQ6d9TbsC The Official Guide of the Railways and Steam Navig 1967 NO_PAGES | ... <b>Champion</b> . Through Coach New York to Montgomery . See Note 18.8 Sprague 10 ... <b>WILMINGTON</b> AND FLORENCE . Freight Service only . Table 36 . KINGWOOD AND ... <b>FAYETTEVILLE</b> , BENNETTS- VILLE AND MARLBORO . Freight Service only&nbsp;...
    0_j1VTNOh5gC 82nd Airborne Division 1997 PARTIAL | ... <b>Fayetteville</b> area . The division alert was called . Instead of the standard battalion - sized or DRB alert , this ... <b>Champion</b> Main 1st BDE , 2nd BDE , DISCOM - 82nd ABN Ad Damman Dhahran fense , maintenance , aviation&nbsp;...
    nHw6DwAAQBAJ Your Maryland 2017-10-16 PARTIAL | ... <b>Fayetteville</b> to play their way north . They <b>arrived</b> in Wilm- ington just as Connie Mack , Frank “ Home Run ” Baker , Eddie Collins , &quot; Chief &quot; Bender , and the rest of the <b>champion</b> Athlet- ics sauntered into town . Everyone wanted to&nbsp;...
    S7t8DW4iYDMC Railroad Wrecks 1993 PARTIAL | ... <b>Champion</b> , carrying eighteen cars , encoun- tered a broken rail , whereupon two rear Pullman sleepers and a diner ... <b>arrived</b> from <b>Fayetteville</b> and other local communi- ties . Some of the injured trapped in the wreckage had&nbsp;...
googleapis requests 20
