CTRL | "meet you and the admiral there" Butler Grant | total 8 | GRANT HIT mnRjmhe3QLoC,ij8fAQAAMAAJ
     mnRjmhe3QLoC The Papers of Ulysses S. Grant 1985 | ... <b>Butler</b> . &quot; Will you be at Ft . Monroe all day to - morrow ? If so I will <b>meet you and the Admiral there</b> at 3 p . m . &quot; ALS ( telegram sent ) , CSmH ; telegram received , DLC - Benjamin F. <b>Butler</b> . O.R. , I , xlii , part 3 , 7
     ij8fAQAAMAAJ The Papers of Ulysses S. Grant: November 16, 1864-February 20, 1865 1967 | ... <b>Butler</b> . &quot; Will you be at Ft . Monroe all day to - morrow ? If so I will <b>meet you and the Admiral there</b> at 3 p . m . &quot; ALS ( telegram sent ) , CSmH ; telegram received , DLC - Benjamin F. <b>Butler</b> . O.R. , I , xlii , part 3 , 7
     KtNAAQAAMAAJ Private and official correspondence of Gen. Benjamin F. Butler, during 1917 | ... <b>Grant</b> CIPHER . CITY POINT , Nov. 28th , 1864 To Maj . Gen&#39;l . B. F. <b>BUTLER</b> , Comd&#39;g . WILL you be at Ft . Monroe all day tomorrow ? If so I will <b>meet you and the Admiral there</b> at 3 P.M. U. S. <b>GRANT</b> , Lt. General From Gen
     Rq8OAQAAMAAJ The War of the Rebellion 1880 | ... <b>BUTLER</b> , Fortress Monroe : Will you be at Fort Monroe to - morrow ? If so , I will <b>meet you and the admiral there</b> at 3 p . m . U. S. <b>GRANT</b> , Lieutenant - General , FORTRESS MONROE , VA . , November 28 , 1864-11.40 CHAP . LIV . ] 735&nb
     q1yQZT3BKzgC The War of the Rebellion: v. 1-53 [serial no. 1-111] Formal reports, b 1893 | ... <b>BUTLER</b> , Fortress Monroe : Will you be at Fort Monroe to - morrow ? If so , I will <b>meet you and the admiral there</b> at 3 p . m . U. S. <b>GRANT</b> , Lieutenant - General FORTRESS MONROE , VA . , November 28 , 1864-11.40 CHAP . LIV . ] 735&nbsp
     vnNJAQAAMAAJ August 1864-March 1868 1917 | ... <b>Grant</b> CIPHER . CITY POINT , Nov. 28th , 1864 To Maj . Gen&#39;l . B. F. <b>BUTLER</b> , Comd&#39;g . WILL you be at Ft . Monroe all day tomorrow ? If so I will <b>meet you and the Admiral there</b> at 3 Р.М. U. S. <b>GRANT</b> , Lt. General From Gen
E447 | Saugus Colhoun "start down" December 1864 "City Point" | total 6 | no Grant 13/14 hit
     mxQzAAAAMAAJ Dictionary of American Naval Fighting Ships: Historical sketches: Lett 1959 | ... <b>Saugus</b> , a single - turreted monitor , was launched on 16 <b>December</b> 1863 by Harlan &amp; Hollings- worth &amp; Co. , Wilmington , Del .; and commissioned at the Philadelphia Navy Yard on 7 April <b>1864</b> , Comdr . Edmund R. <b>Colhoun</b> i
     X5GnoNV8TqMC Dictionary of American Naval Fighting Ships 1991 | ... <b>December</b> 1863 by Harlan &amp; Hollings- worth &amp; Co. , Wilmington , Del .; and commissioned at the Philadelphia Navy Yard on 7 April <b>1864</b> , Comdr . Edmund R. <b>Colhoun</b> in command . Assigned to the North Atlantic Blockading Squad- ron 
     mEoSAAAAYAAJ Dictionary of American Naval Fighting Ships 1976 | ... <b>Saugus</b> , a single - turreted monitor , was launched on 16 <b>December</b> 1863 by Harlan &amp; Hollings- worth &amp; Co. , Wilmington , Del .; and commissioned at the Philadelphia Navy Yard on 7 April <b>1864</b> , Comdr . Edmund R. <b>Colhoun</b> i
     BgBLH14faIgC Dictionary of American Naval Fighting Ships 1976-06 | ... <b>December</b> 1863 by Harlan &amp; Hollings- worth &amp; Co. , Wilmington , Del .; and commissioned at the Philadelphia Navy Yard on 7 April <b>1864</b> , Comdr . Edmund R. <b>Colhoun</b> in command . Assigned to the North Atlantic Blockading Squad- ron 
     TjWRHUUyAXQC The United States Army and Navy Journal and Gazette of the Regular and 1872 | ... <b>city</b> . He would , therefore , ask that ter in Shanghai , entertaining and ... <b>down</b> by the Bombay , tion of midshipmen will <b>begin</b> , and will continue for ... <b>December</b> she had visited Ching - kiang , Shanghai , Foochow , Amoy , an
     00fkI0FucScC Britannica Junior Encyclopaedia for Boys and Girls 1964 | 
E447 | "above City Point" Saugus Colhoun Porter telegram | total 1 | no Grant 13/14 hit
     74u66n73bqoC The Naval History of the Civil War 1886 | ... <b>city</b> . This ended the capture of all the various works in and about Wil ... <b>telegram</b> of the result , and now the final victory was announced to the ... <b>PORTER</b> , Commanding North Atlantic Squadron , off Wilmington . The following&nbsp;.
E471 | "cable is repaired" Kilpatrick Sheldon 1864 | total 2 | no Grant 13/14 hit
     x1U0AQAAMAAJ Portrait and Biographical Album of Warren County, Illinois 2001 | ... <b>1864</b> , when Rev. R. L. Caldwell assumed the pastorate , remaining until July ... <b>Cable</b> taught the first school here , in 1837. They have at present a good ... <b>Sheldon</b> , who have general merchandise stores . WARREN COUNTY . 713.
     MGiuvhSFf4AC The United States Army and Navy Journal and Gazette of the Regular and 1901 | ... <b>Sheldon</b> G. Evans , detached Solace , on relief ; to home and wait orders ... <b>Cable</b> from Asiatic Station , Oct. 9 , 1901 . Lieut . Col. Allan C. Kelton ... <b>1864</b> to 1866 . He was stationed at the Naval Academy from 1867 to 1869 and&nbsp;
E471 | "send no ciphers" Kilpatrick March 1864 | total 24 | no Grant 13/14 hit
     KHdYYXjL-X4C The War of the Rebellion: v. 1-53 [serial no. 1-111] Formal reports, b 1891 | ... <b>March</b> 4 , <b>1864</b> . GENERAL : The following dispatch , in <b>cipher</b> , just received from General <b>Kilpatrick</b> , dated Fort ... <b>send</b> some of my men to assist him . General Butler informs me that he has ample transportation for me 
     X50OAQAAMAAJ The War of the Rebellion 1891 | ... <b>March</b> 4 , <b>1864</b> . GENERAL : The following dispatch , in <b>cipher</b> , just received from General <b>Kilpatrick</b> , dated Fort Magruder , Va . , <b>March</b> 3 , <b>1864</b> : Maj . Gen. A. PLEASONTON , Commanding Cavalry Corps : HEADQUARTE
     PM381btVBG0C House documents 1892 | ... <b>March</b> 4 , <b>1864</b> . GENERAL : The following dispatch , in <b>cipher</b> , just received from General <b>Kilpatrick</b> , dated Fort Magruder , Va . , <b>March</b> 3 , <b>1864</b> : Maj . Gen. A. PLEASONTON , Commanding Cavalry Corps : HEADQUARTE
     RHNJAQAAMAAJ February 1863-March 1864 1917 | ... <b>Kilpatrick&#39;s</b> Cavalry and Duncan&#39;s Brigade . BENJ . F. BUTLER , Maj . Gen. Commdg . From General Butler Brig . Gen. HECKMAN , Comdg . near SUFFOLK <b>March</b> 5 , <b>1864</b> I <b>SEND</b> you by letter all the account I can get of the force
     ruLHEQAAQBAJ WE THE WOMEN 2026-03-10 | ... <b>sent</b> to Union lines , and their own servants when <b>no</b> one else could be found . The system was fast enough that fresh flowers from her Richmond garden arrived on Grant&#39;s breakfast table at City Point the following morning . The flowers wer
     7DAAxfRuXKoC The Papers of Ulysses S. Grant None | ... <b>1864</b> ; ibid . , RG 107 , Telegrams Collected ( Bound ) ; copies , ibid . , RG 108 , Letters <b>Sent</b> ; DLC - USG , V ... <b>Kilpatrick</b> , commanding that division , ranks him . General <b>Kilpatrick</b> is anxious to be transferred to the West
E474 | "Butler's fleet" left Ingalls Webster December 1864 | total 0 | no Grant 13/14 hit
E470 | "Mahopac, Canonicus, and Saugus" "ready for service" | total 36 | no Grant 13/14 hit
     M9toAAAAcAAJ House documents 1876 | ... <b>ready for service</b> , and the remainder are in commission on the several stations or are at the various navy - yards ... <b>Canonicus</b> , Camanche , Catskill , Dictator , Jason , Lehigh , <b>Mahopac</b> , Manhattan , Montauk , Nahant , Nantucket , P
     iXgFAAAAQAAJ Message from the President of the United States to the two houses of C 1875 | ... <b>ready for service</b> , and the remainder are in commission on the several stations or are at the various navy - yards ... <b>Canonicus</b> , Camanche , Catskill , Dictator , Jason , Lehigh , <b>Mahopac</b> , Manhattan , Montauk , Nahant , Nantucket , P
     D8c3AQAAMAAJ Annual Report of the Secretary of the Navy 1876 | ... <b>ready for service</b> , and the remainder are in commission on the several stations or are at the various navy - yards ... <b>Canonicus</b> , Camanche , Catskill , Dictator , Jason , Lehigh , <b>Mahopac</b> , Manhattan , Montauk , Nahant , Nantucket&nbs
     naw0AQAAMAAJ Armed Forces Journal International 1864 | ... <b>Canonicus</b> , <b>Mahopac</b> and <b>Saugus</b> up the James River , to try what they could do with the Rebel batteries at Howlett&#39;s , and above that point . At Howlett&#39;s the enemy had a heavy gun mounted ( a two hundred- pounder Brooke&#39;s r
     toFHIALtTS4C Official records of the Union and Confederate navies in the war of the 1900 | ... <b>Saugus</b> , <b>Canonicus</b> , and <b>Mahopac</b> , was received here at 6:40 o&#39;clock a . m . to - day . I have to report that the three monitors above named are <b>ready</b> for immediate <b>service</b> . The dispatch relating to Howlett&#39;s bat
     3x4_AQAAMAAJ The United States Army and Navy Journal and Gazette of the Regular and 1865 | ... <b>Canonicus</b> , <b>Mahopac</b> and <b>Saugus</b> up the James River , to try what they could do with the Rebel batteries at Howlett&#39;s , and above that point . At Howlett&#39;s the enemy had a heavy gun mounted ( a two hundred- pounder Brooke&#39;s r
E443 | "yellow fever is prevailing" Newbern McDougall 1864 | total 0 | no Grant 13/14 hit
E443 | "yellow fever" Newbern October 1864 McDougall Horner | total 0 | no Grant 13/14 hit
E445 | Baird instruments "City of Hudson" Porter December 1864 | total 5 | no Grant 13/14 hit
     H6s0AQAAMAAJ Scientific American 1864 | ... <b>1864</b> : - J. O. H. , of Pa . ( 2 cases ) ; A. S. , of N. Y .; A. C. , of N. Y .; W. M. D. , of N. Y .; V. H. H. , of ... <b>BAIRD</b> , Industrial Publisher , 406 Walnut street , Philadelphia . 11 WANTED . A CIVIL ENGINEER OF GOOD AD&nbsp;...
     dkRKzCk5x2gC Railroad Gazette 1891 | ... <b>Hudson</b> River , annual , 80 Broadway , New Creek Park , Washington , D. C ... <b>City</b> meets in Room 200 , <b>Baird</b> Building , Kansas <b>City</b> , Mo. , on the second ... <b>December</b> , at 2:30 p . m . in the directors &#39; room of the St
     XmvhAAAAMAAJ Who was who in America 1968 | ... <b>HUDSON</b> , William Cadwalader , newspaperman ; b . New Brunswick , N.J. , Nov ... <b>Instruments</b> , 1898. Mem . Ithaca . N.Y. Died 1907 . walader and Margaret ... <b>City</b> , 1930-39 , chmn . exec . com . , 1939. Mem . War Industries Bd&nbsp;...
     vseNLKY-IxgC The Boston Directory 1890 | 
     WzdEAQAAMAAJ Boston Directory 1890 | 
E445 | "Mr. Baird" instruments Butler Porter 1864 telegraph | total 1 | no Grant 13/14 hit
     Evx-bcvz4-AC Great Pages in History from the Wisconsin State Journal, 1852-2002 2002 | ... <b>1864</b>. A GLORIOUS VICTORY The disagreeable rain which has prevailed UNION TO BE PRESERVED election returns and ... <b>telegraph</b> to - day , reducing the quantity of Slee MoMyna 140 Parkinson . Waukesha , 95 majority for Lincoln , Sican&nbsp;...
E446 | "W. A. Dunn" Cherrystone operator Baltimore | total 8 | no Grant 13/14 hit
     PpMtAAAAIAAJ The War of the Rebellion 1892 | ... <b>Washington</b> via Point Lookout . Only eighteen men here , and we respectfully ask that you will increase the force to protect us in the discharge of our duties . Please answer immediately . <b>W. A. DUNN</b> , S. C. BURNS , <b>Operators</b> . Hon&nbsp
     _qJlIizFOpMC House documents 1892 | ... <b>Baltimore</b> , &amp; c . , pass- ing through this office thence to <b>Washington</b> via Point Lookout . Only cighteen men here ... <b>W. A. DUNN</b> , S. C. BURNS , <b>Operators</b> . Hon . GIDEON WELLES , FLAG - SHIP MALVERN , Hampton Roads , July 13
     HEQPYUQ3PjwC The War of the Rebellion: v. 1-53 [serial no. 1-111] Formal reports, b 1892 | ... <b>Washington</b> via Point Lookout . Only eighteen men here , and we respectfully ask that you will increase the force to protect us in the discharge of our duties . Please answer immediately . <b>W. A. DUNN</b> , S. C. BURNS , <b>Operators</b> . Hon&nbsp
     doZrB7b8qBkC Official Records of the Union and Confederate Navies in the War of the 1897 | ... <b>Cherrystone</b> was attacked this morning about 4 a . m . by about forty or fifty men . <b>Dunn</b> , the <b>operator</b> , escaped ... <b>Baltimore</b> take this dispatch down to Commander Parker . [ Telegram . ] NAVY DEPARTMENT , March 5 , OPERATIONS 
     fFF-Tv7GAuIC Official records of the Union and Confederate navies in the war of the 1897 | ... <b>Cherrystone</b> was attacked this morning about 4 a . m . by about forty or fifty men . <b>Dunn</b> , the <b>operator</b> ... <b>Dunn</b> , at Eastville , thinks they did not disturb ... <b>Washington</b> , D. C. Let the commanding officer of the <b>Bal
     Y1N6ndVzNNQC Official Records of the Union and Confederate Navies in the War of the 1897 | ... <b>Cherrystone</b> was attacked this morning about 4 a . m . by about forty or fifty men . <b>Dunn</b> , the <b>operator</b> , escaped ... <b>Baltimore</b> take this dispatch down to Commander Parker . [ Telegram . ] NAVY DEPARTMENT , March 5 , D 399&nbsp;
E446 | Dunn operator Cherrystone "American office" Butler | total 6 | no Grant 13/14 hit
     HEQPYUQ3PjwC The War of the Rebellion: v. 1-53 [serial no. 1-111] Formal reports, b 1892 | United States. War <b>Department</b>. Maj . Gen. B. F. <b>BUTLER</b> : JULY 13 , 1864 . There is a rebel battery firing on our ... <b>CHERRYSTONE</b> , July 13 , 1861 . GENERAL : Rumors through rebel sympathizers give <b>us</b> fears of another raid upon this&
     PpMtAAAAIAAJ The War of the Rebellion 1892 | ... <b>BUTLER</b> : JULY 13 , 1864 . There is a rebel battery firing on our transports at Wilcox&#39;s Wharf at the bend of the ... <b>CHERRYSTONE</b> , July 13 , 1864 . GENERAL : Rumors through rebel sympathizers give <b>us</b> fears of another raid upon this
     _qJlIizFOpMC House documents 1892 | ... <b>CHERRYSTONE</b> , July 13 , 1864 . Major - General <b>BUTLER</b> , Headquarters : GENERAL : Rumors through rebel sympathizers give <b>us</b> fears of another raid upon this post , which at this time is invaluable to the Gov- ernment , business from the&
     Ccuuu4GZwqQC Official Records of the Union and Confederate Navies in the War of the 1899 | ... <b>U. S.</b> Army tug Titan * and steamer Æolus , March 5 , 1864 . Report of ... <b>Butler</b> ( 2 ) , asking for further information on the subject . These two ... <b>Dunn</b> , the telegraph <b>operator</b> at <b>Cherrystone</b> , at the time of the occu
     Bl5z2QtMWUAC The War of the rebellion: a compilation of the official records of the 1892 | 
     17gyAQAAMAAJ Official Records of the Union and Confederate Navies in the War of the 1987 | ... <b>Department</b>. up Severn River . I gave chase in the first instance , but ... <b>Butler</b> ( 2 ) , asking for further information on the subject . These two ... <b>Dunn</b> , the telegraph <b>operator</b> at <b>Cherrystone</b> , at the time of the occ
E448 | Manhattan Stanton "City Point" October 1864 Dealy | total 3 | no Grant 13/14 hit
     8fk-AQAAMAAJ The United States Army and Navy Journal and Gazette of the Regular and 1881 | ... <b>1864</b> , <b>July</b> 28 , 1866 , he was appointed Lieut . - Col . 43d In- would ... <b>Point</b> this summer superintending the construction of the new hospital . His ... <b>October</b> all the officers at Columbus , excepting the Surgeon , will rejoi
     lmhFAQAAMAAJ The Journal of the Armed Forces 1881 | ... <b>October</b> following appointed Major , U. S. Drum promised to attend the ... <b>Point</b> this summer superintending the construction of the new hospital . His ... <b>1864</b> , is living at Airdrie ( P. O. Paradise ) Ky . , where opening&nbsp;...
     SO49AQAAMAAJ History of the State of Kansas 1976 | ... <b>October</b> 29 , 1843 , in Wauwatosa , Milwaukee Co. , Wis . His father , James ... <b>Point</b> , Wis . , where the father was in the lumber business . Z. Bean en- listed in <b>1864</b> ... <b>city</b> , and honorably discharged about the close of the 
E448 | "don't mention his coming" Stanton | total 348 | no Grant 13/14 hit
     3atEAQAAMAAJ Illma, Or, Which was Wife? 1881 | ... <b>comes</b> alone ; the Lone Star , as we <b>say</b> of Texas . &quot; &quot; Oh , pray , pray , <b>don</b>&#39;<b>t</b> , please <b>don</b>&#39;<b>t</b> , Mr. <b>Stanton</b> . &quot; Her ... <b>your</b> wish . Montague is a bear , though , to treat you s
     XehIAAAAMAAJ One Hundred Non-royalty One-act Plays 1940 | ... <b>STANTON</b> . But it <b>didn</b>&#39;<b>t</b> end war . And the <b>next</b> one won&#39;t . <b>Your</b> father <b>came</b> home , broken and disillusioned . And <b>his</b> job wasn&#39;t waiting for <b>him</b> as they said it would be . He was years get
     wZVEAQAAMAAJ Home and Country 1893 | ... <b>Stanton</b> - is quite right in assuming that you would be extremely ill - mated ... <b>his</b> hand on <b>his</b> friend&#39;s shoulder ) : &quot; My dear fellow , you&#39;ll get over this all right , and it won&#39;t ... <b>don</b>&#39;<b>t</b> chaff 
     XDsC22cMrcEC Proceedings in the Trial of Andrew Johnson, President of the United St 1868 | ... <b>going</b> out of the door || when I found that this person rushed forward and seized me by the hand . I looked surprised , because I did not <b>know him</b> . He <b>mentioned his</b> | I suppose . name , but I could not recollect it . I understood <b>hi
     F7xGAQAAMAAJ General Tax Reform (testimony from Administration and Publec Witnesses 1973 | ... <b>don</b>&#39;<b>t mention</b> . Criticize all you want , but be fair about it . Mr. BROTZMAN . Could you give me <b>your</b> authority for the proposi- tion that the committee is <b>going</b> to leave tax reform and go to trade legislation ? I am fairly 
     7hwwAAAAMAAJ General Tax Reform (testimony from Administration and Public Witnesses 1973 | ... <b>don</b>&#39;<b>t mention</b> . Criticize all you want , but be fair about it . Mr. BROTZMAN . Could you give me <b>your</b> authority for the proposi- tion that the committee is <b>going</b> to leave tax reform and go to trade legislation ? I am fairly 
