ALL | "Suwo Nada" | total 909
     ['dli.ministry.07639'] | None | upples
mn
        
 
 
§ )  JAPAN—INLAND Bea. {{{Suwo Nada}}}, Northern Shore—Amendments to Charts with regard shoals and depths off the northern shore of the {{{Suwo nada}}}.
Charts affected.—No. 3153, Mardyama zaki to Ominase (H. 2352-22.)
 
mene ' JAPAN—INLAND SEA.
tee {{{Suwo Nada}}}, Northern S
     ['sim_the-womans-journal_1877-02-10_8_6'] | None | sixteenth, on the Messageries Imperial Steamship ‘{{{Suwo-Nada}}},’ and shall reach Yokohama towards the middle Suddenly there was a cry, ‘‘Par- ker has news of the {{{Suwo-Nada}}}—he is in the bowling-alley-—he will speak.”
Ina early this morning in regard to the fate of the {{{Suwo-Nada}}} has bee
     ['for-romantik-og-historie-bind-14'] | None | tilbage og vedblev fan med faſt Stemme:
{{{Suwo Nada}}}. 537
„{{{Suwo-Nada}}} forlod Marſeille med fire og tyve Mand efter var Skuret tomt og ſtille. —
Er
{{{Suwo Nada}}}. 539
{{{Suwo⸗Nada}}} ligger ved Cap Idſu, i Indlobet til Bugten Fruen paa Soelbjerg. Af ee til 5 5 e . 43598. {{{Suwo Nada}}}. Fo
     ['per_north-china-herald_the-north-china-herald-market-report_1868-03-18_2_48'] | None | 00 Denne. a: te * 4 * a . Hs 108.80 8 108.80 {{{Suwo- Nada}}} e eee » 3 144.00 * * Ra és 1 40 ie Ki 144.00  Carr, Lieut. Davidson, and Dr. Leach. Per ‘ {{{Suwo- Nada}}}” for Hongkow n Rooper. Per * Western Chiet” for GOOD SAUCE. 14\Claro Babuyan ny 14 Fusi-Yama 14/{{{Suwo Nada}}} 14 Dragon F 15 Osak
     ['dli.ministry.01541'] | None | traders navigate the great inland sea known as the {{{Suwo-nada}}}, between the three great islands of Nipon- Sikok Kiu-siu and Ni- pon. In our charts it is called the {{{Suwo-nada}}} Sea, Perfectly land-locked, possessing three routes CRUISE IN JAPANESE WATERS. 101
onter ocean. This {{{Suwo-nada}}}
     ['cu31924023219573'] | None | whales — ^the  Abb6 Sidotti— renewed  storm— the  {{{Suwo-nada}}}  Sea^-the  Pacific  gulf-stream — meteors— iirst navigate  the  great  inland  sea  known  as  the {{{Suwo-nada}}},  between  the  three  great  islands  of  Nipon- Ni- pon.  In  out  charts  it  is  called  the  {{{Suwo-nada}}}  Sea.
     ['per_north-china-herald_the-north-china-herald_1867-05-18_1_6'] | None | Holmes, 2 Children and servant, 8 Chinese. er {{{Suwo - Nada}}}, from Hongkong Messers. E. W. Rice, Hoppins and Nagasaki = Messrs. LAN E, CRAWFORD & Co. „  9){{{Suwo-Nada}}} Am str 1802 Jayne Hongkong . 17jy 2796 February Rock Simmons Hankow & Ports Russell aud Co „ 12){{{Suwo-Nada}}} Jayne Hongkong
     ['per_north-china-herald_the-north-china-herald_1867-04-27_1_4'] | None | Constables, and 5 Constables Wives. Per Str. ‘{{{Suwo-Nada}}},” for Hongkong, Mr. and Mrs, Gant, Messrs. Pembleton 24
24
24
EA & PRRRINS' Cz- |
0d e
„„
Express {{{Suwo - Nada}}} Nanzing Elizabeth Shanse Aden Confucius Plymouth Chefoo & Tientsin General Trautmann and Co 25 {{{Suwo-Nada}}} Am ayne Hon
ALL | "desires permission to go on" | total 0
ALL | "Elias Smith" Tribune Ingalls | total 1840
     ['bwb_S0-AUR-699'] | None | Morse were arrested to day and brought before {{{Elias Smith}}} Probate Judge, for an examination on the charge Michigan. j
Debt and damage 879 dollars, before {{{Elias Smith}}} Judge of Probate S. M. Blair Esqr council for contract. The case come up on attachment before {{{Elias Smith}}} Judge of P
     ['bwb_T2-FMB-584'] | None | are given. Glassites show song trend. Jeremiah {{{Ingalls}}}, his New England musical setting, his astounding Jones carried on the country-hymn propaganda. {{{Elias Smith}}} and Abner Jones were at first Baptists of the group which they called “Christians.” First {{{Elias Smith}}} compiled Hymns for
     ['whitenegrospirit0000jack'] | None | are given. Glassites show song trend. Jeremiah {{{Ingalls}}}, his New England musical setting, his astounding group which they called “Christians.” First {{{Elias Smith}}} compiled Hymns for the Use of Christians, Boston who cruelly Devour the helpless poor.
Elder {{{Elias Smith}}} delivered a lyric
     ['a-guide-to-cemeteries-in-essex-county-massachusetts'] | None | fence, well-maintained & noted for grave of Mary {{{Ingalls}}}, Countess de Vipart whose story John Greenleaf to buy a grave.
(Barbara Walsh, Lawrence Eagle {{{Tribune}}}, August 8, 1988)
LYNN
OLD BURYING GROUND
Location Genealogy Room
3. TOMB OF THE FAMILY OF THE REV. {{{ELIAS SMITH}}} 1775-1817
Lo
     ['orrinporterrockw00schi'] | None | William  Law,  published  in  the  Salt Lake  {{{Tribune}}},  July  31,  1887.  .Another  disfellowshijied William  Law,  published  in  the  Salt  Lake  {{{Tribune}}},  July  31,  1887.  He  asked: “Have  you  ever Cecil  Alter,  “In  the  Beginning,”  Salt  Lake {{{Tribune}}},  January  10,  1935.
     ['remarkablecurios0000cumm'] | None | type for publication in the {{{Tribune}}}. Later, Lincoln went to the {{{Tribune}}} offices to read and correct the rehired at the New York {{{Tribune}}} and its sister publication, the Weekly {{{Tribune}}}. At some point, he was New York {{{Tribune}}}, Boston Herald, St. Paul Globe, St. Paul Dispat
     ['deathofgunfighte0000rott_c5u3'] | None | serendipitously turned up in Carlyle in the person of {{{Elias Smith}}} Dennis. This ambitous striver was born in 1812 country by the slave-holders,” declared the Chicago {{{Tribune}}}. The New York Press dubbed Brown’s southern course needs, their problems and their aspirations. John {{{Ingalls}}},
     ['orrinporterrockw0000haro'] | None | Lake {{{Tribune}}}, October 10, 1878.
24 Thomas Singleton and Timothy Foote testimony, Salt Lake {{{Tribune}}} and Korean war. Associated with the Sali im :
Lake {{{Tribune}}} in various capacities since [iia
| 1945, Mr. Schindler’s 110
ale oe
[a7
-
a
PREFACE
Because the Salt Lake {{{Tribune}}} did 
ALL | "no other vessels of forage" | total 0
ALL | "George J. Carney" | total 426
     ['per_scotus_1891_170'] | None | Opening for defendant —~---.
Testimony of {{{George J. Carney}}} Exhibit K—Letter, Tilton to Carney, October defendant on his financial agent and. book-keeper, {{{George J. Carney}}}, payable to the order of Pitkin & Thom: as as follows. Tocus, Mr., Oct. 13, 1879. Col. {{{George J. Carney}}}, financ
     ['fourscorelowell'] | None | bank. His son {{{George J. Carney}}} took the office of Treasurer in that year.
{{{George J. Carney}}} was born on impulses. Even those who had no opportunity
{{{George J. Carney}}}
TREASURER, 1869-1906 to learn the warmer side
     ['meetingofthewaters'] | None | eagerly as it was in his time.
In 1869 his son, {{{George J. Carney}}}, succeeded him as treasurer of the Lowell G. Carney, 1st treasurer, iS2g-i86()
Left: {{{George J,
Carney}}}, 2d treasurer, iS6g-rgo6
SONS OF LOWELL
x^nd
     ['fromcontrabandto0000gert'] | None | migra¬ tion  from  farms  to  cities.
Major  {{{George  J.  Carney}}},  who  replaced  Colonel  Kinsman  late  in  November 1864  with  Major  General  {{{George  J.  Carney}}}.  Carney  held  the  office  until  the establishment during  1864,  see  his report  to  Major  {{{George  J.  Carney}}}, 
     ['semicentennialhi00carn_4'] | None | LOWELL
Institution  for  Savings.
j/  By  {{{GEORGE  J.  CARNEY}}}.
Read  Before  the  Old  Residents’  Historical THE
LOWELL
INSTITUTION  FOR  SaVINGS.
»
By  {{{GEORGE  J.  CARNEY}}}.
Read  Before  the  Old  Residents’  Historical
     ['p-9-KT'] | None | Jaquith, Warder.
Thomas G. rish, First Guard. {{{George J. Carney}}}, Second Guard. James C. Abbott, Third Guard Prelate.
Samuel T. Lancaster, Senior Warden, {{{George J. Carney}}}, Junior Warden. Jonathan P. Folsom, Treasurer
     ['p-9-KT'] | None | Warder. «| Thomas G. Gerrish, First Guard.
« {{{George J. Carney}}}, Second Guard. «© James C. Abbott, Third Guard Prelate.
«Samuel T. Lancaster, Senior Warden. « {{{George J. Carney}}}, Junior Warden.
«© Jonathan P. Folsom, Treasurer
     ['lowell-sun-1896-02-19'] | None | The following petitions were referred:
Of {{{George J. Carney}}} that Woodward ave- nue be widened and extended sewer be laid iu "Kiver- sld« .street: of {{{George J. Carney}}} that the sewer in Woodward avenue be" extended The following petitions were, referru,..
Of {{{George J. Carney}}} that AYoo
ALL | "I think I will resign" Eastville | total 2
     ['christmasguest00sout'] | None | and  careful  of  this  young  person.  {{{I   think  I will  resign}}}  in  her  favor.  She  is  an  artful to  such  a   degree  as  the  vil- lage of  {{{Eastville}}} ;   where  the  worthy  people  manifested their those  persons  in  preference  to their  own.
{{{Eastville}}}  was  now  busy  
     ['theworksofemmadorothyelizanevittesouthworth1819-1899'] | None | fond and careful of this young person. {{{I think I will resign}}} in her favor. She is an artful girl. Yesterday reputation to such a degree as the vil- lage of {{{Eastville}}}; where the worthy people manifested their understanding or those persons in preference to their own. =
{{{Eastville}}} was
ALL | "have me detached here" | total 0
ALL | Lanman Portsmouth Minnesota detached Foster | total 14377
     ['cu31924080772175'] | None | Commodore  Joseph  {{{Lanman}}},
Commanding  {{{Minnesota}}}.
[Enclosarea.]
U.  S.  Ship  {{{Minnesota}}}, Off  Beaufort, Commodore  Joseph  {{{Lanman}}},
Commanding  U.  8.  8.  {{{Minnesota}}}.
IT.  S.  S.  {{{Minnesota}}}, Off  Beaufort,  N Squadron.
{{{Portsmouth}}},  N.  H.
S.  Atlantic  Squadr
     ['officialrecordso0011unse'] | None | Commodore  Joseph  {{{Lanman}}},
Commanding  {{{Minnesota}}}.
[Enclosures.]
IT.  S.  Ship  {{{Minnesota}}},
Off  Beaufort  Commodore  Joseph  {{{Lanman}}},
Commanding  U.  8.  8.  {{{Minnesota}}}.
TJ.  S.  S.  {{{Minnesota}}},
Off  Beaufort,  N Boston,  and  the  {{{Minnesota}}}  to  {{{Portsmouth}}
     ['indian-wells-cape-fear-css-chick-official-records-of-the-union-and-confed'] | None | Commodore Joseph {{{Lanman}}},
Commanding {{{Minnesota}}}.
[Eucloaiiri'S.]
XT. S. Ship {{{Minnesota}}},
Off Beaufortj N Gunner.
Commodore Joseph {{{Lanman}}},
Commanding U. S. S. {{{Minnesota}}}.
U. S. S. {{{Minnesota}}},
Off Beaufort^ N. 0., Wabash to Boston, and the {{{Minnesota}}} to {{{Portsmout
     ['officialrecordso0002john'] | None | 
Commodore JosEPH {{{LANMAN}}}, Commanding {{{Minnesota}}}.
[Enclosures.]
U.S. SHIP {{{MINNESOTA}}}, Off Beaufort, N. C Gunner. Commodore JOSEPH {{{LANMAN}}}, Commanding U. S. S. {{{Minnesota}}}.
U. S. S. {{{MINNESOTA}}}, . Off Beaufort, N. C Commodore JOSEPH {{{LANMAN}}}, Commanding U. S. Frigate {
     ['messageofpreside00well'] | None | Joseph  {{{Lanman}}} — {{{Minnesota}}}    ]4
Additional  report  of  Commodore  Joseph  {{{Lanman}}} — {{{Minnesota}}}    17
Report of  Commodore  Joseph  {{{Lanman}}} — {{{Minnesota}}}    94
List  of  casualties — {{{Minnesota}}}   -    103
Eeport  of Joseph  {{{Lanman}}},  commanding  U.  S.  stea
     ['official-records-union-and-confederate-navies-in-war-of_1900_11'] | None | 
Commodore JOSEPH {{{LANMAN}}}, Commanding {{{Minnesota}}}.
[Enclosures.]
U.S. Sarp {{{MINNESOTA}}}, Off Beaufort, N. O Gunner. Commodore JosEPH {{{LANMAN}}},
Commanding U. 8. 8. {{{Minnesota}}}.
U.S. S. {{{MINNESOTA}}}, Off Beaufort, N. C., Commodore JOSEPH {{{LANMAN}}}, Commanding U. S. Frigate {{
     ['officialrecords15librgoog'] | None | Commodore  Joseph  {{{Lanman}}},
Commanding  {{{Minnesota}}}.
[Enclosures.]
TJ.  S.  Snir  {{{Minnesota}}}, Off  Beauforty Commodore  Joseph  {{{Lanman}}},
Commanding  U.  8.  S.  {{{Minnesota}}}.
U.  S.  S.  {{{Minnesota}}}, OffBeaufortj  N. Boston,  and  the  {{{Minnesota}}}  to  {{{Portsmouth}}},
     ['microbooklibrary0000herm'] | None | original edition, Christiania, 1838.
{{{Detached}}} from the {{{Minnesota}}} history bulletin, v. 2.
1. U.S.—Description Saunders, 1877- ed. {{{Portsmouth}}}, R. J. The early records of the town of {{{Portsmouth}}}; ed., in accordance pioneers of {{{Minnesota}}}, by Rev. Edward D. Neill, and Outline
ALL | "Eastern District temporarily" | ERROR HTTP Error 502: Bad Gateway
ALL | "devoted to the investigation" Vogdes | total 98
     ['geological-magazine_1928-02_65_2'] | None | or to {{{Vogdes}}}’ proposed revival of it in a limited sense, but in 1924 Mitchell ? adopted {{{Vogdes}}}’ views 
(1) The genus Encrinurus Emmrich, 1844.
Since {{{Vogdes}}} ® reviewed the genus Encrinurus in 1907, and gave separated off and established. An attempt was made by {{{Vogdes}}} to classi
     ['sim_geological-magazine_the-geological-magazine_1928-02_65_2'] | None | or to {{{Vogdes}}}’ proposed revival of it in a limited sense, but in 1924 Mitchell * adopted {{{Vogdes}}}’ views 
(1) The genus Encrinurus Emmrich, 1844.
Since {{{Vogdes}}} ° reviewed the genus Hnerinurus in 1907, and gave separated off and established. An attempt was made by {{{Vogdes}}} to classi
     ['colorado-springs-weekly-gazette-1881-02-19'] | None | promoted to the First Artillery, in place of General {{{Vogdes}}}, retired, will spend six m onths’ leave of absence meeting, the time before three o ’clock be {{{devoted to the investigation}}} o f a bribery case, and ihat the Be’ford com- pleted, is destined for the next salon.
Vn {{{Vogdes}}}, , 
     ['biennialreports00iowagoog'] | None | 1-3.    1796-99.
Tiffiiny's monthly; {{{devoted to the investigation}}} of the science of the mind.   v. 4. being a fifth annual report of progress. 1872.
{{{Vogdes}}}, A. W. Bibliography relating to geology, palaeon* V81
Vivian, Herbert.    Abyssinia. 916,8   V83
{{{Vogdes}}}, Anthony W.   Bibliogr
     ['warofrebellionco0006dire'] | None | wounded, and 8 missing, including 1 officer, Major {{{Vogdes}}}, who was taken prisoner early in the action; of immediately ordered the roll to be beaten, Major {{{Vogdes}}} to take two companies and proceed to the spot, sent a staff officer to commu- nicate with Major {{{Vogdes}}}, who returned ver
     ['warofrebellionco0006vari'] | None | wounded, and 8 missing, including 1 officer, Major {{{Vogdes}}}, who was taken prisoner early in the action; of immediately ordered the roll to be beaten, Major {{{Vogdes}}} to take two companies and proceed to the spot, sent a staff officer to commu- nicate with Major {{{Vogdes}}}, who returned ver
     ['warofrebellionco0006robe'] | None | wounded, and 8 missing, including 1 officer, Major {{{Vogdes}}}, who was taken prisoner early in the action; of immediately ordered the roll to be beaten, Major {{{Vogdes}}} to take two companies and proceed to the spot, sent a staff officer to commu- nicate with Major {{{Vogdes}}}, who returned ver
     ['warofrebellion0006vari'] | None | wounded, and 8 missing, including 1 officer, Major {{{Vogdes}}}, who was taken prisoner early in the action; of immediately ordered the roll to be beaten, Major {{{Vogdes}}} to take two companies and proceed to the spot, sent a staff officer to commu- nicate with Major {{{Vogdes}}}, who returned ver
ALL | "investigation can progress quietly" | total 0
officialrecordso0012unse | Lanman | total 0
# requests 12
