"None have arrived at this place" intitle:Grant | total 12
    DVLPEPsH1_oC The Papers of Ulysses S. Grant 1985 PARTIAL | ... <b>place</b> as may seem advisable . I will also keep transports enough for a short time to carry a division from one point to the other if it become necessary . I <b>have</b> ... <b>None have arrived at this place</b> or Newburn . &quot; ALS ( telegram sent&nbsp;...
    1D8fAQAAMAAJ The Papers of Ulysses S. Grant: February 21-April  1967 NO_PAGES | ... <b>have</b> heard <b>nothing</b> yet of the troops you <b>have</b> ordered Genl Gilmore to send ... <b>None have arrived at this place</b> or Newburn . &quot; ALS ( telegram sent ... <b>arrived</b> bearing a despatch from Admiral Porter to the Secretary of the Navy&nbsp;...
    -ZxRAAAAQBAJ The Secret Life Of Private Grant 2011-10-20 PARTIAL | ... <b>none</b> of this happens as I <b>have</b> said with the man, who is to be Mr. Michael Strsezenski, abort the mission at once ... <b>Place</b> the message in your cane and secure the handle as before. You may address him by his name and he will&nbsp;...
    aG1LAAAAYAAJ Grant in Peace 1887 ALL_PAGES | ... <b>have</b> such dealings ; and Ward assured him that there were <b>none</b> . The ... <b>arrived</b> at his <b>place</b> of business in Wall street he found that he was ruined ... <b>have</b> known the event more than half an hour . In a few moments he <b>got</b> into a&nbsp;...
    o6AEAQAAIAAJ Donal Grant 1883 ALL_PAGES | ... <b>have</b> , and <b>had</b> seen the consequences of such marriages half as often as I ... <b>place</b> - by God ! Do you imagine I could for one moment talk of it with such ... <b>arrive</b> at the fact , were he to ponder over my assertion the rest of&nbsp;...
    mbZEAAAAYAAJ Donald Grant 1883 ALL_PAGES | ... <b>have</b> , and <b>had</b> seen the consequences of such marriages half as often as I ... <b>place</b> - by God ! Do you imagine I could for one moment talk of it with such ... <b>arrive</b> at the fact , were he to ponder over my assertion the rest of&nbsp;...
"Col Wright can commence work" intitle:Grant | total 3
    DVLPEPsH1_oC The Papers of Ulysses S. Grant 1985 PARTIAL | ... <b>can</b> land them here or at Beaufort according to cir- cumstances . I have asked for the assignment of Genl Cox and ... <b>Col Wright can commence work</b> . None have arrived at this place or Newburn . &quot; ALS ( telegram sent — transmitted&nbsp;...
    1D8fAQAAMAAJ The Papers of Ulysses S. Grant: February 21-April  1967 NO_PAGES | ... <b>will</b> also keep transports enough for a short time to carry a division from ... <b>can</b> land them here or at Beaufort according to cir- cumstances . I have ... <b>Col Wright can commence work</b> . None have arrived at this place or Newburn&nbsp;...
    XXD9cBTsRk4C The Papers of Ulysses S. Grant, Volume 8 1979 PARTIAL | ... <b>will commence</b> being crossed over in the morning . I have just brought to this place one large barge , and expect to bring others in the morning , which <b>will</b> hasten the transfer of Gen&#39;l Carr&#39;s Divi- sion - I sent <b>Col</b>. <b>Wright</b> , and Lieut&nbsp;...
"flat cars sent here at once" intitle:Grant | total 4
    DVLPEPsH1_oC The Papers of Ulysses S. Grant 1985 PARTIAL | ... <b>one</b> point to the other if it become necessary . I have heard nothing yet of the troops you have ordered Genl Gilmore to <b>send</b> me , but presume they must be along in a very few days . I can land them <b>here</b> or at Beaufort according to cir&nbsp;...
    1D8fAQAAMAAJ The Papers of Ulysses S. Grant: February 21-April  1967 NO_PAGES | ... <b>flat</b> boat attacked them in rear &amp; routed them taking 2 guns &amp; three hundred prisoners On the 21st Cox pushed to the ... <b>cars sent here at once</b> , so that Col Wright can commence work . None have arrived at this place or Newburn . &quot; ALS (&nbsp;...
    4uDIGQWEQVEC The Papers of Ulysses S. Grant, Volume 7 1967 PARTIAL | ... <b>send</b> at <b>once</b> from Grand Junction and Holly Springs <b>Cars</b> sufficient to move from this place to Jackson Two thousand or twenty five hundred men ? &quot; Copies , DLC - USG , V , 18 , 30 , 91 ; DNA , RG 393 , Dept. of the Tenn . , Letters <b>Sent</b>&nbsp;...
    XXD9cBTsRk4C The Papers of Ulysses S. Grant, Volume 8 1979 PARTIAL | ... <b>here</b> will be ordered at <b>once</b> to procure and furnish a battery and the necessary telegraph operators , for an Office ... <b>Sent</b> . On June 17 , Osterhaus wrote to Rawlins . &quot; Since my last the complexion of things on my front has not&nbsp;...
"Wright can commence work" Newbern intitle:Grant | total 0
"two engines and some flat cars" Schofield telegram received | total 2
    DVLPEPsH1_oC The Papers of Ulysses S. Grant 1985 PARTIAL | ... <b>Received</b> ; copy , ibid . , RG 107 , Telegrams <b>Received</b> in Cipher . O.R. , I , xlvii , part 2 , 559-60 . On Feb. 25 , <b>Schofield</b> telegraphed to USG . &quot; Please have <b>two engines and some flat cars</b> sent here at once , so that Col Wright can&nbsp;...
    1D8fAQAAMAAJ The Papers of Ulysses S. Grant: February 21-April  1967 NO_PAGES | ... <b>Received</b> ; copy , ibid . , RG 107 , Telegrams <b>Received</b> in Cipher . O.R. , I , xlvii , part 2 , 559-60 . On Feb. 25 , <b>Schofield</b> telegraphed to USG . &quot; Please have <b>two engines and some flat cars</b> sent here at once , so that Col Wright can&nbsp;...
"be left behind" Schofield batteries intitle:Grant | total 8
    CN7BnF128nAC The Life and Campaigns of Lieut.-Gen. U. S. Grant, 1868 ALL_PAGES | ... <b>Schofield</b> came up close on his <b>left</b> , and a heavy battle ensued during the afternoon and evening of the 15th , during which General Hooker drove the enemy from several strong hills , captured a four - gun <b>battery</b> and many prisoners&nbsp;...
    DDEOAAAAQAAJ The life and campaigns of general U.S. Grant, from 1869 ALL_PAGES | ... <b>Schofield</b> came up close on his <b>left</b> , and a heavy battle ensued during the afternoon and evening of the 15th , during which General Hooker drove the enemy from several strong hills , captured a four - gun <b>battery</b> and many prisoners&nbsp;...
    fRNQAAAAYAAJ The Life and Campaigns of General U.S. Grant 1868 ALL_PAGES | ... <b>Schofield</b> came up close on his <b>left</b> , and a heavy battle ensued during the afternoon and evening of the 15th , during which General Hooker drove the enemy from several strong hills , captured a four - gun <b>battery</b> and many prisoners&nbsp;...
    TvOUC6rv0rAC The life and campaigns of General U.S. Grant, incl 1868 ALL_PAGES | ... <b>Schofield</b> came up close on his <b>left</b> , and a heavy battle ensued during the afternoon and evening of the 15th , during which General Hooker drove the enemy from several strong hills , captured a four - gun <b>battery</b> and many prisoners&nbsp;...
    W1vFm2yvvlcC The Life and Campaigns of Lieut.-Gen. U. S. Grant, 1866 ALL_PAGES | ... <b>Schofield</b> came up close on his <b>left</b> , and a heavy battle ensued during the afternoon and evening of the 15th , during which General Hooker drove the enemy from several strong hills , captured a four - gun <b>battery</b> and many prisoners&nbsp;...
    mnRjmhe3QLoC The Papers of Ulysses S. Grant 1985 PARTIAL | ... <b>be left behind</b> . If the men are needed , they can come , and find new <b>batteries</b> &amp; horses here . &quot; ALS ( telegram ... <b>Schofield&#39;s</b> corps is to stop there any time they must suffer greatly in this weather . Here and at Alexandria we&nbsp;...
"to be fitted up here if necessary" intitle:Grant | total 50
    mnRjmhe3QLoC The Papers of Ulysses S. Grant 1985 PARTIAL | ... of Schofields Corps be left behind . I think however it may be advisable for him to bring two companies of Artillerests to each Division <b>to be fitted up here if necessary</b> . &quot; ALS ( telegram sent ) , Mitten Collection , InHi ; telegram&nbsp;...
    ij8fAQAAMAAJ The Papers of Ulysses S. Grant: November 16, 1864- 1967 NO_PAGES | ... of Schofields Corps be left behind . I think however it may be advisable for him to bring two companies of Artillerests to each Division <b>to be fitted up here if necessary</b> . &quot; ALS ( telegram sent ) , Mitten Collection , InHi ; telegram&nbsp;...
    orYKAAAAIAAJ Statistics of Land-grant Colleges and Universities 1940 ALL_PAGES | ... <b>in</b> most States . Moreover , little <b>is</b> definitely determined <b>as</b> to the desirable content <b>of</b> such training . Several ... <b>necessary here as in</b> other schools . Obviously , <b>if</b> the child <b>is</b> to be carried over a period <b>of</b> his school work&nbsp;...
    XXD9cBTsRk4C The Papers of Ulysses S. Grant, Volume 8 1979 PARTIAL | ... <b>here</b> to Carthage , for barges and tugs . I have sent to St. Louis and Chicago for barges and tugs , and ordered all empty barges <b>here to be fitted up</b> ... <b>necessary</b> , therefore , I would send this number <b>of</b> troops <b>as</b> soon <b>as</b> the necessity&nbsp;...
    JJ9ms4Wx6A0C Reauthorization of the Higher Education Act: Pell  1986 ALL_PAGES | ... <b>of</b> our students who were rejected by banks <b>in</b> Delaware could come to New York and get a loan . Mr. DYMALLY . This <b>is</b> a <b>necessary</b> question , but it needs to be re- peated . Those loans , obviously , are guaranteed by the Government , <b>is</b>&nbsp;...
    eWLbAAAAMAAJ Art and Industry: (1898) Industrial and technical  1898 ALL_PAGES | ... <b>of</b> literary education , and that industrial training deserves a place <b>in</b> our schools both <b>as</b> a <b>necessary</b> compliment to intellectual training and <b>as</b> a preparation for pursuits involving manual labor , ought to be patent to all . TENDENCY <b>OF</b>&nbsp;...
"Mitten Collection" Schofield batteries intitle:Grant | total 0
"one battery" Schofield division intitle:Grant | total 3
    OtF6UlvBzm8C The Vicksburg Campaign, and the Battles about Chat 1882 ALL_PAGES | ... <b>Battery</b> , Capt . <b>SCHOFIELD</b> ; the 16th Ohio the destruction of military organization by the loss of <b>one</b> - third of a <b>division</b> ... <b>division</b> lost in killed and wounded fifty - four officers , twenty - nine in the 1st Brigade , twenty - five in&nbsp;...
    5N2D5Fp928MC The Papers of Ulysses S. Grant [v.9] 1982 PARTIAL | ... <b>Division</b> off by Brigades if we can do no better . Price is said to be moving towards S. E. Mo. <b>Schofield</b> is moving a ... <b>one battery</b> of four guns attached to Kimballs <b>division</b> . Sands eleventh 11 Ohio This <b>Battery</b> did belong to the&nbsp;...
    lUAfAQAAMAAJ The Papers of Ulysses S. Grant: May 1-December 31, 1967 NO_PAGES | ... <b>Department</b> and if you need other companies in- form me and I will order ... <b>battery</b> is now on its way to Washn &amp; another is under orders to go there ... <b>Schofield</b> . &quot; Send to Charlotte and get the Post Office blanks which are&nbsp;...
    UnQKswEACAAJ History of Battery B 2015-07-12 NO_PAGES | About the Publisher Forgotten Books publishes hundreds of thousands of rare and classic books. Find more at www.forgottenbooks.com This book is a reproduction of an important historical work.
"let the others follow" intitle:Grant | total 2
    SO85AHid0MQC Statistics of Land-grant Colleges and Universities 1937 ALL_PAGES | ... <b>may</b> add many <b>others</b> , <b>follow</b> : The music class ( see music notes in part IX ) Music as a creator of emotions . The script constantly employs music to put the listener into tune with the mood of the play . This attack supplies&nbsp;...
    sxnCN8vy5oAC Oversight on the Community Development Block Grant 1986 ALL_PAGES | ... <b>Let</b> me do some checking . There are <b>other</b> cities in <b>other</b> regions besides region III that have delegated these ... <b>FOLLOW</b> UP ON AUDIT FINDINGS Mr. MORAN . Well , again , as I indicated earlier , the city of Phila- delphia , for one&nbsp;...
    N_1BGwAACAAJ We'll Follow Grant Once More 1868* NO_PAGES | 
"mules" "from Kentucky" Schofield intitle:Grant | total 2
    7DAAxfRuXKoC The Papers of Ulysses S. Grant None PARTIAL | ... <b>mules</b> to one hundred men He will probably start next Monday.1 U. S. Grant M Genl Telegram received ( incomplete ) , DLC - John M. <b>Schofield</b> ; copies , DLC - USG , V , 34 , 35 ; DNA , RG 393 , Military Div . of the Miss . , Letters Sent&nbsp;...
    mD4fAQAAMAAJ The Papers of Ulysses S. Grant: January 1-May 31,  1967 NO_PAGES | ... <b>Schofield</b> By Telegraph from Nashville Feby 11th 186 [ 4 ] TO MAJ GENL ... <b>mules</b> to one hundred men He will probably start next Monday.1 U. S. GRANT M ... <b>Kentucky</b> to be recruited . They will soon starve to death if kept here&nbsp;...
"the Champion" Wilmington Sherman Fayetteville scouts 1865 newspaper | total 2
    Zx5Pw3QovIsC The Republic 1885 ALL_PAGES | 
    VIi04u0fssoC Harper's Weekly 1865 ALL_PAGES | ... <b>Wilmington</b> , Schofield&#39;s Head - quarters at , 181 . <b>Sherman</b> , Major General ... <b>Champion</b> Nine of the , 741 . Telegraph Cable , the Great Eastern receiving ... <b>1865</b> , 125 . At the Sea - side , 477 . <b>Fayetteville</b> , United States&nbsp;...
"reached Fayetteville" Champion "Fortress Monroe" | total 232
    stoSAAAAYAAJ The Rebellion Record 1862 ALL_PAGES | ... <b>Fortress Monroe</b> . He should never forget the shout which went up from the battlements of the Fortress when the ... <b>Fayetteville</b> to Huntsville was made with the full expectation that at the latter place there would be a terrible&nbsp;...
    TrITAAAAYAAJ The Rebellion Record 1865 ALL_PAGES | ... <b>Fortress Monroe</b> . He should never forget the shout which went up from the battlements of the Fortress when the ... <b>Fayetteville</b> to Huntsville was made with the full expectation that at the latter place there would be a terrible&nbsp;...
    UkNtT5HChoEC The Rebellion Record 1862 ALL_PAGES | ... <b>Fortress Monroe</b> . He should never forget the shout which went up from the battlements of the Fortress when the ... <b>Fayetteville</b> to Huntsville was made with the full expectation that at the latter place there would be a terrible&nbsp;...
    W7QTAAAAYAAJ The Rebellion Record: Jany. '62-May '62 1862 ALL_PAGES | ... <b>Fortress Monroe</b> . He should never forget the shout which went up from the battlements of the Fortress when the ... <b>Fayetteville</b> to Huntsville Had the Monitor known what the Merrimac was , was made with the full expectation that at&nbsp;...
    UjTHnpMGeBcC Assembly 1965 ALL_PAGES | ... <b>champion</b> bull raiser ( I hope the proofreader reads that word correctly ) , Charlie Densford , decided to name the ... <b>Monroe</b> to await young David&#39;s high school graduation , but I&#39;ll wager she was at the reception . Helen Pryor&nbsp;...
    hZI5AQAAMAAJ The Breeder's Gazette 1920 NO_PAGES | ... <b>Champion</b> 2d . 2 , Iowa State College , Ames , Ia . , on Iowana Mercedes ... <b>Monroe</b> , Wis . , on Princess Maplecrest Pontiac De Kol . 2 , Halback on ... <b>reached</b> a market . The stock judging was hard to follow , due to the fact&nbsp;...
googleapis requests 13
