CTRL-E531	"six vessels" Oriental	total 354	shown 10
    oRQjxZm85K4C  Government Or Private Ownership of Merchant Shipping? (1927) :: ... <b>Oriental</b> Mail Line , which thereupon became the American Mail Line service between Seattle and Victoria and ... <b>six vessels</b> of the Pacific - Argentine - Brazil Line , and with this sale disposed of the last of its services from&nbsp;...
    v5xbAAAAQAAJ  Reports from Committees (1849) :: ... <b>Oriental</b> Steam Navigation Company . The duties stipulated for in the constitution or deed of settlement of the ... <b>six vessels</b> are not constantly employed ; there are about twenty- three employed ; there are always a certain number&nbsp;...
    kD_39F2huQQC  Decisions of the Federal Maritime Commission (1963) :: ... <b>six vessels</b> are basically the C2 type freighter design , modified for refrigerated cargo installations . They are of ... <b>Oriental</b> destinations . Applicant does not load commercial cargo , either dry or reefer , to the <b>Orient</b> out of&nbsp;...
    XOBUdiqR8CAC  Decisions of the U.S. Maritime Commission, Federal Maritime  (1963) :: ... <b>six vessels</b> are basically the C2 type freighter design , modified for refrigerated cargo installations . They are of ... <b>Oriental</b> destinations . Applicant does not load commercial cargo , either dry or reefer , to the <b>Orient</b> out of&nbsp;...
    CBh380f0bF4C  Diplomatic and Consular Reports (1899) :: ... <b>Oriental</b> .. 50 .. .. 125,810 Occidental and <b>Oriental</b> .. 39 106,216 Holt&#39;s Line ( Ocean Steamship Company ) 39 ... <b>six vessels</b> ( tive of which were built in England ) aggregating 34,724 tons to their fleet ; and it has now running&nbsp;...
    WDLSHSMKhlUC  Decisions (1963) :: ... <b>six vessels</b> are basically the C2 type freighter design , modified for refrigerated cargo installations . They are of ... <b>Oriental</b> destinations . Applicant does not load commercial cargo , either dry or reefer , to the <b>Orient</b> out of&nbsp;...
    em8jKUgFUi0C  Monthly Review - Immigration and Naturalization Service (1944) :: ... <b>Chinese</b> are eligible if they served on such vessels prior to July 31 , 1943 ; most of the other Allied Nations ... <b>six vessels</b> to sail on schedule . It may be of interest to know that despite many such last - minute demands , the&nbsp;...
    F5LZAAAAMAAJ  The Science of Immortality (1992) :: ... <b>Oriental</b> society . The Bible also says that woman must be calm in the church . Abraham Issac 1 Jacob 2 Dan 3 Pokhi Munwang 1 2 Suwoon 3 Jeungsan 4 Youngmo 4 55 Victress ( <b>Oriental six vessels</b> ) Victor 6 ( Occidental seven angels ) 67&nbsp;...
    P_IsAQAAMAAJ  The Timberman (1926) :: ... <b>six vessels</b> of the Tatsuuma Kisen Kaisha fleet , for which latter concern the first named company is Pacific Coast ... <b>Oriental</b> market . &quot; That there is a considerable improvement in the <b>Oriental</b> market is quite evident , &quot; said&nbsp;...
    w-NSd2UjTDIC  Marine Engineer and Motorship Builder (1909) :: ... <b>six vessels</b> , aggregating about 16,500 tons , having been sent off the stocks in Scottish yards . Two of the vessels ... <b>Oriental</b> fleet . She is of 11,500 tons register , 560 ft . long by 61 ft . beam and the largest vessel ever&nbsp;...
E518	"Elias Smith" Tribune expedition Ingalls	total 1	shown 1
    RCAN4MNFKJYC  Herald of Gospel Liberty (1910) :: <b>Elias Smith</b>. At Home The News of the Week 8 &quot; POSTHASTE COMES THE MESSENGER &quot; -M . E. <b>Ingalls</b> ... <b>expedition</b> in Africa -is slowly making his way down the Nile to Egypt . He ... <b>Tribune</b> has taken a poll of the editors of Republican and&nbsp;...
E518	"Elias Smith" correspondent Grant permit pass	total 43	shown 10
    awjdcDhNyg4C  The United States Army and Navy Journal and Gazette of the R (1899) :: ... <b>Elias</b> H. Porter , U. S. A. , is a recent ar- rival at Fort Hancock , N. J. ... <b>permit</b> Mrs. Muir to remain at Fort Leav- enworth , which will be agreeable ... <b>Pass</b> , Texas . General Geo . H. Weeks , U. S. A. , retired , is a&nbsp;...
    -ukMAQAAMAAJ  The National Corporation Reporter (1948-07) :: ... <b>grant</b> plaintiff&#39;s motion to strike such addi- tional evidence so taken . The ... <b>Smith</b> ; to manufacture , bus , sell , export and import , deal in and with ... <b>Elias</b> R. Perlman , Paul- ine K. Landau ; deal in leaseholds , real&nbsp;...
    2m5CAQAAMAAJ  Maryland Law Reporter (1872) :: ... <b>GRANTED</b> . - Letters of administra- tion on the estate of George Dietz , deceased , were <b>granted</b> to Annie E. Dietz - bond $ 8,000 . ORDER <b>PASSED</b> . - Authorizing the exccu- tor of Samuel <b>Smith</b> Buchanan , deceased , to sell at private sale&nbsp;...
    iws5AQAAMAAJ  The Solicitors' Journal & Reporter (1874) :: ... <b>permit</b> an innocent party to suffer for crimes he has not committed . If Eng ... <b>Elias</b> Ashmall . Attenborough , Mark . Baldwin , Thos . Wm . Bantoft , John ... <b>Smith</b> , Arthur Joel . Kerby , Wm . Pears , Henry Temple , B.A.&nbsp;...
    YUw8AAAAIAAJ  The Pacific Reporter (1921) :: ... <b>Elias</b> A. Wright and Sam A. Wright , both of Seattle , for respondent . Otto ... <b>SMITH</b> v . FRATES . ( No. 16434. ) ( Supreme Court of Washington . June 10 ... <b>permit</b> her to visit them , the husband could not urge such modification&nbsp;...
    6sMpAAAAYAAJ  Herald of Gospel Liberty (1921) :: 
    RTFxRh0FzmcC  The Congressional Globe (1846) :: ... <b>Smith</b> , Robert <b>Smith</b> , Starkweather , Sykes , James Thompson , Jacob Thompson , Tredway , Wentworth , Wheaton , Wick ... <b>Elias</b> B. Holmes , Hudson , Washington Hunt , Joseph R. Ingersoll , Joseph Johnson , Andrew Johnson , Thomas&nbsp;...
    PleGPhYZH-UC  Army and Navy Gazette (1877) :: ... <b>permit</b> me to state an opinion , which , I have no doubt , is shared by my ... <b>Elias</b> have been appointed a committee of paymastership , standard ... <b>Grant</b> , 1877. No. 275. The brigadier - general commanding an- Inglis , Stokes&nbsp;...
    OzpFAQAAMAAJ  The Journal of the Armed Forces (1885) :: ... <b>Elias</b> Chandler , 16th Inf . , and 1st Lieut . J. E. Myers , 3d Art . , J.-A. ( S. O. 87 , July 24 , D. Tex . ) At Fort Clark , Tex . , Aug. 12. Detail : Lieut . - Col . J. R. <b>Smith</b> ... <b>pass</b> through a portion of the Mexican State of Chihuahua&nbsp;...
    svwHEQAAQBAJ  The Palestinians (1987-10-01) :: ... <b>Elias</b> Chacour , Blood Brothers , Eastbourne 1985 , pp 36-53 . In southern Palestine there were cases , too , of ... <b>Smith</b> , op . cit . , p95 . This section relies heavily on the following two sources : Ian Lustick , Arabs in the&nbsp;...
E518	Tribune correspondent "next boat" expedition Fort Monroe January 1865	total 2	shown 2
    lmhFAQAAMAAJ  The Journal of the Armed Forces (1881) :: ... <b>Fort</b> Russell says : Major Towar , Paymaster , returned here on the 25th ... <b>next</b> term , which opens <b>Jan</b>. 3. &quot; THE statue to Stonewall Jackson for New ... <b>expedition</b> , and had intended resting for the night at Deloach&#39;s house&nbsp;...
    yPI-AQAAMAAJ  The United States Army and Navy Journal and Gazette of the R (1896) :: ... <b>Fort</b> Logan . Lieut . A. C. Merrillat , 8th Cav . , lately on leave visit- ing at Wooster , O. , is expected soon to rejoin at <b>Fort</b> Meade , S. D. The engagement of Miss Mizner , daughter of Gen. H. R. Mizner , to Mr. Edwin S. Andrews&nbsp;...
E526	Emerick Abbott forage vessels "Fort Monroe"	total 0	shown 0
E526	"nor sailed" troops forage Ingalls	total 67	shown 10
    Wh4_AQAAMAAJ  The United States Army and Navy Journal and Gazette of the R (1864) :: ... <b>forage</b> , &amp; c . , are suspended , to avoid great confusion and delay with what is already ordered to be done . Of ... <b>INGALLS</b> , A. D. C. and Chief Quartermaster , <b>Army</b> of the Potomac . On the 12th I received the following&nbsp;...
    CG1FAQAAMAAJ  The Journal of the Armed Forces (1863) :: (1863-1864). L000 <b>or</b> Gred : ASSISTANT QUARTERMASTER&#39;S OFFICE , <b>ARMY</b> OF THE POTOМАС , Harrison&#39;s Landing , August 11 ... <b>forage</b> , &amp; c . , are suspended , to avoid great confusion and delay with what is already ordered to be done . Of&nbsp;...
    hg7UfLDHBoIC  The American Civil War and the Origins of Modern Warfare (1992-09-22) :: ... <b>army</b> of 120,000 men , <b>or</b> a standard of about 55 wagons per 1,000 men . <b>Foraging</b> in the thinly populated countryside of Civil War campaign areas stretched logistical resources to the limits . The amount of <b>forage</b> available in a given&nbsp;...
    iJcvAAAAYAAJ  Letter of the Secretary of War, Transmitting Report on the O (1864) :: ... <b>forage</b> , &amp; c . , are suspended to avoid great have gone , and that no unnecessary delay confusion and delay with ... <b>INGALLS</b> , &quot; A. D. C. and Chief Qr . M. <b>Army</b> Potomac . &quot; On the 12th I received the following : &quot; WASHINGTON&nbsp;...
    Vb1ZAAAAYAAJ  The War of the Rebellion (1884) :: ... <b>forage</b> , &amp; c . , are sus- pended , to avoid great confusion and delay with what is already ordered to be done . Of ... <b>INGALLS</b> , Aide - de - Camp and Chief Quartermaster , <b>Army</b> of the Potomac . On the 12th I received the following&nbsp;...
    yCQta4Z78DwC  The War of the Rebellion: v. 1-53 [serial no. 1-111] Formal  (1884) :: ... <b>forage</b> , &amp; c . , are sus- pended , to avoid great confusion and delay with what is already ordered to be done . Of ... <b>INGALLS</b> , Aide - de - Camp and Chief Quartermaster , <b>Army</b> of the Potomac . On the 12th I received the following&nbsp;...
    AbsrENdL-FcC  Report of Major-General B. McClellan (1864) :: ... <b>not</b> a single moment must be lost in getting addi- &quot; Harrison&#39;s Landing Va . Aug. , 11 , 1862 . &quot; COLCNEL : In reply to the communication | tional <b>troops</b> in front of Washington . from Gen. Marcy , which was referred to me by you , I have&nbsp;...
    cJRovKU5AcIC  House documents (1895) :: ... <b>troops</b> . When I left here early in January I understood that the stock at Fort Monroe and at Washing- ton and Alexandria was large and sufficient for all anticipated wants . I trust that the present difficulty will <b>not</b> continue long&nbsp;...
    CJ8FAAAAQAAJ  Miscellaneous Documents (1883) :: ... <b>forage</b> , &amp; c . , are sus- pended , to avoid great confusion and delay with what is already ordered to be done . Of ... <b>INGALLS</b> , Aide - de - Camp and Chief Quartermaster , <b>Army</b> of the Potomac . On the 12th I received the following&nbsp;...
    0LIBAAAAMAAJ  Autobiography and Personal Reminiscences of Major-General Be (1892) :: ... <b>forage</b> and means of sustenance , and asking that the matter might be ... <b>Ingalls</b> , Grant&#39;s quartermaster - general , who lived with him at City Point ... <b>sailed</b> and might <b>not</b> succeed , - but that the other generals , when he was&nbsp;...
E526	"William L. James" forage Abbott	total 339	shown 10
    3gFFAQAAMAAJ  Journal of the House of Representatives of the United States (1848) :: ... <b>Abbott</b> Washington Barrow Thomas H. Bayly Henry Bedinger Ausburn Birdsall John Blanchard Thomas S. Bocock Linn Boyd Samuel A Bridges Richard Brodhead Chester Butler -John G. Chapman Thomas <b>L</b>. Clingman Williamson R. W. Cobb <b>William</b> M&nbsp;...
    U5d6_I8-zKsC  Consolidated Index of Claims Reported by the Commissioners o (1892) :: 
    _JQQbzsIliAC  Index of Patents Issued from the United States Patent and Tr (1985) :: ... <b>L</b> .; and Fleisch , Theo H. , 4,555,395 , Cl . 423-644.000 . Fleischer , Dietrich : See- Busch , Wolfram ; Brandrup , Johannes ; and Fleischer , Dietrich , 4,562,224 , Cl . 524-519.000 . Fleischer , Gene S .: See- Ritzau , <b>William</b> P&nbsp;...
    E4w-AQAAMAAJ  The City Record (1919) :: ... <b>forage</b> , hose , oils and other 119699 supplies and for alterations and ... <b>L</b>. CRAIG , Comptroller . Finance Invoice Dates or Received in Depart ... <b>James</b> J. Foy 10-17-19 Thomas J. Van Wagner . 10-17-19 John J. Eisile Department&nbsp;...
    yUsUAAAAYAAJ  Consolidated Index of Claims Reported by the Commissioners o (1892) :: 
    zlRYAAAAYAAJ  The City Record (1906) :: ... <b>William</b> McKenna ... Horseshoeing A. C. Rowe ... Extinguishers <b>James</b> Quinlan ... <b>L</b>. Stokes .. On Leather account of Contract No. Consolidated Rubber 13088 ... <b>forage</b> .... II pany .. Pole snaps , etc. Window Fire Ap- <b>William</b>&nbsp;...
    zhE6AQAAMAAJ  Proceedings of the Parliament of South Australia (1882) :: ... <b>William</b> Strawbridge a .. 1st April , 1877 By the Governor , with advice of ... <b>Abbott</b> a .. 1st Jan. , 1878 Ditto 130 0 0 .. George Augustus Berry a 1st ... <b>James</b> Sanders be 16th Jan. , 1871 By the Governor , with 425 00 12th Jan&nbsp;...
    O4JhwOoAiCIC  Index of Patents Issued from the United States Patent Office (1951) :: ... <b>L</b>. , and Hansen . Hansen , Alfred , Brooklyn , N. Y. 2,527,813 , Oct. 31 . Sugar dispenser . Hansen , Arthur E ... <b>William</b> W. , Woodyard , and Ginzton . Hansen , Bruno , assignor of eighty - five per cent to D. O&#39;Donnell and&nbsp;...
    u307AQAAMAAJ  Kelly's Post Office London Directory (1891) :: ... <b>Abbot</b> - Anderson <b>William</b> Maurice , M.B. , B.S. , M.R.C.S.E. physician &amp; surgeon , 10 Old Cavendish street , Cavendish square W <b>Abbot</b> Benjamin , oil &amp; color man , 59 Prebend street , Islington N Abbotsbury Railway Co. ( John Hancock&nbsp;...
    fFY9AQAAMAAJ  Official Register of the United States (1892) :: ... <b>Abbott</b> do South Carolina do .do 420.00 do Italy do ..do 420.00 do Kentucky ... <b>William</b> Smith do New Jersey .do do 360.00 Missouri .... Montana . Fort ... <b>James</b> Hunt . Albert Brown ... Edwin A Morris . John Mason Thomas Broadwater&nbsp;...
E527	"Frank J. White" Eastville resign Butler relieved	total 1	shown 1
    Kx-2SpJJ14IC  The Churchman (1897) :: ... <b>Butler</b> , <b>James</b> Mc- Connell and G. R. Westfeldt as Standing Committee ; <b>John</b> B. Elliott , Jr. , M.D. , trusteee of the University of the South ; the Rev. A. B. Bowden and H. D. For syth as members of the missionary council . The Board of&nbsp;...
E527	Carney "Negro affairs" Norfolk Butler relieved resign	total 4	shown 4
    naw0AQAAMAAJ  Armed Forces Journal International (1864) :: ... <b>relieved</b> from duty as General Superintendent of <b>Negro Affairs</b> in the Department of Virginia and North Carolina , and ordered to turn over all records and instructions be- longing to that office to Major George J. <b>Carney</b> ... <b>Butler</b> by Col&nbsp;...
    3x4_AQAAMAAJ  The United States Army and Navy Journal and Gazette of the R (1865) :: ... <b>relieved</b> from duty as General Superintendent of <b>Negro Affairs</b> in the Department of Virginia and North Carolina , and ordered to turn over all records and instructions be- longing to that office to Major George J. <b>Carney</b> ... <b>Butler</b> by Col&nbsp;...
    vmxFAQAAMAAJ  Army, Navy, Air Force Journal & Register (1864) :: ... <b>Norfolk</b> . West Florida . ordered to the North Atlantic Blockading squadron , with a draft of marines , for that squadron . The following order was issued by Major - General <b>Butler</b> ... <b>relieved</b> from the command of the Dis- go near Mr. STANTON&nbsp;...
    O5ehulR0c1cC  The American Army and Navy Journal, and Gazette of the Regul (1922) :: ... <b>Carney</b> to U.S.S. Delphy ; H. M. Dickerson to U.S.S. Prometheus ; J. H. ... <b>Butler</b> to U.S.S. Rappahannock ; C. Farmer to U.S.S. Bushnell ; H. F. MacHugh ... <b>relieved</b> all active duty ; Ens . H. C. Mechtoldt to U.S.S. Argonne&nbsp;...
E527	"I think I will resign" Butler 1865	total 339	shown 10
    ij8fAQAAMAAJ v13 The Papers of Ulysses S. Grant: November 16, 1864-February 2 (1967) :: ... <b>to</b> USG . &quot; <b>I think</b> Col Schriver , now with Genl Meade , the very best man in the army for the purpose indicated . He is polite &amp; at the same time thorough . If he <b>will</b> not answer I <b>would</b> suggest Acting Inspr Genl , Genl Ketchum , if the&nbsp;...
    wU0uAAAAIAAJ  The Congressional Globe (1872) :: ... <b>1865</b> , by the fall of Richmond and the surrender of the confederate armies . The enormous appro- priation of ... <b>I think</b> he said , <b>to</b> $ 100,000,000 a year , <b>to</b> keep men loyal . Admit that , also , for the sake of argument . For&nbsp;...
    4JGUK4nMV8EC  Congressional Record (1882) :: ... <b>to</b> our sympathy and consideration . If it is proposed <b>to</b> make a general law of that kind , very well ; we <b>shall</b> consider whether we <b>can</b> do it . When this retired list was first formed , <b>I think</b> the law provided that the total number of&nbsp;...
    rqKiN-MsmkoC  Congressional Record (1882) :: ... <b>1865</b> , <b>to</b> January 1 , 1878 , a pension at the rate of $ 7.50 per month . It was then increased <b>to</b> $ 15 , and ... <b>I think</b> the law provided that the total number of the retired list <b>should</b> not exceed 7 per cent . of all the&nbsp;...
    39EqAAAAYAAJ  The Military History of the Virginia Military Institute from (1915) :: ... <b>to</b> turn over the command of the army &quot; <b>to</b> one better able <b>to</b> lead it ... <b>Butler</b> , of the Federal Army . * &quot; It has come out , however , that General ... <b>I think</b> I was the only officer at the table below the rank of colonel . And&nbsp;...
    KtNAAQAAMAAJ  Private and official correspondence of Gen. Benjamin F. Butl (1917) :: Benjamin Franklin <b>Butler</b>. when I write , I desire <b>to</b> write all <b>I think</b> ... <b>1865</b> DEAR GENERAL : I desired <b>to</b> see you very much <b>to</b> - day at your office , <b>to</b> speak <b>to</b> you about my tendering my <b>resignation</b> ... <b>to</b> be making something b
    0GEEAQAAIAAJ  Samuel Butler, Author of Erewhon (1835-1902) (1919) :: ... <b>shall</b> call Luck or Cunning as the most important means of Organic Modification ? The short title <b>will</b> be Luck or Cunning ? which <b>I think will</b> do very well . <b>Butler to</b> his Father . 5 Feb. 1886 - I send a few lines <b>to</b> say that I am trying&nbsp;...
    XoIFAAAAYAAJ  Supplement to The Congressional Globe (1868) :: ... <b>1865</b> . Name of officer . Robert <b>Butler</b> ... William Pelham . P. F. Landry . F. R. Conway ... John S. Zieber . John ... <b>think</b> it is . Mr. Manager <b>BUTLER</b> . So do we . There cannot be any dispute on that question . Mr. CURTIS . Now we&nbsp;...
    vnNJAQAAMAAJ  August 1864-March 1868 (1917) :: Benjamin Franklin <b>Butler</b>. when I write , I desire <b>to</b> write all <b>I think</b> ... <b>1865</b> DEAR GENERAL : I desired <b>to</b> see you very much <b>to</b> - day at your office , <b>to</b> speak <b>to</b> you about my tendering my <b>resignation</b> ... <b>to</b> be making something b
    YYc4AQAAMAAJ  Samuel Butler, Author of Erewhon (1935-1902) (1920) :: ... <b>shall</b> call Luck or Cunning as the most important means of Organic Modification ? The short title <b>will</b> be Luck or Cunning ? which <b>I think will</b> do very well . <b>Butler to</b> his Father . 5 Feb. 1886-1 send a few lines <b>to</b> say that I am trying&nbsp;...
E546	Lanman Minnesota "Portsmouth" detached Foster senator	total 0	shown 0
E546	Lanman "executive officer" Parker Minnesota Portsmouth 1865	total 2	shown 2
    naw0AQAAMAAJ  Armed Forces Journal International (1864) :: ... <b>Minnesota</b> are as follows : - Commodore Commanding , Joseph <b>Lanman</b> ; Lieutenant - Commander and <b>Executive Officer</b> , James <b>Parker</b> ; Lieutenants , M. S. Stuyvesant and Edwin F. Stoodward ; Paymaster , Charles C. Upham ; Assistant Surgeon&nbsp;...
    7KNMAAAAYAAJ  The United States Army and Navy Journal and Gazette of the R (1865) :: ... <b>Parker</b> , Oct. 4 , James H. Kerens , Oct. 2 . J. G. Moore , Sept. 25 , Henry Muller , Sept. 25 , Robert H. Smith ... <b>Executive Officer</b> and Act- ing Master , A. Taylor ; Assistant Surgeon , J. S. Ramsey ; Acting As- sistant Paymaster&nbsp;...
E546	"Lafayette S. Foster" Lanman	total 160	shown 10
    xbD96Ynf56EC  Memorial Sketch of Lafayette S. Foster, United States Senato (1881) :: 
    8-g-AAAAYAAJ  Haphazard Personalities (1886) :: 
    tDXJDwAAQBAJ  Foster genealogy (1899-01-01) :: ... <b>Lanman</b> was b . March 29 , 1808 , dau . of Hon . James <b>Lanman</b> of Norwich , Conn . , and his wife Marion ( Chandler ) ... <b>Lafayette S. Foster</b> , of Norwich , Conn . Suff . Co. , Mass . , Prob . Lib . , 343 , Fol . 532 .. He d . Sept. 19&nbsp;...
    yzEsAQAAMAAJ  Reports of Cases Argued and Determined in the Supreme Court  (1893) :: ... <b>Lanman</b> , judge of the Supreme Court of Con- necticut , and her daughter , Joanna <b>Lanman</b> , who married <b>Lafayette S. Foster</b> , judge of the Supreme Court of Connecticut , distinguished as a lawyer , senator , and acting vice - president of&nbsp;...
    M2wFAAAAQAAJ  THE NEW ENGLAND HISTORICAL AND GENEALOGICAL REGISTER VOLUME  (1879) :: ... <b>LANMAN</b> , who married her granddaughter Marian Chandler , was Judge of the Supreme Court , Connecticut . 22. <b>LAFAYETTE S. FOSTER</b> , who married her great - granddaughter Joanna <b>Lanman</b> , was Judge of the Supreme Court , Connecticut ; also&nbsp;...
    jtYSJeIFBFAC  The New England Historical and Genealogical Register (1879) :: ... <b>LANMAN</b> , who married her granddaughter Marian Chandler , was Judge of the Supreme Court , Connecticut . 22. <b>LAFAYETTE S. FOSTER</b> , who married her great - granddaughter Joanna <b>Lanman</b> , was Judge of the Supreme Court , Connecticut ; also&nbsp;...
    JZVQAAAAYAAJ  Family Histories and Genealogies (1892) :: ... <b>Lanman</b> , Judge of the Supreme Court of Connecticut . Their daughter married <b>Lafayette S. Foster</b> , U. S. Senator , acting Vice - President of the United States , Judge of the Supreme Court of Connecticut . Gen. Samuel Holden Parsons&nbsp;...
    1s02AQAAMAAJ  The Magazine of American History (1884) :: ... <b>Lanman</b> , who married her granddaughter Marian Chandler , was Judge of the Supreme Court , Connecticut . 22. <b>Lafayette S. Foster</b> , who married her great - granddaughter Joanna <b>Lanman</b> , was Judge of the Supreme Court , Connecticut ; also&nbsp;...
    H5ZAAAAAYAAJ  The Leading Business Men of Norwich and Vicinity, Embracing  (1890) :: ... <b>Lanman</b> , 1838 ; Wm . C. Gilman , 1839 ; John Breed , 1840 ; Wm . P. Greene , 1842 ; Gurdon Chapman , 1843 ; John Breed , 1845 ; Charles W. Rockwell , 1846 ; John Dunham , 1847 ; Wm . A. Buckingham , 1849 ; <b>Lafayette S. Foster</b> , 1851&nbsp;...
    4AmcRHn30YMC  Senate Manual (1892) :: ... <b>Lanman</b> .... XVII . 1821-23 do do ... XVIII . do do .do do ... Feb. 8 , 1825 Calvin Willey Mar. 4 , 1819 Mar. 3 ... <b>Lafayette S. Foster</b> Mar. 4 , 1855 Mar. 3 , 1861 By Legislature , to succeed F. Gillette . XXXV . 1857-59 ..do ..do&nbsp;...
E553	Gordon Vogdes commission "Eastern District" Ord	total 8	shown 8
    36JDAQAAMAAJ  Legal Intelligencer (1861) :: ... <b>East</b> . <b>District</b> of Pennsylvania , appointing CHARLES J. BIDDLE , ESQ . , <b>Commissioner</b> in all cases of captures or prizes which may be brought into this District for adjudication . This responsible and honorable office could not have&nbsp;...
    SCUNAAAAYAAJ  The American Annual Cyclopædia and Register of Important Eve (1866) :: ... <b>district</b> of Nebraska . Commanding 2d <b>division</b> 19th army corps . Commanding <b>district</b> of Beaufort . Fort Vancouver , W ... <b>Gordon</b> .. Stephen G. Burbridge . Washington L. Elliott .. Albion P. Howe .... Benjamin S. Roberts . Fitz Henry&nbsp;...
    NVUhl6_gkJUC  Congressional Record (1901) :: ... <b>commission</b> , appointed November 5 , 1864 , to examine into the cause and authority of his pro his prolonged absence ... <b>Gordon</b> was president , convened at Fort Monroe , Va . , in De- act . The PRESIDENT pro tempore . Is there&nbsp;...
    kXZnp12_IEIC  The United States Army and Navy Journal and Gazette of the R (1913) :: ... <b>District</b> of Columbia , sailed from Colon Feb. 28 for Washington . Miss Rose ... <b>Gordon</b> , U.S.A. , and Mrs. <b>Gordon</b> , Rear Admiral Oscar F. Stanton , U.S.N. ... <b>Vogdes</b> , Mrs. A. W. <b>Vogdes</b> , Miss Marion <b>Vogdes</b> . Major John D. Black&nbsp;...
    _aVDAQAAMAAJ  The Legal Intelligencer... (1869) :: ... <b>District</b> Court and Court of Common Pleas for the City and County of Phila . apr 9-4t * HENRY C. TITUS , a Student at ... <b>Gordon</b> v Allen ; 4 Bare v Bouvier ; 6 id Entwistle ; 6 <b>Vogdes</b> v Patton 7 Yerkes v Simons ; Wollaston . Guillou&nbsp;...
    jFZuRw8IQGcC  Who's who in Government (1930) :: ... ( <b>Gordon</b> ) Holcombe ; ed . Tulane U. , LL.B .; m . Ray Jones , June 5 , 1907 ... <b>Eastern</b> State Peni- tentiary ; b . May 15 , 1889 , Milo , Ia .; 8. Guy C ... <b>Vogdes</b> , June 7 , 1918 . Commnd . Second Lieut . , C.A. 1905 , First&nbsp;...
    b0s-AQAAMAAJ  Army-Navy-Air Force Register and Defense Times (1919) :: ... <b>Gordon</b> . infantry ; John J. Sheehan , transportation corps : Lloyd R. Han ... <b>district</b> office , for duty . Retired Officers . Col. George S. Young ... <b>Vogdes</b> , Pomona College , Claremont , Cal .; Capt . Henry F. McFeeley&nbsp;...
    6uYNcf6C9-QC  Army and Navy Register (1919) :: ... <b>Gordon</b> . infantry ; John J. Sheehan , transportation corps : Lloyd R. Han ... <b>district</b> office , for duty . Retired Officers . Col. George S. Young ... <b>Vogdes</b> , Pomona College , Claremont , Cal .; Capt . Henry F. McFeeley&nbsp;...
E553	Gordon "purposes of the commission" Vogdes	total 23	shown 10
    1LY9AAAAYAAJ  The War of the Rebellion: v. 1-53 [serial no. 1-111] Formal  (1895) :: ... <b>Vogdes</b> in the field or in garrison his fitness for command , and I am sure you will change your mind . He would ... <b>Gordon</b> on the <b>commission</b> ; General <b>Gordon</b> to relieve General Shepley ; and the latter to report for duty , when the&nbsp;...
    cJRovKU5AcIC  House documents (1895) :: ... <b>Vogdes</b> in the field or in garrison his fitness for command , and I am sure you will change your mind . He would ... <b>Gordon</b> on the <b>commission</b> ; General <b>Gordon</b> to relieve General Shepley ; and the latter to report for duty , when the&nbsp;...
    3yqivQAU5p0C  The War of the Rebellion (1895) :: ... <b>Vogdes</b> in the field or in garrison his fitness for command , and I am sure you will change your mind . He would ... <b>Gordon</b> on the <b>commission</b> ; General <b>Gordon</b> to relieve General Shepley ; and the latter to report for duty , when the&nbsp;...
    hDrcE0_iM-8C  The War of the rebellion: a compilation of the official reco (1895) :: 
    ij8fAQAAMAAJ v13 The Papers of Ulysses S. Grant: November 16, 1864-February 2 (1967) :: ... <b>Vogdes</b> , in the field or in garrison , his fit- ness for command ; and I am sure you will change your mind : He ... <b>Gordon</b> on the <b>Commission</b> . Gen <b>Gordon</b> to relieve Gen Shepley and the latter to report for duty when the Court of&nbsp;...
    NVUhl6_gkJUC  Congressional Record (1901) :: ... <b>commission</b> , appointed November 5 , 1864 , to examine into the cause and authority of his pro his prolonged absence ... <b>Gordon</b> was president , convened at Fort Monroe , Va . , in De- act . The PRESIDENT pro tempore . Is there&nbsp;...
    yv9BAQAAMAAJ  Legislative Journal (1915) :: ... <b>purposes</b> set forth in the bill . I think it is unwise to pass a bill of this ... <b>Vogdes</b> , Ostrander , Wagner , Hoffman . Palmer , Walsh , Hollern , Perry ... <b>Gordon</b> Meade in the city of Washington and mak- ing an appropriation&nbsp;...
    JztYAAAAYAAJ  The American Stationer (1890) :: ... <b>commission</b> . Letters of regret from the Postmaster General , Mr. Wanamaker ... <b>aims</b> the clergy ... <b>Gordon</b> Gray , F. W. Curtis , Jas . W. Mills , Thos . S. Arm- strong , Louis Crispin , H. C. Bainbridge , T. George Magee , R. H. <b>Vogdes</b>&nbsp;...
    8gVCAQAAMAAJ  The Legislative Journal (1917) :: ... <b>commission</b> to submit a revised penal code of Pennsylvania and making an ... <b>VOGDES</b> , from the <b>Committee</b> on Appropriations , re- ported as committed ... <b>Gordon</b> Meade in the city of Washington and making an appropriation therefor&nbsp;...
    x2hFAQAAMAAJ  Army, Navy, Air Force Journal & Register (1891) :: ... <b>purposes</b> only , and no add the other by the bacbelors in honor of tbe youog ... <b>Gordon</b> and Major Wilcox Hall , Jr. , assistant astronomer at the Naval ... <b>commission</b> that investigated Gen. Buell . The following transfers are&nbsp;...
E553	Gordon investigation Norfolk Vogdes Shepley February 1865 Ord	total 0	shown 0
E554	"progress quietly" investigation Gordon Ord	total 149	shown 10
    pihHAQAAMAAJ  A Dictionary of the English Language (1882) :: 
    gdX56FUkJOsC  Congressional Record (1961) :: ... <b>ord</b> in Space Exploration EXTENSION OF REMARKS OF HON . <b>GORDON</b> L. McDONOUGH OF CALIFORNIA IN THE HOUSE OF ... <b>progress</b> made by the Soviet Union , but to find the men with the unusual talents to build a co- ordinating and cooperating&nbsp;...
    9J9S_4PBrvcC  “A” Dictionary of the English Language (1876) :: 
    Xk32BwAAQBAJ  1968 Annual Supplement (2013-12-01) :: ... <b>GORDON</b> L.A .. &quot; PORTRAIT OF A BENGAL REVOLUTIONARY &quot; INDIA UK STRATA NAT / G LEAD COERCE CRIME WAR PERS / REL <b>ORD</b> ... <b>PROGRESS</b> . &quot; WOR + 45 LEAD PROB / SOLV NUC / PWR EFFICIENCY BIO / SOC PAGE 1032 LEAD UNIVERSAL REFERENCE SYSTEM.
    hMsxAQAAMAAJ  The Independent (1879) :: ... <b>Progress</b> , and Present Position &quot; was his last undertaking , which was ... <b>Gordon</b> is doing some excellent missionary work in Soudan with gun and sword ... <b>ord</b> . at Quincy , Ill . CUTTING , SEWALL S. , resigns as secretary of Am&nbsp;...
    FlPDOeqXFfcC  Congressional Record (1972) :: 
    IMKrrNFzeywC  British Medical Journal (1880) :: ... <b>PROGRESS</b> in IRELAND . By SAMUEL <b>GORDON</b> , M.D. , Ex - President of the King ... <b>Quiet</b> for Hospitals . Small- pox . Whooping - Cough and Scarlet Fever in ... <b>ORD</b> , M.D. , F.R.C.P. , F.L.S. , etc. London : EDWARD STANFORD , 55&nbsp;...
    KDdVAAAAYAAJ  Army, Navy, Air Force Journal & Register (1948) :: ... <b>Ord</b> Dept - Res , to SFPE Capt , P. W. Hayo , Inf - Res , to Pers Cen , Cp Stoneman , Calif . 1st Lt. C. E. Koger ... <b>Gordon</b> M. Sgt . C. C. Callahan M. Sgt . R. C. Fite M. Sgt . R. L. Palmer M. Sgt . F. C. West M. Sgt . L&nbsp;...
    E1RX7Ffj-N0C  Army, Navy, Air Force Journal (1954) :: ... <b>progress</b> , devel- opment , efficiency and safety of flying , Mr. Link has ... <b>Gordon</b> H. Scott , USAF , of Moody AFB , Ga . , whose ground school has ... <b>Ord</b>- nance . Changing Station ? Notify the Army Navy Air Force Journal&nbsp;...
    ChwVaW0dtLUC  The academy (1894) :: ... <b>ORD&#39;S</b> ATONEMENT . UNCLE MAX . WEE WIFIE . WOOED AND MARRIED . MARY ST . JOHN ... <b>GORDON</b> . Crown Svo , cloth extra , 5s . Literary World . &quot; The author may be ... <b>Progress</b> . &quot; With 2 Maps , S Plans , 28 Full- page and 12 Text Cuts&nbsp;...
E554	Ord Gordon "take the command" Vogdes investigation	total 9	shown 9
    NVUhl6_gkJUC  Congressional Record (1901) :: ... <b>investigation</b> of his conduct would have led to more lenient treatment , since from our previous knowledge of this ... <b>Ord</b> a lengthy Statement of George K. Bowen , late lieutenant - colonel , commanding One hunThe SPEAKER . The&nbsp;...
    KtNAAQAAMAAJ  Private and official correspondence of Gen. Benjamin F. Butl (1917) :: ... <b>Vogdes</b> has his reward by being placed in <b>command</b> of the Posts and all the ... <b>Gordon</b> has considered it his duty to ask persons , at their houses and on ... <b>Ord</b> that his removal at the time of these <b>investigations</b> implicated him&nbsp;...
    031x1aGbLUYC  Army and Navy Register (1934) :: ... <b>take</b> effect upon the completion of his present tour of foreign service , and will join that station in ac- cordance with orders to be issued by the <b>command</b>- ing general Philippine Department . Gen. Embick is detailed as a member of the&nbsp;...
    r1ZFAQAAMAAJ  The Journal of the Armed Forces (1882) :: ... <b>Vogdes</b> , seven days ( S. 0. 178 , Oct. 5 , D. E. ) 1ST INFANTRY , Colonel William R. Shafter . Major Edward Collins , having reported for duty in the Dept. of Arizona , is assigned to the <b>command</b> ... <b>take</b> effect about Nov. 15 , 1882 ( S. O. ,&nbsp;...
    vnNJAQAAMAAJ  August 1864-March 1868 (1917) :: ... <b>Vogdes</b> has his reward by being placed in <b>command</b> of the Posts and all the ... <b>Gordon</b> has considered it his duty to ask persons , at their houses and on ... <b>Ord</b> that his removal at the time of these <b>investigations</b> implicated him&nbsp;...
    zNjRfkXajpsC  Army-Navy-Air Force Register and Defense Times (1934) :: ... <b>take</b> effect upon the completion of his present tour of foreign service , and will join that station in ac- cordance with orders to be issued by the <b>command</b>- ing general Philippine Department . Gen. Embick is detailed as a member of the&nbsp;...
    8pFCU0ktn6gC  The United States Army and Navy Journal and Gazette of the R (1907) :: ... <b>command</b> is well advanced . The 13th Cavalry has completed its course and the 9th Cavalry Squadron is now on the range . The 2d Cav alry Squadron will <b>take</b> ... <b>Ord</b> . Sergeant Kubitza , who has been ill in the post hospital for the past&nbsp;...
    fxsRzGxzcowC  Who's who in America (2003) :: ... <b>Vogdes</b> Alger , Apr. 27 , 1957. AB with honors in Chemistry , Columbia U ... <b>Command</b> , 1970-77 ; cons . to industry ; mem . N.J. Motor Vehicle Insp . Sta ... <b>GORDON</b> , lawyer ; b . Springfield , Mass . , Sept. 28 , 1930 ; s&nbsp;...
    Lg1HAQAAIAAJ  Congressional Serial Set (1901) :: ... <b>investigation</b> of his conduct may be ad.” Under date of May 2, 1865, Mr. Bowen addressed General <b>Ord</b> a lengthy ... <b>Gordon</b> and §: by General <b>Vogdes</b> as one calling for the immediate and summary action which it received. I had my doubts as to the&nbsp;...
E554	Ord Gordon Shepley Vogdes commission Norfolk February 8 1865	total 0	shown 0
# requests 19
