volumes searched: 187 (argv: warofrebellion461unit warofrebellion463unit officialrecordso0011unse)
E513 5857/1 | orders payment to company | none
E513 5857/1 | second expedition | privateofficialc05butl[2],warofrebellion014602rootrich[1],warofrebellion361unit[2],warofrebellion402unit[1],warofrebellion461unit[2]
E513 5857/1 | not mustered for December | none
E513 5857/1 | opposed to law and general orders | none
E513 5857/1 | except on muster rolls | none
E513 5857/1 | Amos Binney | warofrebellion372unit[1]
E515 5858/1 | Ariel Victor Illinois | none
E515 5858/1 | Ariel, Victor, Illinois | none
E515 5858/1 | were sent to report to you | none
E515 5858/1 | by order of the Quartermaster | warofrebellion0207rootrich[1],warofrebellion371unit[1],warofrebellion384unit[1],warofrebellion431unit[1]
E515 5858/1 | William L. James | warofrebellion014602rootrich[2]
E515 5858/1 | Sedgwick and Baltic | none
E529 5871/0 | Ericsson writes | none
E529 5871/0 | approbation for | 10622705bsb[2],archivesoucorre03groe[1],archivesoucorres03unse[1],archivesoucorres05groe[1],archivesoucorres05unse[1],charlesiin1646le00chariala[1],manuscriptsofmar00grea[2],memoirsofhoratio00coxe[1],warofrebellion371unit[1],warofrebellion44unit[1],warofrebellion461unit[1]
E529 5871/0 | Puritan | 10021035bsb[1],10622705bsb[8],archivesoucorre01housgoog[1],archivesoucorre02housgoog[7],archivesoucorre03groe[2],archivesoucorre04unkngoog[1],archivesoucorre07housgoog[1],archivesoucorres02groe[7],archivesoucorres02unse[8],archivesoucorres03unse[2],bim_eighteenth-century_a-collection-of-the-stat_thurloe-john_1742_1[1],bim_eighteenth-century_memoirs-of-the-life-and-_coxe-william_1798_1[1],bub_gb_5GumwYtaHX8C[2],bub_gb_EQ4MAAAAYAAJ[34],bub_gb_IP8DUd8XLsEC[1],bub_gb_lGF3eVwI5y4C[1],bub_gb_rM--6yqWqc4C[7],calendarofclaren01bodluoft[8],calendarofstatep0021will[3],charlesiin1646le00chariala[2],cu31924024797890[1],diplomaticcorres01montiala[2],diplomaticcorres02mont[9],dukeportlandwelb01greauoft[4],frankreichseinfl01suge[1],lettersofqueenhe00henr[5],manuscriptsofmar00grea[1],relationspolitiq06nethuoft[2],reportofsecre00unit[2],szzadok50trgoog[1],thenicholaspaper01camduoft[1]
E529 5871/0 | shaft being put in | none
E529 5871/0 | Shall I get ours out | none
E529 5871/0 | blockade runner Julia | none
E529 5871/0 | leave Beaufort Wednesday | none
E529 5871/0 | buoys to be lighted | none
E529 5871/0 | weather here favorable | none
E549 5896/2 | called on Colonel Stager | none
E549 5896/2 | cipher operator | historyofuniteds00bake[1],histsecretservice00bakerich[2],lincolnintelegra00bates[67],warofrebellion013403rootrich[1],warofrebellion322unit[1],warofrebellion323unit[2],warofrebellion371unit[1],warofrebellion372unit[3],warofrebellion384unit[1],warofrebellion385unit[5],warofrebellion392unit[1],warofrebellion393unit[1],warofrebellion414unit[1],warofrebellion422unit[1],warofrebellion423unit[2],warofrebellion431unit_0[2],warofrebellion431unit[2],warofrebellion432unit[1],warofrebellion44unit[1],warofrebellion452unit[6],warofrebellion463unit[2]
E549 5896/2 | construction corps and some operators | none
E549 5896/2 | refers the matter to you | officialrecordso0021unse[1],warofrebellion371unit[1]
E549 5896/2 | party selected | none
E549 5896/2 | Mack and party | none
E549 5896/2 | together with the material | none
E551 5898/1 | exclusive of the Rhode Island | none
E551 5898/1 | two vessels exclusive | none
E551 5898/1 | patrol from Cape Henry | none
E551 5898/1 | Cape Henry to Cape Fear | none
E551 5898/1 | whilst troops are moving | none
E551 5898/1 | at the yard or in the Roads | none
E552 5899/0 | Dumbarton | archivesoucorres05groe[4],archivesoucorres05unse[6],bim_eighteenth-century_memoirs-of-the-life-and-_coxe-william_1798_1[2],calendarofstatep0021will[2],correspondanced03coopgoog[6],diplomaticcorres01montiala[2],diplomaticcorres02mont[4],dukeportlandwelb01greauoft[4],lettresdecatheri04cathuoft[1],manuscriptsofmar00grea[3],officialrecordso0010unse[16],relationspoliti07teulgoog[5],relationspolitiq05nethuoft[2],warofrebellion014602rootrich[3],officialrecordso0011unse[12]
E552 5899/0 | promised to Commodore Bell | none
E552 5899/0 | up the James River | lincolnintelegra00bates[1],officialrecordso0009unse[20],privateofficialc04butl[4],privateofficialc05butl[1],reminiscencesofw00sewauoft[2],warofrebellion014602rootrich[2],warofrebellion33unit[9],warofrebellion361unit[3],warofrebellion362unit[7],warofrebellion363unit[6],warofrebellion423unit[2],williamhsewardau03sewa[2],warofrebellion461unit[2],officialrecordso0011unse[4]
E552 5899/0 | Cambridge will be available | none
E552 5899/0 | but one vessel | officialrecordso0009unse[1],officialrecordso0021unse[4],warofrebellion432unit[1],officialrecordso0011unse[1]
E552 5899/0 | available on Tuesday next | none
KWIC Dumbarton officialrecordso0011unse 27196 :: . Clematis . ■ ■ Clinton . Cohasset . Colorado . Commodore Barney CommodoreHull. - - Commodore Morris . Commodore Perry . Crusader . Dacotali . Dawn . Daylight . Delaware . Dictator . Dumbarton . Emma . Eolus . Eutaw . Fourth ... 880 Side-wheel steamer . 1 9.84. Fourth ... 200 Schooner . Fourth . . . 65 Screw steamer . T7. _J.1_ IRfl Third . 820 Fourth . . . 199 Mortar schooner . Third .
KWIC Dumbarton officialrecordso0011unse 50806 :: we received valuable assistance in putting out the fire from the divisional officer. Captain B. F. Sands, who in person visited the vessel and gave directions. The Yicltsburg, Aries , and Dumbarton , whose commanding officers attended in person, also aided ; with their aid the flames were subdued. The amount of damage done can not at present be estimated, but it is not supposed to be very great. A prize of
KWIC Dumbarton officialrecordso0011unse 52507 :: out of the port of Wilmington at this entrance, by the steamers Eolus and Calypso , at about 9 o’clock last night. At the same time another vessel made her escape, being chased by the Dumbarton , S. by E. down the reef, which the prisoners inform me was the rebel steamer Cliickamauga (late Edith). The rockets first seen were directed westerly, in which direc¬ tion we, in the Fort Jackson , first chased,
KWIC Dumbarton officialrecordso0011unse 152900 :: erokee . I Calypso . Cambridge . Commodore Barney. - - - Commodore Morris - Commodore Perry . j Cactus . Crusader . - . Chippewa . Clinton . Charles Phelps . -■ Cohasset . - . Clematis . Dumbarton . - Delaware . Dawn . Daylight . Dictator . Dacotah . Eolus . Emma . Eutaw . Port Jackson . Port Donelson . Florida . Fahkee . Grand Gulf . Gettysburg . Governor Buckingham General Putnam . Granite . Glance .
KWIC Dumbarton officialrecordso0011unse 207646 :: quantity of cotton adrift; had picked up 16 hales when, at 3:30 p. m., I discov¬ ered a blockade runner, hull down, to the southward and westward. Immediately gave chase, overhauled the Dumbarton in chase, gained on her very fast, going 13 knots, and at dark had gotten within about 4 miles of her; soon after dark lost sight of her, but followed on the course until 11 p. in. She was quite a large stea
KWIC Dumbarton officialrecordso0011unse 465778 :: s . Cherokee . Calypso . Cambridge . Commodore Barney. . . . Colorado . Cactus . . Commodore Morris Crusader . Commodore Perry . Cuyler, K. R . . . Chippewa . Cohasset . Clinton . . . . Dumbarton . Delaware . Dawn . Daylight . Dictator . Dacotah . Emma . . . Eolus . Eutaw . Fort Jackson . Florida . Fort Donelson . . . Fahkee . Grand Gulf . Gettysburg . . Governor Buckingham General Putnam . Granite .
KWIC Berrien officialrecordso0011unse 159702 :: G. W. Young . Lieutenant-Commander C. A. Babcock . Acting Volunteer Lieutenant G.W. Graves Commander E. T. Nichols . Acting Master H. H. Haynie . Acting Master W. Wright . Captain J. M. Berrien . Commander W. A. Parker . Acting Ensign M. L>. Ames . Lieutenant-Commander M. Haxtun . Acting Volunteer Lieutenant T. C. Dunn . Lieutenant-Commander L. H. Newman . . . Commander J. C. Howell . Acting Master E. Kem
KWIC Berrien officialrecordso0011unse 244074 :: very respectfully, your obedient servant, Pend. G. Watmougii, Lieutenant- Commander , Senior Officer Present. Rear-Admiral D. D. Porter, Commanding North Atlantic Squadron. Report of Captain Berrien , TJ. S. Navy, commanding TJ. S. S. Monadnock, regarding the cruise of that vessel from Hampton Roads to New York and return. U. S. S. Monadnock, Hampton Roads, November 15, 1864. Sir: Referring to your letter of
KWIC Berrien officialrecordso0011unse 248020 :: know of the Monadnock , I believe under favorable circumstances she will go 8 and 9 knots per hour, but not any more. I have the honor to be, sir, your most obedient servant, J. M. Berrien, Captain . Admiral D. D. Porter, Commanding North Atlantic Squadron , Hampton Roads [Endorsement.] From all accounts this is the best monitor afloat, and can safely and expeditiously go anywhere, and in any weather
KWIC Berrien officialrecordso0011unse 377465 :: us down. Let them till up with coal before they come down. Say to Captain Truxtun he can not leave. Respectfully, your obedient servant, David D. Porter, Hear -Admiral. Captain John M. Berrien, Commanding Naval Station , Norfolk. Order of Rear-Admiral Porter , U. S. Navy , to Acting Master * Mate Vanderbilt , U. S. Navy. Hampton Roads, November 30, 1864. Sir: You will proceed to Beaufort, 1ST. C., witho
KWIC Berrien officialrecordso0011unse 612051 :: or sea, she will proceed and report to Rear-Admiral Dahlgren for duty in the South Atlantic Squadron. Very respectfully, your obedient servant^ ^ poRTEEi Rear- A dmiral. Captain John M. Berrien, Commanding Navy Yard, Norfolk. 184 NORTH ATLANTIC BLOCKADING SQUADRON. Order of Bear- Admiral Porter, U. S. Navy, to Commodore Schenck, U. 8. Navy, regarding the JJ. B. B. Tacony. Hampton Roads, December 10, 1864.
KWIC Berrien officialrecordso0011unse 628612 :: ls at the yard, which belong at Beaufort, are finished, that you will send them down to report. Very respectfully, your obedient servant, David D. Porter, Bear- Admiral. Captain John M. Berrien, Commanding Navy Yard, Norfolk. Order of Bear-Admiral Porter, TJ. 8. Navy, to Acting Ensign Allen, TJ. 8. Navy, commanding TJ. 8. 8. I. N. Seymour. Hampton Roads, December 13, 1864. Sir: You will proceed to York
KWIC Ericsson officialrecordso0011unse 688227 :: circumscribed limits and then giving vent to it, as in the air gun, or by rapidly heating it within similar limits, and by sudden expansion act upon a solid in immediate contact, as the Ericsson gun. To put the air in motion and hope to batter and destroy any solid or substantial structure by any motion we can impart to the surrounding atmosphere is contrary to our belief. The hurricane or tornado, com¬
KWIC Cambridge officialrecordso0011unse 611489 :: ear-Admiral David D. Porter, Commanding North Atlantic Squadron, Hampton Roads, Va. Order of Rear-Admiral Porter, JJ. S. Navy, to the commandant navy yard, Norfolk, regarding the U. S. S. Cambridge. Off Norfolk, December 10, 1864. Sir: Just before the Cambridge is ready for sea, you will please apply to the Department to fill her up with her complement of officers, as I have been obliged to take most all
KWIC Victor warofrebellion461unit 5307415 :: ire, George R. Report of scout from Fairfax Court-House to Brents- ville, Va., Feb. 6-7, 1865 . 457 Maguire, Jonathan. Mentioned . 919,928 Mahan, Joseph L. Mentioned . 1000, 1001 Mahlstedt, Victor. Mentioned . 1035 Mahnken, John H. Mentioned . 499 Mahone, William. Mentioned . 84, 146, 149, 381, 383, 385-387, 389, 390, 392, 608, 610, 663, 696, 720, 723, 786, 1125, 1129, 1170, 1172, 1265, 1273, 1278, 1297 Maillefert,
KWIC Victor warofrebellion463unit 3253678 :: Thomas A. Scott, 500 men; Wilmington, 475 men; William Kennedy, 450 men; Prometheus, 300 Chap. LVIII.] 1207 CORRESPONDENCE, ETC. - UNION. men; Cassandra, GOO men; Nightingale, GOO men; Victor, 800 men; the steamer Illinois, 1,200 men (now at Fortress Monroe). The steam¬ ers I). R. Martin and Louisburg will take troops to Fort Monroe to place on board the latter-named vessel. On yonr command being embarked
KWIC Victor officialrecordso0011unse 1368428 :: . Eng. [J. L.] Lay. Actg. Vol. Lt. W. B. Sheldon Lt. Comdr. J. L. Davis . Comdr. D. Lynch . 10 10 4 12 14 6 Tristram Shandy . 16 3 6 6 5 44 5 4 14 4 5 2 5 2 Victoria . Western World . W illiam Badger (hulk) . Young America . 3 Lt. Comdr. DeHaven . 3 Comdr. J. M. Frailey . 4 : Actg. Vol. Lt. E. F. Devens. 3 1 Lt. Comdr. W. T. Truxtun . 2 Capt. C. Steedman . 4 I Lt. C
KWIC Victor officialrecordso0011unse 2469052 :: ic Blockading Squadron, February 1, 1865 — Continued. Name. Shamrock . . . Shokokon . . Spuyten Duyvil pedo boat). Saffron . Sassacus . Shawmut . Tacony . TTnadiila . Unit . Vicksburg . Victoria . Valley City . Western World. . Wilderness . Wyalusing . Whitehead . Wyandotte . William Badger . Young America. . Yantic . . Zouave . Guns. Class. Commanding officer. Present duty or station. (tor- 11
