"Butler favors crossing at Yorktown" | total 4
     r9J8mEEQ-_0C | The War of the Rebellion 1891 | ... <b>Butler favors crossing at Yorktown</b> and the north route . J. М. Palmer and party , with Homan and Collins , arrived at Jamestown last night ; had to land them there , as they came down on regular dispatch - boa
     QC2ZSnJ3dlwC | The War of the rebellion: a compilation of the official records of the 1891 | 
     JiNRAQAAIAAJ | The War of the Rebellion: Formal reports, both Union and Confederate,  1971 | ... <b>Butler favors crossing at Yorktown</b> and the north route . J. M. Palmer and party , with Homan and Collins , arrived at Jamestown last night ; had to land them there , as they came down on regular dispatch - boa
     dRRKcjRlkrwC | House documents 1892 | ... <b>Butler favors crossing at Yorktown</b> and the north route . J. М. Palmer and party , with Homan and Collins , arrived at Jamestown last night ; had to land them there , as they came down on regular dispatch - boa
"boat probably delayed" | total 356
     ochjAwAAQBAJ | The Sword and the Claymore 2011-02-19 | ... <b>boats probably delayed</b> D-Day from 1943 to 1944, so lengthening the war. If, instead of spending money on fancy weaponry such as the V2 rocket, the Germans had put more resources into the simple U-boat, they co
     NNl9AwAAQBAJ | History of the British Isles 1714-2010 2011-11 | ... <b>boats probably delayed</b> D-Day from 1943 to 1944, so lengthening the war. If, instead of spending money on fancy weaponry such as the V2 rocket, the Germans had put more resources into the simple U-boat, they co
     gaZXAAAAYAAJ | Hearings Before the Harbor and Land Commissioners 1892 | ... <b>delayed</b> ; and when you take into consideration the expense that it must be to every indi- vidual who owns a team to be obliged to have that team and his man wait for a <b>boat perhaps</b> fifteen minutes , it 
     M5a2AAAAIAAJ | Department of Defense appropriations for 1982 1981 | ... <b>delayed</b> longer periods of time because of necessary ripout and rework required to correct the problems . The Navy considers both of there problems serious and indicative of fundamental weaknesses in Electric <
     7A0ZTWB62xQC | Department of Defense Appropriations 1982 | ... <b>delayed</b> longer periods of time because of necessary ripout and rework required to correct the problems . The Navy considers both of there problems serious and indicative of fundamental weaknesses in Electric <
     GnuTAgAAQBAJ | Anti-Submarine Warfare in World War I 2006-05-02 | ... <b>boat</b> tactics , Coastal Command reduced Biscay patrols and reinforced the west coast of England and Scotland to hunt ... <b>probably</b> &#39; <b>delayed</b> the operational use &#39; of the new and more danger
     z-OQnwYPQ1MC | The Third New Hampshire and All about it 1893 | ... <b>boat</b> racing on the 18th , the boys having got warmed up on the sub- ject ... <b>boats</b> all left the harbor on the 25th , and we were again led to believe we ... <b>probably delayed</b> prepa- rations for at
     9eVmAAAAMAAJ | The Strategic Air Offensive Against Germany 1961 | ... <b>probably delayed</b> its beginning to some extent . But it is impossible to determine with any exactness the ... <b>boat</b> construction yards on the North Sea and the Baltic . The Eighth Air Force began its offe
     riYfAQAAMAAJ | Daily Fruit and Vegetable Report 1955 | ... <b>BOAT</b> ONLY ) AS REPORTED FOR THURS . MARCH 31 , 1955. ) APPLES ( 96 ) NY 1 Ore 3 Va 4 , Wash 88 ASPARAGUS ( 10 fr 18 ... <b>probably</b> damaged in many areas . but extent cannot be determined for several month
     2xpCAQAAMAAJ | China's Millions 1899 | ... <b>boat</b> , with other passengers , to go some hundred li or so , towards Hoh ... <b>late</b> army . THE PEOPLE WERE EVIDENTLY VERY EXCITED , and the Militia ... <b>probably</b> lose our lives . I said , &#39; pull
"dread necessity for use of cables" | total 274
     E7tvxcn7s_YC | The Monthly Religious Magazine and Theological Review 1861 | ... <b>dread necessity</b> of war ; and who , bearing the badge of secession , turn yet a lingering look of fond farewell to ... <b>cable</b> , would be , not only to ruin the proud aristocracy of the State , but to cons
     MV8aAAAAMAAJ | Contemporary American Protestant Thought, 1900-1970 1973 | ... <b>dread must</b> stand against this . One <b>must</b> be free to move with creativity ... <b>necessity</b> of making creativity sovereign in any life which would experience ... <b>cable</b> . At the end of the <b>ca
     iRETAQAAMAAJ | Cuadernos de la Cátedra Miguel de Unamuno 1967 | dual life is <b>dread</b> . A precise and correct linguistic <b>usage</b> associates therefore <b>dread</b> ... <b>must</b> stand in a relation of possibility to me &quot; . COD , 82 . U. &quot; La ... <b>cable</b> , giv
     qsdBAAAAIAAJ | Notes on the Physical Geography and Meteorology of the South Atlantic 1862 | ... <b>cables</b> &#39; lengths from the shore and abreast Amsterdam Battery ; or , still further in , in 2 fathoms . * There are ... <b>dread</b> with which this anchorage is viewed at the present time . &quot; - Mexica
     5SIRAAAAIAAJ | The Monthly Religious Magazine 1861 | ... <b>dread necessity</b> of war ; and who , bearing the badge of secession , turn yet a lingering look of fond farewell to ... <b>cable</b> , would be , not only to ruin the proud aristocracy of the State , but to cons
     5eIkAAAAYAAJ | Seeking a Faith for a New Age ; Essays on the Interdependence of Relig 1975 | 
     sf8MoUYq2ZkC | Journal of a Route Across India, Through Egypt, to England 1819 | ... <b>use</b> a sailor&#39;s expression , &quot; we gave each other a wide birth . &quot; The anchorage of Alexandria is particularly rocky , and the <b>cables</b> ... <b>dread</b> , <b>must</b> be of the stoutest textu
     lA4NAAAAYAAJ | Journal of a Route Across India, Through Egypt, to England, in the Lat 1819 | ... <b>use</b> a sailor&#39;s expression , &quot; we gave each other a wide birth . &quot; The anchorage of Alexandria is particularly rocky , and the <b>cables</b> ... <b>dread</b> , <b>must</b> be of the stoutest textu
     _8BBAAAAIAAJ | The Seaman's Guide to the Navigation of the Indian Ocean and China Sea 1867 | ... <b>cables</b> &#39; lengths from the shore and abreast Amsterdam Battery ; or , still further in , in 2 fathoms . * There are ... <b>dread</b> with which this anchorage is viewed at the present time . &quot; - Mexica
     a7ZJAAAAYAAJ | Journal of the Society of Arts 1900 | ... <b>cables</b> , the improvement of these and of the instruments used in working ... <b>necessity</b> of providing , out of traffic receipts , a fair interest on the ... <b>dread</b> of impending competition , and in 
"forage him by the other line" | total 354
     rXgtAQAAMAAJ | Natal Law Reports 1886 | ... <b>forage</b> , on the 24th November last , to be delivered to a Mr. Maritzburg ... <b>line</b> with <b>other</b> wagons which had produce for sale ; and that the Market M ... <b>him</b> , but the plaintiff refused t
     13hDAQAAMAAJ | Natal Law Reports (New Series) 1886 | ... <b>forage</b> , on the 24th November last , to be delivered to a Mr. Maritzburg ... <b>line</b> with <b>other</b> wagons which had produce for sale ; and that the Market ... <b>him</b> , but the plaintiff refused to 
     z83VnfW2MJUC | The Cyclopædia: Text 1819 | ... <b>forage</b> , or for <b>foraging</b> . Such camps are some- times at a distance from and sometimes near to the enemy . In the ... <b>other</b> times . - A camp of obfervation is the camp of an army employed in watc
     Vq8way11rdQC | The Henry Irving Shakespeare, ed. by H. Irving and F.A. Marshall, illu 1888 | ... <b>Line</b> 59 : <b>FORAGE</b> , and run . Some commentators have doubted whether <b>Forage</b> ... <b>him</b> ere he COME SO nigh . It is worth noting that the Cambridge Edd . and ... <b>other</b> commentators adopt
     sb1ZAAAAYAAJ | The War of the Rebellion 1885 | ... <b>him</b> back . I shall leave nothing undone that I can do to bring about this end . The high water has , I am informed , swept the Kanawha River of grain and hay . There is no <b>forage</b> ... <b>line</b> will be
     pU1OAQAAMAAJ | The Works of William Shakespeare 1895 | 
     mDBOAAAAYAAJ | The Cyclopædia, Or, Universal Dictionary of Arts, Sciences, and Litera 1805 | ... <b>forage</b> , or for <b>foraging</b> . Such camps are some- times at a distance from and sometimes near to the enemy . In the ... <b>other</b> times . A camp of observation is the camp of an army employed in watchi
     DK0piS2ppmcC | Congressional Record 1882 | ... <b>him</b> had he been sions . in the direct <b>line</b> of duty . Mr. UPDEGRAFF , of Ohio . What can be said of them ? The I am ... <b>forage</b> that he pro- we will suppose the case of a soldier who is furloughed 
     P1TOAAAAMAAJ | The Works of William Shakespeare: King Richard III. King John. Merchan 1888 | ... <b>Line</b> 59 : <b>FORAGE</b> , and run . Some commentators have doubted whether <b>Forage</b> ... <b>him</b> ere he COME 80 nigh . It is worth noting that the Cambridge Edd . and ... <b>other</b> commentators adopt
     XSjPAAAAMAAJ | The Works of William Shakespeare: King Richard III. King John. Merchan 1890 | ... <b>Line</b> 59 : <b>FORAGE</b> , and run . Some commentators have doubted whether <b>Forage</b> ... <b>him</b> ere he COME so nigh . It is worth noting that the Cambridge Edd . and ... <b>other</b> commentators adopt
"Homan and Collings" Jamestown | total 8
     dlI4AQAAMAAJ | Official Gazette of the United States Patent Office 1883 | ... <b>Jamestown</b> , N. Y. Fruit - jar . 282,305 July 31 2493 685 24 455 282.187 July 31 2352 648 24 430 262,188 July 31 2454 ... <b>Homan</b> &amp; Co. ( See Vicken , George P. , assignor . ) Hopkins , Henry C. , Covi
     ZGmPAKY6cTwC | Official Gazette of the United States Patent Office 1884 | ... <b>Jamestown</b> , N. Y. Fruit - jar . 282,188 July 31 2354 649 24 430 Glover ... <b>Homan</b> &amp; Co. ( See Vicken , George P. , assignor . ) 282,320 July 31 2511690 ... <b>Collings</b> , William , assignor . ) Ke
     ibblrB0BUTYC | Editor & Publisher 1955 | ... <b>COLLINGS</b> , RAY ERWIN , Features ; ROBERT B. MCINTYRE , Advertising News ; JOSIAH B. KEENEY , Marketing and Rescarch ... <b>homan</b> . * * * GUNNAR ANDERSON com- pleted 50 years as a newsman with the <b>Jamest
     pNEPAQAAMAAJ | The Standard Periodical Directory 2003 | ... <b>Jamestown</b> , NY 14701-9608 ; Title Tel # ( 716 ) 664-9502 Publ . , Circ . Mgr ... <b>Collings</b> ; 1982 Q Subs . Indv . $ 9 2pp . Newsletter Cotton Today ( Cotton ... <b>Homan</b> , Adv . Mgr.- Gregory Hains ;
     qZQgAQAAMAAJ | Thomas Register of American Manufacturers 2003 | ... <b>Homan</b> Ave. GROVE VILLAGE R CO . , 225 N. Arlington Hts . Rd . ( ZIP 60007 ... <b>JAMESTOWN Jamestown</b> Laminating Co. , 1300 - T E. 2nd St. , P.O. Box 1336 ... <b>Collings</b> , Inc. Of Nevada , 3600 - T W. 
     wqAqAQAAIAAJ | The Working Press of the Nation 1979 | ... <b>Collings</b> NEW MEXICO * Albuquerque Tribune ( E ) -Judy Nickell Artesia Daily ... <b>Jamestown</b> Sun ( E ) -Ralph Scott Wahpeton Daily News - Barbara Bixler OHIO ... <b>Homan</b> ( Ms ) PENNSYLVANIA * Altoona 
     cypOAQAAIAAJ | Directory of Medical Specialists Certified by American Boards 1959 | ... <b>Jamestown</b> ND 705 HOGAN Edgar Poe BS HOLIHAN Jos Paul BAN West Chester Pa 884 Columbia SC 353 HOLT Rufus L BP HOOKER Donald HBS Balt Birmingham Ala 1407 Lawrence Mass 44 HOGAN Hy Wm Jr BPN HOLINGER Paul Hy BOT 
     25kwAQAAMAAJ | Science Citation Index 1994 | 
"New Regime" Edgar Butler Clark | total 11
     BrcWAAAAMAAJ | The Publishers Weekly 1932 | ... <b>Butler</b> , Lewis W. G. Wellington&#39;s Operations in the Peninsula . Comte de ... <b>New Regime</b> . Britton &amp; Rose . Cactaceae . Vol . 1 only . Brodie , T. G. ... <b>Clark</b> , Imogen . Small Helps for T
     z7VQAAAAYAAJ | The Electrical World and Engineer 1902 | ... <b>Edgar</b> and <b>Clark</b> Counties have merged their plants into one concern , to be ... <b>new regime</b> came in . Several old employees have been pensioned a new thing ... <b>Butler</b> . ELECTRIC. LIGHT. AND.
     f1tOAAAAMAAJ | The City Club Bulletin 1927 | ... <b>CLARK</b> ... NOBLE W. LEE DORMAN N. DAVIDSON , Jr. NEGRO SUPPLIES LABOR DEFICIT ... <b>Edgar</b> Bernhard , <b>Clark</b> Eichel- berger , Francis Gehr . FREE LANCERS ... <b>new regime</b> which will be marked by 
     zwsiAQAAMAAJ | Electrical World 1902-07 | ... <b>Edgar</b> and <b>Clark</b> Counties have merged their plants into one concern , to be ... <b>new regime</b> came in . Several old employees have been pensioned -- a new ... <b>Butler</b> . ELECTRIC LIGHT AND POWER
     7hg7wv66Ve0C | Horseman and the Spirit of the Times 1902 | ... <b>new regime</b> for the club . It is now believed that there will be more general ... <b>Butler</b> , the owner of East View Farm ; S. Foster Paul , <b>Edgar</b> Bronk , who ... <b>Clark</b> asked for a temporary i
     pt3DYbnZO8sC | Chronicle of the 20th Century 1995 | ... <b>Butler</b> , Μ.Α.Η. 11/56 <b>Butler</b> , Richard Austen &quot; Rab &quot; 9/32 , 2/44 , 3/44 , 1 ... <b>Edgar</b> Rice 3/50 Burroughs , John 9/16 Caballero , Largo 5/37 ... <b>New regime</b> says Pol Pot killed t
     Dtc6AQAAMAAJ | Hardwood Record 1918 | ... <b>Clark</b> , Des Moines Sawmill Company ; Ray E. Pickrel , Pickrel Walnut Company ... <b>butler</b> trays . The government is contracting for the construction of ... <b>new regime</b> of Gen. Kenley and W. D. Ryan 
     K92o5_BfnsMC | Tuff Stuff 2005 Standard Catalog of Football Cards 2004 | 
     DwYG1ztRLUMC | Who's who in America 1948 | ... <b>Clark</b> , Sept. 5 , 1916 ; children - Paul <b>Clark</b> , Eleanor Wis- wall ... <b>Butler</b> Univ . , Indianapolis , 1931 ; LL.D. , Southern Meth . U. since 1927 , dir ... <b>New Regime</b> citizen abt . 1921. 
     815hBxfN3G8C | Beckett Football Card Price Guide 2000-08 | 
"Stop your exchanges" | total 0
"heavy and continuous firing" O'Brien 1864 | total 222
     tHBOAQAAMAAJ | History of Cuyahoga County, Ohio ... 1879 | ... <b>1864</b> . John McMahon , enl . Sept. 19 , 1861 . Michael <b>O</b>&#39;<b>Brien</b> , enl . Sept ... <b>heavy</b> loss , the rebel force sent to retake it . It was not in the battle of ... <b>constant fire</b> of 
     xhVCAAAAIAAJ | Reports of the Operations of the Army of Northern Virginia 1864 | ... <b>Brien</b> to find the other regiments and bring them up . <b>On</b> emerging from the swamp , I found a handfull <b>of</b> gallant men <b>of</b> the first and third N. C. regiments ... <b>heavy fire</b> whilst mov
     TmQhAAAAMAAJ | Mother, May You Never See the Sights I Have Seen 1990 | ... <b>firing on</b> the IX Corps &#39; works . July 6 , <b>1864</b> Wednesday In the front line <b>of</b> works where we came last night about 11 <b>O</b> ... <b>Brien of</b> Company F , mortally wounded ] in 57th M [ a
     yX7Ih0EQUaQC | History of Lancaster County, Pennsylvania 1883 | ... Brien , a native of Boston , educated at St. Sulpice , France , and an orator of considerable power . On the retirement of Father <b>O</b>&#39;<b>Brien</b> , in <b>1864</b> ... <b>fire</b> from a defective flue in th
     SV1AAAAAYAAJ | The Indian War of 1864 1911 | 
     TN4cRcG72Y8C | History of Schuylkill County, Pa 1883 | ... Brien , a native of Boston , educated at St. Sulpice , France , and an orator of considerable power . On the retirement of Father <b>O</b>&#39;<b>Brien</b> , in <b>1864</b> ... <b>fire</b> from a defective flue in th
     FtgqAQAAMAAJ | Soldiers and Citizens' Album of Biographical Record [of Wisconsin] Con 1890 | ... <b>firing</b> to cease , as he feared that the magazine would be hit ; this was the ... <b>Brien</b> ) Healey , were natives <b>of</b> Con- | tinental Europe and came to America ... <b>1864</b> . His captain was Rome
     -Efd8VbwqHAC | Muskets to Missiles 1958 | ... <b>continuous firing</b> , the guns suddenly stopped , almost simultaneously . The ... <b>O</b>&#39;<b>Brien</b> , St. Anthony Falls , cited for gallantry in action on the last day ... <b>1864</b> ; Pvt . John Vale o
     F80TAAAAYAAJ | The Story of American Heroism 1895 | ... <b>heavy fire</b> directed at him from the enemy in the Bliss house , passed within ... <b>1864</b> , until the surrender of Lee , and was mustered out by expiration of ... BRIEN . HENRY D. <b>O</b>&#39;<b>BRIEN</b> 
     _SKAuTjwguoC | Scientific American 1865 | ... <b>1864</b>. Re - is- sued Sept. 27 , <b>1864</b> : We claim combining an alkali or alkalies or alkaline earths , or any of their ... <b>O</b>&#39;<b>Brien</b> , Brooklyn , N. Y. Patented July 19 , <b>1864</b> : I cl
"do not believe a word against him" Dunn | total 340
     imY2AAAAIAAJ | Reports of Scotch Appeals in the House of Lords A. D. 1851 to 1873 1895 | ... <b>word</b> &quot; heirs and assigns whomsoever , &quot; had such a fixed meaning , that he could <b>not</b> ... <b>him</b> , and all the Judges of the Second Division , in thinking , that it <b>was</b> ... <b>Dunn</
     jl_4Q4LxbRcC | The Congressional Globe 1862 | ... <b>against him</b> . The individual who desires to promote the ends of justice , afterwards institutes his suit . The plea to the second suit will be that of a former action pending ... <b>are not</b> to be met 1862 
     xef9-FKs0sQC | The Knight of Gwynne. Davenport Dunn 1882 | ... <b>word</b> of recogni- lier applicants , but approached half reluc- be treated ... <b>not</b> forced . Police repulsed ; military sent for . &quot; &quot; So much for popular ... <b>Do</b> you hear <b>them</b> ? &qu
     kKFxIeOr2lUC | The Congressional globe 1862 | ... <b>against him</b> . The individual who desires to promote the ends of justice , afterwards institutes his suit . The plea to the second suit will be that of a former action pending ... <b>are not</b> to be met 1862 
     hv9QAQAAMAAJ | The Law Reports 1889 | ... not obtain liberty to do it . But the two trade - marks are so essentially different , that even Mr. Eno <b>does not</b> say that the trade - marks are so like one another as to enable <b>him</b> to keep Mr. <b>Dunn<
     cPhQAQAAMAAJ | The Scottish Jurist 1868 | ... <b>Dunn</b> Pattison in that appeal presented to my mind much more difficulty than the one which was raised in the appeal ... <b>him no</b> right to get the dominium utile . Then what right has he to the dominium uti
     rtNMAQAAIAAJ | Law Reports Under the Superintendence and Control of the Incorporated  1889 | ... <b>does not</b> say that the trade - marks are so like one Lindley , L.J. another as to enable <b>him</b> to keep Mr. <b>Dunn</b> off the register by means of sect . 72. He is forced back on sect . 73. If I am right 
     zjUyAQAAMAAJ | Official Report of the Debates of the House of Commons 1894 | ... <b>Dunn</b> as a scoundrel . Sir , over six years ago , Mr. John R. <b>Dunn</b> appeared ... <b>him</b> , so well <b>did</b> he undergo the artillery levelled <b>against him</b> by the hon ... <b>word is</b> held in 
     oSElAQAAIAAJ | Official Report of Debates, House of Commons 1908 | ... <b>word</b> of fication . I <b>do not</b> care how honest Major evidence as to that ... <b>against him</b> , either in his per- sonal or professional capacity . I have <b>no</b> ... <b>Dunn</b> , suggested a meeting 
     kmIZAAAAYAAJ | Official Reports of the Debates of the House of Commons of the Dominio 1908 | ... <b>word</b> of fication . I <b>do not</b> care how honest Major evidence as to that ... <b>against him</b> , either in his per- sonal or professional capacity . I have <b>no</b> ... <b>Dunn</b> , suggested a meeting 
googleapis requests 9
