volumes searched: 211
E622 | stop all bound for the Potomac | none
E622 | Chesapeake City to meet | none
E622 | escort the tows | none
E622 | tows down the bay | none
E622 | Van Vliet's list | none
E622 | three ferry-boats and three tugs | none
E622 | ferry boats and three tugs | none
E622 | proceed at once to Fort Monroe and report to you | none
E622 | send a vessel into the bay | none
E622 | management of the fleet | 10622705bsb,calendarofclaren01bodluoft,officialrecords10librgoog,officialrecordso0010unse,warofrebellion013402rootrich
E622 | charters by Captain Wise | none
E622 | list of charters | none
E622 | chartered for the expedition | none
E623 | correspondent of the World | none
E623 | Shore is in Baltimore | none
E623 | W. W. Shore | none
E623 | ordered out of this department | warofrebellion352unit
E623 | I want him caught | none
E623 | a man who knows him | none
E623 | evidence against him | historyofuniteds00bake,histsecretservice00bakerich,manuscriptsofmar00grea,privateofficialc05butl,warofrebellion013401rootrich,warofrebellion323unit,warofrebellion451unit,warofrebellion461unit,warofrebellion482unit
E623 | three days ago to arrest him | none
E623 | did not get the dispatch | none
E624 | five miles from Bermuda | none
E624 | 5 miles from Bermuda | warofrebellion362unit,warofrebellion461unit
E624 | ready to move in the morning | warofrebellion372unit,warofrebellion451unit,warofrebellion471unit
E624 | Harrison's Landing to join | none
E624 | cavalry expedition crossing | none
E624 | keep you posted | lewwallaceautobi00wall,privateofficialc05butl,warofrebellion013402rootrich,warofrebellion013404rootrich,warofrebellion014703rootrich,warofrebellion0207rootrich,warofrebellion321unit,warofrebellion322unit,warofrebellion323unit,warofrebellion33unit,warofrebellion361unit,warofrebellion362unit,warofrebellion372unit,warofrebellion383unit,warofrebellion384unit,warofrebellion385unit,warofrebellion392unit,warofrebellion393unit,warofrebellion403unit,warofrebellion411unit,warofrebellion412unit,warofrebellion413unit,warofrebellion414unit,warofrebellion423unit,warofrebellion431unit_0,warofrebellion432unit,warofrebellion451unit,warofrebellion452unit,warofrebellion481unit,warofrebellion482unit,warofrebellion491unit,warofrebellion492unit
E624 | left General Butler's headquarters | none
