papersofulyssess0014gran | "send gun boats as desired" | ERROR HTTP Error 502: Bad Gateway
papersofulyssess0014gran | "out of pilots" | total 0
papersofulyssess0014gran | pilots monitors Bradley | total 1
     ['papersofulyssess0014gran'] | None | probably three, {{{Pilots}}} will be necessary for them, will you give the instructions [for] the {{{Pilots}}}” ALS (telegram telegraphed to Gibbon. “The {{{pilots}}} are ready. Direct the boats to call on Colonel {{{Bradley}}}, depot quartermaster telegraphed to Bowers. “The gun boats have gone dow
ALL | "entirely out of pilots" | ERROR HTTP Error 502: Bad Gateway
ALL | "furnish the Navy with two pilots" | ERROR HTTP Error 502: Bad Gateway
papersofulyssess0014gran | "River Queen" Stanton | total 1
     ['papersofulyssess0014gran'] | None | M. {{{Stanton}}} against giving a new command to Maj. Gen. Benjamin F. Butler.
24. USGinformed {{{Stanton}}} about Edwin M. {{{Stanton}}}
(Cipher ) City Point, Va. Feb.y 21st 1865 [11:30 a.m.] Hon. E. M. {{{Stanton}}}, Sec. oF War To Edwin M. {{{Stanton}}} (Cipher ) City Point Va. Feb.y 21st 1865 [2
ALL | "name of boat is River Queen" | total 0
ALL | "deliver anything you may receive in person" | ERROR HTTP Error 502: Bad Gateway
papersofulyssess0014gran | "office at Yorktown" | total 0
ALL | "requires an office at Yorktown" | total 0
ALL | "precedent is once established" office | total 225
     ['western-medical-journal_1898-11_10_11'] | None | THE WALKER-GREEN PHARMAGEUTIGAL C0.
INCORPORATED. {{{Office}}}, 180 West Regent Street, Glasgow, Scotland. Western City and vicinity.
Address, JOHN PUNTON, M.D.,
{{{Office}}} New Ridge Building, 915 Main Street. KANSAS CiTy that such certificates must be recorded in the {{{office}}} of the Clerk of 
     ['micro_IA40386417_1301'] | None | broadcast over radio facilities.” If the {{{precedent is once established}}} that a man’s writings, speeches, and Commission.
JUNE 1952.
wv U. S. GOVERNMENT PRINTING {{{OFFICE}}}: 1982 211339 1337

     ['sim_nassau-literary-magazine_1898-12_54_5'] | None | imag- ines?” Were they not rather performing the {{{office}}} of a reconnoitering party, which casts a search-light things it would seem most undesirable that any {{{office}}} should go by default to a single nominee.
The present for the present at least and when the {{{precedent is once established
     ['csfst_003896'] | None | the {{{office}}} of Supervisor, is not, in our opinion, a man fit for that {{{office}}}, or any other {{{office}}} within Temple, Sixteenth and Capp Streets. Secretary's {{{office}}} and head- quarters, Room 205, Labor Temple. Executive Grocery Clerks—Meet 1st Thursday, Labor Tem- ple; {{{office}}} 
     ['sim_dental-economics_1931-01_21_1'] | None | HYGIENE
Have Hospital Sterilizing Safety
In your own {{{office}}} at low cost. It is built in a hospital sterilizer We have a Postal Teletype here in the Pittsburgh {{{office}}} and our stuff comes in on a sort of ticker tape                                   
PUBLICATION {{{OFFICE}}}: 1117 Wolfenda
     ['sim_journal-of-the-louisiana-state-medical-society_1955-11_107_11'] | None | allowance of Five Cents per mile each from your {{{office}}} or home to the court house. It could happen!
It interesting ob- servation:
“If the {{{precedent is once established}}} that ex- pert witnesses must be paid case of a seventy-year-old man who limped into my {{{office}}} assisted by a cane a
     ['newark-advocate-1911-03-11'] | None | Buclnext {{{office}}} aS
WB1IBER SELECT LIST OP OHIO
DAILY NEWSPAPERS.
Advocate's Xetr Tork {{{Office}}}—1:« Xa=- Representative Edwards of Cleveland. It continues in {{{office}}} the present boards of review as city
bcards of u Meood cUn Batter Warck 2«. 1««1. at the post {{{office}}} a: Newark. Oh
     ['sim_national-underwriter_1956-02-03_60_5'] | None | from home {{{office}}} letterheads may be that in this way a stock letter-
CHICAGO EDITORIAL {{{OFFICE}}}:
head is Establishes
Home {{{Office}}} Department
Equitable Society has established a home {{{office}}} building department for operations at the home {{{office}}} and, in cooperation with the h
ALL | "wants the room for some purpose" | total 0
ALL | "I have joined the expedition" | ERROR HTTP Error 502: Bad Gateway
ALL | "owing to matters still pending" | total 2
     ['cu31924032781175'] | None | informed of the order about to issue, {{{owing to matters still pending}}}, prefers that you continue in command
     ['wardiaryevents00gordrich'] | None | of  the  order  about  to issue,  {{{owing  to  matters  still  pending}}},  prefers  that  you  continue in
# requests 14
