CTRL | "Suwo Nada" "half an hour" intitle:Grant | total 1 | GRANT HIT mnRjmhe3QLoC
     mnRjmhe3QLoC The Papers of Ulysses S. Grant 1985 | ... <b>Suwo Nada</b> &#39; nine hundred &amp; thirty ( 930 ) men will start in <b>half an hour</b> — This makes six vessels , 5109 men , all as ordered— &quot; ALS ( telegram sent ) , ibid .; telegram received , ibid . &quot; If in summing up today I said six 
E539 | Phlox torpedoes "900 pounds" Parker | total 0 | no Grant 13/14 hit
E539 | "insulating wire" torpedoes Lynch Parker 1865 | total 3 | no Grant 13/14 hit
     wdVFAQAAMAAJ Electrical Review 1890 | 
     YCfxaF6h7FwC Industrial Engineering 1889 | ... <b>wire</b> which entered the build- 17 ing just above his head . A grounded circuit 24 was formed , and the unfortunate man met death instantaneously . The <b>wires</b> were those 26 of the United States Illuminating Company . At the last meeting of&nbsp;
     CKOL_dHQN-YC Metals and Alloys 1945 | ... <b>Parker</b>- 753 : 22-3 Marine engines , light metals for , Mur- phy ( digest ) -1684 : 21-6 Marking : Hard stamps with round faces ( news ) — 1152 : 21-4 Holder for ( news ) -584 : 22-2 X - ray film ( news ) -540 : 21-2 Marriages and&nbsp;...
     hNGAEQAAQBAJ Notes on Torpedoes, Offensive and Defensive 2025-08-20 | The Antigonos publishing house specialises in the publication of reprints of historical books. We make sure that these works are made available to the public in good condition in order to preserve their cultural heritage.
     9KZYAAAAcAAJ Notes on torpedoes, offensive and defensive 1872 | 
     O81TSm0I6acC Note on Torpedoes, Offensive and Defensive 1872 | 
E528 | Ariel Sedgwick "forage vessels" Ingalls intitle:Grant | total 0 | no Grant 13/14 hit
E528 | "any reason for delay" Ariel Sedgwick | total 118 | no Grant 13/14 hit
     NCTRAAAAMAAJ Hearings Before the Subcommittee on Public Buildings and Grounds of th 1947 | ... <b>Sedgwick</b> , Kansas . <b>A</b> preliminary investigation report was then made showing the location and size , physical ... <b>any</b> installation of the same pending the completion of the planning . The watershed board is hopeful that the&nbsp;...
     mf4AAAAAYAAJ Report of the ... and ... Meetings of the British Association for the  1882 | 
     xU5gnjsjGxwC Aerial Age Weekly 1921 | ... <b>Sedgwick</b> Ave. New York City READY TO STUNT ! Before leaving with the Ruth ... <b>Reason</b>- able terms to responsible parties . Address John P. Porter , Service ... <b>any</b>- where at <b>any</b> time . Wire or write to Wright &amp; Corson , 2701&
     mS9HAQAAIAAJ Electrical Engineer 1893 | ... <b>any</b> direction , and delivers 50,000 shots in 15 minutes ! The machinery is ... <b>delay</b> takes place in bringing the case into court . Apart from this <b>a</b> ... <b>Sedgwick</b> , Prof. T. E. Thorpe , Prof. W. A. Tilden , and Prof. Unwin . The&
     BRFAAQAAMAAJ The Railway Age 1886 | ... <b>delay</b> being the extension of the time of the subscription to October , 1887 ... <b>Sedgwick</b> , Sumner and Harper and thence south into the Franklin , Douglas ... <b>Ariel</b> Lathrop , N. &#39; T. Smith , A. C. Bassett , San Francisco , and&nbsp;
     6QwLvT7AgBsC Report of the ... Meeting of the British Association for the Advanceme 1882 | ... <b>a</b> state of the greatest confusion . The year 1831 marks the period of the commencement of the joint labours of <b>Sedgwick</b> ... <b>late</b> address to the Geological Society . The thickness of the sedimentary ... <b>aerial causes</b> . Before 183
E500 | Baltic "anchor and chain" Newport intitle:Grant | total 0 | no Grant 13/14 hit
E500 | "anchor & chain" Baltic James Newport 1865 | total 2 | no Grant 13/14 hit
     A600AQAAMAAJ The Engineer 1865 | ... <b>James</b> having argued contra , the bench decided on admitting the evidence , and Mr. Adams said that the little hole ... <b>Baltic</b> and Canadian markets for the next few months would , under ordinary circumstances , affect the trade to a&nbsp;...
     n1g2AAAAIAAJ United States Code Annotated 1928 | ... <b>James</b> A. Lawrence ( N. Y. 1902 ) 117 F. 228 , 54 C. C. A. 260 , affirming ... <b>anchor chain</b> so as to avoid a collision with a moving vessel , was excusable ... <b>1865</b> ) 2 Wall . 550 , 560 , 17 L. Ed . 862 ; The Brooklyn&nbsp;...
E573 | "No news of the Montauk" | total 3 | no Grant 13/14 hit
     iFJIAAAAYAAJ Official Records of the Union and Confederate Navies in the War of the 1901 | ... <b>no news of the Montauk</b> . Hon . GIDEON WELLES , O. S. GLISSON , Captain . Secretary of Navy . [ Telegram . ] WASHINGTON , March 13 , 1865 . Send Montauk to Washington navy yard as soon as she arrives . G. WELLES , Secretary Navy&nbsp;...
     oX9AAQAAMAAJ Official Records of the Union and Confederate Navies in the War of the 1894 | ... <b>no news of the Montauk</b> . O. S. GLISSON , Captain . Hon . GIDEON WELLES , Secretary of Navy . [ Telegram . ] WASHINGTON , March 13 , 1865 . Send Montauk to Washington navy yard as soon as she arrives . G. WELLES , Secretary Navy&nbsp;...
     Q-5uZpZFqd8C Official records of the Union and Confederate navies in the war of the 1901 | ... <b>no news of the Montauk</b> . O. S. GLISSON , Captain . Hon . GIDEON WELLES , Secretary of Navy . [ Telegram . ] WASHINGTON , March 13 , 1865 . Send Montauk to Washington navy yard as soon as she arrives . G. WELLES , Secretary Navy&nbsp;...
E573 | Lehigh Charleston Montauk Kinston Glisson | total 3 | no Grant 13/14 hit
     oX9AAQAAMAAJ Official Records of the Union and Confederate Navies in the War of the 1894 | ... <b>Lehigh</b> in from <b>Charleston</b> and immediately . No news of the <b>Montauk</b> . <b>Kinston</b> , N. C. Hon . GIDEON WELLES , Secretary of Navy . ( Received 7:30 p . m . ) will go up the James River Our troops in possession of O. S. <b>GLISSON</b>
     iFJIAAAAYAAJ Official Records of the Union and Confederate Navies in the War of the 1901 | ... <b>Lehigh</b> in from <b>Charleston</b> and will go up the James River immediately . No news of the <b>Montauk</b> . Our troops in possession of <b>Kinston</b> , N. С. Hon . GIDEON WELLES , O. S. <b>GLISSON</b> , Captain and Senior Officer . Secretary of N
     Q-5uZpZFqd8C Official records of the Union and Confederate navies in the war of the 1901 | ... <b>Lehigh</b> in from <b>Charleston</b> and will go up the James River immediately . No news of the <b>Montauk</b> . Our troops in possession of <b>Kinston</b> , N. C. Hon . GIDEON WELLES , Secretary of Navy . O. S. <b>GLISSON</b> , Captain and Senior Offi
E557 | "submarine torpedoes" Lynch Wise 1865 "James River" | total 5 | no Grant 13/14 hit
     NoNMAAAAMAAJ Readers' Guide to Periodical Literature 1916 | ... <b>Submarine</b> boats ; <b>Torpedoes Torpedo</b> screen for ships under way . J : B ... <b>Wise</b> . Cent 91 : 333-41 Ja &#39;16 Seed of the righteous . Good H 61 : 268-79 ... <b>Lynch</b> . Outlook 113 : 208-9 My 24 &#39;16 Tooker , Helen Violette Reali
     gGVDAQAAMAAJ The Athenaeum 1864 | ... <b>Torpedoes</b> , 410. Report on Resistance of Bodies under Water - Report on Patent Laws Barlow on Vis Inertise of Railway Trains , 439. Selwyn on <b>Submarine</b> ... <b>James&#39;s</b> - Faust and Marguerite , 89. How will They get out of It ? 251&nbsp
     vcY2AQAAMAAJ The Athenæum 1864 | ... <b>James&#39;s</b> - Faust and Marguerite , 89. How will They get out of It ? 251. Woodcock&#39;s Little Game , 537 . Sibylla , 606 ... <b>River</b> Purus - Bates on Delta of the Amazons , 470 . Wallace on Civilization in Northern Celebes , 502&nbsp;...
     kKMBtjDET6gC Athenaeum and Literary Chronicle 1864 | ... <b>James&#39;s</b> - Faust and Marguerite , 89. How will They get out of It ? 251. Woodcock&#39;s Little Game , 537 . Sibylla , 606 ... <b>River</b> Purus - Bates on Delta of the Amazons , 470 . Wallace on Civilization in Northern Celebes , 502&nbsp;...
     R00tAQAAMAAJ The Seamen's Journal 1918 | ... <b>James</b> Rader , A. Rengdal , Ole Ries , Robert E. Rinker , P. Rinta , Karl ... <b>1865</b> Chas . Jacobs , <b>Jim</b> Jager , F. Jakobsen , M. <b>James</b> , Samuel Janson ... <b>submarine</b> base for heating Gilbreath , C. purposes . Word was receiv
E557 | Lynch "Inspector of Ordnance" torpedoes "James River" February 1865 | total 8 | no Grant 13/14 hit
     naw0AQAAMAAJ Armed Forces Journal International 1864 | ... <b>James</b> J. Barry ; Acting Second Assistant Engineers , <b>James</b> W. Mellor , and Henry B. Goodwin Acting Third Assistant ... <b>Lynch</b> , and Acting Third Assistant Engineers J. Ryan and W. H. Barclay , were captureed on the 21st ult . , by&nbsp;
     7OB63ZYnOToC Dictionary of American Naval Fighting Ships: Historical sketches 1963 | ... <b>February</b> 1862 , &quot; I forward herewith a very remarkable letter [ 19 January ) from Mr. M. F. Maury , late of our Navy , to Flag Officer <b>Lynch</b> ... <b>river</b> navigation only , I think that we can manufacture a pretty good set of officers
     2z2O39bZT1sC Dictionary of American Naval Fighting Ships 1991 | ... <b>1865</b> . ... .. • ... Hampton Class : Known as &quot; Maury Gunboats , &quot; 100 of which were planned - brain children of Comdr . Matthew Fontaine Maury , CSN , the father of hydrography . These ... <b>Inspector</b> General of Naval <b>Ordnance</b>.
     ahIzAAAAMAAJ Dictionary of American Naval Fighting Ships 1964 | ... <b>1865</b> . ... .. ... Hampton Class : Known as &quot; Maury Gunboats , &quot; 100 of which were planned brain children of Comdr . Matthew Fontaine Maury , CSN , the father of hydrography . These ... <b>Inspector</b> General of Naval <b>Ordnance</b>. 533
     vmxFAQAAMAAJ Army, Navy, Air Force Journal & Register 1864 | ... <b>James</b> H. Strong : sick leave . MARCH 28.- Acting Volunteer Lieutenant John D ... <b>1865</b> . MINNESOTA , screw , 52 , now at the Portsmouth Navy Yard , was found ... <b>February</b> 23 , <b>1865</b> , Naval Hospital , vannah for instruction . New&
     I1PcxRJnMfAC The United States Army and Navy Journal and Gazette of the Regular and 1904 | ... <b>James</b> Goudy , U.S. Vols .; 2d vice - president , Lieut . W. H. French , U.S. ... <b>Ordnance</b> , was appointed an acting midshipman at the Naval Academy Sept. 20 , 1861 , and was graduated in <b>1865</b> ... <b>February</b> 29 of little Prince Hen
E517 | Baltic countermanded Newport "Quartermaster General" intitle:Grant | total 0 | no Grant 13/14 hit
E517 | "Baltic" "embark troops" Newport Monroe January 1865 | total 4 | no Grant 13/14 hit
     1LY9AAAAYAAJ The War of the Rebellion: v. 1-53 [serial no. 1-111] Formal reports, b 1895 | ... <b>1865</b> , Yesterday , near Sugar Loaf Mountain , north side Potomac , Captain ... <b>Baltic</b> are ordered from Fort <b>Monroe</b> to Baltimore ; should be there this morning . Suwo Nada is on her way from New York . These vessels are to <b>embark tro
     3yqivQAU5p0C The War of the Rebellion 1895 | ... <b>January</b> 5 , <b>1865</b> . Yesterday , near Sugar Loaf Mountain , north side Potomac ... <b>Baltic</b> are ordered from Fort <b>Monroe</b> to Baltimore ; should be there this morning . Suwo Nada is on her way from New York . These vessels are to <b>e
     hDrcE0_iM-8C The War of the rebellion: a compilation of the official records of the 1895 | 
     cJRovKU5AcIC House documents 1895 | Major - General SHERIDAN , Winchester : BALTIMORE , <b>January</b> 5 , <b>1865</b> ... <b>NEWPORT</b> ... <b>Baltic</b> are ordered from Fort <b>Monroe</b> to Baltimore ; should be there this morning . Suwo Nada is on her way from New York . These vessels are 
