CTRL-E531	"six vessels" Oriental	total 354	shown 10
    oRQjxZm85K4C  Government Or Private Ownership of Merchant Shipping? (1927) :: ... <b>Oriental</b> Mail Line , which thereupon became the American Mail Line service between Seattle and Victoria and ... <b>six vessels</b> of the Pacific - Argentine - Brazil Line , and with this sale disposed of the last of its services from&nbsp;...
    v5xbAAAAQAAJ  Reports from Committees (1849) :: ... <b>Oriental</b> Steam Navigation Company . The duties stipulated for in the constitution or deed of settlement of the ... <b>six vessels</b> are not constantly employed ; there are about twenty- three employed ; there are always a certain number&nbsp;...
    kD_39F2huQQC  Decisions of the Federal Maritime Commission (1963) :: ... <b>six vessels</b> are basically the C2 type freighter design , modified for refrigerated cargo installations . They are of ... <b>Oriental</b> destinations . Applicant does not load commercial cargo , either dry or reefer , to the <b>Orient</b> out of&nbsp;...
    XOBUdiqR8CAC  Decisions of the U.S. Maritime Commission, Federal Maritime  (1963) :: ... <b>six vessels</b> are basically the C2 type freighter design , modified for refrigerated cargo installations . They are of ... <b>Oriental</b> destinations . Applicant does not load commercial cargo , either dry or reefer , to the <b>Orient</b> out of&nbsp;...
    CBh380f0bF4C  Diplomatic and Consular Reports (1899) :: ... <b>Oriental</b> .. 50 .. .. 125,810 Occidental and <b>Oriental</b> .. 39 106,216 Holt&#39;s Line ( Ocean Steamship Company ) 39 ... <b>six vessels</b> ( tive of which were built in England ) aggregating 34,724 tons to their fleet ; and it has now running&nbsp;...
    WDLSHSMKhlUC  Decisions (1963) :: ... <b>six vessels</b> are basically the C2 type freighter design , modified for refrigerated cargo installations . They are of ... <b>Oriental</b> destinations . Applicant does not load commercial cargo , either dry or reefer , to the <b>Orient</b> out of&nbsp;...
    em8jKUgFUi0C  Monthly Review - Immigration and Naturalization Service (1944) :: ... <b>Chinese</b> are eligible if they served on such vessels prior to July 31 , 1943 ; most of the other Allied Nations ... <b>six vessels</b> to sail on schedule . It may be of interest to know that despite many such last - minute demands , the&nbsp;...
    F5LZAAAAMAAJ  The Science of Immortality (1992) :: ... <b>Oriental</b> society . The Bible also says that woman must be calm in the church . Abraham Issac 1 Jacob 2 Dan 3 Pokhi Munwang 1 2 Suwoon 3 Jeungsan 4 Youngmo 4 55 Victress ( <b>Oriental six vessels</b> ) Victor 6 ( Occidental seven angels ) 67&nbsp;...
    P_IsAQAAMAAJ  The Timberman (1926) :: ... <b>six vessels</b> of the Tatsuuma Kisen Kaisha fleet , for which latter concern the first named company is Pacific Coast ... <b>Oriental</b> market . &quot; That there is a considerable improvement in the <b>Oriental</b> market is quite evident , &quot; said&nbsp;...
    w-NSd2UjTDIC  Marine Engineer and Motorship Builder (1909) :: ... <b>six vessels</b> , aggregating about 16,500 tons , having been sent off the stocks in Scottish yards . Two of the vessels ... <b>Oriental</b> fleet . She is of 11,500 tons register , 560 ft . long by 61 ft . beam and the largest vessel ever&nbsp;...
E558	Ord "office at Yorktown" telegraph operators	total 99	shown 10
    5B7RcxyMAO4C  Battles and Leaders of the Civil War (2004) :: Peter Cozzens. One of the first of our army to enter <b>Yorktown</b> was <b>operator</b> Lathrop , who hurried to the Confederate <b>telegraph</b> ... <b>word</b> at the end of each column , and substituting other words for important names and verbs . This code was&nbsp;...
    Td0DAAAAYAAJ  The National Cyclopaedia of American Biography (1895) :: ... <b>office</b> at Northfield , where he was taught the &quot; Bain &quot; system of telegraphy by J. Elliott Smith , after- ward superintendent of the New York City Fire Alarm <b>Telegraph</b> . In 1855 he became an <b>operator</b> for the Vermont and Boston <b>Telegraph</b>&nbsp;...
    39sRSZs9wWkC  Eye of the Storm (2002-05-07) :: ... <b>Word</b> had been sent to the offi- cers in command of the ... <b>Yorktown</b> before daybreak . .. We made a hurried breakfast at headquarters while all the cooks were hard at work cooking rations for the expected forward march . Our <b>telegraph</b>&nbsp;...
    tIB9EAAAQBAJ  Our Navy at war (2022-07-21) :: ... <b>YORKTOWN</b>— &quot; IN BEST STATE OF PREPAREDNESS IT HAD EVER BEEN , &quot; ADMIRAL MAYO SAID — OFFICERS AND MEN EAGER FOR ACTION ... <b>operators</b> were flashing this message to every ship and station : Sixteen Alnav [ 1 ] . The President has&nbsp;...
    swcPAAAAYAAJ  The Military Telegraph During the Civil War in the United St (1882) :: 
    ywY0AQAAMAAJ  Industrial Engineering (1901) :: ... <b>Telegraph</b> Com- pany is requested to permit the whole of Dickson County to ... <b>Yorktown</b> , Va . , it was practically de- cided to consolidate the two ... <b>operators</b> gets considerably more pay than formerly , and enjoys more&nbsp;...
    J18fAQAAMAAJ  The Telegraph Goes to War (2003) :: ... <b>operator</b> . He is reputed to have initiated the code <b>word</b> procedure utilized by the Union Army . For example , Lincoln&#39;s code <b>word</b> was Adam . 19 Bates , Lincoln in the <b>Telegraph Office</b> ... <b>Yorktown</b> . ( Kahn , David , The Codebreakers , p . 182&nbsp;...
    -343AQAAMAAJ  Telegraph Age (1908) :: ... <b>operators</b> selected to go forward from Alexandria . These included C. W. Jaques , D. B. Lathrop , H. L. Smith , J. H. ... <b>Yorktown</b> , Va . , in 1862. It was a long com- munication . It was an interesting letter to me then when living&nbsp;...
    TLk-AQAAMAAJ  Central Reporter (1887) :: ... <b>TELEGRAPH</b> CO . , Plff . in Err . , 0 . Wilbert RICHMAN . A <b>telegraph</b> message ... <b>Yorktown</b> , N. J. Twenty - two cents for good young turkeys . A. &amp; M. Robbins ... <b>office</b> was on its own line and under its control and the <b>operator</b>&nbsp;...
    4GJVAAAAMAAJ  My Hudson Ancestors from Virginia (2004) :: Richard L. Jarvis. &quot; <b>Word</b> reached us before leaving that Lathrop , our <b>telegraph operator</b> , had been blown up by a torpedo ( land mine ) in one of the houses in <b>Yorktown</b> ... <b>office</b> of the Rebel <b>operator</b> , and while removing a ground wire&nbsp;...
E558	Sheldon Yorktown telegraph office February 1865 Ord operators	total 2	shown 3
    9GnhAAAAMAAJ  Who was who in America (1963) :: 
    l-DD6uICG_0C  The United States Army and Navy Journal and Gazette of the R (1914) :: ... <b>Office</b> , the name of Lieut . Charles Burnett , 4th U.S. Cav . , whose detail ... <b>Sheldon</b> Webb Anding , wife of Lieutenant Anding , U.S.A. , is visiting her ... <b>Telegraph</b> Mr. Burleigh wrote vivid descriptions of innumerable&nbsp;...
    KbvezQEACAAJ  Telegram from Sheldon T. Mills in Amman to Secretary of Stat () :: 
E558	"anxious inquiry" office Quartermaster Fort Monroe	total 72	shown 10
    _pfa3K3sgScC  The United States Army and Navy Journal and Gazette of the R (1905) :: ... Fort Myer , Va . , will be sent at once to <b>Fort Monroe</b> , Va . , for duty ... <b>office</b> hours . &quot; G.O. 62 , APRIL 17 , 1905 , WAR DEPT . I. By direction of ... <b>quartermaster</b> sergeant . Eight corporals . Forty first - class privates&nbsp;...
    4mAfAQAAMAAJ  Libby Prison and Beyond (1999) :: ... <b>inquiry</b> through the surprisingly effective prisoner exchange system . James ... <b>Quartermaster&#39;s Office Fort Monroe</b> , Va . 18 31st . Aug. 1863 . MRS . LYDIA CORNWELL Dear Madam , I have the pleasure of sending you the following copy of&nbsp;...
    H3JOAQAAMAAJ  The Journal of the Armed Forces (1894) :: ... <b>Quartermaster</b> of the 7th N. Y. , died suddenly Dec. 7 at the Dakota ... <b>office</b> , I leave the Guard in as fine a condition as it is to - day , then ... <b>FORT</b> CLARK . <b>Fort</b> Clark , Tex . , Dec. 2 , 1894 . After a prolonged season of&nbsp;...
    YB9EAQAAMAAJ  Full Official History of the War with Spain (1899) :: ... <b>Department</b> was alive to the fact that Shafter might need help ... <b>Fort Monroe</b> this morning . Orders have been given to have a division sent you from Tampa this week . The wagon transportation will leave to - morrow . &quot; There were <b>anxious</b>&nbsp;...
    4BX0FwnQAFQC  Army and Navy Register (1939) :: ... <b>inquiry</b> be sure to furnish age of wife . GRAHAM E. WILSON Washington , D. C. ... <b>Fort</b> Clark , Texas ; James E. Tate , Tulane University , 1933 , <b>Fort</b> ... <b>Monroe</b> , Va . Announcement was made this week by Assistant Secretary of the&nbsp;...
    4OGEwOQ490AC  Army-Navy-Air Force Register and Defense Times (1939) :: ... <b>inquiry</b> be sure to furnish age of wife . GRAHAM E. WILSON Washington , D. C. ... <b>Fort</b> Clark , Texas ; James E. Tate , Tulane University , 1933 , <b>Fort</b> ... <b>Monroe</b> , Va . Announcement was made this week by Assistant Secretary of the&nbsp;...
    Hx440f3EVpYC  Report (1900) :: ... <b>quartermaster</b> : “ In view of the above and the fact that I have neither ... <b>anxiety</b> for details of surrender . None come since last evening . Wires working well through . SQUIRES . ADJUTANT - GENERAL&#39;S <b>OFFICE</b> , Washington , July 15 , 1898 .
    PfYaAAAAYAAJ  Niles' Weekly Register (1833) :: ... <b>Fort Monroe</b> , Va . Adjutant general&#39;s <b>office</b> , Washington , Nov. 7 , 1832 . SIR : The general in chief directs that ... <b>inquiry</b> , how you are to act in case the autho- rities of South Carolina should demand possession of the cita&nbsp;...
    1JBBAyDiPt8C  Congressional Record (1882) :: ... <b>quartermaster</b> of the <b>department</b> of North Carolina and Vir- ginia , and of the expedition which , under General Burnside , captured New Berne . • While serving under General Foster at the bombardment of <b>Fort</b> Johnston , North Carolina&nbsp;...
    OGAUAAAAYAAJ  Niles' National Register (1833) :: ... <b>Fort Monroe</b> , Va . Adjutant general&#39;s <b>office</b> , Washington , Nov. 7 , 1832 . SIR : The general in chief directs that ... <b>inquiry</b> , how you are to act in case the autho- rities of South Carolina should demand possession of the cita&nbsp;...
E564	"out of pilots" monitors "James River" 1865	total 230	shown 10
    77v2AX6IxUoC  Civil War Navies, 1855-1883 (2006-11-06) :: Paul Silverstone. Fig 1.5 : The double - turret <b>monitor</b> Onondaga in the <b>James River</b> 1864 . Notes : Converted from ... <b>1865</b>. Recomm 13 Jan 1874-12 Jun 1875. Sold 27 Sep 1883 and BU at Chester , Pa . EE Fig 1.6 : The <b>monitor</b> Camanche&nbsp;...
    rLQYAQAAIAAJ  Conway's All the World's Fighting Ships, 1860-1905 (1979) :: Eugène M. Koleśnik. Onondago probably on the <b>James River</b> , <b>1865</b> Designed by ... <b>pilot</b> house on the fore turret , the funnel base was armoured , and as in the Ericsson <b>monitors</b> the armour was built up ... river service ,. 121 <b>Monitors</b>.
    X5GnoNV8TqMC  Dictionary of American Naval Fighting Ships (1991) :: ... <b>1865</b> when the Confed- eracy&#39;s <b>James River</b> Squadron launched its down- stream assault on the Union squadron . During the action , Spuyten Duyvil supported Onondaga , the only <b>monitor</b> then on the river . After Lee evacuated Richmond&nbsp;...
    mxQzAAAAMAAJ  Dictionary of American Naval Fighting Ships: Historical sket (1959) :: ... <b>1865</b> when the Confed- eracy&#39;s <b>James River</b> Squadron launched its down- stream assault on the Union squadron . During the action , Spuyten Duyvil supported Onondaga , the only <b>monitor</b> then on the river . After Lee evacuated Richmond&nbsp;...
    CScXx-a_0vwC  Dictionary of American Naval Fighting Ships (1976) :: ... <b>1865</b> when the Confed- eracy&#39;s <b>James River</b> Squadron launched its down- stream assault on the Union squadron . During the action , Spuyten Duyvil supported Onondaga , the only <b>monitor</b> then on the river . After Lee evacuated Richmond&nbsp;...
    hiwfAQAAMAAJ  United States Naval Institute Proceedings (1909) :: ... <b>1865</b> , he was in com- mand of three Confederate torpedo boats in the <b>James River</b> , below Rich- mond . In February , <b>1865</b> , he took charge of an expedition from Richmond to board and capture one of the U. S. <b>monitors</b> ... <b>pilot</b> to make straight&nbsp;...
    j-EWAQAAIAAJ  The Civil War Military Machine (1993) :: ... <b>1865</b>. <b>Monitors</b> had very little reserve buoyancy and Patapsco sank like a ... <b>pilot</b> house above it was similarly pro- tected . Oneota and Catawba were ... <b>James River</b> and had one brief encounter with the Confederate <b>James River</b>&nbsp;...
    wQ8zAQAAIAAJ  History of Bedford, New Hampshire, from 1737 (1903) :: ... <b>off</b> City Point , <b>James river</b> , Nov. , 1864 ; engaged Howlet&#39;s House Battery , Dec. 5 and 6 , 1864 ; subsequetly proceeded to Beaufort , N. C. , as one of Porter&#39;s fleet . In both fights at Fort Fisher , Dec. , 1864 , and Jan. , <b>1865</b>&nbsp;...
    v7AaAQAAIAAJ  A Portrait of the Stars and Stripes (1988) :: ... <b>1865</b> ( On board U.S.S. Monadnock against Fort Fisher , N.C. ) . Dunne , <b>James</b> ... <b>River</b> , Ga . ) . Evans , Coron D. Private 3rd Indiana Cavalry April 6th <b>1865</b> ... <b>Pilot</b> U.S. Navy December 6th 1864 ( On board U.S.S. <b>Monitor</b> Neosho vic&nbsp;...
    _qoLAAAAIAAJ  The Records of Living Officers of the U.S. Navy and Marine C (1894) :: ... <b>James River</b> , November , 1864 ; engaged Howlett&#39;s House Battery , December 5 and 6 , 1864 ; subsequently proceeded to Beaufort , N. C. , as one of Porter&#39;s fleet . In both fights at Fort Fisher , December , 1864 , and January , <b>1865</b>&nbsp;...
E564	Bradley pilots Navy monitors "Captain James" March 1865	total 7	shown 10
    7KNMAAAAYAAJ  The United States Army and Navy Journal and Gazette of the R (1865) :: ... <b>1865</b>. Henry M. Blue , Lieutenant - <b>Commander</b> ; A. D. Brown , Master ; John A. Bates , Paymaster ; John A. Bolles , Solicitor and <b>Naval</b> Judge - Advocate , <b>Navy</b> Department ; Michael <b>Bradley</b> ... <b>MARCH</b> 16 , 1866. - Horace C. Blake&nbsp;...
    naw0AQAAMAAJ  Armed Forces Journal International (1864) :: ... <b>James</b> F. Liddell , Third Assistant Engi- SHAWMUT , screw 5 , left Wilmington , N. C. , on the morning of the 28th ult . , with U. S. steamer Seneca in tow , the latter suffering from a ... <b>MARCH</b> 18 , <b>1865</b> . 469 ARMY AND <b>NAVY</b> JOURNAL .
    iXyjHAyK63sC  Biographical Books, 1876-1949 (1983) :: ... <b>captain</b> of the Pilgrims . 1307 <b>Military</b> and civil life of Gen. Ulysses S ... <b>1865</b>. 569 <b>Military</b> history of Ulysses S. Grant , from April , 1861 , to ... <b>navy</b> , 1861-<b>1865</b> . 362 <b>Military</b> services and public life of Major- General&nbsp;...
    Q8lPGffSnYoC  Army and Navy Register (1931) :: ... <b>captain</b> in 1920. Still farther down on the list of <b>captains</b> is a group of ... <b>March</b> 28 , 1931. ] There is one phase of the search for Glenn War- ren ... <b>1865</b> . Francis Bannerman Sons , 501 Broadway , New York City Uniforms&nbsp;...
    KmoAwKj4ql4C  The Biographical Dictionary of America (1904) :: 
    hu14e3MmHqsC  The Twentieth Century Biographical Dictionary of Notable Ame (1968) :: 
    4SZAAAAAYAAJ  Lamb's Biographical Dictionary of the United States (1903) :: 
    1IVBkgAACAAJ  James H. Bradley Papers (1864) :: James H. Bradley was a first lieutenant in the 7th Infrantry Regiment, stationed at Fort Shaw and Fort Benton, Montana Territory. This collection (ca. 1864-1879) consists of letters, writings, and clippings.
    r7HgAQAACAAJ  Miscellaneous Works and Correspondence of James Bradley (1972) :: 
    COvWzQEACAAJ  Captain James W. McCauley, U.S. Navy (1958) :: 
E564	"furnish the Navy" pilots monitors	total 289	shown 10
    p1wsAAAAIAAJ  Navy aviation (1994) :: ... <b>provide</b> sensor pivoting and targeting capabilities and enhance <b>pilot</b> efficiency and flight safety . The <b>display</b> was ... <b>Navy Aviation</b> Appendix II Landing Gear Vibration Structural Life Engine Diagnostic Helmet-Mounted <b>Display</b>.
    ACieb_iBOxQC  United States Naval Institute Proceedings (1978) :: ... <b>display</b> is similar to the A - 7A&#39;s pictured below . ) U. S. <b>NAVY</b> ( R ... <b>pilot</b> with ten modes of operation . Its primary func- tion is to <b>provide</b> ... <b>naval</b> warfare . A brief description of a two - hour mission should <b>provide</b> a better&nbsp;...
    kXZnp12_IEIC  The United States Army and Navy Journal and Gazette of the R (1913) :: ... <b>Navy</b> Department . I simply do not believe that my critics are just in their ... <b>Monitor</b> . ) We don&#39;t believe in war scares . War itself is bad ding . I ... <b>pilots</b> of all kinds and consequently do not <b>furnish</b> a basis for estimates&nbsp;...
    lagT_q2Tmo8C  GAO Documents () :: ... <b>Aviation</b> Assets in New Production Can Save Millions . LCD - 79-201 ; B - 132989 . March 5 , 1979. 21 pp . + 2 ... <b>Navy</b> . Congressional Relevance : House Committee on Armed Services ; Senate Committee on Armed Services . Authority&nbsp;...
    tZknAQAAMAAJ  Black Congressional Monitor (2005) :: ... <b>navy</b>.mil robert.conner@sba.gov www.esol.navfac.<b>navy</b>.mil Mansfield Protective Works <b>Furnish</b> ... <b>pilot</b> to coordinate with the towing industry and the US Coast Guard . ( SOL ... <b>MONITOR</b> Vol 19 No 6 March 30 , 2005 13.
    CjAFAAAAQAAJ  PROCEEDINGS OF THE UNITED STATES NAVAL INSTITUTE (1883) :: ... <b>Monitor</b> type of vessels . In so far as the record of endurance against the effects of guns is concerned , the ironclads of the Passaic class <b>furnish</b> the best ex- amples . These vessels were built next after the original <b>Monitor</b> , the&nbsp;...
    vfpBAAAAYAAJ  Memoir of John A. Dahlgren, Rear-admiral United States Navy (1882) :: ... <b>naval</b> part of the operation consisted : 1st . In assem- bling the iron ... <b>furnish</b> a convoy for the column that was to ascend the Stono , cover its ... <b>pilot</b> houses of all the <b>monitors</b> , and add heavy circles of metal to the&nbsp;...
    8MoKAQAAMAAJ  Middle East Monitor (1979) :: 
    4x547OEIUa4C  Commerce Business Daily (1998-07) :: ... <b>Navy Aviation Supply</b> Office Source Approval Information Brochure . This brochure identifies technical data required to be submitted based on your company&#39;s experience in production of the same or similiar item , or if this is an item&nbsp;...
    z_pfniNmDPoC  Proceedings of the United States Naval Institute (1978) :: ... <b>display</b> is similar to the A - 7A&#39;s pictured below . ) U. S. <b>NAVY</b> ( R ... <b>pilot</b> with ten modes of operation . Its primary func- tion is to <b>provide</b> ... <b>naval</b> warfare . A brief description of a two - hour mission should <b>provide</b> a better&nbsp;...
E569	Sheldon telegraph office Fort Monroe "Mrs. Ord" room	total 148	shown 10
    W2IyAQAAMAAJ  Bullinger's Postal and Shipping Guide for the United States  (1889) :: 
    RYWJcB9nvdcC  Journal of the Telegraph (1869) :: ... <b>TELEGRAPH</b> . ............. .......... ..... ........ ............ ...... .... MISSOURI RIVER , <b>FORT</b> SCOTT AND GULF R. R. TELE- GRAPH . $ 300 E. F. Gilbert .... $ 1 00 200 A. D. Clark ... 100 G. A. Dodd .... .... IRON MOUNTAIN <b>TELEGRAPH</b>&nbsp;...
    YfIygO8WE1EC  Bullinger's Postal and Shippers Guide for the United States  (1947) :: ... <b>Telegraph Office</b> , see page 5. ‡‡ For Explanation see page 7 . Places in ... <b>Monroe</b> , Iowa Sheakleyville , Mercer . Pa ... Shelburn ; RD Scio ; Linn ... <b>Sheldon</b> , Greenlee , Ariz <b>Sheldon</b> , Sacramento , Cal ...... <b>Sheldon</b>&nbsp;...
    2W5kP1RxUMoC  Army List and Directory () :: ... Monroe , Va . Easterday , George W. ( 02896 ) , maj . C.A.C. ( C.A.Sch . ) , <b>Ft</b> . <b>Monroe</b> , Va . Eastham , Kenna G ... <b>Room</b> 208 Cotton Exchange Bldg . , Houston , Tex . Eastwood , Harold E. ( 08202 ) , capt . Cav . ( Arty . Group )&nbsp;...
    pVYFK8BhKOUC  United States Army Directory (1925) :: ... Monroe , Va . Easterday , George W. ( 02896 ) , maj . C.A.C. ( C.A.Sch . ) , <b>Ft</b> . <b>Monroe</b> , Va . Eastham , Kenna G ... <b>Room</b> 208 Cotton Exchange Bldg . , Houston , Tex . Eastwood , Harold E. ( 08202 ) , capt . Cav . ( Arty . Group )&nbsp;...
    KdzkAAAAMAAJ  Detroit Suburban Downriver Area Telephone Directories (1991) :: ... <b>Fort</b> Rvr Shear Revelation 35218 Mich Way 326-0240 Sherlock&#39;s Lounge 18480 ... <b>Monroe</b> Dearborn - 565-5200 Sheehan Maintenance 20011 Syracuse Brwnstwn Twp ... <b>Telegraph</b> Birmingham - 645-1193 Sheet Metal Workers Local 80 Insurance&nbsp;...
    AhPiAAAAMAAJ  The Michigan Alumnus (1910) :: ... <b>Telegraph</b> and <b>Telephone</b> Company . Address , 318 30th Ave. , Spokane , Wash . Robert M. Bellman , &#39; oze , is ... <b>Mrs</b>. Brinkley ( Genevieve P. Brown , &#39;07 ) , reside at 1722 Thomas St. &#39;08 &#39;08 . May L. Baker , 513 N. Lincoln St&nbsp;...
    fY6sN2kFIvUC  Congressional Record (1973) :: ... <b>Fort</b> Street , Detroit , Michigan 48226 , Wendell W. Ander- son , Jr. , Chairman and President , $ 22,500 . Leo Burnett Company of Michigan , Inc. , 26555 Evergreen Road , Southfield , Michigan 48076 , <b>Sheldon</b> Moyer , President , $ 7,750&nbsp;...
    SBOHwM7B1EYC  International Year Book Number (1951) :: ... <b>Telegraph</b> Ave. , Oakland 9 , Calif . Co - Owners - George C. McNutt , Claire ... <b>Sheldon</b> Wax . Sp . Buy . Irene Lee . TV Dir.- Robert Colodzin . MANN AND ... <b>Mrs</b> . Catherine Cade . Secy.- <b>Mrs</b>. Shirley Taylor . MARTIN ASSOCIATES&nbsp;...
    Fl4g_t5S4-kC  Occupations Directory, California Alumni Association ... (1928) :: ... <b>Mrs</b> James J ( Kather- ine Howard ) , 2907 Fillmore St , SF : R1 Estate , Presidio Realty Co. 5 - M85 Dempsey , Frank <b>Sheldon</b> ... <b>Monroe</b> ) , 14812 Gilmore St , Van Nuys . 5A - 24 5-18 Coulter , John W ... <b>Ord</b>- way , B ; Drftsmn PG &amp; E&nbsp;...
E569	"precedent is once established" telegraph office moving	total 312	shown 10
    _UU_AQAAMAAJ  New York Review of the Telegraph and Telephone and Electrica (1900) :: ... <b>precedent</b> for a corresponding theory re- garding automobiles . Automobiles ... <b>moving</b> sidewalk and the escalator are perfectly familiar but it remained for ... <b>once</b> made for the <b>telegraph office</b> . The instrument was apparently&nbsp;...
    6CdEAAAAIAAJ  Awards ... Third Division, National Railroad Adjustment Boar () :: ... <b>telegraph office</b> and before they arrived at the next <b>one</b> . <b>Precedent</b> of over sixty years on this property permits this arrangement and a formal agreement was made effective February 1 , 1909 with The Order of Railway Conductors allowing&nbsp;...
    vrouAQAAIAAJ  Commercial Telegraphers' Journal (1922) :: ... <b>moved</b> to take pen in hand in self - defence . His alibi is that all great writers are sup- posed to hie themselves to their summer homes during the torrid months for medi- tation and repose , and hence I hesitated to <b>establish</b> a <b>precedent</b>&nbsp;...
    BzI1AQAAMAAJ  Encyclopedia of Forms and Precedents for Pleading and Practi (1901) :: ... <b>one</b> to come in contact with the said wire . Defendant says that by the ... <b>started</b> from the residence of <b>one</b> Doctor Sellers , being the first ... <b>telegraph office</b> , from which orders were issued for the <b>move</b>- ment of the&nbsp;...
    LSXOAAAAMAAJ  Papers on Subjects Connected with the Duties of the Corps of (1876) :: ... <b>telegraph</b> offices be <b>established</b> and maintained- ( a ) At Government House ... <b>office</b> to be closed and re - <b>opened</b> elsewhere , according to requirements ... <b>moving</b> the clerk . ( Approved . ) Message forms of two kinds should be&nbsp;...
    ee4gAQAAMAAJ  The Telegraph and Telephone Journal (1921) :: ... <b>once</b> wrote : - &quot; Sum editers in a sertain town which shall be nameless air ... <b>precedent</b> . During the years immediately following the Napoleonic wars ... <b>established</b> in the central exchange at each large town , so that&nbsp;...
    xeE12_V1YlwC  The Times parliamentary debate, from Jan. 12, 1886-Aug. 25,  (1889) :: ... <b>precedent</b> ; and I have at <b>once</b> to acknowledge that the <b>precedents</b> are ... <b>Office</b> withhold any consent to the establishment of such a monopoly before ... <b>telegraph</b> . But as a matter of fact the <b>telephone</b> would never be a useful&nbsp;...
    aaymAAAAMAAJ  The Commercial Telegraphers' Journal (1933) :: ... <b>developed</b> . The alleged illegal payment of a pension to two retired division ... <b>one</b> delegate at large to represent the auditing and accounting ... <b>precedent</b> , the 1933 general assembly held at Washington , D. C. , voted a&nbsp;...
    xbAmAQAAIAAJ  Papers on Subjects Connected with the Duties of the Corps of (1876) :: ... <b>telegraph</b> offices be <b>established</b> and maintained- ( a ) At Government House ... <b>office</b> to be closed and re - <b>opened</b> elsewhere , according to requirements ... <b>moving</b> the clerk . ( Approved . ) Message forms of two kinds should be&nbsp;...
    EoB29GEu9jUC  The Times Parliamentary Debates (1889) :: ... <b>precedent</b> ; and I have at <b>once</b> to acknowledge that the <b>precedents</b> are ... <b>Office</b> withhold any consent to the establishment of such a monopoly before ... <b>telegraph</b> . But as a matter of fact the <b>telephone</b> would never be a useful&nbsp;...
E569	Eckert Sheldon "moving office" Fort Monroe	total 25	shown 10
    0JMtAAAAIAAJ  The War of the Rebellion (1883) :: ... <b>ECKERT</b> : EDWIN M. STANTON , Secretary of War . <b>FORT MONROE</b> , June 28 , 1862 . The following was sent to Burnside on ... <b>SHELDON</b> . WAR <b>DEPARTMENT</b> , Major - General BURNSIDE , New Berne : June 28 , 1862-6 p . m . Since the dispatches&nbsp;...
    xMB46TZCEfcC  The War of the Rebellion: v. 1-53 [serial no. 1-111] Formal  (1883) :: ... <b>ECKERT</b> : EDWIN M. STANTON , 2 Secretary of War . <b>FORT MONROE</b> , June 28 , 1862 . The following was sent to Burnside ... <b>SHELDON</b> . WAR <b>DEPARTMENT</b> , Major - General BURNSIDE , New Berne : June 28 , 1862–6 p . m . Since the dispatches&nbsp;...
    dVRaQVK9zO8C  The War of the rebellion: a compilation of the official reco (1902) :: 
    xXQ8sGgn-r4C  Army-Navy-Air Force Register and Defense Times (1941) :: ... <b>Fort</b> Riley . Capt . Hurt accepted a com- mission as captain in the Army of ... <b>Sheldon</b> family mausoleum in Lake View Cemetery . Irvin B. Schwabe and Miss ... <b>Office</b> in New York City . was assigned for two months in the Military&nbsp;...
    tWEhAQAAMAAJ  Commercial and Financial Chronicle Bankers Gazette, Commerci (1888) :: ... <b>Monroe</b> , W.J. Nead , Thos . R. Patton , J. G. Reading , Wm . H. Lucas , D.H. ... <b>Eckert</b> , READING ; Edmund S. Doty , MIFFLINTOWN ; W. W. H. Davis ... <b>Sheldon</b> , John T. Martin , C. D. Wood , Fred . Cromwell , Wm . H. Male , John P&nbsp;...
    6szVKFuRpaUC  The Osteopathic Physician (1917) :: ... <b>office</b> of Dr. Ward , May 23rd , and reorganized the City Osteopathic ... <b>Monroe</b> St. , Chicago Dr. J. S. Logue , Osteopathic Physician Atlantic City ... <b>Fort</b> Scott . - T . E. Childress , D. O. , Secyу . Butte , Montana&nbsp;...
    omcgAQAAMAAJ  Realty and Building (1975) :: ... <b>Eckert</b> to Economy S &amp; L A ; 10-10 ; $ 26,000 Ls 11 to 13 B 1 Neumers sub N1 ... <b>office</b> alts . ( 0 ) Northwestern University , 320 Ε . Superior . ( A ) Metz ... <b>Monroe</b> St. ( C ) Eugene Barrett , 820 W. 89th St. ( P ) Aberdeen&nbsp;...
    Lc0XAQAAMAAJ  Army and Navy Journal (1937) :: ... <b>Sheldon</b> P. McNickle , William M. Miley , George A. Millener , Den- nis M ... <b>Eckert</b> , Eugene B. Ely , Thomas F. Hickey , John Hinton , George A. A. Jones ... <b>Monroe</b> , Va . Frank Butner Clay , Washington , D. С. Wendell L&nbsp;...
    YcgYy028PgUC  Certified List of Domestic and Foreign Corporations for the  (1969) :: ... <b>Sheldon</b> 1 Epstein 1844 West Hubbard Chicago 60622 <b>Sheldon</b> I Epstein 1017 ... <b>Eckert</b> 704 East D St Belleville 62221 Alfred F <b>Eckert</b> 704 East D Street ... <b>Monroe</b> Dodge 36 Country Club Pl Bloomington 61701 Η <b>Monroe</b> Dodge 36 Country&nbsp;...
    eWkabpbVGaEC  Army, Navy, Air Force Journal and Register (1924) :: ... <b>Eckert</b> , Harry D. , Gettysburg , Pa ........... Cav . Edwards , <b>Sheldon</b> ... <b>Fort</b> Leavenworth , Kan . are announ HONOR GRADUATES and Baade , P. W. , Maj ... <b>Monroe</b> , Va .... .... Coast Art . Hill , James P. , Walterboro , S.C&nbsp;...
E574	"River Queen" Stanton "City Point" March 15 1865 Fort Monroe	total 40	shown 10
    AzNJAQAAMAAJ  Records of Louisiana Confederate Soldiers and Louisiana Conf (1974) :: ... <b>1865</b> . Monzingo , Lewis , Pvt . Capt . Webb&#39;s Co. La . Cav . En . Jan. <b>15</b> , 1863 , Grenada . Rolls from July , 1863 ... <b>March</b> 7 , 1864. Roll May and June , 1864 , Discharged May 16 , 1864 , on account of chronic diarrhoea , by examining board&nbsp;...
    naw0AQAAMAAJ  Armed Forces Journal International (1864) :: ... <b>15</b>.- Acting Ensign H. B. Francis , from the Wissahick- , on the reporting of his relief , and ordered North . Acting ... <b>STANTON</b> TO MAJOR - GENERAL DIX . WAR DEPARTMENT , WASHINGTON , Feb. 18 , <b>1865</b> . Major - General Dix , New York&nbsp;...
    3x4_AQAAMAAJ  The United States Army and Navy Journal and Gazette of the R (1865) :: ... <b>15</b>. - Acting Ensign H. B. Francis , from the Wissahick- on , on the reporting of his relief , and ordered North ... <b>STANTON</b> TO MAJOR - GENERAL DIX . WAR DEPARTMENT , WASHINGTON , Feb. 18 , <b>1865</b> . Major - General Dix , New York&nbsp;...
    wckl0o_wancC  The United States Army and Navy Journal and Gazette of the R (1887) :: ... <b>Fort</b> Monrou , k <b>City</b> . tillery , bas. PERSONAL ITEMS . GENERAL AMOS BECKWITH ... <b>Stanton</b> , from a temporary sojourn at <b>Fort</b> Wingate , N. M. LIEUTENANT G. W. ... <b>Monroe</b> , Va . , is visiting relatives in New York <b>City</b> . MAJOR W. L.&nbsp;...
    vmxFAQAAMAAJ  Army, Navy, Air Force Journal & Register (1864) :: ... <b>city</b> has doubtless ere ibis been evacuated . Acting Third Assistant Engineer ... <b>Fort</b> Anderson furiously yesterday afternoon , Acting Volunteer Lieutenant ... <b>Point</b> , Feb. 18-4 : 45 P. M. ter&#39;s forces had been moved up to Newbern&nbsp;...
    bD1tCFkQ-fAC  Moore's Rural New Yorker (1888) :: ... <b>city</b> ordinance of St. Louis , reduced the Bell telephone charges from $ 100 ... <b>point</b> to Blaine or McKinley , of Ohio , or Harrison of Indiana ; but there ... <b>River</b> and Harbor Bill exceeds by $ 2,800,000 the largest appropriation&nbsp;...
    19dTAAAAYAAJ  A Standard Dictionary of the English Language (1897) :: 
    VIi04u0fssoC  Harper's Weekly (1865) :: ... <b>rivers</b> Paraguay and Parana , where they branch from the <b>River</b> de la Plata , or the Plate <b>River</b> , as the traders call it . Lo- PEZ , having some difficulty with Brazil , asked the Argentine Republic to allow him to <b>march</b> troops across a&nbsp;...
    I4ZUAAAAcAAJ  The Illustrated London News (1865) :: ... <b>15</b> , 1861 , Agnes Margaret Naylor , youngest daughter of the Rev. Pierce William Drew , of Brook Lodge , in the county of Cork , Rector of Youghal , a scion of the Drews of Drewscourt , and the representative of a junior branch of that&nbsp;...
    yRi2axRwUwwC  Engineering Geology Report (1981) :: ... <b>City</b> 136 Rockport Roc 300 Fork York порам Wicok Quimen Mozingo <b>River</b> opkin ... <b>1865</b> Little Metz 33 Stotesbury -20 OS TEX <b>River</b> Prescent Hill on 20 ... <b>Point</b> Boynton San Green Ot 60 80 Conne sville en Carde 60 Creek Sibleysa 80&nbsp;...
E574	Eckert Sheldon Dealy "River Queen" Stanton	total 0	shown 0
E574	"Secretary of War left here" "City Point"	total 312	shown 10
    u7vSGxB2m1MC  House documents (1895) :: ... <b>City Point</b> . WM . L. JAMES , Brevet Major and Assistant Quartermaster . WAR DEPARTMENT , Washington City , March 28 ... <b>left here</b> last night for <b>City Point</b> . EDWIN M. STANTON , <b>Secretary of War</b> . Hon . E. M. STANTON : <b>CITY POINT</b>&nbsp;...
    giZRAQAAIAAJ  The War of the Rebellion: Formal reports, both Union and Con (1985) :: ... <b>Secretary of War</b> : * * * Hon . E. M. STANTON , <b>Secretary of War</b> : E. D. TOWNSEND , Assistant Adjutant - General . NEW YORK , September 7 , 1864 . I propose ose to go this evening to Long Island and return on Satur- day . I <b>leave</b> Major&nbsp;...
    th80vTPM944C  The War of the rebellion: a compilation of the official reco (1895) :: 
    t_kRAAAAYAAJ  Annual Reports of the Secretary of War (1898) :: 
    d8rmKqJUg_gC  Harper's New Monthly Magazine (1897) :: ... <b>Secretary of War</b> : <b>CITY POINT</b> , VA . , March 30 , 1865 , 7.30 Р.М. Hon ... <b>here</b> .... A. LINCOLN . <b>CITY POINT</b> , VA . , April 2 , 1865 , 8.30 л.м. Mrs. A ... <b>left</b> . A. LINCOLN . Robert had gone to the front with Gen- eral Grant&nbsp;...
    naw0AQAAMAAJ  Armed Forces Journal International (1864) :: ... <b>Secretary of War</b> . <b>CITY POINT</b> , VA . , March 31 , 1865-8 : 30 Р. М. Hon . EDWIN M. STANTON , <b>Secretary of War</b> : At ... <b>left</b> from near Dabney&#39;s House back well toward the Boydton Plank - road . We are now about to take the offensive&nbsp;...
    3UdDAQAAMAAJ  Harper's New Monthly Magazine (1897) :: 
    ePkVZ9RSsacC  Army & Navy Official Gazette (1865) :: ... <b>CITY</b> , D. C. , February 15 , 1865 . The State prison at Clinton , New York , the penitentiary at Columbus , Ohio , the penitentiary at Jefferson <b>City</b> , Missouri , and such other prisons as the <b>Secretary of War</b> may designate for the&nbsp;...
    3x4_AQAAMAAJ  The United States Army and Navy Journal and Gazette of the R (1865) :: ... <b>Secretary of War</b> . <b>CITY POINT</b> , VA . , March 31 , 1865-8 : 30 г м . Hon . EDWIN M. STANTON , <b>Secretary of War</b> ... <b>left</b> from near Dabney&#39;s House back well toward the Boydton the beginning of the operations . Plank - road . We are&nbsp;...
    YK26-Lr03usC  King's Handbook of Boston Harbor (1883) :: ... <b>here</b> ; and frequent scouting - parties landed at <b>City Point</b> , destroying the ... <b>left here</b> , to which new trunnions had been added . When the British frig- ate Somerset ... <b>Secretary of War</b> , 142 KING&#39;S HANDBOOK OF BOSTON HARBOR .
# requests 13
