(all) | "Wait at Fort Monroe until I get there" | 7
   id ['warofrebellion462unit']
       Palmer, Fort Monroe, Va. : {{{Wait at Fort Monroe until I get there}}}. I will leave Annapolis
   id ['cu31924077729014']
       Palmer, Fort Monroe, Va.: {{{Wait at Fort Monroe until I get there}}}. I will leave Annapolis
   id ['warofrebellion014602rootrich']
       PALMER, Fort Monroe, Ya.: {{{Wait at Fort Monroe until I get there}}}. 1 will leave Annapolis
   id ['warofrebellionco46p2unit']
       Palmer, Fort Monroe , Va. : {{{Wait at Fort Monroe until I get there}}}. I will leave Annapolis
   id ['warrebellionaco41offigoog']
       Palmer, Fort Monroe, Va.: {{{Wait at Fort Monroe until I get there}}}. I will leave Annapolis
   id ['warofrebellionco0046unit_r6c6']
       I. N. PALMER, Fort Monroe, Va.: {{{Wait at Fort Monroe until I get there}}}. I will leave Annapolis at 5 a.
papersofulyssess0014gran | "Wait at Fort Monroe" | 0
papersofulyssess0014gran | "Cashier of the National Bank" | 1
   id ['papersofulyssess0014gran']
       will be advisable to call before it the {{{Cashier of the National Bank}}} Norfolk.” “You can remain until to-morrow
(all) | "retained no copy" | 10
   id ['sim_zions-herald_1825-03-02_3_9']
       Conference. LAICUS. ee Rey, HERALD ee Mr. Bapcer, I {{{retained no copy}}} of the communication referred t by C. and
       Conference. LAICUS. ‘ sah shied ik, Bapcer, _[ {{{retained no copy}}} of the communication referred to yC. and have
   id ['jstor-4242707']
       considered as desirable, or doubtful. Having {{{retained no copy}}}, I cannot answer for its particular expression
   id ['answertoaletter00elmogoog']
       and append the answer. I have in my haste, {{{retained no copy}}} ofthe questions. I am sir, also desirous of
   id ['micro_IA40385606_0634']
       Federal income tax feturn for 1966. Petitioner {{{retained no copy}}} — of the letter and respondent has no record
   id ['micro_IA40385606_0634']
       Federal income tax feturn for 1966. Petitioner {{{retained no copy}}} — of the letter and respondent has no record
   id ['nsia-CBS-TVNewsSpecialRather-LesarInterview']
       the British government, the British court, {{{retained no copy}}} ofthese records, tney gave ali the court records
papersofulyssess0014gran | "retained no copy" | 0
papersofulyssess0014gran | "staff officer to be delivered" | 0
(all) | "Camman"  gold Norfolk | 1
   id ['sim_new-york-times_the-new-york-times_1872-01-16_21_6341']
       766,185 15471780 SINKING FUND SEVEN PER CENT. {{{GOLD Norfolk}}}, 530 bales per rail. The reported receipts at
       FIsK, and that thesaid EDWARD S. STO Kronen P. {{{CAMMAN}}}, on Sunda evening, — not the investigation taking
(all) | "sell gold" Norfolk 1865 | 10
   id ['coindealernewsle1976coin']
       Unc65 2 4 Pc {{{1865}}} Unc60 2 4 Pc {{{1865}}} Unc65+ 3 4 Pc 1853 Unc60 3 4 Nic {{{1865}}} Unc65 3 s'
       Missouri 1923-S Monroe 1938 New Rochelle 1936 {{{Norfolk}}} 1926 Oregon Trail 1926- S Oregon Trail 1928
   id ['coindealernewsle1977coin']
       (BR) F-$5, VF $10; {{{1865}}} F $4, abtVF $6.50, VF-$8; Lot/Indians {{{1865}}} & 75 VG; (3)65, 67
       Lewis &. Clark 650.00 700.00 1000.00 1075.00 {{{Norfolk}}} 115.00 122.50 145.00 + 155.00 Pan Pacific 51
   id ['per_recessions-depressions-and-economic-panics-in-_gold-panic-investigation_1870_1']
       Secretary will be besieged to {{{sell gold}}}, and he will be besieged not to {{{sell gold}}}, and he ought to have honest
       anxious to {{{sell gold}}}. If business will be injured, omit sales for to-day. If you do not {{{sell gold}}} you wr
   id ['coindealernewsle1993coin']
       00 230.00 250.00 260 280 330 360 440 490 1936 {{{Norfolk}}}, VA, Bicentennial 335.00 340.00 355.00 370.00
       47,000.00 7,800.00 12,500.00 Three-Cent Nickel ({{{1865}}}-1889) Three-Cent Sil, TI (1851-53) Three-Cent
   id ['numismaticnewswe2150unse']
       Ch BU 115 00 SCH Uncs 90.00 Unc 80.00 {{{1865}}}/4, Ch BU 359.00 {{{1865}}}, Ch BU 115.00 Ch Unc 90.00 BU 80.00 1868
       a non-proof 325.00 THREE CENT NICKEL {{{1865}}}, GEM BU “ 62.50 {{{1865}}}, Ch BU ze he BU 45.00 ~ 1866, Ch AU 20
   id ['numismaticscrapb23n6hewi']
       Page 1093 3c NICKEL {{{1865}}} VG-F .50; F-VF .75 {{{1865}}} VF 1.00; AU 1.50 {{{1865}}} Unc 2.50 66 VG-F
       refuse to {{{sell gold}}} in amounts less than twenty-five ounces, and shall not {{{sell gold}}} under
(all) | "ponchos are not on hand" | 0
papersofulyssess0014gran | ponchos | 0
(all) | "ponchos" Ingalls | ERR HTTP Error 502: Bad Gateway
(all) | "Monohansett will leave" | 2
   id ['sim_zions-herald_1866-08-08_37_32']
       Martha’s Vineyard, as follows : Steamer {{{Monohansett will leave}}} New Bedford for the Cam Ground, Monday
   id ['sim_zions-herald_1866-08-01_37_31']
       Grove, tha’s Vineyard, as follows: eamer {{{Monohansett will leave}}} New Bedford for the Comp Ground, Monday
papersofulyssess0014gran | Monohansett | 0
(all) | "no torpedoes on hand" | 0
(all) | "forward immediately on receipt" | 10
   id ['StateDeptcable1977-101988']
       NOTIFICATION OF THIS DECISION. WE WILL {{{FORWARD IMMEDIATELY ON RECEIPT}}} TO EUR/SOV/ EXCHANGES FOR TRANSMITTAL
   id ['gov.in.archives.NAIDLF01051749']
       1745 T.O.R. 0745 S. No. (2) t not up {{{forward immediately on receipt}}}. Your telegram No. 2543 PT November
   id ['sim_todays-secretary_1915-07-15_17_11']
       satisfactory and our check will go {{{forward immediately on receipt}}} of your bill. Thanking you for your
   id ['sim_mining-journal_1859-02-05_29_1224']
       of ore, the assays of which I will {{{forward immediately on receipt}}} of them. — William Godden, Feb. 1:
   id ['per_times_the-times_1932-09-17_46241_0']
       they | have received to date and {{{forward immediately | /on receipt}}} any later entries received up to |
   id ['oxfordshirelightinfantrychroniclevol26vol27']
       will hold itself in readiness to move {{{forward immediately on receipt}}} of orders to support 2nd Guards Brigade
