BE warofrebellion014602rootrich | "Suwo Nada" | ERR HTTP Error 502: Bad Gateway
BE (all) | "Ben De Ford is not here" | ERR HTTP Error 502: Bad Gateway
BE (all) | "Western Metropolis" Alliance Montauk | 10
       ['greatchicagofire0000mill'] :: the power of male ambition. Through the eventual {{{alliance}}} of Dennis and Christine, Roe suggests the qualities destruction had revealed about their past work, made an {{{alliance}}} with the boosters that would come to haunt them yesterday were the pride and glory of the chief {{{Western metrop
       ['sim_independent_1912-04-25_72_3308'] :: RENNIE, Gen. Pass. Agent, {{{Western Metropolis}}} Nat’l Bank Bldg, ep {{{Western Metropolis}}} Nat’l Bank Bldg., 625 aceused Mr. Roosevelt of mendacity, the use of an {{{alliance}}} of crooked business with crook- ed politics, and mean low tide, is the same at Sandy Hook and at {{{Montauk}}} Point,
       ['americanapocalyp0000mill'] :: power of male ambition. Through the eventual {{{alliance}}} of Dennis and Christine, Roe suggests the revealed about their past work, made an {{{alliance}}} with the boosters that would come to haunt the pride and glory of the chief {{{Western metropolis}}}, are today indeed, a mass of scat¬ Burnham
       ['inoldenewyorksk00toddgoog'] :: mark of its favor. On the 29th of May, 1778, the {{{Alliance}}}, a fine and uncommonly fast frigate of thirty-six squadron composed of four French vessels and the {{{Alliance}}} had rendezvoused in order to make a swoop on the fleet, merit attention. It was charged that the {{{Alliance}}} held aloof
       ['inoldenewyorkske0000char'] :: mark of its favor. On the 29th of May, 1778, the {{{Alliance}}}, a fine and uncommonly fast frigate of thirty-six Admiral Pierre Landais. The memorable voyage of the {{{Alliance}}}, the motley character of her crew —a part of whom squadron composed of four French vessels and the {{{Alliance}}} had r
BE (all) | "light draft steamers" "Eliza Hancox" | 10
       ['assaultlogistics0000gibs'] :: their mobility to be provided by a fleet of {{{light draft steamers}}} and sailing vessels in conjunction with from the offlying transports. Two of the {{{light draft steamers}}} towed the surf boats part way into the beach were that they were to assemble all the {{{light draft steamers}}} that coul
       ['civilwarnavalchr0000vari'] :: similarly dispersed an attack on Union transport {{{Eliza Hancox}}} at Cumberland Point, Virginia. Secretary Mallory purchasing ten sound, strong, and swift {{{light-draft steamers}}}, to be converted into gunboats.’’ Ten were
       ['warofrebellion431unit'] :: by road or boats if the proper {{{light draft steamers}}} could be furnished. The stern-wheel General Terry’s corps will embark on {{{light-draft steamers}}} at the Federal Point Whaaf, and move captured at Savannah aud of the {{{light- draft steamers}}} sent to Port Eoyal and Savannah days’ rations
       ['officialrecordso0011unse'] :: from the tugs. At 10: 40 p. m. the {{{Eliza Hancox}}} came within hail and requested Captain number of our people. At 4 : 10 the {{{Eliza Hancox}}} came within hail and requested us to were fired from a rebel fort at the {{{Eliza Hancox}}} Januaonj ^.-Embarking prisoners. At 7:40 ten minutes. At 10 
       ['warofrebellionco0047dani'] :: supplies by road or boats if the proper {{{light draft ‘steamers}}} could be furnished. The stern-wheel steamers of General Terry’s corps will embark on {{{light-draft steamers}}} at the Federal Point Wharf, and move outside steamers captured at Savannah and of the {{{light- draft steamers}}} sent t
BE (all) | "Eliza Hancox" Winants | 10
       ['bardbrotherspain0000unse'] :: George T: Olyphant , {{{Eliza Hancox}}} (cut down) 18% x 36%" PC 1864 Glen Cove {{{Eliza Hancox}}} 15 x 39%" 1863 Glen presentation pieces. The drawings for Alice C. Price, {{{Eliza Hancox}}}, and Seneca contain notes entered on ruled lines Se | a SCUNTIY Tt JAMES BARD AMANDA {{{WINANTS}}} Undated. 
       ['jjbardpicturepai0000unse'] :: actually presentation pieces. The Alice C. Price, {{{Eliza Hancox}}} and Seneca (all Mariners Museum) drawings contain Schultz, Oleander, Samuel L. Brewster Amanda {{{Winants}}}, Blackbird, Charles Chamberlain, River Queen, William 1845 Oil 1846 New-York Historical Society Amanda {{{Winants}}} 1863 
       ['steamvesselsbuil0000reus'] :: during the war. 104 AMANDA {{{WINANTS}}} (1864) 139 L yy eal The AMANDA {{{WINANTS}}}. From a painting by James Bard completion by Terry at Keyport, the {{{WINANTS}}} was first enrolled with Garret {{{Winants}}} of New York City in early February February 1864 and in mid February with {{{Winants}}} 
       ['merchantsteamves0000will'] :: 1863 | New York, N.Y. Mobile, Ala. Adonis (See {{{Eliza Hancox}}}) Pp Adriatic 381 | 1835 | Cincinnati, Ohio Cincinnati Turner Alvira (1234) Amanda Amanda (589) Amanda {{{Winants}}} (808) Amaranth Amaranth Amaranth Amaranth (595) (7230) 8 |1866 | Buffalo, N.Y. Buffalo, N.Y. p |{{{Eliza Hancox}}} (77
       ['bwb_Y0-BYU-038'] :: 1863 | New York, N.Y. Mobile, Ala. Adonis (See {{{Eliza Hancox}}}) p |Adriatic 381 | 1835 | Cincinnati, Ohio Cincinnati p | Amanda (589) Metropolis, Ill. p | Amanda {{{Winants}}} (808) Keyport, N.J. p | Amaranth Sharpsburg, Pa Anderson (7967) liza Battle Eliza Fox (7230) {{{Eliza Hancox}}} (7711)3 E
BE (all) | "in time to sail with the rest" | 10
       ['historiographer_late-pentecost-2006_44_3'] :: determination. Eventually he recovered, just {{{in time to sail with the rest}}} of the colonists. They first landed
       ['ourfourfootedfri1945anim'] :: cember and failed to take her on board {{{in time to sail with the rest}}} of her Merchant Marine crew. She was
       ['davidfarragutmid0000rnch_d9f9'] :: of her new duties was not completed {{{in time to sail with the rest}}} of Com- modore Rodger’s squadron. She
       ['86-en-peerez-dobarro-et-al'] :: Barbiere would not arrive in Liverpool {{{in time to sail with the rest}}} of the troupe. She would reach New York
       ['davidfarragutmid0000unse'] :: of her new duties was not completed {{{in time to sail with the rest}}} of Com- modore Rodger’s squadron. She
BE (all) | "over to the medical department" Blackstone | 10
       ['houseofcorrectio00clau'] :: grounds should not be turned {{{over to the medical department}}} of the House of Correction, was the quality of food. We have no {{{Blackstone}}} fare out here, but, what a difference
       ['houseofcorrectio00chic'] :: grounds should not be turned {{{over to the medical department}}} of the House of Correction, was the quality of food. We have no {{{Blackstone}}} fare out here, but, what a difference
       ['per_fayetteville-observer_fayetteville-observer_1862-11-17_12_1178'] :: three barrels—was seized and turned {{{over to the medical department}}}. Savannah Republican. Supplies for Starkie o« Evidence, Sih E:isiou. *' | 1 it a elle {{{Blackstone}}}; Byles’ on il Sharswood. y 8 —— TIA 1 vu 1 en
       ['per_chicago-daily-tribune_1918-11-16_77_275'] :: Johnson, who arrested | him a fortnight 22 the {{{Blackstone}}}, tow Lieut. Drosgfter- — ne ob- settled down been con- templating bringing suit against the {{{Blackstone}}} hotel and Tracy Drake for $100,000 for false EPISCOPAL. McCabe Memorial M. E. 5 - CHURCH, 5400 {{{BLACKSTONE}}}-AV. The Rev. Ge
       ['14321920RX2.nlm.nih.gov'] :: with ; dirt and grease when turned {{{over to the medical department}}}. The 51. Memo to Rockwell, ppe 39-43 certain assist- ance, 6 "Landing Operations, {{{Blackstone}}}, Report of Medical Department," from the Medical tradition of the Navy.” 6 12. “Landing Operations, {{{Blackstone}}}, Report of M
BE (all) | "reported from Jamestown" | ERR HTTP Error 502: Bad Gateway
BE (all) | "C. C. Leary is just in" | 0
BE (all) | "Leary" "ten days coal" | 10
       ['per_alexandria-gazette-packet_alexandria-gazette_1921-08-17_137_195'] :: York, Aug. 17.—Miss Maria {{{Leary}}}, 16-year-old daughter of Mr. and Mrs. Alfred {{{Leary}}}, of Cradell, N. J., attempted That said de- ———|fendant appear here within {{{ten days COAL}}} ‘FOR ' THE CITY SCHOOLS after due publication
       ['napanee-express-march-6-1928'] :: es jon 51 of Chapter Napaneg, E aa — ‘ ae Gladys {{{Leary}}}, | uzel. Navin, A cuit WELFA CLINIC FOR sd R ated baited some distance down the path. “1 huve gust {{{leary}}}, sir.” began Ana tole, with # bow, “of the great Alberta gives courses in agriculture lasting {{{ten days. Coal}}} From Alberta 
       ['sim_new-york-times_the-new-york-times_1866-04-09_15_4535'] :: éhips of this line have excellent accom- ARTOUR {{{LEARY}}}, No. 73 William-st. MISCELLANEOUS. DGER PAPER from nage was 1,465 tons, old measurement, and with {{{ten days’ coal}}} she was estimated to carry about 1,500 tons heats, to a0 as | bi ally fn all his labors smong {{{Leary}}} £. Brody, of he
       ['sim_armed-forces-journal_1920-05-22_57_38'] :: S. New Hampshire. Lieut. G. D. Custer to U.S.S. {{{Leary}}} _ Ensign W. J. Daly to Naval Air Station, Hampto: dis- Major N. D. Newman, U.S.A.; Comdr. H. FP. {{{Leary}}} ‘and J. F. White, U.S.N. The party was niet by Major HERBERT, Lieut. Comdr. W. W. Smith. Newport, R.I. {{{LEARY}}}, Comdr. F. C. Ma
       ['sim_home-improvement-center_1902-10-18_1430'] :: is reported. AMERICAN HARDWOODS IN LONDON. C. {{{Leary}}} & Co., of London, under date of September 30, referring prod- ucts, find themselves with a week or {{{ten days’ coal}}} supply on hand, with no prospect of obtaining 50 AMERICAN LUMBERMAN. OcToBErR 18, 1902. C. {{{Leary}}} & Co. AMERICAN LOGS
BE (all) | "if General Butler has left" | 0
BE (all) | "mention that I inquired" | 10
       ['sim_photo-era-magazine-the-american-journal-of-photography_1902-01_8_1'] :: enter pictures here.” “Did not Dante {{{mention that?” I inquired}}}. “There have been many changes since his
       ['storiessea00howegoog'] :: " said Farnham. "Be good enough not to {{{mention that I inquired}}} ; he might consider it an impertinence;"
       ['storiessea01howegoog'] :: " said Farnham. "Be good enough not to {{{mention that I inquired}}}; he might consider it an impertinence;"
       ['stillwatertraged02aldriala'] :: "any time will do. You needn't {{{mention that I inquired}}} for him," and Mr. Slocum returned
       ['riversyndicateot0000carr'] :: ” said Farnham. “Be good enough not to {{{mention that I inquired}}}; he might consider it an impertinence”;
BE-RETRY warofrebellion014602rootrich | "Suwo Nada" | ERR HTTP Error 502: Bad Gateway
BE-RETRY (all) | "Ben De Ford is not here" | ERR HTTP Error 502: Bad Gateway
BE-RETRY (all) | "reported from Jamestown" | 10
       ['cherryleafbeetle352cush'] :: came in June. However, the beetle was {{{reported from Jamestown}}}, N. Y., as early as May 12, and from Williamsport in the grape belt, for an outbreak was {{{reported from Jamestown}}}, N. Y., about 25 miles south of Lake Erie
       ['department-bulletin-us-department-of-agriculture_1916-05-05_352'] :: came in June. However, the beetle was {{{reported from Jamestown}}}, N. Y., as early as May 12, and from Williamsport in the grape belt, for an outbreak was {{{reported from Jamestown}}}, N. Y., about 25 miles south of Lake Erie
       ['inse1421unit'] :: " H. A. Gossard. "Has toon {{{reported from Jamestown}}} and Jackson, doing very serious injury
       ['sim_missionary-helper_1901-09_24_9'] :: Rhode Island! Two Cradle- Roll members are {{{reported from Jamestown}}}, Kan.— Inez Goodell and Ruby Marguerite
