(all) | "Steamers all ready coaled and loaded with proper rations" | 7
    ['warofrebellionco46p2unit'] 
       Assistant  Quartermaster: {{{Steamers  all  ready  coaled  and  loaded  with  proper  rations}}}.  The  list will 
    ['warrebellionaco41offigoog'] 
       Assistant  Quartermaster: {{{Steamers  all  ready  coaled  and  loaded  with  proper  rations}}}.    The  list will
    ['warofrebellion014602rootrich'] 
       Assistant  Quartermaster : {{{Steamers  all  ready  coaled  and  loaded  with  proper  rations}}}.     The  list will
    ['warofrebellion462unit'] 
       Assistant  Quartermaster : {{{Steamers  all  ready  coaled  and  loaded  with  proper  rations}}}.  The  list will 
    ['cu31924077729014'] 
       Assistant  Quartermaster : {{{Steamers  all  ready  coaled  and  loaded  with  proper  rations}}}.    The  list will
(all) | "one battery with each division" | ERR HTTP Error 502: Bad Gateway
(all) | "bring those from Kentucky" | 0
(all) | "station be established at Yorktown" | 0
(all) | "one of the going steamers" | 0
(all) | "so that Colonel Wright can commence work" | 0
(all) | "Col Wright can commence work" | 1
    ['papersofulyssess0014gran'] 
       flat cars sent here at once, so that {{{Col Wright can commence work}}}. None have arrived at this place or
(all) | "the Baltic got off for" | 0
(all) | "return to Annapolis where she can take" | 0
(all) | "steamship Champion arrived" | ERR HTTP Error 502: Bad Gateway
(all) | "Champion arrived here from Wilmington" | 0
(all) | "reached Fayetteville" "intact" | ERR HTTP Error 502: Bad Gateway
be-api requests 12
LOC | Champion Fayetteville Wilmington | 25 results
    1865-03-18 Image 2 of The Portland daily press (Portland, Me. http://www.loc.gov/resource/sn83016025/1865-03-18/ed-1/?sp=2
    1865-03-17 Image 2 of Ellsworth American (Ellsworth, Me.), Ma http://www.loc.gov/resource/sn84022374/1865-03-17/ed-1/?sp=2
    1865-03-16 Image 2 of The Portland daily press (Portland, Me. http://www.loc.gov/resource/sn83016025/1865-03-16/ed-1/?sp=2
    1865-03-20 Image 2 of Canton weekly register (Canton, Ill.),  http://www.loc.gov/resource/sn84038367/1865-03-20/ed-1/?sp=2
    1865-03-16 Image 4 of New-York daily tribune (New-York [N.Y.] http://www.loc.gov/resource/sn83030213/1865-03-16/ed-1/?sp=4
    1865-03-25 Image 4 of The Shasta courier (Shasta, Calif.), Ma http://www.loc.gov/resource/sn82015099/1865-03-25/ed-1/?sp=4
    1865-03-16 Image 3 of Daily Ohio statesman (Columbus, Ohio),  http://www.loc.gov/resource/sn84028645/1865-03-16/ed-1/?sp=3
    1865-03-16 Image 1 of Cleveland morning leader (Cleveland [Oh http://www.loc.gov/resource/sn83035143/1865-03-16/ed-1/?sp=1
    1865-03-18 Image 1 of The Wheeling daily register (Wheeling,  http://www.loc.gov/resource/sn84026847/1865-03-18/ed-1/?sp=1
    1865-03-15 Image 3 of Dayton daily empire (Dayton [Ohio]), Ma http://www.loc.gov/resource/sn85026002/1865-03-15/ed-1/?sp=3
    1865-03-16 Image 1 of Evansville daily journal (Evansville, I http://www.loc.gov/resource/sn86059181/1865-03-16/ed-1/?sp=1
    1865-03-22 Image 1 of Daily national Democrat (Little Rock, A http://www.loc.gov/resource/sn82014888/1865-03-22/ed-1/?sp=1
    1865-03-16 Image 2 of Baltimore Wecker (Baltimore [Md.]), Mar http://www.loc.gov/resource/sn85025148/1865-03-16/ed-1/?sp=2
    1865-03-16 Image 1 of Chicago tribune (Chicago, Ill.), March  http://www.loc.gov/resource/sn82014064/1865-03-16/ed-1/?sp=1
    1865-03-23 Image 2 of Monmouth herald & inquirer (Freehold, N http://www.loc.gov/resource/sn83032312/1865-03-23/ed-1/?sp=2
    1865-03-16 Image 1 of The New York herald (New York [N.Y.]),  http://www.loc.gov/resource/sn83030313/1865-03-16/ed-1/?sp=1
    1865-03-16 Image 3 of Daily national intelligencer (Washingto http://www.loc.gov/resource/sn83026172/1865-03-16/ed-1/?sp=3
    1865-03-24 Image 1 of Evansville daily journal (Evansville, I http://www.loc.gov/resource/sn86059181/1865-03-24/ed-1/?sp=1
    1865-03-17 Image 2 of Vermont watchman and State journal (Mon http://www.loc.gov/resource/sn84023200/1865-03-17/ed-1/?sp=2
    1865-03-18 Image 3 of Gold Hill daily news (Gold Hill, N.T. [ http://www.loc.gov/resource/sn84022046/1865-03-18/ed-1/?sp=3
    1865-03-16 Image 1 of Evening star (Washington, D.C.), March  http://www.loc.gov/resource/sn83045462/1865-03-16/ed-1/?sp=1
    1865-03-23 Image 2 of Pomeroy weekly telegraph (Pomeroy, Meig http://www.loc.gov/resource/sn85038184/1865-03-23/ed-1/?sp=2
    1865-03-20 Image 2 of Richmond Whig (Richmond, Va.), March 20 http://www.loc.gov/resource/sn84024669/1865-03-20/ed-1/?sp=2
    1865-03-15 Image 4 of New-York daily tribune (New-York [N.Y.] http://www.loc.gov/resource/sn83030213/1865-03-15/ed-1/?sp=4
    1865-03-22 Image 2 of Richmond Whig (Richmond, Va.), March 22 http://www.loc.gov/resource/sn84024669/1865-03-22/ed-1/?sp=2
LOC | steamship Champion arrived Wilmington | 9 results
    1865-03-16 Image 4 of New-York daily tribune (New-York [N.Y.] http://www.loc.gov/resource/sn83030213/1865-03-16/ed-1/?sp=4
    1865-03-16 Image 1 of The New York herald (New York [N.Y.]),  http://www.loc.gov/resource/sn83030313/1865-03-16/ed-1/?sp=1
    1865-03-17 Image 4 of Daily national Republican (Washington,  http://www.loc.gov/resource/sn86053570/1865-03-17/ed-1/?sp=4
    1865-03-16 Image 2 of The Portland daily press (Portland, Me. http://www.loc.gov/resource/sn83016025/1865-03-16/ed-1/?sp=2
    1865-03-16 Image 3 of Daily national intelligencer (Washingto http://www.loc.gov/resource/sn83026172/1865-03-16/ed-1/?sp=3
    1865-03-16 Image 1 of Evening star (Washington, D.C.), March  http://www.loc.gov/resource/sn83045462/1865-03-16/ed-1/?sp=1
    1865-03-17 Image 2 of Burlington free press (Burlington, Vt.) http://www.loc.gov/resource/sn84023127/1865-03-17/ed-1/?sp=2
    1865-03-16 Image 2 of Evening star (Washington, D.C.), March  http://www.loc.gov/resource/sn83045462/1865-03-16/ed-1/?sp=2
    1865-03-14 Image 3 of Daily Ohio statesman (Columbus, Ohio),  http://www.loc.gov/resource/sn84028645/1865-03-14/ed-1/?sp=3
LOC | Champion Fayetteville intact | 0 results
loc requests 3
