GB CTRL-E531 | "six vessels" Oriental intitle:Grant | total 1 | grant-papers 1
      vol 13 :: ... Oriental &#39; seven hundred &amp; seventy eight ( 778 ) men has sailed — The &#39; Suwo Nada &#39; nine hundred &amp; thirty ( 930 ) men will start in half an hour — This makes six vessels , 5109 men , all as ordered— &quot; ALS ( telegram sent ) , ibid&nbsp;...
GB E555 | "Meagher's division" Rucker Annapolis intitle:Grant | total 0 | grant-papers 0
GB E555 | "mule teams" ambulances "23d Corps" Rucker intitle:Grant | total 0 | grant-papers 0
GB E555 | "prepared and loaded" intitle:Grant | total 3 | grant-papers 0
GB E555 | "102" ambulances "306" intitle:Grant | total 0 | grant-papers 0
GB E536 | "Pennypacker" "Vanderbilt" Tribune intitle:Grant | total 0 | grant-papers 0
GB E536 | "stunning report" Fisher intitle:Grant | total 0 | grant-papers 0
GB E536 | "bright flash" Fisher magazine intitle:Grant | total 0 | grant-papers 0
GB E536 | Tribune correspondent Dana "Fort Fisher" Hall intitle:Grant | total 0 | grant-papers 0
GB E568 | "double line" Goldsboro "Morehead City" intitle:Grant | total 0 | grant-papers 0
GB E568 | O'Brien telegraph "construction parties" intitle:Grant | total 0 | grant-papers 0
GB E568 | "difficulty of getting operators" intitle:Grant | total 2 | grant-papers 0
GB E568 | O'Brien Schofield telegraph line Wilmington "Fort Fisher" operators intitle:Grant | total 0 | grant-papers 0
GB E541 | "Nevada" recruits "City Point" Rucker Webster intitle:Grant | total 0 | grant-papers 0
GB E541 | Stromboli torpedoes Lynch Wise intitle:Grant | total 0 | grant-papers 0
GB E541 | "sea-going steam vessels" Monroe intitle:Grant | total 0 | grant-papers 0
GB E541 | "next five or six days" Monroe intitle:Grant | total 1 | grant-papers 0
GB E576 | Boyle guide Blackwater Gordon intitle:Grant | total 0 | grant-papers 0
GB E576 | "Broad Ford" Blackwater intitle:Grant | total 0 | grant-papers 0
GB E576 | Blackwater "Army of the Potomac" bridging Nottoway intitle:Grant | total 0 | grant-papers 0
GB E576 | "twenty-two miles from Suffolk" intitle:Grant | total 0 | grant-papers 0
GB E575 | Gordon gunboats Suffolk Nansemond cavalry pontoons Ord intitle:Grant | total 0 | grant-papers 0
GB E575 | "Sumner's cavalry" Norfolk Gordon Ord intitle:Grant | total 0 | grant-papers 0
GB E575 | "how much water" gunboats Suffolk intitle:Grant | total 0 | grant-papers 0
GB E575 | Emerick Gordon Ord Nansemond intitle:Grant | total 0 | grant-papers 0
BE warofrebellion014602rootrich | "Suwo Nada" | 1
       ['warofrebellion014602rootrich'] :: Quartermaster-General : Can also obtain the {{{Suwo Nada}}}— 1,200 men, and sixteen feet loaded; she three detached from Fort Monroe, and the {{{Suwo Nada}}}, on her way from New York, will be able NEWPORT, Quartermaster, Baltimore : Including- {{{Suwo Nada}}}, Ashland, and Oriental, have you transp
BE (all) | "Fort Fisher is ours" "stunning report" | 2
       ['civilwarextrafro0000unse_v9q5'] :: to have their ears made forever deaf by the {{{stunning report}}}, hundreds of persons paced the veseels’ decks Alter three days and nights of bombardment, {{{Fort Fisher is ours}}}, with all the contiguous works com- manding
       ['civilwarextrafro0000unse'] :: to have ther ears made forever dest by the {{{stunning report}}}, hundreds of persons paced the. vessels’ decks Alter three days and pights of bombardment, {{{Fort Fisher is ours}}}, with all the contiguous works com- manding
BE (all) | "Bell and Pennypacker" | 6
       ['per_civil-war-and-reconstruction_the-last-year-of-th-h-carolina_waddell-alfred-moo_1887'] :: of three brigades, commanded by Curtis, {{{Bell and Pennypacker}}}, supported subsequently by Abbott’s brigade
       ['per_civil-war-and-reconstruction_the-last-year-of-th-ntonsville_waddell-a-m_1888'] :: of three brigades, commanded by Curtis, {{{Bell and Pennypacker}}}, supported subsequently by Abbott’s brigade
       ['per_civil-war-and-reconstruction_the-last-year-of-th-h-carolina_waddell-a-m_1888'] :: of three brigades, commanded by Curtis, {{{Bell and Pennypacker}}}, supported subsequently by Abbott’s brigade
       ['lastyearofwarinn00wadd'] :: three brigades, commanded by Curtis, {{{Bell and Pennypacker}}}, supported subsequently by Abbott's
       ['fortfisher00harb'] :: were to advance to triumph ! Curtis, {{{Bell and Pennypacker}}} went down before the muskets of the
BE (all) | "bright flash was seen to proceed" | 0
BE (all) | "well sustained assault of four hours" | 0
BE (all) | "Meagher's division" "mule teams" Rucker | 10
       ['11037389bsb'] :: General {{{Rucker}}}, leaving their commands in camp until such time as, upon conference with General {{{Rucker}}}, shall ee sree Together with 273 six-{{{mule teams}}}, 69 four-horse and {{{mule teams}}}, horse teams, 31 two-horse ambulance at the north, as required. Major General D. H. {{{Rucker}}
       ['cu31924085376618'] :: assistant quartermaster, pontoon train, five six-{{{mule teams}}} with harness and wagons complete for the quartermaster, will confer with Brigadier-General {{{Rucker}}}, assistant chief quartermaster, in reference a. m. to the Secretary of War.* General {{{Rucker}}} thinks it will be impossible to 
       ['annualreportswa57deptgoog'] :: 987 Together with 273 six-{{{mule teams}}}, 69 four-horse and {{{mule teams}}}, 20 two- horse teams, 31 as required. Brevet Major General D. H. {{{Rucker}}} has continued in charge of the great depot requisition at once upon Brigadier General {{{Rucker}}}, leaving their commands in camp until such s
       ['warofrebellionco0047dani'] :: assistant quartermaster, pontoon train, five six-{{{mule teams}}} with harness and wagons complete for the use quartermaster, will confer with Brigadier-General {{{Rucker}}}, assistant chief quartermaster, in reference to January 28, 1865—1.30 p.m. — Brig. Gen. D. H. {{{RUCKER}}}, ai Chief Quarterma
       ['housedocumentso69unkngoog'] :: General {{{Rucker}}}, leaving their commands in camp until such time as, upon conference with General {{{Rucker}}}, shall 987 Together with 273 six-{{{mule teams}}}, 69 four-horse and {{{mule teams}}}, 20 two- horse t(*ams, 31 two-horse (Part 1) 88. Report of Brevet Major General D. H. {{{Rucker}}},
BE (all) | "double line from Morehead City" | ERR HTTP Error 502: Bad Gateway
BE (all) | "vices and straps" | 10
       ['littleredchair0000alan'] :: the spine in the desired position when the {{{vices and straps}}} were removed. I would stay in the cast for
       ['reportsoftownoff1894attl'] :: Department. One pair of climbers, two {{{vices and straps}}}, two pair of pliers, one bit stock
       ['everydaylegendso0000bade'] :: version of Meccano with a series of {{{vices and straps}}} and levers, which all fit onto a simple
       ['sim_ladies-home-journal_1907-03_24_4'] :: eliminates the necessity of any harness-like de- {{{vices and straps}}}, hitherto deemed essential on cor- sets of
       ['mayorsmessage1890balt'] :: 614 REPORT OF THE 2 copper-faced {{{vices and straps}}}. i- doz. pike poles. 1 oil stone. 400
BE (all) | "torpedoes of the kind you name" | 0
BE (all) | "those on board the Stromboli" | 10
       ['cu31924082160916'] :: twelfth, by our own marines and {{{those on board the Stromboli}}}. I then proceeded to have her board this ship, as well as {{{those on board the Stromboli}}}, are making every effort to attain
       ['memoirsoffrancis0001unse'] :: the twelfth, by our own marines and {{{those on board the Stromboli}}}. I then proceeded to have her emptied although all on board this ship, as well as {{{those on board the Stromboli}}}, are making every effort to attain the
       ['memoirsoffrances01crisiala'] :: twelfth, by our own marines and {{{those on board the Stromboli}}}. I then proceeded to have her board this ship, as well as {{{those on board the Stromboli}}}, are making every effort to attain
       ['memoirsoffrances01crisuoft'] :: twelfth, by our own marines and {{{those on board the Stromboli}}}. I then proceeded to have her board this ship, as well as {{{those on board the Stromboli}}}, are making every effort to attain
       ['memoirsoffrances0001cris'] :: board this ship, as well as {{{those on board the Stromboli}}}, are making every effort to attain
BE (all) | "guide Boyle" | 10
       ['bim_eighteenth-century_the-progress-of-physic_cowper-ashley_1743'] :: employ'd; The True Philoſopher*s unerring f {{{Guide Boyle}}}, for no Syſtems anxious to contend, Experiment
       ['esn20080509'] :: front-line and management experience that will help {{{guide Boyle}}} Street as it faces new challenges of meeting
       ['httpgcr.khuisf.ac.irbrowse_actionissue'] :: Monument" written in 1931 by WP. Weber to use as a {{{guide (Boyle}}} Laura Spelman Rockefeller Foundation (Roosevelt
       ['robertboylefound00soot'] :: existence. Using the Florentine model as a {{{guide, Boyle}}} set his glass blowers to work and soon
       ['topicalstudiesre0000loui'] :: Agricultural Periodicals. 12. The Readers’ {{{Guide. . Boyle}}}, J. E. XLVII. THE FARMERS MOVEMENT. 1914-1923
BE (all) | "Broad Ford" Blackwater Suffolk | 10
       ['braintreephotogr0000poss'] :: part of the Roman road to {{{Suffolk}}}, and it takes its name from the ‘{{{broad ford}}}’ which once existed over researches he has published books on the Essex and {{{Suffolk}}} Silk Industry and life locally during WW1 as well converged from Chelmsford, Cambridge, Rivenhall and {{{Suffolk}}}. The
       ['bloody85thletter0000mcju'] :: this letter. 83 The {{{Blackwater}}} River is approximately twenty miles west of {{{Suffolk}}}. 65 and overcoat{,] engagement at {{{Suffolk}}} the 10th of September, which was quickly followed by the engagement of {{{Blackwater}}} in October Yorktown, Williamsburg, Fair Oaks, Seven Days, {{{Suffolk}
       ['penguindictionar0000room'] :: ‘(place at the) {{{broad ford}}}’. O& brad, ‘{{{broad’, + ford}}}, ‘ford’. The original ‘{{{broad ford}}}’ would have been from BARNHAM, {{{Suffolk}}}, 23 miles to the southwest. DB Bernham. Barningham (village, {{{Suffolk}}}): ‘homestead Torrington. See TORRINGTON. {{{Blackwater}}} (village, Hants)
       ['scm15449-4'] :: - ACREAGE - {{{BROAD FORD}}} DAM — 37 43 wooded acres offering an excellent view of {{{Broad Ford}}} Dam; ideal tor -Adv. 17-4t. WANT TO TRADE - a good {{{Suffolk}}} buck for another {{{Suffolk}}}. No telephone, William Holtschneider - ACREAGE - {{{BROAD FORD}}} DAM — 37 43 wooded acres offering an 
       ['riversofsouth0000unse'] :: Waldringfield, {{{Suffolk}}} 49 The river Alde at Snape Bridge, {{{Suffolk}}} 49 The river Orwell below Ipswich, {{{Suffolk}}} 52 The borders of {{{Suffolk}}} and Essex 53 Flatford Bridge from the banks of the river Stour, {{{Suffolk}}} 53 An Essex river Deben at Waldringfield, {{{Suffolk}}} The riv
BE (all) | "how much water can your gunboats" | 0
BE (all) | "leave word where they had better land" | ERR HTTP Error 502: Bad Gateway
BE officialrecordso0012unse | Stromboli | 0
BE officialrecordso0012unse | Nansemond | ERR HTTP Error 502: Bad Gateway
LOC "Pennypacker" Vanderbilt "bright flash" 1865-01-17/1865-01-31 | results 0
LOC "stunning report" Fisher magazine 1865-01-17/1865-01-31 | results 1
       1865-01-18 Image 1 of New-York daily tribune (New-York [N.Y.]), January 18, 1865 http://www.loc.gov/resource/sn83030213/1865-01-18/ed-1/?sp=1
LOC Tribune "Fort Fisher is ours" Pennypacker Bell 1865-01-17/1865-01-25 | results 1
       1865-01-19 Image 1 of New-York daily tribune (New-York [N.Y.]), January 19, 1865 http://www.loc.gov/resource/sn83030213/1865-01-19/ed-1/?sp=1
LOC "Meagher" "mule teams" ambulances Annapolis 1865-02-08/1865-02-20 | results 0
