volumes searched: 191 (argv: )
E518 5864/1 | Elias Smith | none
E518 5864/1 | correspondent of the New York Tribune | none
E518 5864/1 | desires permission to go | none
E518 5864/1 | next boat joining the expedition | none
E518 5864/1 | will permit him to pass | none
E526 5867/2 | no other vessels of forage | none
E526 5867/2 | no troops arrived nor sailed | none
E526 5867/2 | have not seen General Abbott | none
E526 5867/2 | nor sailed | none
E526 5867/2 | add to Ingalls | none
E527 5869/1 | Butler is relieved | privateofficialc05butl[3],telegraphinginba00obri[1],warofrebellion014602rootrich[3],warofrebellion363unit[1]
E527 5869/1 | I think I will resign | none
E527 5869/1 | what are you going to do | historyofuniteds00bake[2],histsecretservice00bakerich[2],warofrebellion402unit[1]
E527 5869/1 | George J. Carney | warofrebellion33unit[1]
E527 5869/1 | Frank J. White | privateofficialc05butl[3],warofrebellion014602rootrich[12],warofrebellion33unit[2],warofrebellion422unit[2],warofrebellion423unit[1],warofrebellion463unit[1]
E527 5869/1 | superintendent of negro affairs | privateofficialc05butl[1],wardiaryevents00gordrich[1],warofrebellion014602rootrich[1],warofrebellion33unit[2]
E527 5869/1 | forwarded to the War Department for approval | none
E546 5890/2 | ordered to Portsmouth | historyofuniteds00bake[1],histsecretservice00bakerich[1],officialrecords10librgoog[1]
E546 5890/2 | I do not wish to go | warofrebellion393unit[1]
E546 5890/2 | have me detached here | none
E546 5890/2 | executive officer | historyofuniteds00bake[1],histsecretservice00bakerich[1],officialrecords10librgoog[24],officialrecordso0009unse[61],officialrecordso0010unse[30],officialrecordso0011unse[70],officialrecordso0015unse[39],officialrecordso0021unse[83],privateofficialc05butl[1],recollectionsofc00danauoft[1],reminiscencesofw00sewauoft[1],wardiaryevents00gordrich[1],warofrebellion014602rootrich[2],warofrebellion0207rootrich[5],warofrebellion352unit[2],warofrebellion423unit[1],warofrebellion431unit[1],warofrebellion44unit[1],warofrebellion463unit[1],williamhsewardau03sewa[1]
E546 5890/2 | Lieutenant Commander Parker | officialrecords10librgoog[7],officialrecordso0009unse[2],officialrecordso0010unse[1],officialrecordso0011unse[21],officialrecordso0015unse[3]
E546 5890/2 | can take the ship | none
E546 5890/2 | Lanman | 10021035bsb[1],lesoriginespolit02romi[1],memoiresdelaligu04goul[1],officialrecordso0010unse[18],officialrecordso0011unse[73],relationspolitiq05nethuoft[1],warofrebellion014602rootrich[8]
E546 5890/2 | Senator Foster | none
E553 5902/1 | respectfully suggest that the | historyofuniteds00bake[1],histsecretservice00bakerich[1],officialrecords10librgoog[1],officialrecordso0009unse[6],officialrecordso0010unse[3],officialrecordso0011unse[4],officialrecordso0015unse[6],officialrecordso0021unse[2],privateofficialc04butl[2],warofrebellion013403rootrich[4],warofrebellion013404rootrich[3],warofrebellion014602rootrich[1],warofrebellion0207rootrich[15],warofrebellion322unit[3],warofrebellion323unit[2],warofrebellion33unit[7],warofrebellion352unit[3],warofrebellion363unit[2],warofrebellion371unit[2],warofrebellion372unit[2],warofrebellion384unit[3],warofrebellion392unit[1],warofrebellion402unit[3],warofrebellion403unit[3],warofrebellion414unit[3],warofrebellion422unit[6],warofrebellion423unit[5],warofrebellion431unit_0[1],warofrebellion431unit[2],warofrebellion432unit[4],warofrebellion44unit[1],warofrebellion463unit[6]
E553 5902/1 | purposes of the commission | despatchesinstru00fran[1]
E553 5902/1 | Eastern District temporarily | none
E553 5902/1 | all my time and attention | officialrecordso0011unse[1]
E553 5902/1 | devoted to the investigation | none
E553 5902/1 | hands of General Vogdes | none
E554 5902/2 | take the command for the present | none
E554 5902/2 | investigation can progress | none
E554 5902/2 | progress quietly | none
E554 5902/2 | at the same time General Vogdes | none
KWIC Lanman warofrebellion014602rootrich 811296 :: e if required. JNO. W. TURNER, Brigadier- General and Chief of Staff. NORFOLK, VA., January 30, 1865. Lieutenant-Colonel SMITH, Assistant Adjutant -General, Headquarters Department: Commodore Lanman, U. S. S. Minnesota, has requested me to send troops to aid in an expedition to Pagan Creek, near Smithfield. I sent General Vogdes to confer with him. General Vogdes has sent a small cavalry force to reconnoi
KWIC Lanman warofrebellion014602rootrich 811677 :: gdes to confer with him. General Vogdes has sent a small cavalry force to reconnoiter. At present the ice will prevent a boat expedition. In case that General Yogdes and Commodore Lanman should think the expedition advisable, shall I send a force? .Respectfully, GEO. F. SHEPLEY, Brigadier-genera I, Commanding. HEADQUARTERS ARMY OF THE JAMES, January 30, 1865 — 8.10 p. m. Brigadier-General SHEPLEY, Nor
KWIC Lanman warofrebellion014602rootrich 3808981 :: Wiufield S 573, 591, 592, 606, 819, 863, 942, 982 Humphreys, Andrew A 707 Hunt, Henry J 83 Hunter, David 53 Hunter, Robert M. T 297, 312, 342, 508, 510 Ingalls, Rufus 40, 298, 498, 593 Lanman, Joseph 227 Lee, Robert E 824,825 Leet, George K 68, 75 Lincoln, Abraham 52, 126, 133, 158, 311, 341, 352, 473, 474, 508-511, 668, 685, 704, 717, 780, 885, 900 Mason, Addison G 723 Meade, George G 53, 67, 93, 113, 12
KWIC Lanman warofrebellion014602rootrich 3859829 :: 144, 1145, 1148, 1174, 1272 Laiigdon, Loomis L. Mentioned 337, 751 Langhorne, Maurice S. Mentioned 1170 Laiigley, Frank H. Mentioned 1180,1268 Lankford, William C. Mentioned 1182,1271 Lanman, Joseph. Correspondence with Grant, U. S 227 Navy Department, U. S 226 Mentioned 306 Lamiing, Warren L. Mentioned 286 La Point, George W. Mentioned 739 INDEX. 1417 Page. Lapsley. Thomas H. Mentioned 335 La
KWIC Lanman warofrebellion014602rootrich 3907865 :: rtment, C. S 1156 North Carolina, Governor of 1006, 1 156 O'Reilly, J. T 1 157 Pinckney, R. F 1157 Navy, U. S. Co-operation of, with Army. Communications from Grant,U.S - --- 902,903 Lanman, Joseph 226, 227 Navy Department, U. S - 221,222,224,226 Parker, William A 224. 225 Radford, William 807, 808 1436 INDEX. Page. Navy Department, C. S. Correspondence with Bragg, Braxton 1002 North Carolina, Governor
KWIC Lanman officialrecordso0011unse 157423 :: Lieutenant F. M. Green . Acting Ensign J. Q- A. Davidson . Acting Ensign Edw. Manning . Lieutenant W. B. Cushing - . . Lieutenant-Commander J. Parker . Commander D. Ammen . Commodore J. Lanman . James River. Sounds of North Carolina. York River. Off Wilmington. Norfolk Navy Yard (repairing). James River. Do. Norfolk Navy Yard (repairing). Sounds of North Carolina. Do. Norfolk Navy Yard (repairing). Bal
KWIC Lanman officialrecordso0011unse 471092 :: th Carolina. Not reported. Sounds, North Carolina. Beaufort. Wilmington. Acting Volunteer Lieutenant D. A. Campbell. . Lieutenant-Commander Jas. Parker . . Commander D. Ammen . Commodore J. Lanman . . Commander J. C. Beaumont . Commander R. T. Renshaw . Acting V olunteer Lieutenant J . Tratheu — Acting Ensign W. G.JTpton . Commander J. C. Febiger . - - - - . Actg. Vol. Lieut. Commander E. H. Faucon Lieutenan
KWIC Lanman officialrecordso0011unse 640466 :: ommanding officer. Acting Ensign J. Q. A. Davidson Acting Master Crafts . Acting Volunteer Lieut. D. A. Campbell . . Lieutenant-Commander R. Chandler . Commander I). Ammen . Commodore J. Lanman . Commander J. C. Beaumont . Commander R. T. Renskaw . Acting Volunteer Lieutenant J. Trathen . Acting Ensign J. Brown . Commander J. C. Febiger . Acting Volunteer Lieutenant E. H. Faucon Lieutenant-Commander G. W.
KWIC Lanman officialrecordso0011unse 652673 :: true it is. Yery respectfully, your obedient servant, David D. Porter, Bear-Admiral. Major-General B. F. Butler, Commanding Department of Virginia and North Carolina. Beport of Commodore Lanman , If. 8. Navy , regarding request of Major- General Butler for an interview. U. S. S. Minnesota, N. Atlantic Squad. Bendezvous, off Cape Fear , December 16, 1864. Admiral: I have the honor to state that this afterno
KWIC Lanman officialrecordso0011unse 653599 :: Butler) will inform the blockade vessels that Admiral Porter is expected into New Inlet Bar.” The Ben JDe Ford then steamed inshore. I have the honor to be your obedient servant, Joseph Lanman, Commodore , Comdg. Second .Division North Atlantic Squadron. Rear-Admiral David D. Porter, Commanding North Atlantic Squadron. Report of Acting Master Pettit , II. S. Navy , of the removal of Confeder¬ ate torpedoes
KWIC Lanman officialrecordso0011unse 1013503 :: n and fill up with ammunition and again attack the forts. Wore ship and steamed S. W . by W. for the fleet. From 8 to midnight heavy firing to the westward. s y Report of Commodore Lanman, U. S. Navy, commanding second division, transmitting minutes ot the bombardment, taken on board the II. S. S. Minnesota. U. S. S. Minnesota, Off Beaufort , N. C ., December 31 , 1864. Admiral: I have the honor to
KWIC Lanman officialrecordso0011unse 1014934 :: de upon Fort Fisher, it was not for the want of the most tremendous bombardment of modern times by the fleet under your command. I have the honor to be, your obedient servant, Joseph Lanman, Commodore , Comdg. Second Division , North Atlantic Squadron. Rear-Admiral David D. Porter, Commanding North Atlantic Squadron. [Enclosure.] Minutes of the bombardment of Fort Fisher on the Uth and 25th of December,
KWIC Lanman officialrecordso0011unse 1015295 :: Squadron. [Enclosure.] Minutes of the bombardment of Fort Fisher on the Uth and 25th of December, 1864 taken upon the quarter-deck of the U.S. steam frigate Minnesota, Commodore .Joseph Lanman commanding, by O. B. McCurdy , captain’s clerk. Off New Inlet, North Carolina, Lat. 330 56, 30n _y., Long. 77 ° 22' IF., December 24 , 1864. At 5: 15 a. m. got underway in obedience to signal from flagship and ste
KWIC Carney warofrebellion431unit 1531084 :: Augusta, Me. ; Governor Smith, Saint Albans, Vt. ; Governor Andrew, Boston, Mass. ; Governor Gilmore, Concord, N. H. ; Governor Fenton, Albany, N. Y. ; Governor Fletcher, Saint Louis, Mo. ; Governor Carney, Leavenworth, Kans., and Governor Bramlette, Frankfort, Ky.) City Point, Ya., February 20, 1865. Hon. E. M. Stanton: The following paragraphs are extracted from the Richmond papers of to-day: We now know that Charle
KWIC Carney warofrebellion431unit 1615500 :: napolis, Ind.; Gov- ernor Oglesby, Springfield, Ilk; Governor Stone, Davenport, Iowa; Governor Lewis, Madison, Wis. ; Governor of Michigan, Detroit; Gov- ernor Fletcher, Saint Louis, Mo. ; Governor Carney, Kansas City, Kans.) City Point, Va., February 22^ 1865. Hon. E. M. Stanton, Secretary of War: The following items are taken from to-day’s Eichmond papers: Our readers will cheerfully forego their desire to be aj
KWIC Carney warofrebellion431unit 4461739 :: 0, 878, 890, 921, 939, 949, 958, 959 Carman, Ezra A. Assignment to command 685 Assignment to command, in Special Orders, No. 40, revoked 698 Mentioned 685, 698 Carmichael, . Mentioned 1345 Carney, Thomas. For correspondence, etc., see Kansas, Governor of. Carolinas, Campaign of the. See Campaign of the Carolinas. Caroline, Steamer. Mentioned 250 Carpenter, Cyrus C. Mentioned 23, 146, 147, 933, 954 Carpenter, Elmen
KWIC Eastville warofrebellion014602rootrich 467377 :: be sent back to-night. Very respectfully, your obedient servant, AUGUST V. KAUTZ, Brigadier and Brevet Major-General, Commanding Division. HDQRS. U. S. FORCES, EASTERN SHORE OF VIRGINIA, Eastville, January 18, 1865. Maj. W. HOFFMAN, Assistant Adjutant- General : MAJOR : I have the honor to acknowledge the receipt of a communi cation requiring me to furnish a statement of the force now under my command upo
KWIC Eastville warofrebellion014602rootrich 1894125 :: dy at the stockade, and when you see anything like an attack let me know by a special picket immediately. FRANK .1. WHITE, Lieutenant-Colonel, Commanding U. #. Forces. HEADQUARTERS, &c., Eastville, February 26, 1865. Brigadier-General KENLY, Salisbury: I can not ascertain that any guerrillas have yet landed. If you can send to Druminondtown two companies of cavalry I may find them necessary. I have but 250
KWIC Eastville telegraphinginba00obri 121435 :: being available, and always worked hard. It was also broken more than once, and Cape Charles being a rather stormy point, the land line on the eastern shore was finally run down through Eastville to Cherrystone Inlet, a more sheltered position, and the Fort Monroe cable was relaid over to that point. Major Eckert assembled at Fort Monroe a telegraph construction party, under Parker Spring, with material to
KWIC Eastville telegraphinginba00obri 134918 :: as then unac- quainted with Richard's ability. Captain Sheldon proved to be an efficient manager and Richard con- tinued to work in harmony with him. Major Eckert sent me across the bay to Eastville, on the eastern shore, where I remained for some weeks. There had been a small skirmish in that vicinity some time before, but at the time of my arrival it was understood that there was no regular force of Conf
KWIC Eastville telegraphinginba00obri 135353 :: hat there was no regular force of Confederates in that neighborhood. We therefore maintained only a small detachment of troops there, to guard the line against marauders. While stationed at Eastville, where there was little to do but test the line, I sometimes rode over it with a couple of cavalrymen, or visited the operators at Cherrystone to eat the excellent " Cove " oysters found there, or paddle out in
KWIC Vogdes warofrebellion014602rootrich 65558 :: INIA, Norfolk, Va., January 3, 1865. Col. GEORGE W. LEWIS, Third New York Cavalry : COLONEL: The brigadier-general commanding directs that during the temporary absence of Brigadier-General Vogdes yon assume com mand of the defenses of Norfolk and Portsmouth, by virtue of seniority. Very respectfully, your obedient servant, WICKHAM HOFFMAN, Assistant Adjutant-General. WINCHESTER, VA., January 3, 1865. Hon. E. M.
KWIC Vogdes warofrebellion014602rootrich 811455 :: t Adjutant -General, Headquarters Department: Commodore Lanman, U. S. S. Minnesota, has requested me to send troops to aid in an expedition to Pagan Creek, near Smithfield. I sent General Vogdes to confer with him. General Vogdes has sent a small cavalry force to reconnoiter. At present the ice will prevent a boat expedition. In case that General Yogdes and Commodore Lanman should think the expedition
KWIC Vogdes warofrebellion014602rootrich 811499 :: ent: Commodore Lanman, U. S. S. Minnesota, has requested me to send troops to aid in an expedition to Pagan Creek, near Smithfield. I sent General Vogdes to confer with him. General Vogdes has sent a small cavalry force to reconnoiter. At present the ice will prevent a boat expedition. In case that General Yogdes and Commodore Lanman should think the expedition advisable, shall I send a force? .Re
KWIC Vogdes warofrebellion014602rootrich 919548 :: manding Brigade. CITY POINT, YA., February 1, 1865 — 4.30 p. m. Major-General ORD : 1 think it will be advisable, on relieving General Shepley from com mand in Norfolk, to place General Vogdes in his place. He is next in rank in that command and is an old brigadier-general, and as he is an 348 N. AND SE. VA., W. VA., MD., AND PA. [CHAP. LV1II. old Army officer, expecting to spend his days in the
KWIC Vogdes warofrebellion014602rootrich 920313 :: Lieutenant- General. HEADQUARTERS ARMY OF THE JAMES, February 7, 1SG5 — 6 p. m. Lieutenant-General GRANT : GENERAL : Inquire of any officer of the Army who has ever served with General Vogdes in the field or in garrison his fitness for command, and I am sure you will change your mind. He would bring us into con tempt. E. O. C. ORD, Major- General. CITY POINT, VA., February 7. lwi~> — 7 )>. in. Majo
KWIC Vogdes warofrebellion014602rootrich 920615 :: sure you will change your mind. He would bring us into con tempt. E. O. C. ORD, Major- General. CITY POINT, VA., February 7. lwi~> — 7 )>. in. Major-General ORD: Do not give General Vogdes the command of Norfolk if you deem him unfit for it. You know him better than I do. U. S. GRANT, Lieutenant -General. HEADQUARTERS ARMY OF THE JAMES, February 7, 1865 — 6.20 p. m. (Received 0.25 p. m.) Lieu
KWIC Vogdes warofrebellion014602rootrich 920943 :: do. U. S. GRANT, Lieutenant -General. HEADQUARTERS ARMY OF THE JAMES, February 7, 1865 — 6.20 p. m. (Received 0.25 p. m.) Lieut. Gen. U. S. GRANT: I propose ordering at once General Vogdes to relieve General Gordon on the commission; General Gordon to relieve General Shepley; and the latter to report for duty, when the court of which he is president adjourns, to General Weitzel, if vou approve. E. O.
KWIC Vogdes warofrebellion014602rootrich 1235541 :: F THE JAMES, February 7, 1865 — 11.30 a. m. Brigadier-General GRAHAM, Norfolk, Va.: Your report of the expedition to Pagan Creek is received. The fol lowing dispatch from Brigadier-General Vogdes, February 4, is for warded for your information.* I am much pleased with the result of the expedition and the ability displayed by the officer in charge. Please communicate this dispatch to him. Copy of your dispatch
KWIC Emerick telegraphinginba00obri 122771 :: m General McClellan's headquarters in Washington ; three from the office at Fairfax Semi- nary ; one from Upton's Hill, and another. They were A. Harper Caldwell, Jesse H. Bunnell, John H. Emerick, Charles W. Jacques, Brainard H. Lathrop, Henry L. Smith, Charles Snyder, and Charles A. Tinker. Mr. Tinker's letter, written to his father, follows : '^ Oil board Steamer Co7nmodore^ " Off Mattawama7i Creek^ " Potoma
KWIC Emerick telegraphinginba00obri 509457 :: door, alone. That was probably the last time he ever wore the Confederate uniform." Mr. Cassidy was soon given employment by 302 REMINISCENCES OF THE CIVIL WAR Mr. J. H. Emerick, who had taken Richard O'Brien's place as chief operator, Army of the James, when we were sent with General Schofield on the North Caro- lina campaign. In July, 1862, Colonel John Morgan, with a brigade of Confedera
