warofrebellion014602rootrich | "Suwo Nada" | 1
     ['warofrebellion014602rootrich'] | Quartermaster-General : Can also obtain the {{{Suwo Nada}}}— 1,200 men, and sixteen feet loaded; she
     ['warofrebellion014602rootrich'] | three detached from Fort Monroe, and the {{{Suwo Nada}}}, on her way from New York, will be able
(all) | "torpedoes of nine hundred pounds" | ERR HTTP Error 502: Bad Gateway
(all) | "900 pounds each" torpedoes insulating | 29
     ['sim_motor-boating_1934-04_53_4'] | harpooned at Liverpool in September, two over {{{900 pounds each}}}, and one larger—1,039 pounds. These fish were
     ['sim_motor-boating_1934-04_53_4'] | invigorating fresh air abundantly available. Mod- ern {{{insulating}}} materials help to keep temperatures uniform will
     ['sim_financial-post_the-financial-post_1942-10-03_36_40'] | tools for the produc: | tion of. guns, shells, {{{torpedoes}}}; hoists, presses, welding. equipment for shipyatds
     ['sim_financial-post_the-financial-post_1942-10-03_36_40'] | Usually Canadian farmers fatten them to at least {{{900 pounds each}}} before exporting, for the simple reason that
     ['cassiersmag3119061907newy'] | material to be lifted. The methods of {{{insulating}}} the mag- netized winding, holding it in
     ['cassiersmag3119061907newy'] | jointer to come and plumb the ends, and so {{{insulating}}} tape was used instead. Such tape mav be
     ['reportmilitaryg05deptgoog'] | of {{{torpedoes}}}. ExptTiinents were made to show the modes adopted for firing {{{torpedoes}}} ; 1st
     ['reportmilitaryg05deptgoog'] | 1, {{{900 pounds each}}} 1, 800 pounds. Dover, No. 2, Muirkirk, No. 2, {{{900 pounds each}}} 1,
(all) | Phlox torpedoes Parker Lynch "St. Lawrence" | ERR HTTP Error 502: Bad Gateway
(all) | "Ariel and General Sedgwick" | 0
(all) | "no forage vessels" | 0
(all) | "anchor and chain" Baltic expedition Newport | 2374
     ['sim_cruising-world_1997-08_23_8'] | 808-1896. 0 51' {{{BALTIC}}} ‘80 Deep keel performance cruiser. Ready to go decks refinished by {{{Baltic}}}. In verter
     ['sim_cruising-world_1997-08_23_8'] | Editorial Offices 5 John Clarke Rd., Box 3400, {{{Newport}}}, RI 02840-0992, phone (401) 847-1588 PRESIDENT
     ['per_times_the-times_1854-12-19_21928'] | dipped from {{{anchor and chain}}} and is suppliel. The Hibernia, slipped from {{{anchor and chain}}} to Goodwin Sands;
     ['per_times_the-times_1854-12-19_21928'] | cellency the FREN AM BASHA DOR. ROOMS are aa follows : {{{Baltic}}} by Mr. BE. T. Dolby, and various Otticial Documents
     ['williamhwebbship0000dunb'] | command of the Collins Line steamship {{{Baltic}}}. It was apparently when {{{Baltic}}} was sub- sequently in the service
     ['williamhwebbship0000dunb'] | difficult. For much of the last leg of their {{{expedition}}}, Eckford’s crew had to hew their own roads through
     ['isbn_9781403939067'] | History Department at the US Naval War College, {{{Newport}}}, Rhode Island. He holds degrees in history from
     ['isbn_9781403939067'] | to celebrate the Battle of the Nile, and an {{{anchor and chain}}} inscribed to Nelson. Some of the best selling
(all) | "will not be sent on the expedition" | 0
(all) | "submarine torpedoes" Lynch Wise "James River" | 0
(all) | "Baltic" "consider the order" countermanded Newport | 201
     ['sim_new-york-times_the-new-york-times_1907-08-08_56_18093'] | Kane time keeper. ‘Society Golfere Play at {{{Newport}}}, {{{NEWPORT}}}, R. I. Aug. 7.~An interesting | golf tournament
     ['sim_new-york-times_the-new-york-times_1907-08-08_56_18093'] | Also a Guest. ry Special to The New York Times. {{{NEWPORT}}}, R. I., Aug. 7.—Constables lot Middletown, which
     ['per_chicago-daily-tribune_1904-09-25_63_38'] | been done with great suc- cess in Washington and {{{Newport}}} this sum- mer. Audience of 800 People. Fully 300
     ['per_chicago-daily-tribune_1904-09-25_63_38'] | was told that: the letter of credit had been {{{countermanded}}}.. Shortly after her husband joined her and me
     ['harperspictorial00guer'] | Shields.— The Pursuit by Fremont.— {{{Baltic}}} of Cross Keys.— {{{Baltic}}} of Port Repub- lic—End of the
     ['harperspictorial00guer'] | opposite Pittsburg, in Pennsylvania, to {{{Newport}}}, near Galveston Island, Texas, and to Ship
     ['ananalyticaldig00shergoog'] | Gothenburgh, and at and from thence to one port in the {{{Baltic}}} or North Sea, not south of the river Jade." The
     ['ananalyticaldig00shergoog'] | but finding this impracticable, she put into Port {{{Baltic}}} on the 32d of November. Being there informed that
(all) | "Let her embark troops" | 0
be-api requests 11
