'Inspector difficulty Evidence Nashville': 1 hits: 9678(Page 12)
     9678 :: SH Beckwith Nashville ---- Washn Feby 20th 1864 Hang Hannah Balaam Oliver For Crowd Tulip I know of no law author = rising an Inspector to send for persons and take Evidence unless such persons pike not military pike are willing to attend Yardstick but this difficulty can be avoided by the order of a Court of Inquiry by the President of one or more members tulip If you want such a Court whimper who you want on it Lamb Behead Is it cold with you Lt W. B. Kelly (9) Wash'
'escort tows Bay': 1 hits: 5616(Page 72)
     5616 :: rrow platina William spit zebra , mansion canal barges average capacity plunge wine mandate spit zodiac platina steam tugs Pekin Hutchins Delany Palmer Tempest Ajax Mary Freeman Vatterland & Bishop Zebra send steamers to cheese a peak city to meet & Escort the tows down the Bay yoke meigs Bender translate Pekin & every time 446 pd TT Eckert Ft Monroe Apr 20 1864 Maj Eckert Di for Shelby Rucker from Biggs unity I have no Weaselers now that I can send to sea with pension or plaster publish spit zodiac if they are bound to flint I can send them as Weaselers will be here bound there pedlar or
'canal barges capacity': 4 hits: 9713(Page 47) 5616(Page 72) 10241(Page 99) 8933(Page 41)
     9713 :: rton Pedlar May Flower a sea Steamer Pedlar Leader Pekin Wallace Pedlar Cahill Pekin New York Pekin Briarly Pedlar May Flower Pekin Beverly Pedlar Emma zebra Total Propellers Harsh Peach Publish and Leg tons Harrow Platina William spit zebra Mansion Canal Barges avarage capacity Plunge Wine Mandate spit zodiac Platina Steam tugs Pekin Hutchins Delany Palmer Tempest Ajax Many Freeman Vatterland and Bishop zebra Send Steamers to Cheese a peake city to meet and escort the tons down the bay Yoke Meigs Render Translate Pekin and Pedlar every time
     5616 :: rton pedlar May flower a sea steamer pedlar leader Pekin Wallace pedlar Cahill Pekin New York Pekin Briarly pedlar May Flower Pekin Beverly pedlar Emma zebra total propellers harsh peach publish & leg tons harrow platina William spit zebra , mansion canal barges average capacity plunge wine mandate spit zodiac platina steam tugs Pekin Hutchins Delany Palmer Tempest Ajax Mary Freeman Vatterland & Bishop Zebra send steamers to cheese a peak city to meet & Escort the tows down the Bay yoke meigs Bender translate Pekin & every time 446 pd TT Eckert Ft Monroe Apr 20 1864 Maj Eckert Di for Shelb
     10241 :: chartered according to their carrying capacity please instruct me in this matter are canal boats required If they are they might be obtained in Philada I can obtain them here however steamers can be had at forty five cents and less and schooner at four dollars per ton per month signed S Van Vliet Qr Mr Recd 620 PM Philadelphia Apl 18th 64 Brig. Genl. Meigs Washn, D. C. have now ten side wheel steamers four propellers seven tugs t
     8933 :: ded for yoke animals and wagons at Hammer and on the chess a peak Order all vessels not already sailed to proceed to Hamp = ton Rhodes and report to Vulture Venus Biggs for Memphis orders instead of coming to all Eggs an dry a as first die reck tied Canal boats have been obtained in Mellow Take up double decked barges on best terms you can get and for short time only Send plenty of light Navy draft Steam hers Report immediately names tonnage capacity for men and horses of all vessels thus secured Despatch them at once allow no delay time presses signed Aragon fine day No 9 sent 200 PM by E
'Tempest Ajax Bishop': 3 hits: 9713(Page 47) 5616(Page 72) 4547(Page 106)
     9713 :: dlar May Flower Pekin Beverly Pedlar Emma zebra Total Propellers Harsh Peach Publish and Leg tons Harrow Platina William spit zebra Mansion Canal Barges avarage capacity Plunge Wine Mandate spit zodiac Platina Steam tugs Pekin Hutchins Delany Palmer Tempest Ajax Many Freeman Vatterland and Bishop zebra Send Steamers to Cheese a peake city to meet and escort the tons down the bay Yoke Meigs Render Translate Pekin and Pedlar every time
     5616 :: dlar May Flower Pekin Beverly pedlar Emma zebra total propellers harsh peach publish & leg tons harrow platina William spit zebra , mansion canal barges average capacity plunge wine mandate spit zodiac platina steam tugs Pekin Hutchins Delany Palmer Tempest Ajax Mary Freeman Vatterland & Bishop Zebra send steamers to cheese a peak city to meet & Escort the tows down the Bay yoke meigs Bender translate Pekin & every time 446 pd TT Eckert Ft Monroe Apr 20 1864 Maj Eckert Di for Shelby Rucker from Biggs unity I have no Weaselers now that I can send to sea with pension or plaster publish spit
     4547 :: hundred fifty men Brayerly one hundred seventy tons two hundred men May Flower two hundred tons three hundred men Beverly one hundred ninety tons two hundred men Emma one hundred eighty five tons two hundred men - Steam tugs Hutchins Delaney Palmer Tempest Ajax Mary Freeman Vatterlin Bishop period fifty Canal barges average
'ferry boats tugs Biggs': 0 hits: 
'Shore Baltimore World': 3 hits: 5644(Page 100) 5656(Page 112) 10291(Page 149)
     5644 :: is position see cure he can make the optic but not to go two for signs smith followed copy H. N. Snow Ft Monroe May 1 . 1864 G. W. Baldwin Hd Qrs Baltimore for season unity correspond aunt torch France world at Baptism and also from appian is W W Shore whom I sent away from this quadroon Webster please oakum him & send him to me pedlar I have found Stephen garden papers that his articles are giving aid & comfort to the Rome Youth Knave Geo D Sheldon Ft Monroe May 2 , 1864 Maj Eckert Di for Buxton zebra princess Smith believes there is an india rubber boat optic frog yard which peach or p
     5656 :: May 5th 1864 Appian May fifth viola for season baptism unity W. W. Shore is in baptism somewhere he was some time ago ordered out of this Dept. unity I want him caught and oakumed and sent to me under guard unity Have the evidence against him unity he is the Corresp't of the world from Balto as he was from here unity the General wrangled you three days ago to arrest him Since which we have heard nothing unity I pr
     10291 :: military office working nights have some hopes of him reforming and making a steady man I hope he will 1115 PM JW Sampson Balto - Ft Monroe May 1" 1864 For Gen Liu Wallace Correspondant of the N. Y. World at Baltimore & also from Ft Monroe is WW Shore whom I sent away from this Dept ---- Please arrest him and send him to me ---- I have found in the Richmond papers that his articles are giving aid and comfort to the Enemy sig BF Butler
'Davenport Shore': 1 hits: 5656(Page 112)
     5656 :: of the world from Balto as he was from here unity the General wrangled you three days ago to arrest him Since which we have heard nothing unity I presume you did not get the dispatch unity can send you if necessary a man who knows him webster John I Davenport Lieut office bureau of Sweden very warm here today Yours Geo. D. Sheldon May 6th 1864 Maj Eckert Di off blubber 9 P. M. May fifth via Appian florence May sixth for Judah grapes unity we have seized Wilsons Wharf landing a brigade wild's colored whisky there zebra Fort Powhattan landing two Whips of same panther unity have landed at blac
'Shore arrest guard': 1 hits: 5656(Page 112)
     5656 :: May 5th 1864 Appian May fifth viola for season baptism unity W. W. Shore is in baptism somewhere he was some time ago ordered out of this Dept. unity I want him caught and oakumed and sent to me under guard unity Have the evidence against him unity he is the Corresp't of the world from Balto as he was from here unity the General wrangled you three days ago to arrest him Since which we have heard nothing unity I pr
'correspondent World Balto': 1 hits: 5656(Page 112)
     5656 :: May 5th 1864 Appian May fifth viola for season baptism unity W. W. Shore is in baptism somewhere he was some time ago ordered out of this Dept. unity I want him caught and oakumed and sent to me under guard unity Have the evidence against him unity he is the Corresp't of the world from Balto as he was from here unity the General wrangled you thr
'Harrisons landing join': 2 hits: 5658(Page 114) 10308(Page 166)
     5658 :: Wash'n 3.10 P. M. R OBrien Jamestown May 8 1864 growl may paddle Katy for Knox your despatch torch postpone has just reached me zebra we have as yet no official wick from Jupiter unity nothing is known of his condition except from new papers whites which represent plank days hard ravishing on Thursday and Friday zebra from pledge to platina promi
     10308 :: far down into Georgia sig Gen Sherman 4 am 4.15 AM 9th Maj Eckert ---- Jamestown Va May 9/64 I left Gen Butler Head Quarters five miles from White River Landing 9 PM all quiet and ready to move in morning ---- Wests Cavalry Expedition crossing at Harrisons Landing to join us I will start line tomorrow all working fine will endeavor to keep you posted R OBrien
'Bermuda landing quiet': 0 hits: 
'OBrien Jamestown working fine': 2 hits: 5658(Page 114) 10308(Page 166)
     5658 :: Wash'n 3.10 P. M. R OBrien Jamestown May 8 1864 growl may paddle Katy for Knox your despatch torch postpone has just reached me zebra we have as yet no official wick from Jupiter unity nothing is known of his condition except from new papers whites which represent plank days hard ravishing on Thursday and Friday zebra from pledge to platina promise wilkes are sent ba
     10308 :: tler Head Quarters five miles from White River Landing 9 PM all quiet and ready to move in morning ---- Wests Cavalry Expedition crossing at Harrisons Landing to join us I will start line tomorrow all working fine will endeavor to keep you posted R OBrien
IIIF 5614 ok
IIIF 5615 ok
IIIF 5616 ok
IIIF 5656 ok
IIIF 5658 ok
requests 17
