'Inspector difficulty Evidence Nashville': 1 hits: 9678(Page 12)
     9678 :: SH Beckwith Nashville ---- Washn Feby 20th 1864 Hang Hannah Balaam Oliver For Crowd Tulip I know of no law author = rising an Inspector to send for persons and take Evidence unless such persons pike not military pike are willing to attend Yardstick but this difficulty can be avoided by the order of a Court of Inquiry by the President of one or more members tulip If you want such a Court whimper who you want on it Lamb Behead Is it cold with you Lt W. B. Kelly (9) Wash'
'Schofield battery division follow': 1 hits: 7731(Page 73)
     7731 :: 1010 am 10.10 am Ft Monroe Jany 27th 1865 Ft Monroe. to Lt Col G. W. Schofield Willards Washn ---- Send one battery with such Division & let the others follow when convenient sig JM Schofield another to Lieut Col Boyd a Qr Mr Willards Washn ---- It will be necessary to bring transportation from Wash'n to follow the troops. If good mules cannot be obtained in Wash'n ask authority to bring those. from Ky sig J. M
'Boyd Willards Schofield': 2 hits: 5889(Page 345) 7731(Page 73)
     5889 :: ects - Geo. D. Sheldon Maj. Eckert - Washington Ft Monroe Jan. 27 - 1865 Animal to Lieut. paradise G. W. Schofield Willards growl unity Send plug pagan with each quincy and let the others ramble when convenient yoke King another to Lieut pandora Boyd a vinton willards grapes unity It wilby tarquin to bring wherry from growl to rampant the whistle unity If good mules cannot be obtained in growl ask authority to bring those from Aurora walrus Kitten and nothing for nothing more - Geo. D. Sheldon
     7731 :: 1010 am 10.10 am Ft Monroe Jany 27th 1865 Ft Monroe. to Lt Col G. W. Schofield Willards Washn ---- Send one battery with such Division & let the others follow when convenient sig JM Schofield another to Lieut Col Boyd a Qr Mr Willards Washn ---- It will be necessary to bring transportation from Wash'n to follow the troops. If good mules cannot be obtained in Wash'n ask authority to bring those. from Ky sig J. M Schofield Maj Gen 2 pm Monroe Jan'y 27th 65 1 pm for Secy of Navy I am organizing a party to proceed by Launches and attack the Torpedo boat
'mules Kentucky authority': 0 hits: 
'Yorktown telegraph station': 3 hits: 3789(Page 213) 2996(Page 106) 8605(Page 127)
     3789 :: I have a despatch from Genl Stoneman he is at Williamsbg He has nine hundred men of the reserve a battery of horse Artillery six guns and one of foot Artillery four guns His Infantry force was turned over to Genl Casey and embarked on Steamboats for Yorktown I will telegraph you as soon as advised of their arrival Col Ingalls Quarter Master is at Yorktown with four hundred transport, bound to James River Everything was brought off White House in perfect order The Gunboats were left at and near the White House which is burnt by whom not known JA Dix 62 Ft Monroe 29th 415 PM Recd June 29. 5 P
     2996 :: iew There are five thousand of our prisoners at Richmond which they wish us to take - Every Steamboat here is employed in moving the three Regiments from Suffolk to Washington called for Sunday. I have just received a dispatch from General Keyes at Yorktown informing me that our Pickets have been driven in at Williamsburg I fear Colonel Campbell has been compelled to retire as the Rebels are in possession of the telegraph station at Williamsburg. I am just leaving for Yorktown to be back tonight over
     8605 :: 11.40 am Fort Monroe Feby 24 1865 Chief QrMr Office Ft Monroe 24th for George D Sheldon &c , Sir The Maj Genl Comdg has directed that a telegraph station be established at Yorktown Va without delay . Please take the necessary steps to provide a Battery and Operator and establish the office as speedily as practicable . very Respy your Obt Servt ---- Wm L James Capt a QrMr and actg Chief QrMr . forgoing respectfully forwarded to Maj Eckert Asst Supt &c Washn (sig) GD Sheldon 115 pm City Point Feby 24th 1865 1 pm
'Yorktown operator battery': 3 hits: 12608(Leaf 172) 11991(Leaf 9) 8605(Page 127)
     12608 :: 10.30P June 25 Fort Monroe " 25 Maj Eckert . [unclear]Nunan[/unclear] and Collings are at Yorktown . Embree and Logue at Jamestown . only one 1 operator necessary at each place . Geo D. Sheldon . 10.30P June 25 Fort Monroe June 25 Maj Eckert The Battery of Twenty 20 Cups from Yorktown has gone to City Point today Twenty fifth 25th Geo. D. Sheldon
     11991 :: 255P July 26 Hd Qrs ex-lines Lines of July Defences Yorktown 24 Special order No 26 , PH Nunan Telegraph Operator at this point will make the connection of the lines between Fortress Monroe and Williamsburg at Yorktown remove his instrument apparatus and battery to Fort Magruder and report to Col JJ Morrison Comdg Post . By Command of Brig Genl JB Carr (signed) MG Cushing Lt & AA Genl ---- Fort Monr
     8605 :: 11.40 am Fort Monroe Feby 24 1865 Chief QrMr Office Ft Monroe 24th for George D Sheldon &c , Sir The Maj Genl Comdg has directed that a telegraph station be established at Yorktown Va without delay . Please take the necessary steps to provide a Battery and Operator and establish the office as speedily as practicable . very Respy your Obt Servt ---- Wm L James Capt a QrMr and actg Chief QrMr . forgoing respectfully forwarded to Maj Eckert Asst Supt &c Washn (sig) GD Sheldon 115 pm City Point Feby 24th 1865 1 pm
'James Acting Chief Quartermaster': 0 hits: 
'Rawlins steamer other service': 0 hits: 
'best going steamers': 0 hits: 
'coal no rations required': 0 hits: 
'engines flat cars Wright': 0 hits: 
'Wright commence work': 2 hits: 5920(Page 376) 5921(Page 377)
     5920 :: pilgrim &c. Geo D. Sheldon Ft Monroe Mar 5 / 65 S. H. Beckwith , City Point Hamlet February harsh person peasant appian Henrietta March plaster for Japan black unity Please have plank Rabbits and some flat palmyra sent here at once so that pandora wright can commence work zodiac None have arrived at this place or fortune walrus Kiss long coming. sent 2.35 P. M. Dealy Geo. D. Sheldon Ft Monroe Mar 5 - 1865 Maj. Eckert , Washington Hannibal February harsh person peasant animal Henrietta March plaster for Belcher growl unity Shelter I am happy to inform you that wear in hamlet zebra The rose
     5921 :: work with now zodiac I also need more spit Cant you send me part torch Construct shun saint in Alba until my spit arrive saxon Wilson unity I would like to have McAlpine with person publish spit sent here peru it is possible to send them youth W. W. Wright Sheaf randolph Shark welch's &c. Geo. D. Sheldon
'Baltic Annapolis troops': 0 hits: 
'Baltic countermand': 1 hits: 5868(Page 324)
     5868 :: Baltimore Jan. 7 / 65 Geo D. Sheldon Ft Monroe Va. Baptism Imogene plunder for paradise Are see Webster sheaf vinton zodiac the baltic got off for animal before I could counter manned the order given from grapes to send her there zebra she had better coal there and return to Annapolis where she can take whinny zodiac it is impossible for her the come up here let me know what orders you give her princess yoke are M new port . pandora vincent J. W. Sampson Monroe Jan 9 / 6
'Newport Baltic coal': 4 hits: 5865(Page 321) 5866(Page 322) 8508(Page 30) 9153(Page 259)
     5865 :: e should be ordered thither for that purpose and sent back to Annapolis there to receive whiskey and her anchor shelter grovers quincy will arrive here to night and quarrel persia possible please Advise me further respecting the Baltic walrus are M. Newport J. W. Sampson
     5866 :: Ft Monroe Jan. 7 / 65 J. W. Sampson Baltimore Animal viola postpone for pandora Are M. Newport Chief vinton Baptism zodiac Adopt whatever method will soonest ship whist on the Baltic zodiac you must use your own judgment after seeing the pilgrim zebra Perhaps there may be Coal at Annapolis but I presume it canby taken more readily at Banditti than Annapolis zebra She cannot approach the docks at Annapolis unity By Order Belcher walr
     8508 :: n she can be got ready at the latter point . Shall I order her to NY for these purposes ? I ordered her anchor yesterday morning but can stop the ship - ment and have it put a board at New York . The Ariel , Victor , and Illinois are here coaling RM Newport Col & chf qm 620 PM Ft Monroe Jan 6 . 1865 <deletion>330 PM</deletion> Dated 1.30 PM Mrs Ellen H. Stanton Washn ---- arrived here safely will remain until tomorrow morning & then start for Savannah Edwin M Stanton
     9153 :: no 2 T 1010 am 1 10 a. m Geo. D. Sheldon Wash'n Jany 5th 1865 Grapes Emily Plaster for Horn Simeon Draper Collector of Frog on board weasler Grenada Animal zebra am ready to leave here but want to know you are range ments zodiac what invited person have you and how many can I take unity I shall want Bender and Surgeon Shelter yoke Brutus Has Gran
'Champion Fayetteville': 2 hits: 5929(Page 385) 7822(Page 164)
     5929 :: Convoy is now ready zebra I leave in a few moments with pilot for paradise Roberts pandora Babcock Geo. D. Sheldon Ft Monroe Mar 14 - 1865 Maj Eckert , Washington - Animal female for See See Full turn American office Baptism unity The weasel Ship Champion arrived here from Hamlet abacus this morning and brings the intelligence that Kitchen and his saints had reached Fay it ville abacus intact zebra The wolfs of Kennebecs oyster reached Hannibal ditto on the fence instant but the Champion sailing the same day no particulars could be obtained youth no yoke of course not sent - Geo. D. Sheldon
     7822 :: 1.30 P. M 12. M Fort Monroe Va Mar. 14th Ft Monroe 14th for C. C Fulton Am'n Office Balto ---- The Steam ship Champion arrived here from Wilmington N. C. this morning & brings the intelligence that Gen Sherman & his forces had reached Fayetteville NC intact. The scout of Sherman's Army reached Wilmington NC on the 11th inst. but the Champion sailing the same day no particulars could be obtained sig No sig 6.20 P. M. City Pt. 4 P. M. Mar. 14. 1865. Ge
'Fulton American': 8 hits: 5844(Page 300) 7705(Page 47) 5880(Page 336) 13642(Leaf 281) 8486(Page 8) 5915(Page 371) 7784(Page 126) 10496(Page 354)
     5844 :: Ft Monroe Dec 28 . 1864 Maj Eckert Di Animal December harsh platina for Sea see Fulton Baptism unity arrived hear this evening from off Hannibal Have scent a dispatch to sukey forks which if approved you will get I shall start immediately on dispatch weaseler yoke a Fulton zodiac another appian harrow paddle for jevy forks assistant Burton growl zodiac just arrived hear on weaseler Santiago De Cuba from off Hamlet tulip oats o
     7705 :: lly calm weather ---- magazine in Fort exploded by accident monday morning killing two hundred our men Santiago brings bodies Porter & Preston & Naval wounded, goes to Norfolk for repairs ---- Please send dispatch to "American" tonight sig Chas C. Fulton
     5880 :: iac magazine in saco exploded by accident Monday morning supper plank william our spit zodiac Santiago brings bodies Porter and Preston and Naval wilkes pekin goes to farmer for repairs zodiac Please send dispatch to A merry can tonight youth Chas C Fulton Geo. D. Sheldon
     13642 :: Ft. Monroe Dec [unclear]28[/unclear] . Maj. Eckert . Mr. Benson J Lossing has brought a report of the Expedition approved by Genl. Butler . Which he wishes to send to Mr Childs of the Phila Ledger He refers to Mr Dana & the Secy. of War . Mr Fulton of the Balto. American has also send in a report addressed to Capt. Fox . I did not see Mr Fulton . I told Lossing I would ask your permission to send his report but did not think it would be granted please answer Geo. D. Sheldon . 946AM 9AM Ft Monroe Dec 28 . Major Eckert Bar. 29750 . Therm. attd 60 . " 56 . Hygrom. 57 . Wind South Eas
     8486 :: 1 PM. 28. Ft. Monroe Dec. 28. 1864 Ft Mon Dec 27th for C. C. Fulton Balto. ---- arrived here this Evening from off Wilmington have sent a dispatch to G. V. Fox which if approved you will get I shall start immedy on dispatch Stmr. Signed A Fulton ---- Another Ft Monroe twenty seventh for G. V. Fox Asst. Sec Navy Wash ---- just arrived here on Stmr. Santiago - de - Cuba from off Wilmington ---- attack on fort
     5915 :: Ft Monroe Feb. 24 / 65 Maj. Eckert , Washington Sheaf vintons office animal harsh penny for George D Shell done &c. ditto Sir The Tappan Shelby polking has directed that a wreathe station be established at Hastings Alba without delay unity Please take the necessary steps to provide a pagan and opera tour and establish the office as speedily as pr
     7784 :: 11.45 A. M. Ft Monroe Va Feby 24th 1865 Ft Monroe 24th to C. C. Fulton Esq American Office Balto. The U. S. Gunboat RR Cuyler arrived this morning from Fort Fisher N. C. & brought the news of the evacuation of Wilmington N. C. on the night of the twenty first ---- Major Genl Terry with the Army entered & took possession of the city at 9 am on the morning of the twenty second inst. capturing a large amount of
     10496 :: in as Franklin. pay master Hanna & assistant Engineer Clark Fisher of Steamer Agawam Lieut George H Sterling one of Franklins aides Lt Eaton of Army Surgeon Blood ---- good of Navy Lt Banning of Marine Corps ---- other Officers were captured sig C C Fulton <deletion>good</deletion> Sampson
IIIF 5889 ok
IIIF 5915 ok
IIIF 5851 ok
IIIF 5920 ok
IIIF 5868 ok
IIIF 5929 ok
requests 23
