volumes searched: 211
E589 5892/1 | Monohansett will leave | none
E589 5892/1 | will leave for Fort Monroe about | none
E589 5892/1 | wishes you to meet him on arrival | none
E589 5892/1 | to meet him on arrival | none
E589 5892/1 | meet him on his arrival | none
E590 5896/0 | I have sent the letter referred to | none
E590 5896/0 | the letter referred to in our dispatch | none
E590 5896/0 | by the hands of a staff officer | warofrebellion401unit[1]
E590 5896/0 | I retained no copy | none
E590 5896/0 | retained no copy | none
E590 5896/0 | by hands of a staff officer | none
E590 5896/0 | to be delivered to you | 10622705bsb[1],officialrecordso0021unse[1],warofrebellion013401rootrich[1],warofrebellion0207rootrich[1],warofrebellion393unit[1]
E591 5908/0 | no torpedoes on hand | none
E591 5908/0 | telegraphed the Bureau of Ordnance | none
E591 5908/0 | will forward immediately on receipt | none
E591 5908/0 | forward immediately on receipt | none
E591 5908/0 | Bureau of Ordnance for twenty | none
E591 5908/0 | for 20 torpedoes | officialrecords10librgoog[19],officialrecordso0009unse[17],officialrecordso0010unse[36],officialrecordso0011unse[21],officialrecordso0015unse[8],officialrecordso0021unse[2],privateofficialc04butl[5],wardiaryevents00gordrich[3],warofrebellion013403rootrich[1],warofrebellion014602rootrich[1],warofrebellion014703rootrich[1],warofrebellion352unit[2],warofrebellion362unit[1],warofrebellion402unit[1],warofrebellion421unit[1],warofrebellion422unit[1],warofrebellion423unit[1],warofrebellion44unit[1],warofrebellion452unit[1],warofrebellion463unit[1],warofrebellion471unit[1],warofrebellion492unit[1]
E591 5908/0 | twenty torpedoes | none
E592 5910/1 | Camman and Company | none
E592 5910/1 | Camman & Co | reportsofbvtbrig00unit[1]
E592 5910/1 | Camman | archivesoucorre00housgoog[1],bub_gb_1qtcMB3cKasC[1],bub_gb_3N1SAAAAcAAJ[2],bub_gb_cM5KS3lziccC[1],officialrecordso0010unse[1],p1cataloguegnr02bibluoft[2],reportsofbvtbrig00unit[1],telegraphinginba00obri[1],warofrebellion384unit[1],warofrebellion413unit[1]
E592 5910/1 | sell gold | none
E592 5910/1 | he is naval officer | none
E592 5910/1 | he is a naval officer | none
E593 5936/2 | ponchos are not on hand | none
E593 5936/2 | the ponchos | none
E593 5936/2 | ponchos | warofrebellion33unit[1],warofrebellion361unit[1],warofrebellion371unit[1],warofrebellion384unit[1],warofrebellion392unit[1]
E593 5936/2 | if that will suffice | none
E593 5936/2 | are not on hand at present | none
E593 5936/2 | on Sheridans arrival | none
E594 5941/2 | I am going to see General Grant | none
E594 5941/2 | expect to go back to Goldsboro | none
E594 5941/2 | go back to Goldsborough | none
E594 5941/2 | by way of New Berne from Old Point | none
E594 5941/2 | from Old Point on Wednesday | none
E594 5941/2 | Old Point on Wednesday | none
E594 5941/2 | back to Goldsborough by way of | none
Y65 present: ['warofrebellion461unit', 'warofrebellion014602rootrich', 'warofrebellion463unit', 'warofrebellion431unit', 'warofrebellion014703rootrich', 'officialrecordso0011unse', 'officialrecords10librgoog', 'privateofficialc05butl']
KWIC Lynch officialrecordso0011unse 501900 :: pparatus and i?0 torpedoes have this day been forwarded from the ordnance yard here by an army transport to the care of the senior officer at Fortress Monroe. H. A. Wise, Chief of Bureau. Commander D. Lynch, U. S. Ship St. Lawrence , off Norfolk , Va. Report of Lieutenant-Commander Young , U. S. Navy , commanding TJ. S. S. Maratanza , regarding the escape of a blockade runner. U. S. S. Maratanza, Of Western Bar , Cape Fear River , Dec
KWIC Lynch officialrecordso0011unse 980936 :: land side than on the sea front; that there are no obstructions in the channel other than some dozen or fifteen torpedoes, a portion of which were put down a week ago. He further states that William F. Lynch is acting as admiral of the station and lives at Smith ville: that Robert F. Pinkney is acting as commodore of the sta- tion afloat, having only a small tug, without any considerable arma- ment, under his command ; that the ironclad
KWIC Lynch officialrecordso0011unse 2174700 :: a., January 24, 1865. The Bureau of Ordnance can not furnish the torpedoes required, and desires to be informed whether those on board the Stromboli or those captured from the rebels will not answer. D. Lynch, Commander and Inspector of Ordnance. Commander W. A. Parker, IT. S. Navy, Comdg. Fifth Division North Atlantic Squadron, Headquarters Army of the James. [Telegram.] Hdqrs. Dept, of Virginia and North Carolina, January 24, 1865 — 3:
KWIC Lynch officialrecordso0011unse 2471877 :: Schenck . 20 1 Commodore [Wm.| Radford . 7 2 Commander [W. F.] Spicer . 18 1 Commodore [S. W. ] Godon . 2 3 Commander [E. R.] Colhoun . 6 2 Capt. [D. B.] liidgely . 13 1 Commander [D.l Lynch . 10 3 Commander [J. M.] Frailey . 14 2 Capt. [Clias.l Steedman . 4 4 Acting Volunteer Lieut. [F. M.] Green 10 3 Lieut. Commander [ J. E.l De Haven . . 16 2 Capt. [C. W.] Pickering . 44 1 Capt. [M.] Smith . Detache
KWIC torpedoes warofrebellion014602rootrich 750663 :: e Commodore Radford on the river and arrange with him some plan of small boat or launch patrols on the lower James, where boats are reported as crossing over, or concealed in creeks, or preparing to use torpedoes. As soon as the two gun-boats now preparing are ready send them to report to Brigadier-General Palmer, in North Carolina. Have the two officers in command of these gun-boats report to General Palmer by letter at once, stating that
KWIC torpedoes warofrebellion014602rootrich 1563416 :: wenty of the ambulance committee. She had also on board 2, 000 blankets, -JO cases shoes and blouses, and about 40 boxes express freight for our prisoners South. 1 had prohib ited the laying of percussion torpedoes above the upper end of the 584 N. AND SE. VA., W. VA., MD., AND PA. [CHAP. LVIII. Dutch flap Canal by the army, and Commodore Radford informs mo tliat the navy have laid none such there. There is but little doubt that the
KWIC torpedoes warofrebellion014602rootrich 1567595 :: ON WELLES, Secretary of the Navy, Washington: The Ironsides left for Norfolk early this morning. The rebel flag of - truce boat William Allison was blown up yesterday off Cox's Ferry by one of their own torpedoes. WM. RADFORD, Cow modore, Comma nding. SPECIAL ORDERS, } WAR DEPT., ADJT. GENERAL'S OFFICE, No. SI. \ Washington, February 18, 1865. ******* 8. Col. F. D. Sewall, Veteran Reserve Corps, will proceed without unnecessary delay to
KWIC torpedoes officialrecordso0011unse 501680 :: er "W. A. Parker, Comg. Fifth Division North Atlantic Squadron , James River. [Telegram.] Bureau of Ordnance, Navy Department , Washington City , December 6, 1864 — 3:30 p. m. A torpedo apparatus and i?0 torpedoes have this day been forwarded from the ordnance yard here by an army transport to the care of the senior officer at Fortress Monroe. H. A. Wise, Chief of Bureau. Commander D. Lynch, U. S. Ship St. Lawrence , off Norfolk , Va.
KWIC torpedoes officialrecords10librgoog 93620 :: vision. Rear- Admiral D. D. Porter, U. S. Navy, Commanding North Atlantic Squadron. [Telegram.] U. S. S. New Ironsides, Bermuda Hundred y February 14, 1865 — 4:15 p. m. I have made a requisition for 20 torpedoes that will stand immersion. Wanted now. Wm. Radford, Commodore. H. A. Wise, Chief Bureau of Ordnance, Washington, D. C. Letter from the Secretary of the Navy to Rear- Admiral Porter, U. 8. Navy, regarding the annulling of a port
KWIC torpedoes officialrecords10librgoog 190741 :: your orders I have sent the Hunchback to the sounds, directing the commanding officer to fill up at Norfolk with solid shot as required. I also caused to be placed on board of her before leaving three torpedoes, suitable for the uses to which they will prob- ably be subjected. In obedience to an order from the honorable Secretary of the Navy, 1 sent the Ironsides to Norfolk for repairs nearly a week since, and Have been using the Dumba
KWIC torpedoes officialrecords10librgoog 271318 :: Norfolk, March 23, 1865. I have ordered the men transferred from the Wabash to this ship for the .lames River Flotilla on board the Constellation. George Beardslee is ordered by Admiral Gregory to inspect torpedoes. Wm. Radford, Commodore. . Bear- Admiral D. D. Porter, Flagship Malvern, off Aiken's Landing. Order of the commandant navy-yard, Norfolk, to Lieutenant- Commander Braine, XT. 8. Navy, commanding U. 8. 8. Pequot. Commandant's Office,
KWIC Cooper officialrecordso0011unse 20247 :: Squadron, under Acting Rear-Admiral Lardner, U. S. N., 1863-1864. Confederate cruisers and privateers. 2. Operations in the Gulf of Mexico, January to June 7, 1861. Surrender of tlie Pensacola Navy Yard. Cooperation of the Navy in the relief of Fort Pickens. 3. Operations on the Atlantic Coast, January to May 13, 1861. Cooperation of the Navy in the attempts to relieve Fort Sumter. Abandonment and destruction of the Norfolk Navy Yard. H
KWIC Cooper officialrecordso0011unse 20387 :: he Gulf of Mexico, January to June 7, 1861. Surrender of tlie Pensacola Navy Yard. Cooperation of the Navy in the relief of Fort Pickens. 3. Operations on the Atlantic Coast, January to May 13, 1861. Cooperation of the Navy in the attempts to relieve Fort Sumter. Abandonment and destruction of the Norfolk Navy Yard. Home Squadron, under Flag-Officer Pendergrast, U. S. N. 4. Operations ou the Potomac and Rappahannock Rivers, 1861-1865. P
KWIC Cooper officialrecords10librgoog 25834 :: g) Squadron, under Acting Rear- Admiral Lardner, U. S. N., 1863-1864. Confederate cruisers and privateers. 2. Operations in the Gulf of Mexico, January to June 7, 1861. Surrender of the Pensacola Navy Yard. Cooperation of the Navy in the relief of Fort Pickens. 3. Operations on the Atlantic Coast, January to May 13, 1861. Cooperation of the Navy in the attempts to relieve Fort Sumter. Abandonment and destruction of the Norfolk Navy Yard. Home
KWIC Cooper officialrecords10librgoog 25973 :: n the Gulf of Mexico, January to June 7, 1861. Surrender of the Pensacola Navy Yard. Cooperation of the Navy in the relief of Fort Pickens. 3. Operations on the Atlantic Coast, January to May 13, 1861. Cooperation of the Navy in the attempts to relieve Fort Sumter. Abandonment and destruction of the Norfolk Navy Yard. Home Squadron, under Flag-Officer Pendergrast, U. S. N. 4. Operations on the Potomac and Rappahannock Rivers, 1861-1865. Pot
KWIC Goldsborough warofrebellion461unit 213422 :: Gen. J. M. Schofield: General : * * * Ycmr movements are intended as co-operative with Sherman’s through the States of South and North Carolina. The first point to be attained is to secure Wilmingtop. Goldsborough will then be your objective point, moving either from AVilmington or New Berne, or both, as you deem best. Should you not be able to reach Goldsborough, you will advance on the line or lines of railway con¬ necting that place
KWIC Goldsborough warofrebellion461unit 213601 :: first point to be attained is to secure Wilmingtop. Goldsborough will then be your objective point, moving either from AVilmington or New Berne, or both, as you deem best. Should you not be able to reach Goldsborough, you will advance on the line or lines of railway con¬ necting that place with the sea-coast, as near to it as you can, building the road behind you. The enterprise under you has two objects: the first is, to give General Sh
KWIC Goldsborough warofrebellion461unit 219753 :: ., AND PA. [Chap. LYin. captured, General Schofield would go there; if not, he would be sent to New Berne; that, in either event, all the surplus force at both points would move to the interior toward Goldsborough, in co operation with his movement; that from either point railroad communication could be run out; and that all these troops would be subject to his orders as he came into communication with them. In obedience to his instructio
KWIC Goldsborough warofrebellion461unit 220685 :: fighting on the 20th and 21st, our troops entered Wilmington on the morning of the 22d, the enemy having, retreated toward Golds¬ borough during the night. Preparations were at once made for a movement on Goldsborough in two columns — one from Wilmington, and the other from New Berne — and to repair the railroads leading there from each place, as well as to supply General Sherman by Cape Fear River, toward Fayetteville, if it became necessary.
KWIC Goldsborough warofrebellion461unit 231633 :: to Goldsborough. If you reach Lynchburg, you will have to be guided in your after movements by the information you obtain. Before you could possibly reach Sherman, I think you would find him moving from Goldsborough toward Raleigh, or engaging the enemy strongly posted at one or the other of these places, with railroad communications opened from his army to Wil¬ mington or New Berne. U. S. GRANT, Lieutenant- General. General Sheridan moved
KWIC Goldsborough warofrebellion014602rootrich 1869119 :: to Goldsborough. If you reach Lynchburg you will have to be guided in your after movements by the information you obtain. Before you could possibly reach Sherman I think you would tii id him moving from Goldsborough toward Raleigh, or engag ing the enemy strongly posted at one or the other of these places, with railroad communications opened from his army to Wilmington or New Berne. U. S. GRANT, Lieutenant- General. 702 N. AND SE. VA.,
KWIC Goldsborough warofrebellion014602rootrich 2777639 :: e fortification near Smithville. 1 am, general, very respectfully, your obedient servant, ' AECHEE ANDEltSON, Assistant Adjutant- General. WILMINGTON, January £, 1865. Brigadier-General LEVENTHORPE, Kinston or Goldsborough : Scout reports re-en forcerneiits, 2,500 negroes, at New Berne, and raid on railroad at Warsaw contemplated; also, another attack here. General Bragg desires you to be on the alert and concentrate all movable force as near Golds
KWIC Goldsborough warofrebellion014602rootrich 2777914 :: e-en forcerneiits, 2,500 negroes, at New Berne, and raid on railroad at Warsaw contemplated; also, another attack here. General Bragg desires you to be on the alert and concentrate all movable force as near Goldsborough, on the railroad, as possible to be ready for orders. Procure immediately three bales of cotton and wagon transportation to enemy's lines — one to be paid for by party calling, others to be used in secret service. Instructions wi
KWIC Goldsborough warofrebellion463unit 170206 :: at the same time from Eastport toward Selma with a splendidly equipped cavalry force of 12,000 men. Canby is in motion, and I have reason to believe that Sherman and Schofield have formed a junction at Goldsborough. U. S. GRANT, Lieutenant- General. Headquarters Middle Military Division, White House , Va ., March 21, 1865. Bvt. Maj. Gen. J. A. Rawlins, Chief of Staff : General : I send to-day to City Point, under command of Colonel C
KWIC Goldsborough warofrebellion431unit 55888 :: re be one to return to him I beg you to send this, with a request that I be advised as early as possible, as to the condition of the railroad from Beaufort, N. C., back to New Berne, and so on toward Goldsborough 5 also all maps and information of the country above New Berne; how many cars and locomotives are available to us on that road; whether there is good navigation from Beaufort, N. C., via Pandico Sound, up Neuse Eiver, Ac. I wan
KWIC Goldsborough warofrebellion431unit 207602 :: ce New Berne and work out toward Kinston. I will send my railroad man, W. W. Wright, up to New Berne, and can send any number of cars and locomotives, so that we can use that road back to Kinston and Goldsborough. We have also a good deal of railroad iron. Pursuant to my plan, the Seventeenth Corps got Pocotaligo and railroad on the 1 5th, and I would now be in motion for Branch- ville and Orangeburg, only stores have been delayed by the
KWIC Goldsborough warofrebellion431unit 208419 :: load my wagons. The division of Grover, sent by Grant to hold Savannah, has begun to arrive, so I can take with me my entire army. I have studied the maps well and like the appearance of New Berne and Goldsborough and would like New Berne held with all tenacity. If Lee sees the points he may try to checkmate me there, and if you have anything to do with it hold fast to New Berne with the tenacity of life. I explained its importance t
KWIC Goldsborough warofrebellion431unit 316676 :: ry moved on Wilmington. If Wilmington is captured Schofield will go there. If not, he will be sent to New Berne. In either event all the surplus force at the two points will move to the interior toward Goldsborough in co-operation with your movement. From either point railroad communication can be run out, there being here abundance of rolling-stock suited to the gauge of those roads. There have been about 16,000 men sent from Lee’s army s
KWIC Goldsborough warofrebellion431unit 352956 :: plans of General Sherman contemplate a devastating march through South Carolina and into North Carolina. Gpon arriv- ing in North Carolina he will draw his supplies from New Berne by striking the railroad at Goldsborough. He may also before reaching Goldsborough obtain supplies by striking the coast at Wilmington. There is more certainty, however, of his striking the railroad at Golds- borough. You will, therefore, make every preparation, not only t
KWIC Goldsborough warofrebellion431unit 353004 :: stating march through South Carolina and into North Carolina. Gpon arriv- ing in North Carolina he will draw his supplies from New Berne by striking the railroad at Goldsborough. He may also before reaching Goldsborough obtain supplies by striking the coast at Wilmington. There is more certainty, however, of his striking the railroad at Golds- borough. You will, therefore, make every preparation, not only to aid Iiromptly and efficiently the forwar
KWIC Goldsborough warofrebellion431unit 492329 :: er securing all the property there, I wish you to transfer your men and tools to North Carolina — New Berne, unless Wilmington’ should fall into our possession — and prepare to make railroad communication to Goldsborough by the mid- dle of March. You need not build the bridge over Port Eoyal, which I requested of you at Savannah; that can be done by Poster’s com- mand. General Grant advises me of heavy re-enforcements being sent to North Carolin
KWIC Goldsborough warofrebellion014703rootrich 2145 :: for information. Colonel Parsons has gone West to attend to it. Eailroads in bad condition. H. W. HALLECK, Major- General and Chief of Staff. HDQRS. MILITARY DIVISION OF THE MISSISSIPPI, In the Field, Goldsborough, N. C., March 24, 1865. Lieut. Gen. U. S. GRANT, City Point, Va.: GENERAL: I have kept Lieutenant Dunn over to-day that I might report further. All the army is now in save the cavalry, which I have posted at Mount Olive S
KWIC Goldsborough warofrebellion014703rootrich 14701 :: To facilitate the completion of these roads, Colonel Poe will cause the First Michigan Engineers to work back toward New Berne. General Howard will cause to be built the railroad bridge over Neuse near Goldsborough, General Slocum the wagon road bridge on the M'ount Olive road, and General Schofield the railroad bridge over Northeast Branch near Wilmington, leaving Colonel Wright with his working parties to look after the laying and ballastin
KWIC Goldsborough warofrebellion014703rootrich 51650 :: neral Easton and General Dodge are here to-day. Respectfully, your obedient servant, M. C. MEIGS, Quartermaster- General and Brevet Major -General. HDQRS. MILITARY DIVISION OF THE MISSISSIPPI, In the Field, Goldsborough, March 25, 1865. General EASTON, Morehead City: I will come down with Colonel Wright. Have a steamer to take me to City Point; only four in the party. If the navy has a good gu.i- boat doing nothing I would ask for it. I
KWIC Goldsborough warofrebellion014703rootrich 53564 :: eral Slocum. ******* By order of Maj. Gen. W. T. Sherman: L. M. DAYTON, Assistant Adjutant- General. SPECIAL j HEADQUARTERS DEPARTMENT AND FIELD ORDERS, > ARMY OF THE TENNESSEE, No. 71. ) Goldsborough, N. C., March 25, 1865. ******* VIIL The local headquarters of the Army of the Tennessee will be established at New Berne, N. C., with Capt. Samuel L. Taggart in charge of the office. IX. Inasmuch as many officers of this
