GB CTRL-E531 | "six vessels" Oriental intitle:Grant | total 1 | grant-papers 1
      vol 13 :: ... Oriental &#39; seven hundred &amp; seventy eight ( 778 ) men has sailed — The &#39; Suwo Nada &#39; nine hundred &amp; thirty ( 930 ) men will start in half an hour — This makes six vessels , 5109 men , all as ordered— &quot; ALS ( telegram sent ) , ibid&nbsp;...
      top: The Papers of Ulysses S. Grant 1985 :: ... Oriental &#39; seven hundred &amp; seventy eight ( 778 ) men has sailed — The &#39; Suwo Nada &#39; nine hundred &amp; thirty ( 930 ) men will start in half
GB E509 | "Ben De Ford" Webster Dodge intitle:Grant | total 0 | grant-papers 0
GB E509 | "Western Metropolis" Alliance intitle:Grant | total 0 | grant-papers 0
GB E509 | Ainsworth Montauk Bradley Leary intitle:Grant | total 0 | grant-papers 0
GB E511 | "light draft" "Eliza Hancox" intitle:Grant | total 0 | grant-papers 0
GB E511 | Winants Hancox Rawlins Howell intitle:Grant | total 0 | grant-papers 0
GB E511 | "not over five feet" intitle:Grant | total 111 | grant-papers 0
      top: Statistics of Land-grant Colleges and Universities 1965 :: ... not enclosed .04 ) Opening enclosed in non - combustible shaft constructed according to National Board Building Code . ( 8 - inch brick , 6 - inch tile or 5
      top: Workers in Subjects Pertaining to Agriculture in Land-grant  1944 :: in approximately 8 hours . The plant will accommodate a bin not over 10 feet wide . What should be the bin ... 5 feet , the cross section of the bin must be sli
      top: Around the World with General Grant 1879 :: ... feet high , at times with almost polished surface , then again rugged and ... five months had been turned into a superficial breeze , the atmos- phere was c
GB E514 | "river steamer" "sea-going" Ingalls Blackstone intitle:Grant | total 0 | grant-papers 0
GB E514 | "medical department" Blackstone Leary intitle:Grant | total 0 | grant-papers 0
GB E514 | "three hundred and fifty" troops transportation Ingalls intitle:Grant | total 0 | grant-papers 0
GB E506 | Rawlins steamers "reported from Jamestown" intitle:Grant | total 0 | grant-papers 0
GB E506 | Rawlins Howell "named in your dispatch" intitle:Grant | total 0 | grant-papers 0
GB E506 | steamers Jamestown Beckwith Sheldon January intitle:Grant | total 0 | grant-papers 0
GB E508 | "C. C. Leary" Montauk intitle:Grant | total 0 | grant-papers 0
GB E508 | "ten days' coal" Leary intitle:Grant | total 0 | grant-papers 0
GB E508 | Leary "City Point" Webster Howell Montauk intitle:Grant | total 0 | grant-papers 0
GB E521 | Beckwith "Butler has left" Monroe intitle:Grant | total 0 | grant-papers 0
GB E521 | "don't mention that I" Beckwith intitle:Grant | total 0 | grant-papers 0
GB E521 | Butler "Fort Monroe" January 6 1865 Beckwith Sheldon intitle:Grant | total 0 | grant-papers 0
