Q "Kennerly" "Ritchie" "Girardeau" 1864 0
Q "rebel agents" "Kendall" "Kennerly" 2
   Confederate Agent: A Discovery In History | 2015-11-06 | ... <b>Rebel</b> Army , etc. , etc. He [ Jones ] reports their names and stations as follows : &quot; Portland , Me ... <b>Kendall</b> and Capt . Lewis <b>Kennerly</b> St. Joseph , Mo .......... John 
   Hollywood Music Industry Directory | 2006 | ... <b>Kendall</b> JD , CPA , Brent Lee Pissed Off Records , p . 65 <b>Kendall</b> , Elliot ... <b>Kennerly</b> , Beverly Kenny , Maureen Kent , Rolfe Keogh , Doug Keohen , Shawn ... <b>Rebel</b> Walt
Q "seizure of their papers" "Rosecrans" Dana 1864 15
   Dark Lanterns | 1989-08-01 | ... <b>the</b> stack of evidence , substantive and questionable , accumulated on Sanderson&#39;s desk , he was beset by particular problems . <b>His</b> bid for a brigadier generalship , endorsed by G
   Papers of the Military Historical Society of Massachusetts: Campaigns  | 1989 | ... <b>Dana</b> from October 12 to 191 and also from <b>the</b> report of General Grant.2 No ... <b>seized</b> , it would give us <b>the</b> river to a point sufficiently near ... <b>Rosecrans</b> abo
   Index to the Catalogue of Books in the Upper Hall of the Public Librar | 1866 | ... <b>1864</b> : No. 1-7 , 9 ; Circular letter , April 27. 1865 : No. 1-4 . - Report of <b>the</b> surgeon general , 1865. Wash ... <b>Dana</b> . Part 1 , 2. Philadelphia , 1852. Iv . in 2. 1.4 ° . *
   Index to the Catalogue of Books in the Bates Hall ... First Supplement | 1866 | ... <b>1864</b> : No. 1-7 , 9 ; Circular letter , April 27. 1865 : No. 1-4 . Report of <b>the</b> surgeon general , 1865. Wash- ington ... <b>papers</b> . Selected and edited by W. Lowrie , [ and othe
   Recollections of the Civil War | 2022-09-16 | With <b>the</b> Leaders at Washington and in <b>the</b> Field in <b>the</b> Sixties Charles A. <b>Dana</b>. Negro troops, <b>their</b> bravery, 86, 220. Nevada, why admitted, 174, 175. <b>Newspaper</b
   Index to the Catalogue of Books in the Bates Hall of the Public Librar | 1866 | ... <b>1864</b> : No. 1-7 , 9 ; Circular letter , April 27. 1865 : No. 1-4 . Report of <b>the</b> surgeon general , 1865. Wash- ington ... <b>papers</b> . Selected and edited by W. Lowrie , [ and othe
   Papers of the Military Historical Society of Massachusetts: The Missis | 1989 | ... <b>Dana</b> from October 12 to 191 and also from <b>the</b> report of General Grant.2 No ... <b>seized</b> , it would give us <b>the</b> river to a point sufficiently near ... <b>Rosecrans</b> abo
   The Journal of the Armed Forces | 1863 | (1863-<b>1864</b>). corps ) <b>the</b> first night sel , <b>the</b> three lower masts difficulties which exist in finding any foundation ... <b>Rosecrans</b> , at Chat- My action in telegraphing these
   The United States Army and Navy Journal and Gazette of the Regular and | 1864 | ... <b>1864</b> , contains a letter from Odessa , dated February 22d , which states that Captain BEZARD - FALGAS has just ... <b>Rosecrans</b> , at Chat- tanga . M action in telegraphing these orders 
   Mountain Herald | 1951 | ... <b>seizure</b> and treatment of hostages , <b>the</b> trial of spies , <b>the</b> disposition of railroads in rebel territory , leaves and furloughs , and a thousand other matters . These would be
Q "Confederate Agent" Horan "Kennerly" 1
   wtuREQAAQBAJ Confederate Agent: A Discovery In History | ['James D. Horan'] | 2015-11-06 | PARTIAL | James D. <b>Horan</b>. and communicating with the South - aiding the transportation of contraband goods , the running of the ... <b>Kennerly</b> St. Joseph , Mo .......... John or Wm . Ritchie New Madrid James or Wm . Ritchie Cape Girardeau&nbsp;...
Q "Monday morning next" "rebel agents" 301
   VXL7ENtRDOcC Naval Documents of the American Revolution | ['United States. Naval History Division'] | 1964 | ALL_PAGES | ... <b>next</b> . viz a Frigate pierced for 36 Guns but mounting only 28 Nine Pounders , laden with stores and goods for the ... <b>Rebel Agent</b> at Nantz.4 Two french Ships laden also for Ditto , but fitted out on private french ac- count.5 a&nbsp;...
   Ge-vYcT0j40C House documents | None | 1892 | ALL_PAGES | ... <b>Monday morning</b> at 9 o&#39;clock the following <b>rebel agents</b> and seize their papers : Maj . Morrison Maurice , Chicago , about forty - five years old , wears full whiskers , dark eyes and hair , about five feet eight inches high , has aliases&nbsp;...
   kJQ_AQAAMAAJ Papers Relating to Foreign Affairs | ['United States. Department of State'] | 1866 | ALL_PAGES | ... <b>yesterday morning</b> . Charles J. Helm , Ramsay , Scott , and other <b>rebel agents</b> , will probably take passage in the British mail steamer for St. Thomas on the 6th instant . I have the honor to be , sir , with great respect , your obedient&nbsp;...
   Wj3k029FvMEC The War of the rebellion: a compilation of the official reco | ['United States dept. of war'] | 1892 | ALL_PAGES | 
   3jEWAAAAYAAJ Papers Relating to the Foreign Relations of the United State | ['United States. Department of State'] | 1866 | ALL_PAGES | ... <b>yesterday morning</b> . Charles J. Helm , Ramsay , Scott , and other <b>rebel agents</b> , will probably take passage in the British mail steamer for St. Thomas on the 6th instant . I have the honor to be , sir , with great respect , your obedient&nbsp;...
   lstYAAAAcAAJ House Documents | ['USA House of Representatives'] | 1866 | ALL_PAGES | ... <b>yesterday morning</b> . Charles J. Helm , Ramsay , Scott , and other <b>rebel agents</b> , will probably take passage in the British mail steamer for St. Thomas on the 6th instant . I have the honor to be , sir , with great respect , your obedient&nbsp;...
   VsqUnJ8cUFwC Secret Service Under Pitt | ['William John Fitzpatrick'] | 1892 | ALL_PAGES | ... <b>next</b> day at the Directory , when , if I could get an audience , so much the ... <b>morning</b> , got to town [ London ] that night , accompanied by one Jeffrey ... <b>rebel agent</b> , falsely suspected by Tone of being a spy , will figure in&nbsp;...
   qpwFAAAAQAAJ House Documents, Otherwise Publ. as Executive Documents | ['United States. Congress. House'] | 1866 | ALL_PAGES | ... <b>yesterday morning</b> . Charles J. Helm , Ramsay , Scott , and other <b>rebel agents</b> , will probably take passage in the British mail steamer for St. Thomas on the 6th instant . I have the honor to be , sir , with great respect , your obedient&nbsp;...
Q "Lewis Kennerly" 25
   -a2VEQAAQBAJ Confederates in Montana Territory | ['Ken Robison'] | 2014-11-04 | PARTIAL | ... <b>Lewis Kennerly</b> returned to become leaders in the pro-secession Missouri Volunteer Militia. That brigade deployed to the Kansas border on the Southwest Expedition in November 1860 with both Lewis and his brother Samuel Kennerly in their&nbsp;...
   filLCgAAQBAJ Portraits of Conflict | ['William Garrett Piston', 'Thomas P. Sweeney'] | 2009-09-01 | PARTIAL | ... <b>Lewis Kennerly</b> , age twenty , was typical of the militia- men who participated in the Southwest Expedition . He was born at Jefferson Barracks , just south of St. Louis , where his father , George Hancock Kennerly , had settled as a&nbsp;...
   cWpVAAAAMAAJ Seed of Jacob Jeffcoat Family, History and Genealogy [sic] | ['Vera Dell Spires Jeffcoat'] | 1975 | NO_PAGES | ... <b>Lewis Kennerly</b> H6 . John Calhoun Kennerly H3 . Marietta Kennerly H7 . H4 . Annie Laurie Kennerly H8 . Lee Onan Kennerly Mildred Alline Kennerly H1 . JAMES CAROL KENNERLY , b . May 29 , 1906 , d . March 15 , 1969. M. Jan. 26 , 1926 Leona&nbsp;...
   1ShWAAAAMAAJ History of Jeremiah Jones of Orangeburg District, South Caro | ['Mary Eloise Jones'] | 1967 | NO_PAGES | ... <b>Lewis Kennerly</b> , b . 11 Feb. 1933 . ISSUE 1. Anthony <b>Lewis Kennerly</b> , b . 17 April 1958 . 2. Arline Alice Kennerly , b . 10 Nov. 1960 . 3. Henry Edward Bonnette , b . 13 Nov. 1938 . Married 2 Sept. 1961 , Linda Willette Carson , from&nbsp;...
   wtuREQAAQBAJ Confederate Agent: A Discovery In History | ['James D. Horan'] | 2015-11-06 | PARTIAL | ... <b>Lewis Kennerly</b> St. Joseph , Mo .......... John or Wm . Ritchie New Madrid James or Wm . Ritchie Cape Girardeau ......... Col. Wm . Harper Memphis ... Capt . Pope Nashville ..... Cincinnati ........ Maj . Heikermere Col. Thos . J&nbsp;...
   XI14SAwhB2IC Journal... | ['Florida. Legislature. House'] | 1923 | NO_PAGES | ... <b>Lewis , Kennerly</b> . Also- House Bill No. 191 : A bill to be entitled An Act amending Section 6125 of the Revised General Statutes of the State of Florida , the same relating to the manner and regulation of execution of the Death Sentence&nbsp;...
   TsB2AAAAMAAJ The Forgotten "Stonewall of the West" | ['Phillip Thomas Tucker'] | 1997 | NO_PAGES | ... <b>Lewis Kennerly</b> . But , as if the final verdict had already been decided for political reasons , the trial early turned in Van Dorn&#39;s favor . While the articulate , personable Van Dorn masterfully conducted his own defense like a shrewd&nbsp;...
   NysTAAAAYAAJ Annals of Clarke County, Virginia | ['Stuart Ellett Brown'] | 1983 | NO_PAGES | 
Q "Kennerly" "Kendall" arrest 32
   dMYtAAAAIAAJ The War of the Rebellion | ['United States. War Department'] | 1894 | ALL_PAGES | ... <b>Kendall</b> , J. J. Mentioned ... <b>Kendall</b> , Paul R. Mentioned Kennedy , Daniel A. Mentioned Kennedy , John . Mentioned ... <b>Kennerly</b> , Lewis H. Mentioned 91,242 21 Kennesaw , Steamer . Mentioned Kent , Joseph F. Mentioned 1191 832 , 833&nbsp;...
   nY0G1-RFV8wC The War of the Rebellion: v. 1-53 [serial no. 1-111] Formal  | ['United States. War Department'] | 1894 | ALL_PAGES | ... <b>Kendall</b> , Paul R. Mentioned Kennedy , Daniel A. Mentioned Kennedy , John . Mentioned Kennedy , Patrick W. Mentioned Kennedy , R.D. Mentioned .. Kennedy , Vincent B. Mentioned Kennedy , William . Mentioned . <b>Kennerly</b> ... <b>Arrest</b> of&nbsp;...
   7vml7eR6YPcC House documents | None | 1895 | ALL_PAGES | ... <b>Kendall</b> , J. J. Mentioned . <b>Kendall</b> , Paul R. Mentioned Kennedy , Daniel A. Mentioned Kennedy , John . Mentioned ... <b>Kennerly</b> , Lewis H. Mentioned Kennesaw , Steamer . Mentioned Kent , Joseph F. Mentioned Kentucky . Affairs in , generally .
   gMhDtP_rwdIC The Papers of Ulysses S. Grant | ['Ulysses Simpson Grant'] | 1967 | PARTIAL | ... <b>Kendall</b> , Charles B. ( Ill . Vols . ) , 201n Kennard , George W. ( Ill . Vols . ) , 397 <b>Kennerly</b> , Mit ( wife of ... <b>arrest</b> of James Taylor , 383 ; issues orders for USG , 403 Lake City ( steamboat ) , 55 Lake Erie ( steamboat )&nbsp;...
   NUKA0OjZGL4C Illinois in the War of 1812 | ['Gillum Ferguson'] | 2012-01-26 | PARTIAL | ... <b>Kendall</b> County , 62 , 221n58 , 237n54 Kennedy ( or Canaday ) ( settler ) , 120 <b>Kennerly</b> , George , 164 , 193 ... <b>arrested</b> by Craig , 96 ; biog . note , 261n32 ; with Howard&#39;s expe- dition to Peoria , 109 ; and Moore&#39;s mas- sacre&nbsp;...
   HHBFF2wIW9YC Cumulated Index Medicus | None | 1987 | ALL_PAGES | ... <b>Kendall</b> MD , et al . J Cell Sci 1986 Jul ; 83 : 77-87 Zinc - containing 7S - NGF complex . Evidence from zinc ... <b>Kennerly</b> DA . Jmnization Mehmast cell cytoplasts : Immature dense granules in platelets from mice with platelet 97&nbsp;...
   aWmKwOgG8xQC Index to the Correspondence of the Foreign Office for the Ye | ['Great Britain. Foreign Office'] | 1936 | NO_PAGES | 
   3Od2MUWsp6sC The New York Times Index | None | 1954 | NO_PAGES | 
Q "rebel agents and seize their papers" 4
   urU9AAAAYAAJ The War of the Rebellion | 1892 | ... <b>rebel agents and seize their papers</b> : Maj . Morrison Maurice , Chicago , about forty - five years old , wears full whiskers , dark eyes and hair , about five feet eight inches high , has aliases as Samuel Ober , &amp; c .; Capt . Thomas&nbsp;...
   Wj3k029FvMEC The War of the rebellion: a compilation of the off | 1892 | 
   K9rv08nCJUUC The War of the Rebellion: v. 1-53 [serial no. 1-11 | 1880 | ... <b>rebel agents and seize their papers</b> : Maj . Morrison Maurice , Chicago , about forty - five years old , wears full whiskers , dark eyes and hair , about five feet eight inches high , has aliases as Samuel Ober , &amp; c .; Capt . Thomas&nbsp;...
   Ge-vYcT0j40C House documents | 1892 | ... <b>rebel agents and seize their papers</b> : Maj . Morrison Maurice , Chicago , about forty - five years old , wears full whiskers , dark eyes and hair , about five feet eight inches high , has aliases as Samuel Ober , &amp; c .; Capt . Thomas&nbsp;...
Q "Kennerly" "seize their papers" 86
   ZR51AAAAMAAJ White Man's Paper Trail | 2006 | ... <b>seized</b> cutlery from <b>the</b> table to use as weapons . Sutler George F. <b>Kennerly</b> , who managed to separate <b>the</b> men , later held O&#39;Fallon to blame for <b>the</b> incident . <b>The</b> In- dian ... <b>their</b> wounds . &quot; 26 <b>The</b> 23 <b>THE</b> EARLY FRIENDSHIP PACTS.
   GizWCF40Cc0C Congressional Record | 1893 | Containing <b>the</b> Proceedings and Debates of <b>the</b> ... Congress. CHARLES M. <b>KENNERLY</b> ... <b>seized</b> for forfeiture in <b>the</b> third col- lection district of Mississippi ... <b>paper</b> received from you . Respectfully yours , JOHN MASON , Commissioner&nbsp;...
   XFf4nfWiSo8C Congressional Record | 1901 | ... <b>their</b> respective offices before <b>the</b> schooner entered <b>the</b> harbor of Apia . It further appears from <b>the</b> letters of Mr. Jenkins to <b>the</b> Department of State , and from <b>the papers</b> ... <b>seize the</b> private dwelling of Van Camp , together with <b>the</b>&nbsp;...
   FMG6BwAAQBAJ Redemption Songs | 2014 | ... <b>Kennerly papers</b> for December 27, 1837: “B. Meachum preached at funeral of Betsey, <b>Kennerly&#39;s</b> slave, and a number of Blacks attended.” <b>Kennerly Papers</b>, Missouri <b>His</b>- torical Society Collections. 28. Meachum, Address to All <b>the</b> Colored&nbsp;...
   7CZAYng3SgcC Romance, illustrated, a complete weekly novelette | 1899 | ... <b>Kennerly</b> ! &quot; &quot; You intended to marry me . &quot; She looked up as she spoke . <b>Her</b> ... <b>seized her</b> ; she swayed in <b>the</b> encircling strong arm ; she was caught and ... <b>their papers</b> , and every reader of fiction AN UNEXPECTED DISCOVERY . 29.
   781DAAAAcAAJ An Attempt Towards Recovering an Account of the Nu | 1714 | ... <b>Papers</b> , many of which I have feen and perused . Before I dismiss <b>the</b> Account of him , I must here repeat <b>the</b> ... <b>Kennerly</b> in this same County , as himself further affures me . BRUSH , GEORGE , , I have been informed <b>there</b> was such&nbsp;...
   ZOCsIhrvMkkC Shadow | 1999-06-16 | ... <b>Papers</b> , Gerald R. Ford Library . Becker thought Haig had tipped off Ziegler to Ford&#39;s instructions . Becker wrote ... <b>seize the</b> initiative and &#39; upperhand &#39; in <b>the</b> negotiations . &quot; Haig denied that he ever talked to Ziegler or&nbsp;...
   UefiAAAAMAAJ America, History and Life | 1999 | ... <b>papers</b> and property either <b>seized</b> or destroyed during <b>the</b> Civil War ... <b>their</b> military service could help preserve <b>the</b> Union . Few Maine soldiers ... <b>Kennerly</b> ; Jones , Shirley Farris and Smith , John Aber- nathy , ed . LETTERS&nbsp;...
Q "Ritchie" "New Madrid" "seize" 153
   SUXWAAAAMAAJ History of Vanderburgh County, Indiana | 1889 | ... <b>Ritchie</b> , White , Bowden , Cleve- of <b>New Madrid</b> , Mo. , and caused the earth land , Darby and Miller , the present ... <b>seized</b> upon the minds of Christian Order . Through that part of the people and they thought of little else the&nbsp;...
   8NgSAQAAIAAJ Superquake! | 1988 | Why Earthquakes Occur and when the Big One Will Hit Southern California David <b>Ritchie</b> ... <b>New Madrid</b> quakes were false . Volcanic activity ceased in Missouri millions ... <b>seized</b> on the disaster as a way to bring conviction to errant&nbsp;...
   l4-IEAAAQBAJ Tourism Through Troubled Times | 2022-09-23 | ... <b>Madrid</b>. Retrieved from https:// worldshoppingtourism.com/downloads/GJC_THE_TOURISM_INDUSTRY_ AND_THE_IMPACT_OF_COVID_19.pdf Wang, J., &amp; <b>Ritchie</b> ... <b>new</b> coronavirus. Retrieved from https://www.who.int/cambodia/ news/detail/28-01-2020&nbsp;...
   nS9YEAAAQBAJ Consequences of the COVID-19 Pandemic on Care for  | 2022-01-07 | ... <b>new</b> instrument for psychiatric practice and research. Psychiatry Res. (1989) 28:193–213. doi: 10.1016/0165-1781(89) ... <b>Ritchie</b> K. Sleep and depression. J Clin Psychiatry. (2005) 66:1254–69. doi: 10.4088/JCP.v66n1008 15. Ramsawh HJ&nbsp;...
   nXEOAAAAQAAJ The Christian's monthly record. Jan.-Dec. 1880 | None | ... <b>new</b> ground for an additional burying - ground , was £ 999 6s . 7d . Of this ... <b>Ritchie</b> and the salmon fishermen . It is a large gun raised up out of the ... <b>Madrid</b> . The priests put near her couch some bones of an old Spanish&nbsp;...
   raOlzFwRSNwC “The” Athenaeum | 1836 | ... <b>Ritchie</b> . 3 vols . Macrone . THERE is no dogmatizing upon the general tendency of the age , if our light literature ... <b>new</b> toy was to be contrived for the pastime of those grown children , the reading public . But scarcely have we&nbsp;...
   3Lg_AQAAMAAJ The Pall Mall Budget | 1881 | ... <b>new</b> Championship of England Cup presented by the proprietors of the Sportsman to replace the one which Hanlan BIRTHS , MARRIAGES , AND DEATHS . BIRTHS . Ross. Mr. David <b>Ritchie</b> , jun . , and Miss Maggie <b>Ritchie</b> , son and daughter of Mr&nbsp;...
   s7lHAQAAIAAJ The Athenæum | 1836 | ... <b>Madrid</b> had occupied so much our galloper&#39;s time , he is resolved that the Macrone . The Magician . By Leitch <b>Ritchie</b> ... <b>new</b> toy was to be contrived for the pastime of those grown children , the reading public . But scarcely have we&nbsp;...
Q "Morrison Maurice" "Kennerly" 2
   emhCPk3f1fAC Student Directory | 1931 | 
   k7cHgpd45kwC The Cornell Alumni News | 1899 | ... <b>Morrison , Maurice</b> 189 Prince , John Walter . 189 , 204 Keator , J. L. 29 McAllister , Peter F. 151 , 209 Morton ... <b>Kennerly</b> 95 Kuehmsted , Albert L. Ladd , Carlton E. Ladd , Miss M. Η . Laidlaw , Gilbert W .. Lake , C. F .. ΙΟΙ&nbsp;...
Q "Morrison Maurice" "Girardeau" 2
   7RtrAAAAMAAJ Directory | 1969 | 
   rRJrAAAAMAAJ Membership Directory - American Society of Interna | 1969 | 
Q "Morrison Maurice" Tunstall 3
   C54lbuwOfrMC University of the State of New York Bulletin | 1954 | ... <b>TUNSTALL</b> RD , SCARSDALE MORRIS MILTON H , 1233 BROADWAY , FAR ROCK- AWAY MORRIS MYRON L , 340 W 86TH ST , NEW YORK ... <b>MORRISON MAURICE</b> , 645 OCEAN AV , BROOKLYN MORRISON MILNOR , PAWLING MORRISON MYLES C JR , 260 CRITTENDEN BLVD&nbsp;...
   X1JLAAAAYAAJ New York State Education Department Bulletin | 1953 | ... <b>TUNSTALL</b> RD , SCARSDALE MORRIS MILTON H , 1233 BROADWAY , FAR ROCK- AWAY MORRIS MYRON L , 340 W 86TH ST , NEW YORK ... <b>MORRISON MAURICE</b> , 645 OCEAN AV , BROOKLYN MORRISON MILNOR , PAWLING MORRISON MYLES C JR , 260 CRITTENDEN BLVD&nbsp;...
   1V3GAAAAMAAJ Education Department Bulletin | 1952 | ... <b>TUNSTALL</b> RD , SCARSDALE MORRIS MILTON H , 1233 BROADWAY , FAR ROCK- AWAY MORRIS MYRON L , 340 W 86TH ST , NEW ... <b>MORRISON MAURICE</b> , 645 OCEAN AV , BROOKLYN MORRISON MILNOR , PAWLING MORRISON MYLES C JR , 894 TOWNLEY AV , UNION&nbsp;...
