E322	warofrebellion014104rootrich	competent officer	8
E323	warofrebellion014104rootrich	breaking up	3
      HEADQUARTERS DISTRICT OF SOUTHWEST MISSOURI, Springfield, Mo., November 10, 1864. Brigadier-General SANBORN, Oassville, Mo. : Captain Chitwood reports that the home guard companies at Lebanon and at the Gasconade are breaking up and going home, and that he has not men enough to follow them. He desires instructions. One com pany of the militia is deserting also. WM. T. KITTREDGE, Assistant Adjutant- General, CHAP.LIII.] CORRESPO
     le river. It has been cloudy and rainy here for several weeks, which is a sure indication of snow in the mountains. The bayous and sloughs are all full and the streams are high. At all events, I am opposed to breaking up Fort Smith for the following reasons: It has been strongly fortified at a very considerable expense, and can be held against great odds. It is a flanking arrange ment for this department, and helps to 
      division by wa;y of Cairo and Little Rock, examining the defenses on the Mississippi and so far as may be possible, without too much delay, on the Arkansas. You will give particular attention to the propriety of breaking up certain posts, as New Madrid, Helena, &c., so as to diminish the number of places to be garrisoned. You will also ascer tain any defects of armament and munitions and have them immedi ately supplied. A
E324	warofrebellion014104rootrich	until further orders	60
E324	warofrebellion014104rootrich	Seddon	4
     est, if you will undertake the trouble should this meet with favorable consideration. H. BEAUMONT, Chief Quartermaster's Office, Trans-Mississippi Department. [Inclosure.] SHREVEPORT, LA., October 21, 1864. Hon. J. A. SEDDON, • Secretary of War, C. S. A.: SIR: I have the honor to submit the following: The importance to the Confederacy of occupying and holding the route to the Pacific through the Territory of Arizona is so g
     Arkansas with his command largely increased. I have the honor to be, with great respect, Your Excellency's most obedient servant, E. KIR BY SMITH, General, Commanding. CHARLOTTESVILLE, November 21, Hon. JA:\IES A. SEDDON, Secretary of War, Richmond: SIR: It was my desire when in Richmond to invite your attention to a subject which I had been at pains to investigate when on the Mississippi River, but no opportunity present
     ment headquarters and Richmond will be sent you from district headquarters at Camden. Very respectfully, your obedient servant, W. A. ALSTON, Lieutenant-Colonel and Assistant Adjutant- General. [DECEMBER 7, 1864. — For Seddon to Hardee, transmitting dispatch to E. Kirby Smith, relative to crossing of troops to aid Hood, *S:c., see Part I, p. 123.1 HEADQUARTERS TRANS-MISSISSIPPI DEPARTMENT, tihrevcport, December 7, 1864. Brig. Gen. 
      Samuel R. Curtis... 257, 288 Mentioned 288 Sedalia, Mo. Affair at, Oct. 15, 1864. Communications from Anderson, Martin 17 Curtis, Samuel R 19 Independence, Mo., Telegraph Operator at 16 Thompson, M. Jeff 1000 Seddon, James A. Mentioned 1009, 1010, 1073, 1101, 1127-1129 For correspondence, etc., see War Department, C. S. See, George C. Mentioned 458, 475, 493 Seelye, Edgar. Mentioned 53,117 Seibert. F. Mentioned 1093 
E325	warofrebellion014104rootrich	Kendall	4
     eer. 15th Kansas Cavalry, Company K, Capt. Joseph B. Swain. 15th Kansas Cavalry, Company L, Capt. Orloti' Norton. 15th Kansas Cavalry, Company M, Capt. Edward B. Met/. 16th Kansas Cavalry, Company I), Capt. John Kendall. Kansas Light Artillery, 2d Battery (section), Lieut. Daniel C. Knowles. Fort Insley, Mo. 3d Wisconsin Cavalry, Company A, Lieut. George M. Ellis. 3d Wisconsin Cavalry, Company C, Lieut. James B. Pond. 3d W
     aptain Ninth Wis consin Light Battery; S. B. Davis, surgeon, U. S. Vol unteers; tl. P. Erickson, surgeon Sixteenth Kansas Vol unteer Cavalry; Nathan Ames, captain Company A, Six teenth Kansas Volunteer Cavalry; John Kendall, captain Company D, Sixteenth Kansas Volunteer Cavalry; J. W. Hall, captain Company G, Sixteenth Kansas Volunteer Cavalry; II. W. Stubblelield, captain Company II, Six- teenth Kansas Volunteer Cavalry; John K. W
      114th Regiment. Kelsey's (James) Infantry. See Kansas Troops, 17th Regiment. Kempinsky's (Abram) Infantry. See Missouri Troops, Union, 49th Regiment. Kenard's (R.) Indians. See Indian Troops, Confederate, Creek. Kendall's (John) Cavalry. See Kansas Troops, 16th Regiment. CHAP. LIU.] ORGANIZATIONS MENTIONED. 1161 Kennedy's (Judson J.) Cavalry. See Colorado Troop*. 1st Regiment. Kennedy's (Thomas H.) Infantry. See Kansas 
     h John F. Philips 473, 492, 543, 588 Mentioned 46,369,473,680 Kelly, JohnH. Mentioned 973 Kelaey, James. Mentioned 379 Kelso, John R. Mentioned 411 Kempinsky, Abram. Mentioned 981 Kenard R. Mentioned 1145 Kendall, John. Correspondence with Charles R. Jennison 591 Mentioned 378 Kendrick, Albert S. Mentioned 854 Kendrick, Frank A. Mentioned 987 Kendrick, John. Mentioned 49 Kennedy, Judson J. Mentioned 375 Kenned
E325	warofrebellion014104rootrich	Ritchie	4
      originated from some of your staff officers not comprehending your orders. The Missouri troops felt hurt in not being allowed any participation in guarding the prisoners, and this feeling was increased by a Colonel Ritchie, who in the most violent manner began to seize hold of officers of my staff and declare they were arrested by your orders. In this manner he arrested your provost-marshal, and as no remonstrance of mine ha
     d to your quarters, but found you had left, and I then requested Major McKenny, your aide- de-camp, to report the facts to you, which he promised to do. A num ber of persons have since informed me that Colonel Ritchie's mind is so weak that he is not lit to be intrusted with any business of impor tance. I trust this explanation will be satisfactory. Your arrangement for Captain Hall, provost-marshal, to take charge of th
     n. f highly approve of your efforts to maintain a good understanding between troops of different States and different departments, and assure you it will be heartily reciprocated by me. As to the matter of Colonel Ritchie, I hope you will authorize his discharge, and 1 will guarantee no further consideration of the subject will be entertained. He belongs to another department, and as an act of courtesy 1 accepted his services
     d 1063 Riggs, James M. Mentioned 1143 Riley, James. Mentioned 1145 Rinehart, Levi M. Mentioned 377 Rinne, William. Mentioned 367,979 Riadoii, Orlando C. Correspondence with Elias S. Dennis 177 Mentioned 176 Ritchie, John. Mentioned 286,287 Ritter, John F. Mentioned 373, 414, 426, 500, 507, 508, 521 Ritter, Richard. Mentioned 973 Roaker, A. F. Mentioned 483,636 Roane, John S. Assignment to duty 1042 Mentioned 1042,10
E325	warofrebellion014104rootrich	Cape Girardeau	45
E325	warofrebellion014104rootrich	New Madrid	18
E322	warofrebellion014703rootrich	competent officer	3
     es and trestles between the points named, and cause patrols to pass between each two contiguous posts daily. Each of such posts should be stockaded and have a garrison of at least thirty men, under careful and competent officers. Colonel Granger will furnish to the master machinists at Magnolia all such details and fatigue parties as may be necessary to facilitate the repairs of cars and locomotives and to keep the road
     ry of this army are in fine order and I shall endeavor to see they are so kept till passed over to your arsenals. Should events next week take a different turn from what I expect I consent that you order any compe tent officers to relieve Baylor and Buel. I thank you for the compli ment paid me as to strategy, &c. I believe our southern winter excur sions have solved the great problem. With much respect, W. T. SHERM
     Troops, will divide his command among the divisions of the corps as follows: To the First Division, three companies; to the Third Division, three companies; to the Fourth Division, four com panies. He will assign competent officers to the command of each detachment. By command of Maj. Gen. F. P. Blair: C. CADLE, JR., Assistant Adjutant- General. HEADQUARTERS ARMY OF GEORGIA, Raleigh, N. C., April 25, Bvt. Maj. Gen. J. C.
E323	warofrebellion014703rootrich	breaking up	3
     rity of the United States, and disperses his armies absolutely, and the point to which I attach most importance is that the dispersion and disbandment of these armies is done in such a manner as to prevent their breaking up into guerrilla bands. On the other hand, we can retain just as much of an army as we please. I agreed to the mode and manner of the surrender of arms set forth, as it gives the States the means of
     thorities. The agreement in this district binds either party to give twenty-four hours' notice at the picket-line, near Jacksonville, before renewing hostilities. As it may be impossible to inform you at once of the breaking up of the armistice, the general desires that you will not be unprepared for offensive or defensive movements at any time. I am, major, very respectfully, your obedient servant, S. L. McHENRY, Assistant Ad
     nsportation home. They informed me they would adopt this course. Captain Van Benthuysen (the elder) said he had with him two blooded mares which he had purchased from persons in the Kentucky brigade when they were breaking up, and which he was desirous to keep. He asked if I could put them in care of some person, at his expense, until the communication from Cedar Keys to New Orleans was opened. I told him that I would d
E324	warofrebellion014703rootrich	Fort Pulaski	8
E324	warofrebellion014703rootrich	Judge Campbell	1
      these headquarters. Very respectfully, your obedient servant, HENEY A. HALE, Assistant Adjutant- General. WAR DEPARTMENT, Washington City, May 28, 1865—11.30 p. m. General Q. A. GILLMORE: General Grant has ordered Judge Campbell, E. M. T. Hunter, and Seddon, late Secretary of War, to be sent to Fort Pulaski, to be held in 588 OPERATIONS IN N. C., S. C., S. GA., AND E. FLA. [CHAP. L1X. custody there until further
E324	warofrebellion014703rootrich	until further orders	68
E324	warofrebellion014703rootrich	Seddon	2
      your obedient servant, HENEY A. HALE, Assistant Adjutant- General. WAR DEPARTMENT, Washington City, May 28, 1865—11.30 p. m. General Q. A. GILLMORE: General Grant has ordered Judge Campbell, E. M. T. Hunter, and Seddon, late Secretary of War, to be sent to Fort Pulaski, to be held in 588 OPERATIONS IN N. C., S. C., S. GA., AND E. FLA. [CHAP. L1X. custody there until further orders. They are now at Eichmond and
     , 184, 196, 316, 340, 469, 479, 487, 496, 501, 509, 518, 527, 528, 557, 584 Scott, Thomas M. Mentioned 698,735,773 Scott, William. Mentioned 547 Screws, Benjamin H. Mentioned 735 Seabrook, Henry. Mentioned 856 Seddon, James A. Mentioned 587 Sedgwick, General, Steamer. Mentioned 51 Seixas, J. M. Correspondence with Joseph E. Johnston 849 Selfridge, James L. Mentioned 144, 584 Semmes. Raphael. Mentioned 856 Setzler
E324	warofrebellion014703rootrich	safe custody	2
      property wherein you may think your capture illegal and desire to relieve yourself from personal legal liability by restoring the property to the claimant. You will take such steps as you think best to secure the safe custody of all the bullion, specie, and other property so long as it remains in your charge, and will be careful to obtain duplicate and detailed receipts, according to the acts of Congress and the Treasury r
     held in 588 OPERATIONS IN N. C., S. C., S. GA., AND E. FLA. [CHAP. L1X. custody there until further orders. They are now at Eichmond and will be forwarded immediately. You will receive and hold them in safe custody. EDWIN M. STANTCm, Secretary of War. HEADQUARTERS DEPARTMENT OF THE SOUTH, May 28, 1865. Brigadier-General TOWNSEND, Washington: I have Governor Magrath, of South Carolina, here in arrest, subject to 
E325	warofrebellion014703rootrich	Tunstall	1
      E. JOHNSTON. HEADQUARTERS, March 24, 1865. General J. E. JOHNSTON, SmimfieU : I hope there is some mistake about Twenty-ninth Corps, as it was never before heard of. Sheridan has one division of his cavalry at Tunstall's Station, the other at White House. Has sent down river his broken-down horses and I know nothing to indicate his moving to North Carolina. I think Sherman will [move] to Weldon on account of procuring su
E322	warofrebellion014802rootrich	competent officer	5
E323	warofrebellion014802rootrich	breaking up	13
E323	warofrebellion014802rootrich	west of the Mississippi south of the Arkansas	1
     IDSON, Brigadier- G enera I, Comm an d i ttg, WASHINGTON, May 18, 1865—2.30 p. m. Major- General POPE, Saint Louis, Mo. : Orders have been made breaking up Canby's division and assign ing Sheridan to general command west of the Mississippi, south of the Arkansas. You will please direct Reynolds to receive orders from Sheridan for the disposition of all troops that can be spared from Arkansas, recollecting that the troops taken, 
E323	warofrebellion014802rootrich	receive orders from Sheridan	1
     or- General POPE, Saint Louis, Mo. : Orders have been made breaking up Canby's division and assign ing Sheridan to general command west of the Mississippi, south of the Arkansas. You will please direct Reynolds to receive orders from Sheridan for the disposition of all troops that can be spared from Arkansas, recollecting that the troops taken, with many others, are to operate against the enemy south of him. If Keynolds can 
E323	warofrebellion014802rootrich	can be spared from Arkansas	2
      up Canby's division and assign ing Sheridan to general command west of the Mississippi, south of the Arkansas. You will please direct Reynolds to receive orders from Sheridan for the disposition of all troops that can be spared from Arkansas, recollecting that the troops taken, with many others, are to operate against the enemy south of him. If Keynolds can be replaced I would like him to go in command of the troops taken.
     in the southern part of the State and the whole administration in the State, so far as the mili tary authorities are concerned, will remain with me. I understand your telegram to mean merely that all troops that can be spared from Arkansas shall be used as General Sheridan directs in hostile oper ations against Kirby Smith. When these operations are over the southern line of Arkansas becomes again the southern line of this 
E323	warofrebellion014802rootrich	operate against the enemy south of him	1
     uth of the Arkansas. You will please direct Reynolds to receive orders from Sheridan for the disposition of all troops that can be spared from Arkansas, recollecting that the troops taken, with many others, are to operate against the enemy south of him. If Keynolds can be replaced I would like him to go in command of the troops taken. U. S. GRANT, Lieutenant- General. HEADQUARTERS MILITARY DIVISION OF THE MISSOURI, /Sain
E324	warofrebellion014802rootrich	Fort Pulaski	4
      GULF, New Orleans, La., June 5, 1865. Rear-Admiral H. K. THATCHER, Commanding West Gulf Squadron, New Orleans, La. : SIR : I am directed by the Secretary of War to. send certain important prisoners of state to Fort Pulaski and Washington as early as possible, and take leave to ask if you have any gun-boat or transport bound north which could, without too much inconvenience, take these prisoners, and stop at Fort Pulaski 
     of state to Fort Pulaski and Washington as early as possible, and take leave to ask if you have any gun-boat or transport bound north which could, without too much inconvenience, take these prisoners, and stop at Fort Pulaski to deliver those who are destined for that place ? Very respectfully, E. R. S. CANBY, Major- General. MILITARY DIVISION OF WEST MISSISSIPPI, OFFICE OF CHIEF QUARTERMASTER, New Orleans, La., June 5, 
     ll proceed with this guard and the above-named pris oners by the steamer Constitution, which leaves this port to-morrow morning, the 10th instant, at 8 o'clock. On her way to New York the steamer will touch at Fort Pulaski, where the prisoner Moore will be delivered to the commanding officer, in accordance with the orders of the Secretary of War. The other three prisoners will be taken to New York, and thence to Washin
     ORRESPONDENCE. ETC. UNION. 833 other commands will be answered in course of the day. On the 5th the commanding officer at Jackson was instructed to send Governor Clark here, in order that Ave might forward him to Fort Pulaski, according to in structioi i s from the War Department. The steamer leaves to-morrow morning, and there has been ample time to have the prisoner forwarded. Please ascertain who is responsible for this d
E324	warofrebellion014802rootrich	until further orders	60
E324	warofrebellion014802rootrich	Seddon	7
E325	warofrebellion014802rootrich	Kendall	3
     Company K, Lieut. John F. Feldman. 14th Missouri Cavalry (detachment),* Capt. Harrison Mitchell. 16th Missouri Cavalry (detachment), Lieut. Col. John F. McMahan. 1st Missouri Light Artillery, Battery L, Lieut. John H. Kendall. WARDENS STATION. 16th Missouri Cavalry, Company M, Lieut. James M. Agnew ALTON, ILL. Col. JOHN H. KUHN. 144th Illinois (six companies), Lieut. Col. James N. Morgan. * Not armed. CHAP. LX.] CORRESPONDENC
      Troops, 2d Regiment. Keller's (Louis) Infantry. See Ohio Troops, 5Sth Regiment. Kelly's (John II.) Infantry. See Ohio Troops, 114th Regiment. Kemp's (Northrup R.) Infantry. See New Mexico Troops, 1st Regiment. Kendall's (John H.) Artillery. See Missouri Troops, Union, 1st Regiment, Battery L. Kennedy's (Milton) Infantry. See Kansas Troops, 1st Regiment. Kennicott's (Ransom) Infantry. See I lllnols Troops, 37th Regiment.
     ith John McNei 1 41 Kelly, John H. Correspondence with Gordon Granger 1017 Mentioned 261 Kelly, Morgan. Mentioned 498, 499, 511, 523, 530, 551 Kemble, George S. Mentioned 1110 Kemper, Canning. Mentioned 215 Kendall, John H. Mentioned 272 Kendrick, Albert S. For correspondence as A. A. A. G., see Frederick Salomon. Kennedy, . Mentioned 64 Kennedy, John C. Correspondence with Greenville M. Mitchell 992 K
E325	warofrebellion014802rootrich	Cape Girardeau	63
E325	warofrebellion014802rootrich	New Madrid	6
E322	warofrebellion014902rootrich	leaves New York today with funds	1
     n, Oa. : The quartermaster's department says that there is plenty of forage at Port lioyal and all available means are in operation to get it to you. Major Thomas, assistant quartermaster, Department of the South, leaves New York to-day with funds, and on your requisition will supply your temporary wants. Send your estimate for funds to Quartermas ter-General and funds will be forwarded you. You will remain with that part of 
E322	warofrebellion014902rootrich	remain with that part of your command	1
     Department of the South, leaves New York to-day with funds, and on your requisition will supply your temporary wants. Send your estimate for funds to Quartermas ter-General and funds will be forwarded you. You will remain with that part of your command that is to be left in Georgia. General Thomas has been so instructed. Whatever infantry force, in addition to the cavalry left with you, may be required to garrison what you 
E322	warofrebellion014902rootrich	garrison what you deem necessary	1
     ed you. You will remain with that part of your command that is to be left in Georgia. General Thomas has been so instructed. Whatever infantry force, in addition to the cavalry left with you, may be required to garrison what you deem necessary points to be garrisoned will be sent yon. See that a competent officer has command of the force returned to the Tennessee River. Bv command of Lieutenant-General Grant : JNO. A. R 
E322	warofrebellion014902rootrich	competent officer	5
E322	warofrebellion014902rootrich	temporary wants	1
     at Port lioyal and all available means are in operation to get it to you. Major Thomas, assistant quartermaster, Department of the South, leaves New York to-day with funds, and on your requisition will supply your temporary wants. Send your estimate for funds to Quartermas ter-General and funds will be forwarded you. You will remain with that part of your command that is to be left in Georgia. General Thomas has been so ins
E323	warofrebellion014902rootrich	breaking up	5
E324	warofrebellion014902rootrich	Fort Pulaski	3
     r of Brig. Gen. B. S. Roberts: B. K. ROBERTS, Captain and Assistant Adjutant- General. WAR DEPARTMENT, Washington City, June 3, 1865. Maj or- General CANBY, Neiv Orleans : Send Governor Clark, of Mississippi, to Fort Pulaski. Upon receipt of a copy of this telegram General Gillmore is directed to receive him and hold him in safe custody until further order. EDWIN M. STANTON, Secretary of War. [JUNE 3, 1865. — For Specia
     s instructed two days ago to send Governor Clark, of Mississippi, to this city via Mobile. Be pleased to have him forwarded as soon as possible. He, together with other important prisoners of State, are to go to Fort Pulaski by the steamer Constitution, which probably leaves here Sunday or Monday. Will you communicate with Jackson and let me know the result. C. T. CHRISTENSEN, Lieutenant- Colonel and Assistant Adjutant- General
      Adjutant- General. NEW ORLEANS, June 14, 1865. SECRETARY OF WAR: In the absence of General Canby I have the honor to acknowledge the receipt of your dispatch of the 10th. Governor Moore, of Alabama, was sent to Fort Pulaski by the steamer Constitution, which left here Saturday morning. Governor Clark, of Mississippi, arrived here yes terday evening, and will be sent forward next Saturday. Yery respectfullv, C. T. CHEISTENSEN,
E324	warofrebellion014902rootrich	until further orders	45
E324	warofrebellion014902rootrich	safe custody	2
     D. PRITCHARD, Lieutenant- Colonel fourth Michigan Cavalry. WAR DEPARTMENT, Washington City, May 19, 1865—8.50 p. m. Lieu tenant- Col on el PRITCHARD, Steamer Clyde, Hampton Roads : You will retain your prisoners in safe custody until the arrival of Major-General llalleck, who will reach Fortress Monroe to-morrow at 12 o'clock with further instructions. Please acknowledge the receipt" of this telegram. EDWIN M. STANTOK, Secretary 
     City, June 3, 1865. Maj or- General CANBY, Neiv Orleans : Send Governor Clark, of Mississippi, to Fort Pulaski. Upon receipt of a copy of this telegram General Gillmore is directed to receive him and hold him in safe custody until further order. EDWIN M. STANTON, Secretary of War. [JUNE 3, 1865. — For Special Orders, No. 150, paragraph 8, headquar ters Military Division of West Mississippi, directing Maj. Gen. Gordon Grange
E325	warofrebellion014902rootrich	Kendall	2
      this post. Very respectfully, your obedient servant, S. JONES, Lieutenant- Colonel, Commanding Post. HEADQUARTERS POST, Demopolis, April 16, 1865. Captain WALKER, McDoivelVs Landing: » Captain Walker and Lieutenant Kendall will bring over their detach ments by first boat, and will report with them at this office. S. JONES, Lieutenant- Colonel, Commanding Post. CORRESPONDENCE, ETC. CONFEDERATE. 1247 MERIDIAN, April 16, 1865. Lieu
     logg, John A. Assignment to command 1037 Mentioned 1037,1066 Kellogg, Sanford C. Mentioned 309,1033 Kelly, Michael J. Mentioned 309,957 Kelly, Robert M. Mentioned 542,586,587,600 Kelly, Usher F. Mentioned 545 Kendall, Lieutenant. Mentioned 1246 Kennedy, Justin C. Mentioned 1066 Kent, Loren. Correspondence with Gordon Granger 992 Mentioned 987, 991 Staff. Announcement of 886 Kentucky. Affairs in, generally. Communica
E325	warofrebellion014902rootrich	New Madrid	1
      is about to be partially broken up by an order for the muster out of service of regiments whose term of service will soon expire. This division bears upon colors of its regiments names of the following battles: New Madrid, Island No. 10, Pea Eidge, Shiloh, Corinth, Perryville, Stone's River, Chickamauga, Missionar3r Ridge, Rocky Face, Resaca, Kenesaw, Peach Tree Creek, Atlanta, Franklin, Nashville, with partial engagements and s
E322	warofrebellion0208rootrich	competent officer	1
      Commissary-General of Prisoners directs me to instruct you to parole all Federal prisoners of war now held within our jurisdiction, according to established forms, and to send them under flag of truce in charge of competent officers to the nearest accessible point in the Federal lines for exchange, taking receipts in triplicate from Federal officers authorized to receive them for all prisoners thus delivered. Circumspection and 
E323	warofrebellion0208rootrich	breaking up	2
     of the records as remained at Alton and found them in apparent good order, but could not verify them, as the prisoners had all been removed. The.prison fund on hand amounts to near $35,000. I would recommend the breaking up of this post at once, the prison to be turned over to its owners, the public property to be sold or transferred to other depots. I inspected the military prison at Eock Island on the (>th of July. 
      be selected by you as a place of confinement for prisoners. You will please report for the Secretary's information the dates of departure of the prisoners Dun can, Winder, and Gee, and the execution of the order breaking up the Old Capitol Prison. I am, sir, very respectfully, your obedient servant, E. D. TOWNSEND, Assistant Adjutant- General. ADJUTANT-GENERAL'S OFFICE, December 2, 1865 — 3 v. m. Maj. Gen. A. H. TERRY, Com
E324	warofrebellion0208rootrich	Fort Pulaski	45
E324	warofrebellion0208rootrich	Judge Campbell	17
E324	warofrebellion0208rootrich	held in close custody	2
     AR DEPARTMENT, Washington City, November 16, 1865 — 4.30 p. m. ROBERT MURRAY, Esq., U. 8. Marshal, New York: You will deliver George Davis, late rebel Attorney- General, to Gen eral Burke, at Fort Lafayette, to be held in close custody until further order. A copy of this telegram will be authority to General Burke to receive the prisoner from you. EDWIN M. STANTON, Secretary of War WAR DEPARTMENT, BUREAU OF MILITARY JUSTI
     m on the condi tions contained in that letter and that he declined to accept it on those conditions; that he also requested to be permitted to remain in his present place of confinement as long as he should be held in close custody. I am, general, very respectfully, your obedient servant, P. H. SHEKIDAN, Major -General, U. 8. Army, Commanding. CORRESPONDENCE, ETC. UNION AND CONFEDERATE. 903 WAR DEPARTMENT, Washing
E324	warofrebellion0208rootrich	until further orders	24
E324	warofrebellion0208rootrich	Seddon	29
E324	warofrebellion0208rootrich	safe custody	5
E325	warofrebellion0208rootrich	rebel agents	6
E322	warofrebellion0207rootrich	competent officer	4
     to visit the prisons for pur poses rendered unnecessary by the fact that no obstruction whatever stands in the way of the prisoners to prevent their representing their own cases by letters under the supervision of competent officers whose humanity and judgment are unimpeached. E. A. HITCHCOCK, Major -General of Volunteers. 46 PRISONERS OF WAR AND STATE, ETC. WAR DEPARTMENT, Washington City, April 14, 1864. Lieut. Gen. 
     mend that a reliable conscript officer be sent among them. These troops are entirely without discipline, and their officers are incapable of instructing them, being ignorant of their own duties. I recommend that one competent officer from the Invalid Corps be assigned to each regiment as drill officer and instructor. I found their arms in service able order, but many are lacking bayonets, cartridge-boxes and accou- terments. Furl
      the fifty Ten nesseeans and insufficiency of the guard has been sent to General Taylor, com manding the department. This prison is another exemplification of the necessity of placing all under the control of one competent officer. By order of General Cooper: R. H. C HILTON, Assistant Adjutant and Inspector General. [Second indorsement.] NOVEMBER 2, 1864. Mr. SfiiEi'HERD]: Make extracts of the parts applicable to the differen
     move the prison to any con venient place in the State upon which they could agree. Captain Haydeii reports adversely against the removal. I must abide by his action, as he is on the spot, and believed to be a competent officer. He was assigned to this duty by Major-General Giloier, chief of the Engineer Bureau. The proximity to Columbia will only necessitate greater vigilance, and will make the authorities of the State mor
E323	warofrebellion0207rootrich	breaking up	1
     A, GEORGIA, AND FLORIDA, Charleston, 8. C., May 13, 1864. Surgeon KINLOCH, Acting Medical Director of Hospitals : SIR : I am directed by the major-general commanding to inform you that his orders relative to the breaking up of the prisoners' hospital must be carried out at once. The abolition prisoners, white and black, must be placed in a separate ward of some other hospital arid be kept distinct from our own sick. Resp
E324	warofrebellion0207rootrich	Fort Pulaski	14
E324	warofrebellion0207rootrich	until further orders	17
E324	warofrebellion0207rootrich	Seddon	74
E324	warofrebellion0207rootrich	safe custody	3
     ty, guarding prisoners at the point you may select. You had better correspond with Generals Lee and Withers upon these mat ters and send them an extract from this letter, that no obstacle may be presented to the safe custody of the prisoners after they leave Amlersonville. Attention will be given to your request that Captain Vowles, Private Weatherford, and the detectives may be sent to you. I am, sir, very respectfully, y
     ermitted, some explanations are necessary. Please report the organization of your prison guard, the number on post at a time, the orders given to sentinels, and the special duties of the guard, with a view to the safe custody of the pris oners. Report the number of officers on guard, their duties, and in what manner the men of the guard are instructed iu their duties. You have 400 revolvers for this service. Are your guar
     . CORRESPONDENCE, ETC. UNION AND CONFEDERATE. 8f>9 • It will not be necessary to detain the Circassian at Port Royal. The prisoners can be transferred to some other vessel or to some' place on shore, for safe custody should there be delay in effecting- the exchange. The Circassian must return without any delay to resume her regular trips. Major- General Hitchcock, commissioner of exchange, advised me a few days since 
E325	warofrebellion0207rootrich	Kendall	4
      will escort th A _ 1 /">„' _ /^ . J _ _. J» - , J.1 - . _ * - J.1_ _ * _ "1 Bald win, Peebles, Zinke, Zeeliger, Ilillebrand, Gildart, and Kendall, to Capt. W. G. Webb, who, with sufficient detail, will escort them to Anderson, Grimes County, and confine them in the jail prepared by Capt. W. S. Good. He will guard them there until further orders. Qua
      in the movement, accord ing to their capacity and importance of influence. Itjs intended to oppose the present Administration, and is claimed to have figured largely in the late Baltimore convention, at which Amos Kendall, of Washing ton, and Governor Hunt, of New York, and other prominent politicians opposed to the Administration were present and exercised a powerful influence. The rank and tile in. the lower class of organiz
      Mentioned, 1255. Shooting of prisoner, Fort Delaware, 1255. Kelton, John C. Correspondence. See Henry W. JJalleek. Kemp, Willium, 620. Kemper, Andrew ('., 306. k rni PIT. James I... 1140. Kemper, Simeon, 250 297. Kendall. Amos, 355. Kendall, W. G., 45. Kenipick, John. H'4X. Kennedy, Mr., 739. Kennedy, Arthur Taylor. 113. Kenned). J. It. Correspondence, S. K.i.-t m;iii. 569. Kennedy, Robert C., 995,996. Kennedy, Samuel, 1121. 
     ooting of prisoner, Fort Delaware, 1255. Kelton, John C. Correspondence. See Henry W. JJalleek. Kemp, Willium, 620. Kemper, Andrew ('., 306. k rni PIT. James I... 1140. Kemper, Simeon, 250 297. Kendall. Amos, 355. Kendall, W. G., 45. Kenipick, John. H'4X. Kennedy, Mr., 739. Kennedy, Arthur Taylor. 113. Kenned). J. It. Correspondence, S. K.i.-t m;iii. 569. Kennedy, Robert C., 995,996. Kennedy, Samuel, 1121. KriiM'l. George A., 
