mssEC18	10002	E323	whinny
mssEC18	10002	E324	galway
mssEC18	10003	E324	galway
mssEC18	10009	E322	quadroon,esteem mates,requisite,temper airy,laution,garrisoned,compete aunt,opera shine,shady
mssEC18	10010	E323	legends quitman,breaking up,recollecting,hopper paddle,dish venus,whinny,gwinn
mssEC18	10013	E322	quadroon
mssEC18	10015	E323	whinny
mssEC18	10019	E323	whinny
mssEC18	10022	E324	seddon
mssEC18	10024	E324	pulaski,sed don,camp bell,hunt her,galway,cuss toddy,cuss tady,custody
mssEC18	10028	E324	pulaski
mssEC18	10029	E324	pulaski
mssEC18	10032	E324	galway
mssEC18	10035	E322	quadroon
mssEC18	10039	E322	quadroon
mssEC18	10043	E324	custody
mssEC18	10044	E325	kendall
mssEC18	10047	E324	galway
mssEC18	10051	E324	galway
mssEC18	10053	E324	galway
mssEC18	10054	E324	galway
mssEC18	10059	E324	galway
mssEC18	10066	E324	galway
mssEC18	9676	E322	quadroon
mssEC18	9689	E322	quadroon
mssEC18	9689	E324	galway
mssEC18	9696	E322	quadroon
mssEC18	9696	E323	whinny
mssEC18	9703	E322	quadroon
mssEC18	9721	E322	quadroon
mssEC18	9725	E322	requisite
mssEC18	9732	E322	quadroon
mssEC18	9734	E322	quadroon
mssEC18	9736	E323	whinny
mssEC18	9740	E322	quadroon
mssEC18	9740	E323	whinny
mssEC18	9741	E322	quadroon
mssEC18	9743	E323	whinny
mssEC18	9743	E324	galway
mssEC18	9753	E322	quadroon
mssEC18	9757	E323	hurlbut
mssEC18	9766	E322	quadroon
mssEC18	9794	E322	quadroon
mssEC18	9797	E322	quadroon
mssEC18	9801	E324	galway
mssEC18	9810	E324	galway
mssEC18	9813	E322	quadroon
mssEC18	9817	E322	quadroon
mssEC18	9819	E324	galway
mssEC18	9825	E323	whinny
mssEC18	9828	E322	quadroon,shady
mssEC18	9833	E324	galway
mssEC18	9844	E325	seizure
mssEC18	9853	E322	quadroon
mssEC18	9857	E322	quadroon
mssEC18	9858	E325	ritchie
mssEC18	9865	E322	quadroon
mssEC18	9866	E322	quadroon
mssEC18	9869	E322	quadroon
mssEC18	9872	E322	requisite
mssEC18	9874	E322	quadroon
mssEC18	9881	E323	whinny
mssEC18	9886	E322	quadroon
mssEC18	9888	E324	galway
mssEC18	9888	E325	girardeau,new madrid
mssEC18	9889	E325	kendall,kennedy,ritchie,girardeau,new madrid,saint joseph,walpole agents,seizure,tunstall
mssEC18	9890	E324	galway
mssEC18	9890	E325	seizure
mssEC18	9892	E322	quadroon
mssEC18	9893	E324	galway
mssEC18	9894	E324	custody
mssEC18	9895	E324	custody
mssEC18	9899	E324	galway
mssEC18	9900	E322	quadroon
mssEC18	9908	E324	galway
mssEC18	9915	E324	galway
mssEC18	9921	E322	quadroon
mssEC18	9923	E323	whinny
mssEC18	9929	E322	quadroon
mssEC18	9931	E322	quadroon
mssEC18	9932	E322	temper airy
mssEC18	9946	E324	galway
mssEC18	9947	E322	quadroon
mssEC18	9948	E322	quadroon
mssEC18	9955	E322	quadroon
mssEC18	9960	E322	port royal
mssEC18	9961	E324	galway
mssEC18	9963	E322	requisite
mssEC18	9978	E322	garrisoned
mssEC18	9980	E322	quadroon
mssEC18	9981	E324	galway
mssEC18	9989	E324	galway
mssEC18	9990	E323	whinny
mssEC18	9991	E324	campbell
mssEC18	9994	E324	galway
mssEC18	9998	E325	kennedy
mssEC19	8907	E322	quadroon
mssEC19	8908	E322	quadroon
mssEC19	8917	E324	galway
mssEC19	8923	E322	quadroon
mssEC19	8957	E322	quadroon
mssEC19	8963	E324	galway
mssEC19	8969	E322	quadroon
mssEC19	8973	E324	galway
mssEC19	8978	E324	galway
mssEC19	9004	E324	galway
mssEC19	9008	E322	quadroon
mssEC19	9008	E324	galway
mssEC19	9020	E322	quadroon
mssEC19	9026	E322	quadroon
mssEC19	9036	E322	quadroon
mssEC19	9037	E322	quadroon
mssEC19	9042	E322	quadroon
mssEC19	9053	E322	quadroon
mssEC19	9056	E322	quadroon
mssEC19	9059	E324	galway
mssEC19	9062	E323	whinny
mssEC19	9064	E324	pulaski
mssEC19	9067	E322	quadroon
mssEC19	9068	E325	girardeau
mssEC19	9069	E322	quadroon
mssEC19	9073	E324	galway
mssEC19	9086	E324	galway
mssEC19	9091	E324	galway
mssEC19	9100	E324	galway
mssEC19	9106	E322	quadroon
mssEC19	9110	E323	breaking up
mssEC19	9112	E322	quadroon
mssEC19	9114	E325	seizure
mssEC19	9116	E324	galway
mssEC19	9117	E324	galway
mssEC19	9130	E325	kennedy
mssEC19	9144	E323	whinny
mssEC19	9149	E324	pulaski
mssEC19	9150	E324	pulaski
mssEC19	9155	E322	quadroon
mssEC19	9165	E324	galway
mssEC19	9171	E322	quadroon
mssEC19	9171	E324	custody
mssEC19	9172	E324	custody
mssEC19	9173	E324	hunt her
mssEC19	9175	E324	galway
mssEC19	9181	E323	whinny
mssEC19	9186	E322	quadroon
mssEC19	9187	E325	kendall
mssEC19	9188	E324	galway
mssEC19	9189	E325	kennedy
mssEC19	9191	E324	galway
mssEC19	9194	E323	hurlbut
mssEC19	9202	E322	quadroon
mssEC19	9203	E322	quadroon
mssEC19	9206	E322	quadroon
mssEC19	9208	E323	whinny
mssEC19	9213	E322	quadroon
mssEC19	9214	E323	whinny
mssEC19	9217	E324	galway
mssEC19	9220	E324	custody
mssEC19	9228	E325	seizure
mssEC19	9229	E325	kennedy
mssEC19	9230	E324	camp bell
mssEC19	9231	E324	camp bell
mssEC19	9234	E322	garrisoned
mssEC19	9241	E322	quadroon
mssEC19	9241	E324	galway
mssEC19	9242	E322	quadroon
mssEC19	9242	E324	custody
mssEC19	9244	E324	galway
mssEC19	9246	E322	requisite
mssEC19	9247	E322	quadroon
mssEC19	9250	E324	galway
mssEC19	9252	E322	quadroon
mssEC19	9253	E324	galway
mssEC19	9254	E325	seizure
mssEC19	9255	E324	custody
mssEC19	9255	E325	seizure
mssEC19	9257	E323	breaking up
mssEC19	9263	E325	kennedy
mssEC19	9269	E324	galway
mssEC19	9271	E322	quadroon
mssEC19	9271	E324	custody
mssEC19	9275	E324	custody
mssEC19	9280	E324	galway
mssEC19	9281	E324	galway
mssEC19	9283	E324	galway
mssEC19	9284	E324	galway
mssEC19	9286	E324	custody
mssEC19	9289	E324	galway
mssEC19	9291	E324	galway
