{
 "real": {
  "0": 0.6378,
  "250": 0.6667,
  "500": 0.6878,
  "750": 0.6646,
  "1000": 0.644,
  "1250": 0.5484,
  "1500": 0.5448,
  "1750": 0.5514,
  "2000": 0.5329,
  "2250": 0.5502,
  "2500": 0.552,
  "2750": 0.5567,
  "3000": 0.566,
  "3250": 0.5631,
  "3500": 0.5441,
  "3750": 0.5328,
  "4000": 0.5705,
  "4250": 0.5694,
  "4500": 0.5395,
  "4750": 0.5409,
  "5000": 0.5295
 },
 "s500": {
  "real": 0.6878,
  "mean": 0.427,
  "p95": 0.4939,
  "max": 0.5239,
  "margin_max": 0.1639
 },
 "s1250": {
  "real": 0.5484,
  "mean": 0.4235,
  "p95": 0.4931,
  "max": 0.5412,
  "margin_max": 0.0072
 },
 "best_offset_null": {
  "real_best": 0.6878,
  "at": 500,
  "null_best_mean": 0.4466,
  "null_best_p95": 0.5092,
  "null_best_max": 0.5412,
  "margin": 0.1466
 }
}
