5849/0	1865-01-03	sent	above=''	header='Ft Monroe Jan. 3 / 65'	opening='Maj. Eckert Washington Katy for palate ringals zodiac'
    no1: Maj. Eckert [Volunteer] {time: 4.30 PM} for [Brigadier General] ringals [.]
    no2: Maj. Eckert [Wounded] {time: 4.30 PM} for [Ammunition] ringals [Sunday]
    no9: Maj. Eckert [Traitor] {time: 8 PM} for [Yorktown] ringals [Movement]
5856/1	1865-01-05	received	above=''	header='Washington 10.10 AM Jan 5 / 65'	opening='Geo. D. Sheldon Ft Monroe Grapes your I'
    no1: Geo. D. Sheldon Ft Monroe [Washington] your I
    no2: Geo. D. Sheldon Ft Monroe [Maj Gen B. F. Butler] your I
    no9: Geo. D. Sheldon Ft Monroe Grapes your I
5898/1	1865-02-04	received	above=''	header='Washington Feb. 4 1865'	opening='Sheldon , Ft Monroe Fanny for Berrying famish'
    no1: Sheldon , Ft Monroe {time: 11 AM} for [Chief of Staff]ing [Norfolk]
    no2: Sheldon , Ft Monroe {time: 11 AM} for [Secretary of State]ing [Maj Gen E R S Canby]
    no9: Sheldon , Ft Monroe {time: 9 AM} for Berrying [Louisiana]
5877/1	1865-01-16	sent	above=''	header='Ft Monroe Jan. 16 / 65'	opening='Maj. Eckert Di. & S. H. Beckwith U.'
    no1: Maj. Eckert Di. & S. H. Beckwith U.
    no2: Maj. Eckert Di. & S. H. Beckwith U.
    no9: Maj. Eckert Di. & S. H. Beckwith U.
5851/0	1865-01-03	sent	above=''	header='Ft Monroe Jan. 3 / 65'	opening='S. H. Beckwith City Point Mary for princess'
    no1: S. H. Beckwith City Point {time: 6.30 PM} for [Captain]
    no2: S. H. Beckwith City Point {time: 6.30 PM} for [Battled [?]]
    no9: S. H. Beckwith City Point {time: 12 midnight PM} for princess
5860/1	1865-01-06	received	above=''	header='City Point Jany 6 1865'	opening='Geo D Sheldon Ft Monroe Emily plague palate'
    no1: Geo D Sheldon Ft Monroe {time: 10 AM} [6] [Brigadier General]
    no2: Geo D Sheldon Ft Monroe {time: 10 AM} plague [Ammunition]
    no9: Geo D Sheldon Ft Monroe {time: 7 AM} plague [Yorktown]
5929/2	1865-03-14	sent	above=''	header='Ft Monroe Mar 14 - 1865'	opening='Maj Eckert , WashingtonAnimal female for See See'
    no1: Maj Eckert , WashingtonAnimal [14] for See See
    no2: Maj Eckert , WashingtonAnimal [Cooyehuttie " [ditto = River]] for See See
    no9: Maj Eckert , WashingtonAnimal female for See See
5857/1	1865-01-05	received	above=''	header='1 P. M. Ft Monroe Jan. 5 / 65'	opening='Maj. Eckert Washington Farmer person for palate Brice'
    no1: Maj. Eckert [Volunteer] [Norfolk] [5] for [Brigadier General] Brice
    no2: Maj. Eckert [Wounded] [Maj Gen E R S Canby] person for [Ammunition] Brice
    no9: Maj. Eckert [Traitor] [Louisiana] person for [Yorktown] Brice
5852/2	1865-01-04	sent	above=''	header='Ft Monroe Jan 4 / 65'	opening='S H. Beckwith City Point Imogene for Howell'
    no1: S H. Beckwith City Point {time: 3 PM} for Howell
    no2: S H. Beckwith City Point {time: 3.30 PM} for Howell
    no9: S H. Beckwith City Point {time: 5 PM} for Howell
5867/0	1865-01-07	sent	above=''	header='Ft Monroe Jan. 7 / 65'	opening="Maj. Eckert Wash'n. Nancy for Buxton grapes zebra"
    no1: Maj. Eckert Wash'n. {time: 8 PM} for [Secretary of Navy] [Washington] [.]
    no2: Maj. Eckert Wash'n. {time: 8 PM} for [Sumter] [Maj Gen B. F. Butler] [1000]
    no9: Maj. Eckert Wash'n. {time: 3.30 PM} for [A. E. Burnside] grapes [Movement]
5871/0	1865-01-12	sent	above=''	header='Ft Monroe Jan. 12 / 65'	opening='Maj. Eckert Washington Farmer fever for Burton growl'
    no1: Maj. Eckert [Volunteer] [Norfolk] [13] for [Secretary of Navy] [Washington]
    no2: Maj. Eckert [Wounded] [Maj Gen E R S Canby] fever for [McHenry] [Maj Gen B. F. Butler]
    no9: Maj. Eckert [Traitor] [Louisiana] fever for [A. E. Burnside] growl
5924/1	1865-03-06	received	above=''	header='City Point Mar. 6 - 1865'	opening='Geo. D. Sheldon , Ft Monroe viola plague'
    no1: Geo. D. Sheldon , Ft Monroe {time: 12.30} [6]
    no2: Geo. D. Sheldon , Ft Monroe {time: 12 midnight PM} plague
    no9: Geo. D. Sheldon , Ft Monroe {time: 12.30 PM} plague
5885/1	1865-01-23	received	above=''	header='Hd. Qrs. A. J. Jan 23 - 1865'	opening='G. D. Sheldon Ft Monroe Mary too princess'
    no1: G. D. Sheldon Ft Monroe {time: 6.30 PM} too [Captain]
    no2: G. D. Sheldon Ft Monroe {time: 6.30 PM} too [Battled [?]]
    no9: G. D. Sheldon Ft Monroe {time: 12 midnight PM} too princess
5853/1	1865-01-04	sent	above=''	header='Ft Monroe Jan 4 / 65'	opening='S. H. Beckwith City Point Imogene for pilgrim'
    no1: S. H. Beckwith City Point {time: 3 PM} for [Captain]
    no2: S. H. Beckwith City Point {time: 3.30 PM} for [Battled [?]]
    no9: S. H. Beckwith City Point {time: 5 PM} for pilgrim
5870/0	1865-01-12	sent	above=''	header='Ft Monroe Jan. 12 / 65'	opening='S. H. Beckwith City Point Jennie for palate'
    no1: S. H. Beckwith City Point {time: 3.30 PM} for [Brigadier General]
    no2: S. H. Beckwith City Point {time: 3 PM} for [Ammunition]
    no9: S. H. Beckwith City Point {time: 6 PM} for [Yorktown]
5890/2	1865-01-29	sent	above=''	header='Ft Monroe Jan 29 - 1865'	opening='Maj. Eckert , Washington Animal Emma to Senator'
    no1: Maj. Eckert , [Volunteer] [Monroe] {time: 9 AM} to Senator
    no2: Maj. Eckert , [Wounded] [Tennessee] {time: 9 AM} to Senator
    no9: Maj. Eckert , [Traitor] Animal {time: 5 AM} to Senator
5877/0	1865-01-16	received	above=''	header='City Point Jan. 16 / 65'	opening='Geo. D. Sheldon Ft Monroe Katy paradise webb'
    no1: Geo. D. Sheldon Ft Monroe {time: 4.30 PM} [Colonel] [Reinforcements]
    no2: Geo. D. Sheldon Ft Monroe {time: 4.30 PM} [Cars] [Regiment]
    no9: Geo. D. Sheldon Ft Monroe {time: 8 PM} paradise [Defensive]
5858/1	1865-01-05	sent	above=''	header='Ft Monroe Jan. 5 / 65'	opening='J. W. Sampson Baltimore Jennie for paradise Are'
    no1: J. W. [Ferry] Baltimore {time: 3.30 PM} for [Colonel] Are
    no2: J. W. [Ferry] [Cruft J [?]] {time: 3 PM} for [Cars] Are
    no9: J. W. [Gun Boats] Baltimore {time: 6 PM} for paradise Are
5864/1	1865-01-07	sent	above=''	header='Ft Monroe Jan 7 / 65'	opening='S. H. Beckwith City Point Eugenia for palate'
    no1: S. H. Beckwith City Point {time: 9.30 AM} for [Brigadier General]
    no2: S. H. Beckwith City Point {time: 9.30 AM} for [Ammunition]
    no9: S. H. Beckwith City Point {time: 6 AM} for [Yorktown]
5933/2	1865-03-18	received	above=''	header='Hd Qrs A. J. Mar. 18 / 65'	opening='Geo. D. Sheldon Ft MonroeFrancis for Gordon famish'
    no1: Geo. D. Sheldon Ft MonroeFrancis for Gordon [Norfolk]
    no2: Geo. D. Sheldon Ft MonroeFrancis for Gordon [Maj Gen E R S Canby]
    no9: Geo. D. Sheldon Ft MonroeFrancis for Gordon [Louisiana]
5861/1	1865-01-06	sent	above=''	header='Ft Monroe Jan. 6 / 65'	opening='J. W Sampson Baltimore on board weasler tremble'
    no1: J. W [Ferry] Baltimore on board weasler [North]
    no2: J. W [Ferry] [Cruft J [?]] on board weasler [Open (-ed, -ing)]
    no9: J. W [Gun Boats] Baltimore on board weasler tremble
5852/1	1865-01-04	received	above=''	header='City Point Jan 4 / 65'	opening='Geo. D. Sheldon Ft Monroe Harriet penny Webster'
    no1: Geo. D. Sheldon Ft Monroe {time: 1 PM} [4]  {tail: [signed]}
    no2: Geo. D. Sheldon Ft Monroe {time: 1.30 PM} penny [Surrounding]
    no9: Geo. D. Sheldon Ft Monroe {time: 1 PM} penny [Killed]
5867/2	1865-01-09	sent	above=''	header='Ft Monroe Jan. 9 - 1865'	opening='J. H. Emerick City Point Add to ring'
    no1: J. H. Emerick City Point Add to ring
    no2: J. H. Emerick City Point Add to ring
    no9: J. H. Emerick City Point Add to ring
5871/1	1865-01-13	sent	above=''	header='Ft Monroe Jan. 13 / 65'	opening='S. H. Beckwith City Point Francis for palsy'
    no1: S. H. Beckwith City Point {time: 12} for [Brigadier General]
    no2: S. H. Beckwith City Point {time: 12.30 AM} for [Ammunition]
    no9: S. H. Beckwith City Point {time: 11 AM} for [Yorktown]
5929/1	1865-03-13	sent	above=''	header='Ft Monroe Mar. 13 / 65'	opening='S. H. Beckwith , City Point Cornelia for'
    no1: S. H. Beckwith , City Point {time: 6.30 AM} for
    no2: S. H. Beckwith , City Point {time: 6.30 AM} for
    no9: S. H. Beckwith , City Point {time: 12.30 AM} for
5930/1	1865-03-14	sent	above=''	header='Ft Monroe Mar 14 / 65'	opening='Maj. Eckert , WashingtonMartha for Burton growl zodiac'
    no1: Maj. Eckert , WashingtonMartha for [Secretary of Navy] [Washington] [.]
    no2: Maj. Eckert , WashingtonMartha for [McHenry] [Maj Gen B. F. Butler] [Sunday]
    no9: Maj. Eckert , WashingtonMartha for [A. E. Burnside] growl [Movement]
5883/0	1865-01-20	sent	above=''	header='Ft Monroe Jan. 20 / 65'	opening="R. O'Brien Hd Qrs A. J. Libby for"
    no1: R. O'Brien Hd Qrs A. J. {time: 6 PM} for
    no2: R. O'Brien Hd Qrs A. J. {time: 6 PM} for
    no9: R. O'Brien Hd Qrs A. J. {time: 11 PM} for
5902/2	1865-02-08	received	above=''	header='Hdqrs A. J. Feb 8 / 65'	opening='Geo D. Sheldon Ft Monroe. Topsy for palsy'
    no1: Geo D. Sheldon Ft Monroe. {time: 12} for [Brigadier General]
    no2: Geo D. Sheldon Ft Monroe. {time: 12.30 PM} for [Ammunition]
    no9: Geo D. Sheldon Ft Monroe. {time: 11.30 PM} for [Yorktown]
5888/2	1865-01-26	received	above=''	header='City Point Jan 26 / 65'	opening='Geo. D. Sheldon Ft Monroe Elizabeth harsh pledge'
    no1: Geo. D. Sheldon Ft Monroe {time: 10.30 AM} [26]
    no2: Geo. D. Sheldon Ft Monroe {time: 10.30 AM} harsh pledge
    no9: Geo. D. Sheldon Ft Monroe {time: 8 AM} harsh pledge
5851/1	1865-01-03	sent	above=''	header='Ft Monroe Jan. 3 / 65'	opening='S. H. Beckwith City Point Martha for pilgrim'
    no1: S. H. Beckwith City Point {time: 7 PM} for [Captain]
    no2: S. H. Beckwith City Point {time: 7.30 PM} for [Battled [?]]
    no9: S. H. Beckwith City Point {time: 1.30 PM} for pilgrim
5849/1	1865-01-03	received	above=''	header='City Point 4.35 P. M. Jan. 3 / 65'	opening='Geo. D. Sheldon Ft Monroe Katy pebble for'
    no1: Geo. D. Sheldon Ft Monroe {time: 4.30 PM} [3] for
    no2: Geo. D. Sheldon Ft Monroe {time: 4.30 PM} pebble for
    no9: Geo. D. Sheldon Ft Monroe {time: 8 PM} pebble for
5931/1	1865-03-15	received	above=''	header='City Point , Mar. 15 - 1865'	opening='Geo D. Sheldon . Ft Monroe , Lucy'
    no1: Geo D. Sheldon . Ft Monroe , {time: 5 PM}
    no2: Geo D. Sheldon . Ft Monroe , {time: 5.30 PM}
    no9: Geo D. Sheldon . Ft Monroe , {time: 9 PM}
5889/2	1865-01-27	received	above=''	header='Maj. Eckert - Washington  Ft Monroe Jan. 27 - 1865'	opening='Animal to Lieut. paradise G. W. Schofield Willards'
    no1: [Monroe] to Lieut. [Colonel] G. W. Schofield Willards
    no2: [Tennessee] to Lieut. [Cars] G. W. Schofield Willards
    no9: Animal to Lieut. paradise G. W. Schofield Willards
5914/1	1865-02-23	sent	above=''	header='Ft Monroe Feb. 23 / 65'	opening='Maj. Eckert , Washington you S. S. Aaron'
    no1: Maj. Eckert , [Volunteer] you S. S. [Rhode Island]
    no2: Maj. Eckert , [Wounded] you S. S. [Bear]
    no9: Maj. Eckert , [Traitor] you S. S. [Sec. of War]
5919/1	1865-03-05	sent	above=''	header='Ft Monroe Mar 5 / 65'	opening='S. H. Beckwith , City Point , Florence'
    no1: S. H. Beckwith , City Point , {time: 11.30 AM}
    no2: S. H. Beckwith , City Point , {time: 11.30 AM}
    no9: S. H. Beckwith , City Point , {time: 10 AM}
5931/0	1865-03-15	received	above=''	header='1.30 P. M. Washington , Mar. 15 / 65'	opening='Geo D. Sheldon . Ft Monroe Brutus stomach'
    no1: Geo D. Sheldon . Ft Monroe [Secretary of War] [Left]
    no2: Geo D. Sheldon . Ft Monroe [Delaware] [Necessary]
    no9: Geo D. Sheldon . Ft Monroe Brutus [Transportation]
5866/2	1865-01-07	sent	above=''	header='Ft Monroe Jan. 7 - 1865'	opening='S. H. Beckwith City Point Minnie for palate'
    no1: S. H. Beckwith City Point {time: 7.30 PM} for [Brigadier General]
    no2: S. H. Beckwith City Point {time: 7 PM} for [Ammunition]
    no9: S. H. Beckwith City Point {time: 2.30 PM} for [Yorktown]
5907/1	1865-02-16	sent	above=''	header='Ft Monroe Feb. 16 - 1865'	opening='Maj. Eckert , Washington Farmer gift for polkaer'
    no1: Maj. Eckert , [Volunteer] [Norfolk] [16] for [Command = Er (-ed, -ing)]er
    no2: Maj. Eckert , [Wounded] [Maj Gen E R S Canby] gift for polkaer
    no9: Maj. Eckert , [Traitor] [Louisiana] gift for polkaer
5920/1	1865-03-05	sent	above=''	header='Ft Monroe Mar 5 / 65'	opening='S. H. Beckwith , City Point Hamlet February'
    no1: S. H. Beckwith , City Point [Wilmington] February
    no2: S. H. Beckwith , City Point [Rome] February
    no9: S. H. Beckwith , City Point Hamlet February
5873/1	1865-01-15	sent	above=''	header='Ft Monroe Jan. 15 / 65'	opening='S. H. Beckwith City Point Julia Shelby Rawlins'
    no1: S. H. Beckwith City Point {time: 4 PM} [General] Rawlins
    no2: S. H. Beckwith City Point {time: 4 PM} [Harbor] Rawlins
    no9: S. H. Beckwith City Point {time: 7 PM} [Projectiles] Rawlins
5899/0	1865-02-04	sent	above=''	header='Ft Monroe Feb. 4 - 1865'	opening='Maj Eckert Washington Farmer for Buxton grapes unity'
    no1: Maj Eckert [Volunteer] [Norfolk] for [Secretary of Navy] [Washington] [.]
    no2: Maj Eckert [Wounded] [Maj Gen E R S Canby] for [Sumter] [Maj Gen B. F. Butler] unity
    no9: Maj Eckert [Traitor] [Louisiana] for [A. E. Burnside] grapes unity
5919/2	1865-03-05	sent	above=''	header='Ft Monroe Mar. 5 - 1865'	opening='J. H. Emerick Hd. qrs. A. J. Francis'
    no1: J. H. Emerick Hd. qrs. A. J. {time: 12}
    no2: J. H. Emerick Hd. qrs. A. J. {time: 12.30 AM}
    no9: J. H. Emerick Hd. qrs. A. J. {time: 11 AM}
5887/1	1865-01-24	sent	above=''	header='Ft Monroe Jan. 24 - 1865'	opening='Maj. Eckert Washington Farmer to Buxton unity The'
    no1: Maj. Eckert [Volunteer] [Norfolk] to [Secretary of Navy] [.] The
    no2: Maj. Eckert [Wounded] [Maj Gen E R S Canby] to [Sumter] unity The
    no9: Maj. Eckert [Traitor] [Louisiana] to [A. E. Burnside] unity The
5918/1	1865-03-04	sent	above=''	header='Ft Monroe Mar 4 / 65'	opening='S. H. Beckwith , City Point Rebecca for'
    no1: S. H. Beckwith , City Point {time: 10 PM} for
    no2: S. H. Beckwith , City Point {time: 10 PM} for
    no9: S. H. Beckwith , City Point {time: 7.30 PM} for
5912/1	1865-02-22	sent	above=''	header='Ft Monroe Feb. 22 / 65'	opening='Maj. Eckert , Washington Mentor polking requires an'
    no1: Maj. Eckert , [Volunteer] [Maj Gen E. O. C. Ord] polking requires an
    no2: Maj. Eckert , [Wounded] [Howard O O] [Commander]ing requires an
    no9: Maj. Eckert , [Traitor] Mentor polking requires an
5895/2	1865-02-02	sent	above=''	header='Ft Monroe Feb. 2 - 1865'	opening='Maj. Eckert Washington Henrietta for Bates unity ascertain'
    no1: Maj. Eckert [Volunteer] {time: 2.30 PM} for Bates [.] ascertain
    no2: Maj. Eckert [Wounded] {time: 2.30 PM} for Bates unity ascertain
    no9: Maj. Eckert [Traitor] {time: 4 PM} for Bates unity ascertain
5877/2	1865-01-16	sent	above=''	header='Ft Monroe Jan. 16 / 65'	opening='S. H. Beckwith City Point martha for pandora'
    no1: S. H. Beckwith City Point {time: 7 PM} for [Colonel]
    no2: S. H. Beckwith City Point {time: 7.30 PM} for [Casualties]
    no9: S. H. Beckwith City Point {time: 1.30 PM} for pandora
5915/1	1865-02-24	sent	above=''	header='Ft Monroe Feb. 24 - 1865'	opening='Maj. Eckert , Washington Animal harsh penny to'
    no1: Maj. Eckert , [Volunteer] [Monroe] [24] to
    no2: Maj. Eckert , [Wounded] [Tennessee] harsh penny to
    no9: Maj. Eckert , [Traitor] Animal harsh penny to
5855/2	1865-01-04	received	above=''	header='City Point Jan. 4 / 65'	opening='Geo D Sheldon Ft Monroe Laura Webster unity'
    no1: Geo D Sheldon Ft Monroe {time: 5.30 PM}  {tail: [signed] [.]}
    no2: Geo D Sheldon Ft Monroe {time: 5 PM} [Surrounding] unity
    no9: Geo D Sheldon Ft Monroe {time: 10 PM} [Killed] unity
5896/2	1865-02-02	received	above=''	header='Washington Feb. 2 / 65'	opening='Geo. D. Sheldon Ft Monroe for Eckert unity'
    no1: Geo. D. Sheldon Ft Monroe for Eckert [.]
    no2: Geo. D. Sheldon Ft Monroe for Eckert unity
    no9: Geo. D. Sheldon Ft Monroe for Eckert unity
5866/0	1865-01-07	sent	above=''	header='Ft Monroe Jan. 7 / 65'	opening='J. W. Sampson Baltimore Animal viola postpone for'
    no1: J. W. [Ferry] Baltimore [Monroe] {time: 12.30} [7] for
    no2: J. W. [Ferry] [Cruft J [?]] [Tennessee] {time: 12 midnight PM} postpone for
    no9: J. W. [Gun Boats] Baltimore Animal {time: 12.30 PM} postpone for
5902/1	1865-02-08	sent	above=''	header='Ft Monroe Feb 8 - 1865'	opening="J. H. Emerick H'd Qrs A. J. Sarah"
    no1: J. H. Emerick H'd Qrs A. J. {time: 11 PM}
    no2: J. H. Emerick H'd Qrs A. J. {time: 11.30 PM}
    no9: J. H. Emerick H'd Qrs A. J. {time: 9.30 PM}
5847/2	1865-01-03	sent	above=''	header='Ft Monroe Jan 3 / 65'	opening='J. W. Sampson Baltimore Animal Henrietta pebble for'
    no1: J. W. [Ferry] Baltimore [Monroe] {time: 2.30 PM} [3] for
    no2: J. W. [Ferry] [Cruft J [?]] [Tennessee] {time: 2.30 PM} pebble for
    no9: J. W. [Gun Boats] Baltimore Animal {time: 4 PM} pebble for
5879/0	1865-01-17	sent	above=''	header='Ft Monroe Jan 17 / 63'	opening='Maj. Eckert Washington Viola for Insanity grapes unity'
    no1: Maj. Eckert [Volunteer] {time: 12.30} for [C. A. Dana] [Washington] [.]
    no2: Maj. Eckert [Wounded] {time: 12 midnight PM} for [Cheatham] [Maj Gen B. F. Butler] unity
    no9: Maj. Eckert [Traitor] {time: 12.30 PM} for [Baltimore] grapes unity
5923/1	1865-03-05	sent	above=''	header='Ft Monroe Mar. 5 -1865'	opening='Maj. Eckert , Washington Hamlet February harrow pledge'
    no1: Maj. Eckert , [Volunteer] [Wilmington] February [26]
    no2: Maj. Eckert , [Wounded] [Rome] February harrow pledge
    no9: Maj. Eckert , [Traitor] Hamlet February harrow pledge
5887/0	1865-01-24	received	above=''	header='Washington Jan. 24 - 1865'	opening='Geo D. Sheldon Ft Monroe Va. Harriet paradise'
    no1: Geo D. Sheldon Ft Monroe Va. {time: 1 PM} [Colonel]
    no2: Geo D. Sheldon Ft Monroe Va. {time: 1.30 PM} [Cars]
    no9: Geo D. Sheldon Ft Monroe Va. {time: 1 PM} paradise
5854/0	1865-01-04	sent	above=''	header='Ft Monroe Jan 4 / 65'	opening="R. O'Brien Hd Qrs. A. J. Lucy for"
    no1: R. O'Brien Hd Qrs. A. J. {time: 5 PM} for
    no2: R. O'Brien Hd Qrs. A. J. {time: 5.30 PM} for
    no9: R. O'Brien Hd Qrs. A. J. {time: 9 PM} for
5933/0	1865-03-15	sent	above=''	header='Ft Monroe Mar 15 / 65'	opening="J. H. Emerick H'dqrs A. J. Famish to"
    no1: J. H. Emerick H'dqrs A. J. [Norfolk] to
    no2: J. H. Emerick H'dqrs A. J. [Maj Gen E R S Canby] to
    no9: J. H. Emerick H'dqrs A. J. [Louisiana] to
5915/0	1865-02-24	sent	above=''	header='Ft Monroe Feb. 24 / 65'	opening='Maj. Eckert , Washington Sheaf vintons office animal'
    no1: Maj. Eckert , [Volunteer] Sheaf [Quartermaster]'s office [Monroe]
    no2: Maj. Eckert , [Wounded] Sheaf [Rations]'s office [Tennessee]
    no9: Maj. Eckert , [Traitor] Sheaf [Quartermaster]'s office animal
5868/0	1865-01-07	received	above=''	header='Baltimore Jan. 7 / 65'	opening='Geo D. Sheldon Ft Monroe Va. Baptism Imogene'
    no1: Geo D. Sheldon Ft Monroe Va. [Baltimore] {time: 3 PM}
    no2: Geo D. Sheldon Ft Monroe Va. [Baton Rouge] {time: 3.30 PM}
    no9: Geo D. Sheldon Ft Monroe Va. Baptism {time: 5 PM}
5858/0	1865-01-05	received	above=''	header='City Point Jan. 5 / 65'	opening='Sheldon Ft Monroe Harriet pandora Webb steer unity'
    no1: Sheldon Ft Monroe {time: 1 PM} [Colonel] [Reinforcements] steer [.]
    no2: Sheldon Ft Monroe {time: 1.30 PM} [Casualties] [Regiment] steer unity
    no9: Sheldon Ft Monroe {time: 1 PM} pandora [Defensive] steer unity
5917/1	1865-02-25	sent	above=''	header='Ft Monroe Feb 25 / 65'	opening='Maj. Eckert Washington Farmer harsh person to Honorable'
    no1: Maj. Eckert [Volunteer] [Norfolk] [25] to Honorable
    no2: Maj. Eckert [Wounded] [Maj Gen E R S Canby] harsh person to Honorable
    no9: Maj. Eckert [Traitor] [Louisiana] harsh person to Honorable
5885/0	1865-01-21	received	above=''	header='Washington Jan 21 / 65'	opening='Geo D. Sheldon Ft Monroe Martha harsh plunge'
    no1: Geo D. Sheldon Ft Monroe {time: 7 PM} [21]
    no2: Geo D. Sheldon Ft Monroe {time: 7.30 PM} harsh plunge
    no9: Geo D. Sheldon Ft Monroe {time: 1.30 PM} harsh plunge
5861/2	1865-01-06	sent	above=''	header='Ft Monroe Jan. 6 / 65'	opening='Maj Eckert Washington Jennie Animal Hannah for Mrs'
    no1: Maj Eckert [Volunteer] {time: 3.30 PM} [Monroe] {time: 1.30 PM} for Mrs
    no2: Maj Eckert [Wounded] {time: 3 PM} [Tennessee] {time: 1 PM} for Mrs
    no9: Maj Eckert [Traitor] {time: 6 PM} Animal {time: 2 PM} for Mrs
5888/1	1865-01-25	received	above=''	header='City Point Jan. 25 / 65'	opening='Geo. D. Sheldon Ft Monroe Imogene for meriden'
    no1: Geo. D. Sheldon Ft Monroe {time: 3 PM} for [Maj Gen E. O. C. Ord]
    no2: Geo. D. Sheldon Ft Monroe {time: 3.30 PM} for [Hunter D]
    no9: Geo. D. Sheldon Ft Monroe {time: 5 PM} for meriden
5869/1	1865-01-12	sent	above=''	header='Ft Monroe Jan. 12 - 1865'	opening="Maj. Eckert , Wash'n. The rambling is forwarded"
    no1: Maj. Eckert , Wash'n. The [Follow (-ed, -ing)]ing is forwarded
    no2: Maj. Eckert , Wash'n. The [Evacuate (-ed, -ing) [#]]ing is forwarded
    no9: Maj. Eckert , Wash'n. The [Deserters]ing is forwarded
5943/1	1865-03-29	sent	above=''	header='Ft Monroe Mar 29 / 65'	opening='Maj. Eckert , Washington Nancy for pump pink'
    no1: Maj. Eckert , [Volunteer] {time: 8 PM} for pump pink
    no2: Maj. Eckert , [Wounded] {time: 8 PM} for pump pink
    no9: Maj. Eckert , [Traitor] {time: 3.30 PM} for pump pink
5891/1	1865-01-31	received	above=''	header='Annapolis 8 P. M. Jan. 31 - 1865'	opening='Sheldon Ft Monroe very sorry I missed train'
    no1: Sheldon Ft Monroe very sorry I missed train
    no2: Sheldon Ft Monroe very sorry I missed train
    no9: Sheldon Ft Monroe very sorry I missed train
5941/1	1865-03-27	sent	above=''	header='Ft Monroe Mar. 27 - 1865'	opening='S. H. Beckwith City PointAnimal viola to John'
    no1: S. H. Beckwith City PointAnimal {time: 12.30} to [Maj Genl U.S. Grant]
    no2: S. H. Beckwith City PointAnimal {time: 12 midnight PM} to [Imboden]
    no9: S. H. Beckwith City PointAnimal {time: 12.30 PM} to John
5860/2	1865-01-06	sent	above=''	header='Ft Monroe Jan. 6 / 65'	opening='Maj. Eckert Washington. Henrietta for Brevet palate Desey'
    no1: Maj. Eckert [Volunteer] {time: 2.30 PM} for Brevet [Brigadier General] Desey
    no2: Maj. Eckert [Wounded] {time: 2.30 PM} for Brevet [Ammunition] Desey
    no9: Maj. Eckert [Traitor] {time: 4 PM} for Brevet [Yorktown] Desey
5850/1	1865-01-03	sent	above=''	header='Ft Monroe Jan 3 / 65'	opening='S. H. Beckwith City Point , Farmer pebble'
    no1: S. H. Beckwith City Point , [Norfolk] [3]
    no2: S. H. Beckwith City Point , [Maj Gen E R S Canby] pebble
    no9: S. H. Beckwith City Point , [Louisiana] pebble
