row	date	header	no1	no1_shuf3max	no1_p95_20	no2	no2_shuf3max	no2_p95_20	no9	no9_shuf3max	no9_p95_20	A_verdict
9926/1	1864-12-31	Beckwith City Pt.  Wash Dec. 31. 1864	3	7	8	5	8	6	3	5	4	none
   TEXT: Susan Spalding Pine black Carmine Nevada red sailed for Venus Lundy with Jargon Irving Arsenic Blackstone sails Kerner Each can bandage Andrew dunlap floyd pewter canbe cooled & watered at venus pink Carmine McClellan red Emerson Hammond Carmine Atlantic red Brown David sail Kerner all from Warden ---- Its Gondola that Dickens or Downing more Insipids will leave Watkins tumbler or wolf for same destination Kerner or Kirkwood ---- They are Gendered if in Globe purple harvards not hampered yet however ---- Weather on coast is very bad but those above named will Gondola be in time & be sufficient
   no1: {time: 11.30 PM} Spalding [Concentrate (-ed, -ing)] [City Point] Carmine Nevada red sailed for [Position] Lundy with [Maj Genl A. E. Burnside] [President of the U.S.] Arsenic Blackstone sails Kerner Each can bandage Andrew dunlap floyd [Capture (-ed, -ing)] canbe cooled & watered at [Position] pink Carmine McClellan red Emerson Hammond Carmine Atlantic red Brown [Kingsville] sail Kerner all from [Surround (-ed, -ing)] ---- Its [Trenton] that Dickens or Downing more Insipids will leave [Rear] tumbler or [Scout (-ed, -ing)] for same destination Kerner or Kirkwood ---- They are Gendered if in [Summerville] [1000] [Winchester]'s not hampered yet however ---- Weather on coast is very bad but thos
      hits: ['for_[Position]_lundy', 'with_[Maj Genl A. E. Burnside]_president', 'or_[Scout (-ed, -ing)]_for']
   no2: {time: 11 PM} Spalding [Communicate (-ed, -ing)] [Cairo] Carmine Nevada red sailed for [Re-enforcements] Lundy with [Kirby Smith] [Bragg] Arsenic Blackstone sails Kerner Each can [Juliens [?] " [ditto = Gap]] [4] dunlap floyd [Bridge (-ed, -ing)] canbe cooled & watered at [Re-enforcements] pink Carmine McClellan red Emerson Hammond Carmine Atlantic red [1] [Helena] sail Kerner all from [Scout (-ed, -ing)] ---- Its [Petersburg] that Dickens or [7] more Insipids will leave [Right] tumbler or wolf for same destination Kerner or Kirkwood ---- They are Gendered if in [Opelika] purple [Selma]'s not hampered yet however ---- Weather on coast is very bad but those above named will [Petersburg] be in
      hits: ['for_[Re-enforcements]_lundy', 'at_[Re-enforcements]_pink', 'from_[Scout (-ed, -ing)]_None', 'its_[Petersburg]_that', 'from_[Scout (-ed, -ing)]_impress']
   no9: {time: 10.30 PM} Spalding Pine [W. S. Sherman] Carmine Nevada red sailed for [Colonel] Lundy with Jargon Irving Arsenic Blackstone sails Kerner Each can bandage Andrew dunlap floyd pewter canbe cooled & watered at [Colonel] pink Carmine McClellan red Emerson Hammond Carmine Atlantic red Brown David sail Kerner all from [Missing] ---- Its Gondola that Dickens or Downing more Insipids will leave [Casualties] tumbler or wolf for same destination Kerner or Kirkwood ---- They are Gendered if in [Red River] purple harvards not hampered yet however ---- Weather on coast is very bad but those above named will Gondola be in time & be sufficient for the purpose ---- Ariel & Champion pion Each Bates Da
      hits: ['for_[Colonel]_lundy', 'at_[Colonel]_pink', 'in_[Red River]_purple']
9880/2	1864-10-31	Capt GH Smith St Louis  Washn Oct 31st 1864	12	11	12	11	9	11	6	8	8	no1
   TEXT: Imogene Monday for Moon unity Shelter Curtis wrangles that you have ordered the whiskey back saxon vermont of Price directing Shelby Mc Neil to Rolla and Shelter Sand bourn to spring field zebra The orders of John and Lehigh are that the vermont must be continued tooth Archery or until you meet the saints of Mellow or Montrose These orders mustby obeyed Bennet
   no1: {time: 3 PM} Monday for [Maj Gen W. S. Rosecrans] [.] [General] Curtis [Telegraph (-ed, -ing)]'s that you have ordered the [Troops] back [From the] [Pursue] of Price directing [General] Mc Neil to Rolla and [General] Sand bourn to [Has, or have been, reinforced] field [.] The orders of [Maj Genl U.S. Grant] and [Maj Gen S. A. Hurlbut] are that the [Pursue] must be continued tooth [Arkansas] or until you meet the [Force]'s of [Maj Gen Fredk Steele] or [Maj Gen J. J. Reynolds] These orders mustby obeyed [General in Chief]
      hits: ['for_[Maj Gen W. S. Rosecrans]_None', 'None_[General]_curtis', 'curtis_[Telegraph (-ed, -ing)]_that', 'the_[Troops]_back', 'back_[From the]_pursue', 'directing_[General]_mc', 'and_[General]_sand', 'to_[Has, or have been, reinforced]_field', 'of_[Maj Genl U.S. Grant]_and', 'and_[Maj Gen S. A. Hurlbut]_are', 'the_[Force]_of', 'of_[Maj Gen Fredk Steele]_or']
   no2: {time: 3.30 PM} Monday for [Negley J S] unity [Helping] Curtis [Valley]'s that you have ordered the whiskey back [Fear] [Quarter Master] of Price directing [Harbor] Mc Neil to Rolla and [Helping] Sand bourn to [In the mean time [?]] field [1000] The orders of [Imboden] and [Brannon [sic] J M] are that the [Quarter Master] must be continued tooth [Alabama] or until you meet the [Force]'s of [Palmer J M] or [McPherson J B] These orders mustby obeyed [Secretary of Navy]
      hits: ['curtis_[Valley]_that', 'fear_[Quarter Master]_of', 'and_[Helping]_sand', 'to_[In the mean time [?]]_field', 'of_[Imboden]_and', 'and_[Brannon [sic] J M]_are', 'the_[Quarter Master]_must', 'tooth_[Alabama]_or', 'the_[Force]_of', 'of_[Palmer J M]_or', 'or_[McPherson J B]_these']
   no9: {time: 5 PM} Monday for Moon unity [Projectiles] Curtis [Intercept]'s that you have ordered the whiskey back [Guns] [Brig. Gen.] of Price directing [Projectiles] Mc Neil to Rolla and [Projectiles] Sand bourn to [Rifled Guns] field [Movement] The orders of John and Lehigh are that the [Brig. Gen.] must be continued tooth Archery or until you meet the [Forage]'s of [Philadelphia] or Montrose These orders mustby obeyed Bennet
      hits: ['guns_[Brig. Gen.]_of', 'and_[Projectiles]_sand', 'field_[Movement]_the', 'the_[Brig. Gen.]_must', 'the_[Forage]_of', 'of_[Philadelphia]_or']
9709/1	1864-04-19	John Horner ( N. Y. )  Washn D. C. Apr. 19th 1864	1	1	1	1	1	1	0	1	1	none
   TEXT: Pagan Apr nineteenth Viola For R C Morgan Can Vesper Olcott ninety three Franklin St Send immediately to Secy Fox full names of Simpson Barlow <unclear>Haestis</unclear> Hunter Kilsey Then enquire at Brooklyn Yards if master Painter has absconded period All right here period Probably return with Wilson tonight H S Olcott $pd Canon & C
   no1: [Battery] Apr nineteenth {time: 12.30} For R C Morgan Can [Position] Olcott ninety three Franklin St Send immediately to Secy [Philadelphia] full names of Simpson Barlow <unclear>Haestis</unclear> [Lee] Kilsey Then enquire at Brooklyn Yards if master Painter has absconded period All right here period Probably return with [West] tonight H S Olcott $pd Canon & C
      hits: ['with_[West]_tonight']
   no2: [Artillery] Apr nineteenth {time: 12 midnight PM} For R C [19] Can [Re-enforcements] Olcott ninety three [9] St Send immediately to Secy [McMinnville] full names of Simpson Barlow <unclear>Haestis</unclear> [Washington] Kilsey Then enquire at Brooklyn [.]s if master Painter has absconded period All right here period Probably return with [Drove in our Pickets] tonight H S Olcott $pd Canon & C
      hits: ['can_[Re-enforcements]_olcott']
   no9: [Washington] Apr nineteenth {time: 12.30 PM} For R C Morgan Can [Colonel] Olcott ninety three Franklin St Send immediately to Secy Fox full names of Simpson Barlow <unclear>Haestis</unclear> Hunter Kilsey Then enquire at Brooklyn Yards if master Painter has absconded period All right here period Probably return with [Invested] tonight H S Olcott $pd Canon & C
      hits: []
9772/0	1864-07-03	JW Sampson Wash July 3d 1864	11	9	9	7	4	9	3	3	4	no1
   TEXT: Nancy for John W Garrett zodiac Mutton has been under orders pebble days ago to move his saints up tooth wheighed vernons zebra Dangers pacific should have been up before now yoke Brutus keep hand in 125 AM 4th WB Gilmore Chambersburg Baltimore third midnight for Koran Myrtle Have you any information as to the movement of the Olive in the Valley of the safety of pagan Sigels trains or of any engage meant he has had with the rebels Please answer by telegraph sig pagan Lew Wall ace end WB Gilmore Chambersburg Balto 4th for Koran Myrtle period obliged to you for telegram Please keep me posted wel
   no1: {time: 8 PM} for [Maj Genl U.S. Grant] W Garrett [.] [Maj. Gen. David Hunter] has been under orders [3] days ago to move his [Force]'s up tooth wheighed [Point]'s [.] Dangers [Cavalry] should have been up before now  {tail: [signed] [Secretary of War] keep hand in 125 AM 4th WB Gilmore Chambersburg Baltimore third midnight for [Maj Genl Mower] [Maj Gen H. W. Slocum] Have you any information as to the movement of the [Ammunition] in the [Presence] of the safety of [Battery] Sigels trains or of any engage meant he has had with the rebels Please answer by telegraph sig [Battery] Lew Wall ace end WB Gilmore Chambersburg Balto 4th for [Maj Genl Mower] [Maj Gen H. W. Slocum] period obliged to you 
      hits: ['for_[Maj Genl U.S. Grant]_w', 'None_[Maj. Gen. David Hunter]_has', 'his_[Force]_up', 'dangers_[Cavalry]_should', 'for_[Maj Genl Mower]_maj', 'mower_[Maj Gen H. W. Slocum]_have', 'the_[Ammunition]_in', 'the_[Presence]_of', 'of_[Battery]_sigels', 'for_[Maj Genl Mower]_maj', 'of_[Ammunition]_move']
   no2: {time: 8 PM} for [Imboden] W Garrett [Sunday] Mutton has been under orders pebble days ago to move his [Force]'s up tooth wheighed [Reconnoissance]'s [1000] Dangers [Battery] should have been up before now [100] [Delaware] keep hand in 125 AM 4th WB Gilmore Chambersburg [Cruft J [?]] third midnight for [Stevenson] [Prentiss B M] Have you any information as to the movement of the [Farragut D G] in the ["] of the safety of [Artillery] Sigels trains or of any engage meant he has had with the rebels Please answer by [Withdraw] sig [Artillery] Lew Wall ace end WB Gilmore Chambersburg Balto 4th for [Stevenson] [Prentiss B M] period obliged to you for [Withdrawn] Please keep me posted well as you c
      hits: ['his_[Force]_up', 'dangers_[Battery]_should', 'chambersburg_[Cruft J [?]]_third', 'stevenson_[Prentiss B M]_have', 'the_[Farragut D G]_in', 'of_[Artillery]_sigels', 'of_[Farragut D G]_move']
   no9: {time: 3.30 PM} for John W Garrett [Movement] Mutton has been under orders pebble days ago to move his [Forage]'s up tooth wheighed [Maj. Gen.]'s [Movement] Dangers pacific should have been up before now [Troops] Brutus keep hand in 125 AM 4th WB Gilmore Chambersburg Baltimore third midnight for Koran Myrtle Have you any information as to the movement of the Olive in the [Brig. Gen.] of the safety of [Washington] Sigels trains or of any engage meant he has had with the rebels Please answer by telegraph sig [Washington] Lew Wall ace end WB Gilmore Chambersburg Balto 4th for Koran Myrtle period obliged to you for telegram Please keep me posted well as you can of olive move ments any thing defi
      hits: ['his_[Forage]_up', 'the_[Brig. Gen.]_of', 'of_[Washington]_sigels']
9694/2	1864-04-05	John Horner N. Y. ( 9 )  Washn Apr 5th 1864 3 PM	6	5	7	7	6	8	6	3	5	no2
   TEXT: Pagan Apr 5th Helen For Village Van Vleet Midas period Confidential It is reported that the Cahawba Fulton United States El Cid and Weybossett are in Merlin period Send one of them to Annapolis to transport colored youth thence to Maxim period Prepare the rest to sail for Music fully coaled & watered as soon as the storm is over period They will receive orders from Vermin Gillmore on arrival period Report any other Swindles in Midas or arriving with them capacity & report capacity of vessels sailing under this order & time of sailing sign Aragon mighty wet & muddy No 7. NY
   no1: [Battery] Apr 5th {time: 2 PM} For [Pontoon] Van Vleet [Maj Gen S. P. Heintzelman] period Confidential It is reported that the Cahawba Fulton United States El Cid and Weybossett are in [Maj Gen S. P. Heintzelman] period Send one of them to Annapolis to transport [Jasper]ed  {tail: [signed] thence to [Gen Q. A. Gillmore] period Prepare the rest to sail for [Gen J. T. Boyle] fully coaled & watered as soon as the storm is over period They will receive orders from [Pieces] Gillmore on arrival period Report any other [Join (-ed, -ing)]'s in [Maj Gen S. P. Heintzelman] or arriving with them capacity & report capacity of vessels sailing under this order & time of sailing sign [Missouri] mighty wet 
      hits: ['for_[Pontoon]_van', 'in_[Maj Gen S. P. Heintzelman]_period', 'to_[Gen Q. A. Gillmore]_period', 'for_[Gen J. T. Boyle]_fully', 'other_[Join (-ed, -ing)]_in', 'in_[Maj Gen S. P. Heintzelman]_or']
   no2: [Artillery] Apr 5th {time: 2 PM} For [Rebel] Van Vleet [Kelly B F] period Confidential It is reported that the Cahawba [Potter E E] [Re-enforce (-ed, -ing)]d States El Cid and Weybossett are in [Kelly B F] period Send one of them to [Carr] to transport [President U.S.]ed [Saturday] thence to [Reynolds J J] period Prepare the rest to sail for [Quinby I F [?]] fully coaled & watered as soon as the storm is over period They will receive orders from [Reconnoissance] Gillmore on arrival period Report any other [Move (-ed, -ing)]'s in [Kelly B F] or arriving with them capacity & report capacity of vessels sailing under this order & time of sailing sign [Kanawha] mighty wet & muddy No 7. NY
      hits: ['for_[Rebel]_van', 'cahawba_[Potter E E]_re', 'e_[Re-enforce (-ed, -ing)]_states', 'to_[Carr]_to', 'from_[Reconnoissance]_gillmore', 'other_[Move (-ed, -ing)]_in', 'in_[Kelly B F]_or']
   no9: [Washington] Apr 5th {time: 3 PM} For [Major] Van Vleet [New York] period Confidential It is reported that the Cahawba Fulton United States El Cid and Weybossett are in [New York] period Send one of them to Annapolis to transport colored [Troops] thence to Maxim period Prepare the rest to sail for Music fully coaled & watered as soon as the storm is over period They will receive orders from [Maj. Gen.] Gillmore on arrival period Report any other [Steam Boats]'s in [New York] or arriving with them capacity & report capacity of vessels sailing under this order & time of sailing sign [Quartermaster General] mighty wet & muddy No 7. NY
      hits: ['for_[Major]_van', 'in_[New York]_period', 'colored_[Troops]_thence', 'from_[Maj. Gen.]_gillmore', 'other_[Steam Boats]_in', 'in_[New York]_or']
9699/0	1864-04-08	John Horner N. York ----  Wash Apl 8th 1864	4	5	5	5	4	5	4	2	3	none
   TEXT: Minnie For Virtue S. L. Brown assistant Vincent period Send forty thousand bushels of grain and seven hundred tons of hay to mud The first ship ments must be made by steam to go under sealed orders to report at Muss and await further orders informing the Vinton at that post of their cargoes which will not be discharged unless needed there The first cargoes should arrive certainly by first May the whole by tenth May Acknowledge this and report progress Call upon Vienna Van Vliet for the Steam propellers needed Confidential signed Meigs Abbott
   no1: {time: 7.30 PM} For [Pending] S. L. Brown assistant [Quartermaster] period Send forty thousand bushels of grain and seven hundred tons of hay to [Gen J. M. Brannon] The first ship ments must be made by steam to go under sealed orders to report at [B. F. Kelly] and await further orders informing the [Quartermaster] at that post of their cargoes which will not be discharged unless needed there The first cargoes should arrive certainly by first May the whole by tenth May Acknowledge this and report progress Call upon [Pontoon] Van Vliet for the Steam propellers needed Confidential signed Meigs Abbott
      hits: ['assistant_[Quartermaster]_period', 'to_[Gen J. M. Brannon]_the', 'at_[B. F. Kelly]_and', 'the_[Quartermaster]_at']
   no2: {time: 7 PM} For [Rear] S. L. [1] assistant [Rifle Pits] period Send forty thousand bushels of grain and seven hundred tons of hay to [Rosecrans W S] The first ship ments must be made by steam to go under sealed orders to report at [Rosseau [sic] L H] and await further orders informing the [Rations] at that post of their cargoes which will not be discharged unless needed there The first cargoes should arrive certainly by first May the whole by tenth May Acknowledge this and report progress Call upon [Rebel] Van Vliet for the Steam propellers needed Confidential signed Meigs [James]
      hits: ['for_[Rear]_s', 'to_[Rosecrans W S]_the', 'at_[Rosseau [sic] L H]_and', 'the_[Rations]_at', 'upon_[Rebel]_van']
   no9: {time: 2.30 PM} For [Captain] S. L. Brown assistant [Quartermaster] period Send forty thousand bushels of grain and seven hundred tons of hay to mud The first ship ments must be made by steam to go under sealed orders to report at Muss and await further orders informing the [Quartermaster] at that post of their cargoes which will not be discharged unless needed there The first cargoes should arrive certainly by first May the whole by tenth May Acknowledge this and report progress Call upon [Major] Van Vliet for the Steam propellers needed Confidential signed Meigs Abbott
      hits: ['for_[Captain]_s', 'assistant_[Quartermaster]_period', 'the_[Quartermaster]_at', 'upon_[Major]_van']
9808/2	1864-08-03	EW Culgan  Washn Aug 3rd 1864 4 PM	4	3	4	4	4	4	0	1	1	none
   TEXT: Henrietta For Optic As a new raid may imm'y follow & be directed towards Pittsburg the instructions in regard to blocking up the roads leading from the Cumberland valley should be carried out period A s space could be left in the barriers for trains to pass through and means to close it in case of . danger period the town & Country Authorities should do this for their own protection period I will end ever to send you some Preston Officers to assist in this matter sig Austria Mohawk August third act
   no1: {time: 2.30 PM} For [At the] As a new raid may imm'y follow & be directed towards Pittsburg the instructions in regard to blocking up the roads leading from the Cumberland [Presence] should be carried out period A s space could be left in the barriers for trains to pass through and means to close it in case of . danger period the town & Country Authorities should do this for their own protection period I will end ever to send you some [Diversion] Officers to assist in this matter sig [Massachusetts] [Maj Gen J. G. Parke] August third act
      hits: ['for_[At the]_as', 'cumberland_[Presence]_should', 'sig_[Massachusetts]_maj', 'massachusetts_[Maj Gen J. G. Parke]_august']
   no2: {time: 2.30 PM} For [Available] As a new raid may imm'y follow & be directed towards Pittsburg the instructions in regard to blocking up the roads leading from the Cumberland ["] should be carried out period A s space could be left in the barriers for trains to [Fire] through and means to [Eastport] it in case of . danger period the town & Country Authorities should do this for their own protection period I will end ever to send you some [Cut off] Officers to assist in this matter sig [Big Sandy] [Meade G G] August third act
      hits: ['for_[Available]_as', 'to_[Fire]_through', 'to_[Eastport]_it', 'sandy_[Meade G G]_august']
   no9: {time: 4 PM} For Optic As a new raid may imm'y follow & be directed towards Pittsburg the instructions in regard to blocking up the roads leading from the Cumberland [Brig. Gen.] should be carried out period A s space could be left in the barriers for trains to pass through and means to close it in case of . danger period the town & Country Authorities should do this for their own protection period I will end ever to send you some Preston Officers to assist in this matter sig [Sec. of State] Mohawk August third act
      hits: []
9845/0	1864-09-18	11 A. M. To J. W. Wallack Indianapolis  Washn Sept 18th	3	6	6	5	7	7	1	3	3	none
   TEXT: Mohawk Francis Eighteenth to Governor Morton period It appears from a despatch received from quarrel Sherman that his tappan is jealously watching whether the draft will be suspended or enforced pause The quorum says quotation If the blanchard modifies it to the extent of one man or wavers in its execution he is gone ever The taunton would vote against him quotation You can judge from this what effect the recall of Shylock and delaying the draft is likely to have on your election ( signed ) Bishop How are you now
   no1: [Maj Gen J. G. Parke] {time: 12} Eighteenth to Governor Morton period It appears from a despatch received from [Embark (-ed, -ing)] Sherman that his [Major] is jealously [Surrender (-ed, -ing)]ing whether the draft will be suspended or enforced pause The [Embark (-ed, -ing)] says quotation If the [Abingdon] modifies it to the extent of one man or wavers in its execution he is gone ever The [Major] would vote against him quotation You can judge from this what effect the recall of [In the meantime] and delaying the draft is likely to have on your election ( signed ) [Atlanta] How are you now
      hits: ['his_[Major]_is', 'the_[Major]_would', 'of_[In the meantime]_and']
   no2: [Meade G G] {time: 12.30 AM} Eighteenth to Governor Morton period It appears from a [McLamores Cove] received from [Defeat (-ed, -ing) [#]] Sherman that his [Our pickets] is jealously [Scatter (-ed, -ing)]ing whether the draft will be suspended or enforced pause The [Defeat (-ed, -ing)] says quotation If the [Abingdon] modifies it to the extent of one man or wavers in its execution he is gone ever The [Our lines] would vote against him quotation You can judge from this what effect the recall of [In the] and delaying the draft is likely to have on your election ( signed ) [Atlanta] How are you now
      hits: ['from_[Defeat (-ed, -ing) [#]]_sherman', 'his_[Our pickets]_is', 'the_[Defeat (-ed, -ing)]_says', 'the_[Our lines]_would', 'of_[In the]_and']
   no9: Mohawk {time: 11 AM} Eighteenth to Governor Morton period It appears from a despatch received from [Pemberton] Sherman that his tappan is jealously watching whether the draft will be suspended or enforced pause The [Pemberton] says quotation If the blanchard modifies it to the extent of one man or wavers in its execution he is gone ever The taunton would vote against him quotation You can judge from this what effect the recall of [Regiment] and delaying the draft is likely to have on your election ( signed ) Bishop How are you now
      hits: ['of_[Regiment]_and']
9830/1	1864-09-02	Richards Boston Mass.  Wash. Sept. 2. 1864	5	5	6	4	4	5	0	1	1	none
   TEXT: for Bologna Dresden period Biped is in Dryden Number two Oliver Place He will today or tonight receive goods from Lawrence helix probably nautical instruments Care of Winsor & Son also clothes & letters from St Denis Hotel period Watch him lookout for the clothes & letters and seize them and nutmeg him when it is the right time ---- when nuggeted dont let him see or communicate with anyone but bring him immedy to Judah ---- The letters & goods should be had by all means Sig Claudius Mary
   no1: for [President U.S.] [Lynchburg] period [Cumberland Gap] is in [Lynchburg] Number two Oliver Place He will today or tonight receive goods from Lawrence [Buckner] probably nautical instruments Care of Winsor & Son also clothes & letters from St Denis [Longstreet] period [Surrender (-ed, -ing)] him lookout for the clothes & letters and seize them and [Available] him when it is the right time ---- when [Available]ed dont let him see or communicate with anyone but bring him immedy to [Maj Genl U.S. Grant] ---- The letters & goods should be had by all means Sig [Decatur] {time: 6.30 PM}
      hits: ['for_[President U.S.]_lynchburg', 'period_[Cumberland Gap]_is', 'in_[Lynchburg]_number', 'and_[Available]_him', 'to_[Maj Genl U.S. Grant]_None']
   no2: for [Davidson J W] [Huntsville] period [Maj Gen G G Meade] is in [Huntsville] Number two [20] Place He will today or tonight receive goods from Lawrence [Suffolk] probably nautical instruments Care of Winsor & Son also clothes & letters from St Denis [Weldon] period [Scatter (-ed, -ing)] him lookout for the clothes & letters and seize them and [Steele Fdk] him when it is the right time ---- when [Stahel Jul]ed dont let him see or communicate with anyone but bring him immedy to [Imboden] ---- The letters & goods should be had by all means Sig [Columbus] {time: 6.30 PM}
      hits: ['period_[Maj Gen G G Meade]_is', 'in_[Huntsville]_number', 'and_[Steele Fdk]_him', 'to_[Imboden]_None']
   no9: for [Heintzelman] Dresden period Biped is in Dryden Number two Oliver Place He will today or tonight receive goods from Lawrence helix probably nautical instruments Care of Winsor & Son also clothes & letters from St Denis Hotel period Watch him lookout for the clothes & letters and seize them and nutmeg him when it is the right time ---- when nuggeted dont let him see or communicate with anyone but bring him immedy to Judah ---- The letters & goods should be had by all means Sig Claudius {time: 12 midnight PM}
      hits: []
9673/0	1864-02-05	John Horner 9  Washn Feby 5th 1864	4	3	3	4	3	5	5	1	3	no9
   TEXT: Pagan Feby fifth Henrietta for Village Van Vliet Vincent Merlin period Let all expenses incurred in charter and out fit and victualling manning sailing loading including Stores and rations from Wedge Dept put on board Maria C Day be kept in a separate and distinct account so that the cost of this special expedition may be known and reimbursed if desirable when completed sig M C Meigs Aragon warm cloudy like rain
   no1: [Battery] Feby fifth {time: 2.30 PM} for [Pontoon] Van Vliet [Quartermaster] [Maj Gen S. P. Heintzelman] period Let all expenses incurred in [Knoxville]er and out fit and victualling manning sailing loading including Stores and rations from [Today] Dept put on board Maria C Day be kept in a separate and distinct account so that the cost of this special expedition may be known and reimbursed if desirable when completed sig M C Meigs [Missouri] warm cloudy like rain
      hits: ['for_[Pontoon]_van', 'vliet_[Quartermaster]_maj', 'quartermaster_[Maj Gen S. P. Heintzelman]_period', 'in_[Knoxville]_and']
   no2: [Artillery] Feby fifth {time: 2.30 PM} for [Rebel] Van Vliet [Rifle Pits] [Kelly B F] period Let all expenses incurred in [Lieut Gen U.S. Grant]er and out fit and victualling manning sailing loading including Stores and [Hill]'s from [Troops] Dept put on board Maria C Day be kept in a separate and distinct account so that the cost of this special expedition may be known and reimbursed if desirable when completed sig M C Meigs [Kanawha] warm cloudy like [March]
      hits: ['for_[Rebel]_van', 'in_[Lieut Gen U.S. Grant]_and', 'and_[Hill]_from', 'from_[Troops]_dept']
   no9: [Washington] Feby fifth {time: 4 PM} for [Major] Van Vliet [Quartermaster] [New York] period Let all expenses incurred in charter and out fit and victualling manning sailing loading including Stores and rations from [Subsistence] Dept put on board Maria C Day be kept in a separate and distinct account so that the cost of this special expedition may be known and reimbursed if desirable when completed sig M C Meigs [Quartermaster General] warm cloudy like rain
      hits: ['for_[Major]_van', 'vliet_[Quartermaster]_new', 'quartermaster_[New York]_period', 'from_[Subsistence]_dept', 'meigs_[Quartermaster General]_warm']
9706/1	1864-04-16	above='John Horner'	header='N York  Washn Apl 16th 1864'	opening='Helen For Agate pause You'
    no1: {time: 2 PM} For [Ohio] pause You
    no2: {time: 2 PM} For [Illinois] pause You
    no9: {time: 3 PM} For [Jno. A. Dix] pause You
9687/1	1864-03-16	above=''	header='Jno Horner N. Y. ( 9 )  Washn Mar 16th 1864 11 AM'	opening='Francis For Village Van Vleet'
    no1: {time: 12} For [Pontoon] Van Vleet
    no2: {time: 12.30 AM} For [Rebel] Van Vleet
    no9: {time: 11 AM} For [Major] Van Vleet
9735/0	1864-05-09	above=''	header='Rowe Cumberland  9  Washn May 9 1864'	opening='Pagan Hannah May 9th to'
    no1: [Battery] {time: 1.30 PM} May 9th to
    no2: [Artillery] {time: 1 PM} May 9th to
    no9: [Washington] {time: 2 PM} May 9th to
9731/2	1864-05-05	above='2.20 P. M.'	header='<deletion>David Columbus</deletion><insertion>Rowe wheeling</insertion>  Wash May 5, 1864.'	opening='Send following mesg in cipher'
    no1: Send following mesg in cipher
    no2: Send following mesg in cipher
    no9: Send following mesg in cipher
9684/1	1864-03-10	above=''	header='John Horner N. Y. ( 9 )  Washn Mar 10th 1030 P. M. 1864'	opening='Pagoda Susan tenth For Venus'
    no1: [Battery] {time: 11.30 PM} tenth For [Position]
    no2: [Artillery] {time: 11 PM} tenth For [Re-enforcements]
    no9: [Washington] {time: 10.30 PM} tenth For [Colonel]
9699/1	1864-04-09	above=''	header="John Horner. NY ( 9 )  Wash'n Apr 9th 1864 12.30 PM"	opening='Pagan Apr 9th Viola For'
    no1: [Battery] Apr 9th {time: 12.30} For
    no2: [Artillery] Apr 9th {time: 12 midnight PM} For
    no9: [Washington] Apr 9th {time: 12.30 PM} For
9803/0	1864-07-27	above=''	header="Lt Kelly  Wash'n July 27th 1864 9 P. M"	opening='Pagan Lucy July twenty seventh'
    no1: [Battery] {time: 5 PM} July twenty seventh
    no2: [Artillery] {time: 5.30 PM} July twenty seventh
    no9: [Washington] {time: 9 PM} July twenty seventh
9725/1	1864-04-27	above='No 32'	header="Capt R. F. Clowry Little Rock  Wash'n D. C. Apr 27th"	opening='For Commanding Officer Little Rock'
    no1: For Commanding Officer Little Rock
    no2: For Commanding Officer Little Rock
    no9: For Commanding Officer Little Rock
9762/1	1864-06-19	above='Col Meisenberg ,'	header='2.30 P. M. Martinsburg Va  =  Washington June 19, 1864'	opening='For General Stahl . period'
    no1: For General Stahl . period
    no2: For General Stahl . period
    no9: For General Stahl . period
9775/1	1864-07-03	above=''	header='WB Gilman  Washn July 3 PM'	opening='Washn July Sixth Three P.'
    no1: Washn July Sixth Three P.
    no2: Washn July Sixth Three P.
    no9: Washn July Sixth Three P.
9679/0	1864-02-26	above=''	header="John Horner  Feby 26th Wash'n 12 M"	opening='Gertrude For John A Kene='
    no1: {time: 12.30} For [Maj Genl U.S. Grant] A Kene=
    no2: {time: 12 noon AM} For [Imboden] A Kene=
    no9: {time: 12 noon} For John A Kene=
9684/0	1864-03-09	above=''	header='John Horner  Washn Mar 9th 1864 11 AM'	opening='Francis For Venus Ol cott'
    no1: {time: 12} For [Position] Ol cott
    no2: {time: 12.30 AM} For [Re-enforcements] Ol cott
    no9: {time: 11 AM} For [Colonel] Ol cott
9761/0	1864-06-18	above=''	header='Col Meysenburg 11 AM  Washn June 18th 1864'	opening='For Genl Stahl period For'
    no1: For Genl Stahl period For
    no2: For Genl Stahl period For
    no9: For Genl Stahl period For
9862/1	1864-10-07	above='" (Cal) "  6 P. m'	header='Gen Wright San Fran.  Washn D. C. Oct 7. 1864'	opening='Ida Emily Octo 7 for'
    no1: [President of the U.S.] {time: 10 AM} Octo 7 for
    no2: [Beauregard] {time: 10 AM} Octo 7 for
    no9: [Abingdon] {time: 7 AM} Octo 7 for
9770/2	1864-07-03	above=''	header='Meysenburg Martinsburg  Washn 1030 am July 3d 1864'	opening='Dorothy for Badger period Bremen'
    no1: {time: 8.30 AM} for [Athens] period [Chickamauga]
    no2: {time: 8.30 AM} for [Athens] period [Missouri]
    no9: {time: 4 AM} for Badger period Bremen
9686/1	1864-03-14	above=''	header="R. C. Cloury Little Rock ( 9 )  Wash'n Mar 14th 1864"	opening='Pagan Mar 14th Clara For'
    no1: [Battery] Mar 14th {time: 5.30 AM} For
    no2: [Artillery] Mar 14th {time: 5.30 AM} For
    no9: [Washington] Mar 14th {time: 10.30 AM} For
