266	30	NL-HaNA_1.05.03_266_0030.tif	200 image/jpeg
266	80	NL-HaNA_1.05.03_266_0080.tif	200 image/jpeg
266	131	NL-HaNA_1.05.03_266_0131.tif	200 image/jpeg
266	181	NL-HaNA_1.05.03_266_0181.tif	200 image/jpeg
266	231	NL-HaNA_1.05.03_266_0231.tif	200 image/jpeg
266	282	NL-HaNA_1.05.03_266_0282.tif	200 image/jpeg
266	332	NL-HaNA_1.05.03_266_0332.tif	200 image/jpeg
266	383	NL-HaNA_1.05.03_266_0383.tif	200 image/jpeg
266	433	NL-HaNA_1.05.03_266_0433.tif	200 image/jpeg
266	483	NL-HaNA_1.05.03_266_0483.tif	200 image/jpeg
266	534	NL-HaNA_1.05.03_266_0534.tif	200 image/jpeg
266	584	NL-HaNA_1.05.03_266_0584.tif	200 image/jpeg
266	635	NL-HaNA_1.05.03_266_0635.tif	200 image/jpeg
266	685	NL-HaNA_1.05.03_266_0685.tif	200 image/jpeg
266	736	NL-HaNA_1.05.03_266_0736.tif	200 image/jpeg
266	786	NL-HaNA_1.05.03_266_0786.tif	200 image/jpeg
266	836	NL-HaNA_1.05.03_266_0836.tif	200 image/jpeg
266	887	NL-HaNA_1.05.03_266_0887.tif	200 image/jpeg
266	937	NL-HaNA_1.05.03_266_0937.tif	200 image/jpeg
266	988	NL-HaNA_1.05.03_266_0988.tif	200 image/jpeg
266	1038	NL-HaNA_1.05.03_266_1038.tif	200 image/jpeg
266	1088	NL-HaNA_1.05.03_266_1088.tif	200 image/jpeg
266	1139	NL-HaNA_1.05.03_266_1139.tif	200 image/jpeg
266	1189	NL-HaNA_1.05.03_266_1189.tif	200 image/jpeg
267	35	NL-HaNA_1.05.03_267_0035.tif	200 image/jpeg
267	96	NL-HaNA_1.05.03_267_0096.tif	200 image/jpeg
267	156	NL-HaNA_1.05.03_267_0156.tif	200 image/jpeg
267	217	NL-HaNA_1.05.03_267_0217.tif	200 image/jpeg
267	278	NL-HaNA_1.05.03_267_0278.tif	200 image/jpeg
267	338	NL-HaNA_1.05.03_267_0338.tif	200 image/jpeg
267	399	NL-HaNA_1.05.03_267_0399.tif	200 image/jpeg
267	460	NL-HaNA_1.05.03_267_0460.tif	200 image/jpeg
267	521	NL-HaNA_1.05.03_267_0521.tif	200 image/jpeg
267	581	NL-HaNA_1.05.03_267_0581.tif	200 image/jpeg
267	642	NL-HaNA_1.05.03_267_0642.tif	200 image/jpeg
267	703	NL-HaNA_1.05.03_267_0703.tif	200 image/jpeg
267	763	NL-HaNA_1.05.03_267_0763.tif	200 image/jpeg
267	824	NL-HaNA_1.05.03_267_0824.tif	200 image/jpeg
267	885	NL-HaNA_1.05.03_267_0885.tif	200 image/jpeg
267	945	NL-HaNA_1.05.03_267_0945.tif	200 image/jpeg
267	1006	NL-HaNA_1.05.03_267_1006.tif	200 image/jpeg
267	1067	NL-HaNA_1.05.03_267_1067.tif	200 image/jpeg
267	1128	NL-HaNA_1.05.03_267_1128.tif	200 image/jpeg
267	1188	NL-HaNA_1.05.03_267_1188.tif	200 image/jpeg
267	1249	NL-HaNA_1.05.03_267_1247.tif	200 image/jpeg
267	1310	NL-HaNA_1.05.03_267_1308.tif	200 image/jpeg
267	1370	NL-HaNA_1.05.03_267_1365.tif	200 image/jpeg
267	1431	NL-HaNA_1.05.03_267_1426.tif	200 image/jpeg
268	36	NL-HaNA_1.05.03_268_0036.tif	200 image/jpeg
268	100	NL-HaNA_1.05.03_268_0100.tif	200 image/jpeg
268	164	NL-HaNA_1.05.03_268_0164.tif	200 image/jpeg
268	228	NL-HaNA_1.05.03_268_0228.tif	200 image/jpeg
268	291	NL-HaNA_1.05.03_268_0291.tif	200 image/jpeg
268	355	NL-HaNA_1.05.03_268_0355.tif	200 image/jpeg
268	419	NL-HaNA_1.05.03_268_0418.tif	200 image/jpeg
268	483	NL-HaNA_1.05.03_268_0482.tif	200 image/jpeg
268	546	NL-HaNA_1.05.03_268_0545.tif	200 image/jpeg
268	610	NL-HaNA_1.05.03_268_0609.tif	200 image/jpeg
268	674	NL-HaNA_1.05.03_268_0672.tif	200 image/jpeg
268	738	NL-HaNA_1.05.03_268_0736.tif	200 image/jpeg
268	801	NL-HaNA_1.05.03_268_0799.tif	200 image/jpeg
268	865	NL-HaNA_1.05.03_268_0863.tif	200 image/jpeg
268	929	NL-HaNA_1.05.03_268_0927.tif	200 image/jpeg
268	993	NL-HaNA_1.05.03_268_0991.tif	200 image/jpeg
268	1056	NL-HaNA_1.05.03_268_1052.tif	200 image/jpeg
268	1120	NL-HaNA_1.05.03_268_1116.tif	200 image/jpeg
268	1184	NL-HaNA_1.05.03_268_1180.tif	200 image/jpeg
268	1248	NL-HaNA_1.05.03_268_1242.tif	200 image/jpeg
268	1311	NL-HaNA_1.05.03_268_1305.tif	200 image/jpeg
268	1375	NL-HaNA_1.05.03_268_1369.tif	200 image/jpeg
268	1439	NL-HaNA_1.05.03_268_1429.tif	200 image/jpeg
268	1503	NL-HaNA_1.05.03_268_1493.tif	200 image/jpeg
269	26	NL-HaNA_1.05.03_269_0026.tif	200 image/jpeg
269	68	NL-HaNA_1.05.03_269_0068.tif	200 image/jpeg
269	110	NL-HaNA_1.05.03_269_0110.tif	200 image/jpeg
269	152	NL-HaNA_1.05.03_269_0152.tif	200 image/jpeg
269	194	NL-HaNA_1.05.03_269_0194.tif	200 image/jpeg
269	236	NL-HaNA_1.05.03_269_0236.tif	200 image/jpeg
269	278	NL-HaNA_1.05.03_269_0278.tif	200 image/jpeg
269	320	NL-HaNA_1.05.03_269_0320.tif	200 image/jpeg
269	362	NL-HaNA_1.05.03_269_0362.tif	200 image/jpeg
269	404	NL-HaNA_1.05.03_269_0404.tif	200 image/jpeg
269	446	NL-HaNA_1.05.03_269_0446.tif	200 image/jpeg
269	488	NL-HaNA_1.05.03_269_0488.tif	200 image/jpeg
269	531	NL-HaNA_1.05.03_269_0530.tif	200 image/jpeg
269	573	NL-HaNA_1.05.03_269_0572.tif	200 image/jpeg
269	615	NL-HaNA_1.05.03_269_0614.tif	200 image/jpeg
269	657	NL-HaNA_1.05.03_269_0656.tif	200 image/jpeg
269	699	NL-HaNA_1.05.03_269_0698.tif	200 image/jpeg
269	741	NL-HaNA_1.05.03_269_0740.tif	200 image/jpeg
269	783	NL-HaNA_1.05.03_269_0782.tif	200 image/jpeg
269	825	NL-HaNA_1.05.03_269_0824.tif	200 image/jpeg
269	867	NL-HaNA_1.05.03_269_0864.tif	200 image/jpeg
269	909	NL-HaNA_1.05.03_269_0906.tif	200 image/jpeg
269	951	NL-HaNA_1.05.03_269_0948.tif	200 image/jpeg
269	993	NL-HaNA_1.05.03_269_0990.tif	200 image/jpeg
270	21	NL-HaNA_1.05.03_270_0021.tif	200 image/jpeg
270	55	NL-HaNA_1.05.03_270_0055.tif	200 image/jpeg
270	89	NL-HaNA_1.05.03_270_0089.tif	200 image/jpeg
270	122	NL-HaNA_1.05.03_270_0122.tif	200 image/jpeg
270	156	NL-HaNA_1.05.03_270_0156.tif	200 image/jpeg
270	190	NL-HaNA_1.05.03_270_0190.tif	200 image/jpeg
270	224	NL-HaNA_1.05.03_270_0224.tif	200 image/jpeg
270	257	NL-HaNA_1.05.03_270_0257.tif	200 image/jpeg
270	291	NL-HaNA_1.05.03_270_0291.tif	200 image/jpeg
270	325	NL-HaNA_1.05.03_270_0325.tif	200 image/jpeg
270	358	NL-HaNA_1.05.03_270_0358.tif	200 image/jpeg
270	392	NL-HaNA_1.05.03_270_0392.tif	200 image/jpeg
270	426	NL-HaNA_1.05.03_270_0426.tif	200 image/jpeg
270	460	NL-HaNA_1.05.03_270_0460.tif	200 image/jpeg
270	493	NL-HaNA_1.05.03_270_0493.tif	200 image/jpeg
270	527	NL-HaNA_1.05.03_270_0527.tif	200 image/jpeg
270	561	NL-HaNA_1.05.03_270_0561.tif	200 image/jpeg
270	594	NL-HaNA_1.05.03_270_0594.tif	200 image/jpeg
270	628	NL-HaNA_1.05.03_270_0627.tif	200 image/jpeg
270	662	NL-HaNA_1.05.03_270_0661.tif	200 image/jpeg
270	696	NL-HaNA_1.05.03_270_0695.tif	200 image/jpeg
270	729	NL-HaNA_1.05.03_270_0728.tif	200 image/jpeg
270	763	NL-HaNA_1.05.03_270_0762.tif	200 image/jpeg
270	797	NL-HaNA_1.05.03_270_0796.tif	200 image/jpeg
266	937	NL-HaNA_1.05.03_266_0937.tif	200 image/jpeg	nb
267	217	NL-HaNA_1.05.03_267_0217.tif	200 image/jpeg	nb
269	152	NL-HaNA_1.05.03_269_0152.tif	200 image/jpeg	nb
