pass agreement (group, all aligned positions): 243 of 245
L01 pos4  cur=)6        A=)6        B=)6        CONFIRM -> settled CONFIRM )6
L01 pos5  cur=60        A=60        B=60        CONFIRM -> settled CONFIRM 60
L01 pos6  cur=23        A=None      B=None      SPLIT -> settled STRUCT 23
L01 pos7  cur=[blot]    A=[blot]    B=[blot]    CONFIRM -> settled STRUCT None
L01 pos10 cur=45        A=45        B=45        CONFIRM -> settled CONFIRM 45
L02 pos2  cur=3)        A=3)        B=3)        CONFIRM -> settled CONFIRM 3)
L02 pos12 cur=)1        A=)1        B=)1        CONFIRM -> settled CONFIRM )1
L02 pos16 cur=)0        A=)0        B=)0        CONFIRM -> settled CONFIRM )0
L02 pos17 cur=)5        A=None      B=None      SPLIT -> settled STRUCT )
L03 pos0  cur=8)        A=8)        B=8)        CONFIRM -> settled CONFIRM 8)
L03 pos4  cur=[tilde]   A=[tilde]   B=[tilde]   CONFIRM -> settled CONFIRM [tilde]
L03 pos7  cur=2)        A=2)        B=2)        CONFIRM -> settled CONFIRM 2)
L03 pos11 cur=)8        A=)8        B=)8        CONFIRM -> settled CONFIRM )8
L03 pos14 cur=[x]       A=[x]       B=[x]       CONFIRM -> settled CONFIRM [x]
L03 pos15 cur=)2        A=)2        B=)2        CONFIRM -> settled CONFIRM )2
L04 pos16 cur=21)       A=None      B=None      SPLIT -> settled CHANGE 2)
L04 pos17 cur=36)       A=None      B=None      SPLIT -> settled STRUCT 36
L04 pos18 cur=45        A=None      B=45        SPLIT -> settled SPLIT None
L05 pos1  cur=)3        A=)3        B=)3        CONFIRM -> settled CONFIRM )3
L05 pos3  cur=6)        A=6)        B=6)        CONFIRM -> settled CONFIRM 6)
L05 pos5  cur=)6        A=)6        B=)6        CONFIRM -> settled CONFIRM )6
L05 pos15 cur=)2        A=)2        B=)2        CONFIRM -> settled CONFIRM )2
L05 pos18 cur=2)        A=2)        B=2)        CONFIRM -> settled CONFIRM 2)
L06 pos5  cur=)1        A=)1        B=)1        CONFIRM -> settled CONFIRM )1
L06 pos8  cur=4)        A=4)        B=4)        CONFIRM -> settled CONFIRM 4)
L06 pos14 cur=6)        A=6)        B=6)        CONFIRM -> settled CONFIRM 6)
L06 pos15 cur=[triangle] A=[triangle] B=[triangle] CONFIRM -> settled CONFIRM [triangle]
L07 pos1  cur=)8        A=)8        B=)8        CONFIRM -> settled CONFIRM )8
L07 pos3  cur=)0        A=)0        B=)0        CONFIRM -> settled CONFIRM )0
L07 pos6  cur=[z]       A=[z]       B=[z]       CONFIRM -> settled CONFIRM [z]
L07 pos8  cur=)6        A=)6        B=)6        CONFIRM -> settled CONFIRM )6
L07 pos15 cur=6)        A=6)        B=6)        CONFIRM -> settled CONFIRM 6)
L07 pos17 cur=)1        A=)1        B=)1        CONFIRM -> settled CONFIRM )1
L08 pos15 cur=2?        A=26        B=26        CHANGE -> settled CHANGE 26
L08 pos18 cur=)2        A=)2        B=)2        CONFIRM -> settled CONFIRM )2
L09 pos0  cur=20        A=[other:largeloopedl-shapedflourish] B=[other:l-shapedflourishendinginaloop] SPLIT -> settled SPLIT None
L09 pos17 cur=)         A=)         B=)         CONFIRM -> settled CONFIRM )
L10 pos0  cur=)2        A=None      B=None      SPLIT -> settled SPLIT None
L10 pos1  cur=)0        A=)0        B=)0        CONFIRM -> settled CONFIRM )0
L10 pos3  cur=4)        A=4)        B=4)        CONFIRM -> settled CONFIRM 4)
L10 pos7  cur=)8        A=)8        B=)8        CONFIRM -> settled CONFIRM )8
L10 pos8  cur=6)        A=6)        B=6)        CONFIRM -> settled CONFIRM 6)
L10 pos9  cur=[circle]  A=[circle]  B=[circle]  CONFIRM -> settled CONFIRM [circle]
L10 pos11 cur=)4        A=)4        B=)4        CONFIRM -> settled CONFIRM )4
L10 pos12 cur=2)        A=2)        B=2)        CONFIRM -> settled CONFIRM 2)
L10 pos14 cur=)1        A=)1        B=)1        CONFIRM -> settled CONFIRM )1
L10 pos15 cur=55        A=55        B=55        CONFIRM -> settled CONFIRM 55
L11 pos0  cur=4)        A=4)        B=4)        CONFIRM -> settled CONFIRM 4)
L11 pos5  cur=)8        A=)8        B=)8        CONFIRM -> settled CONFIRM )8
L11 pos16 cur=3)        A=3)        B=3)        CONFIRM -> settled CONFIRM 3)
L11 pos17 cur=5         A=5         B=5         CONFIRM -> settled CONFIRM 5
L12 pos4  cur=)1        A=)1        B=)1        CONFIRM -> settled CONFIRM )1
L12 pos9  cur=6)        A=6)        B=6)        CONFIRM -> settled CONFIRM 6)
L12 pos14 cur=)6        A=)6        B=)6        CONFIRM -> settled CONFIRM )6
L12 pos17 cur=38        A=38        B=38        CONFIRM -> settled CONFIRM 38
L13 pos3  cur=3)        A=3)        B=3)        CONFIRM -> settled CONFIRM 3)
L13 pos16 cur=23        A=23        B=23        CONFIRM -> settled CONFIRM 23
L14 pos2  cur=)9        A=)9        B=)9        CONFIRM -> settled CONFIRM )9
L14 pos3  cur=[blot]    A=[blot]    B=[blot]    CONFIRM -> settled CONFIRM [blot]
L14 pos4  cur=)1        A=)1        B=)1        CONFIRM -> settled CONFIRM )1
L14 pos6  cur=)2        A=)2        B=)2        CONFIRM -> settled CONFIRM )2
L14 pos8  cur=2)        A=2)        B=2)        CONFIRM -> settled CONFIRM 2)
L14 pos10 cur=)3        A=)3        B=)3        CONFIRM -> settled CONFIRM )3
L14 pos12 cur=[square]  A=[square]  B=[square]  CONFIRM -> settled CONFIRM [square]
L14 pos17 cur=34        A=34        B=34        CONFIRM -> settled CONFIRM 34
starred positions: 65; classes (blind) {'CONFIRM': 57, 'SPLIT': 7, 'CHANGE': 1}; after reconciliation {'CONFIRM': 56, 'STRUCT': 4, 'CHANGE': 2, 'SPLIT': 3}
GROUP committed vs settled blind group: REAL 57/61; shuffled (20 seeds) mean 2.70 max 6, at or above real 0
KEY prediction vs key value of the settled blind group (non-exception, keyed): REAL 53/54; shuffled mean 5.35 max 9, at or above real 0
  DIFFER L04 pos17 pred=e settled-group value=c
SENSE prediction vs key value of the settled blind group (non-exception, keyed): REAL 53/54; shuffled mean 5.35 max 9, at or above real 0
  DIFFER L04 pos17 pred=e settled-group value=c
