1808-02-15 Madison/99-01-02-2703 To James Madison from John Armstrong, Jr., 15 February 1808
1808-02-08 Madison/99-01-02-2678 From James Madison to John Armstrong, Jr., 8 February 1808
1808-01-13 Madison/99-01-02-2560 To James Madison from John Armstrong, Jr., 13 January 1808
1807-12-27 Madison/99-01-02-2472 To James Madison from John Armstrong, Jr., 27 December 1807
1807-12-22 Madison/99-01-02-2453 To James Madison from John Armstrong, Jr., 22 December 1807
1807-12-01 Madison/99-01-02-2382 To James Madison from John Armstrong, Jr., 1 December 1807
1807-11-29 Madison/99-01-02-2370 To James Madison from John Armstrong, Jr., 29 November 1807
1807-11-18 Madison/99-01-02-2339 To James Madison from John Armstrong, Jr., 18 November 1807
1807-11-15 Madison/99-01-02-2332 To James Madison from John Armstrong, Jr., 15 November 1807
1807-11-12 Madison/99-01-02-2320 To James Madison from John Armstrong, Jr., 12 November 1807
1808-02-15 Madison/99-01-02-2703 To James Madison from John Armstrong, Jr., 15 February 1808
1808-02-17 Madison/99-01-02-2709 To James Madison from John Armstrong, Jr., 17 February 1808
1808-02-20 Madison/99-01-02-2728 To James Madison from John Armstrong, Jr., 20 February 1808
1808-02-22 Madison/99-01-02-2733 To James Madison from John Armstrong, Jr., 22 February 1808
1808-02-28 Madison/99-01-02-2758 To James Madison from John Armstrong, Jr., 28 February 1808
1808-02-29 Madison/99-01-02-2761 To James Madison from John Armstrong, Jr., 29 February 1808
1808-03-05 Madison/99-01-02-2780 To James Madison from John Armstrong, Jr., 5 March 1808
1808-03-05 Madison/99-01-02-2781 To James Madison from John Armstrong, Jr., 5 March 1808
1808-03-09 Madison/99-01-02-2798 To James Madison from John Armstrong, Jr., 9 March 1808
1808-03-15 Madison/99-01-02-2818 To James Madison from John Armstrong, Jr., 15 March 1808
1808-03-26 Madison/99-01-02-2871 To James Madison from John Armstrong, Jr., 26 March 1808
1808-04-05 Madison/99-01-02-2907 To James Madison from John Armstrong, Jr., 5 April 1808
1808-04-08 Madison/99-01-02-2918 To James Madison from John Armstrong, Jr., 8 April 1808
1808-04-12 Madison/99-01-02-2937 To James Madison from John Armstrong, Jr., 12 April 1808
1808-04-15 Madison/99-01-02-2947 To James Madison from John Armstrong, Jr., 15 April 1808
1808-04-18 Madison/99-01-02-2962 To James Madison from John Armstrong, Jr., 18 April 1808
1808-04-23 Madison/99-01-02-2988 To James Madison from John Armstrong, Jr., 23 April 1808
1808-04-25 Madison/99-01-02-2994 To James Madison from John Armstrong, Jr., 25 April 1808
1808-05-02 Madison/99-01-02-3029 From James Madison to John Armstrong, Jr., 2 May 1808
1808-05-14 Madison/99-01-02-3078 To James Madison from John Armstrong, Jr., 14 May 1808
1808-05-16 Madison/99-01-02-3088 To James Madison from John Armstrong, Jr., 16 May 1808
1808-05-31 Madison/99-01-02-3139 To James Madison from John Armstrong, Jr., 31 May 1808
1808-06-06 Madison/99-01-02-3164 To James Madison from John Armstrong, Jr., 6 June 1808
1808-06-25 Madison/99-01-02-3232 To James Madison from John Armstrong, Jr., 25 June 1808
