== anchor end v04:19
window: noladire?tnonysiiu?
17 forms; best cual fit 0 (1 agree, 1 disagree) at v04:19; ties 1; P 0.059; candidate: False
  cual	0	1/1	v04:19
  bien	-1	1/2	v04:19
  dicen	-1	1/2	v04:19
  cierto	-2	1/3	v04:19
  creo	-2	0/2	v04:19
  esta	-2	0/2	v04:19
  este	-2	0/2	v04:19
  pero	-2	0/2	v04:19
== anchor end v04:18
window: noladire?tnonysiiu
17 forms; best bien fit -2 (1 agree, 3 disagree) at v04:18; ties 1; P 0.059; candidate: False
  bien	-2	1/3	v04:18
  facil	-3	1/4	v04:18
  creo	-4	0/4	v04:18
  cual	-4	0/4	v04:18
  esta	-4	0/4	v04:18
  este	-4	0/4	v04:18
  pero	-4	0/4	v04:18
  todo	-4	0/4	v04:18
